2026-01-09 19:32:35.920 RedLemon[30955:285560] 🪟 Set initial window to expanded size: (0.0, 150.0, 1366.0, 593.0)
2026-01-09 19:32:35.920 RedLemon[30955:285560] ✅ Cache cleanup timer started (runs every 30 minutes)
2026-01-09 19:32:36.000 RedLemon[30955:285560] 🔄 Resetting playback state to prevent auto-selection...
2026-01-09 19:32:36.036 RedLemon[30955:285560] ✅ Playback state reset complete - starting in browse view
2026-01-09 19:32:36.036 RedLemon[30955:285560] 🔐 APP STARTUP: Loading stored user credentials...
2026-01-09 19:32:36.036 RedLemon[30955:285560] 🧪 Testing Profile: debug
2026-01-09 19:32:36.044 RedLemon[30955:285648] 📂 Loaded 5 credential(s) from cache
2026-01-09 19:32:36.051 RedLemon[30955:285560] ✅ Keychain: Found stored username: ursinho
2026-01-09 19:32:36.052 RedLemon[30955:285560] 🔍 Supabase: Looking up user 'ursinho' in database...
2026-01-09 19:32:36.052 RedLemon[30955:285648] 🔍 SupabaseClient: Looking up user by username 'ursinho'
2026-01-09 19:32:36.629 RedLemon[30955:285625] 📡 SupabaseClient: User lookup response received (399 bytes)
2026-01-09 19:32:36.639 RedLemon[30955:285625] ✅ SupabaseClient: Decoded 1 users from response
2026-01-09 19:32:36.640 RedLemon[30955:285625] 👤 SupabaseClient: Found user - ursinho (ID: 656DAA91-33B4-4688-9135-C982EA52D7C9)
2026-01-09 19:32:36.667 RedLemon[30955:285560] ✅ AUTH SUCCESS: User authenticated - ursinho (ID: 656DAA91-33B4-4688-9135-C982EA52D7C9)
2026-01-09 19:32:36.667 RedLemon[30955:285560] 🎯 AppState: currentUsername=ursinho, currentUserId=656DAA91-33B4-4688-9135-C982EA52D7C9
2026-01-09 19:32:39.518 RedLemon[30955:285560] 🏁 AUTH COMPLETE: Final state - username=ursinho, userId=656DAA91-33B4-4688-9135-C982EA52D7C9
2026-01-09 19:32:39.518 RedLemon[30955:285560] 🚀 RedLemon: Starting HTTP server...
2026-01-09 19:32:39.519 RedLemon[30955:285560] 📋 RedLemon: Current directory: /Users/danielnoble/Desktop/Redlemon
2026-01-09 19:32:39.535 RedLemon[30955:285560] ✅ RedLemon: HTTPServer instance created
2026-01-09 19:32:39.539 RedLemon[30955:285624] 📡 RedLemon: Server starting on port 47253...
⏲️ [EventsConfig] Starting polling fallback (every 60s)
🔌 Connecting to Supabase Realtime: wss://151.243.109.243.nip.io/realtime/v1/websocket
✅ Connected to Supabase Realtime
✅ Sparkle configured (manual only, no auto-checks)
   Appcast URL: https://raw.githubusercontent.com/orangeapple1272/Redlemon/main/appcast.xml
   Can check: false
📅 EventsView appeared
🎬 [EventsView] Fetching movie events from centralized config...
📡 [EventsConfig] Checking server for movie_events config version...
🔍 Memory pressure monitoring enabled (safe mode)
🔍 Silent update check (custom implementation)...
🖥️ CacheManager initialized with fixed conservative limits
   Image cache limit: 30 items
📡 Joined channel: realtime:events_config_updates
✅ [EventsConfig] Subscribed to realtime schedule updates
📨 Received: {"ref":"E52042BD-69ED-401F-A793-399E7EB6F278","event":"phx_reply","payload":{"status":"ok","response":{"postgres_changes":[{"id":53636278,"event":"INSERT","filter":"config_type=eq.movie_events","schema":"public","table":"events_config"}]}},"topic":"realtime:events_config_updates"}
📨 Received: {"ref":null,"event":"system","payload":{"message":"Subscribed to PostgreSQL","status":"ok","extension":"postgres_changes","channel":"events_config_updates"},"topic":"realtime:events_config_updates"}
📨 Received: {"ref":null,"event":"presence_state","payload":{},"topic":"realtime:events_config_updates"}
✅ [EventsConfig] Fetched movie_events version 1493 with 411 movies
✅ [EventsConfig] Using cached movie_events config (version 1493, 411 movies)
✅ [EventsView] Loaded 411 movies from config version 1493
🗓 AppState: Updated schedule epoch to 2026-01-07 16:47:45 +0000
⏰ AppState: Next schedule update set for Event End: 2026-01-10 02:28:45 +0000
⏰ AppState: Scheduling update in 6968 seconds
🖼️ [CACHE] Cached image data for key: https://images.metahub.space/background/medium/tt0114369/img (143272 bytes)
🔌 SocialService: Connecting to global presence...
🔌 Connecting to Supabase Realtime: wss://151.243.109.243.nip.io/realtime/v1/websocket
✅ Connected to Supabase Realtime
✅ SocialService: Presence connected
⏰ AppState: Next schedule update set for Event End: 2026-01-10 02:28:45 +0000
⏰ AppState: Scheduling update in 6967 seconds
⏰ AppState: Next schedule update set for Event End: 2026-01-10 02:28:45 +0000
⏰ AppState: Scheduling update in 6967 seconds
📡 Joined channel: realtime:global-presence
✅ SocialService: Connected to global presence
🔌 SocialService: Connecting to DM channel...
🔌 Connecting to Supabase Realtime: wss://151.243.109.243.nip.io/realtime/v1/websocket
✅ Connected to Supabase Realtime
✅ SocialService: DM channel connected
📨 Received: {"ref":"FAEAB976-709A-44CB-A69C-DD0EEB15AC9E","event":"phx_reply","payload":{"status":"ok","response":{"postgres_changes":[]}},"topic":"realtime:global-presence"}
📨 Received: {"ref":null,"event":"presence_state","payload":{"75775644-edbb-11f0-be10-9ee62e3b7bba":{"metas":[{"phx_ref":"GIk3T4ZrSTQ6AutB","phx_ref_prev":"GIk3Tbk_VmE6AuoB","is_premium":true,"last_seen":"2026-01-10T00:32:23.197Z","room_id":"TGME","started_at":"2026-01-10T00:32:15.459Z","status":"In Lobby: The Exorcist: Believer","user_id":"96e01cdb-36c0-4228-a6e4-a29a3c66bc8e","username":"lemontom","watching_id":"tt12921446","watching_title":"The Exorcist: Believer","watching_type":"movie"}]}},"topic":"realtime:global-presence"}
📨 Received: {"ref":"1","event":"phx_reply","payload":{"status":"ok","response":{}},"topic":"realtime:global-presence"}
📈 SocialService: User 96e01cdb-36c0-4228-a6e4-a29a3c66bc8e came online
📨 Received: {"ref":null,"event":"presence_diff","payload":{"joins":{"de352094-edbb-11f0-9364-9ee62e3b7bba":{"metas":[{"phx_ref":"GIk3Uy5QLS86Auzh","is_premium":true,"last_seen":"2026-01-10T00:32:38.900Z","status":"online","user_id":"656DAA91-33B4-4688-9135-C982EA52D7C9","username":"ursinho"}]}},"leaves":{}},"topic":"realtime:global-presence"}
📈 SocialService: User 656daa91-33b4-4688-9135-c982ea52d7c9 came online
📡 Joined channel: realtime:direct_messages
✅ SocialService: Connected to DM channel
📬 SocialService: Fetched 0 unread messages
📨 Received: {"ref":"7F63BE41-E36A-4228-8DD6-EF69246EC522","event":"phx_reply","payload":{"status":"ok","response":{"postgres_changes":[{"id":44215242,"event":"INSERT","filter":"receiver_id=eq.656daa91-33b4-4688-9135-c982ea52d7c9","schema":"public","table":"direct_messages"},{"id":13418599,"event":"INSERT","filter":"sender_id=eq.656daa91-33b4-4688-9135-c982ea52d7c9","schema":"public","table":"direct_messages"}]}},"topic":"realtime:direct_messages"}
🔄 SocialService: Syncing 50 items to cloud...
🔄 SocialService: Syncing 50 items to cloud (serial)...
✅ Token routes registered:
   POST /tokens/save
   POST /tokens/delete
   GET  /tokens/list
✅ Unlock routes registered:
   POST /api/streams/unlock
✅ Stream routes registered:
   POST /api/streams/resolve
   GET  /api/streams/resolveByQuality
   GET  /api/streams/resolveAll
✅ Proxy routes registered:
   GET /play/rd/:infoHash/:fileIdx
   GET /play/rd/:infoHash
✅ Subtitle routes registered:
   GET /subtitles/search?imdbId=&type=
   GET /subtitles/subdl/:encodedPath
✅ All routes registered
✅ HTTP Server configured on http://127.0.0.1:47253
🚀 Starting HTTP server...
✅ Providers initialized: torrentio, comet, zilean, mediafusion, debridsearch
📨 Received: {"ref":null,"event":"system","payload":{"message":"Subscribed to PostgreSQL","status":"ok","extension":"postgres_changes","channel":"direct_messages"},"topic":"realtime:direct_messages"}
📨 Received: {"ref":null,"event":"presence_state","payload":{},"topic":"realtime:direct_messages"}
[ NOTICE ] Server started on http://127.0.0.1:47253
2026-01-09 19:32:41.667 RedLemon[30955:285560] ✅ RedLemon: Server marked as ready
2026-01-09 19:32:41.712 RedLemon[30955:285560] ✅ RedLemon: Server should be running on http://127.0.0.1:47253
2026-01-09 19:32:41.712 RedLemon[30955:285560] 🔍 Performing startup checks...
2026-01-09 19:32:41.712 RedLemon[30955:285560] ✅ Username-based authentication ready
2026-01-09 19:32:42.633 RedLemon[30955:285560] 🔍 Performing startup checks...
2026-01-09 19:32:42.633 RedLemon[30955:285560] ✅ Username-based authentication ready
2026-01-09 19:32:43.046 RedLemon[30955:285560] 🔄 Checking for app updates...
✅ HTTP server running on http://127.0.0.1:47253

🔗 Available endpoints:
   http://127.0.0.1:47253/health
   http://127.0.0.1:47253/status
   http://127.0.0.1:47253/api/health

💰 LicenseManager: Starting hybrid subscription check...
💰 Check Payment Response: {"success":false,"message":"No active payment found"}
👤 LicenseManager: Profile expiry: Optional(2026-02-08 05:38:35 +0000)
🎉 Subscription updated! Expires: 2026-02-08 05:38:35 +0000
💰 LicenseManager: Starting hybrid subscription check...
💰 Check Payment Response: {"success":false,"message":"No active payment found"}
👤 LicenseManager: Profile expiry: Optional(2026-02-08 05:38:35 +0000)
🎉 Subscription updated! Expires: 2026-02-08 05:38:35 +0000
🔍 Manual update check requested...
⏰ TimeService: Synchronizing clock with server...
📨 Received: {"ref":null,"event":"presence_diff","payload":{"joins":{"75775644-edbb-11f0-be10-9ee62e3b7bba":{"metas":[{"phx_ref":"GIk3VC0V3Kk6Au5h","phx_ref_prev":"GIk3T4ZrSTQ6AutB","is_premium":true,"last_seen":"2026-01-10T00:32:43.172Z","room_id":"TGME","started_at":"2026-01-10T00:32:15.459Z","status":"In Lobby: The Exorcist: Believer","user_id":"96e01cdb-36c0-4228-a6e4-a29a3c66bc8e","username":"lemontom","watching_id":"tt12921446","watching_title":"The Exorcist: Believer","watching_type":"movie"}]}},"leaves":{"75775644-edbb-11f0-be10-9ee62e3b7bba":{"metas":[{"phx_ref":"GIk3T4ZrSTQ6AutB","phx_ref_prev":"GIk3Tbk_VmE6AuoB","is_premium":true,"last_seen":"2026-01-10T00:32:23.197Z","room_id":"TGME","started_at":"2026-01-10T00:32:15.459Z","status":"In Lobby: The Exorcist: Believer","user_id":"96e01cdb-36c0-4228-a6e4-a29a3c66bc8e","username":"lemontom","watching_id":"tt12921446","watching_title":"The Exorcist: Believer","watching_type":"movie"}]}}},"topic":"realtime:global-presence"}
✅ TimeService: Synced! Offset: 0.158s (RTT: 353ms)
   Local:  2026-01-10 00:32:43 +0000
   Server: 2026-01-10 00:32:43 +0000
⏰ Time synced with server! AppState should automatically recalculate.
🔌 RoomListView: Setting up realtime subscription for rooms...
📋 Fetching rooms from Supabase backend (offset: 0, limit: 20, search: '')...
📋 Fetching rooms from Supabase backend (offset: 0, limit: 20, search: '')...
🔌 Connecting to Supabase Realtime: wss://151.243.109.243.nip.io/realtime/v1/websocket
✅ Connected to Supabase Realtime
[ INFO ] GET /api/metadata/meta/movie/tt12921446 [request-id: 85D7740A-2A50-4FD6-8FF0-A2D9A5893D8C]
[ INFO ] GET /api/metadata/meta/movie/tt12921446 [request-id: BD2BBCEA-D815-4D9B-B86F-469D5AD61342]
2026-01-09 19:32:45.140 RedLemon[30955:285648] 📦 Decoded CinemetaMeta - videos count: -1
2026-01-09 19:32:45.141 RedLemon[30955:285647] 📦 Decoded CinemetaMeta - videos count: -1
📡 Joined channel: realtime:rooms_updates
✅ RoomListView: Connected to rooms realtime updates
💾 Cache SET: Metadata[meta_movie_tt12921446]
✅ Loaded 1 rooms (total: 1)
💾 Cache SET: Metadata[meta_movie_tt12921446]
📨 Received: {"ref":"453F1CFC-1B9E-4EE0-83F4-AE3C4939EB06","event":"phx_reply","payload":{"status":"ok","response":{"postgres_changes":[{"id":60402389,"event":"*","schema":"public","table":"rooms"}]}},"topic":"realtime:rooms_updates"}
📨 Received: {"ref":null,"event":"system","payload":{"message":"Subscribed to PostgreSQL","status":"ok","extension":"postgres_changes","channel":"rooms_updates"},"topic":"realtime:rooms_updates"}
📨 Received: {"ref":null,"event":"presence_state","payload":{},"topic":"realtime:rooms_updates"}
✅ Loaded 1 rooms (total: 1)
🖼️ [CACHE] Cached image data for key: https://images.metahub.space/background/medium/tt12921446/img (746448 bytes)
📨 Received: {"ref":null,"event":"postgres_changes","payload":{"data":{"table":"rooms","type":"UPDATE","record":{"id": "TGME", "name": "The Exorcist: Believer", "season": null, "episode": null, "imdb_id": "tt12921446", "playlist": [{"id": "A0311F65-9F51-44F1-AD28-C9D6B9358573", "mediaItem": {"id": "tt12921446", "name": "The Exorcist: Believer", "type": "movie", "poster": "https://images.metahub.space/poster/small/tt12921446/img", "background": "https://images.metahub.space/background/medium/tt12921446/img"}}, {"id": "B60C2DC9-2782-4A97-A7AE-B7C086AD6750", "mediaItem": {"id": "tt1591095", "name": "Insidious", "type": "movie", "poster": "https://m.media-amazon.com/images/M/MV5BMTYyOTAxMDA0OF5BMl5BanBnXkFtZTcwNzgwNTc1NA@@._V1_SX250.jpg"}}], "is_public": true, "created_at": "2026-01-10T00:32:14.938672", "is_playing": false, "poster_url": "https://images.metahub.space/poster/small/tt12921446/img", "description": null, "stream_hash": null, "backdrop_url": "https://images.metahub.space/background/medium/tt12921446/img", "host_user_id": "96e01cdb-36c0-4228-a6e4-a29a3c66bc8e", "subtitle_url": null, "host_username": "lemontom", "last_activity": "2026-01-10T00:32:46.442587", "max_participants": 50, "selected_quality": null, "playback_position": 0, "selected_file_idx": null, "participants_count": 1, "unlocked_stream_url": null, "current_playlist_index": 0},"columns":[{"name": "id", "type": "text"}, {"name": "name", "type": "text"}, {"name": "host_user_id", "type": "uuid"}, {"name": "host_username", "type": "text"}, {"name": "stream_hash", "type": "text"}, {"name": "imdb_id", "type": "text"}, {"name": "poster_url", "type": "text"}, {"name": "backdrop_url", "type": "text"}, {"name": "playback_position", "type": "int4"}, {"name": "is_playing", "type": "bool"}, {"name": "participants_count", "type": "int4"}, {"name": "max_participants", "type": "int4"}, {"name": "is_public", "type": "bool"}, {"name": "created_at", "type": "timestamp"}, {"name": "last_activity", "type": "timestamp"}, {"name": "season", "type": "int4"}, {"name": "episode", "type": "int4"}, {"name": "selected_quality", "type": "text"}, {"name": "selected_file_idx", "type": "int4"}, {"name": "unlocked_stream_url", "type": "text"}, {"name": "description", "type": "text"}, {"name": "current_playlist_index", "type": "int4"}, {"name": "playlist", "type": "jsonb"}, {"name": "subtitle_url", "type": "text"}],"errors":null,"schema":"public","commit_timestamp":"2026-01-10T00:32:46.444Z","old_record":{"id": "TGME"}},"ids":[60402389]},"topic":"realtime:rooms_updates"}
⏰ AppState: Next schedule update set for Event End: 2026-01-10 02:28:45 +0000
⏰ AppState: Scheduling update in 6957 seconds
🚪 Joining room: TGME
   User ID: 656DAA91-33B4-4688-9135-C982EA52D7C9
   Host ID: 96E01CDB-36C0-4228-A6E4-A29A3C66BC8E
   Is host: false
   Room state: paused
🎭 Lobby: Connecting to room TGME...
🚦 Lobby State: connecting
🔄 Lobby: Fetching fresh room state from Supabase...
🔌 Disconnecting from Supabase Realtime
✅ Disconnected from Supabase Realtime
🔌 Setting up Realtime channel: watch-party:TGME
   Role: Guest
   User ID: 656daa91-33b4-4688-9135-c982ea52d7c9
❌ Heartbeat failed: CancellationError()
📡 SocialService: Updated status - In Lobby: The Exorcist: Believer: The Exorcist: Believer
[ INFO ] GET /api/metadata/meta/movie/tt12921446 [request-id: 5EA12EE1-339D-485C-B296-336784F5302E]
2026-01-09 19:32:53.860 RedLemon[30955:285560] ✅ Guest joined room TGME in database
2026-01-09 19:32:53.979 RedLemon[30955:285560] 📨 Lobby: Received Room UPDATE from Realtime
2026-01-09 19:32:53.980 RedLemon[30955:285560] 📨 Lobby: Received Room UPDATE from Realtime
2026-01-09 19:32:54.127 RedLemon[30955:285628] 📤 Realtime: Sending message type: chat, sender: 656daa91-33b4-4688-9135-c982ea52d7c9
2026-01-09 19:32:54.128 RedLemon[30955:285628]    Payload keys: chatText, chatUsername, senderId, type, timestamp, position
2026-01-09 19:32:54.128 RedLemon[30955:285816] ✅ Realtime: Message broadcast complete
2026-01-09 19:32:54.129 RedLemon[30955:285816] 🔐 SupabaseClient: Signing Identity Payload: '1768005174656daa91-33b4-4688-9135-c982ea52d7c9/rpc/room_heartbeat'
2026-01-09 19:32:54.130 RedLemon[30955:285816] 🔐 Signed request to /rpc/room_heartbeat
2026-01-09 19:32:54.257 RedLemon[30955:285815] 📨 Realtime: Received broadcast message
2026-01-09 19:32:54.257 RedLemon[30955:285815]    Payload keys: senderId, type, chatText, chatUsername, position, timestamp
2026-01-09 19:32:54.258 RedLemon[30955:285815] ✅ Realtime: Decoded message type: chat, sender: 656daa91-33b4-4688-9135-c982ea52d7c9
2026-01-09 19:32:54.258 RedLemon[30955:285815] 📞 Realtime: Invoking syncCallback for message type: chat
2026-01-09 19:32:54.258 RedLemon[30955:285815] ✅ Realtime: syncCallback invoked successfully
2026-01-09 19:32:54.273 RedLemon[30955:285560] 👋 Received: Guest 'ursinho' joined room TGME
2026-01-09 19:32:54.335 RedLemon[30955:285560] 🛡️ Ignoring stale LEAVE for ursinho (Ref mismatch: Old=656daa91-33b4-4688-9135-c982ea52d7c9, New=GIk3VrewSwrpQPBB)
2026-01-09 19:32:54.340 RedLemon[30955:285560] 🛡️ Ignoring stale LEAVE for ursinho (Ref mismatch: Old=656daa91-33b4-4688-9135-c982ea52d7c9, New=GIk3VrewSwrpQPBB)
2026-01-09 19:32:54.536 RedLemon[30955:285560] 📨 Lobby: Received Room UPDATE from Realtime
2026-01-09 19:32:54.536 RedLemon[30955:285560] 📨 Lobby: Received Room UPDATE from Realtime
2026-01-09 19:32:57.583 RedLemon[30955:285628] 📨 Realtime: Received broadcast message
2026-01-09 19:32:57.583 RedLemon[30955:285628]    Payload keys: timestamp, isPremium, chatUsername, chatText, position, type, senderId
2026-01-09 19:32:57.583 RedLemon[30955:285628] ✅ Realtime: Decoded message type: chat, sender: 96e01cdb-36c0-4228-a6e4-a29a3c66bc8e
2026-01-09 19:32:57.584 RedLemon[30955:285628] 📞 Realtime: Invoking syncCallback for message type: chat
2026-01-09 19:32:57.584 RedLemon[30955:285628] ✅ Realtime: syncCallback invoked successfully
2026-01-09 19:33:07.792 RedLemon[30955:285648] 📤 Realtime: Sending message type: chat, sender: 656daa91-33b4-4688-9135-c982ea52d7c9
2026-01-09 19:33:07.792 RedLemon[30955:285648]    Payload keys: position, type, chatUsername, timestamp, isPremium, senderId, chatText
2026-01-09 19:33:07.793 RedLemon[30955:285648] ✅ Realtime: Message broadcast complete
2026-01-09 19:33:07.793 RedLemon[30955:285560] 📡 ChatManager: Chat message sent via Realtime
2026-01-09 19:33:07.927 RedLemon[30955:285816] 📨 Realtime: Received broadcast message
2026-01-09 19:33:07.927 RedLemon[30955:285816]    Payload keys: senderId, chatUsername, isPremium, timestamp, position, chatText, type
2026-01-09 19:33:07.928 RedLemon[30955:285816] ✅ Realtime: Decoded message type: chat, sender: 656daa91-33b4-4688-9135-c982ea52d7c9
2026-01-09 19:33:07.928 RedLemon[30955:285816] 📞 Realtime: Invoking syncCallback for message type: chat
2026-01-09 19:33:07.928 RedLemon[30955:285816] ✅ Realtime: syncCallback invoked successfully
📡 Connection state: connecting
📡 Joined channel: realtime:watch-party:TGME
📡 Connection state: connected
✅ Realtime channel setup complete
✅ Lobby: Connected to Realtime
🔍 [DEBUG] Creating MediaItem from CinemetaMeta
🔍 [DEBUG] meta.itemId: tt12921446
🔍 [DEBUG] meta.type: movie
🔍 [DEBUG] meta.name: The Exorcist: Believer
🔍 [DEBUG] Successfully created MediaItem from meta: The Exorcist: Believer
✅ Lobby: Loaded metadata for The Exorcist: Believer
📨 Received: {"ref":"2","event":"phx_reply","payload":{"status":"ok","response":{}},"topic":"realtime:global-presence"}
📨 Received: {"ref":null,"event":"presence_diff","payload":{"joins":{"de352094-edbb-11f0-9364-9ee62e3b7bba":{"metas":[{"phx_ref":"GIk3VpkC0Kk6AvAh","phx_ref_prev":"GIk3Uy5QLS86Auzh","is_premium":true,"last_seen":"2026-01-10T00:32:53.574Z","room_id":"TGME","started_at":"2026-01-10T00:32:53.574Z","status":"In Lobby: The Exorcist: Believer","user_id":"656daa91-33b4-4688-9135-c982ea52d7c9","username":"ursinho","watching_id":"tt12921446","watching_title":"The Exorcist: Believer","watching_type":"movie"}]}},"leaves":{"de352094-edbb-11f0-9364-9ee62e3b7bba":{"metas":[{"phx_ref":"GIk3Uy5QLS86Auzh","is_premium":true,"last_seen":"2026-01-10T00:32:38.900Z","status":"online","user_id":"656DAA91-33B4-4688-9135-C982EA52D7C9","username":"ursinho"}]}}},"topic":"realtime:global-presence"}
📨 Received: {"ref":"572DFCA3-FC3D-45DF-8221-0DC035E4BF9E","event":"phx_reply","payload":{"status":"ok","response":{"postgres_changes":[{"id":49268179,"event":"*","filter":"id=eq.TGME","schema":"public","table":"rooms"}]}},"topic":"realtime:watch-party:TGME"}
✅ Lobby: Synced playlist with 2 items
✅ Lobby: Synced playlist index to 0
✅ Lobby: Synced CLEAN stream info, metadata & playlist to AppState
📨 Received: {"ref":null,"event":"system","payload":{"message":"Subscribed to PostgreSQL","status":"ok","extension":"postgres_changes","channel":"watch-party:TGME"},"topic":"realtime:watch-party:TGME"}
📨 Received: {"ref":null,"event":"presence_state","payload":{"d03e1ec8-edbb-11f0-9359-9ee62e3b7bba":{"metas":[{"phx_ref":"GIk3TclX_czpQOrh","phx_ref_prev":"GIk3TbuiufrpQHQC","is_host":true,"joined_at":1768005135.726523,"user_id":"96e01cdb-36c0-4228-a6e4-a29a3c66bc8e","username":"lemontom"}]}},"topic":"realtime:watch-party:TGME"}
📨 Received: {"ref":"1","event":"phx_reply","payload":{"status":"ok","response":{}},"topic":"realtime:watch-party:TGME"}
📨 Received: {"ref":null,"event":"presence_diff","payload":{"joins":{"e6f4f5a6-edbb-11f0-9d4b-9ee62e3b7bba":{"metas":[{"phx_ref":"GIk3VpqdcCnpQHbC","is_host":false,"joined_at":1768005173.5803108,"user_id":"656daa91-33b4-4688-9135-c982ea52d7c9","username":"ursinho"}]}},"leaves":{}},"topic":"realtime:watch-party:TGME"}
📨 Received: {"ref":null,"event":"postgres_changes","payload":{"data":{"table":"rooms","type":"UPDATE","record":{"id": "TGME", "name": "The Exorcist: Believer", "season": null, "episode": null, "imdb_id": "tt12921446", "playlist": [{"id": "A0311F65-9F51-44F1-AD28-C9D6B9358573", "mediaItem": {"id": "tt12921446", "name": "The Exorcist: Believer", "type": "movie", "poster": "https://images.metahub.space/poster/small/tt12921446/img", "background": "https://images.metahub.space/background/medium/tt12921446/img"}}, {"id": "B60C2DC9-2782-4A97-A7AE-B7C086AD6750", "mediaItem": {"id": "tt1591095", "name": "Insidious", "type": "movie", "poster": "https://m.media-amazon.com/images/M/MV5BMTYyOTAxMDA0OF5BMl5BanBnXkFtZTcwNzgwNTc1NA@@._V1_SX250.jpg"}}], "is_public": true, "created_at": "2026-01-10T00:32:14.938672", "is_playing": false, "poster_url": "https://images.metahub.space/poster/small/tt12921446/img", "description": null, "stream_hash": null, "backdrop_url": "https://images.metahub.space/background/medium/tt12921446/img", "host_user_id": "96e01cdb-36c0-4228-a6e4-a29a3c66bc8e", "subtitle_url": null, "host_username": "lemontom", "last_activity": "2026-01-10T00:32:46.442587", "max_participants": 50, "selected_quality": null, "playback_position": 0, "selected_file_idx": null, "participants_count": 2, "unlocked_stream_url": null, "current_playlist_index": 0},"columns":[{"name": "id", "type": "text"}, {"name": "name", "type": "text"}, {"name": "host_user_id", "type": "uuid"}, {"name": "host_username", "type": "text"}, {"name": "stream_hash", "type": "text"}, {"name": "imdb_id", "type": "text"}, {"name": "poster_url", "type": "text"}, {"name": "backdrop_url", "type": "text"}, {"name": "playback_position", "type": "int4"}, {"name": "is_playing", "type": "bool"}, {"name": "participants_count", "type": "int4"}, {"name": "max_participants", "type": "int4"}, {"name": "is_public", "type": "bool"}, {"name": "created_at", "type": "timestamp"}, {"name": "last_activity", "type": "timestamp"}, {"name": "season", "type": "int4"}, {"name": "episode", "type": "int4"}, {"name": "selected_quality", "type": "text"}, {"name": "selected_file_idx", "type": "int4"}, {"name": "unlocked_stream_url", "type": "text"}, {"name": "description", "type": "text"}, {"name": "current_playlist_index", "type": "int4"}, {"name": "playlist", "type": "jsonb"}, {"name": "subtitle_url", "type": "text"}],"errors":null,"schema":"public","commit_timestamp":"2026-01-10T00:32:53.921Z","old_record":{"id": "TGME"}},"ids":[49268179]},"topic":"realtime:watch-party:TGME"}
📨 Received: {"ref":null,"event":"postgres_changes","payload":{"data":{"table":"rooms","type":"UPDATE","record":{"id": "TGME", "name": "The Exorcist: Believer", "season": null, "episode": null, "imdb_id": "tt12921446", "playlist": [{"id": "A0311F65-9F51-44F1-AD28-C9D6B9358573", "mediaItem": {"id": "tt12921446", "name": "The Exorcist: Believer", "type": "movie", "poster": "https://images.metahub.space/poster/small/tt12921446/img", "background": "https://images.metahub.space/background/medium/tt12921446/img"}}, {"id": "B60C2DC9-2782-4A97-A7AE-B7C086AD6750", "mediaItem": {"id": "tt1591095", "name": "Insidious", "type": "movie", "poster": "https://m.media-amazon.com/images/M/MV5BMTYyOTAxMDA0OF5BMl5BanBnXkFtZTcwNzgwNTc1NA@@._V1_SX250.jpg"}}], "is_public": true, "created_at": "2026-01-10T00:32:14.938672", "is_playing": false, "poster_url": "https://images.metahub.space/poster/small/tt12921446/img", "description": null, "stream_hash": null, "backdrop_url": "https://images.metahub.space/background/medium/tt12921446/img", "host_user_id": "96e01cdb-36c0-4228-a6e4-a29a3c66bc8e", "subtitle_url": null, "host_username": "lemontom", "last_activity": "2026-01-10T00:32:46.442587", "max_participants": 50, "selected_quality": null, "playback_position": 0, "selected_file_idx": null, "participants_count": 2, "unlocked_stream_url": null, "current_playlist_index": 0},"columns":[{"name": "id", "type": "text"}, {"name": "name", "type": "text"}, {"name": "host_user_id", "type": "uuid"}, {"name": "host_username", "type": "text"}, {"name": "stream_hash", "type": "text"}, {"name": "imdb_id", "type": "text"}, {"name": "poster_url", "type": "text"}, {"name": "backdrop_url", "type": "text"}, {"name": "playback_position", "type": "int4"}, {"name": "is_playing", "type": "bool"}, {"name": "participants_count", "type": "int4"}, {"name": "max_participants", "type": "int4"}, {"name": "is_public", "type": "bool"}, {"name": "created_at", "type": "timestamp"}, {"name": "last_activity", "type": "timestamp"}, {"name": "season", "type": "int4"}, {"name": "episode", "type": "int4"}, {"name": "selected_quality", "type": "text"}, {"name": "selected_file_idx", "type": "int4"}, {"name": "unlocked_stream_url", "type": "text"}, {"name": "description", "type": "text"}, {"name": "current_playlist_index", "type": "int4"}, {"name": "playlist", "type": "jsonb"}, {"name": "subtitle_url", "type": "text"}],"errors":null,"schema":"public","commit_timestamp":"2026-01-10T00:32:53.921Z","old_record":{"id": "TGME"}},"ids":[49268179]},"topic":"realtime:watch-party:TGME"}
🔄 Lobby: Fetching fresh room state from Supabase...
🔄 Lobby: Fetching fresh room state from Supabase...
✅ Lobby: Refreshed room state. isPlaying: false
🛡️ Lobby: Ensuring local media state is fresh before auto-start check...
🔌 Setting up Realtime channel: watch-party:TGME
   Role: Guest
   User ID: 656daa91-33b4-4688-9135-c982ea52d7c9
📡 Connection state: connecting
ℹ️ Already joined channel watch-party:TGME, skipping join
📡 Connection state: connected
✅ Realtime channel setup complete
✅ Lobby: Connected to Realtime
🚦 Lobby State: connected
🔄 Lobby: Starting database polling for participants and room state...
💓 Lobby: Starting heartbeat loop...
🔄 LobbyDatabase: Starting room state polling for guests...
📨 Received: {"ref":"2","event":"phx_reply","payload":{"status":"ok","response":{}},"topic":"realtime:watch-party:TGME"}
📨 Received: {"ref":null,"event":"presence_diff","payload":{"joins":{"e6f4f5a6-edbb-11f0-9d4b-9ee62e3b7bba":{"metas":[{"phx_ref":"GIk3VrewSwrpQPBB","phx_ref_prev":"GIk3VpqdcCnpQHbC","is_host":false,"joined_at":1768005174.093076,"user_id":"656daa91-33b4-4688-9135-c982ea52d7c9","username":"ursinho"}]}},"leaves":{"e6f4f5a6-edbb-11f0-9d4b-9ee62e3b7bba":{"metas":[{"phx_ref":"GIk3VpqdcCnpQHbC","is_host":false,"joined_at":1768005173.5803108,"user_id":"656daa91-33b4-4688-9135-c982ea52d7c9","username":"ursinho"}]}}},"topic":"realtime:watch-party:TGME"}
✅ Lobby: Synced playlist with 2 items
✅ Lobby: Synced playlist index to 0
✅ Lobby: Synced CLEAN stream info, metadata & playlist to AppState
✅ Lobby: Synced playlist with 2 items
✅ Lobby: Synced playlist index to 0
✅ Lobby: Synced CLEAN stream info, metadata & playlist to AppState
📨 Received: {"ref":null,"event":"broadcast","payload":{"event":"sync","payload":{"chatText":"LOBBY_JOIN","chatUsername":"ursinho","position":0,"senderId":"656daa91-33b4-4688-9135-c982ea52d7c9","timestamp":0,"type":"chat"},"type":"broadcast"},"topic":"realtime:watch-party:TGME"}
📨 Received: {"ref":null,"event":"postgres_changes","payload":{"data":{"table":"rooms","type":"UPDATE","record":{"id": "TGME", "name": "The Exorcist: Believer", "season": null, "episode": null, "imdb_id": "tt12921446", "playlist": [{"id": "A0311F65-9F51-44F1-AD28-C9D6B9358573", "mediaItem": {"id": "tt12921446", "name": "The Exorcist: Believer", "type": "movie", "poster": "https://images.metahub.space/poster/small/tt12921446/img", "background": "https://images.metahub.space/background/medium/tt12921446/img"}}, {"id": "B60C2DC9-2782-4A97-A7AE-B7C086AD6750", "mediaItem": {"id": "tt1591095", "name": "Insidious", "type": "movie", "poster": "https://m.media-amazon.com/images/M/MV5BMTYyOTAxMDA0OF5BMl5BanBnXkFtZTcwNzgwNTc1NA@@._V1_SX250.jpg"}}], "is_public": true, "created_at": "2026-01-10T00:32:14.938672", "is_playing": false, "poster_url": "https://images.metahub.space/poster/small/tt12921446/img", "description": null, "stream_hash": null, "backdrop_url": "https://images.metahub.space/background/medium/tt12921446/img", "host_user_id": "96e01cdb-36c0-4228-a6e4-a29a3c66bc8e", "subtitle_url": null, "host_username": "lemontom", "last_activity": "2026-01-10T00:32:54.435261", "max_participants": 50, "selected_quality": null, "playback_position": 0, "selected_file_idx": null, "participants_count": 2, "unlocked_stream_url": null, "current_playlist_index": 0},"columns":[{"name": "id", "type": "text"}, {"name": "name", "type": "text"}, {"name": "host_user_id", "type": "uuid"}, {"name": "host_username", "type": "text"}, {"name": "stream_hash", "type": "text"}, {"name": "imdb_id", "type": "text"}, {"name": "poster_url", "type": "text"}, {"name": "backdrop_url", "type": "text"}, {"name": "playback_position", "type": "int4"}, {"name": "is_playing", "type": "bool"}, {"name": "participants_count", "type": "int4"}, {"name": "max_participants", "type": "int4"}, {"name": "is_public", "type": "bool"}, {"name": "created_at", "type": "timestamp"}, {"name": "last_activity", "type": "timestamp"}, {"name": "season", "type": "int4"}, {"name": "episode", "type": "int4"}, {"name": "selected_quality", "type": "text"}, {"name": "selected_file_idx", "type": "int4"}, {"name": "unlocked_stream_url", "type": "text"}, {"name": "description", "type": "text"}, {"name": "current_playlist_index", "type": "int4"}, {"name": "playlist", "type": "jsonb"}, {"name": "subtitle_url", "type": "text"}],"errors":null,"schema":"public","commit_timestamp":"2026-01-10T00:32:54.444Z","old_record":{"id": "TGME"}},"ids":[49268179]},"topic":"realtime:watch-party:TGME"}
🔄 Lobby: Fetching fresh room state from Supabase...
🔄 Lobby: Fetching fresh room state from Supabase...
✅ Lobby: Synced playlist with 2 items
✅ Lobby: Synced playlist index to 0
✅ Lobby: Synced CLEAN stream info, metadata & playlist to AppState
✅ Lobby: Synced playlist with 2 items
✅ Lobby: Synced playlist index to 0
✅ Lobby: Synced CLEAN stream info, metadata & playlist to AppState
📨 Received: {"ref":null,"event":"broadcast","payload":{"event":"sync","payload":{"chatText":"hey","chatUsername":"lemontom","isPremium":true,"position":0,"senderId":"96e01cdb-36c0-4228-a6e4-a29a3c66bc8e","timestamp":1768005177.424738,"type":"chat"},"type":"broadcast"},"topic":"realtime:watch-party:TGME"}
⏰ AppState: Next schedule update set for Event End: 2026-01-10 02:28:45 +0000
⏰ AppState: Scheduling update in 6948 seconds
📨 Received: {"ref":"3","event":"phx_reply","payload":{"status":"ok","response":{}},"topic":"realtime:global-presence"}
📨 Received: {"ref":null,"event":"presence_diff","payload":{"joins":{"de352094-edbb-11f0-9364-9ee62e3b7bba":{"metas":[{"phx_ref":"GIk3V9ZyYvs6Andi","phx_ref_prev":"GIk3VpkC0Kk6AvAh","is_premium":true,"last_seen":"2026-01-10T00:32:58.904Z","room_id":"TGME","started_at":"2026-01-10T00:32:53.574Z","status":"In Lobby: The Exorcist: Believer","user_id":"656daa91-33b4-4688-9135-c982ea52d7c9","username":"ursinho","watching_id":"tt12921446","watching_title":"The Exorcist: Believer","watching_type":"movie"}]}},"leaves":{"de352094-edbb-11f0-9364-9ee62e3b7bba":{"metas":[{"phx_ref":"GIk3VpkC0Kk6AvAh","phx_ref_prev":"GIk3Uy5QLS86Auzh","is_premium":true,"last_seen":"2026-01-10T00:32:53.574Z","room_id":"TGME","started_at":"2026-01-10T00:32:53.574Z","status":"In Lobby: The Exorcist: Believer","user_id":"656daa91-33b4-4688-9135-c982ea52d7c9","username":"ursinho","watching_id":"tt12921446","watching_title":"The Exorcist: Believer","watching_type":"movie"}]}}},"topic":"realtime:global-presence"}
🛡️ Lobby: Auto-Join safety delay passed (8s). Enabled for late joiners.
📨 Received: {"ref":null,"event":"presence_diff","payload":{"joins":{"75775644-edbb-11f0-be10-9ee62e3b7bba":{"metas":[{"phx_ref":"GIk3WNWFIfs6AvCh","phx_ref_prev":"GIk3VC0V3Kk6Au5h","is_premium":true,"last_seen":"2026-01-10T00:33:03.172Z","room_id":"TGME","started_at":"2026-01-10T00:32:15.459Z","status":"In Lobby: The Exorcist: Believer","user_id":"96e01cdb-36c0-4228-a6e4-a29a3c66bc8e","username":"lemontom","watching_id":"tt12921446","watching_title":"The Exorcist: Believer","watching_type":"movie"}]}},"leaves":{"75775644-edbb-11f0-be10-9ee62e3b7bba":{"metas":[{"phx_ref":"GIk3VC0V3Kk6Au5h","phx_ref_prev":"GIk3T4ZrSTQ6AutB","is_premium":true,"last_seen":"2026-01-10T00:32:43.172Z","room_id":"TGME","started_at":"2026-01-10T00:32:15.459Z","status":"In Lobby: The Exorcist: Believer","user_id":"96e01cdb-36c0-4228-a6e4-a29a3c66bc8e","username":"lemontom","watching_id":"tt12921446","watching_title":"The Exorcist: Believer","watching_type":"movie"}]}}},"topic":"realtime:global-presence"}
💓 Heartbeat sent
📨 Received: {"ref":"4","event":"phx_reply","payload":{"status":"ok","response":{}},"topic":"phoenix"}
📨 Received: {"ref":null,"event":"broadcast","payload":{"event":"sync","payload":{"chatText":"hey","chatUsername":"ursinho","isPremium":true,"position":0,"senderId":"656daa91-33b4-4688-9135-c982ea52d7c9","timestamp":1768005187.7713661,"type":"chat"},"type":"broadcast"},"topic":"realtime:watch-party:TGME"}
⏰ AppState: Next schedule update set for Event End: 2026-01-10 02:28:45 +0000
⏰ AppState: Scheduling update in 6937 seconds
💓 Heartbeat sent
💓 Heartbeat sent
📨 Received: {"ref":"4","event":"phx_reply","payload":{"status":"ok","response":{}},"topic":"phoenix"}
📨 Received: {"ref":"1","event":"phx_reply","payload":{"status":"ok","response":{}},"topic":"phoenix"}
