2026-01-18 20:17:23.494 RedLemon[44200:309215] 🪟 Set initial window to expanded size: (0.0, 148.0, 1366.0, 595.0)
2026-01-18 20:17:23.494 RedLemon[44200:309215] ✅ Cache cleanup timer started (runs every 30 minutes)
2026-01-18 20:17:23.596 RedLemon[44200:309215] 🔄 Resetting playback state to prevent auto-selection...
2026-01-18 20:17:23.600 RedLemon[44200:309215] ⚠️ PlayerVM: currentWatchPartyRoom set to NIL. Stack Trace unavailable, but check recent logs.
2026-01-18 20:17:23.637 RedLemon[44200:309215] ✅ Playback state reset complete - starting in browse view
2026-01-18 20:17:23.637 RedLemon[44200:309215] 🔐 APP STARTUP: Loading stored user credentials...
2026-01-18 20:17:23.637 RedLemon[44200:309215] 🧪 Testing Profile: debug
2026-01-18 20:17:23.638 RedLemon[44200:309266] 📂 Loaded 5 credential(s) from cache
2026-01-18 20:17:23.682 RedLemon[44200:309215] ✅ Keychain: Found stored username: ursinho
2026-01-18 20:17:23.683 RedLemon[44200:309215] 🔍 Supabase: Looking up user 'ursinho' in database...
2026-01-18 20:17:23.684 RedLemon[44200:309261] 🔍 SupabaseClient: Looking up user by username 'ursinho'
2026-01-18 20:17:24.233 RedLemon[44200:309266] 📡 SupabaseClient: User lookup response received (399 bytes)
2026-01-18 20:17:24.259 RedLemon[44200:309266] ✅ SupabaseClient: Decoded 1 users from response
2026-01-18 20:17:24.259 RedLemon[44200:309266] 👤 SupabaseClient: Found user - ursinho (ID: 656DAA91-33B4-4688-9135-C982EA52D7C9)
2026-01-18 20:17:24.285 RedLemon[44200:309215] ✅ AUTH SUCCESS: User authenticated - ursinho (ID: 656DAA91-33B4-4688-9135-C982EA52D7C9)
2026-01-18 20:17:24.285 RedLemon[44200:309215] 🎯 AppState: currentUsername=ursinho, currentUserId=656DAA91-33B4-4688-9135-C982EA52D7C9
2026-01-18 20:17:26.861 RedLemon[44200:309215] 🏁 AUTH COMPLETE: Final state - username=ursinho, userId=656DAA91-33B4-4688-9135-C982EA52D7C9
2026-01-18 20:17:26.864 RedLemon[44200:309215] 🚀 RedLemon: Starting HTTP server...
2026-01-18 20:17:26.865 RedLemon[44200:309215] 📋 RedLemon: Current directory: /Users/danielnoble/Desktop/Redlemon
2026-01-18 20:17:26.888 RedLemon[44200:309215] ✅ RedLemon: HTTPServer instance created
2026-01-18 20:17:26.888 RedLemon[44200:309281] 📡 RedLemon: Server starting on port 47253...
2026-01-18 20:17:26.893 RedLemon[44200:309215] ✅ RedLemon: Server marked as ready (Optimistic)
⏲️ [EventsConfig] Starting polling fallback (every 60s)
🔌 Connecting to Supabase Realtime: wss://151.243.109.243.nip.io/realtime/v1/websocket
✅ Connected to Supabase Realtime
📡 Sparkle requesting feed URL: https://151.243.109.243.nip.io/updates/appcast.xml
✅ Sparkle configured (seamless mode)
   Appcast URL: https://151.243.109.243.nip.io/updates/appcast.xml
   Can check: true
📅 EventsView appeared
📡 Joined channel: realtime:events_config_updates (interest count: 1)
✅ [EventsConfig] Subscribed to realtime schedule updates
🎬 [EventsView] Fetching movie events from centralized config...
📡 [EventsConfig] Checking server for movie_events config version...
🔍 Memory pressure monitoring enabled (safe mode)
🔍 Silent update check (custom implementation)...
📦 Current build: 122, Latest build: 122
✅ App is up to date (current: 122, latest: 122)
🖥️ CacheManager initialized with fixed conservative limits
   Image cache limit: 30 items
📡 Sparkle requesting feed URL: https://151.243.109.243.nip.io/updates/appcast.xml
✅ [EventsConfig] Fetched movie_events version 1546 with 401 movies
✅ [EventsConfig] Using cached movie_events config (version 1546, 401 movies)
✅ [EventsView] Loaded 401 movies from config version 1546
🗓 AppState: Updated schedule epoch to 2026-01-18 22:58:18 +0000
⏰ AppState: Next schedule update set for Event End: 2026-01-19 03:12:18 +0000
⏰ AppState: Scheduling update in 6894 seconds
🖼️ [CACHE] Cached image data for key: https://images.metahub.space/background/medium/tt30274401/img (120617 bytes)
🖼️ [CACHE] Cached image data for key: https://images.metahub.space/background/medium/tt0415306/img (451442 bytes)
🖼️ [CACHE] Cached image data for key: https://images.metahub.space/background/medium/tt12921446/img (746448 bytes)
🔌 SocialService: Connecting to global presence...
🔌 Connecting to Supabase Realtime: wss://151.243.109.243.nip.io/realtime/v1/websocket
✅ Connected to Supabase Realtime
✅ SocialService: Presence connected
⏰ AppState: Next schedule update set for Event End: 2026-01-19 03:12:18 +0000
⏰ AppState: Scheduling update in 6892 seconds
📡 Joined channel: realtime:global-presence (interest count: 1)
✅ SocialService: Connected to global presence
🔌 SocialService: Connecting to DM channel...
🔌 Connecting to Supabase Realtime: wss://151.243.109.243.nip.io/realtime/v1/websocket
✅ Connected to Supabase Realtime
✅ SocialService: DM channel connected
⏰ AppState: Next schedule update set for Event End: 2026-01-19 03:12:18 +0000
⏰ AppState: Scheduling update in 6892 seconds
📈 SocialService: User 96e01cdb-36c0-4228-a6e4-a29a3c66bc8e came online
📈 SocialService: User 656daa91-33b4-4688-9135-c982ea52d7c9 came online
📡 Joined channel: realtime:direct_messages (interest count: 1)
✅ SocialService: Connected to DM channel
📋 Fetching rooms from Supabase backend (offset: 0, limit: 20, search: '')...
🔌 RoomListView: Setting up realtime subscription for rooms...
📋 Fetching rooms from Supabase backend (offset: 0, limit: 20, search: '')...
📡 Joined channel: realtime:rooms_updates (interest count: 1)
✅ RoomListView: Connected to rooms realtime updates
📬 SocialService: Fetched 0 unread messages
🔄 SocialService: Syncing 50 items to cloud...
🔄 SocialService: Syncing 50 items to cloud (serial)...
✅ Token routes registered:
   POST /tokens/save
   POST /tokens/delete
   GET  /tokens/list
✅ Unlock routes registered:
   POST /api/streams/unlock
✅ Stream routes registered:
   POST /api/streams/resolve
   GET  /api/streams/resolveByQuality
   GET  /api/streams/resolveAll
✅ Proxy routes registered:
   GET /play/rd/:infoHash/:fileIdx
   GET /play/rd/:infoHash
✅ Subtitle routes registered:
   GET /subtitles/search?imdbId=&type=
   GET /subtitles/subdl/:encodedPath
✅ All routes registered
✅ HTTP Server configured on http://127.0.0.1:47253
🚀 Starting HTTP server...
✅ Providers initialized: torrentio, comet, zilean, mediafusion, debridsearch
[ NOTICE ] Server started on http://127.0.0.1:47253
2026-01-18 20:17:26.962 RedLemon[44200:309215] ✅ RedLemon: Server should be running on http://127.0.0.1:47253
2026-01-18 20:17:26.962 RedLemon[44200:309215] 🏥 [AppState] Starting global provider health check...
2026-01-18 20:17:26.962 RedLemon[44200:309215] 🔍 Performing startup checks...
2026-01-18 20:17:26.962 RedLemon[44200:309215] ✅ Username-based authentication ready
2026-01-18 20:17:26.981 RedLemon[44200:309281] 🔐 Signed request to /check-payment
✅ HTTP server running on http://127.0.0.1:47253

🔗 Available endpoints:
   http://127.0.0.1:47253/health
   http://127.0.0.1:47253/status
   http://127.0.0.1:47253/api/health

💰 LicenseManager: Starting hybrid license check...
[ INFO ] GET /api/metadata/meta/movie/tt26581740 [request-id: 1D3C14C8-5621-4376-BAA1-C314C7017F02]
[ INFO ] GET /api/metadata/meta/movie/tt26581740 [request-id: 5EAFF1C0-13A8-4ED5-9545-B38C5DB18B4A]
2026-01-18 20:17:27.443 RedLemon[44200:309265] 📦 Decoded CinemetaMeta - videos count: -1
2026-01-18 20:17:27.444 RedLemon[44200:309261] 📦 Decoded CinemetaMeta - videos count: -1
2026-01-18 20:17:27.534 RedLemon[44200:309281] 🎬 Torrentio: Building URL for movie (no season/episode)
2026-01-18 20:17:27.535 RedLemon[44200:309281] 🔗 Torrentio URL (length: 55): https://torrentio.strem.fun/stream/movie/tt0133093.json...
2026-01-18 20:17:28.157 RedLemon[44200:309215] 🚪 Joining room: DKTN
2026-01-18 20:17:28.572 RedLemon[44200:309215] 🔄 Checking for app updates...
2026-01-18 20:17:28.800 RedLemon[44200:309215] ✅ [AppState] Provider health check complete (found 7 services)
2026-01-18 20:17:29.160 RedLemon[44200:309215] 🚪 Room is in lobby
2026-01-18 20:17:29.160 RedLemon[44200:309215] ✅ PlayerVM: currentWatchPartyRoom set to DKTN
💾 Cache SET: Metadata[meta_movie_tt26581740]
✅ Loaded 1 rooms (total: 1)
💾 Cache SET: Metadata[meta_movie_tt26581740]
🖼️ [CACHE] Cached image data for key: https://images.metahub.space/background/medium/tt26581740/img (117146 bytes)
✅ Loaded 1 rooms (total: 1)
🚪 Joining room: DKTN
✅ SubDLClient initialized
👤 LicenseManager: Profile expiry: Optional(2026-02-11 06:00:30 +0000)
🔍 Silent update check (custom implementation)...
⏰ TimeService: Synchronizing clock with server...
🎉 License updated! Expires: 2026-02-11 06:00:30 +0000
📦 Current build: 122, Latest build: 122
✅ App is up to date (current: 122, latest: 122)
📡 [EventsConfig] Checking server for movie_events config version...
✅ TimeService: Synced! Offset: 0.110s (RTT: 255ms)
   Local:  2026-01-19 01:17:28 +0000
   Server: 2026-01-19 01:17:28 +0000
✅ [EventsConfig] Fetched movie_events version 1546 with 401 movies
✅ [EventsConfig] Using cached movie_events config (version 1546, 401 movies)
🎭 Lobby: Connecting to room DKTN...
🚦 Lobby State: connecting
✅ Cache HIT: Metadata[meta_movie_tt26581740]
🔄 Lobby: Fetching fresh room state from Supabase...
[ INFO ] GET /api/metadata/meta/movie/tt26581740 [request-id: 3927C416-9670-4274-B04D-E62C48DBC886]
2026-01-18 20:17:29.356 RedLemon[44200:309371] 📝 Realtime: Registered observer 'lobby' (Presence: YES, Sync: NO, Status: NO)
2026-01-18 20:17:29.413 RedLemon[44200:309371] 📝 Realtime: Registered observer 'lobby' (Presence: NO, Sync: YES, Status: NO)
2026-01-18 20:17:29.558 RedLemon[44200:309215] ✅ Guest joined room DKTN in database
2026-01-18 20:17:29.708 RedLemon[44200:309215] 📨 Lobby: Received Room UPDATE from Realtime
2026-01-18 20:17:29.709 RedLemon[44200:309215] 📨 Lobby: Received Room UPDATE from Realtime
2026-01-18 20:17:29.784 RedLemon[44200:309262] 📝 Realtime: Registered observer 'lobby' (Presence: YES, Sync: NO, Status: NO)
2026-01-18 20:17:29.785 RedLemon[44200:309261] 📝 Realtime: Registered observer 'lobby' (Presence: NO, Sync: YES, Status: NO)
2026-01-18 20:17:29.796 RedLemon[44200:309261] 📤 Realtime: Sending message type: chat, sender: 656daa91-33b4-4688-9135-c982ea52d7c9
2026-01-18 20:17:29.797 RedLemon[44200:309261]    Payload keys: chatText, chatUsername, senderId, timestamp, type, position
2026-01-18 20:17:29.798 RedLemon[44200:309262] ✅ Realtime: Message broadcast complete
2026-01-18 20:17:29.816 RedLemon[44200:309261] 🔐 SupabaseClient: Signing Identity Payload: '1768785449656daa91-33b4-4688-9135-c982ea52d7c9/rpc/room_heartbeat'
2026-01-18 20:17:29.816 RedLemon[44200:309261] 🔐 Signed request to /rpc/room_heartbeat
2026-01-18 20:17:29.920 RedLemon[44200:309265] 📨 Realtime: Received broadcast message
2026-01-18 20:17:29.920 RedLemon[44200:309265]    Payload keys: timestamp, senderId, type, chatUsername, position, chatText
2026-01-18 20:17:29.921 RedLemon[44200:309265] ✅ Realtime: Decoded message type: chat, sender: 656daa91-33b4-4688-9135-c982ea52d7c9
2026-01-18 20:17:29.921 RedLemon[44200:309215] 👋 Received: Guest 'ursinho' joined room DKTN
2026-01-18 20:17:30.188 RedLemon[44200:309215] 📨 Lobby: Received Room UPDATE from Realtime
2026-01-18 20:17:32.560 RedLemon[44200:309369] 📤 Realtime: Sending message type: chat, sender: 656daa91-33b4-4688-9135-c982ea52d7c9
2026-01-18 20:17:32.560 RedLemon[44200:309369]    Payload keys: position, chatUsername, chatText, timestamp, senderId, type, isPremium
2026-01-18 20:17:32.561 RedLemon[44200:309261] ✅ Realtime: Message broadcast complete
2026-01-18 20:17:32.561 RedLemon[44200:309215] 📡 ChatManager: Chat message sent via Realtime
2026-01-18 20:17:32.679 RedLemon[44200:309371] 📨 Realtime: Received broadcast message
2026-01-18 20:17:32.680 RedLemon[44200:309371]    Payload keys: chatUsername, chatText, timestamp, type, isPremium, position, senderId
2026-01-18 20:17:32.680 RedLemon[44200:309371] ✅ Realtime: Decoded message type: chat, sender: 656daa91-33b4-4688-9135-c982ea52d7c9
2026-01-18 20:17:35.872 RedLemon[44200:309265] 📨 Realtime: Received broadcast message
2026-01-18 20:17:35.872 RedLemon[44200:309265]    Payload keys: chatText, isPremium, timestamp, type, position, senderId, chatUsername
2026-01-18 20:17:35.873 RedLemon[44200:309265] ✅ Realtime: Decoded message type: chat, sender: 96e01cdb-36c0-4228-a6e4-a29a3c66bc8e
2026-01-18 20:17:38.229 RedLemon[44200:309369] 📨 Realtime: Received broadcast message
2026-01-18 20:17:38.229 RedLemon[44200:309369]    Payload keys: chatText, position, type, chatUsername, senderId, timestamp
2026-01-18 20:17:38.229 RedLemon[44200:309369] ✅ Realtime: Decoded message type: chat, sender: 96e01cdb-36c0-4228-a6e4-a29a3c66bc8e
2026-01-18 20:17:38.229 RedLemon[44200:309215] 🎬 Guest: Received RESOLVING signal
2026-01-18 20:17:41.262 RedLemon[44200:309215] 📨 Lobby: Received Room UPDATE from Realtime
2026-01-18 20:17:41.299 RedLemon[44200:309261] 📨 Realtime: Received broadcast message
2026-01-18 20:17:41.299 RedLemon[44200:309261]    Payload keys: type, position, senderId, chatUsername, chatText, timestamp
2026-01-18 20:17:41.300 RedLemon[44200:309261] ✅ Realtime: Decoded message type: chat, sender: 96e01cdb-36c0-4228-a6e4-a29a3c66bc8e
2026-01-18 20:17:41.301 RedLemon[44200:309215] 🎬 Guest: Received PREPARE signal: LOBBY_PREPARE_PLAYBACK|4dc447b080ffdfee04789e338e3e7435c894d27b|0
2026-01-18 20:17:41.301 RedLemon[44200:309215] ✅ Guest: Extracted Hash from Payload: 4dc447b080ffdfee04789e338e3e7435c894d27b
2026-01-18 20:17:41.573 RedLemon[44200:309369] ✅ StreamService: Using provided metadata: Weapons
2026-01-18 20:17:41.573 RedLemon[44200:309369] ⚡️ StreamService: Resolving streams via StreamResolver (Bypassing HTTP)...
2026-01-18 20:17:41.574 RedLemon[44200:309371] 📝 [APP] 🎬 StreamService: Starting resolution for: Weapons ["file": "StreamService.swift", "level": "INFO", "line": "104"]
2026-01-18 20:17:41.574 RedLemon[44200:309369] ⚡️ StreamResolver: Resolving streams for tt26581740 (S0E0)
2026-01-18 20:17:41.574 RedLemon[44200:309371] 📝 [APP] SessionRecorder initialized
2026-01-18 20:17:41.574 RedLemon[44200:309371] 📝 [APP] New Session Started ["app_version": "1.0.122", "build": "122", "session_id": "7D8EB8E0-8F5C-42B9-9CB9-81D23AE2C9B0", "trigger_source": "preload", "user_id": "656DAA91-33B4-4688-9135-C982EA52D7C9"]
2026-01-18 20:17:41.574 RedLemon[44200:309371] 📝 [APP] Target Content Set ["imdb_id": "tt26581740"]
2026-01-18 20:17:41.575 RedLemon[44200:309371] 📝 [RESOLVER] Started Resolution ["episode": "0", "season": "0", "type": "movie"]
2026-01-18 20:17:41.710 RedLemon[44200:309371]    📅 Filtering by year: 2025
2026-01-18 20:17:41.858 RedLemon[44200:309261] 📝 [RESOLVER] Found Verified Stream ["hash": "4dc447b080ffdfee04789e338e3e7435c894d27b", "vote_count": "8"]
📡 SocialService: Updated status - In Lobby: Weapons: Weapons
🔌 Setting up Realtime channel: watch-party:DKTN
   Role: Guest
   User ID: 656daa91-33b4-4688-9135-c982ea52d7c9
📡 Left channel: realtime:rooms_updates
📡 Connection state: connected
📡 Connection state: connecting
📡 Joined channel: realtime:watch-party:DKTN (interest count: 1)
📡 Connection state: connected
✅ Realtime channel setup complete
✅ Lobby: Loaded metadata for Weapons
✅ Lobby: Connected to Realtime
📨 Unknown event: phx_close on realtime:rooms_updates
✅ Lobby: Synced CLEAN stream info, metadata & playlist to AppState
🔄 Lobby: Fetching fresh room state from Supabase...
🔄 Lobby: Fetching fresh room state from Supabase...
✅ Lobby: Refreshed room state. isPlaying: false
🛡️ Lobby: Ensuring local media state is fresh before auto-start check...
ℹ️ RealtimeChannelManager: Already setup for room DKTN, filtering duplicate setup call.
📡 Connection state: connected
✅ Lobby: Connected to Realtime
🚦 Lobby State: connected
🔄 Lobby: Starting database polling for participants and room state...
💓 Lobby: Starting heartbeat loop...
🔄 LobbyDatabase: Starting room state polling for guests...
✅ Lobby: Synced CLEAN stream info, metadata & playlist to AppState
✅ Lobby: Synced CLEAN stream info, metadata & playlist to AppState
🔄 Lobby: Fetching fresh room state from Supabase...
✅ Lobby: Synced CLEAN stream info, metadata & playlist to AppState
⏰ AppState: Next schedule update set for Event End: 2026-01-19 03:12:18 +0000
⏰ AppState: Scheduling update in 6883 seconds
🛡️ Lobby: Auto-Join safety delay passed (8s). Enabled for late joiners.
🔄 Lobby: Fetching fresh room state from Supabase...
✅ Lobby: Synced CLEAN stream info, metadata & playlist to AppState
✅ Cache HIT: Metadata[meta_movie_tt26581740]
[2026-01-19T01:17:41Z] [INFO] [StreamService.swift:104] 🎬 StreamService: Starting resolution for: Weapons
🎬 StreamService: Resolving movie - trusted pack filtering will be applied server-side
🛡️ StreamResolver: Loaded 5 blocked streams from blacklist
⚡️ StreamResolver: Found Community Verified stream with 8 votes!
   ℹ️ Hash: 4dc447b080ffdfee04789e338e3e7435c894d27b
   ℹ️ Last Verified: 2026-01-12 23:32:37 +0000
🔍 Searching SubDL: tt26581740 (movie)
✅ Found 9 subtitles from SubDL (Primary)
✅ StreamResolver: Processed subtitles for 1 streams (Attached to 1)
⚡️ StreamResolver: SHORT CIRCUIT - Returning verified stream immediately.
⚡️ StreamService: Testing verified stream viability...
🔓 StreamService: Unlocking with infoHash: 4dc447b080ff...
[ INFO ] POST /api/streams/unlock [request-id: 5F094BDA-A115-42BB-85A3-6361038E729A]
2026-01-18 20:17:42.071 RedLemon[44200:309265] 🔓 Unlock request: infoHash=4dc447b080ff..., fileIdx=0
2026-01-18 20:17:42.071 RedLemon[44200:309265] ✅ Token found, attempting unlock...
2026-01-18 20:17:43.952 RedLemon[44200:309265] ✅ Unlocked successfully: Weapons.2025.1080p.WEBRip.x264.AAC5.1-[YTS.MX].mp4
2026-01-18 20:17:43.956 RedLemon[44200:309261] 📝 [RESOLVER] Stream Unlocked ["filename": "Weapons.2025.1080p.WEBRip.x264.AAC5.1-[YTS.MX].mp4", "is_generic": "false", "original_title": "Community Verified Stream (1080p)", "url_host": "chi9-4.download.real-debrid.com"]
2026-01-18 20:17:43.956 RedLemon[44200:309261] 📥 StreamService: Pre-downloading 5 (capped from 9) subtitles...
2026-01-18 20:17:43.956 RedLemon[44200:309261] 🐛 StreamService: downloadSubtitlesInParallel called. Season: nil, Episode: nil, Count: 5
2026-01-18 20:17:43.957 RedLemon[44200:309261] 🔍 DEBUG: Processing subtitle URL: /subtitle/3512599-8435170.zip
2026-01-18 20:17:43.957 RedLemon[44200:309265] 🔍 DEBUG: Processing subtitle URL: /subtitle/3503437-8425905.zip
2026-01-18 20:17:43.957 RedLemon[44200:309262] 🔍 DEBUG: Processing subtitle URL: /subtitle/3512601-8435171.zip
2026-01-18 20:17:43.957 RedLemon[44200:309371] 🔍 DEBUG: Processing subtitle URL: /subtitle/3500312-8422735.zip
2026-01-18 20:17:43.957 RedLemon[44200:309262] ✅ DEBUG: Raw SubDL URL detected, converting to proxy URL
2026-01-18 20:17:43.957 RedLemon[44200:309371] ✅ DEBUG: Raw SubDL URL detected, converting to proxy URL
2026-01-18 20:17:43.957 RedLemon[44200:309265] ✅ DEBUG: Raw SubDL URL detected, converting to proxy URL
2026-01-18 20:17:43.957 RedLemon[44200:309261] ✅ DEBUG: Raw SubDL URL detected, converting to proxy URL
2026-01-18 20:17:43.958 RedLemon[44200:309261] 🔍 DEBUG: Processing subtitle URL: /subtitle/3500311-8422736.zip
2026-01-18 20:17:43.960 RedLemon[44200:309261] ✅ DEBUG: Raw SubDL URL detected, converting to proxy URL
2026-01-18 20:17:43.961 RedLemon[44200:309215] ✅ Guest: Stream preloaded with URL: https://chi9-4.download.real-debrid.com/d/QVXKTJ6HY5UJA42/Weapons.2025.1080p.WEB
2026-01-18 20:17:43.962 RedLemon[44200:309215] ✅ Guest: Stream preloaded. Sending READY signal.
2026-01-18 20:17:43.963 RedLemon[44200:309371] 📤 Realtime: Sending message type: chat, sender: 656daa91-33b4-4688-9135-c982ea52d7c9
2026-01-18 20:17:43.964 RedLemon[44200:309371]    Payload keys: chatUsername, chatText, timestamp, senderId, type, position
2026-01-18 20:17:43.968 RedLemon[44200:309371] ✅ Realtime: Message broadcast complete
2026-01-18 20:17:44.084 RedLemon[44200:309265] 📨 Realtime: Received broadcast message
2026-01-18 20:17:44.084 RedLemon[44200:309265]    Payload keys: position, chatText, timestamp, chatUsername, type, senderId
2026-01-18 20:17:44.085 RedLemon[44200:309265] ✅ Realtime: Decoded message type: chat, sender: 656daa91-33b4-4688-9135-c982ea52d7c9
2026-01-18 20:17:44.569 RedLemon[44200:309265] 📨 Realtime: Received broadcast message
2026-01-18 20:17:44.569 RedLemon[44200:309265]    Payload keys: chatText, position, type, chatUsername, senderId, timestamp
2026-01-18 20:17:44.569 RedLemon[44200:309265] ✅ Realtime: Decoded message type: chat, sender: 96e01cdb-36c0-4228-a6e4-a29a3c66bc8e
2026-01-18 20:17:44.569 RedLemon[44200:309215] 🎬 Guest: Received LOBBY_START_COUNTDOWN signal
2026-01-18 20:17:44.569 RedLemon[44200:309215] 🎬 Guest: Received LOBBY_START_COUNTDOWN signal processing
2026-01-18 20:17:44.700 RedLemon[44200:309215] ✅ Guest: Synced stream info from Host (Hash: 4dc447b0) - URL cleared for fresh unlock
2026-01-18 20:17:44.700 RedLemon[44200:309215] 🛡️ Guest: preResolvedStream cleared to force fresh RD link
2026-01-18 20:17:44.778 RedLemon[44200:309215] 🗑️ Guest: RD cache cleared for hash: 4dc447b0...
2026-01-18 20:17:44.908 RedLemon[44200:309215] 📨 Lobby: Received Room UPDATE from Realtime
2026-01-18 20:17:47.988 RedLemon[44200:309215] 🎬 Guest: Fetch took 0.208s, finished countdown loop
2026-01-18 20:17:48.116 RedLemon[44200:309215] 🎬 Guest: Starting playback after countdown
2026-01-18 20:17:48.116 RedLemon[44200:309215] 🎬 Guest: Launching player for Weapons
2026-01-18 20:17:48.326 RedLemon[44200:309215] 📡 Fetching metadata for tt26581740...
2026-01-18 20:17:48.424 RedLemon[44200:309215] 🎬 PlayerVM: Using Playlist Metadata: S0E0
2026-01-18 20:17:48.424 RedLemon[44200:309215] 🚀 PlayerVM: Using DIRECT UNLOCK path (Guest Optimization)
2026-01-18 20:17:48.424 RedLemon[44200:309215]    Hash: 4dc447b080ff...
2026-01-18 20:17:48.424 RedLemon[44200:309215] 🗑️ PlayerVM: RD cache cleared for direct unlock
✅ RD addMagnet: OK6RAF5VLP5G6
🎬 Movie: Found matching file for title 'Weapons': /Weapons.2025.1080p.WEBRip.x264.AAC5.1-[YTS.MX].mp4
📝 RD: Selecting file ID 4 for torrent OK6RAF5VLP5G6
📊 RD poll 1/2: status=downloaded, links=1
🔗 Unrestricting link: https://real-debrid.com/d/D5LTHFJDOKVLE377
✅ StreamService: Stream unlocked successfully!
✅ StreamService: Verified stream is VIABLE. Returning immediately.
📝 Guest: Marked session as started (Idempotency Lock): 4dc447b0
🗑️ RD cache cleared for hash: 4dc447b080ff... (1 entries)
🔄 Lobby: Fetching fresh room state from Supabase...
✅ Lobby: Synced CLEAN stream info, metadata & playlist to AppState
⏰ AppState: Next schedule update set for Event End: 2026-01-19 03:12:18 +0000
⏰ AppState: Scheduling update in 6873 seconds
✅ Cache HIT: Metadata[meta_movie_tt26581740]
🔓 StreamService: Unlocking with infoHash: 4dc447b080ff...
[ INFO ] POST /api/streams/unlock [request-id: 17C5E32D-3AE6-47C4-AC70-F625789D0E12]
2026-01-18 20:17:48.427 RedLemon[44200:309261] 🔓 Unlock request: infoHash=4dc447b080ff..., fileIdx=0
2026-01-18 20:17:48.427 RedLemon[44200:309261] ✅ Token found, attempting unlock...
2026-01-18 20:17:49.970 RedLemon[44200:309261] ✅ Unlocked successfully: Weapons.2025.1080p.WEBRip.x264.AAC5.1-[YTS.MX].mp4
2026-01-18 20:17:49.973 RedLemon[44200:309371] 📝 [RESOLVER] Stream Unlocked ["filename": "Weapons.2025.1080p.WEBRip.x264.AAC5.1-[YTS.MX].mp4", "is_generic": "false", "original_title": "Shared Stream (Direct)", "url_host": "chi9-4.download.real-debrid.com"]
2026-01-18 20:17:49.973 RedLemon[44200:309215] ✅ PlayerVM: Direct unlock succeeded! URL: https://chi9-4.download.real-debrid.com/d/QVXKTJ6HY5UJA42/We
✅ RD addMagnet: KGTBLFZGZ566K
🎬 Movie: Found matching file for title 'Weapons': /Weapons.2025.1080p.WEBRip.x264.AAC5.1-[YTS.MX].mp4
📝 RD: Selecting file ID 4 for torrent KGTBLFZGZ566K
📊 RD poll 1/2: status=downloaded, links=1
🔗 Unrestricting link: https://real-debrid.com/d/D5LTHFJDOKVLE377
✅ StreamService: Stream unlocked successfully!
[ INFO ] GET /subtitles/search [request-id: 4F1752B8-3DD7-4E69-B2FE-2D59D7C7A809]
2026-01-18 20:17:50.150 RedLemon[44200:309261] 📨 Realtime: Received broadcast message
2026-01-18 20:17:50.150 RedLemon[44200:309261]    Payload keys: isPlaying, timestamp, position, senderId, type
2026-01-18 20:17:50.151 RedLemon[44200:309261] ✅ Realtime: Decoded message type: playbackState, sender: DKTN
2026-01-18 20:17:50.151 RedLemon[44200:309371] 📨 Realtime: Received broadcast message
2026-01-18 20:17:50.151 RedLemon[44200:309215] ⚠️ Received Realtime message with no chat text
2026-01-18 20:17:50.151 RedLemon[44200:309371]    Payload keys: isPlaying, type, senderId, position, timestamp
2026-01-18 20:17:50.151 RedLemon[44200:309371] ✅ Realtime: Decoded message type: ready, sender: 96e01cdb-36c0-4228-a6e4-a29a3c66bc8e
2026-01-18 20:17:50.152 RedLemon[44200:309215] ⚠️ Received Realtime message with no chat text
2026-01-18 20:17:50.191 RedLemon[44200:309215] ✅ Direct Unlock: Found 9 SubDL subtitles
2026-01-18 20:17:50.192 RedLemon[44200:309215] ✅ Direct Unlock: Attached 9 SubDL subtitles to stream
2026-01-18 20:17:50.278 RedLemon[44200:309215] ✅ Stream ready, starting playback...
2026-01-18 20:17:50.326 RedLemon[44200:309261] 📝 Realtime: Registered observer 'player' (Presence: YES, Sync: NO, Status: NO)
2026-01-18 20:17:50.331 RedLemon[44200:309326] 📝 Realtime: Registered observer 'player' (Presence: NO, Sync: YES, Status: NO)
2026-01-18 20:17:50.333 RedLemon[44200:309371] 📝 [PLAYER] Resumed
2026-01-18 20:17:50.368 RedLemon[44200:309370] 📝 [PLAYER] Load Video (Smart) ["url": "https://chi9-4.download.real-debrid.com/d/QVXKTJ6HY5UJA42/Weapons.2025.1080p.WEBRip.x264.AAC5.1-%5BYTS.MX%5D.mp4"]
🔍 Searching SubDL: tt26581740 (movie)
   ℹ️ Fallback Name: Weapons (2025)
✅ Found 9 subtitles from SubDL (Primary)
🔌 Setting up Realtime channel: watch-party:DKTN
   Role: Guest
   User ID: 656DAA91-33B4-4688-9135-C982EA52D7C9
📡 Connection state: connected
📡 Connection state: connecting
📡 Topic realtime:watch-party:DKTN already joined (interest count: 2), skipping phx_join
📡 Connection state: connected
✅ Realtime channel setup complete
✅ Cache HIT: Metadata[meta_movie_tt26581740]
[ INFO ] GET /subtitles/subdl/L3N1YnRpdGxlLzM1MDI3ODctODQyNTIzNC56aXA= [request-id: 1CF64DA0-6657-4406-9996-77400B818083]
2026-01-18 20:17:50.572 RedLemon[44200:309261] 📝 [PLAYER] Playback State Changed ["state": "Paused"]
2026-01-18 20:17:50.572 RedLemon[44200:309261] 📝 [PLAYER] Buffering Started
📄 Subtitle request: L3N1YnRpdGxlLzM1MDI3... (offset: 0ms)
📥 Downloading subtitle from SubDL CDN: /subtitle/3502787-8425234.zip
📡 SocialService: Updated status - online: Weapons
⏰ AppState: Next schedule update set for Event End: 2026-01-19 03:12:18 +0000
⏰ AppState: Scheduling update in 6868 seconds
✅ Download complete: 40716 bytes
📦 Detected ZIP archive, extracting...
🔍 Calculating compatibility scores for 1 files...
✅ Selected best match by compatibility score (5): Weapons.(2025) eng.srt
📦 Extracting specific file: Weapons.(2025) eng.srt
✅ Extraction successful
✅ Subtitle downloaded and converted to VTT
[ INFO ] GET /subtitles/subdl/L3N1YnRpdGxlLzM1MTI2MDEtODQzNTE3MS56aXA= [request-id: 6773971D-FFAA-4D83-95C9-C22EE40DBBF7]
2026-01-18 20:17:51.015 RedLemon[44200:309215] 🛡️ Lobby: User 96e01cdb-36c0-4228-a6e4-a29a3c66bc8e remains online (Remaining Refs: 1)
📄 Subtitle request: L3N1YnRpdGxlLzM1MTI2... (offset: 0ms)
📥 Downloading subtitle from SubDL CDN: /subtitle/3512601-8435171.zip
✅ Download complete: 36126 bytes
📦 Detected ZIP archive, extracting...
🔍 Calculating compatibility scores for 1 files...
✅ Selected best match by compatibility score (20): Weapons.2025.1080p.BluRay.x265-YAWNTiC_eng.srt
📦 Extracting specific file: Weapons.2025.1080p.BluRay.x265-YAWNTiC_eng.srt
✅ Extraction successful
✅ Subtitle downloaded and converted to VTT
[ INFO ] GET /subtitles/subdl/L3N1YnRpdGxlLzM1MTI1OTktODQzNTE3MC56aXA= [request-id: 3F942DBA-CEEF-4E7C-82D5-1E414C6A273F]
2026-01-18 20:17:51.932 RedLemon[44200:309326] 📨 Realtime: Received broadcast message
2026-01-18 20:17:51.933 RedLemon[44200:309261] 📨 Realtime: Received broadcast message
2026-01-18 20:17:51.933 RedLemon[44200:309261]    Payload keys: isPlaying, type, position, timestamp, senderId
2026-01-18 20:17:51.933 RedLemon[44200:309326]    Payload keys: isPlaying, type, position, timestamp, senderId
2026-01-18 20:17:51.933 RedLemon[44200:309261] ✅ Realtime: Decoded message type: playbackState, sender: DKTN
2026-01-18 20:17:51.933 RedLemon[44200:309215] ⚠️ Received Realtime message with no chat text
2026-01-18 20:17:51.933 RedLemon[44200:309326] ✅ Realtime: Decoded message type: playbackState, sender: DKTN
2026-01-18 20:17:52.503 RedLemon[44200:309543] 📝 [PLAYER] File Loaded ["duration": "7709.599999999999"]
2026-01-18 20:17:52.611 RedLemon[44200:309371] 📤 Realtime: Sending message type: ready, sender: 656daa91-33b4-4688-9135-c982ea52d7c9
2026-01-18 20:17:52.611 RedLemon[44200:309371]    Payload keys: timestamp, position, senderId, isPlaying, type
2026-01-18 20:17:52.612 RedLemon[44200:309543] ✅ Realtime: Message broadcast complete
2026-01-18 20:17:52.735 RedLemon[44200:309265] 📨 Realtime: Received broadcast message
2026-01-18 20:17:52.736 RedLemon[44200:309262] 📨 Realtime: Received broadcast message
2026-01-18 20:17:52.736 RedLemon[44200:309265]    Payload keys: isPlaying, senderId, timestamp, position, type
2026-01-18 20:17:52.736 RedLemon[44200:309262]    Payload keys: isPlaying, senderId, timestamp, position, type
2026-01-18 20:17:52.736 RedLemon[44200:309265] ✅ Realtime: Decoded message type: ready, sender: 656daa91-33b4-4688-9135-c982ea52d7c9
2026-01-18 20:17:52.736 RedLemon[44200:309262] ✅ Realtime: Decoded message type: ready, sender: 656daa91-33b4-4688-9135-c982ea52d7c9
2026-01-18 20:17:52.749 RedLemon[44200:309215] ⚠️ Received Realtime message with no chat text
2026-01-18 20:17:53.565 RedLemon[44200:309215] 🛡️ Lobby: User 656daa91-33b4-4688-9135-c982ea52d7c9 remains online (Remaining Refs: 1)
2026-01-18 20:17:53.983 RedLemon[44200:309262] 📨 Realtime: Received broadcast message
2026-01-18 20:17:53.983 RedLemon[44200:309370] 📨 Realtime: Received broadcast message
2026-01-18 20:17:53.983 RedLemon[44200:309262]    Payload keys: isPlaying, senderId, type, timestamp, position
2026-01-18 20:17:53.983 RedLemon[44200:309370]    Payload keys: isPlaying, senderId, type, timestamp, position
2026-01-18 20:17:53.984 RedLemon[44200:309370] ✅ Realtime: Decoded message type: playbackState, sender: DKTN
2026-01-18 20:17:53.984 RedLemon[44200:309262] ✅ Realtime: Decoded message type: playbackState, sender: DKTN
2026-01-18 20:17:53.984 RedLemon[44200:309326] 📨 Realtime: Received broadcast message
2026-01-18 20:17:53.984 RedLemon[44200:309326]    Payload keys: position, type, timestamp, isPlaying, senderId
2026-01-18 20:17:53.984 RedLemon[44200:309215] ⚠️ Received Realtime message with no chat text
2026-01-18 20:17:53.984 RedLemon[44200:309262] 📨 Realtime: Received broadcast message
2026-01-18 20:17:53.985 RedLemon[44200:309262]    Payload keys: position, type, timestamp, isPlaying, senderId
2026-01-18 20:17:53.985 RedLemon[44200:309326] ✅ Realtime: Decoded message type: play, sender: 96e01cdb-36c0-4228-a6e4-a29a3c66bc8e
2026-01-18 20:17:53.985 RedLemon[44200:309262] ✅ Realtime: Decoded message type: play, sender: 96e01cdb-36c0-4228-a6e4-a29a3c66bc8e
2026-01-18 20:17:54.006 RedLemon[44200:309215] ⚠️ Received Realtime message with no chat text
2026-01-18 20:17:54.029 RedLemon[44200:309262] 📝 [PLAYER] Playback State Changed ["state": "Playing"]
2026-01-18 20:17:56.021 RedLemon[44200:309371] 📨 Realtime: Received broadcast message
2026-01-18 20:17:56.021 RedLemon[44200:309265] 📨 Realtime: Received broadcast message
2026-01-18 20:17:56.021 RedLemon[44200:309371]    Payload keys: type, isPlaying, position, senderId, timestamp
2026-01-18 20:17:56.021 RedLemon[44200:309265]    Payload keys: type, isPlaying, position, senderId, timestamp
2026-01-18 20:17:56.022 RedLemon[44200:309265] ✅ Realtime: Decoded message type: playbackState, sender: DKTN
2026-01-18 20:17:56.022 RedLemon[44200:309371] ✅ Realtime: Decoded message type: playbackState, sender: DKTN
2026-01-18 20:17:56.049 RedLemon[44200:309215] ⚠️ Received Realtime message with no chat text
2026-01-18 20:17:57.999 RedLemon[44200:309265] 📨 Realtime: Received broadcast message
2026-01-18 20:17:57.999 RedLemon[44200:309326] 📨 Realtime: Received broadcast message
2026-01-18 20:17:57.999 RedLemon[44200:309265]    Payload keys: timestamp, position, type, isPlaying, senderId
2026-01-18 20:17:57.999 RedLemon[44200:309326]    Payload keys: timestamp, position, type, isPlaying, senderId
2026-01-18 20:17:58.000 RedLemon[44200:309265] ✅ Realtime: Decoded message type: playbackState, sender: DKTN
2026-01-18 20:17:58.000 RedLemon[44200:309326] ✅ Realtime: Decoded message type: playbackState, sender: DKTN
2026-01-18 20:17:58.041 RedLemon[44200:309215] ⚠️ Received Realtime message with no chat text
2026-01-18 20:17:58.381 RedLemon[44200:309543] 📨 Realtime: Received broadcast message
2026-01-18 20:17:58.381 RedLemon[44200:309265] 📨 Realtime: Received broadcast message
2026-01-18 20:17:58.381 RedLemon[44200:309543]    Payload keys: senderId, position, type, timestamp, chatText, isPremium, chatUsername
2026-01-18 20:17:58.381 RedLemon[44200:309265]    Payload keys: senderId, position, type, timestamp, chatText, isPremium, chatUsername
2026-01-18 20:17:58.381 RedLemon[44200:309265] ✅ Realtime: Decoded message type: chat, sender: 96E01CDB-36C0-4228-A6E4-A29A3C66BC8E
2026-01-18 20:17:58.381 RedLemon[44200:309543] ✅ Realtime: Decoded message type: chat, sender: 96E01CDB-36C0-4228-A6E4-A29A3C66BC8E
2026-01-18 20:17:58.499 RedLemon[44200:309215] 📨 Lobby: Received Room UPDATE from Realtime
2026-01-18 20:17:58.499 RedLemon[44200:309215] 📨 Lobby: Received Room UPDATE from Realtime
2026-01-18 20:18:00.078 RedLemon[44200:309370] 📨 Realtime: Received broadcast message
2026-01-18 20:18:00.078 RedLemon[44200:309371] 📨 Realtime: Received broadcast message
2026-01-18 20:18:00.078 RedLemon[44200:309370]    Payload keys: isPlaying, position, timestamp, type, senderId
2026-01-18 20:18:00.078 RedLemon[44200:309371]    Payload keys: isPlaying, position, timestamp, type, senderId
2026-01-18 20:18:00.078 RedLemon[44200:309371] ✅ Realtime: Decoded message type: playbackState, sender: DKTN
2026-01-18 20:18:00.078 RedLemon[44200:309370] ✅ Realtime: Decoded message type: playbackState, sender: DKTN
2026-01-18 20:18:00.117 RedLemon[44200:309215] ⚠️ Received Realtime message with no chat text
2026-01-18 20:18:00.118 RedLemon[44200:309543] 📤 Realtime: Sending message type: chat, sender: 656DAA91-33B4-4688-9135-C982EA52D7C9
2026-01-18 20:18:00.118 RedLemon[44200:309543]    Payload keys: chatText, type, chatUsername, timestamp, position, isPremium, senderId
2026-01-18 20:18:00.119 RedLemon[44200:309543] ✅ Realtime: Message broadcast complete
2026-01-18 20:18:00.246 RedLemon[44200:309265] 📨 Realtime: Received broadcast message
2026-01-18 20:18:00.246 RedLemon[44200:309370] 📨 Realtime: Received broadcast message
2026-01-18 20:18:00.246 RedLemon[44200:309370]    Payload keys: type, isPremium, timestamp, senderId, chatText, chatUsername, position
2026-01-18 20:18:00.246 RedLemon[44200:309265]    Payload keys: type, isPremium, timestamp, senderId, chatText, chatUsername, position
2026-01-18 20:18:00.247 RedLemon[44200:309265] ✅ Realtime: Decoded message type: chat, sender: 656DAA91-33B4-4688-9135-C982EA52D7C9
2026-01-18 20:18:00.247 RedLemon[44200:309370] ✅ Realtime: Decoded message type: chat, sender: 656DAA91-33B4-4688-9135-C982EA52D7C9
2026-01-18 20:18:00.518 RedLemon[44200:309265] 🔐 SupabaseClient: Signing Identity Payload: '1768785480656daa91-33b4-4688-9135-c982ea52d7c9/rpc/room_heartbeat'
2026-01-18 20:18:00.519 RedLemon[44200:309265] 🔐 Signed request to /rpc/room_heartbeat
2026-01-18 20:18:00.930 RedLemon[44200:309215] 📨 Lobby: Received Room UPDATE from Realtime
2026-01-18 20:18:02.033 RedLemon[44200:309543] 📨 Realtime: Received broadcast message
2026-01-18 20:18:02.033 RedLemon[44200:309326] 📨 Realtime: Received broadcast message
2026-01-18 20:18:02.033 RedLemon[44200:309543]    Payload keys: position, senderId, timestamp, type, isPlaying
2026-01-18 20:18:02.033 RedLemon[44200:309326]    Payload keys: position, senderId, timestamp, type, isPlaying
2026-01-18 20:18:02.033 RedLemon[44200:309543] ✅ Realtime: Decoded message type: playbackState, sender: DKTN
2026-01-18 20:18:02.033 RedLemon[44200:309326] ✅ Realtime: Decoded message type: playbackState, sender: DKTN
2026-01-18 20:18:02.046 RedLemon[44200:309215] ⚠️ Received Realtime message with no chat text
2026-01-18 20:18:04.038 RedLemon[44200:309265] 📨 Realtime: Received broadcast message
2026-01-18 20:18:04.038 RedLemon[44200:309370] 📨 Realtime: Received broadcast message
2026-01-18 20:18:04.038 RedLemon[44200:309370]    Payload keys: position, type, isPlaying, timestamp, senderId
2026-01-18 20:18:04.038 RedLemon[44200:309265]    Payload keys: position, type, isPlaying, timestamp, senderId
2026-01-18 20:18:04.039 RedLemon[44200:309265] ✅ Realtime: Decoded message type: playbackState, sender: DKTN
2026-01-18 20:18:04.039 RedLemon[44200:309370] ✅ Realtime: Decoded message type: playbackState, sender: DKTN
2026-01-18 20:18:04.056 RedLemon[44200:309215] ⚠️ Received Realtime message with no chat text
2026-01-18 20:18:05.068 RedLemon[44200:309543] 🔐 SupabaseClient: Signing Identity Payload: '1768785485656daa91-33b4-4688-9135-c982ea52d7c9/rpc/room_heartbeat'
2026-01-18 20:18:05.070 RedLemon[44200:309543] 🔐 Signed request to /rpc/room_heartbeat
2026-01-18 20:18:05.440 RedLemon[44200:309215] 📨 Lobby: Received Room UPDATE from Realtime
2026-01-18 20:18:05.991 RedLemon[44200:309265] 📨 Realtime: Received broadcast message
2026-01-18 20:18:05.991 RedLemon[44200:309371] 📨 Realtime: Received broadcast message
2026-01-18 20:18:05.992 RedLemon[44200:309265]    Payload keys: position, senderId, type, isPlaying, timestamp
2026-01-18 20:18:05.992 RedLemon[44200:309371]    Payload keys: position, senderId, type, isPlaying, timestamp
2026-01-18 20:18:05.992 RedLemon[44200:309371] ✅ Realtime: Decoded message type: playbackState, sender: DKTN
2026-01-18 20:18:05.992 RedLemon[44200:309265] ✅ Realtime: Decoded message type: playbackState, sender: DKTN
2026-01-18 20:18:06.015 RedLemon[44200:309215] ⚠️ Received Realtime message with no chat text
2026-01-18 20:18:08.045 RedLemon[44200:309371] 📨 Realtime: Received broadcast message
2026-01-18 20:18:08.045 RedLemon[44200:309265] 📨 Realtime: Received broadcast message
2026-01-18 20:18:08.046 RedLemon[44200:309371]    Payload keys: senderId, timestamp, type, position, isPlaying
2026-01-18 20:18:08.046 RedLemon[44200:309265]    Payload keys: senderId, timestamp, type, position, isPlaying
2026-01-18 20:18:08.046 RedLemon[44200:309371] ✅ Realtime: Decoded message type: playbackState, sender: DKTN
2026-01-18 20:18:08.046 RedLemon[44200:309265] ✅ Realtime: Decoded message type: playbackState, sender: DKTN
2026-01-18 20:18:08.059 RedLemon[44200:309215] ⚠️ Received Realtime message with no chat text
2026-01-18 20:18:08.392 RedLemon[44200:309215] 📨 Lobby: Received Room UPDATE from Realtime
2026-01-18 20:18:09.994 RedLemon[44200:309370] 📨 Realtime: Received broadcast message
2026-01-18 20:18:09.994 RedLemon[44200:309265] 📨 Realtime: Received broadcast message
2026-01-18 20:18:09.994 RedLemon[44200:309370]    Payload keys: timestamp, senderId, isPlaying, type, position
2026-01-18 20:18:09.995 RedLemon[44200:309265]    Payload keys: timestamp, senderId, isPlaying, type, position
2026-01-18 20:18:09.995 RedLemon[44200:309370] ✅ Realtime: Decoded message type: playbackState, sender: DKTN
2026-01-18 20:18:09.995 RedLemon[44200:309265] ✅ Realtime: Decoded message type: playbackState, sender: DKTN
2026-01-18 20:18:10.020 RedLemon[44200:309215] ⚠️ Received Realtime message with no chat text
2026-01-18 20:18:12.039 RedLemon[44200:309370] 📨 Realtime: Received broadcast message
2026-01-18 20:18:12.039 RedLemon[44200:309371] 📨 Realtime: Received broadcast message
2026-01-18 20:18:12.040 RedLemon[44200:309370]    Payload keys: type, isPlaying, senderId, position, timestamp
2026-01-18 20:18:12.040 RedLemon[44200:309371]    Payload keys: type, isPlaying, senderId, position, timestamp
2026-01-18 20:18:12.040 RedLemon[44200:309370] ✅ Realtime: Decoded message type: playbackState, sender: DKTN
2026-01-18 20:18:12.040 RedLemon[44200:309371] ✅ Realtime: Decoded message type: playbackState, sender: DKTN
2026-01-18 20:18:12.063 RedLemon[44200:309215] ⚠️ Received Realtime message with no chat text
2026-01-18 20:18:13.962 RedLemon[44200:309371] 📨 Realtime: Received broadcast message
2026-01-18 20:18:13.962 RedLemon[44200:309370] 📨 Realtime: Received broadcast message
2026-01-18 20:18:13.963 RedLemon[44200:309371]    Payload keys: timestamp, senderId, type, isPlaying, position
2026-01-18 20:18:13.963 RedLemon[44200:309370]    Payload keys: timestamp, senderId, type, isPlaying, position
2026-01-18 20:18:13.963 RedLemon[44200:309371] ✅ Realtime: Decoded message type: playbackState, sender: DKTN
2026-01-18 20:18:13.963 RedLemon[44200:309370] ✅ Realtime: Decoded message type: playbackState, sender: DKTN
2026-01-18 20:18:13.981 RedLemon[44200:309215] ⚠️ Received Realtime message with no chat text
2026-01-18 20:18:15.977 RedLemon[44200:309326] 📨 Realtime: Received broadcast message
2026-01-18 20:18:15.977 RedLemon[44200:309265] 📨 Realtime: Received broadcast message
2026-01-18 20:18:15.977 RedLemon[44200:309265]    Payload keys: senderId, timestamp, position, isPlaying, type
2026-01-18 20:18:15.977 RedLemon[44200:309326]    Payload keys: senderId, timestamp, position, isPlaying, type
2026-01-18 20:18:15.977 RedLemon[44200:309265] ✅ Realtime: Decoded message type: playbackState, sender: DKTN
2026-01-18 20:18:15.977 RedLemon[44200:309326] ✅ Realtime: Decoded message type: playbackState, sender: DKTN
2026-01-18 20:18:15.984 RedLemon[44200:309215] ⚠️ Received Realtime message with no chat text
2026-01-18 20:18:17.979 RedLemon[44200:309370] 📨 Realtime: Received broadcast message
2026-01-18 20:18:17.979 RedLemon[44200:309326] 📨 Realtime: Received broadcast message
2026-01-18 20:18:17.979 RedLemon[44200:309370]    Payload keys: type, position, senderId, isPlaying, timestamp
2026-01-18 20:18:17.979 RedLemon[44200:309326]    Payload keys: type, position, senderId, isPlaying, timestamp
2026-01-18 20:18:17.980 RedLemon[44200:309370] ✅ Realtime: Decoded message type: playbackState, sender: DKTN
2026-01-18 20:18:17.980 RedLemon[44200:309326] ✅ Realtime: Decoded message type: playbackState, sender: DKTN
2026-01-18 20:18:17.986 RedLemon[44200:309215] ⚠️ Received Realtime message with no chat text
2026-01-18 20:18:18.527 RedLemon[44200:309215] 📨 Lobby: Received Room UPDATE from Realtime
2026-01-18 20:18:20.026 RedLemon[44200:309265] 📨 Realtime: Received broadcast message
2026-01-18 20:18:20.026 RedLemon[44200:309371] 📨 Realtime: Received broadcast message
2026-01-18 20:18:20.027 RedLemon[44200:309265]    Payload keys: isPlaying, type, timestamp, senderId, position
2026-01-18 20:18:20.027 RedLemon[44200:309371]    Payload keys: isPlaying, type, timestamp, senderId, position
2026-01-18 20:18:20.027 RedLemon[44200:309265] ✅ Realtime: Decoded message type: playbackState, sender: DKTN
2026-01-18 20:18:20.027 RedLemon[44200:309371] ✅ Realtime: Decoded message type: playbackState, sender: DKTN
2026-01-18 20:18:20.029 RedLemon[44200:309215] ⚠️ Received Realtime message with no chat text
2026-01-18 20:18:26.520 RedLemon[44200:309265] 📨 Realtime: Received broadcast message
2026-01-18 20:18:26.520 RedLemon[44200:309326] 📨 Realtime: Received broadcast message
2026-01-18 20:18:26.520 RedLemon[44200:309265]    Payload keys: position, timestamp, type, isPlaying, senderId
2026-01-18 20:18:26.521 RedLemon[44200:309326]    Payload keys: position, timestamp, type, isPlaying, senderId
2026-01-18 20:18:26.521 RedLemon[44200:309265] ✅ Realtime: Decoded message type: playbackState, sender: DKTN
2026-01-18 20:18:26.521 RedLemon[44200:309326] ✅ Realtime: Decoded message type: playbackState, sender: DKTN
2026-01-18 20:18:26.537 RedLemon[44200:309215] ⚠️ Received Realtime message with no chat text
2026-01-18 20:18:28.473 RedLemon[44200:309265] 📨 Realtime: Received broadcast message
2026-01-18 20:18:28.473 RedLemon[44200:309261] 📨 Realtime: Received broadcast message
2026-01-18 20:18:28.473 RedLemon[44200:309265]    Payload keys: senderId, isPlaying, type, position, timestamp
2026-01-18 20:18:28.473 RedLemon[44200:309261]    Payload keys: senderId, isPlaying, type, position, timestamp
2026-01-18 20:18:28.474 RedLemon[44200:309261] ✅ Realtime: Decoded message type: playbackState, sender: DKTN
2026-01-18 20:18:28.474 RedLemon[44200:309265] ✅ Realtime: Decoded message type: playbackState, sender: DKTN
2026-01-18 20:18:28.487 RedLemon[44200:309215] ⚠️ Received Realtime message with no chat text
2026-01-18 20:18:28.944 RedLemon[44200:309215] 📨 Lobby: Received Room UPDATE from Realtime
2026-01-18 20:18:30.481 RedLemon[44200:309261] 📨 Realtime: Received broadcast message
2026-01-18 20:18:30.481 RedLemon[44200:309265] 📨 Realtime: Received broadcast message
2026-01-18 20:18:30.481 RedLemon[44200:309261]    Payload keys: timestamp, type, isPlaying, senderId, position
2026-01-18 20:18:30.481 RedLemon[44200:309265]    Payload keys: timestamp, type, isPlaying, senderId, position
2026-01-18 20:18:30.481 RedLemon[44200:309261] ✅ Realtime: Decoded message type: playbackState, sender: DKTN
2026-01-18 20:18:30.481 RedLemon[44200:309265] ✅ Realtime: Decoded message type: playbackState, sender: DKTN
2026-01-18 20:18:30.498 RedLemon[44200:309215] ⚠️ Received Realtime message with no chat text
2026-01-18 20:18:30.811 RedLemon[44200:309326] 🔐 SupabaseClient: Signing Identity Payload: '1768785510656daa91-33b4-4688-9135-c982ea52d7c9/rpc/room_heartbeat'
2026-01-18 20:18:30.812 RedLemon[44200:309326] 🔐 Signed request to /rpc/room_heartbeat
2026-01-18 20:18:31.496 RedLemon[44200:309261] 📨 Realtime: Received broadcast message
2026-01-18 20:18:31.496 RedLemon[44200:309371] 📨 Realtime: Received broadcast message
2026-01-18 20:18:31.496 RedLemon[44200:309261]    Payload keys: position, isPlaying, senderId, type, timestamp
2026-01-18 20:18:31.496 RedLemon[44200:309371]    Payload keys: position, isPlaying, senderId, type, timestamp
2026-01-18 20:18:31.496 RedLemon[44200:309261] ✅ Realtime: Decoded message type: returnToLobby, sender: 96e01cdb-36c0-4228-a6e4-a29a3c66bc8e
2026-01-18 20:18:31.496 RedLemon[44200:309371] ✅ Realtime: Decoded message type: returnToLobby, sender: 96e01cdb-36c0-4228-a6e4-a29a3c66bc8e
2026-01-18 20:18:31.500 RedLemon[44200:309215] 📨 Lobby: Received Room UPDATE from Realtime
2026-01-18 20:18:31.500 RedLemon[44200:309215] ⚠️ Received Realtime message with no chat text
2026-01-18 20:18:31.596 RedLemon[44200:309261] 📝 [PLAYER] Playback State Changed ["state": "Paused"]
2026-01-18 20:18:31.906 RedLemon[44200:309215] 📨 Lobby: Received Room UPDATE from Realtime
2026-01-18 20:18:32.142 RedLemon[44200:309265] 📝 Realtime: Unregistered observer 'player'
2026-01-18 20:18:32.403 RedLemon[44200:309543] 📨 Realtime: Received broadcast message
2026-01-18 20:18:32.403 RedLemon[44200:309326] 📨 Realtime: Received broadcast message
2026-01-18 20:18:32.403 RedLemon[44200:309543]    Payload keys: senderId, chatUsername, type, chatText, isPlaying, timestamp, position
2026-01-18 20:18:32.403 RedLemon[44200:309326]    Payload keys: senderId, chatUsername, type, chatText, isPlaying, timestamp, position
2026-01-18 20:18:32.404 RedLemon[44200:309543] ✅ Realtime: Decoded message type: returnToLobby, sender: 96e01cdb-36c0-4228-a6e4-a29a3c66bc8e
2026-01-18 20:18:32.404 RedLemon[44200:309326] ✅ Realtime: Decoded message type: returnToLobby, sender: 96e01cdb-36c0-4228-a6e4-a29a3c66bc8e
2026-01-18 20:18:32.416 RedLemon[44200:309215] ⚠️ Unknown lobby command received: 'LOBBY_RETURN' from Host (Hex: 4c 4f 42 42 59 5f 52 45 54 55 52 4e)
2026-01-18 20:18:32.598 RedLemon[44200:309215] 📨 Lobby: Received Room UPDATE from Realtime
2026-01-18 20:18:32.852 RedLemon[44200:309326] ❌ [20:18:32.852] [NETWORK] [SupabaseClient.swift:336] Supabase API Error: duplicate key value violates unique constraint "room_participants_pkey"
2026-01-18 20:18:32.853 RedLemon[44200:309326] ⚠️ SupabaseClient: User already in room (Caught: duplicate key value violates unique constraint "room_participants_pkey"), proceeding...
2026-01-18 20:18:32.861 RedLemon[44200:309215] ✅ Guest joined room DKTN in database
2026-01-18 20:18:33.122 RedLemon[44200:309265] 📝 Realtime: Registered observer 'lobby' (Presence: YES, Sync: NO, Status: NO)
2026-01-18 20:18:33.123 RedLemon[44200:309265] 📝 Realtime: Registered observer 'lobby' (Presence: NO, Sync: YES, Status: NO)
2026-01-18 20:18:33.145 RedLemon[44200:309265] 📤 Realtime: Sending message type: chat, sender: 656daa91-33b4-4688-9135-c982ea52d7c9
2026-01-18 20:18:33.145 RedLemon[44200:309265]    Payload keys: chatUsername, type, position, timestamp, chatText, senderId
2026-01-18 20:18:33.145 RedLemon[44200:309543] ✅ Realtime: Message broadcast complete
2026-01-18 20:18:33.157 RedLemon[44200:309265] 🔐 SupabaseClient: Signing Identity Payload: '1768785513656daa91-33b4-4688-9135-c982ea52d7c9/rpc/room_heartbeat'
2026-01-18 20:18:33.158 RedLemon[44200:309265] 🔐 Signed request to /rpc/room_heartbeat
2026-01-18 20:18:33.168 RedLemon[44200:309215] 📨 Lobby: Received Room UPDATE from Realtime
2026-01-18 20:18:33.273 RedLemon[44200:309543] 📨 Realtime: Received broadcast message
2026-01-18 20:18:33.273 RedLemon[44200:309265] 📨 Realtime: Received broadcast message
2026-01-18 20:18:33.273 RedLemon[44200:309265]    Payload keys: position, chatUsername, senderId, type, chatText, timestamp
2026-01-18 20:18:33.273 RedLemon[44200:309543]    Payload keys: position, chatUsername, senderId, type, chatText, timestamp
2026-01-18 20:18:33.274 RedLemon[44200:309265] ✅ Realtime: Decoded message type: chat, sender: 656daa91-33b4-4688-9135-c982ea52d7c9
2026-01-18 20:18:33.274 RedLemon[44200:309543] ✅ Realtime: Decoded message type: chat, sender: 656daa91-33b4-4688-9135-c982ea52d7c9
2026-01-18 20:18:33.274 RedLemon[44200:309215] 👋 Received: Guest 'ursinho' joined room DKTN
2026-01-18 20:18:33.550 RedLemon[44200:309215] 📨 Lobby: Received Room UPDATE from Realtime
2026-01-18 20:18:48.976 RedLemon[44200:309371] 📨 Realtime: Received broadcast message
2026-01-18 20:18:48.976 RedLemon[44200:309811] 📨 Realtime: Received broadcast message
2026-01-18 20:18:48.976 RedLemon[44200:309371]    Payload keys: chatUsername, type, senderId, chatText, position, timestamp
2026-01-18 20:18:48.976 RedLemon[44200:309811]    Payload keys: chatUsername, type, senderId, chatText, position, timestamp
2026-01-18 20:18:48.976 RedLemon[44200:309371] ✅ Realtime: Decoded message type: chat, sender: 96e01cdb-36c0-4228-a6e4-a29a3c66bc8e
2026-01-18 20:18:48.977 RedLemon[44200:309811] ✅ Realtime: Decoded message type: chat, sender: 96e01cdb-36c0-4228-a6e4-a29a3c66bc8e
2026-01-18 20:18:48.977 RedLemon[44200:309215] 🎬 Guest: Received RESOLVING signal
2026-01-18 20:18:50.238 RedLemon[44200:309326] 📨 Realtime: Received broadcast message
2026-01-18 20:18:50.238 RedLemon[44200:309811] 📨 Realtime: Received broadcast message
2026-01-18 20:18:50.238 RedLemon[44200:309811]    Payload keys: position, chatText, timestamp, type, senderId, chatUsername
2026-01-18 20:18:50.238 RedLemon[44200:309326]    Payload keys: position, chatText, timestamp, type, senderId, chatUsername
2026-01-18 20:18:50.238 RedLemon[44200:309326] ✅ Realtime: Decoded message type: chat, sender: 96e01cdb-36c0-4228-a6e4-a29a3c66bc8e
2026-01-18 20:18:50.238 RedLemon[44200:309811] ✅ Realtime: Decoded message type: chat, sender: 96e01cdb-36c0-4228-a6e4-a29a3c66bc8e
2026-01-18 20:18:50.239 RedLemon[44200:309215] 🎬 Guest: Received PREPARE signal: LOBBY_PREPARE_PLAYBACK|4dc447b080ffdfee04789e338e3e7435c894d27b|0
2026-01-18 20:18:50.239 RedLemon[44200:309215] ✅ Guest: Extracted Hash from Payload: 4dc447b080ffdfee04789e338e3e7435c894d27b
2026-01-18 20:18:50.272 RedLemon[44200:309215] 📨 Lobby: Received Room UPDATE from Realtime
2026-01-18 20:18:50.404 RedLemon[44200:309811] ✅ StreamService: Using provided metadata: Weapons
2026-01-18 20:18:50.404 RedLemon[44200:309811] ⚡️ StreamService: Resolving streams via StreamResolver (Bypassing HTTP)...
2026-01-18 20:18:50.404 RedLemon[44200:309265] 📝 [APP] 🎬 StreamService: Starting resolution for: Weapons ["file": "StreamService.swift", "level": "INFO", "line": "104"]
2026-01-18 20:18:50.404 RedLemon[44200:309811] ⚡️ StreamResolver: Resolving streams for tt26581740 (S0E0)
2026-01-18 20:18:50.405 RedLemon[44200:309811] 📝 [APP] New Session Started ["app_version": "1.0.122", "build": "122", "session_id": "67A9673F-D286-44A6-97F6-F625919E9D27", "trigger_source": "preload", "user_id": "656DAA91-33B4-4688-9135-C982EA52D7C9"]
2026-01-18 20:18:50.405 RedLemon[44200:309811] 📝 [APP] Target Content Set ["imdb_id": "tt26581740"]
2026-01-18 20:18:50.405 RedLemon[44200:309811] 📝 [RESOLVER] Started Resolution ["episode": "0", "season": "0", "type": "movie"]
2026-01-18 20:18:50.607 RedLemon[44200:309811]    📅 Filtering by year: 2025
2026-01-18 20:18:50.853 RedLemon[44200:309371] 📝 [RESOLVER] Found Verified Stream ["hash": "4dc447b080ffdfee04789e338e3e7435c894d27b", "vote_count": "8"]
📄 Subtitle request: L3N1YnRpdGxlLzM1MTI1... (offset: 0ms)
📥 Downloading subtitle from SubDL CDN: /subtitle/3512599-8435170.zip
✅ Download complete: 42012 bytes
📦 Detected ZIP archive, extracting...
🔍 Calculating compatibility scores for 1 files...
✅ Selected best match by compatibility score (20): Weapons.2025.1080p.BluRay.x265-YAWNTiC_eng SDH.srt
📦 Extracting specific file: Weapons.2025.1080p.BluRay.x265-YAWNTiC_eng SDH.srt
✅ Extraction successful
✅ Subtitle downloaded and converted to VTT
⏰ AppState: Next schedule update set for Event End: 2026-01-19 03:12:18 +0000
⏰ AppState: Scheduling update in 6863 seconds
🔄 Lobby: Fetching fresh room state from Supabase...
🔄 Lobby: Fetching fresh room state from Supabase...
✅ Lobby: Synced CLEAN stream info, metadata & playlist to AppState
✅ Lobby: Synced CLEAN stream info, metadata & playlist to AppState
🔄 Lobby: Fetching fresh room state from Supabase...
✅ Lobby: Synced CLEAN stream info, metadata & playlist to AppState
🔄 Lobby: Fetching fresh room state from Supabase...
✅ Lobby: Synced CLEAN stream info, metadata & playlist to AppState
⏰ AppState: Next schedule update set for Event End: 2026-01-19 03:12:18 +0000
⏰ AppState: Scheduling update in 6853 seconds
🧹 SocialService: Replacing optimistic message
📨 SocialService: New message from/to 96e01cdb-36c0-4228-a6e4-a29a3c66bc8e
🔄 Lobby: Fetching fresh room state from Supabase...
✅ Lobby: Synced CLEAN stream info, metadata & playlist to AppState
⏰ AppState: Next schedule update set for Event End: 2026-01-19 03:12:18 +0000
⏰ AppState: Scheduling update in 6843 seconds
🔄 Lobby: Fetching fresh room state from Supabase...
✅ Lobby: Synced CLEAN stream info, metadata & playlist to AppState
📨 SocialService: New message from/to 96e01cdb-36c0-4228-a6e4-a29a3c66bc8e
📡 [EventsConfig] Checking server for movie_events config version...
✅ [EventsConfig] Fetched movie_events version 1546 with 401 movies
✅ [EventsConfig] Using cached movie_events config (version 1546, 401 movies)
⏰ AppState: Next schedule update set for Event End: 2026-01-19 03:12:18 +0000
⏰ AppState: Scheduling update in 6833 seconds
🔄 Lobby: Fetching fresh room state from Supabase...
✅ Lobby: Synced CLEAN stream info, metadata & playlist to AppState
🔄 Lobby: Fetching fresh room state from Supabase...
♻️ Lobby: Room stopped playing. Resetting auto-start session ID.
✅ Lobby: Synced CLEAN stream info, metadata & playlist to AppState
🔄 Lobby: Fetching fresh room state from Supabase...
DEBUG: MPVPlayerViewModel.cleanup called - forcing cleanup
🔄 Lobby: markPlaybackEnded - resetting connection status for reconnection
✅ Lobby: Synced CLEAN stream info, metadata & playlist to AppState
🔔 Lobby: Displaying pending message: Host returned the group to the lobby.
🔄 Lobby: Returning from playback - resetting connection status
🎭 Lobby: Connecting to room DKTN...
🚦 Lobby State: connecting
🔄 Lobby: Fetching fresh room state from Supabase...
📡 SocialService: Updated status - In Lobby: Weapons: Weapons
✅ Lobby: Synced CLEAN stream info, metadata & playlist to AppState
✅ Lobby: Refreshed room state. isPlaying: false
🛡️ Lobby: Ensuring local media state is fresh before auto-start check...
🛑 Lobby: Ignoring auto-start on connect - Grace Period active
ℹ️ RealtimeChannelManager: Already setup for room DKTN, filtering duplicate setup call.
📡 Connection state: connected
✅ Lobby: Connected to Realtime
🚦 Lobby State: connected
🔄 Lobby: Starting database polling for participants and room state...
💓 Lobby: Starting heartbeat loop...
🔄 LobbyDatabase: Starting room state polling for guests...
🔄 Lobby: Fetching fresh room state from Supabase...
✅ Lobby: Synced CLEAN stream info, metadata & playlist to AppState
🔄 Lobby: Fetching fresh room state from Supabase...
✅ Lobby: Synced CLEAN stream info, metadata & playlist to AppState
⏰ AppState: Next schedule update set for Event End: 2026-01-19 03:12:18 +0000
⏰ AppState: Scheduling update in 6823 seconds
⏰ AppState: Next schedule update set for Event End: 2026-01-19 03:12:18 +0000
⏰ AppState: Scheduling update in 6813 seconds
🔄 Lobby: Fetching fresh room state from Supabase...
✅ Cache HIT: Metadata[meta_movie_tt26581740]
[2026-01-19T01:18:50Z] [INFO] [StreamService.swift:104] 🎬 StreamService: Starting resolution for: Weapons
🎬 StreamService: Resolving movie - trusted pack filtering will be applied server-side
✅ Lobby: Synced CLEAN stream info, metadata & playlist to AppState
🛡️ StreamResolver: Loaded 5 blocked streams from blacklist
⚡️ StreamResolver: Found Community Verified stream with 8 votes!
   ℹ️ Hash: 4dc447b080ffdfee04789e338e3e7435c894d27b
   ℹ️ Last Verified: 2026-01-12 23:32:37 +0000
🔍 Searching SubDL: tt26581740 (movie)
✅ Found 9 subtitles from SubDL (Primary)
✅ StreamResolver: Processed subtitles for 1 streams (Attached to 1)
⚡️ StreamResolver: SHORT CIRCUIT - Returning verified stream immediately.
⚡️ StreamService: Testing verified stream viability...
🔓 StreamService: Unlocking with infoHash: 4dc447b080ff...
[ INFO ] POST /api/streams/unlock [request-id: 3EE671FC-91EC-472A-AD17-65C86913FECB]
2026-01-18 20:18:51.068 RedLemon[44200:309265] 🔓 Unlock request: infoHash=4dc447b080ff..., fileIdx=0
2026-01-18 20:18:51.068 RedLemon[44200:309265] ✅ Token found, attempting unlock...
2026-01-18 20:18:51.069 RedLemon[44200:309265] ✅ Unlocked successfully: Weapons.2025.1080p.WEBRip.x264.AAC5.1-[YTS.MX].mp4
2026-01-18 20:18:51.070 RedLemon[44200:309889] 📝 [RESOLVER] Stream Unlocked ["filename": "Weapons.2025.1080p.WEBRip.x264.AAC5.1-[YTS.MX].mp4", "is_generic": "false", "original_title": "Community Verified Stream (1080p)", "url_host": "chi9-4.download.real-debrid.com"]
2026-01-18 20:18:51.070 RedLemon[44200:309889] 📥 StreamService: Pre-downloading 5 (capped from 9) subtitles...
2026-01-18 20:18:51.071 RedLemon[44200:309889] 🐛 StreamService: downloadSubtitlesInParallel called. Season: nil, Episode: nil, Count: 5
2026-01-18 20:18:51.071 RedLemon[44200:309889] 🔍 DEBUG: Processing subtitle URL: /subtitle/3512601-8435171.zip
2026-01-18 20:18:51.071 RedLemon[44200:309811] 🔍 DEBUG: Processing subtitle URL: /subtitle/3512599-8435170.zip
2026-01-18 20:18:51.071 RedLemon[44200:309996] 🔍 DEBUG: Processing subtitle URL: /subtitle/3500312-8422735.zip
2026-01-18 20:18:51.071 RedLemon[44200:309889] ✅ DEBUG: Raw SubDL URL detected, converting to proxy URL
2026-01-18 20:18:51.071 RedLemon[44200:309265] 🔍 DEBUG: Processing subtitle URL: /subtitle/3503437-8425905.zip
2026-01-18 20:18:51.071 RedLemon[44200:309811] ✅ DEBUG: Raw SubDL URL detected, converting to proxy URL
2026-01-18 20:18:51.071 RedLemon[44200:309996] ✅ DEBUG: Raw SubDL URL detected, converting to proxy URL
2026-01-18 20:18:51.071 RedLemon[44200:309265] ✅ DEBUG: Raw SubDL URL detected, converting to proxy URL
2026-01-18 20:18:51.071 RedLemon[44200:309811] 🔍 DEBUG: Processing subtitle URL: /subtitle/3500311-8422736.zip
2026-01-18 20:18:51.071 RedLemon[44200:309811] ✅ DEBUG: Raw SubDL URL detected, converting to proxy URL
2026-01-18 20:18:51.072 RedLemon[44200:309215] ✅ Guest: Stream preloaded with URL: https://chi9-4.download.real-debrid.com/d/QVXKTJ6HY5UJA42/Weapons.2025.1080p.WEB
2026-01-18 20:18:51.072 RedLemon[44200:309215] ✅ Guest: Stream preloaded. Sending READY signal.
2026-01-18 20:18:51.072 RedLemon[44200:309265] 📤 Realtime: Sending message type: chat, sender: 656daa91-33b4-4688-9135-c982ea52d7c9
2026-01-18 20:18:51.072 RedLemon[44200:309265]    Payload keys: timestamp, chatText, position, type, senderId, chatUsername
2026-01-18 20:18:51.073 RedLemon[44200:309811] ✅ Realtime: Message broadcast complete
2026-01-18 20:18:51.202 RedLemon[44200:309811] 📨 Realtime: Received broadcast message
2026-01-18 20:18:51.203 RedLemon[44200:309265] 📨 Realtime: Received broadcast message
2026-01-18 20:18:51.203 RedLemon[44200:309265]    Payload keys: senderId, chatText, chatUsername, type, position, timestamp
2026-01-18 20:18:51.203 RedLemon[44200:309811]    Payload keys: senderId, chatText, chatUsername, type, position, timestamp
2026-01-18 20:18:51.203 RedLemon[44200:309265] ✅ Realtime: Decoded message type: chat, sender: 656daa91-33b4-4688-9135-c982ea52d7c9
2026-01-18 20:18:51.203 RedLemon[44200:309811] ✅ Realtime: Decoded message type: chat, sender: 656daa91-33b4-4688-9135-c982ea52d7c9
2026-01-18 20:18:52.553 RedLemon[44200:309265] 📨 Realtime: Received broadcast message
2026-01-18 20:18:52.553 RedLemon[44200:309889] 📨 Realtime: Received broadcast message
2026-01-18 20:18:52.553 RedLemon[44200:309265]    Payload keys: timestamp, position, senderId, chatText, type, chatUsername
2026-01-18 20:18:52.553 RedLemon[44200:309889]    Payload keys: timestamp, position, senderId, chatText, type, chatUsername
2026-01-18 20:18:52.553 RedLemon[44200:309889] ✅ Realtime: Decoded message type: chat, sender: 96e01cdb-36c0-4228-a6e4-a29a3c66bc8e
2026-01-18 20:18:52.553 RedLemon[44200:309265] ✅ Realtime: Decoded message type: chat, sender: 96e01cdb-36c0-4228-a6e4-a29a3c66bc8e
2026-01-18 20:18:52.554 RedLemon[44200:309215] 🎬 Guest: Received LOBBY_START_COUNTDOWN signal
2026-01-18 20:18:52.554 RedLemon[44200:309215] 🎬 Guest: Received LOBBY_START_COUNTDOWN signal processing
2026-01-18 20:18:52.689 RedLemon[44200:309215] ✅ Guest: Synced stream info from Host (Hash: 4dc447b0) - URL cleared for fresh unlock
2026-01-18 20:18:52.689 RedLemon[44200:309215] 🛡️ Guest: preResolvedStream cleared to force fresh RD link
2026-01-18 20:18:52.730 RedLemon[44200:309215] 📨 Lobby: Received Room UPDATE from Realtime
2026-01-18 20:18:52.770 RedLemon[44200:309215] 🗑️ Guest: RD cache cleared for hash: 4dc447b0...
2026-01-18 20:18:55.925 RedLemon[44200:309215] 🎬 Guest: Fetch took 0.216s, finished countdown loop
2026-01-18 20:18:56.121 RedLemon[44200:309215] 🎬 Guest: Starting playback after countdown
2026-01-18 20:18:56.121 RedLemon[44200:309215] 🎬 Guest: Launching player for Weapons
2026-01-18 20:18:56.311 RedLemon[44200:309215] 📡 Fetching metadata for tt26581740...
2026-01-18 20:18:56.409 RedLemon[44200:309215] 🎬 PlayerVM: Using Playlist Metadata: S0E0
2026-01-18 20:18:56.409 RedLemon[44200:309215] 🚀 PlayerVM: Using DIRECT UNLOCK path (Guest Optimization)
2026-01-18 20:18:56.409 RedLemon[44200:309215]    Hash: 4dc447b080ff...
2026-01-18 20:18:56.411 RedLemon[44200:309215] 🗑️ PlayerVM: RD cache cleared for direct unlock
✅ RD cache hit: 4dc447b080ff
✅ StreamService: Stream unlocked successfully!
✅ StreamService: Verified stream is VIABLE. Returning immediately.
📝 Guest: Marked session as started (Idempotency Lock): 4dc447b0
🗑️ RD cache cleared for hash: 4dc447b080ff... (1 entries)
🔄 Lobby: Fetching fresh room state from Supabase...
✅ Lobby: Synced CLEAN stream info, metadata & playlist to AppState
⏰ AppState: Next schedule update set for Event End: 2026-01-19 03:12:18 +0000
⏰ AppState: Scheduling update in 6803 seconds
✅ Cache HIT: Metadata[meta_movie_tt26581740]
🔓 StreamService: Unlocking with infoHash: 4dc447b080ff...
[ INFO ] POST /api/streams/unlock [request-id: 8923F6DE-20E0-47FE-84C3-81D95A8DED48]
2026-01-18 20:18:56.419 RedLemon[44200:309889] 🔓 Unlock request: infoHash=4dc447b080ff..., fileIdx=0
2026-01-18 20:18:56.419 RedLemon[44200:309889] ✅ Token found, attempting unlock...
2026-01-18 20:18:57.506 RedLemon[44200:309326] 📨 Realtime: Received broadcast message
2026-01-18 20:18:57.506 RedLemon[44200:309811] 📨 Realtime: Received broadcast message
2026-01-18 20:18:57.506 RedLemon[44200:309326]    Payload keys: senderId, isPlaying, timestamp, position, type
2026-01-18 20:18:57.506 RedLemon[44200:309811]    Payload keys: senderId, isPlaying, timestamp, position, type
2026-01-18 20:18:57.506 RedLemon[44200:309326] ✅ Realtime: Decoded message type: ready, sender: 96e01cdb-36c0-4228-a6e4-a29a3c66bc8e
2026-01-18 20:18:57.506 RedLemon[44200:309811] ✅ Realtime: Decoded message type: ready, sender: 96e01cdb-36c0-4228-a6e4-a29a3c66bc8e
2026-01-18 20:18:57.507 RedLemon[44200:309215] ⚠️ Received Realtime message with no chat text
2026-01-18 20:18:57.651 RedLemon[44200:309889] 📨 Realtime: Received broadcast message
2026-01-18 20:18:57.651 RedLemon[44200:309811] 📨 Realtime: Received broadcast message
2026-01-18 20:18:57.651 RedLemon[44200:309889]    Payload keys: timestamp, isPlaying, type, position, senderId
2026-01-18 20:18:57.651 RedLemon[44200:309811]    Payload keys: timestamp, isPlaying, type, position, senderId
2026-01-18 20:18:57.651 RedLemon[44200:309889] ✅ Realtime: Decoded message type: playbackState, sender: DKTN
2026-01-18 20:18:57.651 RedLemon[44200:309811] ✅ Realtime: Decoded message type: playbackState, sender: DKTN
2026-01-18 20:18:57.652 RedLemon[44200:309215] ⚠️ Received Realtime message with no chat text
2026-01-18 20:18:58.167 RedLemon[44200:309326] ✅ Unlocked successfully: Weapons.2025.1080p.WEBRip.x264.AAC5.1-[YTS.MX].mp4
2026-01-18 20:18:58.170 RedLemon[44200:309811] 📝 [RESOLVER] Stream Unlocked ["filename": "Weapons.2025.1080p.WEBRip.x264.AAC5.1-[YTS.MX].mp4", "is_generic": "false", "original_title": "Shared Stream (Direct)", "url_host": "chi9-4.download.real-debrid.com"]
2026-01-18 20:18:58.171 RedLemon[44200:309215] ✅ PlayerVM: Direct unlock succeeded! URL: https://chi9-4.download.real-debrid.com/d/QVXKTJ6HY5UJA42/We
✅ RD addMagnet: LXFCJHZBJRUT6
🎬 Movie: Found matching file for title 'Weapons': /Weapons.2025.1080p.WEBRip.x264.AAC5.1-[YTS.MX].mp4
📝 RD: Selecting file ID 4 for torrent LXFCJHZBJRUT6
📊 RD poll 1/2: status=downloaded, links=1
🔗 Unrestricting link: https://real-debrid.com/d/D5LTHFJDOKVLE377
✅ StreamService: Stream unlocked successfully!
[ INFO ] GET /subtitles/search [request-id: 7A48954D-AFC1-4E58-B3AC-4A0D6E2EB64B]
2026-01-18 20:18:58.540 RedLemon[44200:309215] ✅ Direct Unlock: Found 9 SubDL subtitles
2026-01-18 20:18:58.542 RedLemon[44200:309215] ✅ Direct Unlock: Attached 9 SubDL subtitles to stream
2026-01-18 20:18:58.582 RedLemon[44200:309215] ✅ Stream ready, starting playback...
2026-01-18 20:18:58.595 RedLemon[44200:309326] 📝 Realtime: Registered observer 'player' (Presence: YES, Sync: NO, Status: NO)
2026-01-18 20:18:58.601 RedLemon[44200:309811] 📝 Realtime: Registered observer 'player' (Presence: NO, Sync: YES, Status: NO)
2026-01-18 20:18:58.604 RedLemon[44200:309326] 📝 [PLAYER] Resumed
2026-01-18 20:18:58.635 RedLemon[44200:309215] 🛡️ Lobby: User 96e01cdb-36c0-4228-a6e4-a29a3c66bc8e remains online (Remaining Refs: 1)
2026-01-18 20:18:58.635 RedLemon[44200:309996] 📝 [PLAYER] Load Video (Smart) ["url": "https://chi9-4.download.real-debrid.com/d/QVXKTJ6HY5UJA42/Weapons.2025.1080p.WEBRip.x264.AAC5.1-%5BYTS.MX%5D.mp4"]
🔍 Searching SubDL: tt26581740 (movie)
   ℹ️ Fallback Name: Weapons (2025)
✅ Found 9 subtitles from SubDL (Primary)
🔌 Setting up Realtime channel: watch-party:DKTN
   Role: Guest
   User ID: 656DAA91-33B4-4688-9135-C982EA52D7C9
📡 Connection state: connected
📡 Connection state: connecting
📡 Topic realtime:watch-party:DKTN already joined (interest count: 3), skipping phx_join
📡 Connection state: connected
✅ Realtime channel setup complete
✅ Cache HIT: Metadata[meta_movie_tt26581740]
[ INFO ] GET /subtitles/subdl/L3N1YnRpdGxlLzM1MDI3ODctODQyNTIzNC56aXA= [request-id: 36F9639D-1EA0-40AB-8B6A-A125BAC31C74]
2026-01-18 20:18:58.798 RedLemon[44200:309889] 📝 [PLAYER] Playback State Changed ["state": "Paused"]
2026-01-18 20:18:58.798 RedLemon[44200:309889] 📝 [PLAYER] Buffering Started
2026-01-18 20:18:59.223 RedLemon[44200:309371] 📨 Realtime: Received broadcast message
2026-01-18 20:18:59.223 RedLemon[44200:309889] 📨 Realtime: Received broadcast message
2026-01-18 20:18:59.223 RedLemon[44200:309811] 📨 Realtime: Received broadcast message
2026-01-18 20:18:59.223 RedLemon[44200:309371]    Payload keys: position, timestamp, senderId, type, isPlaying
2026-01-18 20:18:59.223 RedLemon[44200:309889]    Payload keys: position, timestamp, senderId, type, isPlaying
2026-01-18 20:18:59.223 RedLemon[44200:309811]    Payload keys: position, timestamp, senderId, type, isPlaying
2026-01-18 20:18:59.223 RedLemon[44200:309811] ✅ Realtime: Decoded message type: ready, sender: 96e01cdb-36c0-4228-a6e4-a29a3c66bc8e
2026-01-18 20:18:59.223 RedLemon[44200:309371] ✅ Realtime: Decoded message type: ready, sender: 96e01cdb-36c0-4228-a6e4-a29a3c66bc8e
2026-01-18 20:18:59.224 RedLemon[44200:309215] ⚠️ Received Realtime message with no chat text
2026-01-18 20:18:59.224 RedLemon[44200:309889] ✅ Realtime: Decoded message type: ready, sender: 96e01cdb-36c0-4228-a6e4-a29a3c66bc8e
📄 Subtitle request: L3N1YnRpdGxlLzM1MDI3... (offset: 0ms)
📥 Downloading subtitle from SubDL CDN: /subtitle/3502787-8425234.zip
📡 SocialService: Updated status - online: Weapons
⏰ AppState: Next schedule update set for Event End: 2026-01-19 03:12:18 +0000
⏰ AppState: Scheduling update in 6800 seconds
✅ Download complete: 40716 bytes
📦 Detected ZIP archive, extracting...
🔍 Calculating compatibility scores for 1 files...
✅ Selected best match by compatibility score (5): Weapons.(2025) eng.srt
📦 Extracting specific file: Weapons.(2025) eng.srt
✅ Extraction successful
✅ Subtitle downloaded and converted to VTT
[ INFO ] GET /subtitles/subdl/L3N1YnRpdGxlLzM1MTI2MDEtODQzNTE3MS56aXA= [request-id: AB30FA53-C39E-46CD-98C3-21DF8E468F9D]
2026-01-18 20:18:59.651 RedLemon[44200:309996] 📨 Realtime: Received broadcast message
2026-01-18 20:18:59.651 RedLemon[44200:309326] 📨 Realtime: Received broadcast message
2026-01-18 20:18:59.651 RedLemon[44200:309811] 📨 Realtime: Received broadcast message
2026-01-18 20:18:59.652 RedLemon[44200:309996]    Payload keys: type, isPlaying, senderId, position, timestamp
2026-01-18 20:18:59.652 RedLemon[44200:309326]    Payload keys: type, isPlaying, senderId, position, timestamp
2026-01-18 20:18:59.652 RedLemon[44200:309811]    Payload keys: type, isPlaying, senderId, position, timestamp
2026-01-18 20:18:59.652 RedLemon[44200:309326] ✅ Realtime: Decoded message type: playbackState, sender: DKTN
2026-01-18 20:18:59.652 RedLemon[44200:309996] ✅ Realtime: Decoded message type: playbackState, sender: DKTN
2026-01-18 20:18:59.652 RedLemon[44200:309215] ⚠️ Received Realtime message with no chat text
2026-01-18 20:18:59.652 RedLemon[44200:309811] ✅ Realtime: Decoded message type: playbackState, sender: DKTN
📄 Subtitle request: L3N1YnRpdGxlLzM1MTI2... (offset: 0ms)
📥 Downloading subtitle from SubDL CDN: /subtitle/3512601-8435171.zip
✅ Download complete: 36126 bytes
📦 Detected ZIP archive, extracting...
🔍 Calculating compatibility scores for 1 files...
✅ Selected best match by compatibility score (20): Weapons.2025.1080p.BluRay.x265-YAWNTiC_eng.srt
📦 Extracting specific file: Weapons.2025.1080p.BluRay.x265-YAWNTiC_eng.srt
✅ Extraction successful
✅ Subtitle downloaded and converted to VTT
[ INFO ] GET /subtitles/subdl/L3N1YnRpdGxlLzM1MTI1OTktODQzNTE3MC56aXA= [request-id: 3EAF7817-0DEC-46FE-88EF-1D2D6AE64034]
2026-01-18 20:19:00.212 RedLemon[44200:310107] 📝 [PLAYER] File Loaded ["duration": "7709.599999999999"]
2026-01-18 20:19:00.447 RedLemon[44200:309811] 📤 Realtime: Sending message type: ready, sender: 656daa91-33b4-4688-9135-c982ea52d7c9
2026-01-18 20:19:00.448 RedLemon[44200:309811]    Payload keys: type, senderId, position, timestamp, isPlaying
2026-01-18 20:19:00.449 RedLemon[44200:310107] ✅ Realtime: Message broadcast complete
2026-01-18 20:19:00.565 RedLemon[44200:309265] 📨 Realtime: Received broadcast message
2026-01-18 20:19:00.565 RedLemon[44200:309265]    Payload keys: senderId, type, position, isPlaying, timestamp
2026-01-18 20:19:00.565 RedLemon[44200:309326] 📨 Realtime: Received broadcast message
2026-01-18 20:19:00.565 RedLemon[44200:309811] 📨 Realtime: Received broadcast message
2026-01-18 20:19:00.565 RedLemon[44200:309326]    Payload keys: senderId, type, position, isPlaying, timestamp
2026-01-18 20:19:00.565 RedLemon[44200:309811]    Payload keys: senderId, type, position, isPlaying, timestamp
2026-01-18 20:19:00.565 RedLemon[44200:309326] ✅ Realtime: Decoded message type: ready, sender: 656daa91-33b4-4688-9135-c982ea52d7c9
2026-01-18 20:19:00.565 RedLemon[44200:309265] ✅ Realtime: Decoded message type: ready, sender: 656daa91-33b4-4688-9135-c982ea52d7c9
2026-01-18 20:19:00.565 RedLemon[44200:309811] ✅ Realtime: Decoded message type: ready, sender: 656daa91-33b4-4688-9135-c982ea52d7c9
2026-01-18 20:19:00.568 RedLemon[44200:309215] ⚠️ Received Realtime message with no chat text
2026-01-18 20:19:01.296 RedLemon[44200:309326] 📨 Realtime: Received broadcast message
2026-01-18 20:19:01.296 RedLemon[44200:309265] 📨 Realtime: Received broadcast message
2026-01-18 20:19:01.296 RedLemon[44200:309889] 📨 Realtime: Received broadcast message
2026-01-18 20:19:01.296 RedLemon[44200:309326]    Payload keys: isPlaying, position, timestamp, senderId, type
2026-01-18 20:19:01.296 RedLemon[44200:309889]    Payload keys: isPlaying, position, timestamp, senderId, type
2026-01-18 20:19:01.296 RedLemon[44200:309265]    Payload keys: isPlaying, position, timestamp, senderId, type
2026-01-18 20:19:01.296 RedLemon[44200:309326] ✅ Realtime: Decoded message type: ready, sender: 96e01cdb-36c0-4228-a6e4-a29a3c66bc8e
2026-01-18 20:19:01.296 RedLemon[44200:309889] ✅ Realtime: Decoded message type: ready, sender: 96e01cdb-36c0-4228-a6e4-a29a3c66bc8e
2026-01-18 20:19:01.297 RedLemon[44200:309215] ⚠️ Received Realtime message with no chat text
2026-01-18 20:19:01.297 RedLemon[44200:309265] ✅ Realtime: Decoded message type: ready, sender: 96e01cdb-36c0-4228-a6e4-a29a3c66bc8e
2026-01-18 20:19:01.704 RedLemon[44200:309326] 📨 Realtime: Received broadcast message
2026-01-18 20:19:01.704 RedLemon[44200:309265] 📨 Realtime: Received broadcast message
2026-01-18 20:19:01.704 RedLemon[44200:309996] 📨 Realtime: Received broadcast message
2026-01-18 20:19:01.704 RedLemon[44200:309326]    Payload keys: type, position, isPlaying, senderId, timestamp
2026-01-18 20:19:01.704 RedLemon[44200:309996]    Payload keys: type, position, isPlaying, senderId, timestamp
2026-01-18 20:19:01.704 RedLemon[44200:309265]    Payload keys: type, position, isPlaying, senderId, timestamp
2026-01-18 20:19:01.705 RedLemon[44200:309996] ✅ Realtime: Decoded message type: playbackState, sender: DKTN
2026-01-18 20:19:01.705 RedLemon[44200:309265] ✅ Realtime: Decoded message type: playbackState, sender: DKTN
2026-01-18 20:19:01.705 RedLemon[44200:309326] ✅ Realtime: Decoded message type: playbackState, sender: DKTN
2026-01-18 20:19:01.705 RedLemon[44200:309215] ⚠️ Received Realtime message with no chat text
2026-01-18 20:19:01.721 RedLemon[44200:309811] 📨 Realtime: Received broadcast message
2026-01-18 20:19:01.721 RedLemon[44200:309889] 📨 Realtime: Received broadcast message
2026-01-18 20:19:01.721 RedLemon[44200:309265] 📨 Realtime: Received broadcast message
2026-01-18 20:19:01.721 RedLemon[44200:309811]    Payload keys: timestamp, senderId, type, position, isPlaying
2026-01-18 20:19:01.721 RedLemon[44200:309889]    Payload keys: timestamp, senderId, type, position, isPlaying
2026-01-18 20:19:01.721 RedLemon[44200:309265]    Payload keys: timestamp, senderId, type, position, isPlaying
2026-01-18 20:19:01.721 RedLemon[44200:309811] ✅ Realtime: Decoded message type: play, sender: 96e01cdb-36c0-4228-a6e4-a29a3c66bc8e
2026-01-18 20:19:01.721 RedLemon[44200:309265] ✅ Realtime: Decoded message type: play, sender: 96e01cdb-36c0-4228-a6e4-a29a3c66bc8e
2026-01-18 20:19:01.721 RedLemon[44200:309889] ✅ Realtime: Decoded message type: play, sender: 96e01cdb-36c0-4228-a6e4-a29a3c66bc8e
2026-01-18 20:19:01.725 RedLemon[44200:309215] ⚠️ Received Realtime message with no chat text
2026-01-18 20:19:01.726 RedLemon[44200:309215] 🛡️ Lobby: User 656daa91-33b4-4688-9135-c982ea52d7c9 remains online (Remaining Refs: 1)
2026-01-18 20:19:01.743 RedLemon[44200:309326] 📝 [PLAYER] Playback State Changed ["state": "Playing"]
2026-01-18 20:19:02.528 RedLemon[44200:309326] 📨 Realtime: Received broadcast message
2026-01-18 20:19:02.528 RedLemon[44200:309996] 📨 Realtime: Received broadcast message
2026-01-18 20:19:02.528 RedLemon[44200:309889] 📨 Realtime: Received broadcast message
2026-01-18 20:19:02.528 RedLemon[44200:309326]    Payload keys: senderId, isPlaying, timestamp, position, type
2026-01-18 20:19:02.528 RedLemon[44200:309996]    Payload keys: senderId, isPlaying, timestamp, position, type
2026-01-18 20:19:02.528 RedLemon[44200:309889]    Payload keys: senderId, isPlaying, timestamp, position, type
2026-01-18 20:19:02.529 RedLemon[44200:309889] ✅ Realtime: Decoded message type: play, sender: 96e01cdb-36c0-4228-a6e4-a29a3c66bc8e
2026-01-18 20:19:02.529 RedLemon[44200:309326] ✅ Realtime: Decoded message type: play, sender: 96e01cdb-36c0-4228-a6e4-a29a3c66bc8e
2026-01-18 20:19:02.530 RedLemon[44200:309996] ✅ Realtime: Decoded message type: play, sender: 96e01cdb-36c0-4228-a6e4-a29a3c66bc8e
2026-01-18 20:19:02.530 RedLemon[44200:309215] ⚠️ Received Realtime message with no chat text
2026-01-18 20:19:03.239 RedLemon[44200:309889] 📝 [PLAYER] Playback Finished (EOF)
2026-01-18 20:19:03.251 RedLemon[44200:309811] 📝 [PLAYER] Playback State Changed ["state": "Paused"]
2026-01-18 20:19:03.737 RedLemon[44200:309811] 📨 Realtime: Received broadcast message
2026-01-18 20:19:03.737 RedLemon[44200:309996] 📨 Realtime: Received broadcast message
2026-01-18 20:19:03.737 RedLemon[44200:309326] 📨 Realtime: Received broadcast message
2026-01-18 20:19:03.737 RedLemon[44200:309996]    Payload keys: senderId, timestamp, isPlaying, position, type
2026-01-18 20:19:03.737 RedLemon[44200:309811]    Payload keys: senderId, timestamp, isPlaying, position, type
2026-01-18 20:19:03.737 RedLemon[44200:309326]    Payload keys: senderId, timestamp, isPlaying, position, type
2026-01-18 20:19:03.737 RedLemon[44200:309326] ✅ Realtime: Decoded message type: playbackState, sender: DKTN
2026-01-18 20:19:03.737 RedLemon[44200:309811] ✅ Realtime: Decoded message type: playbackState, sender: DKTN
2026-01-18 20:19:03.738 RedLemon[44200:309996] ✅ Realtime: Decoded message type: playbackState, sender: DKTN
2026-01-18 20:19:03.845 RedLemon[44200:309326] 📝 Realtime: Unregistered observer 'player'
2026-01-18 20:19:03.846 RedLemon[44200:309215] ⚠️ Received Realtime message with no chat text
2026-01-18 20:19:03.998 RedLemon[44200:309215] 🛑 Guest: Ignoring playback signal - just finished playback (Grace Period)
2026-01-18 20:19:03.998 RedLemon[44200:309215] 🛑 Guest: Ignoring playback signal - just finished playback (Grace Period)
2026-01-18 20:19:04.113 RedLemon[44200:309326] ❌ [20:19:04.113] [NETWORK] [SupabaseClient.swift:336] Supabase API Error: duplicate key value violates unique constraint "room_participants_pkey"
2026-01-18 20:19:04.113 RedLemon[44200:309326] ⚠️ SupabaseClient: User already in room (Caught: duplicate key value violates unique constraint "room_participants_pkey"), proceeding...
2026-01-18 20:19:04.113 RedLemon[44200:309215] ✅ Guest joined room DKTN in database
2026-01-18 20:19:04.385 RedLemon[44200:309326] 📝 Realtime: Registered observer 'lobby' (Presence: YES, Sync: NO, Status: NO)
2026-01-18 20:19:04.385 RedLemon[44200:309326] 📝 Realtime: Registered observer 'lobby' (Presence: NO, Sync: YES, Status: NO)
2026-01-18 20:19:04.408 RedLemon[44200:309326] 📤 Realtime: Sending message type: chat, sender: 656daa91-33b4-4688-9135-c982ea52d7c9
2026-01-18 20:19:04.408 RedLemon[44200:309326]    Payload keys: chatText, timestamp, chatUsername, type, senderId, position
2026-01-18 20:19:04.410 RedLemon[44200:309889] ✅ Realtime: Message broadcast complete
2026-01-18 20:19:04.421 RedLemon[44200:309889] 🔐 SupabaseClient: Signing Identity Payload: '1768785544656daa91-33b4-4688-9135-c982ea52d7c9/rpc/room_heartbeat'
2026-01-18 20:19:04.422 RedLemon[44200:309889] 🔐 Signed request to /rpc/room_heartbeat
2026-01-18 20:19:04.530 RedLemon[44200:309811] 📨 Realtime: Received broadcast message
2026-01-18 20:19:04.530 RedLemon[44200:309326] 📨 Realtime: Received broadcast message
2026-01-18 20:19:04.530 RedLemon[44200:309996] 📨 Realtime: Received broadcast message
2026-01-18 20:19:04.530 RedLemon[44200:309811]    Payload keys: timestamp, position, chatUsername, chatText, senderId, type
2026-01-18 20:19:04.530 RedLemon[44200:309326]    Payload keys: timestamp, position, chatUsername, chatText, senderId, type
2026-01-18 20:19:04.530 RedLemon[44200:309996]    Payload keys: timestamp, position, chatUsername, chatText, senderId, type
2026-01-18 20:19:04.531 RedLemon[44200:309811] ✅ Realtime: Decoded message type: chat, sender: 656daa91-33b4-4688-9135-c982ea52d7c9
2026-01-18 20:19:04.531 RedLemon[44200:309326] ✅ Realtime: Decoded message type: chat, sender: 656daa91-33b4-4688-9135-c982ea52d7c9
2026-01-18 20:19:04.531 RedLemon[44200:309996] ✅ Realtime: Decoded message type: chat, sender: 656daa91-33b4-4688-9135-c982ea52d7c9
2026-01-18 20:19:04.531 RedLemon[44200:309215] 👋 Received: Guest 'ursinho' joined room DKTN
2026-01-18 20:19:04.624 RedLemon[44200:309215] 🛑 Guest: Ignoring playback signal - just finished playback (Grace Period)
2026-01-18 20:19:04.624 RedLemon[44200:309215] 🛑 Guest: Ignoring playback signal - just finished playback (Grace Period)
2026-01-18 20:19:04.772 RedLemon[44200:309996] ❌ [20:19:04.772] [SUBTITLES] [MPVWrapper.swift:779] getSubtitleTracks: MPV not initialized
2026-01-18 20:19:04.813 RedLemon[44200:309215] 📨 Lobby: Received Room UPDATE from Realtime
2026-01-18 20:19:05.781 RedLemon[44200:309996] 📨 Realtime: Received broadcast message
2026-01-18 20:19:05.781 RedLemon[44200:309811] 📨 Realtime: Received broadcast message
2026-01-18 20:19:05.781 RedLemon[44200:309265] 📨 Realtime: Received broadcast message
2026-01-18 20:19:05.781 RedLemon[44200:309996]    Payload keys: senderId, type, position, isPlaying, timestamp
2026-01-18 20:19:05.781 RedLemon[44200:309811]    Payload keys: senderId, type, position, isPlaying, timestamp
2026-01-18 20:19:05.781 RedLemon[44200:309265]    Payload keys: senderId, type, position, isPlaying, timestamp
2026-01-18 20:19:05.782 RedLemon[44200:309996] ✅ Realtime: Decoded message type: playbackState, sender: DKTN
2026-01-18 20:19:05.782 RedLemon[44200:309265] ✅ Realtime: Decoded message type: playbackState, sender: DKTN
2026-01-18 20:19:05.782 RedLemon[44200:309215] ⚠️ Received Realtime message with no chat text
2026-01-18 20:19:05.782 RedLemon[44200:309811] ✅ Realtime: Decoded message type: playbackState, sender: DKTN
2026-01-18 20:19:06.108 RedLemon[44200:309215] 📨 Lobby: Received Room UPDATE from Realtime
2026-01-18 20:19:06.109 RedLemon[44200:309215] 📨 Lobby: Received Room UPDATE from Realtime
2026-01-18 20:19:06.933 RedLemon[44200:309215] 🛑 Guest: Ignoring playback signal - just finished playback (Grace Period)
2026-01-18 20:19:06.933 RedLemon[44200:309215] 🛑 Guest: Ignoring playback signal - just finished playback (Grace Period)
2026-01-18 20:19:07.848 RedLemon[44200:309326] 📨 Realtime: Received broadcast message
2026-01-18 20:19:07.848 RedLemon[44200:309811] 📨 Realtime: Received broadcast message
2026-01-18 20:19:07.848 RedLemon[44200:309889] 📨 Realtime: Received broadcast message
2026-01-18 20:19:07.848 RedLemon[44200:309326]    Payload keys: position, senderId, type, timestamp, isPlaying
2026-01-18 20:19:07.848 RedLemon[44200:309811]    Payload keys: position, senderId, type, timestamp, isPlaying
2026-01-18 20:19:07.848 RedLemon[44200:309889]    Payload keys: position, senderId, type, timestamp, isPlaying
2026-01-18 20:19:07.849 RedLemon[44200:309811] ✅ Realtime: Decoded message type: playbackState, sender: DKTN
2026-01-18 20:19:07.849 RedLemon[44200:309889] ✅ Realtime: Decoded message type: playbackState, sender: DKTN
2026-01-18 20:19:07.849 RedLemon[44200:309215] ⚠️ Received Realtime message with no chat text
2026-01-18 20:19:07.849 RedLemon[44200:309326] ✅ Realtime: Decoded message type: playbackState, sender: DKTN
2026-01-18 20:19:09.245 RedLemon[44200:309215] 🛑 Guest: Blocking auto-start loop. Already played stream: 4dc447b0
2026-01-18 20:19:09.793 RedLemon[44200:309889] 📨 Realtime: Received broadcast message
2026-01-18 20:19:09.793 RedLemon[44200:309811] 📨 Realtime: Received broadcast message
2026-01-18 20:19:09.793 RedLemon[44200:309326] 📨 Realtime: Received broadcast message
2026-01-18 20:19:09.793 RedLemon[44200:309889]    Payload keys: timestamp, senderId, type, isPlaying, position
2026-01-18 20:19:09.793 RedLemon[44200:309811]    Payload keys: timestamp, senderId, type, isPlaying, position
2026-01-18 20:19:09.793 RedLemon[44200:309326]    Payload keys: timestamp, senderId, type, isPlaying, position
2026-01-18 20:19:09.793 RedLemon[44200:309889] ✅ Realtime: Decoded message type: playbackState, sender: DKTN
2026-01-18 20:19:09.793 RedLemon[44200:309811] ✅ Realtime: Decoded message type: playbackState, sender: DKTN
2026-01-18 20:19:09.793 RedLemon[44200:309326] ✅ Realtime: Decoded message type: playbackState, sender: DKTN
2026-01-18 20:19:09.794 RedLemon[44200:309215] ⚠️ Received Realtime message with no chat text
2026-01-18 20:19:11.418 RedLemon[44200:309215] 🛑 Guest: Blocking auto-start loop. Already played stream: 4dc447b0
2026-01-18 20:19:11.705 RedLemon[44200:310107] 📨 Realtime: Received broadcast message
2026-01-18 20:19:11.705 RedLemon[44200:309996] 📨 Realtime: Received broadcast message
2026-01-18 20:19:11.705 RedLemon[44200:309811] 📨 Realtime: Received broadcast message
2026-01-18 20:19:11.705 RedLemon[44200:310107]    Payload keys: position, senderId, type, timestamp, isPlaying
2026-01-18 20:19:11.705 RedLemon[44200:309811]    Payload keys: position, senderId, type, timestamp, isPlaying
2026-01-18 20:19:11.705 RedLemon[44200:309996]    Payload keys: position, senderId, type, timestamp, isPlaying
2026-01-18 20:19:11.706 RedLemon[44200:310107] ✅ Realtime: Decoded message type: playbackState, sender: DKTN
2026-01-18 20:19:11.706 RedLemon[44200:309811] ✅ Realtime: Decoded message type: playbackState, sender: DKTN
2026-01-18 20:19:11.706 RedLemon[44200:309996] ✅ Realtime: Decoded message type: playbackState, sender: DKTN
2026-01-18 20:19:11.706 RedLemon[44200:309215] ⚠️ Received Realtime message with no chat text
2026-01-18 20:19:13.658 RedLemon[44200:309996] 📨 Realtime: Received broadcast message
2026-01-18 20:19:13.658 RedLemon[44200:309889] 📨 Realtime: Received broadcast message
2026-01-18 20:19:13.658 RedLemon[44200:310107] 📨 Realtime: Received broadcast message
2026-01-18 20:19:13.658 RedLemon[44200:309996]    Payload keys: isPlaying, position, senderId, type, timestamp
2026-01-18 20:19:13.658 RedLemon[44200:309889]    Payload keys: isPlaying, position, senderId, type, timestamp
2026-01-18 20:19:13.658 RedLemon[44200:310107]    Payload keys: isPlaying, position, senderId, type, timestamp
2026-01-18 20:19:13.659 RedLemon[44200:310107] ✅ Realtime: Decoded message type: playbackState, sender: DKTN
2026-01-18 20:19:13.659 RedLemon[44200:309889] ✅ Realtime: Decoded message type: playbackState, sender: DKTN
2026-01-18 20:19:13.659 RedLemon[44200:309996] ✅ Realtime: Decoded message type: playbackState, sender: DKTN
2026-01-18 20:19:13.659 RedLemon[44200:309215] ⚠️ Received Realtime message with no chat text
2026-01-18 20:19:13.723 RedLemon[44200:309215] 🛑 Guest: Blocking auto-start loop. Already played stream: 4dc447b0
📄 Subtitle request: L3N1YnRpdGxlLzM1MTI1... (offset: 0ms)
📥 Downloading subtitle from SubDL CDN: /subtitle/3512599-8435170.zip
✅ Download complete: 42012 bytes
📦 Detected ZIP archive, extracting...
🔍 Calculating compatibility scores for 1 files...
✅ Selected best match by compatibility score (20): Weapons.2025.1080p.BluRay.x265-YAWNTiC_eng SDH.srt
📦 Extracting specific file: Weapons.2025.1080p.BluRay.x265-YAWNTiC_eng SDH.srt
✅ Extraction successful
✅ Subtitle downloaded and converted to VTT
🔄 Lobby: markPlaybackEnded - resetting connection status for reconnection
DEBUG: MPVPlayerViewModel.cleanup called - forcing cleanup
🎭 Lobby: Connecting to room DKTN...
🚦 Lobby State: connecting
📡 SocialService: Updated status - In Lobby: Weapons: Weapons
✅ Lobby: Refreshed room state. isPlaying: true
🛡️ Lobby: Ensuring local media state is fresh before auto-start check...
🛑 Lobby: Ignoring auto-start on connect - Grace Period active
ℹ️ RealtimeChannelManager: Already setup for room DKTN, filtering duplicate setup call.
📡 Connection state: connected
✅ Lobby: Connected to Realtime
🚦 Lobby State: connected
🔄 Lobby: Starting database polling for participants and room state...
💓 Lobby: Starting heartbeat loop...
🔄 LobbyDatabase: Starting room state polling for guests...
🔄 Lobby: Fetching fresh room state from Supabase...
✅ Lobby: Synced CLEAN stream info, metadata & playlist to AppState
⏰ AppState: Next schedule update set for Event End: 2026-01-19 03:12:18 +0000
⏰ AppState: Scheduling update in 6793 seconds
🔄 Lobby: Fetching fresh room state from Supabase...
🔄 Lobby: Fetching fresh room state from Supabase...
✅ Lobby: Synced CLEAN stream info, metadata & playlist to AppState
✅ Lobby: Synced CLEAN stream info, metadata & playlist to AppState
