2026-01-20 20:16:15.988 RedLemon[33502:280037] 🪟 Set initial window to expanded size: (0.0, 148.0, 1366.0, 595.0)
2026-01-20 20:16:15.988 RedLemon[33502:280037] ✅ Cache cleanup timer started (runs every 30 minutes)
2026-01-20 20:16:16.065 RedLemon[33502:280037] 🔄 Resetting playback state to prevent auto-selection...
2026-01-20 20:16:16.067 RedLemon[33502:280037] ⚠️ PlayerVM: currentWatchPartyRoom set to NIL. Stack Trace unavailable, but check recent logs.
2026-01-20 20:16:16.103 RedLemon[33502:280037] ✅ Playback state reset complete - starting in browse view
2026-01-20 20:16:16.103 RedLemon[33502:280037] 🔐 APP STARTUP: Loading stored user credentials...
2026-01-20 20:16:16.103 RedLemon[33502:280037] 🧪 Testing Profile: debug
2026-01-20 20:16:16.111 RedLemon[33502:280109] 📂 Loaded 5 credential(s) from cache
2026-01-20 20:16:16.151 RedLemon[33502:280037] ✅ Keychain: Found stored username: ursinho
2026-01-20 20:16:16.151 RedLemon[33502:280037] 🔍 Supabase: Looking up user 'ursinho' in database...
2026-01-20 20:16:16.152 RedLemon[33502:280109] 🔍 SupabaseClient: Looking up user by username 'ursinho'
2026-01-20 20:16:16.538 RedLemon[33502:280110] 📡 SupabaseClient: User lookup response received (399 bytes)
2026-01-20 20:16:16.548 RedLemon[33502:280110] ✅ SupabaseClient: Decoded 1 users from response
2026-01-20 20:16:16.548 RedLemon[33502:280110] 👤 SupabaseClient: Found user - ursinho (ID: 656DAA91-33B4-4688-9135-C982EA52D7C9)
2026-01-20 20:16:16.600 RedLemon[33502:280037] ✅ AUTH SUCCESS: User authenticated - ursinho (ID: 656DAA91-33B4-4688-9135-C982EA52D7C9)
2026-01-20 20:16:16.600 RedLemon[33502:280037] 🎯 AppState: currentUsername=ursinho, currentUserId=656DAA91-33B4-4688-9135-C982EA52D7C9
2026-01-20 20:16:18.453 RedLemon[33502:280037] 🏁 AUTH COMPLETE: Final state - username=ursinho, userId=656DAA91-33B4-4688-9135-C982EA52D7C9
2026-01-20 20:16:18.459 RedLemon[33502:280037] 🚀 RedLemon: Starting HTTP server...
2026-01-20 20:16:18.459 RedLemon[33502:280037] 📋 RedLemon: Current directory: /Users/danielnoble/Desktop/Redlemon
2026-01-20 20:16:18.482 RedLemon[33502:280037] ✅ RedLemon: HTTPServer instance created
2026-01-20 20:16:18.483 RedLemon[33502:280037] ✅ RedLemon: Server marked as ready (Optimistic)
2026-01-20 20:16:18.483 RedLemon[33502:280109] 📡 RedLemon: Server starting on port 47253...
⏲️ [EventsConfig] Starting polling fallback (every 60s)
🔌 Connecting to Supabase Realtime: wss://151.243.109.243.nip.io/realtime/v1/websocket
✅ Connected to Supabase Realtime
📡 Sparkle requesting feed URL: https://151.243.109.243.nip.io/updates/appcast.xml
✅ Sparkle configured (seamless mode)
   Appcast URL: https://151.243.109.243.nip.io/updates/appcast.xml
   Can check: true
📅 EventsView appeared
🎬 [EventsView] Fetching movie events from centralized config...
📡 [EventsConfig] Checking server for movie_events config version...
🔍 Memory pressure monitoring enabled (safe mode)
🔍 Silent update check (custom implementation)...
📦 Current build: 124, Latest build: 124
✅ App is up to date (current: 124, latest: 124)
🖥️ CacheManager initialized with fixed conservative limits
   Image cache limit: 30 items
📡 Joined channel: realtime:events_config_updates (interest count: 1)
✅ [EventsConfig] Subscribed to realtime schedule updates
📡 Sparkle requesting feed URL: https://151.243.109.243.nip.io/updates/appcast.xml
✅ [EventsConfig] Fetched movie_events version 1560 with 405 movies
✅ [EventsConfig] Using cached movie_events config (version 1560, 405 movies)
✅ [EventsView] Loaded 405 movies from config version 1560
🗓 AppState: Updated schedule epoch to 2026-01-20 07:52:51 +0000
⏰ AppState: Next schedule update set for Event End: 2026-01-21 01:39:51 +0000
⏰ AppState: Scheduling update in 1414 seconds
🔌 SocialService: Connecting to global presence...
🔌 Connecting to Supabase Realtime: wss://151.243.109.243.nip.io/realtime/v1/websocket
✅ Connected to Supabase Realtime
✅ SocialService: Presence connected
🖼️ [CACHE] Cached image data for key: https://images.metahub.space/background/medium/tt0480687/img (901283 bytes)
🖼️ [CACHE] Cached image data for key: https://images.metahub.space/background/medium/tt0266915/img (786827 bytes)
🖼️ [CACHE] Cached image data for key: https://images.metahub.space/background/medium/tt29644189/img (793673 bytes)
📊 AppState: Polled participant counts - Active: ["tt0266915": 1]
⏰ AppState: Next schedule update set for Event End: 2026-01-21 01:39:51 +0000
⏰ AppState: Scheduling update in 1414 seconds
📡 Joined channel: realtime:global-presence (interest count: 1)
📊 AppState: Polled participant counts - Active: ["tt0266915": 1]
⏰ AppState: Next schedule update set for Event End: 2026-01-21 01:39:51 +0000
⏰ AppState: Scheduling update in 1414 seconds
✅ SocialService: Connected to global presence
🔌 SocialService: Connecting to social realtime channels...
🔌 Connecting to Supabase Realtime: wss://151.243.109.243.nip.io/realtime/v1/websocket
✅ Connected to Supabase Realtime
✅ SocialService: DM channel connected
📈 SocialService: User 96e01cdb-36c0-4228-a6e4-a29a3c66bc8e came online
📈 SocialService: User 656daa91-33b4-4688-9135-c982ea52d7c9 came online
📡 Joined channel: realtime:direct_messages (interest count: 1)
📡 Joined channel: realtime:friendships (interest count: 1)
✅ SocialService: Connected to social channels
📬 SocialService: Fetched 0 unread messages
🔄 SocialService: Syncing 50 items to cloud...
🔄 SocialService: Syncing 50 items to cloud (serial)...
✅ Token routes registered:
   POST /tokens/save
   POST /tokens/delete
   GET  /tokens/list
✅ Unlock routes registered:
   POST /api/streams/unlock
✅ Stream routes registered:
   POST /api/streams/resolve
   GET  /api/streams/resolveByQuality
   GET  /api/streams/resolveAll
✅ Proxy routes registered:
   GET /play/rd/:infoHash/:fileIdx
   GET /play/rd/:infoHash
✅ Subtitle routes registered:
   GET /subtitles/search?imdbId=&type=
   GET /subtitles/subdl/:encodedPath
✅ All routes registered
✅ HTTP Server configured on http://127.0.0.1:47253
🚀 Starting HTTP server...
✅ Providers initialized: torrentio, comet, zilean, mediafusion, debridsearch
[ NOTICE ] Server started on http://127.0.0.1:47253
2026-01-20 20:16:18.526 RedLemon[33502:280037] ✅ RedLemon: Server should be running on http://127.0.0.1:47253
2026-01-20 20:16:18.526 RedLemon[33502:280037] 🏥 [AppState] Starting global provider health check...
2026-01-20 20:16:18.527 RedLemon[33502:280037] 🔍 Performing startup checks...
2026-01-20 20:16:18.527 RedLemon[33502:280037] ✅ Username-based authentication ready
2026-01-20 20:16:18.528 RedLemon[33502:280103] 🔐 Signed request to /check-payment
2026-01-20 20:16:19.063 RedLemon[33502:280110] 🎬 Torrentio: Building URL for movie (no season/episode)
2026-01-20 20:16:19.063 RedLemon[33502:280110] 🔗 Torrentio URL (length: 55): https://torrentio.strem.fun/stream/movie/tt0133093.json...
2026-01-20 20:16:19.906 RedLemon[33502:280037] ✅ [AppState] Provider health check complete (found 7 services)
2026-01-20 20:16:20.039 RedLemon[33502:280037] 🔄 Checking for app updates...
✅ HTTP server running on http://127.0.0.1:47253

🔗 Available endpoints:
   http://127.0.0.1:47253/health
   http://127.0.0.1:47253/status
   http://127.0.0.1:47253/api/health

💰 LicenseManager: Starting hybrid license check...
✅ SubDLClient initialized
👤 LicenseManager: Profile expiry: Optional(2026-02-11 06:00:30 +0000)
🔍 Silent update check (custom implementation)...
⏰ TimeService: Synchronizing clock with server...
🎉 License updated! Expires: 2026-02-11 06:00:30 +0000
📦 Current build: 124, Latest build: 124
✅ App is up to date (current: 124, latest: 124)
✅ TimeService: Synced! Offset: 0.052s (RTT: 135ms)
   Local:  2026-01-21 01:16:20 +0000
   Server: 2026-01-21 01:16:20 +0000
⏰ Time synced with server! AppState should automatically recalculate.
📡 [EventsConfig] Checking server for movie_events config version...
📡 [EventsConfig] Checking server for movie_events config version...
✅ [EventsConfig] Fetched movie_events version 1560 with 405 movies
✅ [EventsConfig] Fetched movie_events version 1560 with 405 movies
✅ [EventsConfig] Using cached movie_events config (version 1560, 405 movies)
✅ [EventsConfig] Using cached movie_events config (version 1560, 405 movies)
✅ SocialService: Event event_tt0266915 is JOINABLE (Live or Next Up) - allowing join
✅ SocialService: Event event_tt0266915 is JOINABLE (Live or Next Up) - allowing join
📊 AppState: Polled participant counts - Active: ["tt0266915": 2]
⏰ AppState: Next schedule update set for Event End: 2026-01-21 01:39:51 +0000
⏰ AppState: Scheduling update in 1403 seconds
📊 AppState: Polled participant counts - Active: ["tt0266915": 2]
⏰ AppState: Next schedule update set for Event End: 2026-01-21 01:39:51 +0000
⏰ AppState: Scheduling update in 1394 seconds
📊 AppState: Polled participant counts - Active: ["tt0266915": 2]
⏰ AppState: Next schedule update set for Event End: 2026-01-21 01:39:51 +0000
⏰ AppState: Scheduling update in 1383 seconds
[ INFO ] GET /api/metadata/catalog/movie/popular [request-id: 1A89B4C2-84CE-4EDF-A669-80BC8FF5197B]
🔍 [Server] Proxying catalog request to: https://v3-cinemeta.strem.io/catalog/movie/popular.json
📡 SocialService: Updated status - Browsing: 
📉 SocialService: User 656daa91-33b4-4688-9135-c982ea52d7c9 went offline (No active refs)
📈 SocialService: User 656daa91-33b4-4688-9135-c982ea52d7c9 came online
🖼️ [CACHE] Cached image data for key: https://images.metahub.space/poster/small/tt4972582/img (13838 bytes)
🖼️ [CACHE] Cached image data for key: https://images.metahub.space/poster/small/tt30144839/img (35849 bytes)
🖼️ [CACHE] Cached image data for key: https://images.metahub.space/poster/small/tt1144884/img (36500 bytes)
🖼️ [CACHE] Cached image data for key: https://images.metahub.space/poster/small/tt3291150/img (33004 bytes)
🖼️ [CACHE] Cached image data for key: https://images.metahub.space/poster/small/tt1591095/img (21702 bytes)
🖼️ [CACHE] Cached image data for key: https://images.metahub.space/poster/small/tt0266915/img (29028 bytes)
🖼️ [CACHE] Cached image data for key: https://images.metahub.space/poster/small/tt8790086/img (25859 bytes)
💾 Cache SET: Catalog[quick_movie_atp.json_7] (7 items)
💾 Cache SET: Catalog[popular_movies_fixed] (15 items)
🖼️ [CACHE] Cached image data for key: https://images.metahub.space/poster/small/tt4627382/img (18234 bytes)
🖼️ [CACHE] Cached image data for key: https://images.metahub.space/poster/small/tt1591095/img (21702 bytes)
🖼️ [CACHE] Cached image data for key: https://images.metahub.space/poster/small/tt4972582/img (13838 bytes)
🖼️ [CACHE] Cached image data for key: https://images.metahub.space/poster/small/tt0266915/img (29028 bytes)
🖼️ [CACHE] Cached image data for key: https://images.metahub.space/poster/small/tt4627382/img (18234 bytes)
🖼️ [CACHE] Cached image data for key: https://images.metahub.space/poster/small/tt8790086/img (25859 bytes)
🖼️ [CACHE] Cached image data for key: https://images.metahub.space/poster/small/tt26581740/img (9526 bytes)
🖼️ [CACHE] Cached image data for key: https://images.metahub.space/poster/small/tt26581740/img (9526 bytes)
🖼️ [CACHE] Cached image data for key: https://images.metahub.space/poster/small/tt0325980/img (41340 bytes)
🖼️ [CACHE] Cached image data for key: https://images.metahub.space/poster/small/tt3501632/img (31944 bytes)
🖼️ [CACHE] Cached image data for key: https://images.metahub.space/poster/small/tt0486946/img (45947 bytes)
🖼️ [CACHE] Cached image data for key: https://images.metahub.space/poster/small/tt0325980/img (41340 bytes)
🖼️ [CACHE] Cached image data for key: https://images.metahub.space/poster/small/tt0415306/img (40452 bytes)
🖼️ [CACHE] Cached image data for key: https://images.metahub.space/poster/small/tt0415306/img (40452 bytes)
🖼️ [CACHE] Cached image data for key: https://images.metahub.space/poster/small/tt3291150/img (33004 bytes)
🖼️ [CACHE] Cached image data for key: https://images.metahub.space/poster/small/tt0486946/img (45947 bytes)
🖼️ [CACHE] Cached image data for key: https://images.metahub.space/poster/small/tt30144839/img (35849 bytes)
🖼️ [CACHE] Cached image data for key: https://images.metahub.space/poster/small/tt1144884/img (36500 bytes)
🖼️ [CACHE] Cached image data for key: https://images.metahub.space/poster/small/tt3501632/img (31944 bytes)
💾 Cache SET: Catalog[quick_movie_nfx.json_7] (7 items)
💾 Cache SET: Catalog[quick_movie_amp.json_7] (7 items)
💾 Cache SET: Catalog[quick_movie_hbm.json_7] (7 items)
💾 Cache SET: Catalog[quick_movie_pmp.json_7] (7 items)
💾 Cache SET: Catalog[quick_movie_dnp.json_7] (7 items)
🖼️ [CACHE] Cached image data for key: https://images.metahub.space/poster/small/tt31227572/img (24034 bytes)
🖼️ [CACHE] Cached image data for key: https://images.metahub.space/poster/small/tt34610311/img (30787 bytes)
🖼️ [CACHE] Cached image data for key: https://images.metahub.space/poster/small/tt14142060/img (29910 bytes)
🖼️ [CACHE] Cached image data for key: https://images.metahub.space/poster/small/tt27543632/img (31446 bytes)
🖼️ [CACHE] Cached image data for key: https://images.metahub.space/poster/small/tt30254719/img (39370 bytes)
🖼️ [CACHE] Cached image data for key: https://images.metahub.space/poster/small/tt10799690/img (40967 bytes)
🖼️ [CACHE] Cached image data for key: https://images.metahub.space/poster/small/tt29780866/img (35175 bytes)
🖼️ [CACHE] Cached image data for key: https://images.metahub.space/poster/small/tt0083655/img (25109 bytes)
🖼️ [CACHE] Cached image data for key: https://images.metahub.space/poster/small/tt4712810/img (37396 bytes)
🖼️ [CACHE] Cached image data for key: https://images.metahub.space/poster/small/tt26443597/img (43534 bytes)
🖼️ [CACHE] Cached image data for key: https://images.metahub.space/poster/small/tt32820897/img (53296 bytes)
🖼️ [CACHE] Cached image data for key: https://images.metahub.space/poster/small/tt32642706/img (22671 bytes)
🖼️ [CACHE] Cached image data for key: https://images.metahub.space/poster/small/tt13186306/img (30978 bytes)
🖼️ [CACHE] Cached image data for key: https://images.metahub.space/poster/small/tt1757678/img (45682 bytes)
💾 Cache SET: Catalog[catalog_movie_atp.json] (15 items)
💾 Cache SET: Catalog[quick_movie_top.json_7] (7 items)
🗑️ Cache evicted 10 items
🖼️ [CACHE] Cached image data for key: https://images.metahub.space/poster/small/tt31495504/img (34216 bytes)
💾 Cache SET: Catalog[catalog_movie_nfx.json] (15 items)
💾 Cache SET: Catalog[catalog_movie_amp.json] (15 items)
💾 Cache SET: Catalog[catalog_movie_hbm.json] (15 items)
💾 Cache SET: Catalog[catalog_movie_pmp.json] (15 items)
💾 Cache SET: Catalog[catalog_movie_dnp.json] (15 items)
💾 Cache SET: Catalog[quick_movie_hlu.json_7] (7 items)
🖼️ [CACHE] Cached image data for key: https://images.justwatch.com/poster/330575949/s332/img (33224 bytes)
🖼️ [CACHE] Cached image data for key: https://images.justwatch.com/poster/336298604/s332/img (33569 bytes)
💾 Cache SET: Catalog[quick_movie_stz.json_7] (7 items)
💾 Cache SET: Catalog[quick_movie_pcp.json_7] (7 items)
🖼️ [CACHE] Cached image data for key: https://images.justwatch.com/poster/322729101/s332/img (28143 bytes)
🖼️ [CACHE] Cached image data for key: https://images.justwatch.com/poster/256784897/s332/img (48660 bytes)
💾 Cache SET: Catalog[catalog_movie_top.json] (15 items)
🖼️ [CACHE] Cached image data for key: https://images.justwatch.com/poster/336662820/s332/img (50316 bytes)
🖼️ [CACHE] Cached image data for key: https://images.justwatch.com/poster/336295680/s332/img (36731 bytes)
🖼️ [CACHE] Cached image data for key: https://images.justwatch.com/poster/304360454/s332/img (34028 bytes)
🖼️ [CACHE] Cached image data for key: https://images.justwatch.com/poster/336243710/s332/img (29619 bytes)
🖼️ [CACHE] Cached image data for key: https://images.justwatch.com/poster/320046743/s332/img (22114 bytes)
🗑️ Cache evicted 10 items
🖼️ [CACHE] Cached image data for key: https://images.justwatch.com/poster/330748710/s332/img (44634 bytes)
🖼️ [CACHE] Cached image data for key: https://images.justwatch.com/poster/330298309/s332/img (59242 bytes)
🖼️ [CACHE] Cached image data for key: https://images.justwatch.com/poster/301298992/s332/img (50065 bytes)
🖼️ [CACHE] Cached image data for key: https://images.justwatch.com/poster/307275790/s332/img (54708 bytes)
🖼️ [CACHE] Cached image data for key: https://images.justwatch.com/poster/331474196/s332/img (49409 bytes)
🖼️ [CACHE] Cached image data for key: https://images.justwatch.com/poster/336197714/s332/img (47092 bytes)
🖼️ [CACHE] Cached image data for key: https://images.justwatch.com/poster/340843049/s332/img (34756 bytes)
🖼️ [CACHE] Cached image data for key: https://images.justwatch.com/poster/153749975/s332/img (55476 bytes)
🖼️ [CACHE] Cached image data for key: https://images.justwatch.com/poster/312591807/s332/img (55111 bytes)
🖼️ [CACHE] Cached image data for key: https://images.justwatch.com/poster/175738196/s332/img (47126 bytes)
🗑️ Cache evicted 10 items
🖼️ [CACHE] Cached image data for key: https://images.justwatch.com/poster/332101041/s332/img (37735 bytes)
🖼️ [CACHE] Cached image data for key: https://images.justwatch.com/poster/102622497/s332/img (38430 bytes)
🖼️ [CACHE] Cached image data for key: https://images.justwatch.com/poster/123900901/s332/img (51674 bytes)
🖼️ [CACHE] Cached image data for key: https://images.justwatch.com/poster/330510690/s332/img (48208 bytes)
🖼️ [CACHE] Cached image data for key: https://images.justwatch.com/poster/335474178/s332/img (42733 bytes)
🖼️ [CACHE] Cached image data for key: https://images.justwatch.com/poster/121974617/s332/img (48500 bytes)
🖼️ [CACHE] Cached image data for key: https://images.justwatch.com/poster/335800041/s332/img (48278 bytes)
🖼️ [CACHE] Cached image data for key: https://images.justwatch.com/poster/340662430/s332/img (70566 bytes)
🖼️ [CACHE] Cached image data for key: https://images.justwatch.com/poster/239897076/s332/img (38227 bytes)
🖼️ [CACHE] Cached image data for key: https://images.metahub.space/poster/small/tt31227572/img (24034 bytes)
🗑️ Cache evicted 10 items
🖼️ [CACHE] Cached image data for key: https://images.metahub.space/poster/small/tt30144839/img (35849 bytes)
🖼️ [CACHE] Cached image data for key: https://images.justwatch.com/poster/94027225/s332/img (37303 bytes)
🖼️ [CACHE] Cached image data for key: https://images.justwatch.com/poster/336393313/s332/img (35742 bytes)
🖼️ [CACHE] Cached image data for key: https://images.justwatch.com/poster/338962154/s332/img (51864 bytes)
🖼️ [CACHE] Cached image data for key: https://images.justwatch.com/poster/306827298/s332/img (48823 bytes)
🖼️ [CACHE] Cached image data for key: https://images.justwatch.com/poster/320977032/s332/img (29350 bytes)
🖼️ [CACHE] Cached image data for key: https://images.metahub.space/poster/small/tt1312221/img (23730 bytes)
🖼️ [CACHE] Cached image data for key: https://images.justwatch.com/poster/338490996/s332/img (49436 bytes)
🖼️ [CACHE] Cached image data for key: https://images.justwatch.com/poster/70540361/s332/img (62623 bytes)
🖼️ [CACHE] Cached image data for key: https://images.justwatch.com/poster/270724834/s332/img (40466 bytes)
🗑️ Cache evicted 10 items
🖼️ [CACHE] Cached image data for key: https://images.justwatch.com/poster/54243615/s332/img (30339 bytes)
🖼️ [CACHE] Cached image data for key: https://images.justwatch.com/poster/182267386/s332/img (42006 bytes)
🖼️ [CACHE] Cached image data for key: https://images.justwatch.com/poster/141410470/s332/img (53088 bytes)
🖼️ [CACHE] Cached image data for key: https://images.justwatch.com/poster/332051109/s332/img (58936 bytes)
🖼️ [CACHE] Cached image data for key: https://images.justwatch.com/poster/79413112/s332/img (31550 bytes)
🖼️ [CACHE] Cached image data for key: https://images.metahub.space/poster/small/tt1527793/img (39478 bytes)
🖼️ [CACHE] Cached image data for key: https://images.metahub.space/poster/small/tt14364480/img (19894 bytes)
🖼️ [CACHE] Cached image data for key: https://images.metahub.space/poster/small/tt30343021/img (18658 bytes)
🖼️ [CACHE] Cached image data for key: https://images.metahub.space/poster/small/tt12300742/img (13162 bytes)
🖼️ [CACHE] Cached image data for key: https://images.metahub.space/poster/small/tt23172090/img (39824 bytes)
🗑️ Cache evicted 10 items
🖼️ [CACHE] Cached image data for key: https://images.metahub.space/poster/small/tt6604188/img (14626 bytes)
🖼️ [CACHE] Cached image data for key: https://images.metahub.space/poster/small/tt29567915/img (28516 bytes)
🖼️ [CACHE] Cached image data for key: https://images.metahub.space/poster/small/tt29768334/img (28877 bytes)
🖼️ [CACHE] Cached image data for key: https://images.metahub.space/poster/small/tt7737786/img (22266 bytes)
🖼️ [CACHE] Cached image data for key: https://images.metahub.space/poster/small/tt31193180/img (27098 bytes)
🖼️ [CACHE] Cached image data for key: https://images.metahub.space/poster/small/tt22740896/img (31424 bytes)
💾 Cache SET: Catalog[catalog_movie_hlu.json] (15 items)
💾 Cache SET: Catalog[catalog_movie_stz.json] (15 items)
🗑️ Cache evicted 6 items
💾 Cache SET: Catalog[catalog_movie_pcp.json] (15 items)
🖼️ [CACHE] Cached image data for key: https://images.justwatch.com/poster/321092338/s332/img (44853 bytes)
🖼️ [CACHE] Cached image data for key: https://images.justwatch.com/poster/258811158/s332/img (87334 bytes)
🖼️ [CACHE] Cached image data for key: https://images.justwatch.com/poster/304470111/s332/img (51724 bytes)
🖼️ [CACHE] Cached image data for key: https://images.justwatch.com/poster/245214944/s332/img (54524 bytes)
🗑️ Cache evicted 10 items
🖼️ [CACHE] Cached image data for key: https://images.justwatch.com/poster/214706751/s332/img (55859 bytes)
🖼️ [CACHE] Cached image data for key: https://images.justwatch.com/poster/10568015/s332/img (26635 bytes)
🖼️ [CACHE] Cached image data for key: https://images.justwatch.com/poster/321615648/s332/img (45112 bytes)
🖼️ [CACHE] Cached image data for key: https://images.justwatch.com/poster/331148151/s332/img (28498 bytes)
🖼️ [CACHE] Cached image data for key: https://images.justwatch.com/poster/177029966/s332/img (45555 bytes)
🖼️ [CACHE] Cached image data for key: https://images.justwatch.com/poster/331994893/s332/img (37258 bytes)
🖼️ [CACHE] Cached image data for key: https://images.justwatch.com/poster/8730058/s332/img (44044 bytes)
🖼️ [CACHE] Cached image data for key: https://images.justwatch.com/poster/302318037/s332/img (43036 bytes)
🖼️ [CACHE] Cached image data for key: https://images.justwatch.com/poster/178334676/s332/img (43560 bytes)
🖼️ [CACHE] Cached image data for key: https://images.justwatch.com/poster/323675146/s332/img (52884 bytes)
🗑️ Cache evicted 10 items
🖼️ [CACHE] Cached image data for key: https://images.justwatch.com/poster/239897076/s332/img (38227 bytes)
🖼️ [CACHE] Cached image data for key: https://images.justwatch.com/poster/322108439/s332/img (58793 bytes)
🖼️ [CACHE] Cached image data for key: https://images.justwatch.com/poster/219007465/s332/img (43418 bytes)
🖼️ [CACHE] Cached image data for key: https://images.justwatch.com/poster/321552009/s332/img (34807 bytes)
🖼️ [CACHE] Cached image data for key: https://images.justwatch.com/poster/74403282/s332/img (51791 bytes)
🖼️ [CACHE] Cached image data for key: https://images.justwatch.com/poster/55085098/s332/img (26272 bytes)
🖼️ [CACHE] Cached image data for key: https://images.justwatch.com/poster/36388733/s332/img (68014 bytes)
🖼️ [CACHE] Cached image data for key: https://images.justwatch.com/poster/87608067/s332/img (61832 bytes)
🖼️ [CACHE] Cached image data for key: https://images.justwatch.com/poster/301257703/s332/img (36194 bytes)
🖼️ [CACHE] Cached image data for key: https://images.justwatch.com/poster/192048805/s332/img (43578 bytes)
🗑️ Cache evicted 10 items
🖼️ [CACHE] Cached image data for key: https://images.justwatch.com/poster/309786652/s332/img (45440 bytes)
🖼️ [CACHE] Cached image data for key: https://images.justwatch.com/poster/302993962/s332/img (64972 bytes)
🖼️ [CACHE] Cached image data for key: https://images.justwatch.com/poster/116082563/s332/img (47225 bytes)
🖼️ [CACHE] Cached image data for key: https://images.justwatch.com/poster/311761087/s332/img (61008 bytes)
🖼️ [CACHE] Cached image data for key: https://images.justwatch.com/poster/9665824/s332/img (58974 bytes)
🖼️ [CACHE] Cached image data for key: https://images.justwatch.com/poster/302449148/s332/img (66514 bytes)
🖼️ [CACHE] Cached image data for key: https://images.justwatch.com/poster/245235885/s332/img (37719 bytes)
🖼️ [CACHE] Cached image data for key: https://images.justwatch.com/poster/8716732/s332/img (34012 bytes)
🖼️ [CACHE] Cached image data for key: https://images.justwatch.com/poster/312811279/s332/img (48255 bytes)
🖼️ [CACHE] Cached image data for key: https://images.justwatch.com/poster/240269951/s332/img (32641 bytes)
🗑️ Cache evicted 10 items
🖼️ [CACHE] Cached image data for key: https://images.justwatch.com/poster/43216632/s332/img (45223 bytes)
🖼️ [CACHE] Cached image data for key: https://images.justwatch.com/poster/329121868/s332/img (53946 bytes)
🖼️ [CACHE] Cached image data for key: https://images.justwatch.com/poster/334037963/s332/img (44500 bytes)
🖼️ [CACHE] Cached image data for key: https://images.justwatch.com/poster/74403282/s332/img (51791 bytes)
🖼️ [CACHE] Cached image data for key: https://images.justwatch.com/poster/449990/s332/img (60347 bytes)
🖼️ [CACHE] Cached image data for key: https://images.justwatch.com/poster/305194475/s332/img (78327 bytes)
🖼️ [CACHE] Cached image data for key: https://images.justwatch.com/poster/311568154/s332/img (31568 bytes)
🖼️ [CACHE] Cached image data for key: https://images.justwatch.com/poster/175817145/s332/img (34253 bytes)
🖼️ [CACHE] Cached image data for key: https://images.justwatch.com/poster/10568015/s332/img (26635 bytes)
🖼️ [CACHE] Cached image data for key: https://images.justwatch.com/poster/323056248/s332/img (64256 bytes)
🖼️ [CACHE] Cached image data for key: https://images.justwatch.com/poster/338574331/s332/img (29464 bytes)
🗑️ Cache evicted 10 items
🖼️ [CACHE] Cached image data for key: https://images.justwatch.com/poster/209156550/s332/img (25105 bytes)
🖼️ [CACHE] Cached image data for key: https://images.justwatch.com/poster/336729532/s332/img (61907 bytes)
🖼️ [CACHE] Cached image data for key: https://images.justwatch.com/poster/302218887/s332/img (43813 bytes)
🖼️ [CACHE] Cached image data for key: https://images.justwatch.com/poster/332051109/s332/img (58936 bytes)
📡 [EventsConfig] Checking server for movie_events config version...
📡 [EventsConfig] Checking server for movie_events config version...
🖼️ [CACHE] Cached image data for key: https://images.justwatch.com/poster/340614766/s332/img (62961 bytes)
🖼️ [CACHE] Cached image data for key: https://images.justwatch.com/poster/336806091/s332/img (42346 bytes)
🖼️ [CACHE] Cached image data for key: https://images.justwatch.com/poster/323065528/s332/img (44833 bytes)
🖼️ [CACHE] Cached image data for key: https://images.justwatch.com/poster/335063930/s332/img (28802 bytes)
🖼️ [CACHE] Cached image data for key: https://images.justwatch.com/poster/306092751/s332/img (26623 bytes)
🖼️ [CACHE] Cached image data for key: https://images.justwatch.com/poster/336226499/s332/img (50399 bytes)
🗑️ Cache evicted 10 items
🖼️ [CACHE] Cached image data for key: https://images.justwatch.com/poster/186960237/s332/img (39624 bytes)
🖼️ [CACHE] Cached image data for key: https://images.justwatch.com/poster/328335894/s332/img (39916 bytes)
🖼️ [CACHE] Cached image data for key: https://images.justwatch.com/poster/288248696/s332/img (67877 bytes)
🖼️ [CACHE] Cached image data for key: https://images.justwatch.com/poster/330980590/s332/img (58733 bytes)
🖼️ [CACHE] Cached image data for key: https://images.justwatch.com/poster/301816283/s332/img (30898 bytes)
🖼️ [CACHE] Cached image data for key: https://images.justwatch.com/poster/325538793/s332/img (44577 bytes)
🖼️ [CACHE] Cached image data for key: https://images.justwatch.com/poster/275806222/s332/img (48443 bytes)
🖼️ [CACHE] Cached image data for key: https://images.justwatch.com/poster/285167574/s332/img (51648 bytes)
🖼️ [CACHE] Cached image data for key: https://images.justwatch.com/poster/335328239/s332/img (37688 bytes)
🖼️ [CACHE] Cached image data for key: https://images.justwatch.com/poster/158738196/s332/img (72313 bytes)
🗑️ Cache evicted 10 items
🖼️ [CACHE] Cached image data for key: https://images.justwatch.com/poster/124172776/s332/img (56810 bytes)
🖼️ [CACHE] Cached image data for key: https://images.justwatch.com/poster/334220721/s332/img (40321 bytes)
🖼️ [CACHE] Cached image data for key: https://images.justwatch.com/poster/331654299/s332/img (71635 bytes)
🖼️ [CACHE] Cached image data for key: https://images.justwatch.com/poster/333738314/s332/img (60105 bytes)
🖼️ [CACHE] Cached image data for key: https://images.justwatch.com/poster/315736719/s332/img (33168 bytes)
🖼️ [CACHE] Cached image data for key: https://images.justwatch.com/poster/332277457/s332/img (66967 bytes)
🖼️ [CACHE] Cached image data for key: https://images.justwatch.com/poster/11242891/s332/img (56163 bytes)
🖼️ [CACHE] Cached image data for key: https://images.justwatch.com/poster/176342673/s332/img (55230 bytes)
🖼️ [CACHE] Cached image data for key: https://images.justwatch.com/poster/258767348/s332/img (56259 bytes)
🖼️ [CACHE] Cached image data for key: https://images.justwatch.com/poster/186802635/s332/img (54496 bytes)
🗑️ Cache evicted 10 items
🖼️ [CACHE] Cached image data for key: https://images.justwatch.com/poster/331701827/s332/img (59722 bytes)
🖼️ [CACHE] Cached image data for key: https://images.justwatch.com/poster/315856885/s332/img (67350 bytes)
🖼️ [CACHE] Cached image data for key: https://images.justwatch.com/poster/310375475/s332/img (31338 bytes)
🖼️ [CACHE] Cached image data for key: https://images.justwatch.com/poster/302976085/s332/img (50443 bytes)
🖼️ [CACHE] Cached image data for key: https://images.justwatch.com/poster/15605912/s332/img (81082 bytes)
🖼️ [CACHE] Cached image data for key: https://images.justwatch.com/poster/319938125/s332/img (72608 bytes)
🖼️ [CACHE] Cached image data for key: https://images.justwatch.com/poster/330628021/s332/img (58302 bytes)
🖼️ [CACHE] Cached image data for key: https://images.justwatch.com/poster/333077339/s332/img (29437 bytes)
🖼️ [CACHE] Cached image data for key: https://images.justwatch.com/poster/309793401/s332/img (59270 bytes)
🖼️ [CACHE] Cached image data for key: https://images.justwatch.com/poster/155270304/s332/img (22041 bytes)
🗑️ Cache evicted 10 items
🖼️ [CACHE] Cached image data for key: https://images.justwatch.com/poster/300177312/s332/img (74244 bytes)
✅ [EventsConfig] Fetched movie_events version 1560 with 405 movies
✅ [EventsConfig] Using cached movie_events config (version 1560, 405 movies)
✅ [EventsConfig] Fetched movie_events version 1560 with 405 movies
✅ [EventsConfig] Using cached movie_events config (version 1560, 405 movies)
✅ SocialService: Event event_tt0266915 is JOINABLE (Live or Next Up) - allowing join
✅ SocialService: Event event_tt0266915 is JOINABLE (Live or Next Up) - allowing join
📊 AppState: Polled participant counts - Active: ["tt0266915": 2]
⏰ AppState: Next schedule update set for Event End: 2026-01-21 01:39:51 +0000
⏰ AppState: Scheduling update in 1374 seconds
🖼️ [CACHE] Cached image data for key: https://images.metahub.space/poster/small/tt1757678/img (45682 bytes)
🖼️ [CACHE] Cached image data for key: https://images.metahub.space/poster/small/tt0903747/img (35371 bytes)
🖼️ [CACHE] Cached image data for key: https://images.metahub.space/poster/small/tt7252812/img (33751 bytes)
🖼️ [CACHE] Cached image data for key: https://images.metahub.space/poster/small/tt33035373/img (23928 bytes)
🖼️ [CACHE] Cached image data for key: https://images.metahub.space/poster/small/tt4712810/img (37396 bytes)
🖼️ [CACHE] Cached image data for key: https://images.metahub.space/poster/small/tt31227572/img (24034 bytes)
🖼️ [CACHE] Cached image data for key: https://images.metahub.space/poster/small/tt27543632/img (31446 bytes)
🖼️ [CACHE] Cached image data for key: https://images.metahub.space/poster/small/tt29780866/img (35175 bytes)
🖼️ [CACHE] Cached image data for key: https://images.metahub.space/poster/small/tt10799690/img (40967 bytes)
🗑️ Cache evicted 10 items
🖼️ [CACHE] Cached image data for key: https://images.metahub.space/poster/small/tt32642706/img (22671 bytes)
🖼️ [CACHE] Cached image data for key: https://images.metahub.space/poster/small/tt14142060/img (29910 bytes)
🖼️ [CACHE] Cached image data for key: https://images.metahub.space/poster/small/tt32820897/img (53296 bytes)
🖼️ [CACHE] Cached image data for key: https://images.metahub.space/poster/small/tt13186306/img (30978 bytes)
🖼️ [CACHE] Cached image data for key: https://images.metahub.space/poster/small/tt34610311/img (30787 bytes)
🖼️ [CACHE] Cached image data for key: https://images.metahub.space/poster/small/tt0083655/img (25109 bytes)
🖼️ [CACHE] Cached image data for key: https://images.metahub.space/poster/small/tt30254719/img (39370 bytes)
🖼️ [CACHE] Cached image data for key: https://images.metahub.space/poster/small/tt0903747/img (35371 bytes)
🖼️ [CACHE] Cached image data for key: https://images.metahub.space/poster/small/tt26443597/img (43534 bytes)
🖼️ [CACHE] Cached image data for key: https://images.metahub.space/poster/small/tt0903747/img (35371 bytes)
🖼️ [CACHE] Cached image data for key: https://images.metahub.space/poster/small/tt31495504/img (34216 bytes)
🖼️ [CACHE] Cached image data for key: https://m.media-amazon.com/images/M/MV5BZTdkNzRiYWMtYzE4Yi00OTA2LTk4M2QtNzcwYTgxMDRiY2U1XkEyXkFqcGc@._V1_SX250.jpg (19808 bytes)
🗑️ Cache evicted 10 items
🖼️ [CACHE] Cached image data for key: https://m.media-amazon.com/images/M/MV5BYjU5YTdlZTItNWM5Yi00OGM1LTk1NGItNjY5MGU3Y2JkOWIwXkEyXkFqcGc@._V1_SX250.jpg (24563 bytes)
[ INFO ] GET /api/metadata/catalog/series/popular [request-id: 1BC74984-40B3-4B6A-BCFF-409FA10FD975]
🔍 [Server] Proxying catalog request to: https://v3-cinemeta.strem.io/catalog/series/popular.json
💾 Cache SET: Catalog[popular_shows_fixed] (15 items)
🖼️ [CACHE] Cached image data for key: https://images.metahub.space/poster/small/tt0096697/img (38094 bytes)
🖼️ [CACHE] Cached image data for key: https://images.metahub.space/poster/small/tt7587890/img (31968 bytes)
🖼️ [CACHE] Cached image data for key: https://images.metahub.space/poster/small/tt4574334/img (39579 bytes)
🖼️ [CACHE] Cached image data for key: https://images.metahub.space/poster/small/tt29921437/img (37831 bytes)
🖼️ [CACHE] Cached image data for key: https://images.metahub.space/poster/small/tt0364845/img (20660 bytes)
🖼️ [CACHE] Cached image data for key: https://images.metahub.space/poster/small/tt0203259/img (25773 bytes)
🖼️ [CACHE] Cached image data for key: https://images.metahub.space/poster/small/tt0460681/img (32690 bytes)
🖼️ [CACHE] Cached image data for key: https://images.metahub.space/poster/small/tt0944947/img (20700 bytes)
🖼️ [CACHE] Cached image data for key: https://images.metahub.space/poster/small/tt6470478/img (13774 bytes)
🗑️ Cache evicted 10 items
🖼️ [CACHE] Cached image data for key: https://images.metahub.space/poster/small/tt12637874/img (25872 bytes)
🖼️ [CACHE] Cached image data for key: https://images.metahub.space/poster/small/tt0413573/img (29264 bytes)
🖼️ [CACHE] Cached image data for key: https://images.metahub.space/poster/small/tt0118933/img (25773 bytes)
🖼️ [CACHE] Cached image data for key: https://images.metahub.space/poster/small/tt12343534/img (47684 bytes)
🖼️ [CACHE] Cached image data for key: https://images.metahub.space/poster/small/tt10394706/img (31907 bytes)
🖼️ [CACHE] Cached image data for key: https://images.metahub.space/poster/small/tt2565520/img (39333 bytes)
💾 Cache SET: Catalog[quick_series_pmp.json_7] (7 items)
💾 Cache SET: Catalog[quick_series_atp.json_7] (7 items)
💾 Cache SET: Catalog[quick_series_dnp.json_7] (7 items)
💾 Cache SET: Catalog[quick_series_amp.json_7] (7 items)
🗑️ Cache evicted 6 items
💾 Cache SET: Catalog[quick_series_hbm.json_7] (7 items)
💾 Cache SET: Catalog[quick_series_nfx.json_7] (7 items)
💾 Cache SET: Catalog[quick_series_top.json_7] (7 items)
💾 Cache SET: Catalog[catalog_series_pmp.json] (15 items)
💾 Cache SET: Catalog[catalog_series_atp.json] (15 items)
💾 Cache SET: Catalog[catalog_series_dnp.json] (15 items)
🗑️ Cache evicted 6 items
💾 Cache SET: Catalog[catalog_series_amp.json] (15 items)
💾 Cache SET: Catalog[catalog_series_hbm.json] (15 items)
💾 Cache SET: Catalog[catalog_series_nfx.json] (15 items)
💾 Cache SET: Catalog[catalog_series_top.json] (15 items)
🖼️ [CACHE] Cached image data for key: https://images.justwatch.com/poster/339834760/s332/img (42669 bytes)
🖼️ [CACHE] Cached image data for key: https://images.justwatch.com/poster/306355356/s332/img (55452 bytes)
🖼️ [CACHE] Cached image data for key: https://images.justwatch.com/poster/270288333/s332/img (38550 bytes)
🖼️ [CACHE] Cached image data for key: https://images.justwatch.com/poster/302761137/s332/img (63434 bytes)
🗑️ Cache evicted 10 items
🖼️ [CACHE] Cached image data for key: https://images.justwatch.com/poster/306754488/s332/img (36509 bytes)
🖼️ [CACHE] Cached image data for key: https://images.justwatch.com/poster/340587036/s332/img (45864 bytes)
🖼️ [CACHE] Cached image data for key: https://images.justwatch.com/poster/238599064/s332/img (51581 bytes)
🖼️ [CACHE] Cached image data for key: https://images.justwatch.com/poster/313866771/s332/img (63131 bytes)
🖼️ [CACHE] Cached image data for key: https://images.justwatch.com/poster/300629746/s332/img (50663 bytes)
🖼️ [CACHE] Cached image data for key: https://images.justwatch.com/poster/336789164/s332/img (34421 bytes)
🖼️ [CACHE] Cached image data for key: https://images.justwatch.com/poster/301432214/s332/img (56997 bytes)
🖼️ [CACHE] Cached image data for key: https://images.justwatch.com/poster/307620706/s332/img (44818 bytes)
🖼️ [CACHE] Cached image data for key: https://images.justwatch.com/poster/337877314/s332/img (46249 bytes)
🖼️ [CACHE] Cached image data for key: https://images.justwatch.com/poster/327014446/s332/img (52256 bytes)
🗑️ Cache evicted 10 items
🖼️ [CACHE] Cached image data for key: https://images.justwatch.com/poster/300892477/s332/img (41083 bytes)
🖼️ [CACHE] Cached image data for key: https://images.justwatch.com/poster/249473951/s332/img (45270 bytes)
🖼️ [CACHE] Cached image data for key: https://images.justwatch.com/poster/340076712/s332/img (70848 bytes)
🖼️ [CACHE] Cached image data for key: https://images.justwatch.com/poster/244970006/s332/img (32521 bytes)
🖼️ [CACHE] Cached image data for key: https://images.justwatch.com/poster/337910033/s332/img (61424 bytes)
🖼️ [CACHE] Cached image data for key: https://images.justwatch.com/poster/300656106/s332/img (23523 bytes)
🖼️ [CACHE] Cached image data for key: https://images.justwatch.com/poster/320609207/s332/img (35371 bytes)
🖼️ [CACHE] Cached image data for key: https://images.justwatch.com/poster/109005818/s332/img (41846 bytes)
🖼️ [CACHE] Cached image data for key: https://images.justwatch.com/poster/300891503/s332/img (44142 bytes)
🖼️ [CACHE] Cached image data for key: https://images.justwatch.com/poster/249264400/s332/img (33967 bytes)
🗑️ Cache evicted 10 items
🖼️ [CACHE] Cached image data for key: https://images.justwatch.com/poster/326279421/s332/img (43124 bytes)
🖼️ [CACHE] Cached image data for key: https://images.justwatch.com/poster/321027152/s332/img (54492 bytes)
🖼️ [CACHE] Cached image data for key: https://images.justwatch.com/poster/309999240/s332/img (47336 bytes)
🖼️ [CACHE] Cached image data for key: https://images.justwatch.com/poster/183643647/s332/img (53616 bytes)
🖼️ [CACHE] Cached image data for key: https://images.justwatch.com/poster/320265698/s332/img (49461 bytes)
🖼️ [CACHE] Cached image data for key: https://images.justwatch.com/poster/337756469/s332/img (44409 bytes)
🖼️ [CACHE] Cached image data for key: https://images.justwatch.com/poster/177766488/s332/img (27427 bytes)
🖼️ [CACHE] Cached image data for key: https://images.justwatch.com/poster/18641530/s332/img (37797 bytes)
🖼️ [CACHE] Cached image data for key: https://images.justwatch.com/poster/228420776/s332/img (36766 bytes)
🖼️ [CACHE] Cached image data for key: https://images.justwatch.com/poster/20119645/s332/img (65966 bytes)
🗑️ Cache evicted 10 items
🖼️ [CACHE] Cached image data for key: https://images.justwatch.com/poster/259067424/s332/img (41690 bytes)
🖼️ [CACHE] Cached image data for key: https://images.justwatch.com/poster/177971916/s332/img (60808 bytes)
🖼️ [CACHE] Cached image data for key: https://images.justwatch.com/poster/301432214/s332/img (56997 bytes)
🖼️ [CACHE] Cached image data for key: https://images.justwatch.com/poster/301981224/s332/img (40588 bytes)
🖼️ [CACHE] Cached image data for key: https://images.justwatch.com/poster/297859466/s332/img (44102 bytes)
🖼️ [CACHE] Cached image data for key: https://images.justwatch.com/poster/337869634/s332/img (50764 bytes)
🖼️ [CACHE] Cached image data for key: https://images.justwatch.com/poster/243933917/s332/img (33882 bytes)
🖼️ [CACHE] Cached image data for key: https://images.justwatch.com/poster/77595781/s332/img (49156 bytes)
🖼️ [CACHE] Cached image data for key: https://images.justwatch.com/poster/331265307/s332/img (82229 bytes)
🖼️ [CACHE] Cached image data for key: https://images.justwatch.com/poster/338975332/s332/img (49045 bytes)
🗑️ Cache evicted 10 items
🖼️ [CACHE] Cached image data for key: https://images.justwatch.com/poster/176159366/s332/img (39441 bytes)
🖼️ [CACHE] Cached image data for key: https://images.justwatch.com/poster/337328350/s332/img (49236 bytes)
🖼️ [CACHE] Cached image data for key: https://images.justwatch.com/poster/340934293/s332/img (59772 bytes)
🖼️ [CACHE] Cached image data for key: https://images.justwatch.com/poster/272698035/s332/img (64610 bytes)
🖼️ [CACHE] Cached image data for key: https://images.justwatch.com/poster/320936342/s332/img (52086 bytes)
🖼️ [CACHE] Cached image data for key: https://images.justwatch.com/poster/337637518/s332/img (50290 bytes)
🖼️ [CACHE] Cached image data for key: https://images.justwatch.com/poster/321439712/s332/img (44840 bytes)
🖼️ [CACHE] Cached image data for key: https://images.justwatch.com/poster/338187893/s332/img (40779 bytes)
🖼️ [CACHE] Cached image data for key: https://images.justwatch.com/poster/337750452/s332/img (44618 bytes)
🖼️ [CACHE] Cached image data for key: https://images.justwatch.com/poster/333270542/s332/img (52932 bytes)
🗑️ Cache evicted 10 items
🖼️ [CACHE] Cached image data for key: https://images.justwatch.com/poster/336692513/s332/img (32563 bytes)
🖼️ [CACHE] Cached image data for key: https://images.justwatch.com/poster/322704040/s332/img (31597 bytes)
🖼️ [CACHE] Cached image data for key: https://images.justwatch.com/poster/308824959/s332/img (57918 bytes)
🖼️ [CACHE] Cached image data for key: https://images.justwatch.com/poster/338542807/s332/img (51731 bytes)
🖼️ [CACHE] Cached image data for key: https://images.justwatch.com/poster/338958119/s332/img (48248 bytes)
🖼️ [CACHE] Cached image data for key: https://images.justwatch.com/poster/181622804/s332/img (56995 bytes)
🖼️ [CACHE] Cached image data for key: https://images.justwatch.com/poster/258201292/s332/img (53313 bytes)
🖼️ [CACHE] Cached image data for key: https://images.justwatch.com/poster/320215987/s332/img (43344 bytes)
🖼️ [CACHE] Cached image data for key: https://images.justwatch.com/poster/263036048/s332/img (56420 bytes)
🖼️ [CACHE] Cached image data for key: https://images.justwatch.com/poster/340587036/s332/img (45864 bytes)
🗑️ Cache evicted 10 items
🖼️ [CACHE] Cached image data for key: https://images.justwatch.com/poster/309459908/s332/img (50489 bytes)
🖼️ [CACHE] Cached image data for key: https://images.justwatch.com/poster/258685860/s332/img (45439 bytes)
🖼️ [CACHE] Cached image data for key: https://images.justwatch.com/poster/305564040/s332/img (54006 bytes)
🖼️ [CACHE] Cached image data for key: https://images.justwatch.com/poster/290983482/s332/img (54739 bytes)
🖼️ [CACHE] Cached image data for key: https://images.justwatch.com/poster/300543247/s332/img (57494 bytes)
🖼️ [CACHE] Cached image data for key: https://images.justwatch.com/poster/301130229/s332/img (34891 bytes)
🖼️ [CACHE] Cached image data for key: https://images.justwatch.com/poster/312155183/s332/img (72190 bytes)
🖼️ [CACHE] Cached image data for key: https://images.justwatch.com/poster/326902644/s332/img (24964 bytes)
🖼️ [CACHE] Cached image data for key: https://images.justwatch.com/poster/340704717/s332/img (40723 bytes)
🖼️ [CACHE] Cached image data for key: https://images.justwatch.com/poster/340704717/s332/img (40723 bytes)
🖼️ [CACHE] Cached image data for key: https://images.justwatch.com/poster/138472468/s332/img (44083 bytes)
🗑️ Cache evicted 10 items
🖼️ [CACHE] Cached image data for key: https://images.metahub.space/poster/small/tt33035373/img (23928 bytes)
🖼️ [CACHE] Cached image data for key: https://images.metahub.space/poster/small/tt0944947/img (20700 bytes)
🖼️ [CACHE] Cached image data for key: https://images.metahub.space/poster/small/tt4574334/img (39579 bytes)
🖼️ [CACHE] Cached image data for key: https://images.metahub.space/poster/small/tt12637874/img (25872 bytes)
🖼️ [CACHE] Cached image data for key: https://images.metahub.space/poster/small/tt0903747/img (35371 bytes)
🖼️ [CACHE] Cached image data for key: https://images.justwatch.com/poster/304524135/s332/img (49954 bytes)
🖼️ [CACHE] Cached image data for key: https://images.justwatch.com/poster/304523709/s332/img (65136 bytes)
🖼️ [CACHE] Cached image data for key: https://images.justwatch.com/poster/269897858/s332/img (27827 bytes)
🖼️ [CACHE] Cached image data for key: https://images.justwatch.com/poster/325182201/s332/img (40090 bytes)
🖼️ [CACHE] Cached image data for key: https://images.justwatch.com/poster/339843196/s332/img (59166 bytes)
🗑️ Cache evicted 10 items
🖼️ [CACHE] Cached image data for key: https://images.justwatch.com/poster/148271495/s332/img (47308 bytes)
🖼️ [CACHE] Cached image data for key: https://images.justwatch.com/poster/300727661/s332/img (26366 bytes)
🖼️ [CACHE] Cached image data for key: https://images.justwatch.com/poster/158409405/s332/img (60749 bytes)
🖼️ [CACHE] Cached image data for key: https://images.justwatch.com/poster/110511366/s332/img (54431 bytes)
🖼️ [CACHE] Cached image data for key: https://images.justwatch.com/poster/339274561/s332/img (42700 bytes)
🖼️ [CACHE] Cached image data for key: https://images.justwatch.com/poster/321983100/s332/img (61985 bytes)
🖼️ [CACHE] Cached image data for key: https://images.justwatch.com/poster/339094482/s332/img (45680 bytes)
🖼️ [CACHE] Cached image data for key: https://images.metahub.space/poster/small/tt14186672/img (26538 bytes)
🖼️ [CACHE] Cached image data for key: https://images.metahub.space/poster/small/tt19854762/img (24601 bytes)
🖼️ [CACHE] Cached image data for key: https://images.metahub.space/poster/small/tt27497448/img (29429 bytes)
🗑️ Cache evicted 10 items
🖼️ [CACHE] Cached image data for key: https://images.metahub.space/poster/small/tt1399664/img (34719 bytes)
🖼️ [CACHE] Cached image data for key: https://images.metahub.space/poster/small/tt9169516/img (26576 bytes)
🖼️ [CACHE] Cached image data for key: https://images.metahub.space/poster/small/tt35495073/img (35960 bytes)
🖼️ [CACHE] Cached image data for key: https://images.metahub.space/poster/small/tt22202452/img (14264 bytes)
🖼️ [CACHE] Cached image data for key: https://images.metahub.space/poster/small/tt31938062/img (19783 bytes)
🖼️ [CACHE] Cached image data for key: https://images.metahub.space/poster/small/tt33270420/img (37515 bytes)
🖼️ [CACHE] Cached image data for key: https://images.metahub.space/poster/small/tt31974288/img (39863 bytes)
💾 Cache SET: Catalog[quick_series_stz.json_7] (7 items)
💾 Cache SET: Catalog[quick_series_pcp.json_7] (7 items)
🗑️ Cache evicted 6 items
💾 Cache SET: Catalog[quick_series_hlu.json_7] (7 items)
💾 Cache SET: Catalog[catalog_series_stz.json] (15 items)
💾 Cache SET: Catalog[catalog_series_pcp.json] (15 items)
💾 Cache SET: Catalog[catalog_series_hlu.json] (15 items)
💾 Cache SET: Catalog[quick_series_sst.json_7] (7 items)
💾 Cache SET: Catalog[catalog_series_sst.json] (15 items)
🗑️ Cache evicted 6 items
💾 Cache SET: Catalog[quick_series_dpe.json_7] (7 items)
💾 Cache SET: Catalog[catalog_series_dpe.json] (15 items)
📊 AppState: Polled participant counts - Active: ["tt0266915": 2]
⏰ AppState: Next schedule update set for Event End: 2026-01-21 01:39:51 +0000
⏰ AppState: Scheduling update in 1364 seconds
🖼️ [CACHE] Cached image data for key: https://images.metahub.space/poster/small/tt4972582/img (13838 bytes)
🖼️ [CACHE] Cached image data for key: https://images.metahub.space/poster/small/tt1591095/img (21702 bytes)
🖼️ [CACHE] Cached image data for key: https://images.metahub.space/poster/small/tt26581740/img (9526 bytes)
🗑️ Cache evicted 10 items
🖼️ [CACHE] Cached image data for key: https://images.metahub.space/poster/small/tt4627382/img (18234 bytes)
🖼️ [CACHE] Cached image data for key: https://images.metahub.space/poster/small/tt0325980/img (41340 bytes)
🖼️ [CACHE] Cached image data for key: https://images.metahub.space/poster/small/tt30144839/img (35849 bytes)
🖼️ [CACHE] Cached image data for key: https://images.metahub.space/poster/small/tt1144884/img (36500 bytes)
🖼️ [CACHE] Cached image data for key: https://images.metahub.space/poster/small/tt3291150/img (33004 bytes)
🖼️ [CACHE] Cached image data for key: https://images.metahub.space/poster/small/tt0415306/img (40452 bytes)
🖼️ [CACHE] Cached image data for key: https://images.metahub.space/poster/small/tt0486946/img (45947 bytes)
🖼️ [CACHE] Cached image data for key: https://images.metahub.space/poster/small/tt8790086/img (25859 bytes)
🖼️ [CACHE] Cached image data for key: https://images.metahub.space/poster/small/tt0266915/img (29028 bytes)
🖼️ [CACHE] Cached image data for key: https://images.metahub.space/poster/small/tt3501632/img (31944 bytes)
🗑️ Cache evicted 10 items
🖼️ [CACHE] Cached image data for key: https://images.metahub.space/poster/small/tt31227572/img (24034 bytes)
🖼️ [CACHE] Cached image data for key: https://images.metahub.space/poster/small/tt32642706/img (22671 bytes)
🖼️ [CACHE] Cached image data for key: https://images.metahub.space/poster/small/tt34610311/img (30787 bytes)
🖼️ [CACHE] Cached image data for key: https://images.metahub.space/poster/small/tt30254719/img (39370 bytes)
🖼️ [CACHE] Cached image data for key: https://images.metahub.space/poster/small/tt29780866/img (35175 bytes)
🖼️ [CACHE] Cached image data for key: https://images.metahub.space/poster/small/tt13186306/img (30978 bytes)
🖼️ [CACHE] Cached image data for key: https://images.metahub.space/poster/small/tt0083655/img (25109 bytes)
🖼️ [CACHE] Cached image data for key: https://images.metahub.space/poster/small/tt10799690/img (40967 bytes)
🖼️ [CACHE] Cached image data for key: https://images.metahub.space/poster/small/tt27543632/img (31446 bytes)
🖼️ [CACHE] Cached image data for key: https://images.metahub.space/poster/small/tt4712810/img (37396 bytes)
🗑️ Cache evicted 10 items
🖼️ [CACHE] Cached image data for key: https://images.metahub.space/poster/small/tt26443597/img (43534 bytes)
🖼️ [CACHE] Cached image data for key: https://images.metahub.space/poster/small/tt14142060/img (29910 bytes)
🖼️ [CACHE] Cached image data for key: https://images.metahub.space/poster/small/tt32820897/img (53296 bytes)
🖼️ [CACHE] Cached image data for key: https://images.metahub.space/poster/small/tt1757678/img (45682 bytes)
🖼️ [CACHE] Cached image data for key: https://images.metahub.space/poster/small/tt31495504/img (34216 bytes)
💾 Cache SET: Catalog[quick_movie_sst.json_7] (7 items)
💾 Cache SET: Catalog[catalog_movie_sst.json] (15 items)
📡 [EventsConfig] Checking server for movie_events config version...
📡 [EventsConfig] Checking server for movie_events config version...
📡 [EventsConfig] Checking server for movie_events config version...
✅ [EventsConfig] Fetched movie_events version 1560 with 405 movies
✅ [EventsConfig] Using cached movie_events config (version 1560, 405 movies)
✅ SocialService: Event event_tt0266915 is JOINABLE (Live or Next Up) - allowing join
✅ [EventsConfig] Fetched movie_events version 1560 with 405 movies
✅ [EventsConfig] Using cached movie_events config (version 1560, 405 movies)
✅ SocialService: Event event_tt0266915 is JOINABLE (Live or Next Up) - allowing join
✅ [EventsConfig] Fetched movie_events version 1560 with 405 movies
✅ [EventsConfig] Using cached movie_events config (version 1560, 405 movies)
📊 AppState: Polled participant counts - Active: ["tt0266915": 2]
⏰ AppState: Next schedule update set for Event End: 2026-01-21 01:39:51 +0000
⏰ AppState: Scheduling update in 1354 seconds
📊 AppState: Polled participant counts - Active: ["tt0266915": 2]
⏰ AppState: Next schedule update set for Event End: 2026-01-21 01:39:51 +0000
⏰ AppState: Scheduling update in 1344 seconds
🖼️ [CACHE] Cached image data for key: https://images.metahub.space/poster/small/tt33035373/img (23928 bytes)
🖼️ [CACHE] Cached image data for key: https://m.media-amazon.com/images/M/MV5BZTdkNzRiYWMtYzE4Yi00OTA2LTk4M2QtNzcwYTgxMDRiY2U1XkEyXkFqcGc@._V1_SX250.jpg (19808 bytes)
🖼️ [CACHE] Cached image data for key: https://m.media-amazon.com/images/M/MV5BYjU5YTdlZTItNWM5Yi00OGM1LTk1NGItNjY5MGU3Y2JkOWIwXkEyXkFqcGc@._V1_SX250.jpg (24563 bytes)
🖼️ [CACHE] Cached image data for key: https://images.metahub.space/poster/small/tt0944947/img (20700 bytes)
🖼️ [CACHE] Cached image data for key: https://images.metahub.space/poster/small/tt0364845/img (20660 bytes)
🗑️ Cache evicted 10 items
🖼️ [CACHE] Cached image data for key: https://images.metahub.space/poster/small/tt6470478/img (13774 bytes)
🖼️ [CACHE] Cached image data for key: https://images.metahub.space/poster/small/tt29921437/img (37831 bytes)
🖼️ [CACHE] Cached image data for key: https://images.metahub.space/poster/small/tt0096697/img (38094 bytes)
🖼️ [CACHE] Cached image data for key: https://images.metahub.space/poster/small/tt0413573/img (29264 bytes)
🖼️ [CACHE] Cached image data for key: https://images.metahub.space/poster/small/tt7252812/img (33751 bytes)
🖼️ [CACHE] Cached image data for key: https://images.metahub.space/poster/small/tt0903747/img (35371 bytes)
🖼️ [CACHE] Cached image data for key: https://images.metahub.space/poster/small/tt12637874/img (25872 bytes)
🖼️ [CACHE] Cached image data for key: https://images.metahub.space/poster/small/tt0203259/img (25773 bytes)
🖼️ [CACHE] Cached image data for key: https://images.metahub.space/poster/small/tt12343534/img (47684 bytes)
🖼️ [CACHE] Cached image data for key: https://images.metahub.space/poster/small/tt0118933/img (25773 bytes)
🗑️ Cache evicted 10 items
🖼️ [CACHE] Cached image data for key: https://images.metahub.space/poster/small/tt0903747/img (35371 bytes)
🖼️ [CACHE] Cached image data for key: https://images.metahub.space/poster/small/tt4574334/img (39579 bytes)
🖼️ [CACHE] Cached image data for key: https://images.metahub.space/poster/small/tt0460681/img (32690 bytes)
🖼️ [CACHE] Cached image data for key: https://images.metahub.space/poster/small/tt7587890/img (31968 bytes)
🖼️ [CACHE] Cached image data for key: https://images.metahub.space/poster/small/tt0903747/img (35371 bytes)
🖼️ [CACHE] Cached image data for key: https://images.metahub.space/poster/small/tt10394706/img (31907 bytes)
🖼️ [CACHE] Cached image data for key: https://images.metahub.space/poster/small/tt2565520/img (39333 bytes)
📅 EventsView appeared
🖼️ [CACHE] Cached image data for key: https://images.metahub.space/background/medium/tt29644189/img (793673 bytes)
🖼️ [CACHE] Cached image data for key: https://images.metahub.space/background/medium/tt0266915/img (786827 bytes)
📡 SocialService: Updated status - Browsing Events: 
📊 AppState: Polled participant counts - Active: ["tt0266915": 2]
⏰ AppState: Next schedule update set for Event End: 2026-01-21 01:39:51 +0000
⏰ AppState: Scheduling update in 1334 seconds
📡 SocialService: Updated status - Browsing: 
📡 [EventsConfig] Checking server for movie_events config version...
📡 [EventsConfig] Checking server for movie_events config version...
✅ [EventsConfig] Fetched movie_events version 1560 with 405 movies
✅ [EventsConfig] Using cached movie_events config (version 1560, 405 movies)
✅ SocialService: Event event_tt0266915 is JOINABLE (Live or Next Up) - allowing join
✅ [EventsConfig] Fetched movie_events version 1560 with 405 movies
✅ [EventsConfig] Using cached movie_events config (version 1560, 405 movies)
✅ SocialService: Event event_tt0266915 is JOINABLE (Live or Next Up) - allowing join
🖼️ [CACHE] Cached image data for key: https://images.metahub.space/poster/small/tt4627382/img (18234 bytes)
🖼️ [CACHE] Cached image data for key: https://images.metahub.space/poster/small/tt1144884/img (36500 bytes)
🖼️ [CACHE] Cached image data for key: https://images.metahub.space/poster/small/tt4972582/img (13838 bytes)
🗑️ Cache evicted 10 items
🖼️ [CACHE] Cached image data for key: https://images.metahub.space/poster/small/tt0415306/img (40452 bytes)
🖼️ [CACHE] Cached image data for key: https://images.metahub.space/poster/small/tt0325980/img (41340 bytes)
🖼️ [CACHE] Cached image data for key: https://images.metahub.space/poster/small/tt0486946/img (45947 bytes)
🖼️ [CACHE] Cached image data for key: https://images.metahub.space/poster/small/tt8790086/img (25859 bytes)
🖼️ [CACHE] Cached image data for key: https://images.metahub.space/poster/small/tt1591095/img (21702 bytes)
🖼️ [CACHE] Cached image data for key: https://images.metahub.space/poster/small/tt26581740/img (9526 bytes)
🖼️ [CACHE] Cached image data for key: https://images.metahub.space/poster/small/tt3501632/img (31944 bytes)
🖼️ [CACHE] Cached image data for key: https://images.metahub.space/poster/small/tt30144839/img (35849 bytes)
🖼️ [CACHE] Cached image data for key: https://images.metahub.space/poster/small/tt0266915/img (29028 bytes)
🖼️ [CACHE] Cached image data for key: https://images.metahub.space/poster/small/tt3291150/img (33004 bytes)
🗑️ Cache evicted 10 items
🖼️ [CACHE] Cached image data for key: https://images.metahub.space/poster/small/tt30254719/img (39370 bytes)
🖼️ [CACHE] Cached image data for key: https://images.metahub.space/poster/small/tt10799690/img (40967 bytes)
🖼️ [CACHE] Cached image data for key: https://images.metahub.space/poster/small/tt34610311/img (30787 bytes)
🖼️ [CACHE] Cached image data for key: https://images.metahub.space/poster/small/tt13186306/img (30978 bytes)
🖼️ [CACHE] Cached image data for key: https://images.metahub.space/poster/small/tt27543632/img (31446 bytes)
🖼️ [CACHE] Cached image data for key: https://images.metahub.space/poster/small/tt31227572/img (24034 bytes)
🖼️ [CACHE] Cached image data for key: https://images.metahub.space/poster/small/tt32820897/img (53296 bytes)
🖼️ [CACHE] Cached image data for key: https://images.metahub.space/poster/small/tt32642706/img (22671 bytes)
🖼️ [CACHE] Cached image data for key: https://images.metahub.space/poster/small/tt0083655/img (25109 bytes)
🖼️ [CACHE] Cached image data for key: https://images.metahub.space/poster/small/tt4712810/img (37396 bytes)
🗑️ Cache evicted 10 items
🖼️ [CACHE] Cached image data for key: https://images.metahub.space/poster/small/tt26443597/img (43534 bytes)
🖼️ [CACHE] Cached image data for key: https://images.metahub.space/poster/small/tt14142060/img (29910 bytes)
🖼️ [CACHE] Cached image data for key: https://images.metahub.space/poster/small/tt29780866/img (35175 bytes)
🖼️ [CACHE] Cached image data for key: https://images.metahub.space/poster/small/tt1757678/img (45682 bytes)
🖼️ [CACHE] Cached image data for key: https://images.metahub.space/poster/small/tt31495504/img (34216 bytes)
📊 AppState: Polled participant counts - Active: ["tt0266915": 2]
⏰ AppState: Next schedule update set for Event End: 2026-01-21 01:39:51 +0000
⏰ AppState: Scheduling update in 1323 seconds
