2026-01-25 10:44:45.455 RedLemon[7115:62533] 🪟 Set initial window to expanded size: (0.0, 150.0, 1366.0, 593.0)
2026-01-25 10:44:45.455 RedLemon[7115:62533] ✅ Cache cleanup timer started (runs every 30 minutes)
2026-01-25 10:44:45.528 RedLemon[7115:62533] 🔄 Resetting playback state to prevent auto-selection...
2026-01-25 10:44:45.529 RedLemon[7115:62533] ⚠️ PlayerVM: currentWatchPartyRoom set to NIL. Stack Trace unavailable, but check recent logs.
2026-01-25 10:44:45.565 RedLemon[7115:62533] ✅ Playback state reset complete - starting in browse view
2026-01-25 10:44:45.566 RedLemon[7115:62533] 🔐 APP STARTUP: Loading stored user credentials...
2026-01-25 10:44:45.566 RedLemon[7115:62533] 🧪 Testing Profile: debug
2026-01-25 10:44:45.569 RedLemon[7115:62621] 📂 Loaded 5 credential(s) from cache
2026-01-25 10:44:45.598 RedLemon[7115:62533] ✅ Keychain: Found stored username: ursinho
2026-01-25 10:44:45.599 RedLemon[7115:62533] 🔍 Supabase: Looking up user 'ursinho' in database...
2026-01-25 10:44:45.599 RedLemon[7115:62621] 🔍 SupabaseClient: Looking up user by username 'ursinho'
2026-01-25 10:44:46.524 RedLemon[7115:62604] 📡 SupabaseClient: User lookup response received (427 bytes)
2026-01-25 10:44:46.536 RedLemon[7115:62604] ✅ SupabaseClient: Decoded 1 users from response
2026-01-25 10:44:46.537 RedLemon[7115:62604] 👤 SupabaseClient: Found user - ursinho (ID: 656DAA91-33B4-4688-9135-C982EA52D7C9)
2026-01-25 10:44:46.646 RedLemon[7115:62533] ✅ AUTH SUCCESS: User authenticated - ursinho (ID: 656DAA91-33B4-4688-9135-C982EA52D7C9)
2026-01-25 10:44:46.646 RedLemon[7115:62533] 🎯 AppState: currentUsername=ursinho, currentUserId=656DAA91-33B4-4688-9135-C982EA52D7C9
2026-01-25 10:44:50.358 RedLemon[7115:62533] 🏁 AUTH COMPLETE: Final state - username=ursinho, userId=656DAA91-33B4-4688-9135-C982EA52D7C9
2026-01-25 10:44:50.362 RedLemon[7115:62533] 🚀 RedLemon: Starting HTTP server...
2026-01-25 10:44:50.362 RedLemon[7115:62533] 📋 RedLemon: Current directory: /Users/danielnoble/Desktop/Redlemon
2026-01-25 10:44:50.368 RedLemon[7115:62622] 🔐 Signed request to /user_watch_history
2026-01-25 10:44:50.380 RedLemon[7115:62533] ✅ RedLemon: HTTPServer instance created
2026-01-25 10:44:50.380 RedLemon[7115:62533] ✅ RedLemon: Server marked as ready (Optimistic)
2026-01-25 10:44:50.380 RedLemon[7115:62608] 📡 RedLemon: Server starting on port 47253...
⏲️ [EventsConfig] Starting polling fallback (every 60s)
🔌 Connecting to Supabase Realtime: wss://151.243.109.243.nip.io/realtime/v1/websocket
✅ Connected to Supabase Realtime
📡 Sparkle requesting feed URL: https://151.243.109.243.nip.io/updates/appcast.xml
✅ Sparkle configured (seamless mode)
   Appcast URL: https://151.243.109.243.nip.io/updates/appcast.xml
   Can check: true
📅 EventsView appeared
🎬 [EventsView] Fetching movie events from centralized config...
📡 [EventsConfig] Checking server for movie_events config version...
🔍 Memory pressure monitoring enabled (safe mode)
🔍 Silent update check (custom implementation)...
📦 Current build: 152, Latest build: 152
✅ App is up to date (current: 152, latest: 152)
🖥️ CacheManager initialized with fixed conservative limits
   Image cache limit: 30 items
📡 Joined channel: realtime:events_config_updates (interest count: 1)
✅ [EventsConfig] Subscribed to realtime schedule updates
📡 Sparkle requesting feed URL: https://151.243.109.243.nip.io/updates/appcast.xml
✅ [EventsConfig] Fetched movie_events version 1585 with 399 movies
✅ [EventsConfig] Using cached movie_events config (version 1585, 399 movies)
✅ [EventsView] Loaded 399 movies from config version 1585
🗓 AppState: Updated schedule epoch to 2026-01-23 22:49:34 +0000
⏰ AppState: Next schedule update set for Event End: 2026-01-25 18:10:34 +0000
⏰ AppState: Scheduling update in 8747 seconds
🖼️ [CACHE] Cached image data for key: https://images.metahub.space/background/medium/tt12300742/img (860474 bytes)
🖼️ [CACHE] Cached image data for key: https://images.metahub.space/background/medium/tt2395427/img (1024405 bytes)
🖼️ [CACHE] Cached image data for key: https://images.metahub.space/background/medium/tt0486946/img (430013 bytes)
🖼️ [CACHE] Cached image data for key: https://images.justwatch.com/poster/305312442/s332/img (46682 bytes)
🖼️ [CACHE] Cached image data for key: https://images.metahub.space/poster/small/tt5463162/img (28951 bytes)
🖼️ [CACHE] Cached image data for key: https://images.metahub.space/poster/small/tt1144884/img (36500 bytes)
🖼️ [CACHE] Cached image data for key: https://images.metahub.space/poster/small/tt4712810/img (37396 bytes)
🖼️ [CACHE] Cached image data for key: https://images.metahub.space/poster/small/tt0325980/img (35506 bytes)
🖼️ [CACHE] Cached image data for key: https://images.metahub.space/poster/small/tt4972582/img (23141 bytes)
🖼️ [CACHE] Cached image data for key: https://images.metahub.space/poster/small/tt0309593/img (11698 bytes)
🖼️ [CACHE] Cached image data for key: https://images.metahub.space/poster/small/tt31193180/img (27098 bytes)
🖼️ [CACHE] Cached image data for key: https://images.metahub.space/poster/small/tt29780866/img (35175 bytes)
🖼️ [CACHE] Cached image data for key: https://images.metahub.space/poster/small/tt26581740/img (17276 bytes)
💾 Cache SET: Catalog[quick_movie_top.json_7] (7 items)
💾 Cache SET: Catalog[catalog_movie_top.json] (18 items)
🖼️ [CACHE] Cached image data for key: https://images.metahub.space/poster/small/tt10548174/img (25576 bytes)
🖼️ [CACHE] Cached image data for key: https://images.metahub.space/poster/small/tt1527793/img (39478 bytes)
🖼️ [CACHE] Cached image data for key: https://images.metahub.space/poster/small/tt14107334/img (38222 bytes)
🖼️ [CACHE] Cached image data for key: https://images.metahub.space/poster/small/tt14364480/img (19894 bytes)
🖼️ [CACHE] Cached image data for key: https://images.metahub.space/poster/small/tt12300742/img (13162 bytes)
🖼️ [CACHE] Cached image data for key: https://images.metahub.space/poster/small/tt30343021/img (18530 bytes)
🖼️ [CACHE] Cached image data for key: https://images.metahub.space/poster/small/tt1312221/img (23730 bytes)
🖼️ [CACHE] Cached image data for key: https://images.metahub.space/poster/small/tt23172090/img (39824 bytes)
🖼️ [CACHE] Cached image data for key: https://images.metahub.space/poster/small/tt29768334/img (28877 bytes)
🖼️ [CACHE] Cached image data for key: https://images.metahub.space/poster/small/tt31227572/img (24034 bytes)
🖼️ [CACHE] Cached image data for key: https://images.metahub.space/poster/small/tt27714581/img (30242 bytes)
🖼️ [CACHE] Cached image data for key: https://images.metahub.space/poster/small/tt32642706/img (22671 bytes)
🖼️ [CACHE] Cached image data for key: https://images.metahub.space/poster/small/tt26443597/img (43534 bytes)
🖼️ [CACHE] Cached image data for key: https://images.metahub.space/poster/small/tt29567915/img (28516 bytes)
🖼️ [CACHE] Cached image data for key: https://images.metahub.space/poster/small/tt30144839/img (35849 bytes)
🖼️ [CACHE] Cached image data for key: https://images.metahub.space/poster/small/tt14142060/img (29910 bytes)
🖼️ [CACHE] Cached image data for key: https://images.metahub.space/poster/small/tt22740896/img (31424 bytes)
⏰ AppState: Next schedule update set for Event End: 2026-01-25 18:10:34 +0000
⏰ AppState: Scheduling update in 8746 seconds
⏰ AppState: Next schedule update set for Event End: 2026-01-25 18:10:34 +0000
⏰ AppState: Scheduling update in 8745 seconds
🔌 SocialService: Connecting to global presence...
🔌 Connecting to Supabase Realtime: wss://151.243.109.243.nip.io/realtime/v1/websocket
✅ Connected to Supabase Realtime
✅ SocialService: Presence connected
📡 Joined channel: realtime:global-presence (interest count: 1)
✅ SocialService: Connected to global presence
🔌 SocialService: Connecting to social realtime channels...
🔌 Connecting to Supabase Realtime: wss://151.243.109.243.nip.io/realtime/v1/websocket
✅ Connected to Supabase Realtime
✅ SocialService: DM channel connected
📈 SocialService: User 96e01cdb-36c0-4228-a6e4-a29a3c66bc8e came online
📈 SocialService: User 795e81d3-8bdd-4403-8423-238c3b93b420 came online
📈 SocialService: User 656daa91-33b4-4688-9135-c982ea52d7c9 came online
📡 Joined channel: realtime:direct_messages (interest count: 1)
📡 Joined channel: realtime:friendships (interest count: 1)
✅ SocialService: Connected to social channels
📬 SocialService: Fetched 0 unread messages
🔄 SocialService: Syncing 50 items to cloud...
🔄 SocialService: Syncing 50 items to cloud (serial)...
✅ Token routes registered:
   POST /tokens/save
   POST /tokens/delete
   GET  /tokens/list
✅ Unlock routes registered:
   POST /api/streams/unlock
✅ Stream routes registered:
   POST /api/streams/resolve
   GET  /api/streams/resolveByQuality
   GET  /api/streams/resolveAll
✅ Proxy routes registered:
   GET /play/rd/:infoHash/:fileIdx
   GET /play/rd/:infoHash
✅ Subtitle routes registered:
   GET /subtitles/search?imdbId=&type=
   GET /subtitles/subdl/:encodedPath
✅ All routes registered
✅ HTTP Server configured on http://127.0.0.1:47253
🚀 Starting HTTP server...
✅ Providers initialized: torrentio, comet, zilean, mediafusion, debridsearch
[ NOTICE ] Server started on http://127.0.0.1:47253
2026-01-25 10:44:50.469 RedLemon[7115:62533] ✅ RedLemon: Server should be running on http://127.0.0.1:47253
2026-01-25 10:44:50.469 RedLemon[7115:62533] 🏥 [AppState] Starting global provider health check...
2026-01-25 10:44:50.469 RedLemon[7115:62533] 🔍 Performing startup checks...
2026-01-25 10:44:50.469 RedLemon[7115:62533] ✅ Username-based authentication ready
2026-01-25 10:44:50.471 RedLemon[7115:62605] 🔐 Signed request to /check-payment
✅ HTTP server running on http://127.0.0.1:47253

🔗 Available endpoints:
   http://127.0.0.1:47253/health
   http://127.0.0.1:47253/status
   http://127.0.0.1:47253/api/health

💰 LicenseManager: Starting hybrid license check...
[ INFO ] GET /api/metadata/catalog/movie/popular [request-id: B6177523-5CD2-4900-8588-4DB9946111E3]
2026-01-25 10:44:50.694 RedLemon[7115:62605] 🔐 Signed request to /user_watch_history
2026-01-25 10:44:50.997 RedLemon[7115:62604] 🎬 Torrentio: Building URL for movie (no season/episode)
2026-01-25 10:44:50.998 RedLemon[7115:62604] 🔗 Torrentio URL (length: 55): https://torrentio.strem.fun/stream/movie/tt0133093.json...
2026-01-25 10:44:51.711 RedLemon[7115:62608] 🔐 Signed request to /user_watch_history
🔍 [Server] Proxying catalog request to: https://v3-cinemeta.strem.io/catalog/movie/popular.json
💾 Cache SET: Catalog[quick_movie_nfx.json_7] (7 items)
💾 Cache SET: Catalog[catalog_movie_nfx.json] (18 items)
💾 Cache SET: Catalog[popular_movies_fixed] (18 items)
[ INFO ] GET /api/metadata/meta/movie/tt4972582 [request-id: C3C84CB2-9B83-4109-88AE-7EAEFF7D6BEE]
2026-01-25 10:44:51.762 RedLemon[7115:62604] 📦 Decoded CinemetaMeta - videos count: -1
2026-01-25 10:44:52.024 RedLemon[7115:62605] 🔐 Signed request to /user_watch_history
2026-01-25 10:44:52.332 RedLemon[7115:62605] 🔐 Signed request to /user_watch_history
2026-01-25 10:44:52.640 RedLemon[7115:62621] 🔐 Signed request to /user_watch_history
2026-01-25 10:44:52.960 RedLemon[7115:62691] 🔐 Signed request to /user_watch_history
2026-01-25 10:44:53.267 RedLemon[7115:62691] 🔐 Signed request to /user_watch_history
2026-01-25 10:44:53.478 RedLemon[7115:62533] 🎬 Creating Watch Party for: Split
2026-01-25 10:44:53.478 RedLemon[7115:62621] Background: ⏳ Starting room creation (Unstructured Race)...
2026-01-25 10:44:53.479 RedLemon[7115:62621] Background: ▶️ createRoom task started (Direct Singleton Access)
2026-01-25 10:44:53.479 RedLemon[7115:62621] 🎬 SupabaseClient: createRoom called for id: XBXH - ENTRY
2026-01-25 10:44:53.479 RedLemon[7115:62621] 🎬 SupabaseClient: Creating room 'XBXH' for host 'ursinho'...
2026-01-25 10:44:53.481 RedLemon[7115:62621] 🔐 Signed request to /rooms
2026-01-25 10:44:53.578 RedLemon[7115:62691] 🔐 Signed request to /user_watch_history
2026-01-25 10:44:53.890 RedLemon[7115:62608] 🔐 Signed request to /user_watch_history
2026-01-25 10:44:53.924 RedLemon[7115:62608] ✅ SupabaseClient: Room creation request completed (received response)
2026-01-25 10:44:53.929 RedLemon[7115:62608] Background: ✅ createRoom task finished
2026-01-25 10:44:53.932 RedLemon[7115:62621] 🔐 Signed request to /room_participants
2026-01-25 10:44:54.198 RedLemon[7115:62533] ✅ PlayerVM: currentWatchPartyRoom set to XBXH
2026-01-25 10:44:54.308 RedLemon[7115:62533] [LOBBY_VIEW] onAppear: shouldAutoJoinLobby=false, room=XBXH, timeUntilStart=0
2026-01-25 10:44:54.428 RedLemon[7115:62605] 🔐 Signed request to /room_participants
2026-01-25 10:44:54.428 RedLemon[7115:62621] 🔐 Signed request to /user_watch_history
2026-01-25 10:44:54.431 RedLemon[7115:62622] 🔐 Signed request to /rooms
💾 Cache SET: Metadata[meta_movie_tt4972582]
✅ SubDLClient initialized
🎭 Lobby: Connecting to room XBXH...
🚦 Lobby State: connecting
🔄 Lobby: Fetching fresh room state from Supabase...
✅ Cache HIT: Metadata[meta_movie_tt4972582]
🛑 Lobby: Host explicitly clearing playback state in DB to prevent autoplay loop
[ INFO ] GET /api/metadata/meta/movie/tt4972582 [request-id: 71815A46-FEC1-43A0-AE92-7F89BB200822]
2026-01-25 10:44:54.579 RedLemon[7115:62605] 🔐 Signed request to /rpc/user_heartbeat
2026-01-25 10:44:54.654 RedLemon[7115:62621] 📡 SupabaseClient: updateRoomPlaylist called for room XBXH with 1 items, index: 0
2026-01-25 10:44:54.655 RedLemon[7115:62621] 🔐 Signed request to /rooms
2026-01-25 10:44:54.696 RedLemon[7115:62609] ✅ SupabaseClient: Updated room playback (Playing: false, Pos: 0s, ClearedStream: false)
2026-01-25 10:44:54.697 RedLemon[7115:62605] ❌ [10:44:54.696] [NETWORK] [SupabaseClient.swift:370] Supabase API Error: new row violates row-level security policy (USING expression) for table "room_participants"
2026-01-25 10:44:54.709 RedLemon[7115:62533] ✅ Host re-joined room XBXH in database (refreshing presence)
2026-01-25 10:44:54.728 RedLemon[7115:62609] 📝 Realtime: Registered observer 'lobby' (Presence: YES, Sync: NO, Status: NO)
2026-01-25 10:44:54.730 RedLemon[7115:62608] 🔐 Signed request to /user_watch_history
2026-01-25 10:44:54.746 RedLemon[7115:62622] 📝 Realtime: Registered observer 'lobby' (Presence: NO, Sync: YES, Status: NO)
2026-01-25 10:44:54.763 RedLemon[7115:62622] 🔐 SupabaseClient: Signing Identity Payload: '1769355894656daa91-33b4-4688-9135-c982ea52d7c9/rpc/room_heartbeat'
2026-01-25 10:44:54.763 RedLemon[7115:62622] 🔐 Signed request to /rpc/room_heartbeat
2026-01-25 10:44:54.828 RedLemon[7115:62608] ✅ SupabaseClient: Playlist updated successfully
2026-01-25 10:44:54.907 RedLemon[7115:62621] 🔐 Signed request to /user_watch_history
2026-01-25 10:44:54.967 RedLemon[7115:62533] 📨 Lobby: Received Room UPDATE from Realtime
2026-01-25 10:44:54.968 RedLemon[7115:62533] 📨 Lobby: Received Room UPDATE from Realtime
2026-01-25 10:44:55.085 RedLemon[7115:62622] 🔐 Signed request to /user_watch_history
2026-01-25 10:44:55.333 RedLemon[7115:62621] 🔐 Signed request to /user_watch_history
2026-01-25 10:44:55.636 RedLemon[7115:62621] 🔐 Signed request to /user_watch_history
2026-01-25 10:44:55.948 RedLemon[7115:62608] 🔐 Signed request to /user_watch_history
2026-01-25 10:44:56.257 RedLemon[7115:62608] 🔐 Signed request to /user_watch_history
2026-01-25 10:44:56.561 RedLemon[7115:62622] 🔐 Signed request to /user_watch_history
2026-01-25 10:44:56.878 RedLemon[7115:62622] 🔐 Signed request to /user_watch_history
2026-01-25 10:44:57.189 RedLemon[7115:62622] 🔐 Signed request to /user_watch_history
2026-01-25 10:44:57.496 RedLemon[7115:62621] 🔐 Signed request to /user_watch_history
2026-01-25 10:44:57.759 RedLemon[7115:62605] 🔐 Signed request to /user_watch_history
2026-01-25 10:44:58.015 RedLemon[7115:62605] 🔐 Signed request to /user_watch_history
2026-01-25 10:44:58.284 RedLemon[7115:62608] 🔐 Signed request to /user_watch_history
2026-01-25 10:44:58.552 RedLemon[7115:62621] 🔐 Signed request to /user_watch_history
2026-01-25 10:44:58.878 RedLemon[7115:62605] 🔐 Signed request to /user_watch_history
2026-01-25 10:44:59.180 RedLemon[7115:62621] 🔐 Signed request to /user_watch_history
2026-01-25 10:44:59.328 RedLemon[7115:62533] ✅ [AppState] Provider health check complete (found 7 services)
2026-01-25 10:44:59.481 RedLemon[7115:62605] 🔐 Signed request to /user_watch_history
2026-01-25 10:44:59.779 RedLemon[7115:62609] 🔐 Signed request to /user_watch_history
2026-01-25 10:44:59.780 RedLemon[7115:62533] 📨 Lobby: Received Room UPDATE from Realtime
2026-01-25 10:44:59.781 RedLemon[7115:62533] 📨 Lobby: Received Room UPDATE from Realtime
2026-01-25 10:44:59.978 RedLemon[7115:62691] 🔐 Signed request to /user_watch_history
2026-01-25 10:45:00.179 RedLemon[7115:62608] 📨 Realtime: Received broadcast message
2026-01-25 10:45:00.179 RedLemon[7115:62608]    Payload keys: timestamp, chatText, senderId, type, chatUsername, position
2026-01-25 10:45:00.180 RedLemon[7115:62608] ✅ Realtime: Decoded message type: chat, sender: 96e01cdb-36c0-4228-a6e4-a29a3c66bc8e
2026-01-25 10:45:00.181 RedLemon[7115:62533] 👋 Host received: Guest 'lemontom' joined room XBXH
2026-01-25 10:45:00.181 RedLemon[7115:62533]    Guest ID: 96e01cdb-36c0-4228-a6e4-a29a3c66bc8e, Total participants: 2
2026-01-25 10:45:00.197 RedLemon[7115:62533] 👥 Room status after join: 2 participants, 0 ready
2026-01-25 10:45:00.216 RedLemon[7115:62533] ✅ Lobby: Synced participants to AppState (Count: 2)
2026-01-25 10:45:00.271 RedLemon[7115:62691] 🔐 Signed request to /user_watch_history
2026-01-25 10:45:00.405 RedLemon[7115:62533] 📨 Lobby: Received Room UPDATE from Realtime
2026-01-25 10:45:00.515 RedLemon[7115:62605] 🔐 Signed request to /user_watch_history
2026-01-25 10:45:00.770 RedLemon[7115:62691] 🔐 Signed request to /user_watch_history
2026-01-25 10:45:01.024 RedLemon[7115:62691] 🔐 Signed request to /user_watch_history
2026-01-25 10:45:01.084 RedLemon[7115:62533] 🎬 Host: Starting movie for 2 participants
2026-01-25 10:45:01.157 RedLemon[7115:62691] 📤 Realtime: Sending message type: chat, sender: 656daa91-33b4-4688-9135-c982ea52d7c9
2026-01-25 10:45:01.158 RedLemon[7115:62691]    Payload keys: type, chatUsername, senderId, chatText, timestamp, position
2026-01-25 10:45:01.158 RedLemon[7115:62608] ✅ Realtime: Message broadcast complete
2026-01-25 10:45:01.209 RedLemon[7115:62608] ✅ StreamService: Using provided metadata: Split
2026-01-25 10:45:01.209 RedLemon[7115:62608] ⚡️ StreamService: Resolving streams via StreamResolver (Bypassing HTTP)...
2026-01-25 10:45:01.210 RedLemon[7115:62691] 📝 [APP] 🎬 StreamService: Starting resolution for: Split ["file": "StreamService.swift", "level": "INFO", "line": "172"]
2026-01-25 10:45:01.210 RedLemon[7115:62608] ⚡️ StreamResolver: Resolving streams for tt4972582 (S0E0)
2026-01-25 10:45:01.210 RedLemon[7115:62691] 📝 [APP] SessionRecorder initialized
2026-01-25 10:45:01.210 RedLemon[7115:62691] 📝 [APP] New Session Started ["app_version": "1.0.152", "build": "152", "session_id": "7AE46FA5-2669-403A-A7D1-E6F78309A41E", "trigger_source": "watch_party_resolve", "user_id": "656DAA91-33B4-4688-9135-C982EA52D7C9"]
2026-01-25 10:45:01.210 RedLemon[7115:62691] 📝 [APP] Target Content Set ["imdb_id": "tt4972582"]
2026-01-25 10:45:01.211 RedLemon[7115:62691] 📝 [RESOLVER] Started Resolution ["episode": "0", "season": "0", "type": "movie"]
2026-01-25 10:45:01.288 RedLemon[7115:62621] 📨 Realtime: Received broadcast message
2026-01-25 10:45:01.289 RedLemon[7115:62621]    Payload keys: position, chatUsername, chatText, timestamp, type, senderId
2026-01-25 10:45:01.289 RedLemon[7115:62621] ✅ Realtime: Decoded message type: chat, sender: 656daa91-33b4-4688-9135-c982ea52d7c9
2026-01-25 10:45:01.318 RedLemon[7115:62621] 🔐 Signed request to /user_watch_history
2026-01-25 10:45:01.438 RedLemon[7115:62621]    📅 Filtering by year: 2016
2026-01-25 10:45:01.580 RedLemon[7115:62608] 🔐 Signed request to /user_watch_history
2026-01-25 10:45:01.689 RedLemon[7115:62691] 📝 [RESOLVER] Found Verified Stream ["hash": "20d73d6b0be506b6e195ac61324390fd74bed35b", "vote_count": "4"]
2026-01-25 10:45:01.827 RedLemon[7115:62691] 🔐 Signed request to /user_watch_history
2026-01-25 10:45:02.136 RedLemon[7115:62605] 🔐 Signed request to /user_watch_history
2026-01-25 10:45:02.431 RedLemon[7115:62691] 🔐 Signed request to /user_watch_history
2026-01-25 10:45:02.722 RedLemon[7115:62533] 🔄 Checking for app updates...
2026-01-25 10:45:02.724 RedLemon[7115:62621] 🔐 Signed request to /rpc/get_server_time
2026-01-25 10:45:02.737 RedLemon[7115:62691] 🔐 Signed request to /user_watch_history
2026-01-25 10:45:02.977 RedLemon[7115:62691] 🔐 Signed request to /user_watch_history
2026-01-25 10:45:03.231 RedLemon[7115:62691] 🔐 Signed request to /user_watch_history
2026-01-25 10:45:03.535 RedLemon[7115:62605] 🔐 Signed request to /user_watch_history
2026-01-25 10:45:03.831 RedLemon[7115:62691] 🔐 Signed request to /user_watch_history
2026-01-25 10:45:04.131 RedLemon[7115:62691] 🔐 Signed request to /user_watch_history
2026-01-25 10:45:04.429 RedLemon[7115:62621] 🔐 Signed request to /user_watch_history
2026-01-25 10:45:04.748 RedLemon[7115:62622] 🔐 Signed request to /user_watch_history
2026-01-25 10:45:05.046 RedLemon[7115:62608] 🔐 Signed request to /user_watch_history
2026-01-25 10:45:05.345 RedLemon[7115:62605] 🔐 Signed request to /user_watch_history
📡 SocialService: Updated status - In Lobby: Split: Split
✅ Lobby: Loaded metadata for Split
✅ Lobby: Synced CLEAN stream info, metadata & playlist to AppState
🆕 Lobby: Auto-adding initial item to playlist: Split
🔌 Setting up Realtime channel: watch-party:XBXH
   Role: Host
   User ID: 656daa91-33b4-4688-9135-c982ea52d7c9
📡 Connection state: connected
📡 Connection state: connecting
📡 Joined channel: realtime:watch-party:XBXH (interest count: 1)
📡 Connection state: connected
✅ Realtime channel setup complete
✅ Lobby: Connected to Realtime
🚦 Lobby State: connected
🔄 Lobby: Starting database polling for participants and room state...
💓 Lobby: Starting heartbeat loop...
✅ Lobby: Persisted initial playlist item
🔄 Lobby: Fetching fresh room state from Supabase...
🔄 Lobby: Fetching fresh room state from Supabase...
✅ Lobby: Synced CLEAN stream info, metadata & playlist to AppState
✅ Lobby: Synced CLEAN stream info, metadata & playlist to AppState
⏰ AppState: Next schedule update set for Event End: 2026-01-25 18:10:34 +0000
⏰ AppState: Scheduling update in 8736 seconds
🔄 Lobby: Fetching fresh room state from Supabase...
🔄 Lobby: Fetching fresh room state from Supabase...
✅ Lobby: Synced CLEAN stream info, metadata & playlist to AppState
✅ Lobby: Synced CLEAN stream info, metadata & playlist to AppState
🔄 Lobby: Fetching fresh room state from Supabase...
✅ Lobby: Synced CLEAN stream info, metadata & playlist to AppState
✅ Cache HIT: Metadata[meta_movie_tt4972582]
[2026-01-25T15:45:01Z] [INFO] [StreamService.swift:172] 🎬 StreamService: Starting resolution for: Split
🎬 StreamService: Resolving movie - trusted pack filtering will be applied server-side
🛡️ StreamResolver: Loaded 7 blocked streams from blacklist
⚡️ StreamResolver: Found Community Verified stream with 4 votes!
   ℹ️ Hash: 20d73d6b0be506b6e195ac61324390fd74bed35b
   ℹ️ Last Verified: 2026-01-25 06:35:40 +0000
🔍 Searching SubDL: tt4972582 (movie)
🛡️ Lobby: Auto-Join safety delay passed (8s). Enabled for late joiners.
👤 LicenseManager: Profile expiry: Optional(2026-02-11 06:00:30 +0000)
🔍 Silent update check (custom implementation)...
⏰ TimeService: Synchronizing clock with server...
🎉 License updated! Expires: 2026-02-11 06:00:30 +0000
📦 Current build: 152, Latest build: 152
✅ App is up to date (current: 152, latest: 152)
✅ TimeService: Synced! Offset: 0.185s (RTT: 237ms)
   Local:  2026-01-25 15:45:02 +0000
   Server: 2026-01-25 15:45:03 +0000
⏰ AppState: Next schedule update set for Event End: 2026-01-25 18:10:34 +0000
⏰ AppState: Scheduling update in 8726 seconds
❌ StreamResolver: Subtitle error: Error Domain=NSURLErrorDomain Code=-999 "cancelled" UserInfo={NSErrorFailingURLStringKey=https://api.subdl.com/api/v1/subtitles?api_key=aGS2S1FTQ3441_1JAJaATPtgNVrcEhr7&imdb_id=tt4972582&languages=en&type=movie, NSErrorFailingURLKey=https://api.subdl.com/api/v1/subtitles?api_key=aGS2S1FTQ3441_1JAJaATPtgNVrcEhr7&imdb_id=tt4972582&languages=en&type=movie, _NSURLErrorRelatedURLSessionTaskErrorKey=(
    "LocalDataTask <A7D17E25-6BBF-4B8F-9ABF-89C4E35C39B9>.<1>"
), _NSURLErrorFailingURLSessionTaskErrorKey=LocalDataTask <A7D17E25-6BBF-4B8F-9ABF-89C4E35C39B9>.<1>, NSLocalizedDescription=cancelled}
⚠️ StreamResolver: Verified stream subtitle attachment timed out after 8s.
⚡️ StreamResolver: SHORT CIRCUIT - Returning verified stream immediately.
⚡️ StreamService: Testing verified stream viability...
🔓 StreamService: Unlocking with infoHash: 20d73d6b0be5...
[ INFO ] POST /api/streams/unlock [request-id: 7C0BD339-7031-464D-B33F-E35AA3129014]
2026-01-25 10:45:10.134 RedLemon[7115:62622] 🔓 Unlock request: infoHash=20d73d6b0be5..., fileIdx=0
2026-01-25 10:45:10.134 RedLemon[7115:62622] ✅ Token found, attempting unlock...
2026-01-25 10:45:11.939 RedLemon[7115:62605] ✅ Unlocked successfully: Split.2016.1080p.BluRay.H264.AAC-RARBG.mp4
2026-01-25 10:45:11.943 RedLemon[7115:62691] 📝 [RESOLVER] Stream Unlocked ["filename": "Split.2016.1080p.BluRay.H264.AAC-RARBG.mp4", "is_generic": "false", "original_title": "Community Verified Stream (1080p)", "url_host": "chi9-4.download.real-debrid.com"]
✅ RD addMagnet: CSOH6ZALHLX2Q
🎬 Movie: Found matching file for title 'Split': /Split.2016.1080p.BluRay.H264.AAC-RARBG.mp4
📝 RD: Selecting file ID 2 for torrent CSOH6ZALHLX2Q
📊 RD poll 1/2: status=downloaded, links=1
🔗 Unrestricting link: https://real-debrid.com/d/AYLOBNEIEGDWC66C
✅ StreamService: Stream unlocked successfully!
✅ StreamService: Verified stream is VIABLE. Returning immediately.
🔒 StreamService: Has infoHash - forcing proper unlock flow (bypass cached URL)
🔓 StreamService: Unlocking with infoHash: 20d73d6b0be5...
[ INFO ] POST /api/streams/unlock [request-id: 4106C1D6-65F1-40FB-A89D-C4B67B13E129]
2026-01-25 10:45:11.955 RedLemon[7115:62622] 🔓 Unlock request: infoHash=20d73d6b0be5..., fileIdx=0
2026-01-25 10:45:11.955 RedLemon[7115:62622] ✅ Token found, attempting unlock...
2026-01-25 10:45:11.955 RedLemon[7115:62622] ✅ Unlocked successfully: Split.2016.1080p.BluRay.H264.AAC-RARBG.mp4
2026-01-25 10:45:11.957 RedLemon[7115:62605] 📝 [RESOLVER] Stream Unlocked ["filename": "Split.2016.1080p.BluRay.H264.AAC-RARBG.mp4", "is_generic": "false", "original_title": "Split.2016.1080p.BluRay.H264.AAC-RARBG.mp4", "url_host": "chi9-4.download.real-debrid.com"]
2026-01-25 10:45:11.999 RedLemon[7115:62605] 🔄 SupabaseClient: Resetting playback state for room XBXH
2026-01-25 10:45:12.000 RedLemon[7115:62605] 🔐 Signed request to /rooms
2026-01-25 10:45:12.305 RedLemon[7115:62622] ✅ Persisted stream selection to room XBXH
2026-01-25 10:45:12.306 RedLemon[7115:62533] ✅ Host: Stream resolved and persisted OK
2026-01-25 10:45:12.306 RedLemon[7115:62533] ⏳ Host: Initiating handshake for 1 guests...
2026-01-25 10:45:12.330 RedLemon[7115:62691] 📤 Realtime: Sending message type: chat, sender: 656daa91-33b4-4688-9135-c982ea52d7c9
2026-01-25 10:45:12.330 RedLemon[7115:62691]    Payload keys: senderId, chatText, timestamp, position, type, chatUsername
2026-01-25 10:45:12.332 RedLemon[7115:62622] ✅ Realtime: Message broadcast complete
2026-01-25 10:45:12.383 RedLemon[7115:62533] 📨 Lobby: Received Room UPDATE from Realtime
2026-01-25 10:45:12.467 RedLemon[7115:62608] 📨 Realtime: Received broadcast message
2026-01-25 10:45:12.468 RedLemon[7115:62608]    Payload keys: position, timestamp, chatText, senderId, chatUsername, type
2026-01-25 10:45:12.469 RedLemon[7115:62608] ✅ Realtime: Decoded message type: chat, sender: 656daa91-33b4-4688-9135-c982ea52d7c9
2026-01-25 10:45:20.738 RedLemon[7115:62622] 🔐 Signed request to /rpc/user_heartbeat
2026-01-25 10:45:24.896 RedLemon[7115:62622] 📨 Realtime: Received broadcast message
2026-01-25 10:45:24.896 RedLemon[7115:62622]    Payload keys: senderId, type, chatText, chatUsername, position, timestamp
2026-01-25 10:45:24.896 RedLemon[7115:62622] ✅ Realtime: Decoded message type: chat, sender: 96e01cdb-36c0-4228-a6e4-a29a3c66bc8e
2026-01-25 10:45:24.897 RedLemon[7115:62533] ✅ Lobby: Participant 96e01cdb-36c0-4228-a6e4-a29a3c66bc8e is ready for stream
2026-01-25 10:45:25.069 RedLemon[7115:62533] ✅ Host: All guests ready (1/1)! Starting countdown.
2026-01-25 10:45:25.109 RedLemon[7115:62608] 📤 Realtime: Sending message type: chat, sender: 656daa91-33b4-4688-9135-c982ea52d7c9
2026-01-25 10:45:25.110 RedLemon[7115:62608]    Payload keys: chatText, senderId, type, position, timestamp, chatUsername
2026-01-25 10:45:25.110 RedLemon[7115:62677] ✅ Realtime: Message broadcast complete
2026-01-25 10:45:25.111 RedLemon[7115:62533] ✅ Host: Successfully broadcast LOBBY_START_COUNTDOWN via Realtime
2026-01-25 10:45:25.111 RedLemon[7115:62533] 📡 Realtime delivery confirmed for 2 guests
2026-01-25 10:45:25.112 RedLemon[7115:62691] 🔐 Signed request to /rooms
2026-01-25 10:45:25.332 RedLemon[7115:62691] 📨 Realtime: Received broadcast message
2026-01-25 10:45:25.332 RedLemon[7115:62691]    Payload keys: timestamp, chatUsername, position, type, senderId, chatText
2026-01-25 10:45:25.333 RedLemon[7115:62691] ✅ Realtime: Decoded message type: chat, sender: 656daa91-33b4-4688-9135-c982ea52d7c9
2026-01-25 10:45:25.509 RedLemon[7115:62533] ✅ Host: Set room playback state in database as fallback
2026-01-25 10:45:25.606 RedLemon[7115:62533] 📨 Lobby: Received Room UPDATE from Realtime
2026-01-25 10:45:28.164 RedLemon[7115:62533] 🎬 Host: Launching player for Split
2026-01-25 10:45:28.301 RedLemon[7115:62533] 🎬 [HOST_START] navigateToPlayer called
2026-01-25 10:45:28.302 RedLemon[7115:62533]    - Stream: Split.2016.1080p.BluRay.H264.AAC-RARBG.mp4
2026-01-25 10:45:28.302 RedLemon[7115:62533]    - Room: XBXH
2026-01-25 10:45:28.302 RedLemon[7115:62533]    - Media: Split
2026-01-25 10:45:28.487 RedLemon[7115:62608] 📝 Realtime: Registered observer 'player' (Presence: YES, Sync: NO, Status: NO)
2026-01-25 10:45:28.488 RedLemon[7115:62608] Background: ⏰ Timeout fired! Attempting to fail continuation...
2026-01-25 10:45:28.490 RedLemon[7115:62622] 📤 Realtime: Sending message type: chat, sender: 656daa91-33b4-4688-9135-c982ea52d7c9
2026-01-25 10:45:28.491 RedLemon[7115:62622]    Payload keys: type, chatUsername, chatText, senderId, timestamp, position
2026-01-25 10:45:28.491 RedLemon[7115:62605] ✅ Realtime: Message broadcast complete
2026-01-25 10:45:28.494 RedLemon[7115:62533] ✅ [HOST_START] Sent LOBBY_PLAYBACK_STARTED signal (0.1s after navigateToPlayer)
2026-01-25 10:45:28.525 RedLemon[7115:62691] 📝 [PLAYER] Resumed
2026-01-25 10:45:28.537 RedLemon[7115:62533] [VIDEO_READY] isEvent: false, eventStartTime: nil
2026-01-25 10:45:28.538 RedLemon[7115:62533] ⚠️ Watch Party: sendReadySignal blocked - File not loaded yet
2026-01-25 10:45:28.541 RedLemon[7115:62608] 📝 Realtime: Registered observer 'player' (Presence: NO, Sync: YES, Status: NO)
2026-01-25 10:45:28.541 RedLemon[7115:62691] 📝 [PLAYER] Playback State Changed ["state": "Playing"]
2026-01-25 10:45:28.599 RedLemon[7115:62608] 📝 [PLAYER] Load Video (Smart) ["url": "https://chi9-4.download.real-debrid.com/d/KVC3TGEPIUE6G41/Split.2016.1080p.BluRay.H264.AAC-RARBG.mp4"]
2026-01-25 10:45:28.634 RedLemon[7115:62605] 📨 Realtime: Received broadcast message
2026-01-25 10:45:28.634 RedLemon[7115:62608] 📨 Realtime: Received broadcast message
2026-01-25 10:45:28.634 RedLemon[7115:62605]    Payload keys: senderId, chatUsername, chatText, timestamp, type, position
2026-01-25 10:45:28.634 RedLemon[7115:62608]    Payload keys: senderId, chatUsername, chatText, timestamp, type, position
2026-01-25 10:45:28.634 RedLemon[7115:62608] ✅ Realtime: Decoded message type: chat, sender: 656daa91-33b4-4688-9135-c982ea52d7c9
2026-01-25 10:45:28.635 RedLemon[7115:62605] ✅ Realtime: Decoded message type: chat, sender: 656daa91-33b4-4688-9135-c982ea52d7c9
2026-01-25 10:45:28.875 RedLemon[7115:62691] 📝 [PLAYER] Playback State Changed ["state": "Paused"]
2026-01-25 10:45:28.906 RedLemon[7115:62605] 📝 [PLAYER] Buffering Started
2026-01-25 10:45:30.543 RedLemon[7115:63041] 📤 Realtime: Sending message type: playbackState, sender: 656DAA91-33B4-4688-9135-C982EA52D7C9
2026-01-25 10:45:30.544 RedLemon[7115:63041]    Payload keys: type, senderId, timestamp, isPlaying, position
2026-01-25 10:45:30.545 RedLemon[7115:63041] ✅ Realtime: Message broadcast complete
2026-01-25 10:45:30.687 RedLemon[7115:63041] 📨 Realtime: Received broadcast message
2026-01-25 10:45:30.687 RedLemon[7115:62677] 📨 Realtime: Received broadcast message
2026-01-25 10:45:30.687 RedLemon[7115:63041]    Payload keys: position, type, timestamp, senderId, isPlaying
2026-01-25 10:45:30.687 RedLemon[7115:62677]    Payload keys: position, type, timestamp, senderId, isPlaying
2026-01-25 10:45:30.687 RedLemon[7115:62677] ✅ Realtime: Decoded message type: playbackState, sender: 656DAA91-33B4-4688-9135-C982EA52D7C9
2026-01-25 10:45:30.688 RedLemon[7115:63041] ✅ Realtime: Decoded message type: playbackState, sender: 656DAA91-33B4-4688-9135-C982EA52D7C9
2026-01-25 10:45:30.688 RedLemon[7115:62533] ⚠️ Received Realtime message with no chat text (Type: playbackState)
2026-01-25 10:45:30.985 RedLemon[7115:62691] 📝 [PLAYER] File Loaded ["duration": "7027.861"]
2026-01-25 10:45:30.993 RedLemon[7115:63041] 📤 Realtime: Sending message type: ready, sender: 656daa91-33b4-4688-9135-c982ea52d7c9
2026-01-25 10:45:30.993 RedLemon[7115:63041]    Payload keys: type, position, senderId, timestamp, isPlaying
2026-01-25 10:45:30.994 RedLemon[7115:63041] ✅ Realtime: Message broadcast complete
2026-01-25 10:45:31.132 RedLemon[7115:62605] 📨 Realtime: Received broadcast message
2026-01-25 10:45:31.132 RedLemon[7115:62677] 📨 Realtime: Received broadcast message
2026-01-25 10:45:31.133 RedLemon[7115:62677]    Payload keys: isPlaying, type, senderId, position, timestamp
2026-01-25 10:45:31.133 RedLemon[7115:62605]    Payload keys: isPlaying, type, senderId, position, timestamp
2026-01-25 10:45:31.133 RedLemon[7115:62605] ✅ Realtime: Decoded message type: ready, sender: 656daa91-33b4-4688-9135-c982ea52d7c9
2026-01-25 10:45:31.133 RedLemon[7115:62677] ✅ Realtime: Decoded message type: ready, sender: 656daa91-33b4-4688-9135-c982ea52d7c9
2026-01-25 10:45:31.146 RedLemon[7115:62533] ⚠️ Received Realtime message with no chat text (Type: ready)
2026-01-25 10:45:31.936 RedLemon[7115:62533] 🛡️ Lobby: User 656daa91-33b4-4688-9135-c982ea52d7c9 remains online (Remaining Refs: 1)
2026-01-25 10:45:32.543 RedLemon[7115:62605] 📤 Realtime: Sending message type: playbackState, sender: 656DAA91-33B4-4688-9135-C982EA52D7C9
2026-01-25 10:45:32.543 RedLemon[7115:62605]    Payload keys: senderId, position, type, timestamp, isPlaying
2026-01-25 10:45:32.544 RedLemon[7115:62608] ✅ Realtime: Message broadcast complete
2026-01-25 10:45:32.730 RedLemon[7115:62605] 📨 Realtime: Received broadcast message
2026-01-25 10:45:32.730 RedLemon[7115:62608] 📨 Realtime: Received broadcast message
2026-01-25 10:45:32.730 RedLemon[7115:62605]    Payload keys: isPlaying, senderId, type, position, timestamp
2026-01-25 10:45:32.730 RedLemon[7115:62608]    Payload keys: isPlaying, senderId, type, position, timestamp
2026-01-25 10:45:32.731 RedLemon[7115:62605] ✅ Realtime: Decoded message type: playbackState, sender: 656DAA91-33B4-4688-9135-C982EA52D7C9
2026-01-25 10:45:32.731 RedLemon[7115:62608] ✅ Realtime: Decoded message type: playbackState, sender: 656DAA91-33B4-4688-9135-C982EA52D7C9
2026-01-25 10:45:32.731 RedLemon[7115:62533] ⚠️ Received Realtime message with no chat text (Type: playbackState)
2026-01-25 10:45:32.987 RedLemon[7115:62605] 📤 Realtime: Sending message type: ready, sender: 656daa91-33b4-4688-9135-c982ea52d7c9
2026-01-25 10:45:32.987 RedLemon[7115:62605]    Payload keys: type, position, isPlaying, senderId, timestamp
2026-01-25 10:45:32.988 RedLemon[7115:62605] ✅ Realtime: Message broadcast complete
2026-01-25 10:45:33.121 RedLemon[7115:62608] 📨 Realtime: Received broadcast message
2026-01-25 10:45:33.121 RedLemon[7115:62605] 📨 Realtime: Received broadcast message
2026-01-25 10:45:33.121 RedLemon[7115:62608]    Payload keys: type, isPlaying, timestamp, position, senderId
2026-01-25 10:45:33.121 RedLemon[7115:62605]    Payload keys: type, isPlaying, timestamp, position, senderId
2026-01-25 10:45:33.121 RedLemon[7115:62605] ✅ Realtime: Decoded message type: ready, sender: 656daa91-33b4-4688-9135-c982ea52d7c9
2026-01-25 10:45:33.121 RedLemon[7115:62608] ✅ Realtime: Decoded message type: ready, sender: 656daa91-33b4-4688-9135-c982ea52d7c9
2026-01-25 10:45:33.134 RedLemon[7115:62533] ⚠️ Received Realtime message with no chat text (Type: ready)
2026-01-25 10:45:34.544 RedLemon[7115:62622] 📤 Realtime: Sending message type: playbackState, sender: 656DAA91-33B4-4688-9135-C982EA52D7C9
2026-01-25 10:45:34.544 RedLemon[7115:62622]    Payload keys: isPlaying, senderId, type, timestamp, position
2026-01-25 10:45:34.546 RedLemon[7115:62622] ✅ Realtime: Message broadcast complete
2026-01-25 10:45:34.677 RedLemon[7115:63041] 📨 Realtime: Received broadcast message
2026-01-25 10:45:34.677 RedLemon[7115:62605] 📨 Realtime: Received broadcast message
2026-01-25 10:45:34.677 RedLemon[7115:63041]    Payload keys: isPlaying, position, timestamp, type, senderId
2026-01-25 10:45:34.677 RedLemon[7115:62605]    Payload keys: isPlaying, position, timestamp, type, senderId
2026-01-25 10:45:34.678 RedLemon[7115:63041] ✅ Realtime: Decoded message type: playbackState, sender: 656DAA91-33B4-4688-9135-C982EA52D7C9
2026-01-25 10:45:34.678 RedLemon[7115:62605] ✅ Realtime: Decoded message type: playbackState, sender: 656DAA91-33B4-4688-9135-C982EA52D7C9
2026-01-25 10:45:34.678 RedLemon[7115:62533] ⚠️ Received Realtime message with no chat text (Type: playbackState)
2026-01-25 10:45:34.987 RedLemon[7115:62605] 📤 Realtime: Sending message type: ready, sender: 656daa91-33b4-4688-9135-c982ea52d7c9
2026-01-25 10:45:34.987 RedLemon[7115:62605]    Payload keys: isPlaying, senderId, type, position, timestamp
2026-01-25 10:45:34.988 RedLemon[7115:62622] ✅ Realtime: Message broadcast complete
2026-01-25 10:45:35.117 RedLemon[7115:63041] 📨 Realtime: Received broadcast message
2026-01-25 10:45:35.117 RedLemon[7115:62605] 📨 Realtime: Received broadcast message
2026-01-25 10:45:35.117 RedLemon[7115:63041]    Payload keys: senderId, position, timestamp, type, isPlaying
2026-01-25 10:45:35.117 RedLemon[7115:62605]    Payload keys: senderId, position, timestamp, type, isPlaying
2026-01-25 10:45:35.117 RedLemon[7115:62605] ✅ Realtime: Decoded message type: ready, sender: 656daa91-33b4-4688-9135-c982ea52d7c9
2026-01-25 10:45:35.117 RedLemon[7115:63041] ✅ Realtime: Decoded message type: ready, sender: 656daa91-33b4-4688-9135-c982ea52d7c9
2026-01-25 10:45:35.118 RedLemon[7115:62533] ⚠️ Received Realtime message with no chat text (Type: ready)
2026-01-25 10:45:35.903 RedLemon[7115:62533] 📨 Lobby: Received Room UPDATE from Realtime
2026-01-25 10:45:36.544 RedLemon[7115:62608] 📤 Realtime: Sending message type: playbackState, sender: 656DAA91-33B4-4688-9135-C982EA52D7C9
2026-01-25 10:45:36.545 RedLemon[7115:62608]    Payload keys: type, senderId, timestamp, position, isPlaying
2026-01-25 10:45:36.546 RedLemon[7115:62605] ✅ Realtime: Message broadcast complete
2026-01-25 10:45:36.688 RedLemon[7115:62622] 📨 Realtime: Received broadcast message
2026-01-25 10:45:36.688 RedLemon[7115:63041] 📨 Realtime: Received broadcast message
2026-01-25 10:45:36.688 RedLemon[7115:62622]    Payload keys: isPlaying, timestamp, senderId, position, type
2026-01-25 10:45:36.689 RedLemon[7115:63041]    Payload keys: isPlaying, timestamp, senderId, position, type
2026-01-25 10:45:36.689 RedLemon[7115:62622] ✅ Realtime: Decoded message type: playbackState, sender: 656DAA91-33B4-4688-9135-C982EA52D7C9
2026-01-25 10:45:36.689 RedLemon[7115:63041] ✅ Realtime: Decoded message type: playbackState, sender: 656DAA91-33B4-4688-9135-C982EA52D7C9
2026-01-25 10:45:36.689 RedLemon[7115:62533] ⚠️ Received Realtime message with no chat text (Type: playbackState)
2026-01-25 10:45:36.987 RedLemon[7115:62608] 📤 Realtime: Sending message type: ready, sender: 656daa91-33b4-4688-9135-c982ea52d7c9
2026-01-25 10:45:36.987 RedLemon[7115:62608]    Payload keys: isPlaying, type, senderId, position, timestamp
2026-01-25 10:45:36.988 RedLemon[7115:62608] ✅ Realtime: Message broadcast complete
2026-01-25 10:45:37.122 RedLemon[7115:63041] 📨 Realtime: Received broadcast message
2026-01-25 10:45:37.122 RedLemon[7115:62608] 📨 Realtime: Received broadcast message
2026-01-25 10:45:37.122 RedLemon[7115:62608]    Payload keys: position, senderId, isPlaying, type, timestamp
2026-01-25 10:45:37.122 RedLemon[7115:63041]    Payload keys: position, senderId, isPlaying, type, timestamp
2026-01-25 10:45:37.123 RedLemon[7115:62608] ✅ Realtime: Decoded message type: ready, sender: 656daa91-33b4-4688-9135-c982ea52d7c9
2026-01-25 10:45:37.123 RedLemon[7115:63041] ✅ Realtime: Decoded message type: ready, sender: 656daa91-33b4-4688-9135-c982ea52d7c9
2026-01-25 10:45:37.123 RedLemon[7115:62533] ⚠️ Received Realtime message with no chat text (Type: ready)
2026-01-25 10:45:38.544 RedLemon[7115:62605] 📤 Realtime: Sending message type: playbackState, sender: 656DAA91-33B4-4688-9135-C982EA52D7C9
2026-01-25 10:45:38.545 RedLemon[7115:62605]    Payload keys: isPlaying, senderId, position, timestamp, type
2026-01-25 10:45:38.546 RedLemon[7115:63041] 🔐 SupabaseClient: Signing Identity Payload: '1769355938656daa91-33b4-4688-9135-c982ea52d7c9/rpc/room_heartbeat'
2026-01-25 10:45:38.548 RedLemon[7115:63041] 🔐 Signed request to /rpc/room_heartbeat
2026-01-25 10:45:38.548 RedLemon[7115:62622] ✅ Realtime: Message broadcast complete
2026-01-25 10:45:38.549 RedLemon[7115:62608] 🔐 Signed request to /rooms
2026-01-25 10:45:38.674 RedLemon[7115:62608] 📨 Realtime: Received broadcast message
2026-01-25 10:45:38.674 RedLemon[7115:62691] 📨 Realtime: Received broadcast message
2026-01-25 10:45:38.674 RedLemon[7115:62608]    Payload keys: type, senderId, isPlaying, position, timestamp
2026-01-25 10:45:38.674 RedLemon[7115:62691]    Payload keys: type, senderId, isPlaying, position, timestamp
2026-01-25 10:45:38.674 RedLemon[7115:62691] ✅ Realtime: Decoded message type: playbackState, sender: 656DAA91-33B4-4688-9135-C982EA52D7C9
2026-01-25 10:45:38.674 RedLemon[7115:62608] ✅ Realtime: Decoded message type: playbackState, sender: 656DAA91-33B4-4688-9135-C982EA52D7C9
2026-01-25 10:45:38.675 RedLemon[7115:62533] ⚠️ Received Realtime message with no chat text (Type: playbackState)
2026-01-25 10:45:38.868 RedLemon[7115:62691] ✅ SupabaseClient: Updated room playback (Playing: false, Pos: 0s, ClearedStream: false)
2026-01-25 10:45:38.987 RedLemon[7115:62691] 📤 Realtime: Sending message type: ready, sender: 656daa91-33b4-4688-9135-c982ea52d7c9
2026-01-25 10:45:38.987 RedLemon[7115:62691]    Payload keys: timestamp, position, type, isPlaying, senderId
2026-01-25 10:45:38.988 RedLemon[7115:62691] ✅ Realtime: Message broadcast complete
2026-01-25 10:45:38.997 RedLemon[7115:62533] 📨 Lobby: Received Room UPDATE from Realtime
2026-01-25 10:45:38.998 RedLemon[7115:62533] 📨 Lobby: Received Room UPDATE from Realtime
2026-01-25 10:45:39.121 RedLemon[7115:62605] 📨 Realtime: Received broadcast message
2026-01-25 10:45:39.121 RedLemon[7115:63041] 📨 Realtime: Received broadcast message
2026-01-25 10:45:39.122 RedLemon[7115:62605]    Payload keys: type, timestamp, position, isPlaying, senderId
2026-01-25 10:45:39.122 RedLemon[7115:63041]    Payload keys: type, timestamp, position, isPlaying, senderId
2026-01-25 10:45:39.122 RedLemon[7115:63041] ✅ Realtime: Decoded message type: ready, sender: 656daa91-33b4-4688-9135-c982ea52d7c9
2026-01-25 10:45:39.122 RedLemon[7115:62605] ✅ Realtime: Decoded message type: ready, sender: 656daa91-33b4-4688-9135-c982ea52d7c9
2026-01-25 10:45:39.122 RedLemon[7115:62533] ⚠️ Received Realtime message with no chat text (Type: ready)
2026-01-25 10:45:40.544 RedLemon[7115:63041] 📤 Realtime: Sending message type: playbackState, sender: 656DAA91-33B4-4688-9135-C982EA52D7C9
2026-01-25 10:45:40.545 RedLemon[7115:63041]    Payload keys: type, senderId, position, isPlaying, timestamp
2026-01-25 10:45:40.546 RedLemon[7115:62605] ✅ Realtime: Message broadcast complete
2026-01-25 10:45:40.689 RedLemon[7115:63041] 📨 Realtime: Received broadcast message
2026-01-25 10:45:40.689 RedLemon[7115:62677] 📨 Realtime: Received broadcast message
2026-01-25 10:45:40.689 RedLemon[7115:63041]    Payload keys: senderId, isPlaying, type, timestamp, position
2026-01-25 10:45:40.690 RedLemon[7115:62677]    Payload keys: senderId, isPlaying, type, timestamp, position
2026-01-25 10:45:40.690 RedLemon[7115:63041] ✅ Realtime: Decoded message type: playbackState, sender: 656DAA91-33B4-4688-9135-C982EA52D7C9
2026-01-25 10:45:40.690 RedLemon[7115:62677] ✅ Realtime: Decoded message type: playbackState, sender: 656DAA91-33B4-4688-9135-C982EA52D7C9
2026-01-25 10:45:40.690 RedLemon[7115:62533] ⚠️ Received Realtime message with no chat text (Type: playbackState)
2026-01-25 10:45:40.987 RedLemon[7115:62691] 📤 Realtime: Sending message type: ready, sender: 656daa91-33b4-4688-9135-c982ea52d7c9
2026-01-25 10:45:40.987 RedLemon[7115:62691]    Payload keys: isPlaying, senderId, type, timestamp, position
2026-01-25 10:45:40.988 RedLemon[7115:62691] ✅ Realtime: Message broadcast complete
2026-01-25 10:45:41.127 RedLemon[7115:62677] 📨 Realtime: Received broadcast message
2026-01-25 10:45:41.127 RedLemon[7115:63041] 📨 Realtime: Received broadcast message
2026-01-25 10:45:41.127 RedLemon[7115:63041]    Payload keys: senderId, isPlaying, type, timestamp, position
2026-01-25 10:45:41.127 RedLemon[7115:62677]    Payload keys: senderId, isPlaying, type, timestamp, position
2026-01-25 10:45:41.128 RedLemon[7115:63041] ✅ Realtime: Decoded message type: ready, sender: 656daa91-33b4-4688-9135-c982ea52d7c9
2026-01-25 10:45:41.128 RedLemon[7115:62677] ✅ Realtime: Decoded message type: ready, sender: 656daa91-33b4-4688-9135-c982ea52d7c9
2026-01-25 10:45:41.128 RedLemon[7115:62533] ⚠️ Received Realtime message with no chat text (Type: ready)
2026-01-25 10:45:42.395 RedLemon[7115:62533] 🛡️ Lobby: User 96e01cdb-36c0-4228-a6e4-a29a3c66bc8e remains online (Remaining Refs: 1)
2026-01-25 10:45:42.544 RedLemon[7115:63041] 📤 Realtime: Sending message type: playbackState, sender: 656DAA91-33B4-4688-9135-C982EA52D7C9
2026-01-25 10:45:42.545 RedLemon[7115:63041]    Payload keys: isPlaying, senderId, type, timestamp, position
2026-01-25 10:45:42.546 RedLemon[7115:62605] ✅ Realtime: Message broadcast complete
2026-01-25 10:45:42.675 RedLemon[7115:63041] 📨 Realtime: Received broadcast message
2026-01-25 10:45:42.675 RedLemon[7115:63041]    Payload keys: senderId, isPlaying, type, timestamp, position
2026-01-25 10:45:42.675 RedLemon[7115:62605] 📨 Realtime: Received broadcast message
2026-01-25 10:45:42.676 RedLemon[7115:62605]    Payload keys: senderId, isPlaying, type, timestamp, position
2026-01-25 10:45:42.676 RedLemon[7115:63041] ✅ Realtime: Decoded message type: playbackState, sender: 656DAA91-33B4-4688-9135-C982EA52D7C9
2026-01-25 10:45:42.676 RedLemon[7115:62605] ✅ Realtime: Decoded message type: playbackState, sender: 656DAA91-33B4-4688-9135-C982EA52D7C9
2026-01-25 10:45:42.676 RedLemon[7115:62533] ⚠️ Received Realtime message with no chat text (Type: playbackState)
2026-01-25 10:45:42.987 RedLemon[7115:62691] 📤 Realtime: Sending message type: ready, sender: 656daa91-33b4-4688-9135-c982ea52d7c9
2026-01-25 10:45:42.987 RedLemon[7115:62691]    Payload keys: isPlaying, senderId, timestamp, position, type
2026-01-25 10:45:42.988 RedLemon[7115:62691] ✅ Realtime: Message broadcast complete
2026-01-25 10:45:43.130 RedLemon[7115:62605] 📨 Realtime: Received broadcast message
2026-01-25 10:45:43.130 RedLemon[7115:63041] 📨 Realtime: Received broadcast message
2026-01-25 10:45:43.130 RedLemon[7115:63041]    Payload keys: senderId, isPlaying, type, timestamp, position
2026-01-25 10:45:43.130 RedLemon[7115:62605]    Payload keys: senderId, isPlaying, type, timestamp, position
2026-01-25 10:45:43.131 RedLemon[7115:63041] ✅ Realtime: Decoded message type: ready, sender: 656daa91-33b4-4688-9135-c982ea52d7c9
2026-01-25 10:45:43.131 RedLemon[7115:62605] ✅ Realtime: Decoded message type: ready, sender: 656daa91-33b4-4688-9135-c982ea52d7c9
2026-01-25 10:45:43.132 RedLemon[7115:62533] ⚠️ Received Realtime message with no chat text (Type: ready)
2026-01-25 10:45:43.532 RedLemon[7115:62605] 📨 Realtime: Received broadcast message
2026-01-25 10:45:43.532 RedLemon[7115:62677] 📨 Realtime: Received broadcast message
2026-01-25 10:45:43.532 RedLemon[7115:62677]    Payload keys: position, timestamp, isPlaying, senderId, type
2026-01-25 10:45:43.532 RedLemon[7115:62605]    Payload keys: position, timestamp, isPlaying, senderId, type
2026-01-25 10:45:43.532 RedLemon[7115:62605] ✅ Realtime: Decoded message type: ready, sender: 96e01cdb-36c0-4228-a6e4-a29a3c66bc8e
2026-01-25 10:45:43.532 RedLemon[7115:62677] ✅ Realtime: Decoded message type: ready, sender: 96e01cdb-36c0-4228-a6e4-a29a3c66bc8e
2026-01-25 10:45:43.533 RedLemon[7115:62533] ⚠️ Received Realtime message with no chat text (Type: ready)
2026-01-25 10:45:44.544 RedLemon[7115:62605] 📤 Realtime: Sending message type: playbackState, sender: 656DAA91-33B4-4688-9135-C982EA52D7C9
2026-01-25 10:45:44.545 RedLemon[7115:62605]    Payload keys: type, timestamp, senderId, isPlaying, position
2026-01-25 10:45:44.546 RedLemon[7115:62677] ✅ Realtime: Message broadcast complete
2026-01-25 10:45:44.583 RedLemon[7115:62691] 📤 Realtime: Sending message type: play, sender: 656daa91-33b4-4688-9135-c982ea52d7c9
2026-01-25 10:45:44.585 RedLemon[7115:62691]    Payload keys: senderId, position, timestamp, isPlaying, type
2026-01-25 10:45:44.586 RedLemon[7115:62677] ✅ Realtime: Message broadcast complete
2026-01-25 10:45:44.687 RedLemon[7115:62691] 📨 Realtime: Received broadcast message
2026-01-25 10:45:44.687 RedLemon[7115:62605] 📨 Realtime: Received broadcast message
2026-01-25 10:45:44.687 RedLemon[7115:62605]    Payload keys: position, isPlaying, senderId, timestamp, type
2026-01-25 10:45:44.687 RedLemon[7115:62691]    Payload keys: position, isPlaying, senderId, timestamp, type
2026-01-25 10:45:44.688 RedLemon[7115:62605] ✅ Realtime: Decoded message type: playbackState, sender: 656DAA91-33B4-4688-9135-C982EA52D7C9
2026-01-25 10:45:44.688 RedLemon[7115:62691] ✅ Realtime: Decoded message type: playbackState, sender: 656DAA91-33B4-4688-9135-C982EA52D7C9
2026-01-25 10:45:44.689 RedLemon[7115:62533] ⚠️ Received Realtime message with no chat text (Type: playbackState)
2026-01-25 10:45:44.717 RedLemon[7115:62691] 📝 [PLAYER] Playback State Changed ["state": "Playing"]
2026-01-25 10:45:44.719 RedLemon[7115:62677] 📨 Realtime: Received broadcast message
2026-01-25 10:45:44.719 RedLemon[7115:63041] 📨 Realtime: Received broadcast message
2026-01-25 10:45:44.719 RedLemon[7115:63041]    Payload keys: senderId, type, isPlaying, timestamp, position
2026-01-25 10:45:44.719 RedLemon[7115:62677]    Payload keys: senderId, type, isPlaying, timestamp, position
2026-01-25 10:45:44.720 RedLemon[7115:63041] ✅ Realtime: Decoded message type: play, sender: 656daa91-33b4-4688-9135-c982ea52d7c9
2026-01-25 10:45:44.720 RedLemon[7115:62677] ✅ Realtime: Decoded message type: play, sender: 656daa91-33b4-4688-9135-c982ea52d7c9
2026-01-25 10:45:44.720 RedLemon[7115:62533] ⚠️ Received Realtime message with no chat text (Type: play)
2026-01-25 10:45:46.152 RedLemon[7115:63041] 🔐 Signed request to /rpc/user_heartbeat
2026-01-25 10:45:46.650 RedLemon[7115:62622] 📤 Realtime: Sending message type: playbackState, sender: 656DAA91-33B4-4688-9135-C982EA52D7C9
2026-01-25 10:45:46.651 RedLemon[7115:62622]    Payload keys: isPlaying, position, type, senderId, timestamp
2026-01-25 10:45:46.653 RedLemon[7115:63041] ✅ Realtime: Message broadcast complete
2026-01-25 10:45:46.789 RedLemon[7115:62677] 📨 Realtime: Received broadcast message
2026-01-25 10:45:46.789 RedLemon[7115:63041] 📨 Realtime: Received broadcast message
2026-01-25 10:45:46.789 RedLemon[7115:62677]    Payload keys: timestamp, senderId, type, isPlaying, position
2026-01-25 10:45:46.789 RedLemon[7115:63041]    Payload keys: timestamp, senderId, type, isPlaying, position
2026-01-25 10:45:46.789 RedLemon[7115:62677] ✅ Realtime: Decoded message type: playbackState, sender: 656DAA91-33B4-4688-9135-C982EA52D7C9
2026-01-25 10:45:46.790 RedLemon[7115:63041] ✅ Realtime: Decoded message type: playbackState, sender: 656DAA91-33B4-4688-9135-C982EA52D7C9
2026-01-25 10:45:46.818 RedLemon[7115:62533] ⚠️ Received Realtime message with no chat text (Type: playbackState)
2026-01-25 10:45:48.570 RedLemon[7115:63041] 📤 Realtime: Sending message type: playbackState, sender: 656DAA91-33B4-4688-9135-C982EA52D7C9
2026-01-25 10:45:48.570 RedLemon[7115:63041]    Payload keys: position, type, timestamp, isPlaying, senderId
2026-01-25 10:45:48.572 RedLemon[7115:62608] ✅ Realtime: Message broadcast complete
2026-01-25 10:45:48.573 RedLemon[7115:62605] 🔐 Signed request to /rooms
2026-01-25 10:45:48.705 RedLemon[7115:63041] 📨 Realtime: Received broadcast message
2026-01-25 10:45:48.705 RedLemon[7115:62691] 📨 Realtime: Received broadcast message
2026-01-25 10:45:48.705 RedLemon[7115:63041]    Payload keys: position, type, timestamp, isPlaying, senderId
2026-01-25 10:45:48.705 RedLemon[7115:62691]    Payload keys: position, type, timestamp, isPlaying, senderId
2026-01-25 10:45:48.706 RedLemon[7115:63041] ✅ Realtime: Decoded message type: playbackState, sender: 656DAA91-33B4-4688-9135-C982EA52D7C9
2026-01-25 10:45:48.707 RedLemon[7115:62691] ✅ Realtime: Decoded message type: playbackState, sender: 656DAA91-33B4-4688-9135-C982EA52D7C9
2026-01-25 10:45:48.738 RedLemon[7115:62533] ⚠️ Received Realtime message with no chat text (Type: playbackState)
2026-01-25 10:45:49.070 RedLemon[7115:62533] 📨 Lobby: Received Room UPDATE from Realtime
2026-01-25 10:45:49.696 RedLemon[7115:62533] 📨 Lobby: Received Room UPDATE from Realtime
2026-01-25 10:45:50.613 RedLemon[7115:63041] 📤 Realtime: Sending message type: playbackState, sender: 656DAA91-33B4-4688-9135-C982EA52D7C9
2026-01-25 10:45:50.614 RedLemon[7115:63041]    Payload keys: isPlaying, senderId, position, timestamp, type
2026-01-25 10:45:50.615 RedLemon[7115:62691] ✅ Realtime: Message broadcast complete
2026-01-25 10:45:50.739 RedLemon[7115:62605] 📨 Realtime: Received broadcast message
2026-01-25 10:45:50.739 RedLemon[7115:62691] 📨 Realtime: Received broadcast message
2026-01-25 10:45:50.740 RedLemon[7115:62691]    Payload keys: timestamp, type, position, isPlaying, senderId
2026-01-25 10:45:50.740 RedLemon[7115:62605]    Payload keys: timestamp, type, position, isPlaying, senderId
2026-01-25 10:45:50.740 RedLemon[7115:62691] ✅ Realtime: Decoded message type: playbackState, sender: 656DAA91-33B4-4688-9135-C982EA52D7C9
2026-01-25 10:45:50.741 RedLemon[7115:62605] ✅ Realtime: Decoded message type: playbackState, sender: 656DAA91-33B4-4688-9135-C982EA52D7C9
2026-01-25 10:45:50.780 RedLemon[7115:62533] ⚠️ Received Realtime message with no chat text (Type: playbackState)
2026-01-25 10:45:52.657 RedLemon[7115:63041] 📤 Realtime: Sending message type: playbackState, sender: 656DAA91-33B4-4688-9135-C982EA52D7C9
2026-01-25 10:45:52.658 RedLemon[7115:63041]    Payload keys: senderId, isPlaying, type, timestamp, position
2026-01-25 10:45:52.659 RedLemon[7115:63041] ✅ Realtime: Message broadcast complete
2026-01-25 10:45:52.790 RedLemon[7115:62677] 📨 Realtime: Received broadcast message
2026-01-25 10:45:52.790 RedLemon[7115:62677]    Payload keys: position, type, timestamp, senderId, isPlaying
2026-01-25 10:45:52.790 RedLemon[7115:63041] 📨 Realtime: Received broadcast message
2026-01-25 10:45:52.791 RedLemon[7115:63041]    Payload keys: position, type, timestamp, senderId, isPlaying
2026-01-25 10:45:52.791 RedLemon[7115:62677] ✅ Realtime: Decoded message type: playbackState, sender: 656DAA91-33B4-4688-9135-C982EA52D7C9
2026-01-25 10:45:52.791 RedLemon[7115:63041] ✅ Realtime: Decoded message type: playbackState, sender: 656DAA91-33B4-4688-9135-C982EA52D7C9
2026-01-25 10:45:52.826 RedLemon[7115:62533] ⚠️ Received Realtime message with no chat text (Type: playbackState)
2026-01-25 10:45:54.660 RedLemon[7115:63041] 📤 Realtime: Sending message type: playbackState, sender: 656DAA91-33B4-4688-9135-C982EA52D7C9
2026-01-25 10:45:54.661 RedLemon[7115:63041]    Payload keys: senderId, isPlaying, timestamp, position, type
2026-01-25 10:45:54.663 RedLemon[7115:63041] ✅ Realtime: Message broadcast complete
2026-01-25 10:45:54.800 RedLemon[7115:62608] 📨 Realtime: Received broadcast message
2026-01-25 10:45:54.800 RedLemon[7115:62677] 📨 Realtime: Received broadcast message
2026-01-25 10:45:54.800 RedLemon[7115:62608]    Payload keys: position, isPlaying, senderId, timestamp, type
2026-01-25 10:45:54.800 RedLemon[7115:62677]    Payload keys: position, isPlaying, senderId, timestamp, type
2026-01-25 10:45:54.801 RedLemon[7115:62608] ✅ Realtime: Decoded message type: playbackState, sender: 656DAA91-33B4-4688-9135-C982EA52D7C9
2026-01-25 10:45:54.801 RedLemon[7115:62677] ✅ Realtime: Decoded message type: playbackState, sender: 656DAA91-33B4-4688-9135-C982EA52D7C9
2026-01-25 10:45:54.826 RedLemon[7115:62533] ⚠️ Received Realtime message with no chat text (Type: playbackState)
2026-01-25 10:45:56.619 RedLemon[7115:62691] 📤 Realtime: Sending message type: playbackState, sender: 656DAA91-33B4-4688-9135-C982EA52D7C9
2026-01-25 10:45:56.620 RedLemon[7115:62691]    Payload keys: isPlaying, senderId, position, timestamp, type
2026-01-25 10:45:56.622 RedLemon[7115:62605] ✅ Realtime: Message broadcast complete
2026-01-25 10:45:56.762 RedLemon[7115:63041] 📨 Realtime: Received broadcast message
2026-01-25 10:45:56.763 RedLemon[7115:62605] 📨 Realtime: Received broadcast message
2026-01-25 10:45:56.763 RedLemon[7115:62605]    Payload keys: isPlaying, type, senderId, position, timestamp
2026-01-25 10:45:56.763 RedLemon[7115:63041]    Payload keys: isPlaying, type, senderId, position, timestamp
2026-01-25 10:45:56.763 RedLemon[7115:62605] ✅ Realtime: Decoded message type: playbackState, sender: 656DAA91-33B4-4688-9135-C982EA52D7C9
2026-01-25 10:45:56.763 RedLemon[7115:63041] ✅ Realtime: Decoded message type: playbackState, sender: 656DAA91-33B4-4688-9135-C982EA52D7C9
2026-01-25 10:45:56.788 RedLemon[7115:62533] ⚠️ Received Realtime message with no chat text (Type: playbackState)
2026-01-25 10:45:58.627 RedLemon[7115:62622] 📤 Realtime: Sending message type: playbackState, sender: 656DAA91-33B4-4688-9135-C982EA52D7C9
2026-01-25 10:45:58.628 RedLemon[7115:62622]    Payload keys: senderId, isPlaying, position, timestamp, type
2026-01-25 10:45:58.634 RedLemon[7115:62608] 🔐 Signed request to /rooms
2026-01-25 10:45:58.636 RedLemon[7115:62605] ✅ Realtime: Message broadcast complete
2026-01-25 10:45:58.770 RedLemon[7115:62677] 📨 Realtime: Received broadcast message
2026-01-25 10:45:58.770 RedLemon[7115:63041] 📨 Realtime: Received broadcast message
2026-01-25 10:45:58.770 RedLemon[7115:63041]    Payload keys: timestamp, senderId, isPlaying, type, position
2026-01-25 10:45:58.770 RedLemon[7115:62677]    Payload keys: timestamp, senderId, isPlaying, type, position
2026-01-25 10:45:58.770 RedLemon[7115:62677] ✅ Realtime: Decoded message type: playbackState, sender: 656DAA91-33B4-4688-9135-C982EA52D7C9
2026-01-25 10:45:58.770 RedLemon[7115:63041] ✅ Realtime: Decoded message type: playbackState, sender: 656DAA91-33B4-4688-9135-C982EA52D7C9
2026-01-25 10:45:58.772 RedLemon[7115:62533] ⚠️ Received Realtime message with no chat text (Type: playbackState)
2026-01-25 10:45:59.038 RedLemon[7115:62533] 📨 Lobby: Received Room UPDATE from Realtime
2026-01-25 10:45:59.123 RedLemon[7115:62533] 🏥 [AppState] Starting global provider health check...
2026-01-25 10:45:59.706 RedLemon[7115:62608] 🎬 Torrentio: Building URL for movie (no season/episode)
2026-01-25 10:45:59.706 RedLemon[7115:62608] 🔗 Torrentio URL (length: 55): https://torrentio.strem.fun/stream/movie/tt0133093.json...
2026-01-25 10:46:00.624 RedLemon[7115:62691] 📤 Realtime: Sending message type: playbackState, sender: 656DAA91-33B4-4688-9135-C982EA52D7C9
2026-01-25 10:46:00.625 RedLemon[7115:62691]    Payload keys: senderId, timestamp, type, isPlaying, position
2026-01-25 10:46:00.626 RedLemon[7115:62691] ✅ Realtime: Message broadcast complete
2026-01-25 10:46:00.813 RedLemon[7115:63041] 📨 Realtime: Received broadcast message
2026-01-25 10:46:00.813 RedLemon[7115:62608] 📨 Realtime: Received broadcast message
2026-01-25 10:46:00.813 RedLemon[7115:63041]    Payload keys: position, timestamp, senderId, type, isPlaying
2026-01-25 10:46:00.813 RedLemon[7115:62608]    Payload keys: position, timestamp, senderId, type, isPlaying
2026-01-25 10:46:00.814 RedLemon[7115:62608] ✅ Realtime: Decoded message type: playbackState, sender: 656DAA91-33B4-4688-9135-C982EA52D7C9
2026-01-25 10:46:00.814 RedLemon[7115:63041] ✅ Realtime: Decoded message type: playbackState, sender: 656DAA91-33B4-4688-9135-C982EA52D7C9
2026-01-25 10:46:00.833 RedLemon[7115:62533] ⚠️ Received Realtime message with no chat text (Type: playbackState)
2026-01-25 10:46:02.667 RedLemon[7115:63041] 📤 Realtime: Sending message type: playbackState, sender: 656DAA91-33B4-4688-9135-C982EA52D7C9
2026-01-25 10:46:02.668 RedLemon[7115:63041]    Payload keys: timestamp, isPlaying, position, type, senderId
2026-01-25 10:46:02.669 RedLemon[7115:63041] ✅ Realtime: Message broadcast complete
2026-01-25 10:46:02.804 RedLemon[7115:62677] 📨 Realtime: Received broadcast message
2026-01-25 10:46:02.804 RedLemon[7115:63041] 📨 Realtime: Received broadcast message
2026-01-25 10:46:02.805 RedLemon[7115:63041]    Payload keys: position, isPlaying, type, timestamp, senderId
2026-01-25 10:46:02.805 RedLemon[7115:62677]    Payload keys: position, isPlaying, type, timestamp, senderId
2026-01-25 10:46:02.805 RedLemon[7115:62677] ✅ Realtime: Decoded message type: playbackState, sender: 656DAA91-33B4-4688-9135-C982EA52D7C9
2026-01-25 10:46:02.806 RedLemon[7115:63041] ✅ Realtime: Decoded message type: playbackState, sender: 656DAA91-33B4-4688-9135-C982EA52D7C9
2026-01-25 10:46:02.835 RedLemon[7115:62533] ⚠️ Received Realtime message with no chat text (Type: playbackState)
2026-01-25 10:46:04.669 RedLemon[7115:62677] 📤 Realtime: Sending message type: playbackState, sender: 656DAA91-33B4-4688-9135-C982EA52D7C9
2026-01-25 10:46:04.670 RedLemon[7115:62677]    Payload keys: position, timestamp, senderId, isPlaying, type
2026-01-25 10:46:04.671 RedLemon[7115:63041] ✅ Realtime: Message broadcast complete
2026-01-25 10:46:04.810 RedLemon[7115:62677] 📨 Realtime: Received broadcast message
2026-01-25 10:46:04.810 RedLemon[7115:62691] 📨 Realtime: Received broadcast message
2026-01-25 10:46:04.810 RedLemon[7115:62677]    Payload keys: timestamp, senderId, type, isPlaying, position
2026-01-25 10:46:04.810 RedLemon[7115:62691]    Payload keys: timestamp, senderId, type, isPlaying, position
2026-01-25 10:46:04.810 RedLemon[7115:62677] ✅ Realtime: Decoded message type: playbackState, sender: 656DAA91-33B4-4688-9135-C982EA52D7C9
2026-01-25 10:46:04.810 RedLemon[7115:62691] ✅ Realtime: Decoded message type: playbackState, sender: 656DAA91-33B4-4688-9135-C982EA52D7C9
2026-01-25 10:46:04.836 RedLemon[7115:62533] ⚠️ Received Realtime message with no chat text (Type: playbackState)
2026-01-25 10:46:06.588 RedLemon[7115:62691] 📤 Realtime: Sending message type: playbackState, sender: 656DAA91-33B4-4688-9135-C982EA52D7C9
2026-01-25 10:46:06.589 RedLemon[7115:62691]    Payload keys: isPlaying, position, timestamp, type, senderId
2026-01-25 10:46:06.590 RedLemon[7115:62677] ✅ Realtime: Message broadcast complete
2026-01-25 10:46:06.723 RedLemon[7115:62691] 📨 Realtime: Received broadcast message
2026-01-25 10:46:06.724 RedLemon[7115:62608] 📨 Realtime: Received broadcast message
2026-01-25 10:46:06.724 RedLemon[7115:62691]    Payload keys: timestamp, type, senderId, isPlaying, position
2026-01-25 10:46:06.724 RedLemon[7115:62608]    Payload keys: timestamp, type, senderId, isPlaying, position
2026-01-25 10:46:06.725 RedLemon[7115:62691] ✅ Realtime: Decoded message type: playbackState, sender: 656DAA91-33B4-4688-9135-C982EA52D7C9
2026-01-25 10:46:06.725 RedLemon[7115:62608] ✅ Realtime: Decoded message type: playbackState, sender: 656DAA91-33B4-4688-9135-C982EA52D7C9
2026-01-25 10:46:06.755 RedLemon[7115:62533] ⚠️ Received Realtime message with no chat text (Type: playbackState)
2026-01-25 10:46:08.549 RedLemon[7115:62605] 📤 Realtime: Sending message type: playbackState, sender: 656DAA91-33B4-4688-9135-C982EA52D7C9
2026-01-25 10:46:08.549 RedLemon[7115:62605]    Payload keys: position, isPlaying, type, senderId, timestamp
2026-01-25 10:46:08.551 RedLemon[7115:62608] ✅ Realtime: Message broadcast complete
2026-01-25 10:46:08.552 RedLemon[7115:62691] 🔐 Signed request to /rooms
2026-01-25 10:46:08.631 RedLemon[7115:62533] ✅ [AppState] Provider health check complete (found 7 services)
2026-01-25 10:46:08.678 RedLemon[7115:62677] 📨 Realtime: Received broadcast message
2026-01-25 10:46:08.678 RedLemon[7115:62608] 📨 Realtime: Received broadcast message
2026-01-25 10:46:08.678 RedLemon[7115:62677]    Payload keys: isPlaying, timestamp, type, senderId, position
2026-01-25 10:46:08.678 RedLemon[7115:62608]    Payload keys: isPlaying, timestamp, type, senderId, position
2026-01-25 10:46:08.679 RedLemon[7115:62677] ✅ Realtime: Decoded message type: playbackState, sender: 656DAA91-33B4-4688-9135-C982EA52D7C9
2026-01-25 10:46:08.679 RedLemon[7115:62608] ✅ Realtime: Decoded message type: playbackState, sender: 656DAA91-33B4-4688-9135-C982EA52D7C9
2026-01-25 10:46:08.697 RedLemon[7115:62533] 🏥 [PlayerVM] Manual Refresh: Triggering deep subtitle search for Split
2026-01-25 10:46:08.697 RedLemon[7115:62533] ⚠️ Received Realtime message with no chat text (Type: playbackState)
✅ RD cache hit: 20d73d6b0be5
✅ StreamService: Stream unlocked successfully!
🔄 Lobby: Fetching fresh room state from Supabase...
✅ Lobby: Synced CLEAN stream info, metadata & playlist to AppState
⏰ AppState: Next schedule update set for Event End: 2026-01-25 18:10:34 +0000
⏰ AppState: Scheduling update in 8716 seconds
🔄 Lobby: Fetching fresh room state from Supabase...
✅ Lobby: Synced CLEAN stream info, metadata & playlist to AppState
⏰ AppState: Next schedule update set for Event End: 2026-01-25 18:10:34 +0000
⏰ AppState: Scheduling update in 8706 seconds
🛑 LobbyPresence: Polling stopped
🛑 LobbyDatabase: Polling stopped
🛑 Lobby: Polling stopped (chat via Realtime only)
✅ Host: Synced FULL Lobby state to AppState (Participants: 2, Playlist Idx: 0)
!!! MPVWrapper initialized - Build Version: 2026-01-19-GUEST-CACHE-BYPASS-v1 !!!
🔌 Setting up Realtime channel: watch-party:XBXH
   Role: Host
   User ID: 656DAA91-33B4-4688-9135-C982EA52D7C9
📡 Connection state: connected
📡 Connection state: connecting
📡 Topic realtime:watch-party:XBXH already joined (interest count: 2), skipping phx_join
📡 Connection state: connected
✅ Realtime channel setup complete
✅ Cache HIT: Metadata[meta_movie_tt4972582]
📡 SocialService: Updated status - online: Split
⏰ AppState: Next schedule update set for Event End: 2026-01-25 18:10:34 +0000
⏰ AppState: Scheduling update in 8705 seconds
🔄 Lobby: Fetching fresh room state from Supabase...
✅ Lobby: Synced CLEAN stream info, metadata & playlist to AppState
⏰ AppState: Next schedule update set for Event End: 2026-01-25 18:10:34 +0000
⏰ AppState: Scheduling update in 8696 seconds
🔄 Lobby: Fetching fresh room state from Supabase...
🔄 Lobby: Fetching fresh room state from Supabase...
✅ Lobby: Synced CLEAN stream info, metadata & playlist to AppState
✅ Lobby: Synced CLEAN stream info, metadata & playlist to AppState
📡 [EventsConfig] Checking server for movie_events config version...
✅ [EventsConfig] Fetched movie_events version 1585 with 399 movies
✅ [EventsConfig] Using cached movie_events config (version 1585, 399 movies)
⏰ AppState: Next schedule update set for Event End: 2026-01-25 18:10:34 +0000
⏰ AppState: Scheduling update in 8686 seconds
🔄 Lobby: Fetching fresh room state from Supabase...
✅ Lobby: Synced CLEAN stream info, metadata & playlist to AppState
🔄 Lobby: Fetching fresh room state from Supabase...
✅ Lobby: Synced CLEAN stream info, metadata & playlist to AppState
⏰ AppState: Next schedule update set for Event End: 2026-01-25 18:10:34 +0000
⏰ AppState: Scheduling update in 8676 seconds
🔄 Lobby: Fetching fresh room state from Supabase...
✅ Lobby: Synced CLEAN stream info, metadata & playlist to AppState
📉 SocialService: User 795e81d3-8bdd-4403-8423-238c3b93b420 went offline (No active refs)
📈 SocialService: User 795e81d3-8bdd-4403-8423-238c3b93b420 came online
⏰ AppState: Next schedule update set for Event End: 2026-01-25 18:10:34 +0000
⏰ AppState: Scheduling update in 8666 seconds
[ INFO ] GET /subtitles/search [request-id: 9F28C98C-3B34-4B69-8C1D-7CA1D871F379]
2026-01-25 10:46:08.926 RedLemon[7115:62622] 🔐 SupabaseClient: Signing Identity Payload: '1769355968656daa91-33b4-4688-9135-c982ea52d7c9/rpc/room_heartbeat'
2026-01-25 10:46:08.927 RedLemon[7115:62622] 🔐 Signed request to /rpc/room_heartbeat
2026-01-25 10:46:09.007 RedLemon[7115:62533] 📨 Lobby: Received Room UPDATE from Realtime
2026-01-25 10:46:09.841 RedLemon[7115:62533] 📨 Lobby: Received Room UPDATE from Realtime
2026-01-25 10:46:10.592 RedLemon[7115:63041] 📤 Realtime: Sending message type: playbackState, sender: 656DAA91-33B4-4688-9135-C982EA52D7C9
2026-01-25 10:46:10.593 RedLemon[7115:63041]    Payload keys: senderId, position, timestamp, isPlaying, type
2026-01-25 10:46:10.594 RedLemon[7115:62608] ✅ Realtime: Message broadcast complete
2026-01-25 10:46:10.739 RedLemon[7115:63041] 📨 Realtime: Received broadcast message
2026-01-25 10:46:10.739 RedLemon[7115:62608] 📨 Realtime: Received broadcast message
2026-01-25 10:46:10.739 RedLemon[7115:63041]    Payload keys: timestamp, type, isPlaying, position, senderId
2026-01-25 10:46:10.739 RedLemon[7115:62608]    Payload keys: timestamp, type, isPlaying, position, senderId
2026-01-25 10:46:10.739 RedLemon[7115:62608] ✅ Realtime: Decoded message type: playbackState, sender: 656DAA91-33B4-4688-9135-C982EA52D7C9
2026-01-25 10:46:10.739 RedLemon[7115:63041] ✅ Realtime: Decoded message type: playbackState, sender: 656DAA91-33B4-4688-9135-C982EA52D7C9
2026-01-25 10:46:10.760 RedLemon[7115:62533] ⚠️ Received Realtime message with no chat text (Type: playbackState)
2026-01-25 10:46:11.427 RedLemon[7115:62677] 🔐 Signed request to /rpc/user_heartbeat
2026-01-25 10:46:11.886 RedLemon[7115:62533] 📨 Lobby: Received Room UPDATE from Realtime
2026-01-25 10:46:12.636 RedLemon[7115:62622] 📤 Realtime: Sending message type: playbackState, sender: 656DAA91-33B4-4688-9135-C982EA52D7C9
2026-01-25 10:46:12.636 RedLemon[7115:62622]    Payload keys: timestamp, senderId, isPlaying, position, type
2026-01-25 10:46:12.638 RedLemon[7115:62608] ✅ Realtime: Message broadcast complete
2026-01-25 10:46:12.772 RedLemon[7115:62622] 📨 Realtime: Received broadcast message
2026-01-25 10:46:12.772 RedLemon[7115:63040] 📨 Realtime: Received broadcast message
2026-01-25 10:46:12.772 RedLemon[7115:62622]    Payload keys: timestamp, position, senderId, isPlaying, type
2026-01-25 10:46:12.772 RedLemon[7115:63040]    Payload keys: timestamp, position, senderId, isPlaying, type
2026-01-25 10:46:12.772 RedLemon[7115:62622] ✅ Realtime: Decoded message type: playbackState, sender: 656DAA91-33B4-4688-9135-C982EA52D7C9
2026-01-25 10:46:12.772 RedLemon[7115:63040] ✅ Realtime: Decoded message type: playbackState, sender: 656DAA91-33B4-4688-9135-C982EA52D7C9
2026-01-25 10:46:12.803 RedLemon[7115:62533] ⚠️ Received Realtime message with no chat text (Type: playbackState)
2026-01-25 10:46:14.639 RedLemon[7115:63041] 📤 Realtime: Sending message type: playbackState, sender: 656DAA91-33B4-4688-9135-C982EA52D7C9
2026-01-25 10:46:14.640 RedLemon[7115:63041]    Payload keys: type, isPlaying, position, timestamp, senderId
2026-01-25 10:46:14.641 RedLemon[7115:63041] ✅ Realtime: Message broadcast complete
2026-01-25 10:46:14.784 RedLemon[7115:62608] 📨 Realtime: Received broadcast message
2026-01-25 10:46:14.784 RedLemon[7115:63041] 📨 Realtime: Received broadcast message
2026-01-25 10:46:14.784 RedLemon[7115:63041]    Payload keys: type, isPlaying, senderId, position, timestamp
2026-01-25 10:46:14.784 RedLemon[7115:62608]    Payload keys: type, isPlaying, senderId, position, timestamp
2026-01-25 10:46:14.785 RedLemon[7115:62608] ✅ Realtime: Decoded message type: playbackState, sender: 656DAA91-33B4-4688-9135-C982EA52D7C9
2026-01-25 10:46:14.785 RedLemon[7115:63041] ✅ Realtime: Decoded message type: playbackState, sender: 656DAA91-33B4-4688-9135-C982EA52D7C9
2026-01-25 10:46:14.805 RedLemon[7115:62533] ⚠️ Received Realtime message with no chat text (Type: playbackState)
2026-01-25 10:46:16.640 RedLemon[7115:62622] 📤 Realtime: Sending message type: playbackState, sender: 656DAA91-33B4-4688-9135-C982EA52D7C9
2026-01-25 10:46:16.640 RedLemon[7115:62622]    Payload keys: senderId, timestamp, type, isPlaying, position
2026-01-25 10:46:16.642 RedLemon[7115:62622] ✅ Realtime: Message broadcast complete
2026-01-25 10:46:16.775 RedLemon[7115:63040] 📨 Realtime: Received broadcast message
2026-01-25 10:46:16.775 RedLemon[7115:62677] 📨 Realtime: Received broadcast message
2026-01-25 10:46:16.775 RedLemon[7115:63040]    Payload keys: senderId, type, position, timestamp, isPlaying
2026-01-25 10:46:16.775 RedLemon[7115:62677]    Payload keys: senderId, type, position, timestamp, isPlaying
2026-01-25 10:46:16.776 RedLemon[7115:62677] ✅ Realtime: Decoded message type: playbackState, sender: 656DAA91-33B4-4688-9135-C982EA52D7C9
2026-01-25 10:46:16.776 RedLemon[7115:63040] ✅ Realtime: Decoded message type: playbackState, sender: 656DAA91-33B4-4688-9135-C982EA52D7C9
2026-01-25 10:46:16.806 RedLemon[7115:62533] ⚠️ Received Realtime message with no chat text (Type: playbackState)
2026-01-25 10:46:17.266 RedLemon[7115:62533] ✅ [PlayerVM] Manual Refresh: Found 10 SubDL subtitles
2026-01-25 10:46:17.308 RedLemon[7115:62533] ✅ [PlayerVM] Manual Refresh: Added 10 new subtitles to current stream
2026-01-25 10:46:18.227 RedLemon[7115:62533] 🏥 [AppState] Starting global provider health check...
2026-01-25 10:46:18.641 RedLemon[7115:62691] 📤 Realtime: Sending message type: playbackState, sender: 656DAA91-33B4-4688-9135-C982EA52D7C9
2026-01-25 10:46:18.641 RedLemon[7115:62691]    Payload keys: isPlaying, position, senderId, timestamp, type
2026-01-25 10:46:18.642 RedLemon[7115:62691] ✅ Realtime: Message broadcast complete
2026-01-25 10:46:18.643 RedLemon[7115:62677] 🔐 Signed request to /rooms
2026-01-25 10:46:18.767 RedLemon[7115:62677] 📨 Realtime: Received broadcast message
2026-01-25 10:46:18.767 RedLemon[7115:62622] 📨 Realtime: Received broadcast message
2026-01-25 10:46:18.768 RedLemon[7115:62677]    Payload keys: senderId, isPlaying, position, timestamp, type
2026-01-25 10:46:18.768 RedLemon[7115:62622]    Payload keys: senderId, isPlaying, position, timestamp, type
2026-01-25 10:46:18.768 RedLemon[7115:62622] ✅ Realtime: Decoded message type: playbackState, sender: 656DAA91-33B4-4688-9135-C982EA52D7C9
2026-01-25 10:46:18.769 RedLemon[7115:62677] ✅ Realtime: Decoded message type: playbackState, sender: 656DAA91-33B4-4688-9135-C982EA52D7C9
2026-01-25 10:46:18.810 RedLemon[7115:62533] ⚠️ Received Realtime message with no chat text (Type: playbackState)
2026-01-25 10:46:18.811 RedLemon[7115:62622] 🎬 Torrentio: Building URL for movie (no season/episode)
2026-01-25 10:46:18.812 RedLemon[7115:62622] 🔗 Torrentio URL (length: 55): https://torrentio.strem.fun/stream/movie/tt0133093.json...
2026-01-25 10:46:19.144 RedLemon[7115:62533] 📨 Lobby: Received Room UPDATE from Realtime
2026-01-25 10:46:20.063 RedLemon[7115:62533] 📨 Lobby: Received Room UPDATE from Realtime
2026-01-25 10:46:20.687 RedLemon[7115:62677] 📤 Realtime: Sending message type: playbackState, sender: 656DAA91-33B4-4688-9135-C982EA52D7C9
2026-01-25 10:46:20.688 RedLemon[7115:62677]    Payload keys: isPlaying, timestamp, senderId, position, type
2026-01-25 10:46:20.689 RedLemon[7115:62622] ✅ Realtime: Message broadcast complete
2026-01-25 10:46:20.813 RedLemon[7115:62677] 📨 Realtime: Received broadcast message
2026-01-25 10:46:20.813 RedLemon[7115:62622] 📨 Realtime: Received broadcast message
2026-01-25 10:46:20.813 RedLemon[7115:62677]    Payload keys: timestamp, position, isPlaying, type, senderId
2026-01-25 10:46:20.813 RedLemon[7115:62622]    Payload keys: timestamp, position, isPlaying, type, senderId
2026-01-25 10:46:20.814 RedLemon[7115:62622] ✅ Realtime: Decoded message type: playbackState, sender: 656DAA91-33B4-4688-9135-C982EA52D7C9
2026-01-25 10:46:20.814 RedLemon[7115:62677] ✅ Realtime: Decoded message type: playbackState, sender: 656DAA91-33B4-4688-9135-C982EA52D7C9
2026-01-25 10:46:20.853 RedLemon[7115:62533] ⚠️ Received Realtime message with no chat text (Type: playbackState)
2026-01-25 10:46:22.647 RedLemon[7115:63041] 📤 Realtime: Sending message type: playbackState, sender: 656DAA91-33B4-4688-9135-C982EA52D7C9
2026-01-25 10:46:22.648 RedLemon[7115:63041]    Payload keys: position, timestamp, type, senderId, isPlaying
2026-01-25 10:46:22.650 RedLemon[7115:62608] ✅ Realtime: Message broadcast complete
2026-01-25 10:46:22.853 RedLemon[7115:63041] 📨 Realtime: Received broadcast message
2026-01-25 10:46:22.854 RedLemon[7115:62608] 📨 Realtime: Received broadcast message
2026-01-25 10:46:22.854 RedLemon[7115:63041]    Payload keys: type, isPlaying, senderId, position, timestamp
2026-01-25 10:46:22.854 RedLemon[7115:62608]    Payload keys: type, isPlaying, senderId, position, timestamp
2026-01-25 10:46:22.854 RedLemon[7115:63041] ✅ Realtime: Decoded message type: playbackState, sender: 656DAA91-33B4-4688-9135-C982EA52D7C9
2026-01-25 10:46:22.854 RedLemon[7115:62608] ✅ Realtime: Decoded message type: playbackState, sender: 656DAA91-33B4-4688-9135-C982EA52D7C9
2026-01-25 10:46:22.897 RedLemon[7115:62533] ⚠️ Received Realtime message with no chat text (Type: playbackState)
2026-01-25 10:46:24.606 RedLemon[7115:62677] 📤 Realtime: Sending message type: playbackState, sender: 656DAA91-33B4-4688-9135-C982EA52D7C9
2026-01-25 10:46:24.607 RedLemon[7115:62677]    Payload keys: isPlaying, timestamp, senderId, position, type
2026-01-25 10:46:24.609 RedLemon[7115:63040] ✅ Realtime: Message broadcast complete
2026-01-25 10:46:24.741 RedLemon[7115:63041] 📨 Realtime: Received broadcast message
2026-01-25 10:46:24.741 RedLemon[7115:63041]    Payload keys: isPlaying, type, senderId, timestamp, position
2026-01-25 10:46:24.741 RedLemon[7115:63040] 📨 Realtime: Received broadcast message
2026-01-25 10:46:24.742 RedLemon[7115:63040]    Payload keys: isPlaying, type, senderId, timestamp, position
2026-01-25 10:46:24.742 RedLemon[7115:63041] ✅ Realtime: Decoded message type: playbackState, sender: 656DAA91-33B4-4688-9135-C982EA52D7C9
2026-01-25 10:46:24.742 RedLemon[7115:63040] ✅ Realtime: Decoded message type: playbackState, sender: 656DAA91-33B4-4688-9135-C982EA52D7C9
2026-01-25 10:46:24.773 RedLemon[7115:62533] ⚠️ Received Realtime message with no chat text (Type: playbackState)
2026-01-25 10:46:26.610 RedLemon[7115:62677] 📤 Realtime: Sending message type: playbackState, sender: 656DAA91-33B4-4688-9135-C982EA52D7C9
2026-01-25 10:46:26.610 RedLemon[7115:62677]    Payload keys: position, isPlaying, timestamp, senderId, type
2026-01-25 10:46:26.612 RedLemon[7115:62677] ✅ Realtime: Message broadcast complete
2026-01-25 10:46:26.743 RedLemon[7115:63040] 📨 Realtime: Received broadcast message
2026-01-25 10:46:26.743 RedLemon[7115:62677] 📨 Realtime: Received broadcast message
2026-01-25 10:46:26.743 RedLemon[7115:63040]    Payload keys: isPlaying, senderId, position, timestamp, type
2026-01-25 10:46:26.743 RedLemon[7115:62677]    Payload keys: isPlaying, senderId, position, timestamp, type
2026-01-25 10:46:26.744 RedLemon[7115:63040] ✅ Realtime: Decoded message type: playbackState, sender: 656DAA91-33B4-4688-9135-C982EA52D7C9
2026-01-25 10:46:26.744 RedLemon[7115:62677] ✅ Realtime: Decoded message type: playbackState, sender: 656DAA91-33B4-4688-9135-C982EA52D7C9
2026-01-25 10:46:26.775 RedLemon[7115:62533] ⚠️ Received Realtime message with no chat text (Type: playbackState)
2026-01-25 10:46:27.360 RedLemon[7115:62533] ✅ [AppState] Provider health check complete (found 7 services)
2026-01-25 10:46:27.421 RedLemon[7115:62533] 🏥 [PlayerVM] Manual Refresh: Triggering deep subtitle search for Split
🔍 Searching SubDL: tt4972582 (movie)
   ℹ️ Fallback Name: Split (2016)
🔄 Lobby: Fetching fresh room state from Supabase...
✅ Lobby: Synced CLEAN stream info, metadata & playlist to AppState
🔄 Lobby: Fetching fresh room state from Supabase...
✅ Lobby: Synced CLEAN stream info, metadata & playlist to AppState
🔄 Lobby: Fetching fresh room state from Supabase...
✅ Lobby: Synced CLEAN stream info, metadata & playlist to AppState
✅ Found 10 subtitles from SubDL (Primary)
⏰ AppState: Next schedule update set for Event End: 2026-01-25 18:10:34 +0000
⏰ AppState: Scheduling update in 8656 seconds
🔄 Lobby: Fetching fresh room state from Supabase...
✅ Lobby: Synced CLEAN stream info, metadata & playlist to AppState
🔄 Lobby: Fetching fresh room state from Supabase...
✅ Lobby: Synced CLEAN stream info, metadata & playlist to AppState
[ INFO ] GET /subtitles/search [request-id: 51E0C455-727D-4920-A9D6-A3532872BFE3]
2026-01-25 10:46:28.654 RedLemon[7115:62622] 📤 Realtime: Sending message type: playbackState, sender: 656DAA91-33B4-4688-9135-C982EA52D7C9
2026-01-25 10:46:28.654 RedLemon[7115:62622]    Payload keys: timestamp, isPlaying, position, senderId, type
2026-01-25 10:46:28.657 RedLemon[7115:62622] ✅ Realtime: Message broadcast complete
2026-01-25 10:46:28.659 RedLemon[7115:62691] 🔐 Signed request to /rooms
2026-01-25 10:46:28.786 RedLemon[7115:62608] 📨 Realtime: Received broadcast message
2026-01-25 10:46:28.786 RedLemon[7115:62608]    Payload keys: isPlaying, timestamp, position, senderId, type
2026-01-25 10:46:28.786 RedLemon[7115:62677] 📨 Realtime: Received broadcast message
2026-01-25 10:46:28.787 RedLemon[7115:62677]    Payload keys: isPlaying, timestamp, position, senderId, type
2026-01-25 10:46:28.788 RedLemon[7115:62677] ✅ Realtime: Decoded message type: playbackState, sender: 656DAA91-33B4-4688-9135-C982EA52D7C9
2026-01-25 10:46:28.788 RedLemon[7115:62608] ✅ Realtime: Decoded message type: playbackState, sender: 656DAA91-33B4-4688-9135-C982EA52D7C9
2026-01-25 10:46:28.819 RedLemon[7115:62533] ⚠️ Received Realtime message with no chat text (Type: playbackState)
2026-01-25 10:46:29.111 RedLemon[7115:62533] 📨 Lobby: Received Room UPDATE from Realtime
🔍 Searching SubDL: tt4972582 (movie)
   ℹ️ Fallback Name: Split (2016)
⏰ AppState: Next schedule update set for Event End: 2026-01-25 18:10:34 +0000
⏰ AppState: Scheduling update in 8646 seconds
🔄 Lobby: Fetching fresh room state from Supabase...
✅ Lobby: Synced CLEAN stream info, metadata & playlist to AppState
