2026-01-27 16:22:54.504 RedLemon[39725:223373] 🪟 Set initial window to expanded size: (0.0, 150.0, 1366.0, 593.0)
2026-01-27 16:22:54.504 RedLemon[39725:223373] ✅ Cache cleanup timer started (runs every 30 minutes)
2026-01-27 16:22:54.721 RedLemon[39725:223373] 🔄 Resetting playback state to prevent auto-selection...
2026-01-27 16:22:54.726 RedLemon[39725:223373] ⚠️ PlayerVM: currentWatchPartyRoom set to NIL. Stack Trace unavailable, but check recent logs.
2026-01-27 16:22:54.760 RedLemon[39725:223373] ✅ Playback state reset complete - starting in browse view
2026-01-27 16:22:54.760 RedLemon[39725:223373] 🔐 APP STARTUP: Loading stored user credentials...
2026-01-27 16:22:54.760 RedLemon[39725:223373] 🧪 Testing Profile: debug
2026-01-27 16:22:54.762 RedLemon[39725:223440] 📂 Loaded 5 credential(s) from cache
2026-01-27 16:22:54.771 RedLemon[39725:223373] ✅ Keychain: Found stored username: witheredrose
2026-01-27 16:22:54.771 RedLemon[39725:223373] 🔍 Supabase: Looking up user 'witheredrose' in database...
2026-01-27 16:22:54.772 RedLemon[39725:223440] 🔍 SupabaseClient: Looking up user by username 'witheredrose'
2026-01-27 16:22:55.125 RedLemon[39725:223441] 📡 SupabaseClient: User lookup response received (438 bytes)
2026-01-27 16:22:55.144 RedLemon[39725:223441] ✅ SupabaseClient: Decoded 1 users from response
2026-01-27 16:22:55.144 RedLemon[39725:223441] 👤 SupabaseClient: Found user - witheredrose (ID: 4AEF4E1B-BA8E-4D31-8736-BCA3B94F402B)
2026-01-27 16:22:55.210 RedLemon[39725:223373] ✅ AUTH SUCCESS: User authenticated - witheredrose (ID: 4AEF4E1B-BA8E-4D31-8736-BCA3B94F402B)
2026-01-27 16:22:55.210 RedLemon[39725:223373] 🎯 AppState: currentUsername=witheredrose, currentUserId=4AEF4E1B-BA8E-4D31-8736-BCA3B94F402B
2026-01-27 16:22:56.433 RedLemon[39725:223373] 🏁 AUTH COMPLETE: Final state - username=witheredrose, userId=4AEF4E1B-BA8E-4D31-8736-BCA3B94F402B
2026-01-27 16:22:56.435 RedLemon[39725:223434] 🔐 Signed request to /rpc/fetch_user_library
2026-01-27 16:22:56.435 RedLemon[39725:223439] 🔐 Signed request to /rpc/fetch_user_library
2026-01-27 16:22:56.573 RedLemon[39725:223437] 🔐 Signed request to /rpc/fetch_user_watch_history
2026-01-27 16:22:56.716 RedLemon[39725:223373] 🚀 RedLemon: Starting HTTP server...
2026-01-27 16:22:56.716 RedLemon[39725:223373] 📋 RedLemon: Current directory: /Users/danielnoble/Desktop/Redlemon
2026-01-27 16:22:56.744 RedLemon[39725:223373] ✅ RedLemon: HTTPServer instance created
2026-01-27 16:22:56.744 RedLemon[39725:223373] ✅ RedLemon: Server marked as ready (Optimistic)
2026-01-27 16:22:56.744 RedLemon[39725:223439] 📡 RedLemon: Server starting on port 47253...
⏲️ [EventsConfig] Starting polling fallback (every 60s)
🔌 Connecting to Supabase Realtime: wss://151.243.109.243.nip.io/realtime/v1/websocket
✅ Connected to Supabase Realtime
📡 Sparkle requesting feed URL: https://151.243.109.243.nip.io/updates/appcast.xml
✅ Sparkle configured (seamless mode)
   Appcast URL: https://151.243.109.243.nip.io/updates/appcast.xml
   Can check: true
📅 EventsView appeared
🎬 [EventsView] Fetching movie events from centralized config...
📡 [EventsConfig] Checking server for movie_events config version...
🔍 Memory pressure monitoring enabled (safe mode)
🔍 Silent update check (custom implementation)...
🖥️ CacheManager initialized with fixed conservative limits
   Image cache limit: 30 items
📡 Sparkle requesting feed URL: https://151.243.109.243.nip.io/updates/appcast.xml
📡 Joined channel: realtime:events_config_updates (interest count: 1)
✅ [EventsConfig] Subscribed to realtime schedule updates
✅ [EventsConfig] Fetched movie_events version 1586 with 397 movies
✅ [EventsConfig] Using cached movie_events config (version 1586, 397 movies)
✅ [EventsView] Loaded 397 movies from config version 1586
🗓 AppState: Updated schedule epoch to 2026-01-23 22:49:34 +0000
⏰ AppState: Next schedule update set for Event End: 2026-01-27 23:02:34 +0000
⏰ AppState: Scheduling update in 5979 seconds
🖼️ [CACHE] Cached image data for key: https://images.metahub.space/background/medium/tt0395699/img (654929 bytes)
🖼️ [CACHE] Cached image data for key: https://images.metahub.space/background/medium/tt12593682/img (416335 bytes)
🖼️ [CACHE] Cached image data for key: https://images.metahub.space/background/medium/tt4154796/img (1018934 bytes)
⏰ AppState: Next schedule update set for Event End: 2026-01-27 23:02:34 +0000
⏰ AppState: Scheduling update in 5978 seconds
⏰ AppState: Next schedule update set for Event End: 2026-01-27 23:02:34 +0000
⏰ AppState: Scheduling update in 5978 seconds
🔌 SocialService: Connecting to global presence via shared client...
📡 Joined channel: realtime:global-presence (interest count: 1)
✅ SocialService: Connected to global presence
🔌 SocialService: Connecting to social realtime channels via shared client...
📡 Joined channel: realtime:direct_messages (interest count: 1)
📡 Joined channel: realtime:friendships (interest count: 1)
✅ SocialService: Connected to social channels
📈 SocialService: User 96e01cdb-36c0-4228-a6e4-a29a3c66bc8e came online
📈 SocialService: User 4aef4e1b-ba8e-4d31-8736-bca3b94f402b came online
📬 SocialService: Fetched 0 unread messages
✅ Token routes registered:
   POST /tokens/save
   POST /tokens/delete
   GET  /tokens/list
✅ Unlock routes registered:
   POST /api/streams/unlock
✅ Stream routes registered:
   POST /api/streams/resolve
   GET  /api/streams/resolveByQuality
   GET  /api/streams/resolveAll
✅ Proxy routes registered:
   GET /play/rd/:infoHash/:fileIdx
   GET /play/rd/:infoHash
✅ Subtitle routes registered:
   GET /subtitles/search?imdbId=&type=
   GET /subtitles/subdl/:encodedPath
✅ All routes registered
✅ HTTP Server configured on http://127.0.0.1:47253
🚀 Starting HTTP server...
✅ Providers initialized: torrentio, comet, zilean, mediafusion, debridsearch
[ NOTICE ] Server started on http://127.0.0.1:47253
2026-01-27 16:22:56.782 RedLemon[39725:223373] ✅ RedLemon: Server should be running on http://127.0.0.1:47253
2026-01-27 16:22:56.782 RedLemon[39725:223373] 🏥 [AppState] Starting global provider health check...
2026-01-27 16:22:56.782 RedLemon[39725:223373] 🔍 Performing startup checks...
2026-01-27 16:22:56.782 RedLemon[39725:223373] ✅ Username-based authentication ready
2026-01-27 16:22:56.783 RedLemon[39725:223439] 🔐 Signed request to /check-payment
2026-01-27 16:22:57.320 RedLemon[39725:223439] 🎬 Torrentio: Building URL for movie (no season/episode)
2026-01-27 16:22:57.320 RedLemon[39725:223439] 🔗 Torrentio URL (length: 55): https://torrentio.strem.fun/stream/movie/tt0133093.json...
2026-01-27 16:22:57.989 RedLemon[39725:223373] 🔄 Checking for app updates...
2026-01-27 16:22:57.990 RedLemon[39725:223496] 🔐 Signed request to /rpc/get_server_time
2026-01-27 16:22:58.215 RedLemon[39725:223373] ✅ [AppState] Provider health check complete (found 7 services)
2026-01-27 16:23:01.300 RedLemon[39725:223485] 🔐 Signed request to /rpc/user_heartbeat
✅ HTTP server running on http://127.0.0.1:47253

🔗 Available endpoints:
   http://127.0.0.1:47253/health
   http://127.0.0.1:47253/status
   http://127.0.0.1:47253/api/health

💰 LicenseManager: Starting hybrid license check...
✅ SubDLClient initialized
👤 LicenseManager: Profile expiry: Optional(2026-01-28 08:11:39 +0000)
🎉 License updated! Expires: 2026-01-28 08:11:39 +0000
🔍 Silent update check (custom implementation)...
⏰ TimeService: Synchronizing clock with server...
✅ TimeService: Synced! Offset: 0.094s (RTT: 127ms)
   Local:  2026-01-27 21:22:58 +0000
   Server: 2026-01-27 21:22:58 +0000
⏰ Time synced with server! AppState should automatically recalculate.
📋 Fetching rooms from Supabase backend (offset: 0, limit: 20, search: '')...
🔌 RoomListView: Setting up realtime subscription for rooms...
📋 Fetching rooms from Supabase backend (offset: 0, limit: 20, search: '')...
📡 Joined channel: realtime:rooms_updates (interest count: 1)
✅ RoomListView: Connected to rooms realtime updates
[ INFO ] GET /api/metadata/meta/series/tt33517752 [request-id: A1A1F08C-4862-43F2-A365-B9D6584CCAB5]
[ INFO ] GET /api/metadata/meta/series/tt33517752 [request-id: F8FD8010-C7C5-466C-9CBF-CAAAA29ACE40]
2026-01-27 16:23:02.923 RedLemon[39725:223434] 📦 Decoded CinemetaMeta - videos count: 11
2026-01-27 16:23:02.925 RedLemon[39725:223434] 📦 Decoded CinemetaMeta - videos count: 11
2026-01-27 16:23:03.604 RedLemon[39725:223373] 🚪 Joining room: FUGM
2026-01-27 16:23:04.679 RedLemon[39725:223373] 🚪 Room is in lobby
2026-01-27 16:23:04.679 RedLemon[39725:223373] ✅ PlayerVM: currentWatchPartyRoom set to FUGM
2026-01-27 16:23:04.680 RedLemon[39725:223373] ✨ [AppState] Registered new active lobby: FUGM
2026-01-27 16:23:04.874 RedLemon[39725:223373] 🔑 Lobby: Updated participantId to actual user ID: 4aef4e1b-ba8e-4d31-8736-bca3b94f402b
2026-01-27 16:23:04.875 RedLemon[39725:223373] [LOBBY_VIEW] onAppear: shouldAutoJoinLobby=false, room=FUGM, timeUntilStart=0
2026-01-27 16:23:04.995 RedLemon[39725:223440] 🔐 Signed request to /room_participants
💾 Cache SET: Metadata[meta_series_tt33517752]
📺 Found episode title for The Beauty S1E1: Beautiful Pilot
✅ Loaded 1 rooms (total: 1)
💾 Cache SET: Metadata[meta_series_tt33517752]
🖼️ [CACHE] Cached image data for key: https://images.metahub.space/background/medium/tt33517752/img (103733 bytes)
📺 Found episode title for The Beauty S1E1: Beautiful Pilot
✅ Loaded 1 rooms (total: 1)
🚪 Joining room: FUGM
📡 [EventsConfig] Checking server for movie_events config version...
✅ [EventsConfig] Fetched movie_events version 1586 with 397 movies
✅ [EventsConfig] Using cached movie_events config (version 1586, 397 movies)
🎭 Lobby: Connecting to room FUGM...
🚦 Lobby State: connecting
🔄 Lobby: Fetching fresh room state from Supabase...
✅ Cache HIT: Metadata[meta_series_tt33517752]
[ INFO ] GET /api/metadata/meta/series/tt33517752 [request-id: 25C5B5A4-BDCF-4278-B81C-65C0C897FD28]
2026-01-27 16:23:05.136 RedLemon[39725:223373] ✅ Guest joined room FUGM in database
2026-01-27 16:23:05.275 RedLemon[39725:223434] 📝 Realtime: Registered observer 'lobby' (Presence: YES, Sync: NO, Status: NO)
2026-01-27 16:23:05.296 RedLemon[39725:223437] 📝 Realtime: Registered observer 'lobby' (Presence: NO, Sync: YES, Status: NO)
2026-01-27 16:23:05.310 RedLemon[39725:223437] 📤 Realtime: Sending message type: chat, sender: 4aef4e1b-ba8e-4d31-8736-bca3b94f402b
2026-01-27 16:23:05.311 RedLemon[39725:223437]    Payload keys: chatUsername, chatText, type, position, timestamp, senderId
2026-01-27 16:23:05.312 RedLemon[39725:223434] ✅ Realtime: Message broadcast complete
2026-01-27 16:23:05.430 RedLemon[39725:223437] 📨 Realtime: Received broadcast message
2026-01-27 16:23:05.430 RedLemon[39725:223437]    Payload keys: chatText, senderId, type, timestamp, position, chatUsername
2026-01-27 16:23:05.431 RedLemon[39725:223437] ✅ Realtime: Decoded message type: chat, sender: 4aef4e1b-ba8e-4d31-8736-bca3b94f402b
2026-01-27 16:23:05.443 RedLemon[39725:223373] 👋 Received: Guest 'witheredrose' joined room FUGM
2026-01-27 16:23:05.443 RedLemon[39725:223437] 🔐 SupabaseClient: Signing Identity Payload: '17695489854aef4e1b-ba8e-4d31-8736-bca3b94f402b/rpc/room_heartbeat'
2026-01-27 16:23:05.443 RedLemon[39725:223437] 🔐 Signed request to /rpc/room_heartbeat
2026-01-27 16:23:05.657 RedLemon[39725:223373] 📨 Lobby: Received Room UPDATE from Realtime
2026-01-27 16:23:05.837 RedLemon[39725:223373] 👋 witheredrose synced from database
2026-01-27 16:23:09.537 RedLemon[39725:223485] 📨 Realtime: Received broadcast message
2026-01-27 16:23:09.537 RedLemon[39725:223485]    Payload keys: type, timestamp, chatUsername, senderId, position, chatText
2026-01-27 16:23:09.537 RedLemon[39725:223485] ✅ Realtime: Decoded message type: chat, sender: 96e01cdb-36c0-4228-a6e4-a29a3c66bc8e
2026-01-27 16:23:09.538 RedLemon[39725:223373] 🎬 Guest: Received RESOLVING signal
2026-01-27 16:23:18.361 RedLemon[39725:223373] 📨 Lobby: Received Room UPDATE from Realtime
2026-01-27 16:23:19.266 RedLemon[39725:223441] 📨 Realtime: Received broadcast message
2026-01-27 16:23:19.266 RedLemon[39725:223441]    Payload keys: timestamp, type, chatText, position, senderId, chatUsername
2026-01-27 16:23:19.266 RedLemon[39725:223441] ✅ Realtime: Decoded message type: chat, sender: 96e01cdb-36c0-4228-a6e4-a29a3c66bc8e
2026-01-27 16:23:19.296 RedLemon[39725:223373] 🎬 Guest: Received PREPARE signal: LOBBY_PREPARE_PLAYBACK||0
2026-01-27 16:23:19.297 RedLemon[39725:223373] ✅ Guest: Extracted Hash from Payload: nil
2026-01-27 16:23:19.419 RedLemon[39725:223373] ⚠️ Guest: No stream hash available. Guests cannot use host's URL (IP-locked). Will attempt fresh resolution.
2026-01-27 16:23:19.471 RedLemon[39725:223441] ✅ StreamService: Using provided metadata: The Beauty
2026-01-27 16:23:19.471 RedLemon[39725:223441] ⚡️ StreamService: Resolving streams via StreamResolver (Bypassing HTTP)...
2026-01-27 16:23:19.471 RedLemon[39725:223441] ⚡️ StreamResolver: Resolving streams for tt33517752 (S1E1)
2026-01-27 16:23:19.471 RedLemon[39725:223440] 📝 [APP] 🎬 StreamService: Starting resolution for: The Beauty ["file": "StreamService.swift", "level": "INFO", "line": "199"]
2026-01-27 16:23:19.472 RedLemon[39725:223440] 📝 [APP] SessionRecorder initialized
2026-01-27 16:23:19.472 RedLemon[39725:223440] 📝 [APP] New Session Started ["app_version": "1.0.163", "build": "163", "session_id": "64AD84A4-F82D-4E4D-AB34-45123AA9ABF6", "trigger_source": "preload", "user_id": "4AEF4E1B-BA8E-4D31-8736-BCA3B94F402B"]
2026-01-27 16:23:19.472 RedLemon[39725:223440] 📝 [APP] Target Content Set ["imdb_id": "tt33517752"]
2026-01-27 16:23:19.472 RedLemon[39725:223440] 📝 [RESOLVER] Started Resolution ["episode": "1", "season": "1", "type": "series"]
2026-01-27 16:23:19.617 RedLemon[39725:223440]    📅 Filtering by year: 2025–
2026-01-27 16:23:19.742 RedLemon[39725:223441] 📦 StreamResolver: Fetching streams from ProviderManager...
2026-01-27 16:23:19.742 RedLemon[39725:223441] 🔍 ProviderManager: Fetching streams for tt33517752...
2026-01-27 16:23:19.743 RedLemon[39725:223441] 🔍 Zilean: Searching via IMDB ID: tt33517752
2026-01-27 16:23:19.743 RedLemon[39725:223434] ✨ Torrentio: Using Auto-Generated Config (RealDebrid)
2026-01-27 16:23:19.745 RedLemon[39725:223434] 📺 Torrentio: Building URL for S01E01
2026-01-27 16:23:19.745 RedLemon[39725:223441] 📺 DebridSearch: Building URL for S01E01
2026-01-27 16:23:19.745 RedLemon[39725:223434] 🔗 Torrentio URL (length: 125): https://torrentio.strem.fun/realdebrid=K67JV2V4FTUA7RYN6T34BFIUBRUZERBO45A6UL3O7TE5ZHFDQQSA/stream/series/tt33517752:1:1.json...
2026-01-27 16:23:19.745 RedLemon[39725:223434] 🔍 Torrentio: Fetching https://torrentio.strem.fun/realdebrid=K67JV2V4FTUA7RYN6T34BFIUBRUZERBO45A6UL3O7TE5ZHFDQQSA/stream/series/tt33517752:1:1.json
2026-01-27 16:23:19.745 RedLemon[39725:223441] 🔗 DebridSearch URL: https://68d69db7dc40-debrid-search.baby-beamup.club/%7B%22DebridProvider%22%3A%22RealDebrid%22,%22DebridApiKey%22%3A%22***%22%7D/stream/series/tt33517752:1:1.json
2026-01-27 16:23:19.745 RedLemon[39725:223441] 🔍 DebridSearch: Fetching https://68d69db7dc40-debrid-search.baby-beamup.club/%7B%22DebridProvider%22%3A%22RealDebrid%22,%22DebridApiKey%22%3A%22K67JV2V4FTUA7RYN6T34BFIUBRUZERBO45A6UL3O7TE5ZHFDQQSA%22%7D/stream/series/tt33517752:1:1.json
2026-01-27 16:23:19.757 RedLemon[39725:223497] 📡 Torrentio: HTTP 200, received 30848 bytes
2026-01-27 16:23:19.780 RedLemon[39725:223497] ✅ Torrentio: Parsed 60 streams from 60 raw
2026-01-27 16:23:20.159 RedLemon[39725:223434] ✅ Zilean: Got 0 results
2026-01-27 16:23:25.621 RedLemon[39725:223497] ✅ DebridSearch: Parsed 14 streams
2026-01-27 16:23:25.621 RedLemon[39725:223440] ✅ ProviderManager: Fetched 74 raw, returning 74 unique streams
2026-01-27 16:23:25.621 RedLemon[39725:223440] 📦 StreamResolver: Received 74 raw streams, bucketing...
2026-01-27 16:23:25.624 RedLemon[39725:223440] 📝 [RESOLVER] Providers Fetched ["debridsearch": "14", "torrentio": "60"]
2026-01-27 16:23:26.628 RedLemon[39725:223441] 📝 [RESOLVER] Resolution Complete ["1080p": "1", "2160p": "1", "720p": "1", "selected_provider": "debridsearch", "selected_title": "The Beauty S01E01 Beautiful Pilot 1080p DSNP WEB-DL DDP5 1 H 264-FLUX[EZTVx.to].mkv
/The Beauty S01E01 Beautiful Pilot 1080p DSNP WEB-DL DDP5 1 H 264-FLUX[EZTVx.to].mkv
💾 1.64 GB"]
2026-01-27 16:23:26.629 RedLemon[39725:223440] 📝 [APP] 📦 StreamService: Found 29 total streams to try (across all qualities) ["file": "StreamService.swift", "level": "INFO", "line": "406"]
2026-01-27 16:23:26.644 RedLemon[39725:223440] 🔐 Signed request to /rpc/user_heartbeat
2026-01-27 16:23:27.868 RedLemon[39725:223497] 📥 StreamService: Pre-downloading 1 (capped from 1) subtitles for direct stream...
2026-01-27 16:23:27.869 RedLemon[39725:223497] 🐛 StreamService: downloadSubtitlesInParallel called. Season: Optional(1), Episode: Optional(1), Count: 1
2026-01-27 16:23:27.869 RedLemon[39725:223440] 🔍 DEBUG: Processing subtitle URL: /subtitle/3544880-8466988.zip
2026-01-27 16:23:27.869 RedLemon[39725:223440] ✅ DEBUG: Raw SubDL URL detected, converting to proxy URL
2026-01-27 16:23:27.871 RedLemon[39725:223373] ✅ Guest: Stream preloaded with URL: https://chi3-4.download.real-debrid.com/d/J6N4F5E676LA241/The%20Beauty%20S01E01%
2026-01-27 16:23:27.871 RedLemon[39725:223373] ✅ Guest: Stream preloaded. Sending READY signal.
2026-01-27 16:23:27.871 RedLemon[39725:223497] 📤 Realtime: Sending message type: chat, sender: 4aef4e1b-ba8e-4d31-8736-bca3b94f402b
2026-01-27 16:23:27.872 RedLemon[39725:223497]    Payload keys: chatUsername, senderId, timestamp, chatText, position, type
2026-01-27 16:23:27.872 RedLemon[39725:223440] ✅ Realtime: Message broadcast complete
2026-01-27 16:23:28.029 RedLemon[39725:223497] 📨 Realtime: Received broadcast message
2026-01-27 16:23:28.029 RedLemon[39725:223497]    Payload keys: type, chatUsername, senderId, chatText, position, timestamp
2026-01-27 16:23:28.030 RedLemon[39725:223497] ✅ Realtime: Decoded message type: chat, sender: 4aef4e1b-ba8e-4d31-8736-bca3b94f402b
2026-01-27 16:23:29.095 RedLemon[39725:223434] 📨 Realtime: Received broadcast message
2026-01-27 16:23:29.096 RedLemon[39725:223434]    Payload keys: type, chatUsername, senderId, chatText, position, timestamp
2026-01-27 16:23:29.096 RedLemon[39725:223434] ✅ Realtime: Decoded message type: chat, sender: 96e01cdb-36c0-4228-a6e4-a29a3c66bc8e
2026-01-27 16:23:29.096 RedLemon[39725:223373] 🎬 Guest: Received LOBBY_START_COUNTDOWN signal
2026-01-27 16:23:29.097 RedLemon[39725:223373] 🎬 Guest: Received LOBBY_START_COUNTDOWN signal processing
2026-01-27 16:23:29.128 RedLemon[39725:223373] 📨 Lobby: Received Room UPDATE from Realtime
2026-01-27 16:23:29.395 RedLemon[39725:223373] ✅ Guest: Synced stream info from Host (Hash: nil) - URL cleared for fresh unlock
2026-01-27 16:23:29.395 RedLemon[39725:223373] 🛡️ Guest: preResolvedStream cleared to force fresh RD link
2026-01-27 16:23:29.521 RedLemon[39725:223373] 📺 Guest: Set season/episode from DB (Realtime path): S1E1
2026-01-27 16:23:29.521 RedLemon[39725:223373] ⏱️ Step 3: Artificial Delay - Waiting additional 2.83s to ensure Host buffer...
2026-01-27 16:23:32.269 RedLemon[39725:223441] 📨 Realtime: Received broadcast message
2026-01-27 16:23:32.270 RedLemon[39725:223441]    Payload keys: timestamp, type, chatUsername, chatText, position, senderId
2026-01-27 16:23:32.270 RedLemon[39725:223441] ✅ Realtime: Decoded message type: chat, sender: 96e01cdb-36c0-4228-a6e4-a29a3c66bc8e
2026-01-27 16:23:32.270 RedLemon[39725:223373] 🎬 Guest: Launching player for The Beauty (Synced Start)
2026-01-27 16:23:32.271 RedLemon[39725:223373] 🧹 PlayerVM: Solo playback started. Clearing active lobby session: FUGM
2026-01-27 16:23:32.271 RedLemon[39725:223373] 🧹 [AppState] Disconnecting previous lobby session: FUGM
2026-01-27 16:23:32.272 RedLemon[39725:223373] 🎭 Lobby: Disconnected from room FUGM
2026-01-27 16:23:32.355 RedLemon[39725:223373] 📡 Fetching metadata for tt33517752...
2026-01-27 16:23:32.579 RedLemon[39725:223373] 🎬 PlayerVM: Using Playlist Metadata: S1E1
2026-01-27 16:23:32.581 RedLemon[39725:223373] 🔗 GUEST: Using title fallback for stream matching: The Beauty S01E01 Beautiful Pilot 1080p DSNP WEB-D
2026-01-27 16:23:32.583 RedLemon[39725:223440] 📝 [APP] 🧠 StreamService: Cache HIT for The Beauty (1080p). Skipping redundant resolution. ["file": "StreamService.swift", "level": "INFO", "line": "195"]
2026-01-27 16:23:32.710 RedLemon[39725:223373] ✅ Stream ready, starting playback...
2026-01-27 16:23:32.805 RedLemon[39725:223497] 📝 Realtime: Registered observer 'player' (Presence: YES, Sync: NO, Status: NO)
2026-01-27 16:23:32.806 RedLemon[39725:223373] 🎬 Guest: Fetch took 0.424s, finished countdown loop
2026-01-27 16:23:32.810 RedLemon[39725:223441] 📝 Realtime: Unregistered observer 'lobby'
2026-01-27 16:23:32.840 RedLemon[39725:223440] 📝 [PLAYER] Resumed
📡 SocialService: Updated status - In Lobby: The Beauty: The Beauty
✅ Lobby: Loaded metadata for The Beauty
📡 Left channel: realtime:rooms_updates
✅ Lobby: Synced CLEAN stream info, metadata & playlist to AppState
📨 Unknown event: phx_close on realtime:rooms_updates
✅ Lobby: Refreshed room state. isPlaying: false
🛡️ Lobby: Ensuring local media state is fresh before auto-start check...
📺 Lobby: Synced season/episode: S1E1
🔌 Setting up Realtime channel: watch-party:FUGM
   Role: Guest
   User ID: 4aef4e1b-ba8e-4d31-8736-bca3b94f402b
📡 Connection state: connected
📡 Connection state: connecting
📡 Joined channel: realtime:watch-party:FUGM (interest count: 1)
📡 Connection state: connected
✅ Realtime channel setup complete
✅ Lobby: Connected to Realtime
🚦 Lobby State: connected
🔄 Lobby: Starting database polling for participants and room state...
💓 Lobby: Starting heartbeat loop...
🔄 LobbyDatabase: Starting room state polling for guests...
🔄 Lobby: Fetching fresh room state from Supabase...
✅ Lobby: Synced CLEAN stream info, metadata & playlist to AppState
⏰ AppState: Next schedule update set for Event End: 2026-01-27 23:02:34 +0000
⏰ AppState: Scheduling update in 5969 seconds
🛡️ Lobby: Auto-Join safety delay passed (8s). Enabled for late joiners.
⏰ AppState: Next schedule update set for Event End: 2026-01-27 23:02:34 +0000
⏰ AppState: Scheduling update in 5959 seconds
🔄 Lobby: Fetching fresh room state from Supabase...
✅ Lobby: Synced CLEAN stream info, metadata & playlist to AppState
✅ Cache HIT: Metadata[meta_series_tt33517752]
[2026-01-27T21:23:19Z] [INFO] [StreamService.swift:199] 🎬 StreamService: Starting resolution for: The Beauty
🎬 StreamService: Resolving series - trusted pack filtering will be applied server-side
🛡️ StreamResolver: Loaded 8 blocked streams from blacklist
🔍 MediaFusion: Fetching https://mediafusion.elfhosted.com/stream/series/tt33517752:1:1.json
🔍 Comet: Fetching https://comet.elfhosted.com/eyJkZWJyaWRTZXJ2aWNlIjoicmVhbGRlYnJpZCIsInJlbW92ZVRyYXNoIjpmYWxzZSwiZGVi...
⚠️ MediaFusion: HTTP 418
✅ Comet: Got 1 streams
🔍 Comet: Parsing 1 streams...
⚠️ Comet: Skipping invalid redirect URL: https://comet.elfhosted.com/playback/Sr1ob5lMrqL6_xCgenRfGvA...
✅ Comet: Parsed 0 valid streams
📊 StreamResolver: Provider Stats: [torrentio:60, debridsearch:14]
   ✅ RESOLVER KEEPING correct-year series stream: The Beauty S01E01 2026 1080p DSNP WEB-DL DDP5 1 H 264-HHWEB
👤 63 💾 1.64 GB ⚙️ EZTV
   ✅ RESOLVER KEEPING correct-year series stream: Belleza.perfecta.S01E01.2026.WEB-DL.1080p-Dual-Lat
👤 9 💾 1.72 GB ⚙️ Cinecalidad
Dual Audio / 🇲🇽
   ✅ RESOLVER KEEPING correct-year series stream: The Beauty S01E01 2026 1080p DSNP WEB-DL DDP5 1 H 264-HHWEB
👤 2 💾 1.64 GB ⚙️ ThePirateBay
   ✅ RESOLVER KEEPING correct-year series stream: The Beauty S01E01-E03 720p FX - Primewire
The Beauty (2026) Season 1 Episode 1- Beautiful Pilot - PrimeWire.mp4
👤 51 💾 442.59 MB ⚙️ 1337x
   ✅ RESOLVER KEEPING correct-year series stream: The Beauty S01E01 FRENCH HDTV 2026
👤 1485 💾 271.11 MB ⚙️ Torrent9
🇫🇷
   ✅ RESOLVER KEEPING correct-year series stream: Красота / The Beauty / Сезон: 1 / Серии: 1-3 из 11 [2026 WEB-DLRip] MVO (HDrezka Studio) + Original
The.Beauty.S01.E01.Rus.Eng.RG.Anonymous.avi
👤 75 💾 641.32 MB ⚙️ Rutracker
🇬🇧 / 🇷🇺
   ✅ RESOLVER KEEPING correct-year series stream: The Beauty - Stagione 1 (2026) Ep.1 SD H264 Ita Aac 2.0 WEB-DLRip UBi
👤 7 💾 516.43 MB ⚙️ ilCorSaRoNeRo
🇮🇹
   ✅ RESOLVER KEEPING correct-year series stream: Красота / The Beauty / Сезон: 1 / Серии: 1-3 из 11 [2026 WEB-DL 1080p] 3x MVO + Original + Sub (Rus Eng)
The.Beauty.S01E01.1080p.DSNP.WEB-DL.H264.mkv
👤 189 💾 1.89 GB ⚙️ Rutracker
🇬🇧 / 🇷🇺
   ✅ RESOLVER KEEPING correct-year series stream: Красота / The Beauty / Сезон: 1 / Серии: 1-3 из 11 [2026 WEB-DL 1080p] 3x MVO + Original + Sub (Rus Eng)
The.Beauty.E01.WEB-DL.1080p.mkv
👤 1 💾 1.89 GB ⚙️ Rutracker
🇬🇧 / 🇷🇺
   ✅ RESOLVER KEEPING correct-year series stream: The Beauty S01E01 VOSTFR HDTV 2026
👤 145 💾 272.93 MB ⚙️ Torrent9
🇫🇷
   ✅ RESOLVER KEEPING correct-year series stream: The Beauty S01E01 2026 1080p DSNP WEB-DL DDP5 1 H 264-HHWEB[EZTVx.to].mkv
/The Beauty S01E01 2026 1080p DSNP WEB-DL DDP5 1 H 264-HHWEB[EZTVx.to].mkv
💾 1.64 GB
   🚫 RESOLVER BLOCKING AV1: The.Beauty.S01E01.1080p.AV1.10bit-MeGusta
👤 1 💾 286.81 MB ⚙️ ThePirateBay
   🚫 RESOLVER FILTERED AV1: 74 → 73 streams
   🚫 RESOLVER BLOCKING non-English audio: The Beauty [S01E01-E03] [MULTi] [2160p] [DSNP] [WEB-DL] [DV] [HDR] [H265] [DDP5.1-K83] [Lektor PL i Napisy PL]
The.Beauty.S01E01.MULTi.2160p.DSNP.WEB-DL.DV.HDR.H265.DDP5.1-K83.mkv
👤 14 💾 4.63 GB ⚙️ BestTorrents
Multi Audio / 🇬🇧 / 🇵🇱 (Audio)
   🚫 RESOLVER BLOCKING non-English audio: The Beauty [S01E01-E03] [MULTi] [1080p] [DSNP] [WEB-DL] [H264] [DDP5.1-K83] [Lektor PL i Napisy PL]
The.Beauty.S01E01.MULTi.1080p.DSNP.WEB-DL.H264.DDP5.1-K83.mkv
👤 28 💾 1.72 GB ⚙️ BestTorrents
Multi Audio / 🇬🇧 / 🇵🇱 (Audio)
   🚫 RESOLVER BLOCKING non-English audio: The Beauty [S01E01-E03] [MULTi] [720p] [DSNP] [WEB-DL] [H264] [DDP5.1-K83] [Lektor PL i Napisy PL]
The.Beauty.S01E01.MULTi.720p.DSNP.WEB-DL.H264.DDP5.1-K83.mkv
👤 7 💾 931.86 MB ⚙️ BestTorrents
Multi Audio / 🇬🇧 / 🇵🇱 (Audio)
   🚫 RESOLVER BLOCKING non-English audio: The Beauty S01E01 FRENCH HDTV 2026
👤 1485 💾 271.11 MB ⚙️ Torrent9
🇫🇷 (Audio)
   🚫 RESOLVER BLOCKING non-English audio: The Beauty [S01E01-E03] [MULTi] [2160p] [DSNP] [WEB-DL] [DV] [HDR] [H265] [DDP5.1-K83] [Lektor PL i Napisy PL]
The.Beauty.S01E01.MULTi.2160p.DSNP.WEB-DL.DV.HDR.H265.DDP5.1-K83.mkv
👤 3 💾 4.63 GB ⚙️ BestTorrents
Multi Audio / 🇬🇧 / 🇵🇱 (Audio)
   🚫 RESOLVER BLOCKING non-English audio: The Beauty [S01E01-E03] [MULTi] [1080p] [DSNP] [WEB-DL] [H264] [DDP5.1-K83] [Lektor PL i Napisy PL]
The.Beauty.S01E01.MULTi.1080p.DSNP.WEB-DL.H264.DDP5.1-K83.mkv
👤 3 💾 1.72 GB ⚙️ BestTorrents
Multi Audio / 🇬🇧 / 🇵🇱 (Audio)
   🚫 RESOLVER BLOCKING non-English audio: The Beauty [S01E01-E03] [MULTi] [720p] [DSNP] [WEB-DL] [H264] [DDP5.1-K83] [Lektor PL i Napisy PL]
The.Beauty.S01E01.MULTi.720p.DSNP.WEB-DL.H264.DDP5.1-K83.mkv
👤 2 💾 931.86 MB ⚙️ BestTorrents
Multi Audio / 🇬🇧 / 🇵🇱 (Audio)
   🚫 RESOLVER BLOCKING non-English audio: The Beauty S01E01 VOSTFR HDTV 2026
👤 145 💾 272.93 MB ⚙️ Torrent9
🇫🇷 (Audio)
   🎵 RESOLVER FILTERED audio language: 73 → 65 streams
   📺 Episode filter: 65 → 59 streams
🔍 Searching SubDL: tt33517752 (tv) S01E01
   ℹ️ Fallback Name: The Beauty (2025)
⏰ AppState: Next schedule update set for Event End: 2026-01-27 23:02:34 +0000
⏰ AppState: Scheduling update in 5949 seconds
✅ Found 3 subtitles from SubDL (Primary)
   ⛔️ Dropped '[𝐂𝐨𝐟𝐟𝐞𝐞𝐏𝐫𝐢𝐬𝐨𝐧] 𝐓𝐇𝐄 𝐁𝐄𝐀𝐔𝐓𝐘 𝐒𝟎𝟏𝐄𝟎𝟐 𝐃𝐒𝐍𝐏 𝐖𝐄𝐁': Metadata mismatch (S1E2)
   ⛔️ Dropped '[𝐂𝐨𝐟𝐟𝐞𝐞𝐏𝐫𝐢𝐬𝐨𝐧] 𝐓𝐇𝐄 𝐁𝐄𝐀𝐔𝐓𝐘 𝐒𝟎𝟏𝐄𝟎𝟑 𝐃𝐒𝐍𝐏 𝐖𝐄𝐁': Metadata mismatch (S1E3)
⚠️ Low subtitle count (1). Attempting supplemental Name Search for 'The Beauty'...
🔍 Attempting API Name Search: The Beauty 2025
⚠️ Supplemental Name Search returned no match.
✅ StreamResolver: Processed subtitles for 59 streams (Attached to 59)
👑 Auto-promoting season pack: Красота / The Beauty / Сезон: 1 / Серии: 1-3 из 11 [2026 WEB-DLRip] MVO (HDrezka Studio) + Original
The.Beauty.S01.E01.Rus.Eng.RG.Anonymous.avi
👤 75 💾 641.32 MB ⚙️ Rutracker
🇬🇧 / 🇷🇺
   --- Processing Bucket: 2160p (Input: 4) ---
   ✅ Bucket 2160p Final Count: 4
   --- Processing Bucket: 1080p (Input: 33) ---
   ✅ Bucket 1080p Final Count: 33
   --- Processing Bucket: 720p (Input: 15) ---
   ✅ Bucket 720p Final Count: 15
   --- Processing Bucket: 480p (Input: 7) ---
   ✅ Bucket 480p Final Count: 7
📦 2160p Primary: The Beauty S01E01 Beautiful Pilot 2160p DSNP WEB-DL DDP5 1 DV H 265-FLUX
👤 5 💾 5.1 GB ⚙️ ThePirateBay
📦 1080p Primary: The Beauty S01E01 Beautiful Pilot 1080p DSNP WEB-DL DDP5 1 H 264-FLUX[EZTVx.to].mkv
/The Beauty S01E01 Beautiful Pilot 1080p DSNP WEB-DL DDP5 1 H 264-FLUX[EZTVx.to].mkv
💾 1.64 GB
📦 720p Primary: The Beauty S01E01 Beautiful Pilot 720p DSNP WEB-DL DDP5 1 H 264-FLUX
👤 110 💾 850.42 MB ⚙️ EZTV
✅ StreamResolver: Quality buckets ready
   ➕ Added 11 720p streams as backup
   ➕ Added 7 480p streams as backup
[2026-01-27T21:23:26Z] [INFO] [StreamService.swift:406] 📦 StreamService: Found 29 total streams to try (across all qualities)
✅ StreamService: Found 27 H.264 streams (Tier 1)
✅ StreamService: Found 24 'Clean' English streams. Deprioritizing 3 localized/dual streams.
📦 StreamService: 24 streams remain after size filter
🔄 StreamService: Trying stream 1/24: The Beauty S01E01 Beautiful Pilot 1080p DSNP WEB-DL DDP5 1 H 264-FLUX[EZTVx.to].mkv
/The Beauty S01E01 Beautiful Pilot 1080p DSNP WEB-DL DDP5 1 H 264-FLUX[EZTVx.to].mkv
💾 1.64 GB
🔍 StreamService: Resolving redirect URL: https://68d69db7dc40-debrid-search.baby-beamup.club/resolve/RealDebrid/K67JV2V4FTUA7RYN6T34BFIUBRUZERBO45A6UL3O7TE5ZHFDQQSA/NUYT7SYYBWPAY/https%3A%2F%2Freal-debrid.com%2Fd%2F2SF35E7WSIIQ2B09
✅ StreamService: Resolved to: https://chi3-4.download.real-debrid.com/d/J6N4F5E676LA241/The%20Beauty%20S01E01%20Beautiful%20Pilot%201080p%20DSNP%20WEB-DL%20DDP5%201%20H%20264-FLUX%5BEZTVx.to%5D.mkv
⚡️ StreamService: Stream is already a direct URL. Skipping backend unlock.
✅ StreamService: Selected stream: The Beauty S01E01 Beautiful Pilot 1080p DSNP WEB-DL DDP5 1 H 264-FLUX[EZTVx.to].mkv
/The Beauty S01E01 Beautiful Pilot 1080p DSNP WEB-DL DDP5 1 H 264-FLUX[EZTVx.to].mkv
💾 1.64 GB
📊 Stream Size: 1.64 GB
📦 StreamService: Appending 5 fallback streams (alternate codecs)
📦 StreamService: Returning 28 candidate streams for fallback
🔄 Lobby: Fetching fresh room state from Supabase...
✅ Lobby: Synced CLEAN stream info, metadata & playlist to AppState
🛑 LobbyPresence: Polling stopped
🛑 LobbyDatabase: Polling stopped
🛑 Lobby: Polling stopped (chat via Realtime only)
🚦 Lobby State: closed
✅ Cache HIT: Metadata[meta_series_tt33517752]
🎬 Lobby: Starting movie - skipping disconnect to preserve connection and presence
🧹 Cleaning up Realtime channel for room: FUGM
🔄 Untracking presence on realtime:watch-party:FUGM...
✅ Presence untracked
🔄 Leaving channel realtime:watch-party:FUGM...
📡 Left channel: realtime:watch-party:FUGM
✅ Channel left
[2026-01-27T21:23:32Z] [INFO] [StreamService.swift:195] 🧠 StreamService: Cache HIT for The Beauty (1080p). Skipping redundant resolution.
!!! MPVWrapper initialized - Build Version: 2026-01-19-GUEST-CACHE-BYPASS-v1 !!!
📨 Unknown event: phx_close on realtime:watch-party:FUGM
ℹ️ Keeping WebSocket connected (disconnectClient=false)
📡 Connection state: disconnected
✅ Realtime channel cleanup complete
🔌 Setting up Realtime channel: watch-party:FUGM
   Role: Guest
   User ID: 4AEF4E1B-BA8E-4D31-8736-BCA3B94F402B
📡 Connection state: connected
📡 Connection state: connecting
[ INFO ] GET /subtitles/subdl/L3N1YnRpdGxlLzM1NDQ4ODAtODQ2Njk4OC56aXA= [request-id: AD7D44F0-C9BA-4777-A585-5D1843EE17FC]
2026-01-27 16:23:32.854 RedLemon[39725:223373] [VIDEO_READY] isEvent: false, eventStartTime: nil
2026-01-27 16:23:32.859 RedLemon[39725:223498] 📝 Realtime: Registered observer 'player' (Presence: NO, Sync: YES, Status: NO)
2026-01-27 16:23:32.863 RedLemon[39725:223498] 📝 [PLAYER] Playback State Changed ["state": "Playing"]
2026-01-27 16:23:32.951 RedLemon[39725:223440] 📝 [PLAYER] Load Video (Smart) ["url": "https://chi3-4.download.real-debrid.com/d/J6N4F5E676LA241/The%20Beauty%20S01E01%20Beautiful%20Pilot%201080p%20DSNP%20WEB-DL%20DDP5%201%20H%20264-FLUX%5BEZTVx.to%5D.mkv"]
2026-01-27 16:23:33.211 RedLemon[39725:223373] 🎬 Guest: Countdown finished. Waiting for Host PLAYBACK_STARTED signal...
2026-01-27 16:23:33.280 RedLemon[39725:223440] 📝 [PLAYER] Playback State Changed ["state": "Paused"]
2026-01-27 16:23:33.305 RedLemon[39725:223497] 📝 [PLAYER] Buffering Started
2026-01-27 16:23:34.439 RedLemon[39725:223497] 📨 Realtime: Received broadcast message
2026-01-27 16:23:34.439 RedLemon[39725:223497]    Payload keys: isPlaying, senderId, timestamp, position, type
2026-01-27 16:23:34.439 RedLemon[39725:223497] ✅ Realtime: Decoded message type: playbackState, sender: 96E01CDB-36C0-4228-A6E4-A29A3C66BC8E
2026-01-27 16:23:35.010 RedLemon[39725:223806] 📨 Realtime: Received broadcast message
2026-01-27 16:23:35.010 RedLemon[39725:223806]    Payload keys: timestamp, type, position, senderId, isPlaying
2026-01-27 16:23:35.011 RedLemon[39725:223806] ✅ Realtime: Decoded message type: ready, sender: 96e01cdb-36c0-4228-a6e4-a29a3c66bc8e
2026-01-27 16:23:35.632 RedLemon[39725:223440] 📝 [PLAYER] File Loaded ["duration": "2687.435"]
2026-01-27 16:23:36.040 RedLemon[39725:223373] [VIDEO_READY] isEvent: false, eventStartTime: nil
2026-01-27 16:23:36.095 RedLemon[39725:223496] 📝 [PLAYER] Playback State Changed ["state": "Playing"]
2026-01-27 16:23:36.140 RedLemon[39725:223806] 📝 [PLAYER] Buffering State ["buffering": "true"]
2026-01-27 16:23:36.153 RedLemon[39725:223497] 📝 [PLAYER] Buffering Started
2026-01-27 16:23:36.431 RedLemon[39725:223440] 📨 Realtime: Received broadcast message
2026-01-27 16:23:36.431 RedLemon[39725:223440]    Payload keys: position, type, isPlaying, timestamp, senderId
2026-01-27 16:23:36.431 RedLemon[39725:223440] ✅ Realtime: Decoded message type: playbackState, sender: 96E01CDB-36C0-4228-A6E4-A29A3C66BC8E
2026-01-27 16:23:37.003 RedLemon[39725:223441] 📨 Realtime: Received broadcast message
2026-01-27 16:23:37.003 RedLemon[39725:223441]    Payload keys: type, isPlaying, timestamp, position, senderId
2026-01-27 16:23:37.003 RedLemon[39725:223441] ✅ Realtime: Decoded message type: ready, sender: 96e01cdb-36c0-4228-a6e4-a29a3c66bc8e
2026-01-27 16:23:37.566 RedLemon[39725:223440] 📝 [PLAYER] Buffering State ["buffering": "false"]
2026-01-27 16:23:38.164 RedLemon[39725:223498] 📤 Realtime: Sending message type: ready, sender: 4aef4e1b-ba8e-4d31-8736-bca3b94f402b
2026-01-27 16:23:38.164 RedLemon[39725:223498]    Payload keys: senderId, timestamp, position, type, isPlaying
2026-01-27 16:23:38.165 RedLemon[39725:223498] ✅ Realtime: Message broadcast complete
2026-01-27 16:23:38.178 RedLemon[39725:223498] 📝 [PLAYER] Playback State Changed ["state": "Paused"]
2026-01-27 16:23:38.324 RedLemon[39725:223806] 📨 Realtime: Received broadcast message
2026-01-27 16:23:38.324 RedLemon[39725:223806]    Payload keys: timestamp, type, senderId, position, isPlaying
2026-01-27 16:23:38.325 RedLemon[39725:223806] ✅ Realtime: Decoded message type: ready, sender: 4aef4e1b-ba8e-4d31-8736-bca3b94f402b
2026-01-27 16:23:38.433 RedLemon[39725:223441] 📨 Realtime: Received broadcast message
2026-01-27 16:23:38.433 RedLemon[39725:223441]    Payload keys: timestamp, type, senderId, position, isPlaying
2026-01-27 16:23:38.434 RedLemon[39725:223441] ✅ Realtime: Decoded message type: playbackState, sender: 96E01CDB-36C0-4228-A6E4-A29A3C66BC8E
2026-01-27 16:23:38.999 RedLemon[39725:223497] 📨 Realtime: Received broadcast message
2026-01-27 16:23:38.999 RedLemon[39725:223497]    Payload keys: position, isPlaying, timestamp, senderId, type
2026-01-27 16:23:39.000 RedLemon[39725:223497] ✅ Realtime: Decoded message type: ready, sender: 96e01cdb-36c0-4228-a6e4-a29a3c66bc8e
2026-01-27 16:23:39.540 RedLemon[39725:223498] 📨 Realtime: Received broadcast message
2026-01-27 16:23:39.540 RedLemon[39725:223498]    Payload keys: isPlaying, timestamp, type, position, senderId
2026-01-27 16:23:39.541 RedLemon[39725:223498] ✅ Realtime: Decoded message type: play, sender: 96e01cdb-36c0-4228-a6e4-a29a3c66bc8e
2026-01-27 16:23:39.608 RedLemon[39725:223496] 📝 [PLAYER] Playback State Changed ["state": "Playing"]
2026-01-27 16:23:40.313 RedLemon[39725:223498] 📨 Realtime: Received broadcast message
2026-01-27 16:23:40.313 RedLemon[39725:223498]    Payload keys: isPlaying, position, timestamp, senderId, type
2026-01-27 16:23:40.315 RedLemon[39725:223498] ✅ Realtime: Decoded message type: play, sender: 96e01cdb-36c0-4228-a6e4-a29a3c66bc8e
2026-01-27 16:23:40.580 RedLemon[39725:223497] 📨 Realtime: Received broadcast message
2026-01-27 16:23:40.580 RedLemon[39725:223497]    Payload keys: type, timestamp, senderId, isPlaying, position
2026-01-27 16:23:40.580 RedLemon[39725:223497] ✅ Realtime: Decoded message type: playbackState, sender: 96E01CDB-36C0-4228-A6E4-A29A3C66BC8E
2026-01-27 16:23:42.510 RedLemon[39725:223441] 📨 Realtime: Received broadcast message
2026-01-27 16:23:42.510 RedLemon[39725:223441]    Payload keys: timestamp, position, type, isPlaying, senderId
2026-01-27 16:23:42.510 RedLemon[39725:223441] ✅ Realtime: Decoded message type: playbackState, sender: 96E01CDB-36C0-4228-A6E4-A29A3C66BC8E
2026-01-27 16:23:42.904 RedLemon[39725:223441] 🔐 SupabaseClient: Signing Identity Payload: '17695490224aef4e1b-ba8e-4d31-8736-bca3b94f402b/rpc/room_heartbeat'
2026-01-27 16:23:42.904 RedLemon[39725:223441] 🔐 Signed request to /rpc/room_heartbeat
2026-01-27 16:23:44.458 RedLemon[39725:223440] 📨 Realtime: Received broadcast message
2026-01-27 16:23:44.458 RedLemon[39725:223440]    Payload keys: type, timestamp, isPlaying, position, senderId
2026-01-27 16:23:44.459 RedLemon[39725:223440] ✅ Realtime: Decoded message type: playbackState, sender: 96E01CDB-36C0-4228-A6E4-A29A3C66BC8E
2026-01-27 16:23:46.486 RedLemon[39725:223496] 📨 Realtime: Received broadcast message
2026-01-27 16:23:46.486 RedLemon[39725:223496]    Payload keys: isPlaying, position, type, senderId, timestamp
2026-01-27 16:23:46.487 RedLemon[39725:223496] ✅ Realtime: Decoded message type: playbackState, sender: 96E01CDB-36C0-4228-A6E4-A29A3C66BC8E
2026-01-27 16:23:48.485 RedLemon[39725:223440] 📨 Realtime: Received broadcast message
2026-01-27 16:23:48.485 RedLemon[39725:223440]    Payload keys: position, timestamp, isPlaying, type, senderId
2026-01-27 16:23:48.486 RedLemon[39725:223440] ✅ Realtime: Decoded message type: playbackState, sender: 96E01CDB-36C0-4228-A6E4-A29A3C66BC8E
2026-01-27 16:23:50.570 RedLemon[39725:223496] 📨 Realtime: Received broadcast message
2026-01-27 16:23:50.570 RedLemon[39725:223496]    Payload keys: isPlaying, type, timestamp, position, senderId
2026-01-27 16:23:50.570 RedLemon[39725:223496] ✅ Realtime: Decoded message type: playbackState, sender: 96E01CDB-36C0-4228-A6E4-A29A3C66BC8E
2026-01-27 16:23:52.027 RedLemon[39725:223440] 🔐 Signed request to /rpc/user_heartbeat
2026-01-27 16:23:52.443 RedLemon[39725:223498] 📨 Realtime: Received broadcast message
2026-01-27 16:23:52.443 RedLemon[39725:223498]    Payload keys: position, senderId, timestamp, type, isPlaying
2026-01-27 16:23:52.444 RedLemon[39725:223498] ✅ Realtime: Decoded message type: playbackState, sender: 96E01CDB-36C0-4228-A6E4-A29A3C66BC8E
2026-01-27 16:23:54.483 RedLemon[39725:223440] 📨 Realtime: Received broadcast message
2026-01-27 16:23:54.483 RedLemon[39725:223440]    Payload keys: senderId, isPlaying, type, position, timestamp
2026-01-27 16:23:54.483 RedLemon[39725:223440] ✅ Realtime: Decoded message type: playbackState, sender: 96E01CDB-36C0-4228-A6E4-A29A3C66BC8E
2026-01-27 16:23:56.457 RedLemon[39725:223983] 📨 Realtime: Received broadcast message
2026-01-27 16:23:56.458 RedLemon[39725:223983]    Payload keys: isPlaying, timestamp, type, position, senderId
2026-01-27 16:23:56.459 RedLemon[39725:223983] ✅ Realtime: Decoded message type: playbackState, sender: 96E01CDB-36C0-4228-A6E4-A29A3C66BC8E
2026-01-27 16:23:58.452 RedLemon[39725:223736] 📨 Realtime: Received broadcast message
2026-01-27 16:23:58.452 RedLemon[39725:223736]    Payload keys: isPlaying, timestamp, senderId, type, position
2026-01-27 16:23:58.453 RedLemon[39725:223736] ✅ Realtime: Decoded message type: playbackState, sender: 96E01CDB-36C0-4228-A6E4-A29A3C66BC8E
2026-01-27 16:24:00.496 RedLemon[39725:223983] 📨 Realtime: Received broadcast message
2026-01-27 16:24:00.496 RedLemon[39725:223983]    Payload keys: timestamp, isPlaying, position, type, senderId
2026-01-27 16:24:00.497 RedLemon[39725:223983] ✅ Realtime: Decoded message type: playbackState, sender: 96E01CDB-36C0-4228-A6E4-A29A3C66BC8E
2026-01-27 16:24:02.340 RedLemon[39725:223983] 📨 Realtime: Received broadcast message
2026-01-27 16:24:02.340 RedLemon[39725:223983]    Payload keys: timestamp, type, isPlaying, position, senderId
2026-01-27 16:24:02.341 RedLemon[39725:223983] ✅ Realtime: Decoded message type: seek, sender: 96e01cdb-36c0-4228-a6e4-a29a3c66bc8e
2026-01-27 16:24:02.397 RedLemon[39725:223983] 📨 Realtime: Received broadcast message
2026-01-27 16:24:02.397 RedLemon[39725:223983]    Payload keys: position, senderId, timestamp, isPlaying, type
2026-01-27 16:24:02.398 RedLemon[39725:223983] ✅ Realtime: Decoded message type: playbackState, sender: 96E01CDB-36C0-4228-A6E4-A29A3C66BC8E
2026-01-27 16:24:04.580 RedLemon[39725:223441] 📨 Realtime: Received broadcast message
2026-01-27 16:24:04.580 RedLemon[39725:223441]    Payload keys: timestamp, type, senderId, position, isPlaying
2026-01-27 16:24:04.581 RedLemon[39725:223441] ✅ Realtime: Decoded message type: playbackState, sender: 96E01CDB-36C0-4228-A6E4-A29A3C66BC8E
2026-01-27 16:24:06.156 RedLemon[39725:223497] 🔐 Signed request to /rpc/upsert_watch_history_item
2026-01-27 16:24:06.492 RedLemon[39725:223983] 📨 Realtime: Received broadcast message
2026-01-27 16:24:06.493 RedLemon[39725:223983]    Payload keys: position, senderId, timestamp, isPlaying, type
2026-01-27 16:24:06.493 RedLemon[39725:223983] ✅ Realtime: Decoded message type: playbackState, sender: 96E01CDB-36C0-4228-A6E4-A29A3C66BC8E
2026-01-27 16:24:08.520 RedLemon[39725:223984] 📨 Realtime: Received broadcast message
2026-01-27 16:24:08.520 RedLemon[39725:223984]    Payload keys: senderId, position, isPlaying, type, timestamp
2026-01-27 16:24:08.521 RedLemon[39725:223984] ✅ Realtime: Decoded message type: playbackState, sender: 96E01CDB-36C0-4228-A6E4-A29A3C66BC8E
2026-01-27 16:24:10.465 RedLemon[39725:223736] 📨 Realtime: Received broadcast message
2026-01-27 16:24:10.465 RedLemon[39725:223736]    Payload keys: type, isPlaying, senderId, position, timestamp
2026-01-27 16:24:10.466 RedLemon[39725:223736] ✅ Realtime: Decoded message type: playbackState, sender: 96E01CDB-36C0-4228-A6E4-A29A3C66BC8E
2026-01-27 16:24:12.414 RedLemon[39725:223441] 📨 Realtime: Received broadcast message
2026-01-27 16:24:12.414 RedLemon[39725:223441]    Payload keys: timestamp, isPlaying, senderId, position, type
2026-01-27 16:24:12.414 RedLemon[39725:223441] ✅ Realtime: Decoded message type: playbackState, sender: 96E01CDB-36C0-4228-A6E4-A29A3C66BC8E
2026-01-27 16:24:13.147 RedLemon[39725:223984] 🔐 SupabaseClient: Signing Identity Payload: '17695490534aef4e1b-ba8e-4d31-8736-bca3b94f402b/rpc/room_heartbeat'
2026-01-27 16:24:13.148 RedLemon[39725:223984] 🔐 Signed request to /rpc/room_heartbeat
2026-01-27 16:24:14.396 RedLemon[39725:223441] 📨 Realtime: Received broadcast message
2026-01-27 16:24:14.396 RedLemon[39725:223441]    Payload keys: senderId, isPlaying, position, type, timestamp
2026-01-27 16:24:14.397 RedLemon[39725:223441] ✅ Realtime: Decoded message type: playbackState, sender: 96E01CDB-36C0-4228-A6E4-A29A3C66BC8E
2026-01-27 16:24:16.507 RedLemon[39725:223984] 📨 Realtime: Received broadcast message
2026-01-27 16:24:16.507 RedLemon[39725:223984]    Payload keys: isPlaying, timestamp, senderId, position, type
2026-01-27 16:24:16.507 RedLemon[39725:223984] ✅ Realtime: Decoded message type: playbackState, sender: 96E01CDB-36C0-4228-A6E4-A29A3C66BC8E
2026-01-27 16:24:17.351 RedLemon[39725:223498] 🔐 Signed request to /rpc/user_heartbeat
2026-01-27 16:24:18.404 RedLemon[39725:223497] 📨 Realtime: Received broadcast message
2026-01-27 16:24:18.404 RedLemon[39725:223497]    Payload keys: senderId, isPlaying, position, timestamp, type
2026-01-27 16:24:18.405 RedLemon[39725:223497] ✅ Realtime: Decoded message type: playbackState, sender: 96E01CDB-36C0-4228-A6E4-A29A3C66BC8E
2026-01-27 16:24:20.397 RedLemon[39725:223497] 📨 Realtime: Received broadcast message
2026-01-27 16:24:20.397 RedLemon[39725:223497]    Payload keys: timestamp, isPlaying, senderId, type, position
2026-01-27 16:24:20.397 RedLemon[39725:223497] ✅ Realtime: Decoded message type: playbackState, sender: 96E01CDB-36C0-4228-A6E4-A29A3C66BC8E
📡 Joined channel: realtime:watch-party:FUGM (interest count: 1)
📡 Connection state: connected
✅ Realtime channel setup complete
📄 Subtitle request: L3N1YnRpdGxlLzM1NDQ4... (offset: 0ms)
📥 Downloading subtitle from SubDL CDN: /subtitle/3544880-8466988.zip
✅ Download complete: 30875 bytes
📦 Detected ZIP archive, extracting...
🔍 Looking for S%02dE%02d in zip (%d files)... 1 1 2
✅ Found matching file in zip (Strategy 2 - Pattern s01e01): [CoffeePrison] THE BEAUTY S01E01 DSNP WEB ENG.srt
📦 Extracting specific file: \[CoffeePrison\] THE BEAUTY S01E01 DSNP WEB ENG.srt
✅ Extraction successful
✅ Cache HIT: Metadata[meta_series_tt33517752]
✅ Subtitle downloaded and converted to VTT
📡 SocialService: Updated status - online: The Beauty - S01E01: Beautiful Pilot
☠️ LobbyViewModel deinit
🧹 LobbyViewModel: Triggering detached cleanup task...
ℹ️ Already disconnected, skipping cleanup
♻️ RealtimeChannelManager deinitialized
⏰ AppState: Next schedule update set for Event End: 2026-01-27 23:02:34 +0000
⏰ AppState: Scheduling update in 5941 seconds
⏰ AppState: Next schedule update set for Event End: 2026-01-27 23:02:34 +0000
⏰ AppState: Scheduling update in 5938 seconds
⏰ AppState: Next schedule update set for Event End: 2026-01-27 23:02:34 +0000
⏰ AppState: Scheduling update in 5928 seconds
📡 [EventsConfig] Checking server for movie_events config version...
✅ [EventsConfig] Fetched movie_events version 1586 with 397 movies
⏰ AppState: Next schedule update set for Event End: 2026-01-27 23:02:34 +0000
⏰ AppState: Scheduling update in 5918 seconds
✅ [EventsConfig] Using cached movie_events config (version 1586, 397 movies)
⏰ AppState: Next schedule update set for Event End: 2026-01-27 23:02:34 +0000
⏰ AppState: Scheduling update in 5908 seconds
⏰ AppState: Next schedule update set for Event End: 2026-01-27 23:02:34 +0000
⏰ AppState: Scheduling update in 5898 seconds
