2026-01-27 16:20:02.299 RedLemon[40337:188172] 🪟 Set initial window to expanded size: (0.0, 121.0, 1280.0, 654.0)
2026-01-27 16:20:02.299 RedLemon[40337:188172] ✅ Cache cleanup timer started (runs every 30 minutes)
2026-01-27 16:20:02.377 RedLemon[40337:188172] 🔄 Resetting playback state to prevent auto-selection...
2026-01-27 16:20:02.380 RedLemon[40337:188172] ⚠️ PlayerVM: currentWatchPartyRoom set to NIL. Stack Trace unavailable, but check recent logs.
2026-01-27 16:20:02.407 RedLemon[40337:188172] ✅ Playback state reset complete - starting in browse view
2026-01-27 16:20:02.407 RedLemon[40337:188172] 🔐 APP STARTUP: Loading stored user credentials...
2026-01-27 16:20:02.407 RedLemon[40337:188172] 🧪 Testing Profile: debug
2026-01-27 16:20:02.409 RedLemon[40337:188181] 📂 Loaded 5 credential(s) from cache
2026-01-27 16:20:02.411 RedLemon[40337:188172] ✅ Keychain: Found stored username: lemontom
2026-01-27 16:20:02.411 RedLemon[40337:188172] 🔍 Supabase: Looking up user 'lemontom' in database...
2026-01-27 16:20:02.411 RedLemon[40337:188181] 🔍 SupabaseClient: Looking up user by username 'lemontom'
2026-01-27 16:20:03.068 RedLemon[40337:188179] 📡 SupabaseClient: User lookup response received (427 bytes)
2026-01-27 16:20:03.073 RedLemon[40337:188179] ✅ SupabaseClient: Decoded 1 users from response
2026-01-27 16:20:03.073 RedLemon[40337:188179] 👤 SupabaseClient: Found user - lemontom (ID: 96E01CDB-36C0-4228-A6E4-A29A3C66BC8E)
2026-01-27 16:20:03.131 RedLemon[40337:188172] ✅ AUTH SUCCESS: User authenticated - lemontom (ID: 96E01CDB-36C0-4228-A6E4-A29A3C66BC8E)
2026-01-27 16:20:03.132 RedLemon[40337:188172] 🎯 AppState: currentUsername=lemontom, currentUserId=96E01CDB-36C0-4228-A6E4-A29A3C66BC8E
2026-01-27 16:20:03.136 RedLemon[40337:188172] 🛡️ AdminRealtimeService: Starting authenticated listeners...
2026-01-27 16:20:03.138 RedLemon[40337:188172] ✅ AdminRealtimeService: Subscribed to reported_streams, feedback_reports, and broadcast alerts via shared client
2026-01-27 16:20:03.556 RedLemon[40337:188172] 📊 AdminRealtimeService: Initial sync complete. Reports: 0, Feedback: 0
2026-01-27 16:20:04.502 RedLemon[40337:188172] 🏁 AUTH COMPLETE: Final state - username=lemontom, userId=96E01CDB-36C0-4228-A6E4-A29A3C66BC8E
2026-01-27 16:20:04.505 RedLemon[40337:188181] 🔐 Signed request to /rpc/fetch_user_library
2026-01-27 16:20:04.505 RedLemon[40337:188179] 🔐 Signed request to /rpc/fetch_user_library
2026-01-27 16:20:04.715 RedLemon[40337:188180] 🔐 Signed request to /rpc/fetch_user_watch_history
2026-01-27 16:20:05.099 RedLemon[40337:188172] 🚀 RedLemon: Starting HTTP server...
2026-01-27 16:20:05.099 RedLemon[40337:188172] 📋 RedLemon: Current directory: /Users/danielnoble/Desktop/RedLemon-Native
2026-01-27 16:20:05.113 RedLemon[40337:188172] ✅ RedLemon: HTTPServer instance created
2026-01-27 16:20:05.113 RedLemon[40337:188172] ✅ RedLemon: Server marked as ready (Optimistic)
2026-01-27 16:20:05.114 RedLemon[40337:188179] 📡 RedLemon: Server starting on port 47253...
⏲️ [EventsConfig] Starting polling fallback (every 60s)
🔌 Connecting to Supabase Realtime: wss://151.243.109.243.nip.io/realtime/v1/websocket
✅ Connected to Supabase Realtime
📡 Sparkle requesting feed URL: https://151.243.109.243.nip.io/updates/appcast.xml
✅ Sparkle configured (seamless mode)
   Appcast URL: https://151.243.109.243.nip.io/updates/appcast.xml
   Can check: true
📅 EventsView appeared
🎬 [EventsView] Fetching movie events from centralized config...
📡 [EventsConfig] Checking server for movie_events config version...
🔍 Silent update check (custom implementation)...
🔍 Memory pressure monitoring enabled (safe mode)
🖥️ CacheManager initialized with fixed conservative limits
   Image cache limit: 30 items
📡 Sparkle requesting feed URL: https://151.243.109.243.nip.io/updates/appcast.xml
📡 Joined channel: realtime:events_config_updates (interest count: 1)
✅ [EventsConfig] Subscribed to realtime schedule updates
📡 Joined channel: realtime:reported_streams (interest count: 1)
📡 Joined channel: realtime:feedback_reports (interest count: 1)
📡 Joined channel: realtime:admin:alerts (interest count: 1)
❌ Realtime System Error (realtime:feedback_reports): Unable to subscribe to changes with given parameters. Please check Realtime is enabled for the given connect parameters: [schema: public, table: feedback_reports, filters: []]
❌ Realtime System Error (realtime:reported_streams): Unable to subscribe to changes with given parameters. Please check Realtime is enabled for the given connect parameters: [schema: public, table: reported_streams, filters: []]
✅ [EventsConfig] Fetched movie_events version 1586 with 397 movies
✅ [EventsConfig] Using cached movie_events config (version 1586, 397 movies)
✅ [EventsView] Loaded 397 movies from config version 1586
🗓 AppState: Updated schedule epoch to 2026-01-23 22:49:34 +0000
⏰ AppState: Next schedule update set for Event End: 2026-01-27 23:02:34 +0000
⏰ AppState: Scheduling update in 6151 seconds
⏰ AppState: Next schedule update set for Event End: 2026-01-27 23:02:34 +0000
⏰ AppState: Scheduling update in 6151 seconds
🖼️ [CACHE] Cached image data for key: https://images.metahub.space/background/medium/tt0395699/img (654929 bytes)
🖼️ [CACHE] Cached image data for key: https://images.metahub.space/background/medium/tt12593682/img (416335 bytes)
⏰ AppState: Next schedule update set for Event End: 2026-01-27 23:02:34 +0000
⏰ AppState: Scheduling update in 6150 seconds
🔌 SocialService: Connecting to global presence via shared client...
📡 Joined channel: realtime:global-presence (interest count: 1)
✅ SocialService: Connected to global presence
🔌 SocialService: Connecting to social realtime channels via shared client...
📡 Joined channel: realtime:direct_messages (interest count: 1)
📡 Joined channel: realtime:friendships (interest count: 1)
✅ SocialService: Connected to social channels
📬 SocialService: Fetched 0 unread messages
📈 SocialService: User 96e01cdb-36c0-4228-a6e4-a29a3c66bc8e came online
✅ Token routes registered:
   POST /tokens/save
   POST /tokens/delete
   GET  /tokens/list
✅ Unlock routes registered:
   POST /api/streams/unlock
✅ Stream routes registered:
   POST /api/streams/resolve
   GET  /api/streams/resolveByQuality
   GET  /api/streams/resolveAll
✅ Proxy routes registered:
   GET /play/rd/:infoHash/:fileIdx
   GET /play/rd/:infoHash
✅ Subtitle routes registered:
   GET /subtitles/search?imdbId=&type=
   GET /subtitles/subdl/:encodedPath
✅ All routes registered
✅ HTTP Server configured on http://127.0.0.1:47253
🚀 Starting HTTP server...
✅ Providers initialized: torrentio, comet, zilean, mediafusion, debridsearch
[ NOTICE ] Server started on http://127.0.0.1:47253
2026-01-27 16:20:05.152 RedLemon[40337:188172] ✅ RedLemon: Server should be running on http://127.0.0.1:47253
2026-01-27 16:20:05.152 RedLemon[40337:188172] 🏥 [AppState] Starting global provider health check...
2026-01-27 16:20:05.152 RedLemon[40337:188172] 🔍 Performing startup checks...
2026-01-27 16:20:05.152 RedLemon[40337:188172] ✅ Username-based authentication ready
2026-01-27 16:20:05.152 RedLemon[40337:188179] 🔐 Signed request to /check-payment
2026-01-27 16:20:05.699 RedLemon[40337:188179] 🎬 Torrentio: Building URL for movie (no season/episode)
2026-01-27 16:20:05.699 RedLemon[40337:188179] 🔗 Torrentio URL (length: 55): https://torrentio.strem.fun/stream/movie/tt0133093.json...
2026-01-27 16:20:06.597 RedLemon[40337:188172] ✅ [AppState] Provider health check complete (found 7 services)
2026-01-27 16:20:09.752 RedLemon[40337:188179] 🔐 Signed request to /rpc/user_heartbeat
2026-01-27 16:20:13.823 RedLemon[40337:188172] 🔄 Checking for app updates...
2026-01-27 16:20:13.824 RedLemon[40337:188181] 🔐 Signed request to /rpc/get_server_time
2026-01-27 16:20:37.233 RedLemon[40337:188522] 🔐 Signed request to /rpc/user_heartbeat
2026-01-27 16:21:02.564 RedLemon[40337:188684] 🔐 Signed request to /rpc/user_heartbeat
2026-01-27 16:21:28.212 RedLemon[40337:188861] 🔐 Signed request to /rpc/user_heartbeat
2026-01-27 16:21:53.647 RedLemon[40337:191399] 🔐 Signed request to /rpc/user_heartbeat
✅ HTTP server running on http://127.0.0.1:47253

🔗 Available endpoints:
   http://127.0.0.1:47253/health
   http://127.0.0.1:47253/status
   http://127.0.0.1:47253/api/health

💰 LicenseManager: Starting hybrid license check...
✅ SubDLClient initialized
👤 LicenseManager: Profile expiry: Optional(2026-04-18 17:23:32 +0000)
🎉 License updated! Expires: 2026-04-18 17:23:32 +0000
🔍 Silent update check (custom implementation)...
⏰ TimeService: Synchronizing clock with server...
⏰ AppState: Next schedule update set for Event End: 2026-01-27 23:02:34 +0000
⏰ AppState: Scheduling update in 6141 seconds
✅ TimeService: Synced! Offset: 0.054s (RTT: 201ms)
   Local:  2026-01-27 21:20:14 +0000
   Server: 2026-01-27 21:20:14 +0000
⏰ Time synced with server! AppState should automatically recalculate.
⏰ AppState: Next schedule update set for Event End: 2026-01-27 23:02:34 +0000
⏰ AppState: Scheduling update in 6131 seconds
⏰ AppState: Next schedule update set for Event End: 2026-01-27 23:02:34 +0000
⏰ AppState: Scheduling update in 6121 seconds
⏰ AppState: Next schedule update set for Event End: 2026-01-27 23:02:34 +0000
⏰ AppState: Scheduling update in 6111 seconds
⏰ AppState: Next schedule update set for Event End: 2026-01-27 23:02:34 +0000
⏰ AppState: Scheduling update in 6101 seconds
📡 [EventsConfig] Checking server for movie_events config version...
✅ [EventsConfig] Fetched movie_events version 1586 with 397 movies
✅ [EventsConfig] Using cached movie_events config (version 1586, 397 movies)
⏰ AppState: Next schedule update set for Event End: 2026-01-27 23:02:34 +0000
⏰ AppState: Scheduling update in 6091 seconds
⏰ AppState: Next schedule update set for Event End: 2026-01-27 23:02:34 +0000
⏰ AppState: Scheduling update in 6081 seconds
⏰ AppState: Next schedule update set for Event End: 2026-01-27 23:02:34 +0000
⏰ AppState: Scheduling update in 6071 seconds
⏰ AppState: Next schedule update set for Event End: 2026-01-27 23:02:34 +0000
⏰ AppState: Scheduling update in 6061 seconds
⏰ AppState: Next schedule update set for Event End: 2026-01-27 23:02:34 +0000
⏰ AppState: Scheduling update in 6051 seconds
⏰ AppState: Next schedule update set for Event End: 2026-01-27 23:02:34 +0000
⏰ AppState: Scheduling update in 6041 seconds
📡 [EventsConfig] Checking server for movie_events config version...
✅ [EventsConfig] Fetched movie_events version 1586 with 397 movies
✅ [EventsConfig] Using cached movie_events config (version 1586, 397 movies)
⏰ AppState: Next schedule update set for Event End: 2026-01-27 23:02:34 +0000
⏰ AppState: Scheduling update in 6031 seconds
⏰ AppState: Next schedule update set for Event End: 2026-01-27 23:02:34 +0000
⏰ AppState: Scheduling update in 6021 seconds
🖼️ [CACHE] Cached image data for key: https://images.metahub.space/poster/small/tt1591095/img (21702 bytes)
🖼️ [CACHE] Cached image data for key: https://images.metahub.space/poster/small/tt5052448/img (17760 bytes)
🖼️ [CACHE] Cached image data for key: https://m.media-amazon.com/images/M/MV5BYzI2ZmU3MWMtZmRlMi00ZmVlLTkwMDMtZmI1YTg4YzcwMDE0XkEyXkFqcGc@._V1_SX250.jpg (19965 bytes)
🖼️ [CACHE] Cached image data for key: https://images.metahub.space/poster/small/tt10545296/img (27790 bytes)
🖼️ [CACHE] Cached image data for key: https://images.metahub.space/poster/small/tt1104001/img (11618 bytes)
🖼️ [CACHE] Cached image data for key: https://images.metahub.space/poster/small/tt0452608/img (39129 bytes)
🖼️ [CACHE] Cached image data for key: https://images.metahub.space/poster/small/tt0114369/img (23575 bytes)
📡 SocialService: Updated status - Browsing: 
🖼️ [CACHE] Cached image data for key: https://images.metahub.space/poster/small/tt1323594/img (25230 bytes)
🖼️ [CACHE] Cached image data for key: https://images.metahub.space/poster/small/tt12300742/img (13162 bytes)
🖼️ [CACHE] Cached image data for key: https://images.metahub.space/poster/small/tt0198781/img (27018 bytes)
🖼️ [CACHE] Cached image data for key: https://images.metahub.space/poster/small/tt0384537/img (16510 bytes)
🖼️ [CACHE] Cached image data for key: https://images.metahub.space/poster/small/tt26581740/img (17276 bytes)
[ INFO ] GET /api/metadata/catalog/movie/popular [request-id: E3CF02C0-B6AC-4CBF-9C7F-4C45B237E974]
🔍 [Server] Proxying catalog request to: https://v3-cinemeta.strem.io/catalog/movie/popular.json
🖼️ [CACHE] Cached image data for key: https://images.metahub.space/poster/small/tt13186306/img (30978 bytes)
🖼️ [CACHE] Cached image data for key: https://images.metahub.space/poster/small/tt29268110/img (20494 bytes)
🖼️ [CACHE] Cached image data for key: https://images.metahub.space/poster/small/tt3065204/img (21249 bytes)
🖼️ [CACHE] Cached image data for key: https://images.metahub.space/poster/small/tt1228705/img (31722 bytes)
🖼️ [CACHE] Cached image data for key: https://images.metahub.space/poster/small/tt10954984/img (21420 bytes)
🖼️ [CACHE] Cached image data for key: https://images.metahub.space/poster/small/tt1293847/img (33583 bytes)
🖼️ [CACHE] Cached image data for key: https://images.metahub.space/poster/small/tt29268110/img (20494 bytes)
🖼️ [CACHE] Cached image data for key: https://images.metahub.space/poster/small/tt1104001/img (11618 bytes)
🖼️ [CACHE] Cached image data for key: https://images.metahub.space/poster/small/tt0384537/img (16510 bytes)
🖼️ [CACHE] Cached image data for key: https://images.metahub.space/poster/small/tt10545296/img (27790 bytes)
🖼️ [CACHE] Cached image data for key: https://images.metahub.space/poster/small/tt3065204/img (21249 bytes)
🖼️ [CACHE] Cached image data for key: https://images.metahub.space/poster/small/tt13186306/img (30978 bytes)
🖼️ [CACHE] Cached image data for key: https://images.metahub.space/poster/small/tt0198781/img (27018 bytes)
🖼️ [CACHE] Cached image data for key: https://images.metahub.space/poster/small/tt1323594/img (25230 bytes)
🖼️ [CACHE] Cached image data for key: https://images.metahub.space/poster/small/tt26581740/img (17276 bytes)
🖼️ [CACHE] Cached image data for key: https://images.metahub.space/poster/small/tt0114369/img (23575 bytes)
🖼️ [CACHE] Cached image data for key: https://images.metahub.space/poster/small/tt1228705/img (31722 bytes)
🖼️ [CACHE] Cached image data for key: https://images.metahub.space/poster/small/tt12300742/img (13162 bytes)
🖼️ [CACHE] Cached image data for key: https://images.metahub.space/poster/small/tt10954984/img (21420 bytes)
🖼️ [CACHE] Cached image data for key: https://images.metahub.space/poster/small/tt1293847/img (33583 bytes)
🖼️ [CACHE] Cached image data for key: https://images.metahub.space/poster/small/tt0452608/img (39129 bytes)
💾 Cache SET: Catalog[quick_movie_nfx.json_7] (7 items)
💾 Cache SET: Catalog[catalog_movie_nfx.json] (18 items)
💾 Cache SET: Catalog[popular_movies_fixed] (18 items)
💾 Cache SET: Catalog[quick_movie_top.json_7] (7 items)
💾 Cache SET: Catalog[catalog_movie_top.json] (18 items)
🖼️ [CACHE] Cached image data for key: https://images.metahub.space/poster/small/tt31227572/img (24034 bytes)
🖼️ [CACHE] Cached image data for key: https://images.metahub.space/poster/small/tt4712810/img (37396 bytes)
🖼️ [CACHE] Cached image data for key: https://images.metahub.space/poster/small/tt23572848/img (30026 bytes)
🖼️ [CACHE] Cached image data for key: https://images.metahub.space/poster/small/tt31193180/img (27098 bytes)
🖼️ [CACHE] Cached image data for key: https://images.metahub.space/poster/small/tt34610311/img (30787 bytes)
🖼️ [CACHE] Cached image data for key: https://images.metahub.space/poster/small/tt10799690/img (40967 bytes)
🖼️ [CACHE] Cached image data for key: https://images.metahub.space/poster/small/tt27543632/img (31446 bytes)
🖼️ [CACHE] Cached image data for key: https://images.metahub.space/poster/small/tt29780866/img (35175 bytes)
🖼️ [CACHE] Cached image data for key: https://images.metahub.space/poster/small/tt30254719/img (39370 bytes)
🖼️ [CACHE] Cached image data for key: https://images.metahub.space/poster/small/tt32141377/img (20678 bytes)
🗑️ Cache evicted 10 items
🖼️ [CACHE] Cached image data for key: https://images.metahub.space/poster/small/tt32642706/img (22671 bytes)
🖼️ [CACHE] Cached image data for key: https://images.metahub.space/poster/small/tt32820897/img (53296 bytes)
🖼️ [CACHE] Cached image data for key: https://images.metahub.space/poster/small/tt1757678/img (45682 bytes)
🖼️ [CACHE] Cached image data for key: https://images.metahub.space/poster/small/tt26443597/img (46393 bytes)
🖼️ [CACHE] Cached image data for key: https://images.metahub.space/poster/small/tt23172090/img (39824 bytes)
🖼️ [CACHE] Cached image data for key: https://images.metahub.space/poster/small/tt31495504/img (34216 bytes)
🖼️ [CACHE] Cached image data for key: https://images.metahub.space/poster/small/tt33479805/img (35005 bytes)
🖼️ [CACHE] Cached image data for key: https://images.metahub.space/poster/small/tt12300742/img (13162 bytes)
🖼️ [CACHE] Cached image data for key: https://images.metahub.space/poster/small/tt30144839/img (35849 bytes)
🖼️ [CACHE] Cached image data for key: https://images.metahub.space/poster/small/tt10548174/img (25576 bytes)
🗑️ Cache evicted 10 items
🖼️ [CACHE] Cached image data for key: https://images.metahub.space/poster/small/tt31923069/img (16983 bytes)
🖼️ [CACHE] Cached image data for key: https://images.metahub.space/poster/small/tt14107334/img (38222 bytes)
🖼️ [CACHE] Cached image data for key: https://images.metahub.space/poster/small/tt14364480/img (19894 bytes)
🖼️ [CACHE] Cached image data for key: https://images.metahub.space/poster/small/tt27847051/img (13836 bytes)
🖼️ [CACHE] Cached image data for key: https://images.metahub.space/poster/small/tt16311594/img (10204 bytes)
🖼️ [CACHE] Cached image data for key: https://images.metahub.space/poster/small/tt1312221/img (23730 bytes)
🖼️ [CACHE] Cached image data for key: https://images.metahub.space/poster/small/tt27714581/img (30242 bytes)
🖼️ [CACHE] Cached image data for key: https://images.metahub.space/poster/small/tt14142060/img (29910 bytes)
🖼️ [CACHE] Cached image data for key: https://images.metahub.space/poster/small/tt29768334/img (28877 bytes)
🖼️ [CACHE] Cached image data for key: https://images.metahub.space/poster/small/tt29567915/img (28516 bytes)
🗑️ Cache evicted 10 items
🖼️ [CACHE] Cached image data for key: https://images.metahub.space/poster/small/tt31050594/img (30111 bytes)
🖼️ [CACHE] Cached image data for key: https://images.metahub.space/poster/small/tt22740896/img (31424 bytes)
🖼️ [CACHE] Cached image data for key: https://images.metahub.space/poster/small/tt33517752/img (19307 bytes)
🖼️ [CACHE] Cached image data for key: https://images.metahub.space/poster/small/tt32141377/img (20678 bytes)
🖼️ [CACHE] Cached image data for key: https://images.metahub.space/poster/small/tt4712810/img (37396 bytes)
🖼️ [CACHE] Cached image data for key: https://images.metahub.space/poster/small/tt13186306/img (30978 bytes)
🖼️ [CACHE] Cached image data for key: https://images.metahub.space/poster/small/tt31227572/img (24034 bytes)
🖼️ [CACHE] Cached image data for key: https://images.metahub.space/poster/small/tt27543632/img (31446 bytes)
🖼️ [CACHE] Cached image data for key: https://images.metahub.space/poster/small/tt10799690/img (40967 bytes)
🖼️ [CACHE] Cached image data for key: https://images.metahub.space/poster/small/tt34610311/img (30787 bytes)
🗑️ Cache evicted 10 items
🖼️ [CACHE] Cached image data for key: https://images.metahub.space/poster/small/tt29780866/img (35175 bytes)
🖼️ [CACHE] Cached image data for key: https://images.metahub.space/poster/small/tt30254719/img (39370 bytes)
🖼️ [CACHE] Cached image data for key: https://images.metahub.space/poster/small/tt1757678/img (45682 bytes)
🖼️ [CACHE] Cached image data for key: https://images.metahub.space/poster/small/tt23572848/img (30026 bytes)
🖼️ [CACHE] Cached image data for key: https://images.metahub.space/poster/small/tt32820897/img (53296 bytes)
🖼️ [CACHE] Cached image data for key: https://images.justwatch.com/poster/340658801/s332/img (38391 bytes)
[ INFO ] GET /api/metadata/catalog/series/popular [request-id: AD724C02-71FE-4C11-BD69-BFF539E1DAFA]
2026-01-27 16:22:18.831 RedLemon[40337:192641] 🔐 Signed request to /rpc/user_heartbeat
🔍 [Server] Proxying catalog request to: https://v3-cinemeta.strem.io/catalog/series/popular.json
💾 Cache SET: Catalog[popular_shows_fixed] (18 items)
💾 Cache SET: Catalog[quick_series_nfx.json_7] (7 items)
💾 Cache SET: Catalog[catalog_series_nfx.json] (18 items)
💾 Cache SET: Catalog[quick_series_top.json_7] (7 items)
💾 Cache SET: Catalog[catalog_series_top.json] (18 items)
🖼️ [CACHE] Cached image data for key: https://images.metahub.space/poster/small/tt0364845/img (20660 bytes)
🖼️ [CACHE] Cached image data for key: https://images.metahub.space/poster/small/tt4574334/img (39579 bytes)
🖼️ [CACHE] Cached image data for key: https://images.metahub.space/poster/small/tt0098844/img (25669 bytes)
🖼️ [CACHE] Cached image data for key: https://images.metahub.space/poster/small/tt0460681/img (32690 bytes)
🗑️ Cache evicted 10 items
🖼️ [CACHE] Cached image data for key: https://images.metahub.space/poster/small/tt0096697/img (38094 bytes)
🖼️ [CACHE] Cached image data for key: https://images.metahub.space/poster/small/tt0413573/img (18220 bytes)
🖼️ [CACHE] Cached image data for key: https://images.metahub.space/poster/small/tt6470478/img (13774 bytes)
🖼️ [CACHE] Cached image data for key: https://images.metahub.space/poster/small/tt0412142/img (10572 bytes)
🖼️ [CACHE] Cached image data for key: https://images.metahub.space/poster/small/tt0452046/img (29762 bytes)
🖼️ [CACHE] Cached image data for key: https://images.metahub.space/poster/small/tt27497448/img (29429 bytes)
🖼️ [CACHE] Cached image data for key: https://images.metahub.space/poster/small/tt29921437/img (37831 bytes)
🖼️ [CACHE] Cached image data for key: https://images.metahub.space/poster/small/tt0203259/img (15736 bytes)
🖼️ [CACHE] Cached image data for key: https://images.metahub.space/poster/small/tt12343534/img (38002 bytes)
🖼️ [CACHE] Cached image data for key: https://images.metahub.space/poster/small/tt12637874/img (25872 bytes)
🗑️ Cache evicted 10 items
🖼️ [CACHE] Cached image data for key: https://images.metahub.space/poster/small/tt0118933/img (25773 bytes)
🖼️ [CACHE] Cached image data for key: https://images.metahub.space/poster/small/tt7587890/img (46240 bytes)
🖼️ [CACHE] Cached image data for key: https://images.metahub.space/poster/small/tt0944947/img (20700 bytes)
🖼️ [CACHE] Cached image data for key: https://images.metahub.space/poster/small/tt10394706/img (31907 bytes)
🖼️ [CACHE] Cached image data for key: https://images.metahub.space/poster/small/tt27497448/img (29429 bytes)
🖼️ [CACHE] Cached image data for key: https://images.metahub.space/poster/small/tt12637874/img (25872 bytes)
🖼️ [CACHE] Cached image data for key: https://images.metahub.space/poster/small/tt12343534/img (38002 bytes)
🖼️ [CACHE] Cached image data for key: https://images.metahub.space/poster/small/tt4574334/img (39579 bytes)
💾 Cache SET: Catalog[quick_series_amp.json_7] (7 items)
🖼️ [CACHE] Cached image data for key: https://images.metahub.space/poster/small/tt22202452/img (14264 bytes)
🖼️ [CACHE] Cached image data for key: https://images.metahub.space/poster/small/tt35495073/img (35960 bytes)
🖼️ [CACHE] Cached image data for key: https://images.metahub.space/poster/small/tt1399664/img (20224 bytes)
🖼️ [CACHE] Cached image data for key: https://images.metahub.space/poster/small/tt33035373/img (23928 bytes)
🖼️ [CACHE] Cached image data for key: https://images.metahub.space/poster/small/tt14186672/img (26538 bytes)
🖼️ [CACHE] Cached image data for key: https://images.metahub.space/poster/small/tt9169516/img (26576 bytes)
🗑️ Cache evicted 10 items
🖼️ [CACHE] Cached image data for key: https://images.metahub.space/poster/small/tt0903747/img (35371 bytes)
🖼️ [CACHE] Cached image data for key: https://images.metahub.space/poster/small/tt31938062/img (19783 bytes)
🖼️ [CACHE] Cached image data for key: https://live.metahub.space/poster/small/tt37449205/img (30201 bytes)
🖼️ [CACHE] Cached image data for key: https://images.metahub.space/poster/small/tt32499731/img (21661 bytes)
🖼️ [CACHE] Cached image data for key: https://images.metahub.space/poster/small/tt33270420/img (37515 bytes)
🖼️ [CACHE] Cached image data for key: https://images.metahub.space/poster/small/tt31974288/img (39863 bytes)
🖼️ [CACHE] Cached image data for key: https://images.metahub.space/poster/small/tt0944947/img (20700 bytes)
💾 Cache SET: Catalog[catalog_series_amp.json] (18 items)
💾 Cache SET: Catalog[quick_series_dnp.json_7] (7 items)
💾 Cache SET: Catalog[catalog_series_dnp.json] (18 items)
💾 Cache SET: Catalog[quick_series_hbm.json_7] (7 items)
💾 Cache SET: Catalog[catalog_series_hbm.json] (18 items)
💾 Cache SET: Catalog[quick_series_atp.json_7] (7 items)
💾 Cache SET: Catalog[catalog_series_atp.json] (18 items)
💾 Cache SET: Catalog[quick_series_pmp.json_7] (7 items)
💾 Cache SET: Catalog[catalog_series_pmp.json] (18 items)
🗑️ Cache evicted 6 items
💾 Cache SET: Catalog[quick_series_hlu.json_7] (7 items)
💾 Cache SET: Catalog[catalog_series_hlu.json] (18 items)
⏰ AppState: Next schedule update set for Event End: 2026-01-27 23:02:34 +0000
⏰ AppState: Scheduling update in 6011 seconds
💾 Cache SET: Catalog[quick_series_pcp.json_7] (7 items)
💾 Cache SET: Catalog[catalog_series_pcp.json] (18 items)
💾 Cache SET: Catalog[quick_series_stz.json_7] (7 items)
💾 Cache SET: Catalog[catalog_series_stz.json] (18 items)
🖼️ [CACHE] Cached image data for key: https://images.justwatch.com/poster/340658801/s332/img (38391 bytes)
🖼️ [CACHE] Cached image data for key: https://images.metahub.space/poster/small/tt33517752/img (19307 bytes)
[ INFO ] GET /api/metadata/meta/series/tt33517752 [request-id: EF9419CE-DE40-448E-9303-8FB6966668CF]
2026-01-27 16:22:26.218 RedLemon[40337:192636] 📦 Decoded CinemetaMeta - videos count: 11
2026-01-27 16:22:28.235 RedLemon[40337:188172] 🎬 Creating Watch Party for: The Beauty
2026-01-27 16:22:28.240 RedLemon[40337:192638] Background: ⏳ Starting room creation (Unstructured Race)...
2026-01-27 16:22:28.242 RedLemon[40337:192636] Background: ▶️ createRoom task started (Direct Singleton Access)
2026-01-27 16:22:28.244 RedLemon[40337:192636] 🎬 SupabaseClient: createRoom called for id: FUGM - ENTRY
2026-01-27 16:22:28.250 RedLemon[40337:192636] 🎬 SupabaseClient: Creating room 'FUGM' for host 'lemontom'...
2026-01-27 16:22:28.252 RedLemon[40337:192636] 🔐 Signed request to /rooms
2026-01-27 16:22:28.888 RedLemon[40337:191400] ✅ SupabaseClient: Room creation request completed (received response)
2026-01-27 16:22:28.890 RedLemon[40337:191400] Background: ✅ createRoom task finished
2026-01-27 16:22:28.891 RedLemon[40337:191400] 🔐 Signed request to /room_participants
2026-01-27 16:22:29.094 RedLemon[40337:188172] ✅ PlayerVM: currentWatchPartyRoom set to FUGM
2026-01-27 16:22:29.096 RedLemon[40337:188172] ✨ [AppState] Registered new active lobby: FUGM
2026-01-27 16:22:29.205 RedLemon[40337:188172] [LOBBY_VIEW] onAppear: shouldAutoJoinLobby=false, room=FUGM, timeUntilStart=0
2026-01-27 16:22:29.281 RedLemon[40337:192640] 🔐 Signed request to /room_participants
2026-01-27 16:22:29.282 RedLemon[40337:192639] 🔐 Signed request to /rooms
🖼️ [CACHE] Cached image data for key: https://images.metahub.space/poster/small/tt0364845/img (20660 bytes)
🖼️ [CACHE] Cached image data for key: https://images.metahub.space/poster/small/tt0096697/img (38094 bytes)
🗑️ Cache evicted 10 items
🖼️ [CACHE] Cached image data for key: https://images.metahub.space/poster/small/tt0460681/img (32690 bytes)
🖼️ [CACHE] Cached image data for key: https://images.metahub.space/poster/small/tt0098844/img (25669 bytes)
💾 Cache SET: Metadata[meta_series_tt33517752]
🎭 Lobby: Connecting to room FUGM...
🚦 Lobby State: connecting
🔄 Lobby: Fetching fresh room state from Supabase...
✅ Cache HIT: Metadata[meta_series_tt33517752]
🛑 Lobby: Host explicitly clearing playback state in DB to prevent autoplay loop
[ INFO ] GET /api/metadata/meta/series/tt33517752 [request-id: 5649D5C1-0200-40EA-9939-FBE50680D549]
2026-01-27 16:22:29.448 RedLemon[40337:192636] ✅ SupabaseClient: Updated room playback (Playing: false, Pos: 0s, ClearedStream: false)
2026-01-27 16:22:29.480 RedLemon[40337:188172] ✅ Host re-joined room FUGM in database (refreshing presence)
2026-01-27 16:22:29.480 RedLemon[40337:192640] 📡 SupabaseClient: updateRoomPlaylist called for room FUGM with 1 items, index: 0
2026-01-27 16:22:29.482 RedLemon[40337:192640] 🔐 Signed request to /rooms
2026-01-27 16:22:29.504 RedLemon[40337:192636] 📝 Realtime: Registered observer 'lobby' (Presence: YES, Sync: NO, Status: NO)
2026-01-27 16:22:29.525 RedLemon[40337:192550] 📝 Realtime: Registered observer 'lobby' (Presence: NO, Sync: YES, Status: NO)
2026-01-27 16:22:29.546 RedLemon[40337:192640] 🔐 SupabaseClient: Signing Identity Payload: '176954894996e01cdb-36c0-4228-a6e4-a29a3c66bc8e/rpc/room_heartbeat'
2026-01-27 16:22:29.546 RedLemon[40337:192640] 🔐 Signed request to /rpc/room_heartbeat
2026-01-27 16:22:29.622 RedLemon[40337:192640] ✅ SupabaseClient: Playlist updated successfully
2026-01-27 16:22:29.724 RedLemon[40337:188172] 📨 Lobby: Received Room UPDATE from Realtime
2026-01-27 16:22:29.748 RedLemon[40337:188172] 📨 Lobby: Received Room UPDATE from Realtime
2026-01-27 16:22:46.495 RedLemon[40337:192640] 🔐 Signed request to /rpc/user_heartbeat
2026-01-27 16:23:03.297 RedLemon[40337:193020] Background: ⏰ Timeout fired! Attempting to fail continuation...
2026-01-27 16:23:05.148 RedLemon[40337:192639] 🔐 SupabaseClient: Signing Identity Payload: '176954898596e01cdb-36c0-4228-a6e4-a29a3c66bc8e/rpc/room_heartbeat'
2026-01-27 16:23:05.149 RedLemon[40337:192639] 🔐 Signed request to /rpc/room_heartbeat
2026-01-27 16:23:05.256 RedLemon[40337:188172] 📨 Lobby: Received Room UPDATE from Realtime
2026-01-27 16:23:05.256 RedLemon[40337:188172] 📨 Lobby: Received Room UPDATE from Realtime
2026-01-27 16:23:05.417 RedLemon[40337:188172] 📨 Lobby: Received Room UPDATE from Realtime
2026-01-27 16:23:05.437 RedLemon[40337:192639] 📨 Realtime: Received broadcast message
2026-01-27 16:23:05.437 RedLemon[40337:192639]    Payload keys: timestamp, type, position, senderId, chatUsername, chatText
2026-01-27 16:23:05.438 RedLemon[40337:192639] ✅ Realtime: Decoded message type: chat, sender: 4aef4e1b-ba8e-4d31-8736-bca3b94f402b
2026-01-27 16:23:05.455 RedLemon[40337:188172] 👋 Host received: Guest 'witheredrose' joined room FUGM
2026-01-27 16:23:05.456 RedLemon[40337:188172]    Guest ID: 4aef4e1b-ba8e-4d31-8736-bca3b94f402b, Total participants: 2
2026-01-27 16:23:05.479 RedLemon[40337:188172] 👥 Room status after join: 2 participants, 0 ready
2026-01-27 16:23:05.492 RedLemon[40337:188172] ✅ Lobby: Synced participants to AppState (Count: 2)
2026-01-27 16:23:05.661 RedLemon[40337:188172] 📨 Lobby: Received Room UPDATE from Realtime
2026-01-27 16:23:09.255 RedLemon[40337:188172] 🎬 Host: Starting movie for 2 participants
2026-01-27 16:23:09.327 RedLemon[40337:192925] 📤 Realtime: Sending message type: chat, sender: 96e01cdb-36c0-4228-a6e4-a29a3c66bc8e
2026-01-27 16:23:09.327 RedLemon[40337:192925]    Payload keys: timestamp, position, senderId, chatText, chatUsername, type
2026-01-27 16:23:09.328 RedLemon[40337:192925] ✅ Realtime: Message broadcast complete
2026-01-27 16:23:09.388 RedLemon[40337:192925] ✅ StreamService: Using provided metadata: The Beauty
2026-01-27 16:23:09.389 RedLemon[40337:192925] ⚡️ StreamService: Resolving streams via StreamResolver (Bypassing HTTP)...
2026-01-27 16:23:09.390 RedLemon[40337:192925] ⚡️ StreamResolver: Resolving streams for tt33517752 (S1E1)
2026-01-27 16:23:09.390 RedLemon[40337:192639] 📝 [APP] 🎬 StreamService: Starting resolution for: The Beauty ["file": "StreamService.swift", "level": "INFO", "line": "199"]
2026-01-27 16:23:09.391 RedLemon[40337:192639] 📝 [APP] New Session Started ["app_version": "1.0.163", "build": "163", "session_id": "F4B5751B-E140-44DE-900B-191015F21DD8", "trigger_source": "watch_party_resolve", "user_id": "96E01CDB-36C0-4228-A6E4-A29A3C66BC8E"]
2026-01-27 16:23:09.391 RedLemon[40337:192639] 📝 [APP] Target Content Set ["imdb_id": "tt33517752"]
2026-01-27 16:23:09.392 RedLemon[40337:193020] 📝 [APP] SessionRecorder initialized
2026-01-27 16:23:09.392 RedLemon[40337:192639] 📝 [RESOLVER] Started Resolution ["episode": "1", "season": "1", "type": "series"]
2026-01-27 16:23:09.457 RedLemon[40337:192639] 📨 Realtime: Received broadcast message
2026-01-27 16:23:09.458 RedLemon[40337:192639]    Payload keys: timestamp, chatUsername, type, senderId, position, chatText
2026-01-27 16:23:09.458 RedLemon[40337:192639] ✅ Realtime: Decoded message type: chat, sender: 96e01cdb-36c0-4228-a6e4-a29a3c66bc8e
2026-01-27 16:23:09.528 RedLemon[40337:192925]    📅 Filtering by year: 2025–
2026-01-27 16:23:09.662 RedLemon[40337:192639] 📦 StreamResolver: Fetching streams from ProviderManager...
2026-01-27 16:23:09.662 RedLemon[40337:192639] 🔍 ProviderManager: Fetching streams for tt33517752...
2026-01-27 16:23:09.663 RedLemon[40337:192639] ✨ Torrentio: Using Auto-Generated Config (RealDebrid)
2026-01-27 16:23:09.663 RedLemon[40337:192639] 📺 Torrentio: Building URL for S01E01
2026-01-27 16:23:09.663 RedLemon[40337:193025] 🔍 Zilean: Searching via IMDB ID: tt33517752
2026-01-27 16:23:09.663 RedLemon[40337:192639] 🔗 Torrentio URL (length: 125): https://torrentio.strem.fun/realdebrid=K67JV2V4FTUA7RYN6T34BFIUBRUZERBO45A6UL3O7TE5ZHFDQQSA/stream/series/tt33517752:1:1.json...
2026-01-27 16:23:09.663 RedLemon[40337:192639] 🔍 Torrentio: Fetching https://torrentio.strem.fun/realdebrid=K67JV2V4FTUA7RYN6T34BFIUBRUZERBO45A6UL3O7TE5ZHFDQQSA/stream/series/tt33517752:1:1.json
2026-01-27 16:23:09.664 RedLemon[40337:192639] 📺 DebridSearch: Building URL for S01E01
2026-01-27 16:23:09.664 RedLemon[40337:192639] 🔗 DebridSearch URL: https://68d69db7dc40-debrid-search.baby-beamup.club/%7B%22DebridProvider%22%3A%22RealDebrid%22,%22DebridApiKey%22%3A%22***%22%7D/stream/series/tt33517752:1:1.json
2026-01-27 16:23:09.664 RedLemon[40337:192639] 🔍 DebridSearch: Fetching https://68d69db7dc40-debrid-search.baby-beamup.club/%7B%22DebridProvider%22%3A%22RealDebrid%22,%22DebridApiKey%22%3A%22K67JV2V4FTUA7RYN6T34BFIUBRUZERBO45A6UL3O7TE5ZHFDQQSA%22%7D/stream/series/tt33517752:1:1.json
2026-01-27 16:23:09.673 RedLemon[40337:193020] 📡 Torrentio: HTTP 200, received 30848 bytes
2026-01-27 16:23:09.701 RedLemon[40337:193020] ✅ Torrentio: Parsed 60 streams from 60 raw
2026-01-27 16:23:10.155 RedLemon[40337:193020] ✅ Zilean: Got 0 results
2026-01-27 16:23:13.331 RedLemon[40337:193079] 🔐 Signed request to /rpc/user_heartbeat
2026-01-27 16:23:15.996 RedLemon[40337:193079] ✅ DebridSearch: Parsed 14 streams
2026-01-27 16:23:15.997 RedLemon[40337:192925] ✅ ProviderManager: Fetched 74 raw, returning 74 unique streams
2026-01-27 16:23:15.997 RedLemon[40337:192925] 📦 StreamResolver: Received 74 raw streams, bucketing...
2026-01-27 16:23:15.997 RedLemon[40337:192925] 📝 [RESOLVER] Providers Fetched ["debridsearch": "14", "torrentio": "60"]
2026-01-27 16:23:16.989 RedLemon[40337:192925] 📝 [RESOLVER] Resolution Complete ["1080p": "1", "2160p": "1", "720p": "1", "selected_provider": "debridsearch", "selected_title": "The Beauty S01E01 Beautiful Pilot 1080p DSNP WEB-DL DDP5 1 H 264-FLUX[EZTVx.to].mkv
/The Beauty S01E01 Beautiful Pilot 1080p DSNP WEB-DL DDP5 1 H 264-FLUX[EZTVx.to].mkv
💾 1.64 GB"]
2026-01-27 16:23:16.990 RedLemon[40337:193025] 📝 [APP] 📦 StreamService: Found 29 total streams to try (across all qualities) ["file": "StreamService.swift", "level": "INFO", "line": "406"]
2026-01-27 16:23:18.040 RedLemon[40337:192925] 📥 StreamService: Pre-downloading 1 (capped from 1) subtitles for direct stream...
2026-01-27 16:23:18.040 RedLemon[40337:192925] 🐛 StreamService: downloadSubtitlesInParallel called. Season: Optional(1), Episode: Optional(1), Count: 1
2026-01-27 16:23:18.041 RedLemon[40337:192925] 🔍 DEBUG: Processing subtitle URL: /subtitle/3544880-8466988.zip
2026-01-27 16:23:18.041 RedLemon[40337:192925] ✅ DEBUG: Raw SubDL URL detected, converting to proxy URL
2026-01-27 16:23:18.043 RedLemon[40337:192925] 📥 StreamService: Pre-downloading 1 (capped from 1) subtitles for direct stream...
2026-01-27 16:23:18.043 RedLemon[40337:192925] 🐛 StreamService: downloadSubtitlesInParallel called. Season: Optional(1), Episode: Optional(1), Count: 1
2026-01-27 16:23:18.043 RedLemon[40337:192925] 🔍 DEBUG: Processing subtitle URL: http://127.0.0.1:47253/subtitles/subdl/L3N1YnRpdGxlLzM1NDQ4ODAtODQ2Njk4OC56aXA=?season=1&episode=1&token=CA4DA735-83E9-4C74-A0CF-8DC59324C04C
2026-01-27 16:23:18.043 RedLemon[40337:192925] ✅ DEBUG: SubDL proxy URL detected, skipping download
2026-01-27 16:23:18.089 RedLemon[40337:192925] 🔄 SupabaseClient: Resetting playback state for room FUGM
2026-01-27 16:23:18.091 RedLemon[40337:192925] 🔐 Signed request to /rooms
2026-01-27 16:23:18.332 RedLemon[40337:193020] ✅ Persisted stream selection to room FUGM
2026-01-27 16:23:18.332 RedLemon[40337:188172] ✅ Host: Stream resolved and persisted OK
2026-01-27 16:23:18.332 RedLemon[40337:188172] ⏳ Host: Initiating handshake for 1 guests...
2026-01-27 16:23:18.350 RedLemon[40337:192925] 📤 Realtime: Sending message type: chat, sender: 96e01cdb-36c0-4228-a6e4-a29a3c66bc8e
2026-01-27 16:23:18.351 RedLemon[40337:192925]    Payload keys: type, position, senderId, chatUsername, timestamp, chatText
2026-01-27 16:23:18.352 RedLemon[40337:193025] ✅ Realtime: Message broadcast complete
2026-01-27 16:23:18.399 RedLemon[40337:188172] 📨 Lobby: Received Room UPDATE from Realtime
2026-01-27 16:23:19.370 RedLemon[40337:193025] 📨 Realtime: Received broadcast message
2026-01-27 16:23:19.370 RedLemon[40337:193025]    Payload keys: chatUsername, position, senderId, timestamp, type, chatText
2026-01-27 16:23:19.370 RedLemon[40337:193025] ✅ Realtime: Decoded message type: chat, sender: 96e01cdb-36c0-4228-a6e4-a29a3c66bc8e
2026-01-27 16:23:28.074 RedLemon[40337:193125] 📨 Realtime: Received broadcast message
2026-01-27 16:23:28.074 RedLemon[40337:193125]    Payload keys: senderId, chatText, chatUsername, position, type, timestamp
2026-01-27 16:23:28.075 RedLemon[40337:193125] ✅ Realtime: Decoded message type: chat, sender: 4aef4e1b-ba8e-4d31-8736-bca3b94f402b
2026-01-27 16:23:28.075 RedLemon[40337:188172] ✅ Lobby: Participant 4aef4e1b-ba8e-4d31-8736-bca3b94f402b is ready for stream
2026-01-27 16:23:28.882 RedLemon[40337:188172] ✅ Host: All guests ready (1/1)! Starting countdown.
2026-01-27 16:23:28.918 RedLemon[40337:193125] 📤 Realtime: Sending message type: chat, sender: 96e01cdb-36c0-4228-a6e4-a29a3c66bc8e
2026-01-27 16:23:28.919 RedLemon[40337:193125]    Payload keys: type, position, senderId, chatUsername, timestamp, chatText
2026-01-27 16:23:28.920 RedLemon[40337:193125] ✅ Realtime: Message broadcast complete
2026-01-27 16:23:28.920 RedLemon[40337:188172] ✅ Host: Successfully broadcast LOBBY_START_COUNTDOWN via Realtime
2026-01-27 16:23:28.920 RedLemon[40337:188172] 📡 Realtime delivery confirmed for 2 guests
2026-01-27 16:23:28.921 RedLemon[40337:192925] 🔐 Signed request to /rooms
2026-01-27 16:23:29.099 RedLemon[40337:192639] 📨 Realtime: Received broadcast message
2026-01-27 16:23:29.100 RedLemon[40337:192639]    Payload keys: type, senderId, chatText, chatUsername, position, timestamp
2026-01-27 16:23:29.100 RedLemon[40337:188172] ✅ Host: Set room playback state in database as fallback
2026-01-27 16:23:29.100 RedLemon[40337:192639] ✅ Realtime: Decoded message type: chat, sender: 96e01cdb-36c0-4228-a6e4-a29a3c66bc8e
2026-01-27 16:23:29.131 RedLemon[40337:188172] 📨 Lobby: Received Room UPDATE from Realtime
2026-01-27 16:23:31.917 RedLemon[40337:188172] 🎬 Host: Launching player for The Beauty
2026-01-27 16:23:31.918 RedLemon[40337:188172] 🎬 [HOST_START] navigateToPlayer called
2026-01-27 16:23:31.918 RedLemon[40337:188172]    - Stream: The Beauty S01E01 Beautiful Pilot 1080p DSNP WEB-DL DDP5 1 H 264-FLUX[EZTVx.to].mkv
/The Beauty S01E01 Beautiful Pilot 1080p DSNP WEB-DL DDP5 1 H 264-FLUX[EZTVx.to].mkv
💾 1.64 GB
2026-01-27 16:23:31.919 RedLemon[40337:188172]    - Room: FUGM
2026-01-27 16:23:31.919 RedLemon[40337:188172]    - Media: The Beauty
2026-01-27 16:23:32.096 RedLemon[40337:193020] 📝 Realtime: Registered observer 'player' (Presence: YES, Sync: NO, Status: NO)
2026-01-27 16:23:32.096 RedLemon[40337:193020] 📤 Realtime: Sending message type: chat, sender: 96e01cdb-36c0-4228-a6e4-a29a3c66bc8e
2026-01-27 16:23:32.097 RedLemon[40337:193020]    Payload keys: chatUsername, senderId, timestamp, type, position, chatText
2026-01-27 16:23:32.098 RedLemon[40337:192925] ✅ Realtime: Message broadcast complete
📡 SocialService: Updated status - In Lobby: The Beauty: The Beauty
✅ Lobby: Loaded metadata for The Beauty
✅ Lobby: Synced CLEAN stream info, metadata & playlist to AppState
🆕 Lobby: Auto-adding initial item to playlist: The Beauty
🔌 Setting up Realtime channel: watch-party:FUGM
   Role: Host
   User ID: 96e01cdb-36c0-4228-a6e4-a29a3c66bc8e
📡 Connection state: connected
📡 Connection state: connecting
📡 Joined channel: realtime:watch-party:FUGM (interest count: 1)
📡 Connection state: connected
✅ Realtime channel setup complete
✅ Lobby: Connected to Realtime
🚦 Lobby State: connected
🔄 Lobby: Starting database polling for participants and room state...
💓 Lobby: Starting heartbeat loop...
✅ Lobby: Persisted initial playlist item
🔄 Lobby: Fetching fresh room state from Supabase...
🔄 Lobby: Fetching fresh room state from Supabase...
✅ Lobby: Synced CLEAN stream info, metadata & playlist to AppState
✅ Lobby: Synced CLEAN stream info, metadata & playlist to AppState
⏰ AppState: Next schedule update set for Event End: 2026-01-27 23:02:34 +0000
⏰ AppState: Scheduling update in 6001 seconds
🛡️ Lobby: Auto-Join safety delay passed (8s). Enabled for late joiners.
⏰ AppState: Next schedule update set for Event End: 2026-01-27 23:02:34 +0000
⏰ AppState: Scheduling update in 5991 seconds
⏰ AppState: Next schedule update set for Event End: 2026-01-27 23:02:34 +0000
⏰ AppState: Scheduling update in 5981 seconds
📈 SocialService: User 4aef4e1b-ba8e-4d31-8736-bca3b94f402b came online
📡 [EventsConfig] Checking server for movie_events config version...
✅ [EventsConfig] Fetched movie_events version 1586 with 397 movies
✅ [EventsConfig] Using cached movie_events config (version 1586, 397 movies)
⏰ AppState: Next schedule update set for Event End: 2026-01-27 23:02:34 +0000
⏰ AppState: Scheduling update in 5971 seconds
🔄 Lobby: Fetching fresh room state from Supabase...
🔄 Lobby: Fetching fresh room state from Supabase...
✅ Lobby: Synced CLEAN stream info, metadata & playlist to AppState
🔄 Lobby: Fetching fresh room state from Supabase...
✅ Lobby: Synced CLEAN stream info, metadata & playlist to AppState
✅ Lobby: Synced CLEAN stream info, metadata & playlist to AppState
🔄 Lobby: Fetching fresh room state from Supabase...
✅ Lobby: Synced CLEAN stream info, metadata & playlist to AppState
✅ Cache HIT: Metadata[meta_series_tt33517752]
[2026-01-27T21:23:09Z] [INFO] [StreamService.swift:199] 🎬 StreamService: Starting resolution for: The Beauty
🎬 StreamService: Resolving series - trusted pack filtering will be applied server-side
🛡️ StreamResolver: Loaded 8 blocked streams from blacklist
🔍 MediaFusion: Fetching https://mediafusion.elfhosted.com/stream/series/tt33517752:1:1.json
🔍 Comet: Fetching https://comet.elfhosted.com/eyJkZWJyaWRTZXJ2aWNlIjoicmVhbGRlYnJpZCIsInJlbW92ZVRyYXNoIjpmYWxzZSwiZGVi...
✅ Comet: Got 1 streams
🔍 Comet: Parsing 1 streams...
⚠️ Comet: Skipping invalid redirect URL: https://comet.elfhosted.com/playback/QERs8gbzE8nmnUiN_9XmOzW...
✅ Comet: Parsed 0 valid streams
⚠️ MediaFusion: HTTP 418
⏰ AppState: Next schedule update set for Event End: 2026-01-27 23:02:34 +0000
⏰ AppState: Scheduling update in 5961 seconds
📊 StreamResolver: Provider Stats: [debridsearch:14, torrentio:60]
   ✅ RESOLVER KEEPING correct-year series stream: The Beauty S01E01 2026 1080p DSNP WEB-DL DDP5 1 H 264-HHWEB
👤 63 💾 1.64 GB ⚙️ EZTV
   ✅ RESOLVER KEEPING correct-year series stream: Belleza.perfecta.S01E01.2026.WEB-DL.1080p-Dual-Lat
👤 9 💾 1.72 GB ⚙️ Cinecalidad
Dual Audio / 🇲🇽
   ✅ RESOLVER KEEPING correct-year series stream: The Beauty S01E01 2026 1080p DSNP WEB-DL DDP5 1 H 264-HHWEB
👤 2 💾 1.64 GB ⚙️ ThePirateBay
   ✅ RESOLVER KEEPING correct-year series stream: The Beauty S01E01-E03 720p FX - Primewire
The Beauty (2026) Season 1 Episode 1- Beautiful Pilot - PrimeWire.mp4
👤 51 💾 442.59 MB ⚙️ 1337x
   ✅ RESOLVER KEEPING correct-year series stream: The Beauty S01E01 FRENCH HDTV 2026
👤 1485 💾 271.11 MB ⚙️ Torrent9
🇫🇷
   ✅ RESOLVER KEEPING correct-year series stream: Красота / The Beauty / Сезон: 1 / Серии: 1-3 из 11 [2026 WEB-DLRip] MVO (HDrezka Studio) + Original
The.Beauty.S01.E01.Rus.Eng.RG.Anonymous.avi
👤 75 💾 641.32 MB ⚙️ Rutracker
🇬🇧 / 🇷🇺
   ✅ RESOLVER KEEPING correct-year series stream: The Beauty - Stagione 1 (2026) Ep.1 SD H264 Ita Aac 2.0 WEB-DLRip UBi
👤 7 💾 516.43 MB ⚙️ ilCorSaRoNeRo
🇮🇹
   ✅ RESOLVER KEEPING correct-year series stream: Красота / The Beauty / Сезон: 1 / Серии: 1-3 из 11 [2026 WEB-DL 1080p] 3x MVO + Original + Sub (Rus Eng)
The.Beauty.S01E01.1080p.DSNP.WEB-DL.H264.mkv
👤 189 💾 1.89 GB ⚙️ Rutracker
🇬🇧 / 🇷🇺
   ✅ RESOLVER KEEPING correct-year series stream: Красота / The Beauty / Сезон: 1 / Серии: 1-3 из 11 [2026 WEB-DL 1080p] 3x MVO + Original + Sub (Rus Eng)
The.Beauty.E01.WEB-DL.1080p.mkv
👤 1 💾 1.89 GB ⚙️ Rutracker
🇬🇧 / 🇷🇺
   ✅ RESOLVER KEEPING correct-year series stream: The Beauty S01E01 VOSTFR HDTV 2026
👤 145 💾 272.93 MB ⚙️ Torrent9
🇫🇷
   ✅ RESOLVER KEEPING correct-year series stream: The Beauty S01E01 2026 1080p DSNP WEB-DL DDP5 1 H 264-HHWEB[EZTVx.to].mkv
/The Beauty S01E01 2026 1080p DSNP WEB-DL DDP5 1 H 264-HHWEB[EZTVx.to].mkv
💾 1.64 GB
   🚫 RESOLVER BLOCKING AV1: The.Beauty.S01E01.1080p.AV1.10bit-MeGusta
👤 1 💾 286.81 MB ⚙️ ThePirateBay
   🚫 RESOLVER FILTERED AV1: 74 → 73 streams
   🚫 RESOLVER BLOCKING non-English audio: The Beauty [S01E01-E03] [MULTi] [2160p] [DSNP] [WEB-DL] [DV] [HDR] [H265] [DDP5.1-K83] [Lektor PL i Napisy PL]
The.Beauty.S01E01.MULTi.2160p.DSNP.WEB-DL.DV.HDR.H265.DDP5.1-K83.mkv
👤 14 💾 4.63 GB ⚙️ BestTorrents
Multi Audio / 🇬🇧 / 🇵🇱 (Audio)
   🚫 RESOLVER BLOCKING non-English audio: The Beauty [S01E01-E03] [MULTi] [1080p] [DSNP] [WEB-DL] [H264] [DDP5.1-K83] [Lektor PL i Napisy PL]
The.Beauty.S01E01.MULTi.1080p.DSNP.WEB-DL.H264.DDP5.1-K83.mkv
👤 28 💾 1.72 GB ⚙️ BestTorrents
Multi Audio / 🇬🇧 / 🇵🇱 (Audio)
   🚫 RESOLVER BLOCKING non-English audio: The Beauty [S01E01-E03] [MULTi] [720p] [DSNP] [WEB-DL] [H264] [DDP5.1-K83] [Lektor PL i Napisy PL]
The.Beauty.S01E01.MULTi.720p.DSNP.WEB-DL.H264.DDP5.1-K83.mkv
👤 7 💾 931.86 MB ⚙️ BestTorrents
Multi Audio / 🇬🇧 / 🇵🇱 (Audio)
   🚫 RESOLVER BLOCKING non-English audio: The Beauty S01E01 FRENCH HDTV 2026
👤 1485 💾 271.11 MB ⚙️ Torrent9
🇫🇷 (Audio)
   🚫 RESOLVER BLOCKING non-English audio: The Beauty [S01E01-E03] [MULTi] [2160p] [DSNP] [WEB-DL] [DV] [HDR] [H265] [DDP5.1-K83] [Lektor PL i Napisy PL]
The.Beauty.S01E01.MULTi.2160p.DSNP.WEB-DL.DV.HDR.H265.DDP5.1-K83.mkv
👤 3 💾 4.63 GB ⚙️ BestTorrents
Multi Audio / 🇬🇧 / 🇵🇱 (Audio)
   🚫 RESOLVER BLOCKING non-English audio: The Beauty [S01E01-E03] [MULTi] [1080p] [DSNP] [WEB-DL] [H264] [DDP5.1-K83] [Lektor PL i Napisy PL]
The.Beauty.S01E01.MULTi.1080p.DSNP.WEB-DL.H264.DDP5.1-K83.mkv
👤 3 💾 1.72 GB ⚙️ BestTorrents
Multi Audio / 🇬🇧 / 🇵🇱 (Audio)
   🚫 RESOLVER BLOCKING non-English audio: The Beauty [S01E01-E03] [MULTi] [720p] [DSNP] [WEB-DL] [H264] [DDP5.1-K83] [Lektor PL i Napisy PL]
The.Beauty.S01E01.MULTi.720p.DSNP.WEB-DL.H264.DDP5.1-K83.mkv
👤 2 💾 931.86 MB ⚙️ BestTorrents
Multi Audio / 🇬🇧 / 🇵🇱 (Audio)
   🚫 RESOLVER BLOCKING non-English audio: The Beauty S01E01 VOSTFR HDTV 2026
👤 145 💾 272.93 MB ⚙️ Torrent9
🇫🇷 (Audio)
   🎵 RESOLVER FILTERED audio language: 73 → 65 streams
   📺 Episode filter: 65 → 59 streams
🔍 Searching SubDL: tt33517752 (tv) S01E01
   ℹ️ Fallback Name: The Beauty (2025)
✅ Found 3 subtitles from SubDL (Primary)
   ⛔️ Dropped '[𝐂𝐨𝐟𝐟𝐞𝐞𝐏𝐫𝐢𝐬𝐨𝐧] 𝐓𝐇𝐄 𝐁𝐄𝐀𝐔𝐓𝐘 𝐒𝟎𝟏𝐄𝟎𝟐 𝐃𝐒𝐍𝐏 𝐖𝐄𝐁': Metadata mismatch (S1E2)
   ⛔️ Dropped '[𝐂𝐨𝐟𝐟𝐞𝐞𝐏𝐫𝐢𝐬𝐨𝐧] 𝐓𝐇𝐄 𝐁𝐄𝐀𝐔𝐓𝐘 𝐒𝟎𝟏𝐄𝟎𝟑 𝐃𝐒𝐍𝐏 𝐖𝐄𝐁': Metadata mismatch (S1E3)
⚠️ Low subtitle count (1). Attempting supplemental Name Search for 'The Beauty'...
🔍 Attempting API Name Search: The Beauty 2025
⚠️ Supplemental Name Search returned no match.
✅ StreamResolver: Processed subtitles for 59 streams (Attached to 59)
👑 Auto-promoting season pack: Красота / The Beauty / Сезон: 1 / Серии: 1-3 из 11 [2026 WEB-DLRip] MVO (HDrezka Studio) + Original
The.Beauty.S01.E01.Rus.Eng.RG.Anonymous.avi
👤 75 💾 641.32 MB ⚙️ Rutracker
🇬🇧 / 🇷🇺
   --- Processing Bucket: 2160p (Input: 4) ---
   ✅ Bucket 2160p Final Count: 4
   --- Processing Bucket: 1080p (Input: 33) ---
   ✅ Bucket 1080p Final Count: 33
   --- Processing Bucket: 720p (Input: 15) ---
   ✅ Bucket 720p Final Count: 15
   --- Processing Bucket: 480p (Input: 7) ---
   ✅ Bucket 480p Final Count: 7
📦 2160p Primary: The Beauty S01E01 Beautiful Pilot 2160p DSNP WEB-DL DDP5 1 DV H 265-FLUX
👤 5 💾 5.1 GB ⚙️ ThePirateBay
📦 1080p Primary: The Beauty S01E01 Beautiful Pilot 1080p DSNP WEB-DL DDP5 1 H 264-FLUX[EZTVx.to].mkv
/The Beauty S01E01 Beautiful Pilot 1080p DSNP WEB-DL DDP5 1 H 264-FLUX[EZTVx.to].mkv
💾 1.64 GB
📦 720p Primary: The Beauty S01E01 Beautiful Pilot 720p DSNP WEB-DL DDP5 1 H 264-FLUX
👤 110 💾 850.42 MB ⚙️ EZTV
✅ StreamResolver: Quality buckets ready
   ➕ Added 11 720p streams as backup
   ➕ Added 7 480p streams as backup
[2026-01-27T21:23:16Z] [INFO] [StreamService.swift:406] 📦 StreamService: Found 29 total streams to try (across all qualities)
✅ StreamService: Found 27 H.264 streams (Tier 1)
✅ StreamService: Found 24 'Clean' English streams. Deprioritizing 3 localized/dual streams.
📦 StreamService: 24 streams remain after size filter
🔄 StreamService: Trying stream 1/24: The Beauty S01E01 Beautiful Pilot 1080p DSNP WEB-DL DDP5 1 H 264-FLUX[EZTVx.to].mkv
/The Beauty S01E01 Beautiful Pilot 1080p DSNP WEB-DL DDP5 1 H 264-FLUX[EZTVx.to].mkv
💾 1.64 GB
🔍 StreamService: Resolving redirect URL: https://68d69db7dc40-debrid-search.baby-beamup.club/resolve/RealDebrid/K67JV2V4FTUA7RYN6T34BFIUBRUZERBO45A6UL3O7TE5ZHFDQQSA/NUYT7SYYBWPAY/https%3A%2F%2Freal-debrid.com%2Fd%2F2SF35E7WSIIQ2B09
✅ StreamService: Resolved to: https://chi3-4.download.real-debrid.com/d/J6N4F5E676LA241/The%20Beauty%20S01E01%20Beautiful%20Pilot%201080p%20DSNP%20WEB-DL%20DDP5%201%20H%20264-FLUX%5BEZTVx.to%5D.mkv
⚡️ StreamService: Stream is already a direct URL. Skipping backend unlock.
✅ StreamService: Selected stream: The Beauty S01E01 Beautiful Pilot 1080p DSNP WEB-DL DDP5 1 H 264-FLUX[EZTVx.to].mkv
/The Beauty S01E01 Beautiful Pilot 1080p DSNP WEB-DL DDP5 1 H 264-FLUX[EZTVx.to].mkv
💾 1.64 GB
📊 Stream Size: 1.64 GB
📦 StreamService: Appending 5 fallback streams (alternate codecs)
📦 StreamService: Returning 28 candidate streams for fallback
⚡️ StreamService: Stream is already a direct URL. Skipping backend unlock.
🔄 Lobby: Fetching fresh room state from Supabase...
✅ Lobby: Synced CLEAN stream info, metadata & playlist to AppState
⏰ AppState: Next schedule update set for Event End: 2026-01-27 23:02:34 +0000
⏰ AppState: Scheduling update in 5951 seconds
🔄 Lobby: Fetching fresh room state from Supabase...
✅ Lobby: Synced CLEAN stream info, metadata & playlist to AppState
🛑 LobbyPresence: Polling stopped
🛑 LobbyDatabase: Polling stopped
🛑 Lobby: Polling stopped (chat via Realtime only)
✅ Host: Updated AppState selection to S1E1
✅ Host: Synced FULL Lobby state to AppState (Participants: 2, Playlist Idx: 0)
!!! MPVWrapper initialized - Build Version: 2026-01-19-GUEST-CACHE-BYPASS-v1 !!!
[ INFO ] GET /subtitles/subdl/L3N1YnRpdGxlLzM1NDQ4ODAtODQ2Njk4OC56aXA= [request-id: B949684E-9D8C-477C-B84A-7173DE20AF41]
2026-01-27 16:23:32.184 RedLemon[40337:188172] ✅ [HOST_START] Sent LOBBY_PLAYBACK_STARTED signal (0.1s after navigateToPlayer)
2026-01-27 16:23:32.184 RedLemon[40337:193020] 📝 Realtime: Unregistered observer 'lobby'
2026-01-27 16:23:32.257 RedLemon[40337:192639] 📨 Realtime: Received broadcast message
2026-01-27 16:23:32.258 RedLemon[40337:192639]    Payload keys: position, timestamp, type, senderId, chatText, chatUsername
2026-01-27 16:23:32.260 RedLemon[40337:192639] ✅ Realtime: Decoded message type: chat, sender: 96e01cdb-36c0-4228-a6e4-a29a3c66bc8e
2026-01-27 16:23:32.272 RedLemon[40337:192925] 📝 [PLAYER] Resumed
2026-01-27 16:23:32.272 RedLemon[40337:192925] 📝 Realtime: Registered observer 'player' (Presence: NO, Sync: YES, Status: NO)
2026-01-27 16:23:32.393 RedLemon[40337:192925] 📝 [PLAYER] Load Video (Smart) ["url": "https://chi3-4.download.real-debrid.com/d/J6N4F5E676LA241/The%20Beauty%20S01E01%20Beautiful%20Pilot%201080p%20DSNP%20WEB-DL%20DDP5%201%20H%20264-FLUX%5BEZTVx.to%5D.mkv"]
2026-01-27 16:23:32.803 RedLemon[40337:193125] 📝 [PLAYER] Playback State Changed ["state": "Paused"]
2026-01-27 16:23:32.803 RedLemon[40337:193125] 📝 [PLAYER] Buffering Started
2026-01-27 16:23:34.277 RedLemon[40337:193316] 📤 Realtime: Sending message type: playbackState, sender: 96E01CDB-36C0-4228-A6E4-A29A3C66BC8E
2026-01-27 16:23:34.277 RedLemon[40337:193316]    Payload keys: timestamp, isPlaying, type, senderId, position
2026-01-27 16:23:34.278 RedLemon[40337:192925] ✅ Realtime: Message broadcast complete
2026-01-27 16:23:34.525 RedLemon[40337:193316] 📨 Realtime: Received broadcast message
2026-01-27 16:23:34.525 RedLemon[40337:193316]    Payload keys: timestamp, isPlaying, type, senderId, position
2026-01-27 16:23:34.525 RedLemon[40337:193316] ✅ Realtime: Decoded message type: playbackState, sender: 96E01CDB-36C0-4228-A6E4-A29A3C66BC8E
2026-01-27 16:23:34.845 RedLemon[40337:193125] 📝 [PLAYER] File Loaded ["duration": "2687.435"]
2026-01-27 16:23:34.856 RedLemon[40337:193125] 📤 Realtime: Sending message type: ready, sender: 96e01cdb-36c0-4228-a6e4-a29a3c66bc8e
2026-01-27 16:23:34.856 RedLemon[40337:193125]    Payload keys: position, type, senderId, timestamp, isPlaying
2026-01-27 16:23:34.857 RedLemon[40337:192639] ✅ Realtime: Message broadcast complete
2026-01-27 16:23:35.013 RedLemon[40337:193125] 📨 Realtime: Received broadcast message
2026-01-27 16:23:35.013 RedLemon[40337:193125]    Payload keys: type, isPlaying, position, senderId, timestamp
2026-01-27 16:23:35.013 RedLemon[40337:193125] ✅ Realtime: Decoded message type: ready, sender: 96e01cdb-36c0-4228-a6e4-a29a3c66bc8e
2026-01-27 16:23:36.277 RedLemon[40337:193125] 📤 Realtime: Sending message type: playbackState, sender: 96E01CDB-36C0-4228-A6E4-A29A3C66BC8E
2026-01-27 16:23:36.277 RedLemon[40337:193125]    Payload keys: isPlaying, type, senderId, position, timestamp
2026-01-27 16:23:36.278 RedLemon[40337:192926] ✅ Realtime: Message broadcast complete
2026-01-27 16:23:36.435 RedLemon[40337:193316] 📨 Realtime: Received broadcast message
2026-01-27 16:23:36.435 RedLemon[40337:193316]    Payload keys: isPlaying, type, position, timestamp, senderId
2026-01-27 16:23:36.436 RedLemon[40337:193316] ✅ Realtime: Decoded message type: playbackState, sender: 96E01CDB-36C0-4228-A6E4-A29A3C66BC8E
2026-01-27 16:23:36.846 RedLemon[40337:192639] 📤 Realtime: Sending message type: ready, sender: 96e01cdb-36c0-4228-a6e4-a29a3c66bc8e
2026-01-27 16:23:36.846 RedLemon[40337:192639]    Payload keys: isPlaying, type, position, senderId, timestamp
2026-01-27 16:23:36.847 RedLemon[40337:193316] ✅ Realtime: Message broadcast complete
2026-01-27 16:23:37.011 RedLemon[40337:193316] 📨 Realtime: Received broadcast message
2026-01-27 16:23:37.011 RedLemon[40337:193316]    Payload keys: position, senderId, type, timestamp, isPlaying
2026-01-27 16:23:37.011 RedLemon[40337:193316] ✅ Realtime: Decoded message type: ready, sender: 96e01cdb-36c0-4228-a6e4-a29a3c66bc8e
2026-01-27 16:23:38.277 RedLemon[40337:192639] 📤 Realtime: Sending message type: playbackState, sender: 96E01CDB-36C0-4228-A6E4-A29A3C66BC8E
2026-01-27 16:23:38.277 RedLemon[40337:192639]    Payload keys: isPlaying, timestamp, type, senderId, position
2026-01-27 16:23:38.278 RedLemon[40337:192639] ✅ Realtime: Message broadcast complete
2026-01-27 16:23:38.328 RedLemon[40337:192639] 📨 Realtime: Received broadcast message
2026-01-27 16:23:38.328 RedLemon[40337:192639]    Payload keys: type, position, timestamp, isPlaying, senderId
2026-01-27 16:23:38.329 RedLemon[40337:192639] ✅ Realtime: Decoded message type: ready, sender: 4aef4e1b-ba8e-4d31-8736-bca3b94f402b
2026-01-27 16:23:38.437 RedLemon[40337:193316] 📨 Realtime: Received broadcast message
2026-01-27 16:23:38.437 RedLemon[40337:193316]    Payload keys: timestamp, isPlaying, type, position, senderId
2026-01-27 16:23:38.437 RedLemon[40337:193316] ✅ Realtime: Decoded message type: playbackState, sender: 96E01CDB-36C0-4228-A6E4-A29A3C66BC8E
2026-01-27 16:23:38.537 RedLemon[40337:192926] 🔐 Signed request to /rpc/user_heartbeat
2026-01-27 16:23:38.847 RedLemon[40337:193020] 📤 Realtime: Sending message type: ready, sender: 96e01cdb-36c0-4228-a6e4-a29a3c66bc8e
2026-01-27 16:23:38.847 RedLemon[40337:193020]    Payload keys: timestamp, position, senderId, type, isPlaying
2026-01-27 16:23:38.848 RedLemon[40337:193125] ✅ Realtime: Message broadcast complete
2026-01-27 16:23:39.031 RedLemon[40337:193316] 📨 Realtime: Received broadcast message
2026-01-27 16:23:39.031 RedLemon[40337:193316]    Payload keys: timestamp, isPlaying, type, position, senderId
2026-01-27 16:23:39.031 RedLemon[40337:193316] ✅ Realtime: Decoded message type: ready, sender: 96e01cdb-36c0-4228-a6e4-a29a3c66bc8e
2026-01-27 16:23:39.377 RedLemon[40337:192639] 📤 Realtime: Sending message type: play, sender: 96e01cdb-36c0-4228-a6e4-a29a3c66bc8e
2026-01-27 16:23:39.377 RedLemon[40337:192639]    Payload keys: timestamp, senderId, position, type, isPlaying
2026-01-27 16:23:39.378 RedLemon[40337:192639] ✅ Realtime: Message broadcast complete
2026-01-27 16:23:39.389 RedLemon[40337:193316] 📝 [PLAYER] Playback State Changed ["state": "Playing"]
2026-01-27 16:23:39.543 RedLemon[40337:192925] 📨 Realtime: Received broadcast message
2026-01-27 16:23:39.543 RedLemon[40337:192925]    Payload keys: timestamp, type, isPlaying, senderId, position
2026-01-27 16:23:39.543 RedLemon[40337:192925] ✅ Realtime: Decoded message type: play, sender: 96e01cdb-36c0-4228-a6e4-a29a3c66bc8e
2026-01-27 16:23:40.161 RedLemon[40337:192639] 📤 Realtime: Sending message type: play, sender: 96e01cdb-36c0-4228-a6e4-a29a3c66bc8e
2026-01-27 16:23:40.161 RedLemon[40337:192639]    Payload keys: position, type, timestamp, senderId, isPlaying
2026-01-27 16:23:40.162 RedLemon[40337:192925] ✅ Realtime: Message broadcast complete
2026-01-27 16:23:40.362 RedLemon[40337:192925] 📨 Realtime: Received broadcast message
2026-01-27 16:23:40.362 RedLemon[40337:192925]    Payload keys: isPlaying, type, timestamp, senderId, position
2026-01-27 16:23:40.363 RedLemon[40337:192925] ✅ Realtime: Decoded message type: play, sender: 96e01cdb-36c0-4228-a6e4-a29a3c66bc8e
2026-01-27 16:23:40.426 RedLemon[40337:192925] 📤 Realtime: Sending message type: playbackState, sender: 96E01CDB-36C0-4228-A6E4-A29A3C66BC8E
2026-01-27 16:23:40.427 RedLemon[40337:192925]    Payload keys: position, senderId, timestamp, isPlaying, type
2026-01-27 16:23:40.428 RedLemon[40337:192639] ✅ Realtime: Message broadcast complete
2026-01-27 16:23:40.588 RedLemon[40337:192639] 📨 Realtime: Received broadcast message
2026-01-27 16:23:40.588 RedLemon[40337:192639]    Payload keys: isPlaying, type, position, senderId, timestamp
2026-01-27 16:23:40.589 RedLemon[40337:192639] ✅ Realtime: Decoded message type: playbackState, sender: 96E01CDB-36C0-4228-A6E4-A29A3C66BC8E
2026-01-27 16:23:42.318 RedLemon[40337:193316] 📤 Realtime: Sending message type: playbackState, sender: 96E01CDB-36C0-4228-A6E4-A29A3C66BC8E
2026-01-27 16:23:42.319 RedLemon[40337:193316]    Payload keys: type, timestamp, isPlaying, senderId, position
2026-01-27 16:23:42.321 RedLemon[40337:192925] ✅ Realtime: Message broadcast complete
2026-01-27 16:23:42.322 RedLemon[40337:193020] 🔐 Signed request to /rooms
2026-01-27 16:23:42.359 RedLemon[40337:193020] 🔐 SupabaseClient: Signing Identity Payload: '176954902296e01cdb-36c0-4228-a6e4-a29a3c66bc8e/rpc/room_heartbeat'
2026-01-27 16:23:42.359 RedLemon[40337:193020] 🔐 Signed request to /rpc/room_heartbeat
2026-01-27 16:23:42.477 RedLemon[40337:192925] 📨 Realtime: Received broadcast message
2026-01-27 16:23:42.477 RedLemon[40337:192925]    Payload keys: senderId, isPlaying, position, type, timestamp
2026-01-27 16:23:42.477 RedLemon[40337:192925] ✅ Realtime: Decoded message type: playbackState, sender: 96E01CDB-36C0-4228-A6E4-A29A3C66BC8E
2026-01-27 16:23:42.650 RedLemon[40337:188172] 📨 Lobby: Received Room UPDATE from Realtime
2026-01-27 16:23:42.651 RedLemon[40337:188172] 📨 Lobby: Received Room UPDATE from Realtime
2026-01-27 16:23:43.235 RedLemon[40337:188172] 📨 Lobby: Received Room UPDATE from Realtime
2026-01-27 16:23:44.281 RedLemon[40337:192926] 📤 Realtime: Sending message type: playbackState, sender: 96E01CDB-36C0-4228-A6E4-A29A3C66BC8E
2026-01-27 16:23:44.282 RedLemon[40337:192926]    Payload keys: isPlaying, type, senderId, position, timestamp
2026-01-27 16:23:44.283 RedLemon[40337:192926] ✅ Realtime: Message broadcast complete
2026-01-27 16:23:44.435 RedLemon[40337:192639] 📨 Realtime: Received broadcast message
2026-01-27 16:23:44.435 RedLemon[40337:192639]    Payload keys: senderId, timestamp, type, isPlaying, position
2026-01-27 16:23:44.435 RedLemon[40337:192639] ✅ Realtime: Decoded message type: playbackState, sender: 96E01CDB-36C0-4228-A6E4-A29A3C66BC8E
2026-01-27 16:23:46.332 RedLemon[40337:193316] 📤 Realtime: Sending message type: playbackState, sender: 96E01CDB-36C0-4228-A6E4-A29A3C66BC8E
2026-01-27 16:23:46.333 RedLemon[40337:193316]    Payload keys: senderId, type, timestamp, position, isPlaying
2026-01-27 16:23:46.334 RedLemon[40337:192639] ✅ Realtime: Message broadcast complete
2026-01-27 16:23:46.509 RedLemon[40337:192639] 📨 Realtime: Received broadcast message
2026-01-27 16:23:46.509 RedLemon[40337:192639]    Payload keys: isPlaying, senderId, position, timestamp, type
2026-01-27 16:23:46.509 RedLemon[40337:192639] ✅ Realtime: Decoded message type: playbackState, sender: 96E01CDB-36C0-4228-A6E4-A29A3C66BC8E
2026-01-27 16:23:48.327 RedLemon[40337:193020] 📤 Realtime: Sending message type: playbackState, sender: 96E01CDB-36C0-4228-A6E4-A29A3C66BC8E
2026-01-27 16:23:48.327 RedLemon[40337:193020]    Payload keys: type, position, senderId, timestamp, isPlaying
2026-01-27 16:23:48.328 RedLemon[40337:193020] ✅ Realtime: Message broadcast complete
2026-01-27 16:23:48.490 RedLemon[40337:193020] 📨 Realtime: Received broadcast message
2026-01-27 16:23:48.491 RedLemon[40337:193020]    Payload keys: isPlaying, timestamp, senderId, type, position
2026-01-27 16:23:48.491 RedLemon[40337:193020] ✅ Realtime: Decoded message type: playbackState, sender: 96E01CDB-36C0-4228-A6E4-A29A3C66BC8E
2026-01-27 16:23:50.417 RedLemon[40337:192925] 📤 Realtime: Sending message type: playbackState, sender: 96E01CDB-36C0-4228-A6E4-A29A3C66BC8E
2026-01-27 16:23:50.418 RedLemon[40337:192925]    Payload keys: position, senderId, type, isPlaying, timestamp
2026-01-27 16:23:50.419 RedLemon[40337:193316] ✅ Realtime: Message broadcast complete
2026-01-27 16:23:50.574 RedLemon[40337:192926] 📨 Realtime: Received broadcast message
2026-01-27 16:23:50.575 RedLemon[40337:192926]    Payload keys: position, timestamp, senderId, type, isPlaying
2026-01-27 16:23:50.576 RedLemon[40337:192926] ✅ Realtime: Decoded message type: playbackState, sender: 96E01CDB-36C0-4228-A6E4-A29A3C66BC8E
2026-01-27 16:23:52.286 RedLemon[40337:193020] 📤 Realtime: Sending message type: playbackState, sender: 96E01CDB-36C0-4228-A6E4-A29A3C66BC8E
2026-01-27 16:23:52.287 RedLemon[40337:193020]    Payload keys: senderId, isPlaying, timestamp, position, type
2026-01-27 16:23:52.288 RedLemon[40337:192925] ✅ Realtime: Message broadcast complete
2026-01-27 16:23:52.288 RedLemon[40337:193125] 🔐 Signed request to /rooms
2026-01-27 16:23:52.548 RedLemon[40337:192926] 📨 Realtime: Received broadcast message
2026-01-27 16:23:52.548 RedLemon[40337:192926]    Payload keys: position, senderId, type, isPlaying, timestamp
2026-01-27 16:23:52.549 RedLemon[40337:192926] ✅ Realtime: Decoded message type: playbackState, sender: 96E01CDB-36C0-4228-A6E4-A29A3C66BC8E
2026-01-27 16:23:52.578 RedLemon[40337:188172] 📨 Lobby: Received Room UPDATE from Realtime
2026-01-27 16:23:54.329 RedLemon[40337:192925] 📤 Realtime: Sending message type: playbackState, sender: 96E01CDB-36C0-4228-A6E4-A29A3C66BC8E
2026-01-27 16:23:54.330 RedLemon[40337:192925]    Payload keys: position, type, isPlaying, timestamp, senderId
2026-01-27 16:23:54.331 RedLemon[40337:192926] ✅ Realtime: Message broadcast complete
2026-01-27 16:23:54.598 RedLemon[40337:192925] 📨 Realtime: Received broadcast message
2026-01-27 16:23:54.598 RedLemon[40337:192925]    Payload keys: type, position, senderId, isPlaying, timestamp
2026-01-27 16:23:54.599 RedLemon[40337:192925] ✅ Realtime: Decoded message type: playbackState, sender: 96E01CDB-36C0-4228-A6E4-A29A3C66BC8E
2026-01-27 16:23:56.331 RedLemon[40337:192925] 📤 Realtime: Sending message type: playbackState, sender: 96E01CDB-36C0-4228-A6E4-A29A3C66BC8E
2026-01-27 16:23:56.332 RedLemon[40337:192925]    Payload keys: type, position, timestamp, senderId, isPlaying
2026-01-27 16:23:56.333 RedLemon[40337:193020] ✅ Realtime: Message broadcast complete
2026-01-27 16:23:56.462 RedLemon[40337:193020] 📨 Realtime: Received broadcast message
2026-01-27 16:23:56.462 RedLemon[40337:193020]    Payload keys: timestamp, senderId, position, type, isPlaying
2026-01-27 16:23:56.462 RedLemon[40337:193020] ✅ Realtime: Decoded message type: playbackState, sender: 96E01CDB-36C0-4228-A6E4-A29A3C66BC8E
2026-01-27 16:23:58.335 RedLemon[40337:192639] 📤 Realtime: Sending message type: playbackState, sender: 96E01CDB-36C0-4228-A6E4-A29A3C66BC8E
2026-01-27 16:23:58.337 RedLemon[40337:192639]    Payload keys: position, senderId, timestamp, isPlaying, type
2026-01-27 16:23:58.338 RedLemon[40337:192639] ✅ Realtime: Message broadcast complete
2026-01-27 16:23:58.486 RedLemon[40337:192639] 📨 Realtime: Received broadcast message
2026-01-27 16:23:58.487 RedLemon[40337:192639]    Payload keys: type, isPlaying, position, senderId, timestamp
2026-01-27 16:23:58.487 RedLemon[40337:192639] ✅ Realtime: Decoded message type: playbackState, sender: 96E01CDB-36C0-4228-A6E4-A29A3C66BC8E
2026-01-27 16:24:00.378 RedLemon[40337:192926] 📤 Realtime: Sending message type: playbackState, sender: 96E01CDB-36C0-4228-A6E4-A29A3C66BC8E
2026-01-27 16:24:00.379 RedLemon[40337:192926]    Payload keys: type, senderId, position, timestamp, isPlaying
2026-01-27 16:24:00.379 RedLemon[40337:192639] ✅ Realtime: Message broadcast complete
2026-01-27 16:24:00.499 RedLemon[40337:192639] 📨 Realtime: Received broadcast message
2026-01-27 16:24:00.500 RedLemon[40337:192639]    Payload keys: type, isPlaying, position, timestamp, senderId
2026-01-27 16:24:00.500 RedLemon[40337:192639] ✅ Realtime: Decoded message type: playbackState, sender: 96E01CDB-36C0-4228-A6E4-A29A3C66BC8E
2026-01-27 16:24:02.219 RedLemon[40337:192926] 📤 Realtime: Sending message type: seek, sender: 96e01cdb-36c0-4228-a6e4-a29a3c66bc8e
2026-01-27 16:24:02.220 RedLemon[40337:192926]    Payload keys: position, type, timestamp, isPlaying, senderId
2026-01-27 16:24:02.221 RedLemon[40337:192639] ✅ Realtime: Message broadcast complete
2026-01-27 16:24:02.277 RedLemon[40337:192639] 📤 Realtime: Sending message type: playbackState, sender: 96E01CDB-36C0-4228-A6E4-A29A3C66BC8E
2026-01-27 16:24:02.278 RedLemon[40337:192639]    Payload keys: isPlaying, position, type, timestamp, senderId
2026-01-27 16:24:02.279 RedLemon[40337:193316] ✅ Realtime: Message broadcast complete
2026-01-27 16:24:02.280 RedLemon[40337:192926] 🔐 Signed request to /rooms
2026-01-27 16:24:02.344 RedLemon[40337:192639] 📨 Realtime: Received broadcast message
2026-01-27 16:24:02.344 RedLemon[40337:192639]    Payload keys: isPlaying, position, senderId, type, timestamp
2026-01-27 16:24:02.344 RedLemon[40337:192639] ✅ Realtime: Decoded message type: seek, sender: 96e01cdb-36c0-4228-a6e4-a29a3c66bc8e
2026-01-27 16:24:02.401 RedLemon[40337:193316] 📨 Realtime: Received broadcast message
2026-01-27 16:24:02.401 RedLemon[40337:193316]    Payload keys: position, senderId, timestamp, isPlaying, type
2026-01-27 16:24:02.402 RedLemon[40337:193316] ✅ Realtime: Decoded message type: playbackState, sender: 96E01CDB-36C0-4228-A6E4-A29A3C66BC8E
2026-01-27 16:24:02.523 RedLemon[40337:188172] 📨 Lobby: Received Room UPDATE from Realtime
2026-01-27 16:24:03.767 RedLemon[40337:193020] 🔐 Signed request to /rpc/user_heartbeat
2026-01-27 16:24:04.412 RedLemon[40337:192639] 📤 Realtime: Sending message type: playbackState, sender: 96E01CDB-36C0-4228-A6E4-A29A3C66BC8E
2026-01-27 16:24:04.413 RedLemon[40337:192639]    Payload keys: position, type, timestamp, senderId, isPlaying
2026-01-27 16:24:04.413 RedLemon[40337:192925] ✅ Realtime: Message broadcast complete
2026-01-27 16:24:04.581 RedLemon[40337:193429] 📨 Realtime: Received broadcast message
2026-01-27 16:24:04.581 RedLemon[40337:193429]    Payload keys: senderId, position, isPlaying, timestamp, type
2026-01-27 16:24:04.582 RedLemon[40337:193429] ✅ Realtime: Decoded message type: playbackState, sender: 96E01CDB-36C0-4228-A6E4-A29A3C66BC8E
2026-01-27 16:24:06.375 RedLemon[40337:193429] 📤 Realtime: Sending message type: playbackState, sender: 96E01CDB-36C0-4228-A6E4-A29A3C66BC8E
2026-01-27 16:24:06.375 RedLemon[40337:193429]    Payload keys: senderId, isPlaying, type, position, timestamp
2026-01-27 16:24:06.377 RedLemon[40337:192925] ✅ Realtime: Message broadcast complete
2026-01-27 16:24:06.495 RedLemon[40337:193020] 📨 Realtime: Received broadcast message
2026-01-27 16:24:06.495 RedLemon[40337:193020]    Payload keys: senderId, timestamp, position, type, isPlaying
2026-01-27 16:24:06.496 RedLemon[40337:193020] ✅ Realtime: Decoded message type: playbackState, sender: 96E01CDB-36C0-4228-A6E4-A29A3C66BC8E
2026-01-27 16:24:08.375 RedLemon[40337:193020] 📤 Realtime: Sending message type: playbackState, sender: 96E01CDB-36C0-4228-A6E4-A29A3C66BC8E
2026-01-27 16:24:08.376 RedLemon[40337:193020]    Payload keys: senderId, isPlaying, type, timestamp, position
2026-01-27 16:24:08.376 RedLemon[40337:192925] ✅ Realtime: Message broadcast complete
2026-01-27 16:24:08.496 RedLemon[40337:193020] 📨 Realtime: Received broadcast message
2026-01-27 16:24:08.496 RedLemon[40337:193020]    Payload keys: timestamp, position, isPlaying, senderId, type
2026-01-27 16:24:08.496 RedLemon[40337:193020] ✅ Realtime: Decoded message type: playbackState, sender: 96E01CDB-36C0-4228-A6E4-A29A3C66BC8E
2026-01-27 16:24:10.302 RedLemon[40337:193316] 📤 Realtime: Sending message type: playbackState, sender: 96E01CDB-36C0-4228-A6E4-A29A3C66BC8E
2026-01-27 16:24:10.302 RedLemon[40337:193316]    Payload keys: type, isPlaying, senderId, timestamp, position
2026-01-27 16:24:10.303 RedLemon[40337:192639] ✅ Realtime: Message broadcast complete
2026-01-27 16:24:10.430 RedLemon[40337:192639] 📨 Realtime: Received broadcast message
2026-01-27 16:24:10.430 RedLemon[40337:192639]    Payload keys: senderId, position, timestamp, type, isPlaying
2026-01-27 16:24:10.433 RedLemon[40337:192639] ✅ Realtime: Decoded message type: playbackState, sender: 96E01CDB-36C0-4228-A6E4-A29A3C66BC8E
2026-01-27 16:24:12.297 RedLemon[40337:192639] 📤 Realtime: Sending message type: playbackState, sender: 96E01CDB-36C0-4228-A6E4-A29A3C66BC8E
2026-01-27 16:24:12.298 RedLemon[40337:192639]    Payload keys: position, isPlaying, timestamp, type, senderId
2026-01-27 16:24:12.300 RedLemon[40337:193429] 🔐 Signed request to /rooms
2026-01-27 16:24:12.301 RedLemon[40337:192925] ✅ Realtime: Message broadcast complete
2026-01-27 16:24:12.418 RedLemon[40337:193429] 📨 Realtime: Received broadcast message
2026-01-27 16:24:12.418 RedLemon[40337:193429]    Payload keys: type, senderId, isPlaying, timestamp, position
2026-01-27 16:24:12.420 RedLemon[40337:193429] ✅ Realtime: Decoded message type: playbackState, sender: 96E01CDB-36C0-4228-A6E4-A29A3C66BC8E
2026-01-27 16:24:12.545 RedLemon[40337:188172] 📨 Lobby: Received Room UPDATE from Realtime
2026-01-27 16:24:12.631 RedLemon[40337:193316] 🔐 SupabaseClient: Signing Identity Payload: '176954905296e01cdb-36c0-4228-a6e4-a29a3c66bc8e/rpc/room_heartbeat'
2026-01-27 16:24:12.632 RedLemon[40337:193316] 🔐 Signed request to /rpc/room_heartbeat
2026-01-27 16:24:12.839 RedLemon[40337:188172] 📨 Lobby: Received Room UPDATE from Realtime
2026-01-27 16:24:13.393 RedLemon[40337:188172] 📨 Lobby: Received Room UPDATE from Realtime
2026-01-27 16:24:14.278 RedLemon[40337:192925] 📤 Realtime: Sending message type: playbackState, sender: 96E01CDB-36C0-4228-A6E4-A29A3C66BC8E
2026-01-27 16:24:14.278 RedLemon[40337:192925]    Payload keys: type, timestamp, position, senderId, isPlaying
2026-01-27 16:24:14.279 RedLemon[40337:192925] ✅ Realtime: Message broadcast complete
2026-01-27 16:24:14.400 RedLemon[40337:193706] 📨 Realtime: Received broadcast message
2026-01-27 16:24:14.400 RedLemon[40337:193706]    Payload keys: type, timestamp, isPlaying, position, senderId
2026-01-27 16:24:14.401 RedLemon[40337:193706] ✅ Realtime: Decoded message type: playbackState, sender: 96E01CDB-36C0-4228-A6E4-A29A3C66BC8E
2026-01-27 16:24:16.278 RedLemon[40337:192925] 📤 Realtime: Sending message type: playbackState, sender: 96E01CDB-36C0-4228-A6E4-A29A3C66BC8E
2026-01-27 16:24:16.278 RedLemon[40337:192925]    Payload keys: isPlaying, type, senderId, position, timestamp
2026-01-27 16:24:16.279 RedLemon[40337:192925] ✅ Realtime: Message broadcast complete
2026-01-27 16:24:16.404 RedLemon[40337:193429] 📨 Realtime: Received broadcast message
2026-01-27 16:24:16.404 RedLemon[40337:193429]    Payload keys: position, isPlaying, timestamp, type, senderId
2026-01-27 16:24:16.404 RedLemon[40337:193429] ✅ Realtime: Decoded message type: playbackState, sender: 96E01CDB-36C0-4228-A6E4-A29A3C66BC8E
2026-01-27 16:24:18.278 RedLemon[40337:193706] 📤 Realtime: Sending message type: playbackState, sender: 96E01CDB-36C0-4228-A6E4-A29A3C66BC8E
2026-01-27 16:24:18.278 RedLemon[40337:193706]    Payload keys: position, isPlaying, type, senderId, timestamp
2026-01-27 16:24:18.279 RedLemon[40337:192926] ✅ Realtime: Message broadcast complete
2026-01-27 16:24:18.404 RedLemon[40337:193429] 📨 Realtime: Received broadcast message
2026-01-27 16:24:18.404 RedLemon[40337:193429]    Payload keys: senderId, isPlaying, position, type, timestamp
2026-01-27 16:24:18.404 RedLemon[40337:193429] ✅ Realtime: Decoded message type: playbackState, sender: 96E01CDB-36C0-4228-A6E4-A29A3C66BC8E
2026-01-27 16:24:20.278 RedLemon[40337:193706] 📤 Realtime: Sending message type: playbackState, sender: 96E01CDB-36C0-4228-A6E4-A29A3C66BC8E
2026-01-27 16:24:20.278 RedLemon[40337:193706]    Payload keys: position, isPlaying, timestamp, type, senderId
2026-01-27 16:24:20.279 RedLemon[40337:193429] ✅ Realtime: Message broadcast complete
2026-01-27 16:24:20.400 RedLemon[40337:193706] 📨 Realtime: Received broadcast message
2026-01-27 16:24:20.400 RedLemon[40337:193706]    Payload keys: senderId, timestamp, type, isPlaying, position
2026-01-27 16:24:20.400 RedLemon[40337:193706] ✅ Realtime: Decoded message type: playbackState, sender: 96E01CDB-36C0-4228-A6E4-A29A3C66BC8E
📄 Subtitle request: L3N1YnRpdGxlLzM1NDQ4... (offset: 0ms)
📥 Downloading subtitle from SubDL CDN: /subtitle/3544880-8466988.zip
ℹ️ RealtimeChannelManager: Already setup for room FUGM, filtering duplicate setup call.
📡 Connection state: connected
✅ Cache HIT: Metadata[meta_series_tt33517752]
✅ Download complete: 30875 bytes
📦 Detected ZIP archive, extracting...
🔍 Looking for S%02dE%02d in zip (%d files)... 1 1 2
✅ Found matching file in zip (Strategy 2 - Pattern s01e01): [CoffeePrison] THE BEAUTY S01E01 DSNP WEB ENG.srt
📦 Extracting specific file: \[CoffeePrison\] THE BEAUTY S01E01 DSNP WEB ENG.srt
✅ Extraction successful
✅ Subtitle downloaded and converted to VTT
📡 SocialService: Updated status - online: The Beauty - S01E01: Beautiful Pilot
⏰ AppState: Next schedule update set for Event End: 2026-01-27 23:02:34 +0000
⏰ AppState: Scheduling update in 5942 seconds
⏰ AppState: Next schedule update set for Event End: 2026-01-27 23:02:34 +0000
⏰ AppState: Scheduling update in 5941 seconds
🔄 Lobby: Fetching fresh room state from Supabase...
🔄 Lobby: Fetching fresh room state from Supabase...
🔄 Lobby: Fetching fresh room state from Supabase...
✅ Lobby: Synced CLEAN stream info, metadata & playlist to AppState
✅ Lobby: Synced CLEAN stream info, metadata & playlist to AppState
✅ Lobby: Synced CLEAN stream info, metadata & playlist to AppState
⏰ AppState: Next schedule update set for Event End: 2026-01-27 23:02:34 +0000
⏰ AppState: Scheduling update in 5930 seconds
🔄 Lobby: Fetching fresh room state from Supabase...
✅ Lobby: Synced CLEAN stream info, metadata & playlist to AppState
⏰ AppState: Next schedule update set for Event End: 2026-01-27 23:02:34 +0000
⏰ AppState: Scheduling update in 5921 seconds
📡 [EventsConfig] Checking server for movie_events config version...
🔄 Lobby: Fetching fresh room state from Supabase...
✅ [EventsConfig] Fetched movie_events version 1586 with 397 movies
✅ Lobby: Synced CLEAN stream info, metadata & playlist to AppState
✅ [EventsConfig] Using cached movie_events config (version 1586, 397 movies)
⏰ AppState: Next schedule update set for Event End: 2026-01-27 23:02:34 +0000
⏰ AppState: Scheduling update in 5911 seconds
🔄 Lobby: Fetching fresh room state from Supabase...
✅ Lobby: Synced CLEAN stream info, metadata & playlist to AppState
🔄 Lobby: Fetching fresh room state from Supabase...
✅ Lobby: Synced CLEAN stream info, metadata & playlist to AppState
🔄 Lobby: Fetching fresh room state from Supabase...
✅ Lobby: Synced CLEAN stream info, metadata & playlist to AppState
⏰ AppState: Next schedule update set for Event End: 2026-01-27 23:02:34 +0000
⏰ AppState: Scheduling update in 5901 seconds
