2026-01-07 18:10:04.477 RedLemon[14099:153729] 🪟 Set initial window to expanded size: (0.0, 150.0, 1366.0, 593.0)
2026-01-07 18:10:04.477 RedLemon[14099:153729] ✅ Cache cleanup timer started (runs every 30 minutes)
2026-01-07 18:10:04.551 RedLemon[14099:153729] 🔄 Resetting playback state to prevent auto-selection...
2026-01-07 18:10:04.554 RedLemon[14099:153854] 🔍 KeychainManager: Retrieved username 'ursinho' from UserDefaults
2026-01-07 18:10:04.585 RedLemon[14099:153729] ✅ Playback state reset complete - starting in browse view
2026-01-07 18:10:04.585 RedLemon[14099:153729] 🔐 APP STARTUP: Loading stored user credentials...
2026-01-07 18:10:04.585 RedLemon[14099:153729] 🧪 Testing Profile: debug
2026-01-07 18:10:04.586 RedLemon[14099:153854] 🔍 KeychainManager: Retrieved username 'ursinho' from UserDefaults
2026-01-07 18:10:04.617 RedLemon[14099:153729] ✅ Keychain: Found stored username: ursinho
2026-01-07 18:10:04.617 RedLemon[14099:153729] 🔍 Supabase: Looking up user 'ursinho' in database...
2026-01-07 18:10:04.617 RedLemon[14099:153857] 🔍 SupabaseClient: Looking up user by username 'ursinho'
2026-01-07 18:10:04.952 RedLemon[14099:153853] 📡 SupabaseClient: User lookup response received (358 bytes)
2026-01-07 18:10:04.965 RedLemon[14099:153853] ✅ SupabaseClient: Decoded 1 users from response
2026-01-07 18:10:04.965 RedLemon[14099:153853] 👤 SupabaseClient: Found user - ursinho (ID: 656DAA91-33B4-4688-9135-C982EA52D7C9)
2026-01-07 18:10:04.992 RedLemon[14099:153729] ✅ AUTH SUCCESS: User authenticated - ursinho (ID: 656DAA91-33B4-4688-9135-C982EA52D7C9)
2026-01-07 18:10:04.992 RedLemon[14099:153729] 🎯 AppState: currentUsername=ursinho, currentUserId=656DAA91-33B4-4688-9135-C982EA52D7C9
2026-01-07 18:10:04.992 RedLemon[14099:153729] 🏁 AUTH COMPLETE: Final state - username=ursinho, userId=656DAA91-33B4-4688-9135-C982EA52D7C9
2026-01-07 18:10:04.993 RedLemon[14099:153729] 🚀 RedLemon: Starting HTTP server...
2026-01-07 18:10:04.993 RedLemon[14099:153729] 📋 RedLemon: Current directory: /Users/danielnoble/Desktop/Redlemon
2026-01-07 18:10:05.012 RedLemon[14099:153729] ✅ RedLemon: HTTPServer instance created
2026-01-07 18:10:05.013 RedLemon[14099:153854] 📡 RedLemon: Server starting on port 47253...
⏲️ [EventsConfig] Starting polling fallback (every 60s)
🔌 Connecting to Supabase Realtime: wss://151.243.109.243.nip.io/realtime/v1/websocket
✅ Connected to Supabase Realtime
✅ Sparkle configured (manual only, no auto-checks)
   Appcast URL: https://raw.githubusercontent.com/orangeapple1272/Redlemon/main/appcast.xml
   Can check: false
📅 EventsView appeared
🎬 [EventsView] Fetching movie events from centralized config...
📡 [EventsConfig] Checking server for movie_events config version...
🔍 Memory pressure monitoring enabled (safe mode)
🔍 Silent update check (custom implementation)...
🖥️ CacheManager initialized with fixed conservative limits
   Image cache limit: 30 items
📂 Loaded 5 credential(s) from cache
📡 Joined channel: realtime:events_config_updates
✅ [EventsConfig] Subscribed to realtime schedule updates
📨 Received: {"ref":"CF8E49D2-8C4C-4B88-ADFD-E3D88E081482","event":"phx_reply","payload":{"status":"ok","response":{"postgres_changes":[{"id":53636278,"event":"INSERT","filter":"config_type=eq.movie_events","schema":"public","table":"events_config"}]}},"topic":"realtime:events_config_updates"}
📨 Received: {"ref":null,"event":"system","payload":{"message":"Subscribed to PostgreSQL","status":"ok","extension":"postgres_changes","channel":"events_config_updates"},"topic":"realtime:events_config_updates"}
📨 Received: {"ref":null,"event":"presence_state","payload":{},"topic":"realtime:events_config_updates"}
✅ Token routes registered:
   POST /tokens/save
   POST /tokens/delete
   GET  /tokens/list
✅ Unlock routes registered:
   POST /api/streams/unlock
✅ Stream routes registered:
   POST /api/streams/resolve
   GET  /api/streams/resolveByQuality
   GET  /api/streams/resolveAll
✅ Proxy routes registered:
   GET /play/rd/:infoHash/:fileIdx
   GET /play/rd/:infoHash
✅ Subtitle routes registered:
   GET /subtitles/search?imdbId=&type=
   GET /subtitles/subdl/:encodedPath
✅ All routes registered
✅ HTTP Server configured on http://127.0.0.1:47253
🚀 Starting HTTP server...
✅ Providers initialized: torrentio, comet, zilean, mediafusion, debridsearch
[ NOTICE ] Server started on http://127.0.0.1:47253
2026-01-07 18:10:05.341 RedLemon[14099:153729] ✅ Loaded user: ursinho (ID: 656DAA91-33B4-4688-9135-C982EA52D7C9)
2026-01-07 18:10:07.096 RedLemon[14099:153729] ✅ RedLemon: Server marked as ready
2026-01-07 18:10:07.141 RedLemon[14099:153729] ✅ RedLemon: Server should be running on http://127.0.0.1:47253
2026-01-07 18:10:07.141 RedLemon[14099:153729] 🔍 Performing startup checks...
2026-01-07 18:10:07.141 RedLemon[14099:153729] ✅ Username-based authentication ready
2026-01-07 18:10:08.071 RedLemon[14099:153729] 🔍 Performing startup checks...
2026-01-07 18:10:08.071 RedLemon[14099:153729] ✅ Username-based authentication ready
2026-01-07 18:10:08.630 RedLemon[14099:153729] 🔄 Checking for app updates...
✅ HTTP server running on http://127.0.0.1:47253

🔗 Available endpoints:
   http://127.0.0.1:47253/health
   http://127.0.0.1:47253/status
   http://127.0.0.1:47253/api/health

✅ [EventsConfig] Fetched movie_events version 1486 with 411 movies
✅ [EventsConfig] Using cached movie_events config (version 1486, 411 movies)
✅ [EventsView] Loaded 411 movies from config version 1486
🗓 AppState: Updated schedule epoch to 2026-01-04 23:43:30 +0000
⏰ AppState: Next schedule update set for Event End: 2026-01-08 00:48:30 +0000
⏰ AppState: Scheduling update in 5905 seconds
🖼️ [CACHE] Cached image data for key: https://images.metahub.space/background/medium/tt0162222/img (866194 bytes)
❌ Supabase error (404): {"code":"PGRST205","details":null,"hint":"Perhaps you meant the table 'public.users'","message":"Could not find the table 'public.user_blocks' in the schema cache"}
⚠️ Failed to load blocked users: httpError(404, "{\"code\":\"PGRST205\",\"details\":null,\"hint\":\"Perhaps you meant the table \'public.users\'\",\"message\":\"Could not find the table \'public.user_blocks\' in the schema cache\"}")
❌ Supabase error (404): {"code":"PGRST205","details":null,"hint":"Perhaps you meant the table 'public.users'","message":"Could not find the table 'public.user_blocks' in the schema cache"}
⚠️ Failed to load blocked users: httpError(404, "{\"code\":\"PGRST205\",\"details\":null,\"hint\":\"Perhaps you meant the table \'public.users\'\",\"message\":\"Could not find the table \'public.user_blocks\' in the schema cache\"}")
🔌 SocialService: Connecting to global presence...
🔌 Connecting to Supabase Realtime: wss://151.243.109.243.nip.io/realtime/v1/websocket
✅ Connected to Supabase Realtime
✅ SocialService: Presence connected
📡 Joined channel: realtime:global-presence
✅ SocialService: Connected to global presence
🔌 SocialService: Connecting to DM channel...
🔌 Connecting to Supabase Realtime: wss://151.243.109.243.nip.io/realtime/v1/websocket
✅ Connected to Supabase Realtime
✅ SocialService: DM channel connected
📨 Received: {"ref":"9D9DD31D-2F0E-41B6-A61F-94411B288253","event":"phx_reply","payload":{"status":"ok","response":{"postgres_changes":[]}},"topic":"realtime:global-presence"}
📨 Received: {"ref":null,"event":"presence_state","payload":{"79ac1f6e-ec1d-11f0-9a27-9ee62e3b7bba":{"metas":[{"phx_ref":"GIiVpyLgvb06AjkB","phx_ref_prev":"GIiVooMNMuU6ApNj","last_seen":"2026-01-07T23:09:58.560Z","room_id":"event_tt0162222","started_at":"2026-01-07T23:08:50.336Z","status":"online","user_id":"96e01cdb-36c0-4228-a6e4-a29a3c66bc8e","username":"lemontom","watching_id":"tt0162222","watching_title":"Cast Away","watching_type":"movie"}]}},"topic":"realtime:global-presence"}
📈 SocialService: User 96e01cdb-36c0-4228-a6e4-a29a3c66bc8e came online
📨 Received: {"ref":"1","event":"phx_reply","payload":{"status":"ok","response":{}},"topic":"realtime:global-presence"}
📨 Received: {"ref":null,"event":"presence_diff","payload":{"joins":{"016bc5a8-ec1e-11f0-a801-9ee62e3b7bba":{"metas":[{"phx_ref":"GIiVqO_ivBw6ApYD","last_seen":"2026-01-07T23:10:06.413Z","status":"online","user_id":"656DAA91-33B4-4688-9135-C982EA52D7C9","username":"ursinho"}]}},"leaves":{}},"topic":"realtime:global-presence"}
📈 SocialService: User 656daa91-33b4-4688-9135-c982ea52d7c9 came online
📡 Joined channel: realtime:direct_messages
✅ SocialService: Connected to DM channel
📬 SocialService: Fetched 0 unread messages
📨 Received: {"ref":"999AECFA-28F5-4DC8-82E8-7633D0848680","event":"phx_reply","payload":{"status":"ok","response":{"postgres_changes":[{"id":44215242,"event":"INSERT","filter":"receiver_id=eq.656daa91-33b4-4688-9135-c982ea52d7c9","schema":"public","table":"direct_messages"},{"id":13418599,"event":"INSERT","filter":"sender_id=eq.656daa91-33b4-4688-9135-c982ea52d7c9","schema":"public","table":"direct_messages"}]}},"topic":"realtime:direct_messages"}
🔄 SocialService: Syncing 36 items to cloud...
🔄 SocialService: Syncing 36 items to cloud (serial)...
📨 Received: {"ref":null,"event":"system","payload":{"message":"Subscribed to PostgreSQL","status":"ok","extension":"postgres_changes","channel":"direct_messages"},"topic":"realtime:direct_messages"}
📨 Received: {"ref":null,"event":"presence_state","payload":{},"topic":"realtime:direct_messages"}
💰 LicenseManager: Checking for background crypto payments...
💰 Check Payment Response: {"success":false,"message":"No new payments detected","debug":{"checked_count":1,"assets_found":[{"chain":"base","currency":"ETH","amount":66191878437,"amountFloat":6.6191878437e-8}],"prices":{"btc":90993,"eth":3143.34},"logs":[],"rpc_logs":["Scanning evm address: 0xde969b58087D2B2C4C79C2234dE8A9E2A503E1FD","base eth_getBalance: 0xf6957e925","eth eth_getBalance: undefined","opt eth_getBalance: undefined","poly eth_getBalance: undefined","arb eth_getBalance: 0x0"]}}
🚫 Subscription revoked or inactive.
💰 LicenseManager: Checking for background crypto payments...
💰 Check Payment Response: {"success":false,"message":"No new payments detected","debug":{"checked_count":1,"assets_found":[{"chain":"base","currency":"ETH","amount":66191878437,"amountFloat":6.6191878437e-8}],"prices":{"btc":90993,"eth":3143.34},"logs":[],"rpc_logs":["Scanning evm address: 0xde969b58087D2B2C4C79C2234dE8A9E2A503E1FD","eth eth_getBalance: undefined","opt eth_getBalance: undefined","poly eth_getBalance: undefined","base eth_getBalance: 0xf6957e925","arb eth_getBalance: 0x0"]}}
🚫 Subscription revoked or inactive.
🔍 Manual update check requested...
⏰ TimeService: Synchronizing clock with server...
✅ TimeService: Synced! Offset: 0.078s (RTT: 131ms)
   Local:  2026-01-07 23:10:08 +0000
   Server: 2026-01-07 23:10:08 +0000
⏰ Time synced with server! AppState should automatically recalculate.
🖼️ [CACHE] Cached image data for key: https://images.metahub.space/background/medium/tt2872732/img (1017650 bytes)
🖼️ [CACHE] Cached image data for key: https://images.metahub.space/background/medium/tt0167404/img (912485 bytes)
🖼️ [CACHE] Cached image data for key: https://images.metahub.space/background/medium/tt4881806/img (930754 bytes)
🖼️ [CACHE] Cached image data for key: https://images.metahub.space/background/medium/tt10545296/img (770130 bytes)
✅ BrowseView: Server is ready, loading content...
🔍 BrowseView: Loading content for tab: Movies
🗑️ Cleared all streaming catalogs
📽️ Fetching popular movies...
[ INFO ] GET /api/metadata/catalog/movie/popular [request-id: 6AAAB823-D3A0-451F-9501-05A02DF7BBC7]
📡 SocialService: Updated status - Browsing: 
🔍 [Server] Proxying catalog request to: https://v3-cinemeta.strem.io/catalog/movie/popular.json
💾 Cache SET: Catalog[quick_movie_pmp.json_7] (7 items)
💾 Cache SET: Catalog[quick_movie_atp.json_7] (7 items)
💾 Cache SET: Catalog[quick_movie_hbm.json_7] (7 items)
💾 Cache SET: Catalog[quick_movie_sst.json_7] (7 items)
💾 Cache SET: Catalog[quick_movie_hlu.json_7] (7 items)
💾 Cache SET: Catalog[quick_movie_dnp.json_7] (7 items)
💾 Cache SET: Catalog[quick_movie_nfx.json_7] (7 items)
💾 Cache SET: Catalog[quick_movie_amp.json_7] (7 items)
💾 Cache SET: Catalog[quick_movie_stz.json_7] (7 items)
💾 Cache SET: Catalog[quick_movie_pcp.json_7] (7 items)
🚀 Quick batch loaded: 7 items for paramount
🔍 Starting catalog fetch for paramount from: https://7a82163c306e-stremio-netflix-catalog-addon.baby-beamup.club/bmZ4LGRucCxhbXAsYXRwLGhibSxwbXAscGNwLGhsdSxjcnUsZHBlLHN0eixzc3Q6OjoxNzYzMjQxMzc5ODky/catalog/movie/pmp.json
🔄 Attempt 1/3 for paramount
🚀 Quick batch loaded: 7 items for appleTv
🔍 Starting catalog fetch for appleTv from: https://7a82163c306e-stremio-netflix-catalog-addon.baby-beamup.club/bmZ4LGRucCxhbXAsYXRwLGhibSxwbXAscGNwLGhsdSxjcnUsZHBlLHN0eixzc3Q6OjoxNzYzMjQxMzc5ODky/catalog/movie/atp.json
🔄 Attempt 1/3 for appleTv
🚀 Quick batch loaded: 7 items for hbo
🔍 Starting catalog fetch for hbo from: https://7a82163c306e-stremio-netflix-catalog-addon.baby-beamup.club/bmZ4LGRucCxhbXAsYXRwLGhibSxwbXAscGNwLGhsdSxjcnUsZHBlLHN0eixzc3Q6OjoxNzYzMjQxMzc5ODky/catalog/movie/hbm.json
🔄 Attempt 1/3 for hbo
🚀 Quick batch loaded: 7 items for showtime
🔍 Starting catalog fetch for showtime from: https://7a82163c306e-stremio-netflix-catalog-addon.baby-beamup.club/bmZ4LGRucCxhbXAsYXRwLGhibSxwbXAscGNwLGhsdSxjcnUsZHBlLHN0eixzc3Q6OjoxNzYzMjQxMzc5ODky/catalog/movie/sst.json
🔄 Attempt 1/3 for showtime
🚀 Quick batch loaded: 7 items for hulu
🔍 Starting catalog fetch for hulu from: https://7a82163c306e-stremio-netflix-catalog-addon.baby-beamup.club/bmZ4LGRucCxhbXAsYXRwLGhibSxwbXAscGNwLGhsdSxjcnUsZHBlLHN0eixzc3Q6OjoxNzYzMjQxMzc5ODky/catalog/movie/hlu.json
🔄 Attempt 1/3 for hulu
🚀 Quick batch loaded: 7 items for disney
🔍 Starting catalog fetch for disney from: https://7a82163c306e-stremio-netflix-catalog-addon.baby-beamup.club/bmZ4LGRucCxhbXAsYXRwLGhibSxwbXAscGNwLGhsdSxjcnUsZHBlLHN0eixzc3Q6OjoxNzYzMjQxMzc5ODky/catalog/movie/dnp.json
🔄 Attempt 1/3 for disney
🚀 Quick batch loaded: 7 items for netflix
🔍 Starting catalog fetch for netflix from: https://7a82163c306e-stremio-netflix-catalog-addon.baby-beamup.club/bmZ4LGRucCxhbXAsYXRwLGhibSxwbXAscGNwLGhsdSxjcnUsZHBlLHN0eixzc3Q6OjoxNzYzMjQxMzc5ODky/catalog/movie/nfx.json
🔄 Attempt 1/3 for netflix
🚀 Quick batch loaded: 7 items for prime
🔍 Starting catalog fetch for prime from: https://7a82163c306e-stremio-netflix-catalog-addon.baby-beamup.club/bmZ4LGRucCxhbXAsYXRwLGhibSxwbXAscGNwLGhsdSxjcnUsZHBlLHN0eixzc3Q6OjoxNzYzMjQxMzc5ODky/catalog/movie/amp.json
🔄 Attempt 1/3 for prime
🚀 Quick batch loaded: 7 items for starz
🔍 Starting catalog fetch for starz from: https://7a82163c306e-stremio-netflix-catalog-addon.baby-beamup.club/bmZ4LGRucCxhbXAsYXRwLGhibSxwbXAscGNwLGhsdSxjcnUsZHBlLHN0eixzc3Q6OjoxNzYzMjQxMzc5ODky/catalog/movie/stz.json
🔄 Attempt 1/3 for starz
🚀 Quick batch loaded: 7 items for peacock
🔍 Starting catalog fetch for peacock from: https://7a82163c306e-stremio-netflix-catalog-addon.baby-beamup.club/bmZ4LGRucCxhbXAsYXRwLGhibSxwbXAscGNwLGhsdSxjcnUsZHBlLHN0eixzc3Q6OjoxNzYzMjQxMzc5ODky/catalog/movie/pcp.json
🔄 Attempt 1/3 for peacock
💾 Cache SET: Catalog[catalog_movie_pmp.json] (15 items)
💾 Cache SET: Catalog[catalog_movie_atp.json] (15 items)
💾 Cache SET: Catalog[catalog_movie_hbm.json] (15 items)
💾 Cache SET: Catalog[catalog_movie_sst.json] (15 items)
💾 Cache SET: Catalog[catalog_movie_hlu.json] (15 items)
💾 Cache SET: Catalog[catalog_movie_dnp.json] (15 items)
💾 Cache SET: Catalog[catalog_movie_nfx.json] (15 items)
💾 Cache SET: Catalog[catalog_movie_amp.json] (15 items)
💾 Cache SET: Catalog[catalog_movie_stz.json] (15 items)
📊 Using fixed catalog size: 15 items
💾 Cache SET: Catalog[catalog_movie_pcp.json] (15 items)
✅ Attempt 1 successful for paramount
✅ Successfully fetched 15 items for paramount from primary service
📦 Full batch loaded: 15 items for paramount
✅ Progressive loading completed for paramount
📊 Using fixed catalog size: 15 items
✅ Attempt 1 successful for appleTv
✅ Successfully fetched 15 items for appleTv from primary service
📦 Full batch loaded: 15 items for appleTv
✅ Progressive loading completed for appleTv
📊 Using fixed catalog size: 15 items
✅ Attempt 1 successful for hbo
✅ Successfully fetched 15 items for hbo from primary service
📦 Full batch loaded: 15 items for hbo
✅ Progressive loading completed for hbo
📊 Using fixed catalog size: 15 items
✅ Attempt 1 successful for showtime
✅ Successfully fetched 15 items for showtime from primary service
📦 Full batch loaded: 15 items for showtime
✅ Progressive loading completed for showtime
📊 Using fixed catalog size: 15 items
✅ Attempt 1 successful for hulu
✅ Successfully fetched 15 items for hulu from primary service
📦 Full batch loaded: 15 items for hulu
✅ Progressive loading completed for hulu
📊 Using fixed catalog size: 15 items
✅ Attempt 1 successful for disney
✅ Successfully fetched 15 items for disney from primary service
📦 Full batch loaded: 15 items for disney
✅ Progressive loading completed for disney
📊 Using fixed catalog size: 15 items
✅ Attempt 1 successful for netflix
✅ Successfully fetched 15 items for netflix from primary service
📦 Full batch loaded: 15 items for netflix
✅ Progressive loading completed for netflix
📊 Using fixed catalog size: 15 items
✅ Attempt 1 successful for prime
✅ Successfully fetched 15 items for prime from primary service
📦 Full batch loaded: 15 items for prime
✅ Progressive loading completed for prime
📊 Using fixed catalog size: 15 items
✅ Attempt 1 successful for starz
✅ Successfully fetched 15 items for starz from primary service
📦 Full batch loaded: 15 items for starz
✅ Progressive loading completed for starz
📊 Using fixed catalog size: 15 items
✅ Attempt 1 successful for peacock
✅ Successfully fetched 15 items for peacock from primary service
📦 Full batch loaded: 15 items for peacock
✅ Progressive loading completed for peacock
📨 Received: {"ref":"2","event":"phx_reply","payload":{"status":"ok","response":{}},"topic":"realtime:global-presence"}
📨 Received: {"ref":null,"event":"presence_diff","payload":{"joins":{"016bc5a8-ec1e-11f0-a801-9ee62e3b7bba":{"metas":[{"phx_ref":"GIiVqrnXuQY6ApcD","phx_ref_prev":"GIiVqO_ivBw6ApYD","last_seen":"2026-01-07T23:10:14.096Z","status":"Browsing","user_id":"656daa91-33b4-4688-9135-c982ea52d7c9","username":"ursinho"}]}},"leaves":{"016bc5a8-ec1e-11f0-a801-9ee62e3b7bba":{"metas":[{"phx_ref":"GIiVqO_ivBw6ApYD","last_seen":"2026-01-07T23:10:06.413Z","status":"online","user_id":"656DAA91-33B4-4688-9135-C982EA52D7C9","username":"ursinho"}]}}},"topic":"realtime:global-presence"}
🗑️ Cache evicted 6 items
💾 Cache SET: Catalog[quick_movie_top.json_7] (7 items)
🚀 Quick batch loaded: 7 items for trending
🔍 [DEBUG] Creating MediaItem from CinemetaSearchResult
🔍 [DEBUG] result.id: tt1757678
🔍 [DEBUG] result.type: movie
🔍 [DEBUG] result.name: Avatar: Fire and Ash
🔍 [DEBUG] Successfully created MediaItem: Avatar: Fire and Ash
🔍 [DEBUG] Creating MediaItem from CinemetaSearchResult
🔍 [DEBUG] result.id: tt26443597
🔍 [DEBUG] result.type: movie
🔍 [DEBUG] result.name: Zootopia 2
🔍 [DEBUG] Successfully created MediaItem: Zootopia 2
🔍 [DEBUG] Creating MediaItem from CinemetaSearchResult
🔍 [DEBUG] result.id: tt30274401
🔍 [DEBUG] result.type: movie
🔍 [DEBUG] result.name: Five Nights at Freddy's 2
🔍 [DEBUG] Successfully created MediaItem: Five Nights at Freddy's 2
🔍 [DEBUG] Creating MediaItem from CinemetaSearchResult
🔍 [DEBUG] result.id: tt32820897
🔍 [DEBUG] result.type: movie
🔍 [DEBUG] result.name: Demon Slayer: Kimetsu no Yaiba Infinity Castle
🔍 [DEBUG] Successfully created MediaItem: Demon Slayer: Kimetsu no Yaiba Infinity Castle
🔍 [DEBUG] Creating MediaItem from CinemetaSearchResult
🔍 [DEBUG] result.id: tt10799690
🔍 [DEBUG] result.type: movie
🔍 [DEBUG] result.name: Trap House
🔍 [DEBUG] Successfully created MediaItem: Trap House
🔍 [DEBUG] Creating MediaItem from CinemetaSearchResult
🔍 [DEBUG] result.id: tt30254719
🔍 [DEBUG] result.type: movie
🔍 [DEBUG] result.name: Omniscient Reader: The Prophecy
🔍 [DEBUG] Successfully created MediaItem: Omniscient Reader: The Prophecy
🔍 [DEBUG] Creating MediaItem from CinemetaSearchResult
🔍 [DEBUG] result.id: tt29927663
🔍 [DEBUG] result.type: movie
🔍 [DEBUG] result.name: The Great Flood
🔍 [DEBUG] Successfully created MediaItem: The Great Flood
🔍 [DEBUG] Creating MediaItem from CinemetaSearchResult
🔍 [DEBUG] result.id: tt4712810
🔍 [DEBUG] result.type: movie
🔍 [DEBUG] result.name: Now You See Me: Now You Don't
🔍 [DEBUG] Successfully created MediaItem: Now You See Me: Now You Don't
🔍 [DEBUG] Creating MediaItem from CinemetaSearchResult
🔍 [DEBUG] result.id: tt32395062
🔍 [DEBUG] result.type: movie
🔍 [DEBUG] result.name: Muzzle: City of Wolves
🔍 [DEBUG] Successfully created MediaItem: Muzzle: City of Wolves
🔍 [DEBUG] Creating MediaItem from CinemetaSearchResult
🔍 [DEBUG] result.id: tt13186306
🔍 [DEBUG] result.type: movie
🔍 [DEBUG] result.name: War of the Worlds
🔍 [DEBUG] Successfully created MediaItem: War of the Worlds
🔍 [DEBUG] Creating MediaItem from CinemetaSearchResult
🔍 [DEBUG] result.id: tt29538620
🔍 [DEBUG] result.type: movie
🔍 [DEBUG] result.name: Bang
🔍 [DEBUG] Successfully created MediaItem: Bang
🔍 [DEBUG] Creating MediaItem from CinemetaSearchResult
🔍 [DEBUG] result.id: tt27543632
🔍 [DEBUG] result.type: movie
🔍 [DEBUG] result.name: The Housemaid
🔍 [DEBUG] Successfully created MediaItem: The Housemaid
🔍 [DEBUG] Creating MediaItem from CinemetaSearchResult
🔍 [DEBUG] result.id: tt34610311
🔍 [DEBUG] result.type: movie
🔍 [DEBUG] result.name: The Shadow's Edge
🔍 [DEBUG] Successfully created MediaItem: The Shadow's Edge
🔍 [DEBUG] Creating MediaItem from CinemetaSearchResult
🔍 [DEBUG] result.id: tt19847976
🔍 [DEBUG] result.type: movie
🔍 [DEBUG] result.name: Wicked: For Good
🔍 [DEBUG] Successfully created MediaItem: Wicked: For Good
🔍 [DEBUG] Creating MediaItem from CinemetaSearchResult
🔍 [DEBUG] result.id: tt31227572
🔍 [DEBUG] result.type: movie
🔍 [DEBUG] result.name: Predator: Badlands
🔍 [DEBUG] Successfully created MediaItem: Predator: Badlands
📊 Using fixed catalog size: 15 items
💾 Cache SET: Catalog[popular_movies_fixed] (15 items)
✅ Loaded 15 movies
🧹 Deduplication: 36 → 35 items
🖼️ [CACHE] Cached image data for key: https://images.justwatch.com/poster/322032098/s332/img (56405 bytes)
🖼️ [CACHE] Cached image data for key: https://images.justwatch.com/poster/329121868/s332/img (53946 bytes)
🖼️ [CACHE] Cached image data for key: https://images.justwatch.com/poster/301552189/s332/img (59500 bytes)
🖼️ [CACHE] Cached image data for key: https://images.justwatch.com/poster/124172776/s332/img (56810 bytes)
🖼️ [CACHE] Cached image data for key: https://images.justwatch.com/poster/325538793/s332/img (44577 bytes)
🖼️ [CACHE] Cached image data for key: https://images.justwatch.com/poster/327009156/s332/img (61426 bytes)
🖼️ [CACHE] Cached image data for key: https://images.justwatch.com/poster/315856885/s332/img (67350 bytes)
🖼️ [CACHE] Cached image data for key: https://images.justwatch.com/poster/331126481/s332/img (53646 bytes)
🖼️ [CACHE] Cached image data for key: https://images.justwatch.com/poster/300177312/s332/img (74244 bytes)
🖼️ [CACHE] Cached image data for key: https://images.justwatch.com/poster/15605912/s332/img (81082 bytes)
🖼️ [CACHE] Cached image data for key: https://images.justwatch.com/poster/88761237/s332/img (60727 bytes)
🖼️ [CACHE] Cached image data for key: https://images.justwatch.com/poster/333077339/s332/img (29437 bytes)
🖼️ [CACHE] Cached image data for key: https://images.justwatch.com/poster/330628021/s332/img (58302 bytes)
🖼️ [CACHE] Cached image data for key: https://images.justwatch.com/poster/325538793/s332/img (44577 bytes)
🖼️ [CACHE] Cached image data for key: https://images.justwatch.com/poster/335328239/s332/img (37688 bytes)
🖼️ [CACHE] Cached image data for key: https://images.justwatch.com/poster/331701827/s332/img (59722 bytes)
🖼️ [CACHE] Cached image data for key: https://images.justwatch.com/poster/309786652/s332/img (45440 bytes)
🖼️ [CACHE] Cached image data for key: https://images.justwatch.com/poster/330980590/s332/img (58733 bytes)
🖼️ [CACHE] Cached image data for key: https://images.justwatch.com/poster/332277457/s332/img (66967 bytes)
🖼️ [CACHE] Cached image data for key: https://images.justwatch.com/poster/335064153/s332/img (54685 bytes)
🖼️ [CACHE] Cached image data for key: https://images.justwatch.com/poster/330798000/s332/img (54287 bytes)
🖼️ [CACHE] Cached image data for key: https://images.justwatch.com/poster/331148151/s332/img (28498 bytes)
🖼️ [CACHE] Cached image data for key: https://images.justwatch.com/poster/328335894/s332/img (39916 bytes)
🖼️ [CACHE] Cached image data for key: https://images.justwatch.com/poster/331994893/s332/img (37258 bytes)
🖼️ [CACHE] Cached image data for key: https://images.justwatch.com/poster/327223699/s332/img (31103 bytes)
🖼️ [CACHE] Cached image data for key: https://images.justwatch.com/poster/132935108/s332/img (72135 bytes)
🗑️ Cache evicted 10 items
🖼️ [CACHE] Cached image data for key: https://images.justwatch.com/poster/335063930/s332/img (28802 bytes)
🖼️ [CACHE] Cached image data for key: https://images.justwatch.com/poster/332527038/s332/img (28010 bytes)
🖼️ [CACHE] Cached image data for key: https://images.justwatch.com/poster/332051109/s332/img (58936 bytes)
🖼️ [CACHE] Cached image data for key: https://images.justwatch.com/poster/449990/s332/img (60347 bytes)
🖼️ [CACHE] Cached image data for key: https://images.justwatch.com/poster/334037963/s332/img (44500 bytes)
🖼️ [CACHE] Cached image data for key: https://images.justwatch.com/poster/175817145/s332/img (34253 bytes)
🖼️ [CACHE] Cached image data for key: https://images.justwatch.com/poster/329121868/s332/img (53946 bytes)
🖼️ [CACHE] Cached image data for key: https://images.justwatch.com/poster/330298309/s332/img (59242 bytes)
🖼️ [CACHE] Cached image data for key: https://images.justwatch.com/poster/256784897/s332/img (48660 bytes)
🖼️ [CACHE] Cached image data for key: https://images.justwatch.com/poster/336298604/s332/img (33569 bytes)
🗑️ Cache evicted 10 items
🖼️ [CACHE] Cached image data for key: https://images.justwatch.com/poster/336295680/s332/img (36731 bytes)
🖼️ [CACHE] Cached image data for key: https://images.justwatch.com/poster/315638406/s332/img (49093 bytes)
🖼️ [CACHE] Cached image data for key: https://images.justwatch.com/poster/322729101/s332/img (28143 bytes)
🖼️ [CACHE] Cached image data for key: https://images.justwatch.com/poster/307275790/s332/img (54708 bytes)
🖼️ [CACHE] Cached image data for key: https://images.justwatch.com/poster/336243710/s332/img (29619 bytes)
🖼️ [CACHE] Cached image data for key: https://images.justwatch.com/poster/285598209/s332/img (63186 bytes)
🖼️ [CACHE] Cached image data for key: https://images.justwatch.com/poster/302449148/s332/img (66514 bytes)
🖼️ [CACHE] Cached image data for key: https://images.justwatch.com/poster/8731868/s332/img (56932 bytes)
🖼️ [CACHE] Cached image data for key: https://images.justwatch.com/poster/243656762/s332/img (42262 bytes)
🖼️ [CACHE] Cached image data for key: https://images.justwatch.com/poster/154373248/s332/img (63627 bytes)
🗑️ Cache evicted 10 items
🖼️ [CACHE] Cached image data for key: h2026-01-07 18:10:18.759 RedLemon[14099:153729] 🖼️ Loading background art: https://images.metahub.space/background/medium/tt0162222/img
2026-01-07 18:10:18.760 RedLemon[14099:153729] ⏳ Background art loading...
2026-01-07 18:10:18.760 RedLemon[14099:153729] 🎨 Loading logo: https://images.metahub.space/logo/medium/tt0162222/img
2026-01-07 18:10:18.761 RedLemon[14099:153729] ⏳ Logo loading...
2026-01-07 18:10:18.828 RedLemon[14099:153729]    Quality: 1080p
2026-01-07 18:10:18.829 RedLemon[14099:153729]    Mode: watchParty
2026-01-07 18:10:18.829 RedLemon[14099:153729] 📡 Fetching metadata for tt0162222...
ttps://images.justwatch.com/poster/87608067/s332/img (61832 bytes)
🖼️ [CACHE] Cached image data for key: https://images.justwatch.com/poster/312811279/s332/img (48255 bytes)
🖼️ [CACHE] Cached image data for key: https://images.justwatch.com/poster/331148151/s332/img (28498 bytes)
🖼️ [CACHE] Cached image data for key: https://images.justwatch.com/poster/331244585/s332/img (35639 bytes)
🖼️ [CACHE] Cached image data for key: https://images.justwatch.com/poster/8730058/s332/img (44044 bytes)
🖼️ [CACHE] Cached image data for key: https://images.justwatch.com/poster/301592778/s332/img (49084 bytes)
🖼️ [CACHE] Cached image data for key: https://images.justwatch.com/poster/176275502/s332/img (71523 bytes)
🖼️ [CACHE] Cached image data for key: https://images.justwatch.com/poster/327009156/s332/img (61426 bytes)
🖼️ [CACHE] Cached image data for key: https://images.justwatch.com/poster/322032098/s332/img (56405 bytes)
🖼️ [CACHE] Cached image data for key: https://images.justwatch.com/poster/321552009/s332/img (34807 bytes)
🗑️ Cache evicted 10 items
🖼️ [CACHE] Cached image data for key: https://images.justwatch.com/poster/331994893/s332/img (37258 bytes)
🖼️ [CACHE] Cached image data for key: https://images.justwatch.com/poster/332051109/s332/img (58936 bytes)
🖼️ [CACHE] Cached image data for key: https://images.justwatch.com/poster/154373248/s332/img (63627 bytes)
🖼️ [CACHE] Cached image data for key: https://images.justwatch.com/poster/39400453/s332/img (21618 bytes)
🖼️ [CACHE] Cached image data for key: https://images.justwatch.com/poster/328335894/s332/img (39916 bytes)
🖼️ [CACHE] Cached image data for key: https://images.justwatch.com/poster/320977032/s332/img (29350 bytes)
🖼️ [CACHE] Cached image data for key: https://images.justwatch.com/poster/336393313/s332/img (35742 bytes)
🖼️ [CACHE] Cached image data for key: https://images.justwatch.com/poster/335474178/s332/img (42733 bytes)
🖼️ [CACHE] Cached image data for key: https://images.justwatch.com/poster/332101041/s332/img (37735 bytes)
🖼️ [CACHE] Cached image data for key: https://images.justwatch.com/poster/315672113/s332/img (80512 bytes)
🖼️ [CACHE] Cached image data for key: https://images.justwatch.com/poster/336611434/s332/img (44231 bytes)
🗑️ Cache evicted 10 items
🖼️ [CACHE] Cached image data for key: https://images.justwatch.com/poster/312291378/s332/img (26090 bytes)
🖼️ [CACHE] Cached image data for key: https://images.justwatch.com/poster/331327178/s332/img (38639 bytes)
🖼️ [CACHE] Cached image data for key: https://images.metahub.space/poster/small/tt1591095/img (21702 bytes)
🖼️ [CACHE] Cached image data for key: https://images.metahub.space/poster/small/tt0413300/img (38864 bytes)
🖼️ [CACHE] Cached image data for key: https://images.metahub.space/poster/small/tt3501632/img (41456 bytes)
🖼️ [CACHE] Cached image data for key: https://images.metahub.space/poster/small/tt0114369/img (13580 bytes)
🖼️ [CACHE] Cached image data for key: https://images.metahub.space/poster/small/tt5622412/img (24188 bytes)
🖼️ [CACHE] Cached image data for key: https://images.metahub.space/poster/small/tt0381707/img (31688 bytes)
🖼️ [CACHE] Cached image data for key: https://images.metahub.space/poster/small/tt1104001/img (20748 bytes)
🖼️ [CACHE] Cached image data for key: https://images.metahub.space/poster/small/tt0209163/img (23358 bytes)
🗑️ Cache evicted 10 items
🖼️ [CACHE] Cached image data for key: https://images.metahub.space/poster/small/tt2333784/img (37786 bytes)
🖼️ [CACHE] Cached image data for key: https://images.metahub.space/poster/small/tt0462538/img (39518 bytes)
🖼️ [CACHE] Cached image data for key: https://images.metahub.space/poster/small/tt0162222/img (31442 bytes)
🖼️ [CACHE] Cached image data for key: https://images.metahub.space/poster/small/tt30254719/img (28972 bytes)
🖼️ [CACHE] Cached image data for key: https://images.justwatch.com/poster/275806222/s332/img (48443 bytes)
🖼️ [CACHE] Cached image data for key: https://images.metahub.space/poster/small/tt30274401/img (24809 bytes)
🖼️ [CACHE] Cached image data for key: https://m.media-amazon.com/images/M/MV5BMzcwMjkxMzQ3NV5BMl5BanBnXkFtZTgwMzgyNDA5MDI@._V1_SX250.jpg (25509 bytes)
🖼️ [CACHE] Cached image data for key: https://images.metahub.space/poster/small/tt10799690/img (40967 bytes)
🖼️ [CACHE] Cached image data for key: https://images.metahub.space/poster/small/tt1757678/img (38642 bytes)
🖼️ [CACHE] Cached image data for key: https://images.metahub.space/poster/small/tt26443597/img (34560 bytes)
🗑️ Cache evicted 10 items
🖼️ [CACHE] Cached image data for key: https://images.metahub.space/poster/small/tt32820897/img (61009 bytes)
🖼️ [CACHE] Cached image data for key: https://images.metahub.space/poster/small/tt29927663/img (36770 bytes)
⏭️ Skipping load for showtime - already loaded 15 items
💾 Cache SET: Catalog[catalog_movie_top.json] (15 items)
⏭️ Skipping load for starz - already loaded 15 items
⏭️ Skipping load for peacock - already loaded 15 items
⏭️ Skipping load for hulu - already loaded 15 items
⏭️ Skipping load for paramount - already loaded 15 items
⏭️ Skipping load for appleTv - already loaded 15 items
⏭️ Skipping load for hbo - already loaded 15 items
⏭️ Skipping load for disney - already loaded 15 items
⏭️ Skipping load for prime - already loaded 15 items
⏭️ Skipping load for netflix - already loaded 15 items
📊 Using fixed catalog size: 15 items
📦 Full batch loaded: 15 items for trending
✅ Progressive loading completed for trending
🖼️ [CACHE] Cached image data for key: https://images.metahub.space/poster/small/tt12300742/img (24381 bytes)
🖼️ [CACHE] Cached image data for key: https://images.metahub.space/poster/small/tt31193180/img (27098 bytes)
🖼️ [CACHE] Cached image data for key: https://images.metahub.space/poster/small/tt30144839/img (16512 bytes)
🖼️ [CACHE] Cached image data for key: https://images.metahub.space/poster/small/tt29567915/img (28516 bytes)
🖼️ [CACHE] Cached image data for key: https://images.metahub.space/poster/small/tt14364480/img (27701 bytes)
🖼️ [CACHE] Cached image data for key: https://images.metahub.space/poster/small/tt31495504/img (34216 bytes)
📅 EventsView appeared
🛑 BrowseView disappeared - cancelled all ongoing tasks
📡 SocialService: Updated status - Browsing Events: 
📨 Received: {"ref":"3","event":"phx_reply","payload":{"status":"ok","response":{}},"topic":"realtime:global-presence"}
📨 Received: {"ref":null,"event":"presence_diff","payload":{"joins":{"016bc5a8-ec1e-11f0-a801-9ee62e3b7bba":{"metas":[{"phx_ref":"GIiVqz-BrPo6Apdj","phx_ref_prev":"GIiVqrnXuQY6ApcD","last_seen":"2026-01-07T23:10:16.340Z","status":"Browsing Events","user_id":"656daa91-33b4-4688-9135-c982ea52d7c9","username":"ursinho"}]}},"leaves":{"016bc5a8-ec1e-11f0-a801-9ee62e3b7bba":{"metas":[{"phx_ref":"GIiVqrnXuQY6ApcD","phx_ref_prev":"GIiVqO_ivBw6ApYD","last_seen":"2026-01-07T23:10:14.096Z","status":"Browsing","user_id":"656daa91-33b4-4688-9135-c982ea52d7c9","username":"ursinho"}]}}},"topic":"realtime:global-presence"}
[2026-01-07T23:10:18Z] [INFO] [EventsView.swift:253] 🎟️ Joining event: Cast Away (Live: true)
   Event start time: 2026-01-07 22:15:30 +0000
   Event duration: 9180.0s
   Current time: 2026-01-07 23:10:18 +0000
   Is Live: true
   Is In Lobby: false
✅ Event room already exists: event_tt0162222

✅ [SYNC VERIFICATION] FOUND SERVER URL (No Hash) 🔑
   UnlockedURL: https://chi5-4.download.real-d...
   Quality: nil
   FileIdx: -1
   🔗 Locking to server-provided unlocked URL

🎬 Live event - calculating position: 3288.757707118988 seconds
   Event start time: 2026-01-07 22:15:30 +0000
   Current time: 2026-01-07 23:10:18 +0000
   Room createdAt: 2026-01-07 22:15:30 +0000
   Room state: playing
   Setting resumeFromTimestamp to: 3288.757707118988
🎬 Live event - starting playback immediately (no lobby)
🎬 PlayerVM: Starting playback for: Cast Away
[ INFO ] GET /api/metadata/meta/movie/tt0162222 [request-id: 03BEA329-C908-46FB-B630-59653E8CD636]
2026-01-07 18:10:18.845 RedLemon[14099:153729] ✅ Logo loaded successfully
2026-01-07 18:10:18.847 RedLemon[14099:153729] ✅ Background art loaded successfully
2026-01-07 18:10:18.878 RedLemon[14099:153961] 📦 Decoded CinemetaMeta - videos count: 0
2026-01-07 18:10:18.990 RedLemon[14099:153729] 🎬 GUEST: Using host's stream selection (skipping resolution)
2026-01-07 18:10:18.991 RedLemon[14099:153729] ⚠️ GUEST: Detected quality from filename: 1080p
2026-01-07 18:10:18.991 RedLemon[14099:153729] 📝 GUEST: Extracted filename='Cast.Away.2000.1080p.BluRay.H264.AAC-RARBG.mp4' (len=46), sourceQuality=nil, selectedQuality=nil
📨 Received: {"ref":null,"event":"presence_diff","payload":{"joins":{"79ac1f6e-ec1d-11f0-9a27-9ee62e3b7bba":{"metas":[{"phx_ref":"GIiVq86vJBI6Ajoh","phx_ref_prev":"GIiVpyLgvb06AjkB","last_seen":"2026-01-07T23:10:18.623Z","room_id":"event_tt0162222","started_at":"2026-01-07T23:08:50.336Z","status":"online","user_id":"96e01cdb-36c0-4228-a6e4-a29a3c66bc8e","username":"lemontom","watching_id":"tt0162222","watching_title":"Cast Away","watching_type":"movie"}]}},"leaves":{"79ac1f6e-ec1d-11f0-9a27-9ee62e3b7bba":{"metas":[{"phx_ref":"GIiVpyLgvb06AjkB","phx_ref_prev":"GIiVooMNMuU6ApNj","last_seen":"2026-01-07T23:09:58.560Z","room_id":"event_tt0162222","started_at":"2026-01-07T23:08:50.336Z","status":"online","user_id":"96e01cdb-36c0-4228-a6e4-a29a3c66bc8e","username":"lemontom","watching_id":"tt0162222","watching_title":"Cast Away","watching_type":"movie"}]}}},"topic":"realtime:global-presence"}
💾 Cache SET: Metadata[meta_movie_tt0162222]


✅ [SYNC VERIFICATION] LOCKING TO SHARED STREAM (SYSTEM/HOST) 🔒
[ INFO ] GET /subtitles/search [request-id: B847A209-501F-473B-B327-0F4CA96FF37D]
2026-01-07 18:10:19.248 RedLemon[14099:153729] ✅ GUEST: Found 10 subtitles
2026-01-07 18:10:19.257 RedLemon[14099:153729] 🎬🎬🎬 MPVPlayerView INIT called - streamURL: https://chi5-4.download.real-debrid.com/d/NIK73QIKILFY6106/C, subtitles: 10
2026-01-07 18:10:19.325 RedLemon[14099:153729] ✅ Stream ready, starting playback...
2026-01-07 18:10:19.326 RedLemon[14099:153729] 🖥️ WindowManager: enterFullscreen() called
2026-01-07 18:10:19.326 RedLemon[14099:153729]    Window: <SwiftUI.SwiftUIWindow: 0x7f9de3afe020>
2026-01-07 18:10:19.326 RedLemon[14099:153729]    Is fullscreen: 0
2026-01-07 18:10:19.326 RedLemon[14099:153729]    ✅ WindowManager: Toggling fullscreen ON
2026-01-07 18:10:19.423 RedLemon[14099:153729] 🖼️ Setting up MPV with native macOS video output...
2026-01-07 18:10:19.429 RedLemon[14099:153729] ✅ MPV initialized with native GPU rendering
2026-01-07 18:10:19.440 RedLemon[14099:153729] 🎬🎬🎬 MPVPlayerView .task starting
2026-01-07 18:10:19.440 RedLemon[14099:153729] 🎉 Starting watch party sync - Room: event_tt0162222, Host: NO
2026-01-07 18:10:19.440 RedLemon[14099:153729] 🎉 Watch Party Mode ENABLED. isInWatchParty = YES
2026-01-07 18:10:19.515 RedLemon[14099:153729] 🔄 Starting chat polling for room: event_tt0162222
2026-01-07 18:10:19.516 RedLemon[14099:153729] 💓 Started playback heartbeat loop
2026-01-07 18:10:19.516 RedLemon[14099:153729] ✅ Watch party sync started successfully - isInWatchParty is now TRUE
2026-01-07 18:10:19.516 RedLemon[14099:153729] 🎬🎬🎬 About to call loadStream - isInWatchParty: YES
2026-01-07 18:10:19.516 RedLemon[14099:153729] 🎬🎬🎬 Subtitles: 10
2026-01-07 18:10:19.517 RedLemon[14099:153729] 🎬🎬🎬 LOADSTREAM CALLED - streamTitle: Cast Away
2026-01-07 18:10:19.517 RedLemon[14099:153729] 🎬🎬🎬 streamURL: https://chi5-4.download.real-debrid.com/d/NIK73QIKILFY6106/C
2026-01-07 18:10:19.517 RedLemon[14099:153729] 🎬🎬🎬 subtitles: 10
2026-01-07 18:10:19.518 RedLemon[14099:153729] 🎬🎬🎬 MPVPlayerView .task completed
2026-01-07 18:10:19.528 RedLemon[14099:153856] 🎬 MPV: Current video filename set to: 
2026-01-07 18:10:19.528 RedLemon[14099:153857] ℹ️ SubDL subtitles detected - downloading to local files in background...
2026-01-07 18:10:19.528 RedLemon[14099:153856] 🎬 MPV loadVideo called with URL: https://chi5-4.download.real-debrid.com/d/NIK73QIK (Encoded: https://chi5-4.download.real-debrid.com/d/NIK73QIK), autoplay: false, expectedSubs: 3
2026-01-07 18:10:19.528 RedLemon[14099:153857] 🔍 SubtitleService: Downloading http://127.0.0.1:47253/subtitles/subdl/L3N1YnRpdGxlLzE5Njg2MDgtMjIyNzg2My56aXA=?token=C5697F1D-EF20-47F6-834C-225F87BCACA6
2026-01-07 18:10:19.529 RedLemon[14099:153856] 🎬 MPV executing: loadfile "https://chi5-4.download.real-debrid.com/d/NIK73QIKILFY6106/Cast.Away.2000.1080p.BluRay.H264.AAC-RARBG.mp4"
2026-01-07 18:10:19.529 RedLemon[14099:153856] ✅ MPV loadfile succeeded (Started Paused, waiting for Smart Load)
✅ SubDLClient initialized
🔍 Searching SubDL: tt0162222 (movie)
   ℹ️ Fallback Name: Cast Away (2000)
✅ Found 10 subtitles from SubDL (Primary)
🎬 RedLemon: Creating MPVPlayerView
   Stream URL: https://chi5-4.download.real-debrid.com/d/NIK73QIKILFY6106/C
   Display Title: Cast Away
   Subtitle URLs: 10
      [0] Cast.Away.2000.1080p.BluRay.H264.AAC-RARBG
      [1] Cast.Away.2000.1080p.BluRay.x265-YAWNTiC_eng
      [2] Cast.Away.2000.1080p.BluRay.x265-YAWNTiC_eng SDH
      [3] Cast.Away.2000.1080p.BluRay.x265 (Corrected, No HI)
      [4] Cast.Away.2000.BluRay.1080p.REMUX.AVC.DTS-HD.MA.5.1-LEGi0N
      [5] Cast.Away.2000.BluRay.Remux.1080p.AVC.DTS-HD.MA.5.1-HiFi
      [6] Cast.Away.2000.ALL BluRay_DvDRip
      [7] Cast.Away.2000.iNTERNAL.BDRip.x264-MARS
      [8] Cast.Away.2000.WEBRip.Amazon
      [9] Cast Away 2000 DVDRip XviD-ViEW
🎬 MPVWrapper: Creating embedded MPV with render context...
✅ MPV handle created
🎬 MPVLayerHostView initialized
🎬 Event playback detected - starting auto-exit monitor
🎬 Created CGL pixel format (Core Profile 3.2)
🎬 Created CGL context with vsync enabled
🎬 MPVViewLayer initialized with async rendering
🎬 Video layer assigned to host view
🎬 Creating MPV render context with OpenGL (IINA method)...
🎬 MPV: Frame ready! Calling layer.update() (throttled)
✅ Render context created successfully (IINA method)
🎬 Layer.update() called - forceDraw:false needsFlip:true (throttled)
🎬 CVDisplayLink started
🎉 Starting watch party: roomId=event_tt0162222, isHost=false
🎬 DisplayLink: reportSwap() (throttled)
🔌 Setting up Realtime channel: watch-party:event_tt0162222
   Role: Guest
   User ID: 656DAA91-33B4-4688-9135-C982EA52D7C9
📡 Connection state: connecting
⏯️ MPV: Pause state changed to false -> isPlaying = true
⚡️ PlaybackService: creating sleep assertion (preventing idle sleep)
📡 Joined channel: realtime:watch-party:event_tt0162222
📡 Connection state: connected
✅ Realtime channel setup complete
✅ Video ready - hiding poster
✅ Video ready (Watch Party) - Keeping poster visible until Sync Message
🎉 EVENT: Recalculating seek time at video ready (Drift: 3289.51s)
   Event started at: 2026-01-07 22:15:30 +0000
   Current time: 2026-01-07 23:10:19 +0000
   Elapsed: 3289s
   Seeking to: 3289s
🎯 IMMEDIATE RESUME: Seeking to 3289s without delay
📝 Started watch history tracking
✅ Watch party sync initialized with Realtime
🎬 Loading stream: Cast Away
   IMDB: tt0162222
   URL: https://chi5-4.download.real-debrid.com/d/NIK73QIKILFY6106/C...
   Source: BluRay
💬 Added mock chat messages for testing
🎉 EVENT MODE: Loading PAUSED to seek first (preventing flash)
⏳ EVENT: Waiting for duration to start playback...
⚠️ MPVPlayerViewModel: Buffering finished during Event Blind Seek (Duration 0) - Ignoring Error Trigger
⚡️ PlaybackService: releasing sleep assertion
📡 Fetching metadata for tt0162222 as movie...
📝 Pre-loading external subtitles (Top 3)...
✅ Cache HIT: Metadata[meta_movie_tt0162222]
[ INFO ] GET /subtitles/subdl/L3N1YnRpdGxlLzE5Njg2MDgtMjIyNzg2My56aXA= [request-id: BAD80837-D36B-4E2B-BB9D-9DA420A334DA]
2026-01-07 18:10:19.675 RedLemon[14099:153729] 💓 Playback heartbeat sent for room: event_tt0162222
2026-01-07 18:10:19.875 RedLemon[14099:153869] ✅ Subtitle 1 downloaded to: /var/folders/3v/s3d75ntd4v90_pg0mb6rmlz40000gn/T/sub_C9140E4C-00F4-4844-A678-8DA67F4351EB.vtt
2026-01-07 18:10:19.875 RedLemon[14099:153869] 📝 Loading subtitle from: /var/folders/3v/s3d75ntd4v90_pg0mb6rmlz40000gn/T/sub_C9140E4C-00F4-4844-A678-8DA
2026-01-07 18:10:19.904 RedLemon[14099:153869] ✅ External subtitle added to track list (not auto-selected)
2026-01-07 18:10:19.904 RedLemon[14099:153869] 🔍 SubtitleService: Downloading http://127.0.0.1:47253/subtitles/subdl/L3N1YnRpdGxlLzM1MDAyMTktODQyMjYzOC56aXA=?token=C5697F1D-EF20-47F6-834C-225F87BCACA6
📄 Subtitle request: L3N1YnRpdGxlLzE5Njg2... (offset: 0ms)
📥 Downloading subtitle from SubDL CDN: /subtitle/1968608-2227863.zip
👁️ ChatOverlayView appeared - UI UPDATE ROUND 6
⌨️ ChatOverlayView: Triggering input focus (showChat=true)
📨 Received: {"ref":"7CBFE375-BB61-47B9-9902-13CC353BE524","event":"phx_reply","payload":{"status":"ok","response":{"postgres_changes":[]}},"topic":"realtime:watch-party:event_tt0162222"}
📨 Received: {"ref":null,"event":"presence_state","payload":{"d422a062-ec1d-11f0-bc9b-9ee62e3b7bba":{"metas":[{"phx_ref":"GIiVlz8Yv8HpQJFD","is_host":false,"joined_at":1767827330.32007,"user_id":"96E01CDB-36C0-4228-A6E4-A29A3C66BC8E","username":"lemontom"}]}},"topic":"realtime:watch-party:event_tt0162222"}
📨 Received: {"ref":"1","event":"phx_reply","payload":{"status":"ok","response":{}},"topic":"realtime:watch-party:event_tt0162222"}
📨 Received: {"ref":null,"event":"presence_diff","payload":{"joins":{"093b341c-ec1e-11f0-ac79-9ee62e3b7bba":{"metas":[{"phx_ref":"GIiVq_yxFcbpQJTE","is_host":false,"joined_at":1767827419.508295,"user_id":"656DAA91-33B4-4688-9135-C982EA52D7C9","username":"ursinho"}]}},"leaves":{}},"topic":"realtime:watch-party:event_tt0162222"}
📨 Received: {"ref":"4","event":"phx_reply","payload":{"status":"ok","response":{}},"topic":"realtime:global-presence"}
📨 Received: {"ref":null,"event":"presence_diff","payload":{"joins":{"016bc5a8-ec1e-11f0-a801-9ee62e3b7bba":{"metas":[{"phx_ref":"GIiVq_2EOIg6ApeD","phx_ref_prev":"GIiVqz-BrPo6Apdj","last_seen":"2026-01-07T23:10:19.528Z","room_id":"event_tt0162222","started_at":"2026-01-07T23:10:19.528Z","status":"online","user_id":"656daa91-33b4-4688-9135-c982ea52d7c9","username":"ursinho","watching_id":"tt0162222","watching_title":"Cast Away","watching_type":"movie"}]}},"leaves":{"016bc5a8-ec1e-11f0-a801-9ee62e3b7bba":{"metas":[{"phx_ref":"GIiVqz-BrPo6Apdj","phx_ref_prev":"GIiVqrnXuQY6ApcD","last_seen":"2026-01-07T23:10:16.340Z","status":"Browsing Events","user_id":"656daa91-33b4-4688-9135-c982ea52d7c9","username":"ursinho"}]}}},"topic":"realtime:global-presence"}
✅ Got background: https://images.metahub.space/background/medium/tt0162222/img...
✅ Got poster URL: https://images.metahub.space/poster/small/tt0162222/img...
✅ Got logo: https://images.metahub.space/logo/medium/tt0162222/img...
📡 SocialService: Updated status - online: Cast Away
➕ Added new participant 96e01cdb-36c0-4228-a6e4-a29a3c66bc8e (Ref: GIiVlz8Yv8HpQJFD)
⚠️ Self (656daa91-33b4-4688-9135-c982ea52d7c9) was missing from list - restoring.
🔄 Updated existing participant 656daa91-33b4-4688-9135-c982ea52d7c9 with Ref: GIiVq_yxFcbpQJTE
⏰ AppState: Next schedule update set for Event End: 2026-01-08 00:48:30 +0000
⏰ AppState: Scheduling update in 5891 seconds
✅ Download complete: 23708 bytes
📦 Detected ZIP archive, extracting...
⚠️ No specific episode match found, using first file: Cast.Away.2000.1080p.BluRay.H264.AAC-RARBG.srt
📦 Extracting specific file: Cast.Away.2000.1080p.BluRay.H264.AAC-RARBG.srt
✅ Extraction successful
✅ Subtitle downloaded and converted to VTT
⏳ MPVPlayerViewModel: Enhancing UI - Buffering started (show spinner)
[ INFO ] GET /subtitles/subdl/L3N1YnRpdGxlLzM1MDAyMTktODQyMjYzOC56aXA= [request-id: 2DBBE08C-657C-46D0-8299-686F4632BE7D]
2026-01-07 18:10:20.021 RedLemon[14099:153857] ⏳ MPV: File not fully loaded yet. Queueing PENDING SEEK to 3289.5s
2026-01-07 18:10:20.329 RedLemon[14099:153961] ✅ Subtitle 2 downloaded to: /var/folders/3v/s3d75ntd4v90_pg0mb6rmlz40000gn/T/sub_C0EB908D-09E4-4913-BAC5-A90C554F43FE.vtt
2026-01-07 18:10:20.329 RedLemon[14099:153961] 📝 Loading subtitle from: /var/folders/3v/s3d75ntd4v90_pg0mb6rmlz40000gn/T/sub_C0EB908D-09E4-4913-BAC5-A90
2026-01-07 18:10:20.336 RedLemon[14099:153961] ✅ External subtitle added to track list (not auto-selected)
2026-01-07 18:10:20.336 RedLemon[14099:153961] 🔍 SubtitleService: Downloading http://127.0.0.1:47253/subtitles/subdl/L3N1YnRpdGxlLzM1MDAyMTYtODQyMjYzNy56aXA=?token=C5697F1D-EF20-47F6-834C-225F87BCACA6
📄 Subtitle request: L3N1YnRpdGxlLzM1MDAy... (offset: 0ms)
📥 Downloading subtitle from SubDL CDN: /subtitle/3500219-8422638.zip
⚠️ Video duration not available yet (0.0s), performing BLIND SEEK to 3289s...
🎯 Executing immediate seek to 3289s...
✅ Download complete: 21235 bytes
📦 Detected ZIP archive, extracting...
⚠️ No specific episode match found, using first file: Cast.Away.2000.1080p.BluRay.x265-YAWNTiC_eng.srt
📦 Extracting specific file: Cast.Away.2000.1080p.BluRay.x265-YAWNTiC_eng.srt
✅ Resumed playback after seek to 3289s
⚡️ PlaybackService: creating sleep assertion (preventing idle sleep)
✅ Video ready - hiding poster
🎉 EVENT: Recalculating seek time at video ready (Drift: 3290.27s)
   Event started at: 2026-01-07 22:15:30 +0000
   Current time: 2026-01-07 23:10:20 +0000
   Elapsed: 3290s
   Seeking to: 3290s
🎯 IMMEDIATE RESUME: Seeking to 3290s without delay
📝 Started watch history tracking
⚡️ PlaybackService: releasing sleep assertion
✅ Extraction successful
✅ Subtitle downloaded and converted to VTT
[ INFO ] GET /subtitles/subdl/L3N1YnRpdGxlLzM1MDAyMTYtODQyMjYzNy56aXA= [request-id: B0BCFC87-704B-4BC2-B4A7-8DD162557C86]
2026-01-07 18:10:20.794 RedLemon[14099:153961] ⏳ MPV: File not fully loaded yet. Queueing PENDING SEEK to 3290.3s
2026-01-07 18:10:21.161 RedLemon[14099:153854] ✅ Subtitle 3 downloaded to: /var/folders/3v/s3d75ntd4v90_pg0mb6rmlz40000gn/T/sub_13FD9351-FFFF-447A-AE62-5D8D5BAA6AE2.vtt
2026-01-07 18:10:21.161 RedLemon[14099:153854] 📝 Loading subtitle from: /var/folders/3v/s3d75ntd4v90_pg0mb6rmlz40000gn/T/sub_13FD9351-FFFF-447A-AE62-5D8
2026-01-07 18:10:21.168 RedLemon[14099:153854] ✅ External subtitle added to track list (not auto-selected)
2026-01-07 18:10:21.168 RedLemon[14099:153854] 🔍 MPV track-list/count: 3
2026-01-07 18:10:21.168 RedLemon[14099:153854] 🔍 Track 0 type: sub
2026-01-07 18:10:21.169 RedLemon[14099:153854] ✅ Found subtitle track: ID=1, lang=en, title=Cast.Away.2000.1080p.BluRay.H264.AAC-RARBG, external=1
2026-01-07 18:10:21.169 RedLemon[14099:153854] 🔍 Track 1 type: sub
2026-01-07 18:10:21.169 RedLemon[14099:153854] ✅ Found subtitle track: ID=2, lang=en, title=Cast.Away.2000.1080p.BluRay.x265-YAWNTiC_eng, external=1
2026-01-07 18:10:21.169 RedLemon[14099:153854] 🔍 Track 2 type: sub
2026-01-07 18:10:21.170 RedLemon[14099:153854] ✅ Found subtitle track: ID=3, lang=en, title=Cast.Away.2000.1080p.BluRay.x265-YAWNTiC_eng SDH, external=1
2026-01-07 18:10:21.170 RedLemon[14099:153854] 📊 Total subtitle tracks found: 4 (including Off if needed)
2026-01-07 18:10:21.170 RedLemon[14099:153854]    Start[0]: ID=0, Title='Off', Lang='nil', Ext=0
2026-01-07 18:10:21.170 RedLemon[14099:153854]    Start[1]: ID=1, Title='Cast.Away.2000.1080p.BluRay.H264.AAC-RARBG', Lang='en', Ext=1
2026-01-07 18:10:21.170 RedLemon[14099:153854]    Start[2]: ID=2, Title='Cast.Away.2000.1080p.BluRay.x265-YAWNTiC_eng', Lang='en', Ext=1
2026-01-07 18:10:21.170 RedLemon[14099:153854]    Start[3]: ID=3, Title='Cast.Away.2000.1080p.BluRay.x265-YAWNTiC_eng SDH', Lang='en', Ext=1
2026-01-07 18:10:21.171 RedLemon[14099:153854] ✅ SubtitleService: Scanned 4 tracks (Attempt 1/5)
2026-01-07 18:10:21.171 RedLemon[14099:153854]    Track: ID=0, Title=Off, External=0
2026-01-07 18:10:21.171 RedLemon[14099:153854]    Track: ID=1, Title=Cast.Away.2000.1080p.BluRay.H264.AAC-RARBG, External=1
2026-01-07 18:10:21.172 RedLemon[14099:153854]    Track: ID=2, Title=Cast.Away.2000.1080p.BluRay.x265-YAWNTiC_eng, External=1
2026-01-07 18:10:21.172 RedLemon[14099:153854]    Track: ID=3, Title=Cast.Away.2000.1080p.BluRay.x265-YAWNTiC_eng SDH, External=1
2026-01-07 18:10:21.835 RedLemon[14099:153729] ⏩ Watch Party: Room already playing, skipping Ready Gate (Late Join)
2026-01-07 18:10:21.845 RedLemon[14099:153854] 🔍 MPV track-list/count: 5
2026-01-07 18:10:21.845 RedLemon[14099:153854] 🔍 Track 0 type: sub
2026-01-07 18:10:21.846 RedLemon[14099:153854] ✅ Found subtitle track: ID=1, lang=en, title=Cast.Away.2000.1080p.BluRay.H264.AAC-RARBG, external=1
2026-01-07 18:10:21.846 RedLemon[14099:153854] 🔍 Track 1 type: sub
2026-01-07 18:10:21.846 RedLemon[14099:153854] ✅ Found subtitle track: ID=2, lang=en, title=Cast.Away.2000.1080p.BluRay.x265-YAWNTiC_eng, external=1
2026-01-07 18:10:21.846 RedLemon[14099:153854] 🔍 Track 2 type: sub
2026-01-07 18:10:21.846 RedLemon[14099:153854] ✅ Found subtitle track: ID=3, lang=en, title=Cast.Away.2000.1080p.BluRay.x265-YAWNTiC_eng SDH, external=1
2026-01-07 18:10:21.846 RedLemon[14099:153854] 🔍 Track 3 type: video
2026-01-07 18:10:21.846 RedLemon[14099:153854] 🔍 Track 4 type: audio
2026-01-07 18:10:21.846 RedLemon[14099:153854] 📊 Total subtitle tracks found: 4 (including Off if needed)
2026-01-07 18:10:21.846 RedLemon[14099:153854]    Start[0]: ID=0, Title='Off', Lang='nil', Ext=0
2026-01-07 18:10:21.847 RedLemon[14099:153854]    Start[1]: ID=1, Title='Cast.Away.2000.1080p.BluRay.H264.AAC-RARBG', Lang='en', Ext=1
2026-01-07 18:10:21.847 RedLemon[14099:153854]    Start[2]: ID=2, Title='Cast.Away.2000.1080p.BluRay.x265-YAWNTiC_eng', Lang='en', Ext=1
2026-01-07 18:10:21.847 RedLemon[14099:153854]    Start[3]: ID=3, Title='Cast.Away.2000.1080p.BluRay.x265-YAWNTiC_eng SDH', Lang='en', Ext=1
2026-01-07 18:10:21.847 RedLemon[14099:153854] ✅ SubtitleService: Scanned 4 tracks (Attempt 1/5)
2026-01-07 18:10:21.847 RedLemon[14099:153854]    Track: ID=0, Title=Off, External=0
2026-01-07 18:10:21.847 RedLemon[14099:153854]    Track: ID=1, Title=Cast.Away.2000.1080p.BluRay.H264.AAC-RARBG, External=1
2026-01-07 18:10:21.847 RedLemon[14099:153854]    Track: ID=2, Title=Cast.Away.2000.1080p.BluRay.x265-YAWNTiC_eng, External=1
2026-01-07 18:10:21.847 RedLemon[14099:153854]    Track: ID=3, Title=Cast.Away.2000.1080p.BluRay.x265-YAWNTiC_eng SDH, External=1
2026-01-07 18:10:21.947 RedLemon[14099:153729] 🔄 MPV: Executing PENDING SEEK to 3290.3s (Smart Load)
2026-01-07 18:10:22.230 RedLemon[14099:153961] 🔍 MPV track-list/count: 5
2026-01-07 18:10:22.230 RedLemon[14099:153961] 🔍 Track 0 type: sub
2026-01-07 18:10:22.230 RedLemon[14099:153961] ✅ Found subtitle track: ID=1, lang=en, title=Cast.Away.2000.1080p.BluRay.H264.AAC-RARBG, external=1
2026-01-07 18:10:22.230 RedLemon[14099:153961] 🔍 Track 1 type: sub
2026-01-07 18:10:22.231 RedLemon[14099:153961] ✅ Found subtitle track: ID=2, lang=en, title=Cast.Away.2000.1080p.BluRay.x265-YAWNTiC_eng, external=1
2026-01-07 18:10:22.231 RedLemon[14099:153961] 🔍 Track 2 type: sub
2026-01-07 18:10:22.231 RedLemon[14099:153961] ✅ Found subtitle track: ID=3, lang=en, title=Cast.Away.2000.1080p.BluRay.x265-YAWNTiC_eng SDH, external=1
2026-01-07 18:10:22.231 RedLemon[14099:153961] 🔍 Track 3 type: video
2026-01-07 18:10:22.231 RedLemon[14099:153961] 🔍 Track 4 type: audio
2026-01-07 18:10:22.232 RedLemon[14099:153961] 📊 Total subtitle tracks found: 4 (including Off if needed)
2026-01-07 18:10:22.232 RedLemon[14099:153961]    Start[0]: ID=0, Title='Off', Lang='nil', Ext=0
2026-01-07 18:10:22.232 RedLemon[14099:153961]    Start[1]: ID=1, Title='Cast.Away.2000.1080p.BluRay.H264.AAC-RARBG', Lang='en', Ext=1
2026-01-07 18:10:22.232 RedLemon[14099:153961]    Start[2]: ID=2, Title='Cast.Away.2000.1080p.BluRay.x265-YAWNTiC_eng', Lang='en', Ext=1
2026-01-07 18:10:22.232 RedLemon[14099:153961]    Start[3]: ID=3, Title='Cast.Away.2000.1080p.BluRay.x265-YAWNTiC_eng SDH', Lang='en', Ext=1
2026-01-07 18:10:22.233 RedLemon[14099:153961] ✅ SubtitleService: Scanned 4 tracks (Attempt 2/5)
2026-01-07 18:10:22.233 RedLemon[14099:153961]    Track: ID=0, Title=Off, External=0
2026-01-07 18:10:22.233 RedLemon[14099:153961]    Track: ID=1, Title=Cast.Away.2000.1080p.BluRay.H264.AAC-RARBG, External=1
2026-01-07 18:10:22.234 RedLemon[14099:153961]    Track: ID=2, Title=Cast.Away.2000.1080p.BluRay.x265-YAWNTiC_eng, External=1
2026-01-07 18:10:22.234 RedLemon[14099:153961]    Track: ID=3, Title=Cast.Away.2000.1080p.BluRay.x265-YAWNTiC_eng SDH, External=1
2026-01-07 18:10:22.903 RedLemon[14099:153854] 🔍 MPV track-list/count: 5
2026-01-07 18:10:22.903 RedLemon[14099:153854] 🔍 Track 0 type: sub
2026-01-07 18:10:22.903 RedLemon[14099:153854] ✅ Found subtitle track: ID=1, lang=en, title=Cast.Away.2000.1080p.BluRay.H264.AAC-RARBG, external=1
2026-01-07 18:10:22.904 RedLemon[14099:153854] 🔍 Track 1 type: sub
2026-01-07 18:10:22.904 RedLemon[14099:153854] ✅ Found subtitle track: ID=2, lang=en, title=Cast.Away.2000.1080p.BluRay.x265-YAWNTiC_eng, external=1
2026-01-07 18:10:22.904 RedLemon[14099:153854] 🔍 Track 2 type: sub
2026-01-07 18:10:22.904 RedLemon[14099:153854] ✅ Found subtitle track: ID=3, lang=en, title=Cast.Away.2000.1080p.BluRay.x265-YAWNTiC_eng SDH, external=1
2026-01-07 18:10:22.904 RedLemon[14099:153854] 🔍 Track 3 type: video
2026-01-07 18:10:22.905 RedLemon[14099:153854] 🔍 Track 4 type: audio
2026-01-07 18:10:22.905 RedLemon[14099:153854] 📊 Total subtitle tracks found: 4 (including Off if needed)
2026-01-07 18:10:22.905 RedLemon[14099:153854]    Start[0]: ID=0, Title='Off', Lang='nil', Ext=0
2026-01-07 18:10:22.905 RedLemon[14099:153854]    Start[1]: ID=1, Title='Cast.Away.2000.1080p.BluRay.H264.AAC-RARBG', Lang='en', Ext=1
2026-01-07 18:10:22.905 RedLemon[14099:153854]    Start[2]: ID=2, Title='Cast.Away.2000.1080p.BluRay.x265-YAWNTiC_eng', Lang='en', Ext=1
2026-01-07 18:10:22.905 RedLemon[14099:153854]    Start[3]: ID=3, Title='Cast.Away.2000.1080p.BluRay.x265-YAWNTiC_eng SDH', Lang='en', Ext=1
2026-01-07 18:10:22.905 RedLemon[14099:153854] ✅ SubtitleService: Scanned 4 tracks (Attempt 2/5)
2026-01-07 18:10:22.906 RedLemon[14099:153854]    Track: ID=0, Title=Off, External=0
2026-01-07 18:10:22.906 RedLemon[14099:153854]    Track: ID=1, Title=Cast.Away.2000.1080p.BluRay.H264.AAC-RARBG, External=1
2026-01-07 18:10:22.906 RedLemon[14099:153854]    Track: ID=2, Title=Cast.Away.2000.1080p.BluRay.x265-YAWNTiC_eng, External=1
2026-01-07 18:10:22.907 RedLemon[14099:153854]    Track: ID=3, Title=Cast.Away.2000.1080p.BluRay.x265-YAWNTiC_eng SDH, External=1
2026-01-07 18:10:23.569 RedLemon[14099:153869] 🔍 MPV track-list/count: 5
2026-01-07 18:10:23.581 RedLemon[14099:153869] 🔍 Track 0 type: sub
2026-01-07 18:10:23.588 RedLemon[14099:153869] ✅ Found subtitle track: ID=1, lang=en, title=Cast.Away.2000.1080p.BluRay.H264.AAC-RARBG, external=1
2026-01-07 18:10:23.598 RedLemon[14099:153869] 🔍 Track 1 type: sub
2026-01-07 18:10:23.603 RedLemon[14099:153869] ✅ Found subtitle track: ID=2, lang=en, title=Cast.Away.2000.1080p.BluRay.x265-YAWNTiC_eng, external=1
2026-01-07 18:10:23.608 RedLemon[14099:153869] 🔍 Track 2 type: sub
2026-01-07 18:10:23.624 RedLemon[14099:153869] ✅ Found subtitle track: ID=3, lang=en, title=Cast.Away.2000.1080p.BluRay.x265-YAWNTiC_eng SDH, external=1
2026-01-07 18:10:23.629 RedLemon[14099:153869] 🔍 Track 3 type: video
2026-01-07 18:10:23.634 RedLemon[14099:153869] 🔍 Track 4 type: audio
2026-01-07 18:10:23.634 RedLemon[14099:153869] 📊 Total subtitle tracks found: 4 (including Off if needed)
2026-01-07 18:10:23.634 RedLemon[14099:153869]    Start[0]: ID=0, Title='Off', Lang='nil', Ext=0
2026-01-07 18:10:23.634 RedLemon[14099:153869]    Start[1]: ID=1, Title='Cast.Away.2000.1080p.BluRay.H264.AAC-RARBG', Lang='en', Ext=1
2026-01-07 18:10:23.634 RedLemon[14099:153869]    Start[2]: ID=2, Title='Cast.Away.2000.1080p.BluRay.x265-YAWNTiC_eng', Lang='en', Ext=1
2026-01-07 18:10:23.634 RedLemon[14099:153869]    Start[3]: ID=3, Title='Cast.Away.2000.1080p.BluRay.x265-YAWNTiC_eng SDH', Lang='en', Ext=1
2026-01-07 18:10:23.639 RedLemon[14099:153869] ✅ SubtitleService: Scanned 4 tracks (Attempt 3/5)
2026-01-07 18:10:23.639 RedLemon[14099:153869]    Track: ID=0, Title=Off, External=0
2026-01-07 18:10:23.639 RedLemon[14099:153869]    Track: ID=1, Title=Cast.Away.2000.1080p.BluRay.H264.AAC-RARBG, External=1
2026-01-07 18:10:23.641 RedLemon[14099:153869]    Track: ID=2, Title=Cast.Away.2000.1080p.BluRay.x265-YAWNTiC_eng, External=1
2026-01-07 18:10:23.641 RedLemon[14099:153869]    Track: ID=3, Title=Cast.Away.2000.1080p.BluRay.x265-YAWNTiC_eng SDH, External=1
2026-01-07 18:10:23.941 RedLemon[14099:153869] 🔍 MPV track-list/count: 5
2026-01-07 18:10:23.946 RedLemon[14099:153869] 🔍 Track 0 type: sub
2026-01-07 18:10:23.966 RedLemon[14099:153869] ✅ Found subtitle track: ID=1, lang=en, title=Cast.Away.2000.1080p.BluRay.H264.AAC-RARBG, external=1
2026-01-07 18:10:23.971 RedLemon[14099:153869] 🔍 Track 1 type: sub
2026-01-07 18:10:23.986 RedLemon[14099:153869] ✅ Found subtitle track: ID=2, lang=en, title=Cast.Away.2000.1080p.BluRay.x265-YAWNTiC_eng, external=1
2026-01-07 18:10:24.007 RedLemon[14099:153869] 🔍 Track 2 type: sub
2026-01-07 18:10:24.261 RedLemon[14099:153869] ✅ Found subtitle track: ID=3, lang=en, title=Cast.Away.2000.1080p.BluRay.x265-YAWNTiC_eng SDH, external=1
2026-01-07 18:10:24.262 RedLemon[14099:153869] 🔍 Track 3 type: video
2026-01-07 18:10:24.384 RedLemon[14099:153869] 🔍 Track 4 type: audio
2026-01-07 18:10:24.384 RedLemon[14099:153869] 📊 Total subtitle tracks found: 4 (including Off if needed)
2026-01-07 18:10:24.384 RedLemon[14099:153869]    Start[0]: ID=0, Title='Off', Lang='nil', Ext=0
2026-01-07 18:10:24.384 RedLemon[14099:153869]    Start[1]: ID=1, Title='Cast.Away.2000.1080p.BluRay.H264.AAC-RARBG', Lang='en', Ext=1
2026-01-07 18:10:24.385 RedLemon[14099:153869]    Start[2]: ID=2, Title='Cast.Away.2000.1080p.BluRay.x265-YAWNTiC_eng', Lang='en', Ext=1
2026-01-07 18:10:24.385 RedLemon[14099:153869]    Start[3]: ID=3, Title='Cast.Away.2000.1080p.BluRay.x265-YAWNTiC_eng SDH', Lang='en', Ext=1
2026-01-07 18:10:24.390 RedLemon[14099:153869] ✅ SubtitleService: Scanned 4 tracks (Attempt 3/5)
2026-01-07 18:10:24.390 RedLemon[14099:153869]    Track: ID=0, Title=Off, External=0
2026-01-07 18:10:24.391 RedLemon[14099:153869]    Track: ID=1, Title=Cast.Away.2000.1080p.BluRay.H264.AAC-RARBG, External=1
2026-01-07 18:10:24.392 RedLemon[14099:153869]    Track: ID=2, Title=Cast.Away.2000.1080p.BluRay.x265-YAWNTiC_eng, External=1
2026-01-07 18:10:24.392 RedLemon[14099:153869]    Track: ID=3, Title=Cast.Away.2000.1080p.BluRay.x265-YAWNTiC_eng SDH, External=1
2026-01-07 18:10:24.731 RedLemon[14099:153869] 🔍 MPV track-list/count: 5
2026-01-07 18:10:24.731 RedLemon[14099:153869] 🔍 Track 0 type: sub
2026-01-07 18:10:24.731 RedLemon[14099:153869] ✅ Found subtitle track: ID=1, lang=en, title=Cast.Away.2000.1080p.BluRay.H264.AAC-RARBG, external=1
2026-01-07 18:10:24.731 RedLemon[14099:153869] 🔍 Track 1 type: sub
2026-01-07 18:10:24.731 RedLemon[14099:153869] ✅ Found subtitle track: ID=2, lang=en, title=Cast.Away.2000.1080p.BluRay.x265-YAWNTiC_eng, external=1
2026-01-07 18:10:24.732 RedLemon[14099:153869] 🔍 Track 2 type: sub
2026-01-07 18:10:24.732 RedLemon[14099:153869] ✅ Found subtitle track: ID=3, lang=en, title=Cast.Away.2000.1080p.BluRay.x265-YAWNTiC_eng SDH, external=1
2026-01-07 18:10:24.733 RedLemon[14099:153869] 🔍 Track 3 type: video
2026-01-07 18:10:24.733 RedLemon[14099:153869] 🔍 Track 4 type: audio
2026-01-07 18:10:24.733 RedLemon[14099:153869] 📊 Total subtitle tracks found: 4 (including Off if needed)
2026-01-07 18:10:24.733 RedLemon[14099:153869]    Start[0]: ID=0, Title='Off', Lang='nil', Ext=0
2026-01-07 18:10:24.733 RedLemon[14099:153869]    Start[1]: ID=1, Title='Cast.Away.2000.1080p.BluRay.H264.AAC-RARBG', Lang='en', Ext=1
2026-01-07 18:10:24.733 RedLemon[14099:153869]    Start[2]: ID=2, Title='Cast.Away.2000.1080p.BluRay.x265-YAWNTiC_eng', Lang='en', Ext=1
2026-01-07 18:10:24.733 RedLemon[14099:153869]    Start[3]: ID=3, Title='Cast.Away.2000.1080p.BluRay.x265-YAWNTiC_eng SDH', Lang='en', Ext=1
2026-01-07 18:10:24.734 RedLemon[14099:153869] ✅ SubtitleService: Scanned 4 tracks (Attempt 4/5)
2026-01-07 18:10:24.734 RedLemon[14099:153869]    Track: ID=0, Title=Off, External=0
2026-01-07 18:10:24.734 RedLemon[14099:153869]    Track: ID=1, Title=Cast.Away.2000.1080p.BluRay.H264.AAC-RARBG, External=1
2026-01-07 18:10:24.734 RedLemon[14099:153869]    Track: ID=2, Title=Cast.Away.2000.1080p.BluRay.x265-YAWNTiC_eng, External=1
2026-01-07 18:10:24.734 RedLemon[14099:153869]    Track: ID=3, Title=Cast.Away.2000.1080p.BluRay.x265-YAWNTiC_eng SDH, External=1
2026-01-07 18:10:25.439 RedLemon[14099:153961] 🔍 MPV track-list/count: 5
2026-01-07 18:10:25.439 RedLemon[14099:153961] 🔍 Track 0 type: sub
2026-01-07 18:10:25.440 RedLemon[14099:153961] ✅ Found subtitle track: ID=1, lang=en, title=Cast.Away.2000.1080p.BluRay.H264.AAC-RARBG, external=1
2026-01-07 18:10:25.441 RedLemon[14099:153961] 🔍 Track 1 type: sub
2026-01-07 18:10:25.441 RedLemon[14099:153961] ✅ Found subtitle track: ID=2, lang=en, title=Cast.Away.2000.1080p.BluRay.x265-YAWNTiC_eng, external=1
2026-01-07 18:10:25.441 RedLemon[14099:153961] 🔍 Track 2 type: sub
2026-01-07 18:10:25.442 RedLemon[14099:153961] ✅ Found subtitle track: ID=3, lang=en, title=Cast.Away.2000.1080p.BluRay.x265-YAWNTiC_eng SDH, external=1
2026-01-07 18:10:25.442 RedLemon[14099:153961] 🔍 Track 3 type: video
2026-01-07 18:10:25.442 RedLemon[14099:153961] 🔍 Track 4 type: audio
2026-01-07 18:10:25.442 RedLemon[14099:153961] 📊 Total subtitle tracks found: 4 (including Off if needed)
2026-01-07 18:10:25.443 RedLemon[14099:153961]    Start[0]: ID=0, Title='Off', Lang='nil', Ext=0
2026-01-07 18:10:25.443 RedLemon[14099:153961]    Start[1]: ID=1, Title='Cast.Away.2000.1080p.BluRay.H264.AAC-RARBG', Lang='en', Ext=1
2026-01-07 18:10:25.443 RedLemon[14099:153961]    Start[2]: ID=2, Title='Cast.Away.2000.1080p.BluRay.x265-YAWNTiC_eng', Lang='en', Ext=1
2026-01-07 18:10:25.443 RedLemon[14099:153961]    Start[3]: ID=3, Title='Cast.Away.2000.1080p.BluRay.x265-YAWNTiC_eng SDH', Lang='en', Ext=1
2026-01-07 18:10:25.443 RedLemon[14099:153961] ✅ SubtitleService: Scanned 4 tracks (Attempt 4/5)
2026-01-07 18:10:25.444 RedLemon[14099:153961]    Track: ID=0, Title=Off, External=0
2026-01-07 18:10:25.444 RedLemon[14099:153961]    Track: ID=1, Title=Cast.Away.2000.1080p.BluRay.H264.AAC-RARBG, External=1
2026-01-07 18:10:25.444 RedLemon[14099:153961]    Track: ID=2, Title=Cast.Away.2000.1080p.BluRay.x265-YAWNTiC_eng, External=1
2026-01-07 18:10:25.445 RedLemon[14099:153961]    Track: ID=3, Title=Cast.Away.2000.1080p.BluRay.x265-YAWNTiC_eng SDH, External=1
2026-01-07 18:10:25.742 RedLemon[14099:153869] 🔍 MPV track-list/count: 5
2026-01-07 18:10:25.742 RedLemon[14099:153869] 🔍 Track 0 type: sub
2026-01-07 18:10:25.751 RedLemon[14099:153869] ✅ Found subtitle track: ID=1, lang=en, title=Cast.Away.2000.1080p.BluRay.H264.AAC-RARBG, external=1
2026-01-07 18:10:25.753 RedLemon[14099:153869] 🔍 Track 1 type: sub
2026-01-07 18:10:25.754 RedLemon[14099:153869] ✅ Found subtitle track: ID=2, lang=en, title=Cast.Away.2000.1080p.BluRay.x265-YAWNTiC_eng, external=1
2026-01-07 18:10:25.757 RedLemon[14099:153869] 🔍 Track 2 type: sub
2026-01-07 18:10:25.758 RedLemon[14099:153869] ✅ Found subtitle track: ID=3, lang=en, title=Cast.Away.2000.1080p.BluRay.x265-YAWNTiC_eng SDH, external=1
2026-01-07 18:10:25.759 RedLemon[14099:153869] 🔍 Track 3 type: video
2026-01-07 18:10:25.759 RedLemon[14099:153869] 🔍 Track 4 type: audio
2026-01-07 18:10:25.760 RedLemon[14099:153869] 📊 Total subtitle tracks found: 4 (including Off if needed)
2026-01-07 18:10:25.760 RedLemon[14099:153869]    Start[0]: ID=0, Title='Off', Lang='nil', Ext=0
2026-01-07 18:10:25.760 RedLemon[14099:153869]    Start[1]: ID=1, Title='Cast.Away.2000.1080p.BluRay.H264.AAC-RARBG', Lang='en', Ext=1
2026-01-07 18:10:25.760 RedLemon[14099:153869]    Start[2]: ID=2, Title='Cast.Away.2000.1080p.BluRay.x265-YAWNTiC_eng', Lang='en', Ext=1
2026-01-07 18:10:25.760 RedLemon[14099:153869]    Start[3]: ID=3, Title='Cast.Away.2000.1080p.BluRay.x265-YAWNTiC_eng SDH', Lang='en', Ext=1
2026-01-07 18:10:25.760 RedLemon[14099:153869] ✅ SubtitleService: Scanned 4 tracks (Attempt 5/5)
2026-01-07 18:10:25.760 RedLemon[14099:153869]    Track: ID=0, Title=Off, External=0
2026-01-07 18:10:25.760 RedLemon[14099:153869]    Track: ID=1, Title=Cast.Away.2000.1080p.BluRay.H264.AAC-RARBG, External=1
2026-01-07 18:10:25.761 RedLemon[14099:153869]    Track: ID=2, Title=Cast.Away.2000.1080p.BluRay.x265-YAWNTiC_eng, External=1
2026-01-07 18:10:25.761 RedLemon[14099:153869]    Track: ID=3, Title=Cast.Away.2000.1080p.BluRay.x265-YAWNTiC_eng SDH, External=1
2026-01-07 18:10:26.543 RedLemon[14099:153856] 🔍 MPV track-list/count: 5
2026-01-07 18:10:26.545 RedLemon[14099:153856] 🔍 Track 0 type: sub
2026-01-07 18:10:26.558 RedLemon[14099:153856] ✅ Found subtitle track: ID=1, lang=en, title=Cast.Away.2000.1080p.BluRay.H264.AAC-RARBG, external=1
2026-01-07 18:10:26.558 RedLemon[14099:153856] 🔍 Track 1 type: sub
2026-01-07 18:10:26.558 RedLemon[14099:153856] ✅ Found subtitle track: ID=2, lang=en, title=Cast.Away.2000.1080p.BluRay.x265-YAWNTiC_eng, external=1
2026-01-07 18:10:26.558 RedLemon[14099:153856] 🔍 Track 2 type: sub
2026-01-07 18:10:26.558 RedLemon[14099:153856] ✅ Found subtitle track: ID=3, lang=en, title=Cast.Away.2000.1080p.BluRay.x265-YAWNTiC_eng SDH, external=1
2026-01-07 18:10:26.558 RedLemon[14099:153856] 🔍 Track 3 type: video
2026-01-07 18:10:26.558 RedLemon[14099:153856] 🔍 Track 4 type: audio
2026-01-07 18:10:26.558 RedLemon[14099:153856] 📊 Total subtitle tracks found: 4 (including Off if needed)
2026-01-07 18:10:26.559 RedLemon[14099:153856]    Start[0]: ID=0, Title='Off', Lang='nil', Ext=0
2026-01-07 18:10:26.559 RedLemon[14099:153856]    Start[1]: ID=1, Title='Cast.Away.2000.1080p.BluRay.H264.AAC-RARBG', Lang='en', Ext=1
2026-01-07 18:10:26.559 RedLemon[14099:153856]    Start[2]: ID=2, Title='Cast.Away.2000.1080p.BluRay.x265-YAWNTiC_eng', Lang='en', Ext=1
2026-01-07 18:10:26.559 RedLemon[14099:153856]    Start[3]: ID=3, Title='Cast.Away.2000.1080p.BluRay.x265-YAWNTiC_eng SDH', Lang='en', Ext=1
2026-01-07 18:10:26.559 RedLemon[14099:153856] ✅ SubtitleService: Scanned 4 tracks (Attempt 5/5)
2026-01-07 18:10:26.559 RedLemon[14099:153856]    Track: ID=0, Title=Off, External=0
2026-01-07 18:10:26.559 RedLemon[14099:153856]    Track: ID=1, Title=Cast.Away.2000.1080p.BluRay.H264.AAC-RARBG, External=1
2026-01-07 18:10:26.559 RedLemon[14099:153856]    Track: ID=2, Title=Cast.Away.2000.1080p.BluRay.x265-YAWNTiC_eng, External=1
2026-01-07 18:10:26.560 RedLemon[14099:153856]    Track: ID=3, Title=Cast.Away.2000.1080p.BluRay.x265-YAWNTiC_eng SDH, External=1
2026-01-07 18:10:30.215 RedLemon[14099:153729] 👥 MPVPlayer: Merged participants list via polling (Count: 2)
📄 Subtitle request: L3N1YnRpdGxlLzM1MDAy... (offset: 0ms)
📥 Downloading subtitle from SubDL CDN: /subtitle/3500216-8422637.zip
🎬 DisplayLink: reportSwap() (throttled)
⚠️ Video duration not available yet (0.0s), performing BLIND SEEK to 3290s...
🎯 Executing immediate seek to 3290s...
⚡️ PlaybackService: creating sleep assertion (preventing idle sleep)
✅ Resumed playback after seek to 3290s
⚠️ onVideoReady called again - ignoring to prevent loops
✅ Download complete: 23107 bytes
📦 Detected ZIP archive, extracting...
⚠️ No specific episode match found, using first file: Cast.Away.2000.1080p.BluRay.x265-YAWNTiC_eng SDH.srt
📦 Extracting specific file: Cast.Away.2000.1080p.BluRay.x265-YAWNTiC_eng SDH.srt
✅ Extraction successful
✅ Subtitle downloaded and converted to VTT
🔍 SubtitleService: Starting embedded track scan (polling 5s)...
📊 Current subtitle track: 3
🎬 DisplayLink: reportSwap() (throttled)
[MPV] (+) Video --vid=1 (*) (h264 1920x1040 23.976fps)
[MPV] (+) Audio --aid=1 --alang=eng (*) (aac 6ch 48000Hz)
[MPV] Subs  --sid=1 --slang=en 'Cast.Away.2000.1080p.BluRay.H264.AAC-RARBG' (webvtt) (external)
[MPV] Subs  --sid=2 --slang=en 'Cast.Away.2000.1080p.BluRay.x265-YAWNTiC_eng' (webvtt) (external)
[MPV] (+) Subs  --sid=3 --slang=en 'Cast.Away.2000.1080p.BluRay.x265-YAWNTiC_eng SDH' (webvtt) (external)
[MPV] File tags:
[MPV] Comment: Cast.Away.2000.1080p.BluRay.H264.AAC-RARBG
[MPV] Title: Cast.Away.2000.1080p.BluRay.H264.AAC-RARBG
 MPV Event: 18
 MPV Event: 18
🔍 SMART-LOAD: Starting track polling loop...
🔍 SMART-LOAD: Expecting 3 external subtitles to prevent race condition
✅ SMART-LOAD: Found 5 tracks including 3/3 external subs.
✅ SMART-LOAD: All tracks ready! Proceeding to selection.
⏳ MPVPlayerViewModel: Buffering finished during Event Seek - Starting 500ms Render Stabilization Timer...
🔍 AUDIO AUTO-SELECT: Starting smart audio track scan
🔍 Track 1: eng | 6ch | English: true | Commentary: false -> Score: 1065
🏆 Selected best audio track: eng (ID: 1, Score: 1065)
🔍 AUDIO AUTO-SELECT: Starting smart audio track scan
🔍 Track 1: eng | 6ch | English: true | Commentary: false -> Score: 1065
🏆 Selected best audio track: eng (ID: 1, Score: 1065)
🔍 AUTO-SELECT: Starting subtitle scan & selection refresh
🔍 AUTO-SELECT: Found 5 total tracks
🔍 AUTO-SELECT: Track 0 - ID: 1, lang: 'en', title: 'Cast.Away.2000.1080p.BluRay.H264.AAC-RARBG', forced: false, default: false, HI: false, Ext: true
🔍 AUTO-SELECT: Track 1 - ID: 2, lang: 'en', title: 'Cast.Away.2000.1080p.BluRay.x265-YAWNTiC_eng', forced: false, default: false, HI: false, Ext: true
🔍 AUTO-SELECT: Track 2 - ID: 3, lang: 'en', title: 'Cast.Away.2000.1080p.BluRay.x265-YAWNTiC_eng SDH', forced: false, default: false, HI: false, Ext: true
✅ Auto-selecting BEST English subtitle: Cast.Away.2000.1080p.BluRay.x265-YAWNTiC_eng SDH (ID: 3) [External: true, Forced: false, Default: false, HI: false]
   🏆 Final Score: 250 (Embedded: 0, Match: 0, Clean: 0, SDH: 250)
📂 MPVPlayerViewModel: File Loaded - Re-scanning embedded tracks...
🔍 SubtitleService: Starting embedded track scan (polling 5s)...
📊 Current subtitle track: 3
[MPV] Track switched:
[MPV] (+) Video --vid=1 (*) (h264 1920x1040 23.976fps)
[MPV] (+) Audio --aid=1 --alang=eng (*) (aac 6ch 48000Hz)
[MPV] Subs  --sid=1 --slang=en 'Cast.Away.2000.1080p.BluRay.H264.AAC-RARBG' (webvtt) (external)
[MPV] Subs  --sid=2 --slang=en 'Cast.Away.2000.1080p.BluRay.x265-YAWNTiC_eng' (webvtt) (external)
[MPV] (+) Subs  --sid=3 --slang=en 'Cast.Away.2000.1080p.BluRay.x265-YAWNTiC_eng SDH' (webvtt) (external)
⏸️ SMART-LOAD: Staying paused (Watch Party / User Request)
 MPV Event: 20
📊 Current subtitle track: 3
✅ MPVPlayerViewModel: Render Stabilization Complete - Releasing UI
🎬 DisplayLink: reportSwap() (throttled)
📊 Current subtitle track: 3
🎬 DisplayLink: reportSwap() (throttled)
 MPV Event: 17
[MPV] Using hardware decoding (videotoolbox).
📊 Current subtitle track: 3
[MPV] VO: [libmpv] 1920x1040 videotoolbox[nv12]
 MPV Event: 17
🎬 MPV: Frame ready! Calling layer.update() (throttled)
🎬 Layer.update() called - forceDraw:false needsFlip:true (throttled)
🎬 canDraw() = true (forceDraw:false, hasFrame:true) (throttled)
🎬 draw() - Rendering frame! (throttled)
[MPV] AO: [coreaudio] 48000Hz stereo 2ch floatp
 MPV Event: 18
✅ MPVPlayerViewModel: Enhancing UI - Buffering finished (hide spinner) [File Loaded]
📊 Current subtitle track: 3
🎬 DisplayLink: reportSwap() (throttled)
📊 Current subtitle track: 3
📊 Current subtitle track: 3
🎬 DisplayLink: reportSwap() (throttled)
📊 Current subtitle track: 3
🔍 AUTO-SELECT: Starting subtitle scan & selection refresh
🔍 AUTO-SELECT: Found 5 total tracks
🔍 AUTO-SELECT: Track 0 - ID: 1, lang: 'en', title: 'Cast.Away.2000.1080p.BluRay.H264.AAC-RARBG', forced: false, default: false, HI: false, Ext: true
🔍 AUTO-SELECT: Track 1 - ID: 2, lang: 'en', title: 'Cast.Away.2000.1080p.BluRay.x265-YAWNTiC_eng', forced: false, default: false, HI: false, Ext: true
🔍 AUTO-SELECT: Track 2 - ID: 3, lang: 'en', title: 'Cast.Away.2000.1080p.BluRay.x265-YAWNTiC_eng SDH', forced: false, default: false, HI: false, Ext: true
✅ Auto-selecting BEST English subtitle: Cast.Away.2000.1080p.BluRay.x265-YAWNTiC_eng SDH (ID: 3) [External: true, Forced: false, Default: false, HI: false]
   🏆 Final Score: 250 (Embedded: 0, Match: 0, Clean: 0, SDH: 250)
🎬 MPV: Frame ready! Calling layer.update() (throttled)
🎬 DisplayLink: reportSwap() (throttled)
📊 Current subtitle track: 3
📨 Received: {"ref":"5","event":"phx_reply","payload":{"status":"ok","response":{}},"topic":"realtime:global-presence"}
📨 Received: {"ref":null,"event":"presence_diff","payload":{"joins":{"016bc5a8-ec1e-11f0-a801-9ee62e3b7bba":{"metas":[{"phx_ref":"GIiVrZrwDCE6Apej","phx_ref_prev":"GIiVq_2EOIg6ApeD","last_seen":"2026-01-07T23:10:26.464Z","room_id":"event_tt0162222","started_at":"2026-01-07T23:10:19.528Z","status":"online","user_id":"656daa91-33b4-4688-9135-c982ea52d7c9","username":"ursinho","watching_id":"tt0162222","watching_title":"Cast Away","watching_type":"movie"}]}},"leaves":{"016bc5a8-ec1e-11f0-a801-9ee62e3b7bba":{"metas":[{"phx_ref":"GIiVq_2EOIg6ApeD","phx_ref_prev":"GIiVqz-BrPo6Apdj","last_seen":"2026-01-07T23:10:19.528Z","room_id":"event_tt0162222","started_at":"2026-01-07T23:10:19.528Z","status":"online","user_id":"656daa91-33b4-4688-9135-c982ea52d7c9","username":"ursinho","watching_id":"tt0162222","watching_title":"Cast Away","watching_type":"movie"}]}}},"topic":"realtime:global-presence"}
🎬 Layer.update() called - forceDraw:false needsFlip:true (throttled)
📨 Received: {"ref":null,"event":"presence_diff","payload":{"joins":{"79ac1f6e-ec1d-11f0-9a27-9ee62e3b7bba":{"metas":[{"phx_ref":"GIiVrbvk4L46Ajrh","phx_ref_prev":"GIiVq86vJBI6Ajoh","last_seen":"2026-01-07T23:10:26.905Z","status":"Browsing Events","user_id":"96e01cdb-36c0-4228-a6e4-a29a3c66bc8e","username":"lemontom"}]}},"leaves":{"79ac1f6e-ec1d-11f0-9a27-9ee62e3b7bba":{"metas":[{"phx_ref":"GIiVq86vJBI6Ajoh","phx_ref_prev":"GIiVpyLgvb06AjkB","last_seen":"2026-01-07T23:10:18.623Z","room_id":"event_tt0162222","started_at":"2026-01-07T23:08:50.336Z","status":"online","user_id":"96e01cdb-36c0-4228-a6e4-a29a3c66bc8e","username":"lemontom","watching_id":"tt0162222","watching_title":"Cast Away","watching_type":"movie"}]}}},"topic":"realtime:global-presence"}
📨 Received: {"ref":null,"event":"presence_diff","payload":{"joins":{"79ac1f6e-ec1d-11f0-9a27-9ee62e3b7bba":{"metas":[{"phx_ref":"GIiVrbv1_ik6AjsB","phx_ref_prev":"GIiVrbvk4L46Ajrh","last_seen":"2026-01-07T23:10:26.906Z","status":"Browsing","user_id":"96e01cdb-36c0-4228-a6e4-a29a3c66bc8e","username":"lemontom"}]}},"leaves":{"79ac1f6e-ec1d-11f0-9a27-9ee62e3b7bba":{"metas":[{"phx_ref":"GIiVrbvk4L46Ajrh","phx_ref_prev":"GIiVq86vJBI6Ajoh","last_seen":"2026-01-07T23:10:26.905Z","status":"Browsing Events","user_id":"96e01cdb-36c0-4228-a6e4-a29a3c66bc8e","username":"lemontom"}]}}},"topic":"realtime:global-presence"}
📨 Received: {"ref":null,"event":"presence_diff","payload":{"joins":{},"leaves":{"d422a062-ec1d-11f0-bc9b-9ee62e3b7bba":{"metas":[{"phx_ref":"GIiVlz8Yv8HpQJFD","is_host":false,"joined_at":1767827330.32007,"user_id":"96E01CDB-36C0-4228-A6E4-A29A3C66BC8E","username":"lemontom"}]}}},"topic":"realtime:watch-party:event_tt0162222"}
⏳ Participant leaving (grace period started): 96e01cdb-36c0-4228-a6e4-a29a3c66bc8e
🎬 DisplayLink: reportSwap() (throttled)
🎬 MPV: Frame ready! Calling layer.update() (throttled)
🎬 DisplayLink: reportSwap() (throttled)
🎬 canDraw() = true (forceDraw:false, hasFrame:true) (throttled)
🎬 draw() - Rendering frame! (throttled)
✅ LEAVE MATCHED tracked ref: GIiVlz8Yv8HpQJFD
👋 Participant left (confirmed): 96e01cdb-36c0-4228-a6e4-a29a3c66bc8e
🎬 DisplayLink: reportSwap() (throttled)
🎬 MPV: Frame ready! Calling layer.update() (throttled)
🎬 Layer.update() called - forceDraw:false needsFlip:true (throttled)
🎬 DisplayLink: reportSwap() (throttled)
🎬 DisplayLink: reportSwap() (throttled)
🎬 MPV: Frame ready! Calling layer.update() (throttled)
🎬 DisplayLink: reportSwap() (throttled)
🎬 Layer.update() called - forceDraw:false needsFlip:true (throttled)
🎬 DisplayLink: reportSwap() (throttled)
🎬 MPV: Frame ready! Calling layer.update() (throttled)
🎬 canDraw() = true (forceDraw:false, hasFrame:true) (throttled)
🎬 draw() - Rendering frame! (throttled)
💓 Heartbeat sent
📨 Received: {"ref":"2","event":"phx_reply","payload":{"status":"ok","response":{}},"topic":"phoenix"}
🎬 DisplayLink: reportSwap() (throttled)
🎬 DisplayLink: reportSwap() (throttled)
🎬 MPV: Frame ready! Calling layer.update() (throttled)
🎬 Layer.update() called - forceDraw:false needsFlip:true (throttled)
💓 Heartbeat sent
📨 Received: {"ref":"6","event":"phx_reply","payload":{"status":"ok","response":{}},"topic":"phoenix"}
💓 Heartbeat sent
🎬 DisplayLink: reportSwap() (throttled)
📨 Received: {"ref":"1","event":"phx_reply","payload":{"status":"ok","response":{}},"topic":"phoenix"}
🎬 DisplayLink: reportSwap() (throttled)
🎬 MPV: Frame ready! Calling layer.update() (throttled)
🎬 DisplayLink: reportSwap() (throttled)
📨 Received: {"ref":null,"event":"presence_diff","payload":{"joins":{"79ac1f6e-ec1d-11f0-9a27-9ee62e3b7bba":{"metas":[{"phx_ref":"GIiVsHKedDI6Ajuh","phx_ref_prev":"GIiVrbv1_ik6AjsB","last_seen":"2026-01-07T23:10:38.558Z","status":"Browsing","user_id":"96e01cdb-36c0-4228-a6e4-a29a3c66bc8e","username":"lemontom"}]}},"leaves":{"79ac1f6e-ec1d-11f0-9a27-9ee62e3b7bba":{"metas":[{"phx_ref":"GIiVrbv1_ik6AjsB","phx_ref_prev":"GIiVrbvk4L46Ajrh","last_seen":"2026-01-07T23:10:26.906Z","status":"Browsing","user_id":"96e01cdb-36c0-4228-a6e4-a29a3c66bc8e","username":"lemontom"}]}}},"topic":"realtime:global-presence"}
🎬 Layer.update() called - forceDraw:false needsFlip:true (throttled)
🎬 canDraw() = true (forceDraw:false, hasFrame:true) (throttled)
🎬 draw() - Rendering frame! (throttled)
🎬 DisplayLink: reportSwap() (throttled)
🎬 MPV: Frame ready! Calling layer.update() (throttled)
🎬 DisplayLink: reportSwap() (throttled)
