2026-01-16 15:22:41.790 RedLemon[4344:34848] 🪟 Set initial window to expanded size: (0.0, 133.0, 1366.0, 610.0)
2026-01-16 15:22:41.790 RedLemon[4344:34848] ✅ Cache cleanup timer started (runs every 30 minutes)
2026-01-16 15:22:41.868 RedLemon[4344:34848] 🔄 Resetting playback state to prevent auto-selection...
2026-01-16 15:22:41.870 RedLemon[4344:34848] ⚠️ PlayerVM: currentWatchPartyRoom set to NIL. Stack Trace unavailable, but check recent logs.
2026-01-16 15:22:41.902 RedLemon[4344:34848] ✅ Playback state reset complete - starting in browse view
2026-01-16 15:22:41.902 RedLemon[4344:34848] 🔐 APP STARTUP: Loading stored user credentials...
2026-01-16 15:22:41.902 RedLemon[4344:34848] 🧪 Testing Profile: debug
2026-01-16 15:22:41.904 RedLemon[4344:34907] 📂 Loaded 5 credential(s) from cache
2026-01-16 15:22:41.932 RedLemon[4344:34848] ✅ Keychain: Found stored username: ursinho
2026-01-16 15:22:41.933 RedLemon[4344:34848] 🔍 Supabase: Looking up user 'ursinho' in database...
2026-01-16 15:22:41.933 RedLemon[4344:34907] 🔍 SupabaseClient: Looking up user by username 'ursinho'
2026-01-16 15:22:42.328 RedLemon[4344:34911] 📡 SupabaseClient: User lookup response received (399 bytes)
2026-01-16 15:22:42.339 RedLemon[4344:34911] ✅ SupabaseClient: Decoded 1 users from response
2026-01-16 15:22:42.341 RedLemon[4344:34911] 👤 SupabaseClient: Found user - ursinho (ID: 656DAA91-33B4-4688-9135-C982EA52D7C9)
2026-01-16 15:22:42.373 RedLemon[4344:34848] ✅ AUTH SUCCESS: User authenticated - ursinho (ID: 656DAA91-33B4-4688-9135-C982EA52D7C9)
2026-01-16 15:22:42.373 RedLemon[4344:34848] 🎯 AppState: currentUsername=ursinho, currentUserId=656DAA91-33B4-4688-9135-C982EA52D7C9
2026-01-16 15:22:45.114 RedLemon[4344:34848] 🏁 AUTH COMPLETE: Final state - username=ursinho, userId=656DAA91-33B4-4688-9135-C982EA52D7C9
2026-01-16 15:22:45.121 RedLemon[4344:34848] 🚀 RedLemon: Starting HTTP server...
2026-01-16 15:22:45.121 RedLemon[4344:34848] 📋 RedLemon: Current directory: /Users/danielnoble/Desktop/Redlemon
2026-01-16 15:22:45.145 RedLemon[4344:34848] ✅ RedLemon: HTTPServer instance created
2026-01-16 15:22:45.145 RedLemon[4344:34927] 📡 RedLemon: Server starting on port 47253...
2026-01-16 15:22:45.146 RedLemon[4344:34848] ✅ RedLemon: Server marked as ready (Optimistic)
⏲️ [EventsConfig] Starting polling fallback (every 60s)
🔌 Connecting to Supabase Realtime: wss://151.243.109.243.nip.io/realtime/v1/websocket
✅ Connected to Supabase Realtime
📡 Sparkle requesting feed URL: https://151.243.109.243.nip.io/updates/appcast.xml
✅ Sparkle configured (seamless mode)
   Appcast URL: https://151.243.109.243.nip.io/updates/appcast.xml
   Can check: true
📅 EventsView appeared
🎬 [EventsView] Fetching movie events from centralized config...
📡 [EventsConfig] Checking server for movie_events config version...
🔍 Memory pressure monitoring enabled (safe mode)
🔍 Silent update check (custom implementation)...
📦 Current build: 113, Latest build: 113
✅ App is up to date (current: 113, latest: 113)
🖥️ CacheManager initialized with fixed conservative limits
   Image cache limit: 30 items
📡 Joined channel: realtime:events_config_updates
✅ [EventsConfig] Subscribed to realtime schedule updates
📨 Received: {"ref":"0AED0D91-C010-4C74-88A3-2519595549B7","event":"phx_reply","payload":{"status":"ok","response":{"postgres_changes":[{"id":53636278,"event":"INSERT","filter":"config_type=eq.movie_events","schema":"public","table":"events_config"}]}},"topic":"realtime:events_config_updates"}
📨 Received: {"ref":null,"event":"system","payload":{"message":"Subscribed to PostgreSQL","status":"ok","extension":"postgres_changes","channel":"events_config_updates"},"topic":"realtime:events_config_updates"}
📨 Received: {"ref":null,"event":"presence_state","payload":{},"topic":"realtime:events_config_updates"}
📡 Sparkle requesting feed URL: https://151.243.109.243.nip.io/updates/appcast.xml
✅ [EventsConfig] Fetched movie_events version 1539 with 409 movies
✅ [EventsConfig] Using cached movie_events config (version 1539, 409 movies)
✅ [EventsView] Loaded 409 movies from config version 1539
🗓 AppState: Updated schedule epoch to 2026-01-16 07:41:21 +0000
⏰ AppState: Next schedule update set for Event End: 2026-01-16 21:20:21 +0000
⏰ AppState: Scheduling update in 3459 seconds
🖼️ [CACHE] Cached image data for key: https://images.metahub.space/background/medium/tt0480687/img (901283 bytes)
🖼️ [CACHE] Cached image data for key: https://images.metahub.space/background/medium/tt0266915/img (786827 bytes)
🖼️ [CACHE] Cached image data for key: https://images.metahub.space/background/medium/tt29644189/img (793673 bytes)
🔌 SocialService: Connecting to global presence...
🔌 Connecting to Supabase Realtime: wss://151.243.109.243.nip.io/realtime/v1/websocket
✅ Connected to Supabase Realtime
✅ SocialService: Presence connected
📊 AppState: Polled participant counts - Active: ["tt0266915": 1]
⏰ AppState: Next schedule update set for Event End: 2026-01-16 21:20:21 +0000
⏰ AppState: Scheduling update in 3457 seconds
📊 AppState: Polled participant counts - Active: ["tt0266915": 1]
⏰ AppState: Next schedule update set for Event End: 2026-01-16 21:20:21 +0000
⏰ AppState: Scheduling update in 3457 seconds
📡 Joined channel: realtime:global-presence
✅ SocialService: Connected to global presence
🔌 SocialService: Connecting to DM channel...
🔌 Connecting to Supabase Realtime: wss://151.243.109.243.nip.io/realtime/v1/websocket
✅ Connected to Supabase Realtime
✅ SocialService: DM channel connected
📨 Received: {"ref":"E8520209-B642-4A91-B65C-6F9B18B19A49","event":"phx_reply","payload":{"status":"ok","response":{"postgres_changes":[]}},"topic":"realtime:global-presence"}
📨 Received: {"ref":null,"event":"presence_state","payload":{"0014d83c-f319-11f0-be04-ee9e47993347":{"metas":[{"phx_ref":"GItPu3OhvMY6AlXi","phx_ref_prev":"GItPuDr1aOs6AlVi","is_premium":true,"last_seen":"2026-01-16T20:22:25.074Z","room_id":"event_tt0266915","started_at":"2026-01-16T20:22:11.238Z","status":"online","user_id":"96e01cdb-36c0-4228-a6e4-a29a3c66bc8e","username":"lemontom","watching_id":"tt0266915","watching_title":"Rush Hour 2","watching_type":"movie"}]}},"topic":"realtime:global-presence"}
📨 Received: {"ref":"1","event":"phx_reply","payload":{"status":"ok","response":{}},"topic":"realtime:global-presence"}
📈 SocialService: User 96e01cdb-36c0-4228-a6e4-a29a3c66bc8e came online
📨 Received: {"ref":null,"event":"presence_diff","payload":{"joins":{"1dbbfbd6-f319-11f0-bbec-ee9e47993347":{"metas":[{"phx_ref":"GItPv_8Buh46AriB","is_premium":true,"last_seen":"2026-01-16T20:22:44.453Z","status":"online","user_id":"656DAA91-33B4-4688-9135-C982EA52D7C9","username":"ursinho"}]}},"leaves":{}},"topic":"realtime:global-presence"}
📈 SocialService: User 656daa91-33b4-4688-9135-c982ea52d7c9 came online
📡 [EventsConfig] Checking server for movie_events config version...
📡 Joined channel: realtime:direct_messages
✅ SocialService: Connected to DM channel
📨 Received: {"ref":"10A0E1A9-9414-421D-BB4B-C8462AA46106","event":"phx_reply","payload":{"status":"ok","response":{"postgres_changes":[{"id":44215242,"event":"INSERT","filter":"receiver_id=eq.656daa91-33b4-4688-9135-c982ea52d7c9","schema":"public","table":"direct_messages"},{"id":13418599,"event":"INSERT","filter":"sender_id=eq.656daa91-33b4-4688-9135-c982ea52d7c9","schema":"public","table":"direct_messages"}]}},"topic":"realtime:direct_messages"}
📨 Received: {"ref":null,"event":"system","payload":{"message":"Subscribed to PostgreSQL","status":"ok","extension":"postgres_changes","channel":"direct_messages"},"topic":"realtime:direct_messages"}
📨 Received: {"ref":null,"event":"presence_state","payload":{},"topic":"realtime:direct_messages"}
📬 SocialService: Fetched 0 unread messages
🔄 SocialService: Syncing 45 items to cloud...
🔄 SocialService: Syncing 45 items to cloud (serial)...
✅ Token routes registered:
   POST /tokens/save
   POST /tokens/delete
   GET  /tokens/list
✅ Unlock routes registered:
   POST /api/streams/unlock
✅ Stream routes registered:
   POST /api/streams/resolve
   GET  /api/streams/resolveByQuality
   GET  /api/streams/resolveAll
✅ Proxy routes registered:
   GET /play/rd/:infoHash/:fileIdx
   GET /play/rd/:infoHash
✅ Subtitle routes registered:
   GET /subtitles/search?imdbId=&type=
   GET /subtitles/subdl/:encodedPath
✅ All routes registered
✅ HTTP Server configured on http://127.0.0.1:47253
🚀 Starting HTTP server...
✅ Providers initialized: torrentio, comet, zilean, mediafusion, debridsearch
✅ [EventsConfig] Fetched movie_events version 1539 with 409 movies
[ NOTICE ] Server started on http://127.0.0.1:47253
2026-01-16 15:22:45.200 RedLemon[4344:34848] ✅ RedLemon: Server should be running on http://127.0.0.1:47253
2026-01-16 15:22:45.200 RedLemon[4344:34848] 🏥 [AppState] Starting global provider health check...
2026-01-16 15:22:45.200 RedLemon[4344:34848] 🔍 Performing startup checks...
2026-01-16 15:22:45.200 RedLemon[4344:34848] ✅ Username-based authentication ready
2026-01-16 15:22:45.212 RedLemon[4344:34927] 🔐 Signed request to /check-payment
2026-01-16 15:22:45.355 RedLemon[4344:34927] 📝 [APP] 🎟️ Joining event: Rush Hour 2 (Live: true) ["file": "EventsView.swift", "level": "INFO", "line": "253"]
2026-01-16 15:22:45.355 RedLemon[4344:34927] 📝 [APP] SessionRecorder initialized
2026-01-16 15:22:45.485 RedLemon[4344:34906] 📡 StreamService: Fetching metadata for tt0266915...
2026-01-16 15:22:45.485 RedLemon[4344:34910] 📝 [APP] 🎬 StreamService: Starting resolution for: Rush Hour 2 ["file": "StreamService.swift", "level": "INFO", "line": "104"]
✅ HTTP server running on http://127.0.0.1:47253

🔗 Available endpoints:
   http://127.0.0.1:47253/health
   http://127.0.0.1:47253/status
   http://127.0.0.1:47253/api/health

💰 LicenseManager: Starting hybrid license check...
✅ [EventsConfig] Using cached movie_events config (version 1539, 409 movies)
✅ SocialService: Event event_tt0266915 is JOINABLE (Live or Next Up) - allowing join
[2026-01-16T20:22:45Z] [INFO] [EventsView.swift:253] 🎟️ Joining event: Rush Hour 2 (Live: true)
   Event start time: 2026-01-16 19:40:21 +0000
   Event duration: 6000.0s
   Current time: 2026-01-16 20:22:45 +0000
   Is Live: true
   Is In Lobby: false
✅ Event room already exists: event_tt0266915

✅ [SYNC VERIFICATION] FOUND SERVER KEY - Re-unlocking for fresh URL 🔑
   Stored Hash: f640a1d6786d91d6ba6a265129e3c1a74a66d229
   Cached URL: https://chi5-4.download.real-d...
[2026-01-16T20:22:45Z] [INFO] [StreamService.swift:104] 🎬 StreamService: Starting resolution for: Rush Hour 2
[ INFO ] GET /api/metadata/meta/movie/tt0266915 [request-id: 97AA8BCD-676E-417A-8AFF-B28A5001692E]
2026-01-16 15:22:45.696 RedLemon[4344:34909] 📦 Decoded CinemetaMeta - videos count: -1
2026-01-16 15:22:45.696 RedLemon[4344:34909] ✅ StreamService: Metadata loaded: Rush Hour 2
2026-01-16 15:22:45.696 RedLemon[4344:34909] ⚡️ StreamService: Resolving streams via StreamResolver (Bypassing HTTP)...
2026-01-16 15:22:45.697 RedLemon[4344:34909] ⚡️ StreamResolver: Resolving streams for tt0266915 (S0E0)
2026-01-16 15:22:45.697 RedLemon[4344:34909] 📝 [APP] New Session Started ["app_version": "1.0.113", "build": "113", "session_id": "AC10689D-A66F-425C-A65C-EF4548E2AC94", "trigger_source": "manual", "user_id": "656DAA91-33B4-4688-9135-C982EA52D7C9"]
2026-01-16 15:22:45.697 RedLemon[4344:34909] 📝 [APP] Target Content Set ["imdb_id": "tt0266915"]
2026-01-16 15:22:45.697 RedLemon[4344:34909] 📝 [RESOLVER] Started Resolution ["episode": "0", "season": "0", "type": "movie"]
2026-01-16 15:22:45.728 RedLemon[4344:34927] 🎬 Torrentio: Building URL for movie (no season/episode)
2026-01-16 15:22:45.728 RedLemon[4344:34927] 🔗 Torrentio URL (length: 55): https://torrentio.strem.fun/stream/movie/tt0133093.json...
2026-01-16 15:22:45.835 RedLemon[4344:34911]    📅 Filtering by year: 2001
2026-01-16 15:22:45.975 RedLemon[4344:34911] 📝 [RESOLVER] Found Verified Stream ["hash": "f640a1d6786d91d6ba6a265129e3c1a74a66d229", "vote_count": "2"]
💾 Cache SET: Metadata[meta_movie_tt0266915]
🎬 StreamService: Resolving movie - trusted pack filtering will be applied server-side
🛡️ StreamResolver: Loaded 4 blocked streams from blacklist
⚡️ StreamResolver: Found Community Verified stream with 2 votes!
   ℹ️ Hash: f640a1d6786d91d6ba6a265129e3c1a74a66d229
   ℹ️ Last Verified: 2026-01-10 18:25:51 +0000
✅ SubDLClient initialized
🔍 Searching SubDL: tt0266915 (movie)
✅ Found 10 subtitles from SubDL (Primary)
✅ StreamResolver: Processed subtitles for 1 streams (Attached to 1)
⚡️ StreamResolver: SHORT CIRCUIT - Returning verified stream immediately.
⚡️ StreamService: Testing verified stream viability...
🔓 StreamService: Unlocking with infoHash: f640a1d6786d...
[ INFO ] POST /api/streams/unlock [request-id: 7877DF0F-37CA-419B-8617-A4871E0CF85D]
2026-01-16 15:22:46.242 RedLemon[4344:34909] 🔓 Unlock request: infoHash=f640a1d6786d..., fileIdx=0
2026-01-16 15:22:46.242 RedLemon[4344:34909] ✅ Token found, attempting unlock...
2026-01-16 15:22:46.616 RedLemon[4344:34848] ✅ [AppState] Provider health check complete (found 7 services)
2026-01-16 15:22:46.974 RedLemon[4344:34848] 🔄 Checking for app updates...
2026-01-16 15:22:48.003 RedLemon[4344:34927] ✅ Unlocked successfully: Rush.Hour.2.2001.1080p.BluRay.X264-AMIABLE.mkv
2026-01-16 15:22:48.006 RedLemon[4344:34910] 📝 [RESOLVER] Stream Unlocked ["filename": "Rush.Hour.2.2001.1080p.BluRay.X264-AMIABLE.mkv", "is_generic": "false", "original_title": "Community Verified Stream (1080p)", "url_host": "chi5-4.download.real-debrid.com"]
2026-01-16 15:22:48.006 RedLemon[4344:34910] 📥 StreamService: Pre-downloading 5 (capped from 10) subtitles...
2026-01-16 15:22:48.006 RedLemon[4344:34910] 🐛 StreamService: downloadSubtitlesInParallel called. Season: nil, Episode: nil, Count: 5
2026-01-16 15:22:48.007 RedLemon[4344:34927] 🔍 DEBUG: Processing subtitle URL: /subtitle/484098-8015.zip
2026-01-16 15:22:48.007 RedLemon[4344:34910] 🔍 DEBUG: Processing subtitle URL: /subtitle/484090-366499.zip
2026-01-16 15:22:48.007 RedLemon[4344:34906] 🔍 DEBUG: Processing subtitle URL: /subtitle/484072-1225068.zip
2026-01-16 15:22:48.007 RedLemon[4344:34909] 🔍 DEBUG: Processing subtitle URL: /subtitle/484106-223557.zip
2026-01-16 15:22:48.007 RedLemon[4344:34927] ✅ DEBUG: Raw SubDL URL detected, converting to proxy URL
2026-01-16 15:22:48.007 RedLemon[4344:34909] ✅ DEBUG: Raw SubDL URL detected, converting to proxy URL
2026-01-16 15:22:48.008 RedLemon[4344:34906] ✅ DEBUG: Raw SubDL URL detected, converting to proxy URL
2026-01-16 15:22:48.008 RedLemon[4344:34910] ✅ DEBUG: Raw SubDL URL detected, converting to proxy URL
2026-01-16 15:22:48.008 RedLemon[4344:34906] 🔍 DEBUG: Processing subtitle URL: /subtitle/484085-65035.zip
2026-01-16 15:22:48.009 RedLemon[4344:34906] ✅ DEBUG: Raw SubDL URL detected, converting to proxy URL
2026-01-16 15:22:48.159 RedLemon[4344:34927] ✅ Persisted stream selection to room event_tt0266915
2026-01-16 15:22:48.438 RedLemon[4344:34848] ✅ PlayerVM: currentWatchPartyRoom set to event_tt0266915
2026-01-16 15:22:48.785 RedLemon[4344:34848] 📡 Fetching metadata for tt0266915...
2026-01-16 15:22:48.847 RedLemon[4344:34927] ✅ StreamService: Using provided metadata: Rush Hour 2
2026-01-16 15:22:48.847 RedLemon[4344:34927] ⚡️ StreamService: Resolving streams via StreamResolver (Bypassing HTTP)...
2026-01-16 15:22:48.847 RedLemon[4344:34927] ⚡️ StreamResolver: Resolving streams for tt0266915 (S0E0)
2026-01-16 15:22:48.847 RedLemon[4344:34909] 📝 [APP] 🎬 StreamService: Starting resolution for: Rush Hour 2 ["file": "StreamService.swift", "level": "INFO", "line": "104"]
2026-01-16 15:22:48.848 RedLemon[4344:34909] 📝 [APP] New Session Started ["app_version": "1.0.113", "build": "113", "session_id": "8A01DCFD-9E01-47C4-885F-89F56A85A5E2", "trigger_source": "manual", "user_id": "656DAA91-33B4-4688-9135-C982EA52D7C9"]
2026-01-16 15:22:48.848 RedLemon[4344:34909] 📝 [APP] Target Content Set ["imdb_id": "tt0266915"]
2026-01-16 15:22:48.849 RedLemon[4344:34909] 📝 [RESOLVER] Started Resolution ["episode": "0", "season": "0", "type": "movie"]
2026-01-16 15:22:48.988 RedLemon[4344:34910]    📅 Filtering by year: 2001
2026-01-16 15:22:49.123 RedLemon[4344:34910] 📝 [RESOLVER] Found Verified Stream ["hash": "f640a1d6786d91d6ba6a265129e3c1a74a66d229", "vote_count": "2"]
👤 LicenseManager: Profile expiry: Optional(2026-02-11 06:00:30 +0000)
🔍 Silent update check (custom implementation)...
⏰ TimeService: Synchronizing clock with server...
🎉 License updated! Expires: 2026-02-11 06:00:30 +0000
📦 Current build: 113, Latest build: 113
✅ App is up to date (current: 113, latest: 113)
✅ TimeService: Synced! Offset: 0.188s (RTT: 130ms)
   Local:  2026-01-16 20:22:47 +0000
   Server: 2026-01-16 20:22:47 +0000
⏰ Time synced with server! AppState should automatically recalculate.
✅ RD addMagnet: LH5ON4Y473VJM
🎬 Movie: Found matching file for title 'Rush Hour 2': /Rush.Hour.2.2001.1080p.BluRay.X264-AMIABLE.mkv
📝 RD: Selecting file ID 2 for torrent LH5ON4Y473VJM
📊 RD poll 1/2: status=downloaded, links=1
🔗 Unrestricting link: https://real-debrid.com/d/HXOHC3B2ETAVG2CD
✅ StreamService: Stream unlocked successfully!
✅ StreamService: Verified stream is VIABLE. Returning immediately.
   ✅ Fresh URL obtained: https://chi5-4.download.real-debrid.com/...
   ✅ Database updated with fresh URL

🎬 Live event - calculating position: 2547.624718308449 seconds
   Event start time: 2026-01-16 19:40:21 +0000
   Current time: 2026-01-16 20:22:48 +0000
   Room createdAt: 2026-01-16 19:40:21 +0000
   Room state: playing
   Setting resumeFromTimestamp to: 2547.624718308449
🎬 Live event - starting playback immediately (no lobby)
✅ Cache HIT: Metadata[meta_movie_tt0266915]
[2026-01-16T20:22:48Z] [INFO] [StreamService.swift:104] 🎬 StreamService: Starting resolution for: Rush Hour 2
🎬 StreamService: Resolving movie - trusted pack filtering will be applied server-side
🛡️ StreamResolver: Loaded 4 blocked streams from blacklist
⚡️ StreamResolver: Found Community Verified stream with 2 votes!
   ℹ️ Hash: f640a1d6786d91d6ba6a265129e3c1a74a66d229
   ℹ️ Last Verified: 2026-01-10 18:25:51 +0000
🔍 Searching SubDL: tt0266915 (movie)
✅ Found 10 subtitles from SubDL (Primary)
✅ StreamResolver: Processed subtitles for 1 streams (Attached to 1)
⚡️ StreamResolver: SHORT CIRCUIT - Returning verified stream immediately.
⚡️ StreamService: Testing verified stream viability...
🔓 StreamService: Unlocking with infoHash: f640a1d6786d...
[ INFO ] POST /api/streams/unlock [request-id: 2E5B9DDB-F3B8-484F-8804-9F847F8A8F60]
2026-01-16 15:22:49.406 RedLemon[4344:34927] 🔓 Unlock request: infoHash=f640a1d6786d..., fileIdx=0
2026-01-16 15:22:49.406 RedLemon[4344:34927] ✅ Token found, attempting unlock...
2026-01-16 15:22:49.407 RedLemon[4344:34927] ✅ Unlocked successfully: Rush.Hour.2.2001.1080p.BluRay.X264-AMIABLE.mkv
2026-01-16 15:22:49.408 RedLemon[4344:34909] 📝 [RESOLVER] Stream Unlocked ["filename": "Rush.Hour.2.2001.1080p.BluRay.X264-AMIABLE.mkv", "is_generic": "false", "original_title": "Community Verified Stream (1080p)", "url_host": "chi5-4.download.real-debrid.com"]
2026-01-16 15:22:49.408 RedLemon[4344:34909] 📥 StreamService: Pre-downloading 5 (capped from 10) subtitles...
2026-01-16 15:22:49.408 RedLemon[4344:34909] 🐛 StreamService: downloadSubtitlesInParallel called. Season: nil, Episode: nil, Count: 5
2026-01-16 15:22:49.409 RedLemon[4344:34927] 🔍 DEBUG: Processing subtitle URL: /subtitle/484072-1225068.zip
2026-01-16 15:22:49.409 RedLemon[4344:34910] 🔍 DEBUG: Processing subtitle URL: /subtitle/484090-366499.zip
2026-01-16 15:22:49.409 RedLemon[4344:34906] 🔍 DEBUG: Processing subtitle URL: /subtitle/484098-8015.zip
2026-01-16 15:22:49.409 RedLemon[4344:34909] 🔍 DEBUG: Processing subtitle URL: /subtitle/484106-223557.zip
2026-01-16 15:22:49.409 RedLemon[4344:34927] ✅ DEBUG: Raw SubDL URL detected, converting to proxy URL
2026-01-16 15:22:49.409 RedLemon[4344:34909] ✅ DEBUG: Raw SubDL URL detected, converting to proxy URL
2026-01-16 15:22:49.409 RedLemon[4344:34906] ✅ DEBUG: Raw SubDL URL detected, converting to proxy URL
2026-01-16 15:22:49.409 RedLemon[4344:34910] ✅ DEBUG: Raw SubDL URL detected, converting to proxy URL
2026-01-16 15:22:49.409 RedLemon[4344:34909] 🔍 DEBUG: Processing subtitle URL: /subtitle/484085-65035.zip
2026-01-16 15:22:49.409 RedLemon[4344:34909] ✅ DEBUG: Raw SubDL URL detected, converting to proxy URL
2026-01-16 15:22:49.492 RedLemon[4344:34848] ✅ Stream ready, starting playback...
2026-01-16 15:22:49.575 RedLemon[4344:34927] 📝 [PLAYER] Resumed
2026-01-16 15:22:49.579 RedLemon[4344:34927] 📝 [PLAYER] Load Video (Smart) ["url": "https://chi5-4.download.real-debrid.com/d/F3VISHYQL5IUY124/Rush.Hour.2.2001.1080p.BluRay.X264-AMIABLE.mkv"]
✅ RD cache hit: f640a1d6786d
✅ StreamService: Stream unlocked successfully!
✅ StreamService: Verified stream is VIABLE. Returning immediately.
🔌 Setting up Realtime channel: watch-party:event_tt0266915
   Role: Guest
   User ID: 656DAA91-33B4-4688-9135-C982EA52D7C9
📡 Connection state: connecting
📡 Joined channel: realtime:watch-party:event_tt0266915
📡 Connection state: connected
✅ Realtime channel setup complete
✅ Cache HIT: Metadata[meta_movie_tt0266915]
[ INFO ] GET /subtitles/subdl/L3N1YnRpdGxlLzQ4NDEwNi0yMjM1NTcuemlw [request-id: 9A650241-8428-4B30-A797-406A0521A9B9]
2026-01-16 15:22:49.745 RedLemon[4344:34907] 📝 [PLAYER] Load Video (Event) ["url": "https://chi5-4.download.real-debrid.com/d/F3VISHYQL5IUY124/Rush.Hour.2.2001.1080p.BluRay.X264-AMIABLE.mkv"]
2026-01-16 15:22:49.927 RedLemon[4344:34907] 📝 [PLAYER] Playback State Changed ["state": "Paused"]
2026-01-16 15:22:49.927 RedLemon[4344:34907] 📝 [PLAYER] Buffering Started
📄 Subtitle request: L3N1YnRpdGxlLzQ4NDEw... (offset: 0ms)
📥 Downloading subtitle from SubDL CDN: /subtitle/484106-223557.zip
📨 Received: {"ref":"2","event":"phx_reply","payload":{"status":"ok","response":{}},"topic":"realtime:global-presence"}
📨 Received: {"ref":null,"event":"presence_diff","payload":{"joins":{"1dbbfbd6-f319-11f0-bbec-ee9e47993347":{"metas":[{"phx_ref":"GItPwS9qOGw6Almi","phx_ref_prev":"GItPv_8Buh46AriB","is_premium":true,"last_seen":"2026-01-16T20:22:49.565Z","status":"online","user_id":"656daa91-33b4-4688-9135-c982ea52d7c9","username":"ursinho"}]}},"leaves":{"1dbbfbd6-f319-11f0-bbec-ee9e47993347":{"metas":[{"phx_ref":"GItPv_8Buh46AriB","is_premium":true,"last_seen":"2026-01-16T20:22:44.453Z","status":"online","user_id":"656DAA91-33B4-4688-9135-C982EA52D7C9","username":"ursinho"}]}}},"topic":"realtime:global-presence"}
📨 Received: {"ref":"C3C2DC20-7854-438F-8330-C8F53E8CAFF3","event":"phx_reply","payload":{"status":"ok","response":{"postgres_changes":[]}},"topic":"realtime:watch-party:event_tt0266915"}
📨 Received: {"ref":null,"event":"presence_state","payload":{"09da275a-f319-11f0-87b4-ee9e47993347":{"metas":[{"phx_ref":"GItPuDrK4Z6QMFVC","is_host":false,"joined_at":1768594931.233001,"user_id":"96E01CDB-36C0-4228-A6E4-A29A3C66BC8E","username":"lemontom"}]}},"topic":"realtime:watch-party:event_tt0266915"}
📨 Received: {"ref":"1","event":"phx_reply","payload":{"status":"ok","response":{}},"topic":"realtime:watch-party:event_tt0266915"}
📨 Received: {"ref":null,"event":"presence_diff","payload":{"joins":{"20c89c9e-f319-11f0-b41e-ee9e47993347":{"metas":[{"phx_ref":"GItPwS_wIOuQMFpC","is_host":false,"joined_at":1768594969.5702739,"user_id":"656DAA91-33B4-4688-9135-C982EA52D7C9","username":"ursinho"}]}},"leaves":{}},"topic":"realtime:watch-party:event_tt0266915"}
📨 Received: {"ref":"3","event":"phx_reply","payload":{"status":"ok","response":{}},"topic":"realtime:global-presence"}
📨 Received: {"ref":null,"event":"presence_diff","payload":{"joins":{"1dbbfbd6-f319-11f0-bbec-ee9e47993347":{"metas":[{"phx_ref":"GItPwTAwafE6Alpi","phx_ref_prev":"GItPwS9qOGw6Almi","is_premium":true,"last_seen":"2026-01-16T20:22:49.575Z","room_id":"event_tt0266915","started_at":"2026-01-16T20:22:49.576Z","status":"online","user_id":"656daa91-33b4-4688-9135-c982ea52d7c9","username":"ursinho","watching_id":"tt0266915","watching_title":"Rush Hour 2","watching_type":"movie"}]}},"leaves":{"1dbbfbd6-f319-11f0-bbec-ee9e47993347":{"metas":[{"phx_ref":"GItPwS9qOGw6Almi","phx_ref_prev":"GItPv_8Buh46AriB","is_premium":true,"last_seen":"2026-01-16T20:22:49.565Z","status":"online","user_id":"656daa91-33b4-4688-9135-c982ea52d7c9","username":"ursinho"}]}}},"topic":"realtime:global-presence"}
📡 SocialService: Updated status - online: Rush Hour 2
⏰ AppState: Next schedule update set for Event End: 2026-01-16 21:20:21 +0000
⏰ AppState: Scheduling update in 3452 seconds
📡 [EventsConfig] Checking server for movie_events config version...
📡 [EventsConfig] Checking server for movie_events config version...
✅ Download complete: 32774 bytes
📦 Detected ZIP archive, extracting...
🔍 Calculating compatibility scores for 1 files...
⚠️ No strong compatibility match (Best: 0 for Rush.Hour.2.2001.720p.DVD5.HDTV.x264-PoTuS.srt)
⚠️ No specific match found, using first file: Rush.Hour.2.2001.720p.DVD5.HDTV.x264-PoTuS.srt
📦 Extracting specific file: Rush.Hour.2.2001.720p.DVD5.HDTV.x264-PoTuS.srt
✅ Extraction successful
✅ Subtitle downloaded and converted to VTT
[ INFO ] GET /subtitles/subdl/L3N1YnRpdGxlLzQ4NDA5OC04MDE1LnppcA== [request-id: F14E5B20-5871-4629-8CF0-F18D7D6B246E]
  End-of-central-directory signature not found.  Either this file is not
  a zipfile, or it constitutes one disk of a multi-part archive.  In the
  latter case the central directory and zipfile comment will be found on
  the last disk(s) of this archive.
unzip:  cannot find zipfile directory in one of /var/folders/3v/s3d75ntd4v90_pg0mb6rmlz40000gn/T/EE9D8A47-DD2B-4B08-960E-B8885E5E6888.zip or
        /var/folders/3v/s3d75ntd4v90_pg0mb6rmlz40000gn/T/EE9D8A47-DD2B-4B08-960E-B8885E5E6888.zip.zip, and cannot find /var/folders/3v/s3d75ntd4v90_pg0mb6rmlz40000gn/T/EE9D8A47-DD2B-4B08-960E-B8885E5E6888.zip.ZIP, period.
📄 Subtitle request: L3N1YnRpdGxlLzQ4NDA5... (offset: 0ms)
📥 Downloading subtitle from SubDL CDN: /subtitle/484098-8015.zip
✅ [EventsConfig] Fetched movie_events version 1539 with 409 movies
✅ [EventsConfig] Using cached movie_events config (version 1539, 409 movies)
✅ SocialService: Event event_tt0266915 is JOINABLE (Live or Next Up) - allowing join
📨 Received: {"ref":null,"event":"presence_diff","payload":{"joins":{"0014d83c-f319-11f0-be04-ee9e47993347":{"metas":[{"phx_ref":"GItPwUxENUk6AlqC","phx_ref_prev":"GItPu3OhvMY6AlXi","is_premium":true,"last_seen":"2026-01-16T20:22:50.177Z","room_id":"event_tt0266915","started_at":"2026-01-16T20:22:11.238Z","status":"online","user_id":"96e01cdb-36c0-4228-a6e4-a29a3c66bc8e","username":"lemontom","watching_id":"tt0266915","watching_title":"Rush Hour 2","watching_type":"movie"}]}},"leaves":{"0014d83c-f319-11f0-be04-ee9e47993347":{"metas":[{"phx_ref":"GItPu3OhvMY6AlXi","phx_ref_prev":"GItPuDr1aOs6AlVi","is_premium":true,"last_seen":"2026-01-16T20:22:25.074Z","room_id":"event_tt0266915","started_at":"2026-01-16T20:22:11.238Z","status":"online","user_id":"96e01cdb-36c0-4228-a6e4-a29a3c66bc8e","username":"lemontom","watching_id":"tt0266915","watching_title":"Rush Hour 2","watching_type":"movie"}]}}},"topic":"realtime:global-presence"}
📡 [EventsConfig] Checking server for movie_events config version...
📡 [EventsConfig] Checking server for movie_events config version...
✅ [EventsConfig] Fetched movie_events version 1539 with 409 movies
✅ Download complete: 39796 bytes
📦 Detected ZIP archive, extracting...
⚠️ No subtitle files found in zip list output:
Archive:  /var/folders/3v/s3d75ntd4v90_pg0mb6rmlz40000gn/T/EE9D8A47-DD2B-4B08-960E-B8885E5E6888.zip

🔍 Calculating compatibility scores for 0 files...
[ WARNING ] Abort.404: No subtitle files found in zip [request-id: F14E5B20-5871-4629-8CF0-F18D7D6B246E]
2026-01-16 15:22:50.809 RedLemon[4344:34907] 📝 [PLAYER] File Loaded ["duration": "5406.99"]
✅ [EventsConfig] Using cached movie_events config (version 1539, 409 movies)
✅ SocialService: Event event_tt0266915 is JOINABLE (Live or Next Up) - allowing join
✅ [EventsConfig] Fetched movie_events version 1539 with 409 movies
✅ [EventsConfig] Fetched movie_events version 1539 with 409 movies
✅ [EventsConfig] Using cached movie_events config (version 1539, 409 movies)
✅ SocialService: Event event_tt0266915 is JOINABLE (Live or Next Up) - allowing join
✅ [EventsConfig] Using cached movie_events config (version 1539, 409 movies)
✅ SocialService: Event event_tt0266915 is JOINABLE (Live or Next Up) - allowing join
[ INFO ] GET /subtitles/subdl/L3N1YnRpdGxlLzQ4NDA3Mi0xMjI1MDY4LnppcA== [request-id: 1E007A39-82DD-4F1F-AA15-B9C90FEB0F6F]
2026-01-16 15:22:51.865 RedLemon[4344:34906] 📝 [PLAYER] Playback State Changed ["state": "Playing"]
2026-01-16 15:22:55.491 RedLemon[4344:35091] 📤 Realtime: Sending message type: chat, sender: 656DAA91-33B4-4688-9135-C982EA52D7C9
2026-01-16 15:22:55.493 RedLemon[4344:35091]    Payload keys: senderId, isPremium, timestamp, type, chatUsername, position, chatText
2026-01-16 15:22:55.494 RedLemon[4344:34909] ✅ Realtime: Message broadcast complete
2026-01-16 15:22:55.633 RedLemon[4344:35091] 📨 Realtime: Received broadcast message
2026-01-16 15:22:55.633 RedLemon[4344:35091]    Payload keys: isPremium, type, timestamp, senderId, chatText, chatUsername, position
2026-01-16 15:22:55.634 RedLemon[4344:35091] ✅ Realtime: Decoded message type: chat, sender: 656DAA91-33B4-4688-9135-C982EA52D7C9
2026-01-16 15:22:55.634 RedLemon[4344:35091] 📞 Realtime: Invoking syncCallback for message type: chat
2026-01-16 15:22:55.635 RedLemon[4344:35091] ✅ Realtime: syncCallback invoked successfully
2026-01-16 15:22:57.681 RedLemon[4344:34927] 📨 Realtime: Received broadcast message
2026-01-16 15:22:57.681 RedLemon[4344:34927]    Payload keys: position, timestamp, chatText, senderId, isPremium, chatUsername, type
2026-01-16 15:22:57.683 RedLemon[4344:34927] ✅ Realtime: Decoded message type: chat, sender: 96E01CDB-36C0-4228-A6E4-A29A3C66BC8E
2026-01-16 15:22:57.683 RedLemon[4344:34927] 📞 Realtime: Invoking syncCallback for message type: chat
2026-01-16 15:22:57.683 RedLemon[4344:34927] ✅ Realtime: syncCallback invoked successfully
2026-01-16 15:22:59.601 RedLemon[4344:34907] 🔐 SupabaseClient: Signing Identity Payload: '1768594979656daa91-33b4-4688-9135-c982ea52d7c9/rpc/room_heartbeat'
2026-01-16 15:22:59.601 RedLemon[4344:34907] 🔐 Signed request to /rpc/room_heartbeat
📄 Subtitle request: L3N1YnRpdGxlLzQ4NDA3... (offset: 0ms)
📥 Downloading subtitle from SubDL CDN: /subtitle/484072-1225068.zip
✅ Download complete: 35457 bytes
📦 Detected ZIP archive, extracting...
🔍 Calculating compatibility scores for 1 files...
✅ Selected best match by compatibility score (55): Rush Hour 2 2001 1080p Blu-ray AVC DTS-HD MA 5.1-AmasyHD.srt
📦 Extracting specific file: Rush Hour 2 2001 1080p Blu-ray AVC DTS-HD MA 5.1-AmasyHD.srt
✅ Extraction successful
✅ Subtitle downloaded and converted to VTT
📊 AppState: Polled participant counts - Active: ["tt0266915": 2]
⏰ AppState: Next schedule update set for Event End: 2026-01-16 21:20:21 +0000
⏰ AppState: Scheduling update in 3448 seconds
📨 Received: {"ref":null,"event":"broadcast","payload":{"event":"sync","payload":{"chatText":"hey","chatUsername":"ursinho","isPremium":true,"position":0,"senderId":"656DAA91-33B4-4688-9135-C982EA52D7C9","timestamp":1768594975.488768,"type":"chat"},"type":"broadcast"},"topic":"realtime:watch-party:event_tt0266915"}
📨 Received: {"ref":null,"event":"broadcast","payload":{"event":"sync","payload":{"chatText":"hi","chatUsername":"lemontom","isPremium":true,"position":0,"senderId":"96E01CDB-36C0-4228-A6E4-A29A3C66BC8E","timestamp":1768594977.6389132,"type":"chat"},"type":"broadcast"},"topic":"realtime:watch-party:event_tt0266915"}
📨 Received: {"ref":null,"event":"postgres_changes","payload":{"data":{"table":"direct_messages","type":"UPDATE","record":{"id": "0e775716-59fe-4e32-93a0-5af63549e279", "content": "hey", "is_read": true, "sender_id": "656daa91-33b4-4688-9135-c982ea52d7c9", "created_at": "2026-01-16T02:17:03.713785+00:00", "receiver_id": "96e01cdb-36c0-4228-a6e4-a29a3c66bc8e"},"columns":[{"name": "id", "type": "uuid"}, {"name": "sender_id", "type": "uuid"}, {"name": "receiver_id", "type": "uuid"}, {"name": "content", "type": "text"}, {"name": "is_read", "type": "bool"}, {"name": "created_at", "type": "timestamptz"}],"errors":null,"schema":"public","commit_timestamp":"2026-01-16T20:23:03.203Z","old_record":{"id": "0e775716-59fe-4e32-93a0-5af63549e279"}},"ids":[13418599]},"topic":"realtime:direct_messages"}
📨 Received: {"ref":null,"event":"postgres_changes","payload":{"data":{"table":"direct_messages","type":"UPDATE","record":{"id": "a200cd1a-8d57-4f6d-bfa7-9a4a9df953c6", "content": "hi", "is_read": true, "sender_id": "656daa91-33b4-4688-9135-c982ea52d7c9", "created_at": "2026-01-15T06:14:57.204954+00:00", "receiver_id": "96e01cdb-36c0-4228-a6e4-a29a3c66bc8e"},"columns":[{"name": "id", "type": "uuid"}, {"name": "sender_id", "type": "uuid"}, {"name": "receiver_id", "type": "uuid"}, {"name": "content", "type": "text"}, {"name": "is_read", "type": "bool"}, {"name": "created_at", "type": "timestamptz"}],"errors":null,"schema":"public","commit_timestamp":"2026-01-16T20:23:03.203Z","old_record":{"id": "a200cd1a-8d57-4f6d-bfa7-9a4a9df953c6"}},"ids":[13418599]},"topic":"realtime:direct_messages"}
📨 Received: {"ref":null,"event":"postgres_changes","payload":{"data":{"table":"direct_messages","type":"UPDATE","record":{"id": "eb152865-9537-480b-a33a-98c23d851458", "content": "nkjhhj", "is_read": true, "sender_id": "656daa91-33b4-4688-9135-c982ea52d7c9", "created_at": "2026-01-15T07:06:09.729114+00:00", "receiver_id": "96e01cdb-36c0-4228-a6e4-a29a3c66bc8e"},"columns":[{"name": "id", "type": "uuid"}, {"name": "sender_id", "type": "uuid"}, {"name": "receiver_id", "type": "uuid"}, {"name": "content", "type": "text"}, {"name": "is_read", "type": "bool"}, {"name": "created_at", "type": "timestamptz"}],"errors":null,"schema":"public","commit_timestamp":"2026-01-16T20:23:03.203Z","old_record":{"id": "eb152865-9537-480b-a33a-98c23d851458"}},"ids":[13418599]},"topic":"realtime:direct_messages"}
📨 Received: {"ref":null,"event":"postgres_changes","payload":{"data":{"table":"direct_messages","type":"UPDATE","record":{"id": "7a1f3d54-9881-431e-8112-244b982ed1ec", "content": "bkjjkbb", "is_read": true, "sender_id": "656daa91-33b4-4688-9135-c982ea52d7c9", "created_at": "2026-01-15T07:06:11.309635+00:00", "receiver_id": "96e01cdb-36c0-4228-a6e4-a29a3c66bc8e"},"columns":[{"name": "id", "type": "uuid"}, {"name": "sender_id", "type": "uuid"}, {"name": "receiver_id", "type": "uuid"}, {"name": "content", "type": "text"}, {"name": "is_read", "type": "bool"}, {"name": "created_at", "type": "timestamptz"}],"errors":null,"schema":"public","commit_timestamp":"2026-01-16T20:23:03.203Z","old_record":{"id": "7a1f3d54-9881-431e-8112-244b982ed1ec"}},"ids":[13418599]},"topic":"realtime:direct_messages"}
📨 Received: {"ref":null,"event":"postgres_changes","payload":{"data":{"table":"direct_messages","type":"UPDATE","record":{"id": "e94e31c8-3c81-44a4-b6fe-b8a67e110967", "content": "nm,n,mnm", "is_read": true, "sender_id": "656daa91-33b4-4688-9135-c982ea52d7c9", "created_at": "2026-01-15T07:06:13.60864+00:00", "receiver_id": "96e01cdb-36c0-4228-a6e4-a29a3c66bc8e"},"columns":[{"name": "id", "type": "uuid"}, {"name": "sender_id", "type": "uuid"}, {"name": "receiver_id", "type": "uuid"}, {"name": "content", "type": "text"}, {"name": "is_read", "type": "bool"}, {"name": "created_at", "type": "timestamptz"}],"errors":null,"schema":"public","commit_timestamp":"2026-01-16T20:23:03.203Z","old_record":{"id": "e94e31c8-3c81-44a4-b6fe-b8a67e110967"}},"ids":[13418599]},"topic":"realtime:direct_messages"}
📨 Received: {"ref":null,"event":"postgres_changes","payload":{"data":{"table":"direct_messages","type":"UPDATE","record":{"id": "2e38e428-beb6-49bd-ac3f-bcfe0db8a447", "content": "heyyyyy", "is_read": true, "sender_id": "656daa91-33b4-4688-9135-c982ea52d7c9", "created_at": "2026-01-16T20:03:04.660475+00:00", "receiver_id": "96e01cdb-36c0-4228-a6e4-a29a3c66bc8e"},"columns":[{"name": "id", "type": "uuid"}, {"name": "sender_id", "type": "uuid"}, {"name": "receiver_id", "type": "uuid"}, {"name": "content", "type": "text"}, {"name": "is_read", "type": "bool"}, {"name": "created_at", "type": "timestamptz"}],"errors":null,"schema":"public","commit_timestamp":"2026-01-16T20:23:03.203Z","old_record":{"id": "2e38e428-beb6-49bd-ac3f-bcfe0db8a447"}},"ids":[13418599]},"topic":"realtime:direct_messages"}
📨 Received: {"ref":null,"event":"postgres_changes","payload":{"data":{"table":"direct_messages","type":"UPDATE","record":{"id": "bb83d0cb-d8f4-4492-a3bb-2ed96d17a4f4", "content": "hey", "is_read": true, "sender_id": "656daa91-33b4-4688-9135-c982ea52d7c9", "created_at": "2026-01-16T20:10:33.792628+00:00", "receiver_id": "96e01cdb-36c0-4228-a6e4-a29a3c66bc8e"},"columns":[{"name": "id", "type": "uuid"}, {"name": "sender_id", "type": "uuid"}, {"name": "receiver_id", "type": "uuid"}, {"name": "content", "type": "text"}, {"name": "is_read", "type": "bool"}, {"name": "created_at", "type": "timestamptz"}],"errors":null,"schema":"public","commit_timestamp":"2026-01-16T20:23:03.203Z","old_record":{"id": "bb83d0cb-d8f4-4492-a3bb-2ed96d17a4f4"}},"ids":[13418599]},"topic":"realtime:direct_messages"}
📨 SocialService: New message from/to 96e01cdb-36c0-4228-a6e4-a29a3c66bc8e
📨 SocialService: New message from/to 96e01cdb-36c0-4228-a6e4-a29a3c66bc8e
📨 SocialService: New message from/to 96e01cdb-36c0-4228-a6e4-a29a3c66bc8e
📨 SocialService: New message from/to 96e01cdb-36c0-4228-a6e4-a29a3c66bc8e
📨 SocialService: New message from/to 96e01cdb-36c0-4228-a6e4-a29a3c66bc8e
📨 SocialService: New message from/to 96e01cdb-36c0-4228-a6e4-a29a3c66bc8e
🧹 SocialService: Replacing optimistic message
📨 SocialService: New message from/to 96e01cdb-36c0-4228-a6e4-a29a3c66bc8e
📨 Received: {"ref":null,"event":"postgres_changes","payload":{"data":{"table":"direct_messages","type":"UPDATE","record":{"id": "0e775716-59fe-4e32-93a0-5af63549e279", "content": "hey", "is_read": true, "sender_id": "656daa91-33b4-4688-9135-c982ea52d7c9", "created_at": "2026-01-16T02:17:03.713785+00:00", "receiver_id": "96e01cdb-36c0-4228-a6e4-a29a3c66bc8e"},"columns":[{"name": "id", "type": "uuid"}, {"name": "sender_id", "type": "uuid"}, {"name": "receiver_id", "type": "uuid"}, {"name": "content", "type": "text"}, {"name": "is_read", "type": "bool"}, {"name": "created_at", "type": "timestamptz"}],"errors":null,"schema":"public","commit_timestamp":"2026-01-16T20:23:03.450Z","old_record":{"id": "0e775716-59fe-4e32-93a0-5af63549e279"}},"ids":[13418599]},"topic":"realtime:direct_messages"}
📨 Received: {"ref":null,"event":"postgres_changes","payload":{"data":{"table":"direct_messages","type":"UPDATE","record":{"id": "a200cd1a-8d57-4f6d-bfa7-9a4a9df953c6", "content": "hi", "is_read": true, "sender_id": "656daa91-33b4-4688-9135-c982ea52d7c9", "created_at": "2026-01-15T06:14:57.204954+00:00", "receiver_id": "96e01cdb-36c0-4228-a6e4-a29a3c66bc8e"},"columns":[{"name": "id", "type": "uuid"}, {"name": "sender_id", "type": "uuid"}, {"name": "receiver_id", "type": "uuid"}, {"name": "content", "type": "text"}, {"name": "is_read", "type": "bool"}, {"name": "created_at", "type": "timestamptz"}],"errors":null,"schema":"public","commit_timestamp":"2026-01-16T20:23:03.450Z","old_record":{"id": "a200cd1a-8d57-4f6d-bfa7-9a4a9df953c6"}},"ids":[13418599]},"topic":"realtime:direct_messages"}
📨 Received: {"ref":null,"event":"postgres_changes","payload":{"data":{"table":"direct_messages","type":"UPDATE","record":{"id": "eb152865-9537-480b-a33a-98c23d851458", "content": "nkjhhj", "is_read": true, "sender_id": "656daa91-33b4-4688-9135-c982ea52d7c9", "created_at": "2026-01-15T07:06:09.729114+00:00", "receiver_id": "96e01cdb-36c0-4228-a6e4-a29a3c66bc8e"},"columns":[{"name": "id", "type": "uuid"}, {"name": "sender_id", "type": "uuid"}, {"name": "receiver_id", "type": "uuid"}, {"name": "content", "type": "text"}, {"name": "is_read", "type": "bool"}, {"name": "created_at", "type": "timestamptz"}],"errors":null,"schema":"public","commit_timestamp":"2026-01-16T20:23:03.450Z","old_record":{"id": "eb152865-9537-480b-a33a-98c23d851458"}},"ids":[13418599]},"topic":"realtime:direct_messages"}
📨 Received: {"ref":null,"event":"postgres_changes","payload":{"data":{"table":"direct_messages","type":"UPDATE","record":{"id": "7a1f3d54-9881-431e-8112-244b982ed1ec", "content": "bkjjkbb", "is_read": true, "sender_id": "656daa91-33b4-4688-9135-c982ea52d7c9", "created_at": "2026-01-15T07:06:11.309635+00:00", "receiver_id": "96e01cdb-36c0-4228-a6e4-a29a3c66bc8e"},"columns":[{"name": "id", "type": "uuid"}, {"name": "sender_id", "type": "uuid"}, {"name": "receiver_id", "type": "uuid"}, {"name": "content", "type": "text"}, {"name": "is_read", "type": "bool"}, {"name": "created_at", "type": "timestamptz"}],"errors":null,"schema":"public","commit_timestamp":"2026-01-16T20:23:03.450Z","old_record":{"id": "7a1f3d54-9881-431e-8112-244b982ed1ec"}},"ids":[13418599]},"topic":"realtime:direct_messages"}
📨 Received: {"ref":null,"event":"postgres_changes","payload":{"data":{"table":"direct_messages","type":"UPDATE","record":{"id": "e94e31c8-3c81-44a4-b6fe-b8a67e110967", "content": "nm,n,mnm", "is_read": true, "sender_id": "656daa91-33b4-4688-9135-c982ea52d7c9", "created_at": "2026-01-15T07:06:13.60864+00:00", "receiver_id": "96e01cdb-36c0-4228-a6e4-a29a3c66bc8e"},"columns":[{"name": "id", "type": "uuid"}, {"name": "sender_id", "type": "uuid"}, {"name": "receiver_id", "type": "uuid"}, {"name": "content", "type": "text"}, {"name": "is_read", "type": "bool"}, {"name": "created_at", "type": "timestamptz"}],"errors":null,"schema":"public","commit_timestamp":"2026-01-16T20:23:03.450Z","old_record":{"id": "e94e31c8-3c81-44a4-b6fe-b8a67e110967"}},"ids":[13418599]},"topic":"realtime:direct_messages"}
📨 Received: {"ref":null,"event":"postgres_changes","payload":{"data":{"table":"direct_messages","type":"UPDATE","record":{"id": "2e38e428-beb6-49bd-ac3f-bcfe0db8a447", "content": "heyyyyy", "is_read": true, "sender_id": "656daa91-33b4-4688-9135-c982ea52d7c9", "created_at": "2026-01-16T20:03:04.660475+00:00", "receiver_id": "96e01cdb-36c0-4228-a6e4-a29a3c66bc8e"},"columns":[{"name": "id", "type": "uuid"}, {"name": "sender_id", "type": "uuid"}, {"name": "receiver_id", "type": "uuid"}, {"name": "content", "type": "text"}, {"name": "is_read", "type": "bool"}, {"name": "created_at", "type": "timestamptz"}],"errors":null,"schema":"public","commit_timestamp":"2026-01-16T20:23:03.450Z","old_record":{"id": "2e38e428-beb6-49bd-ac3f-bcfe0db8a447"}},"ids":[13418599]},"topic":"realtime:direct_messages"}
📨 Received: {"ref":null,"event":"postgres_changes","payload":{"data":{"table":"direct_messages","type":"UPDATE","record":{"id": "bb83d0cb-d8f4-4492-a3bb-2ed96d17a4f4", "content": "hey", "is_read": true, "sender_id": "656daa91-33b4-4688-9135-c982ea52d7c9", "created_at": "2026-01-16T20:10:33.792628+00:00", "receiver_id": "96e01cdb-36c0-4228-a6e4-a29a3c66bc8e"},"columns":[{"name": "id", "type": "uuid"}, {"name": "sender_id", "type": "uuid"}, {"name": "receiver_id", "type": "uuid"}, {"name": "content", "type": "text"}, {"name": "is_read", "type": "bool"}, {"name": "created_at", "type": "timestamptz"}],"errors":null,"schema":"public","commit_timestamp":"2026-01-16T20:23:03.450Z","old_record":{"id": "bb83d0cb-d8f4-4492-a3bb-2ed96d17a4f4"}},"ids":[13418599]},"topic":"realtime:direct_messages"}
🧹 SocialService: Replacing optimistic message
📨 SocialService: New message from/to 96e01cdb-36c0-4228-a6e4-a29a3c66bc8e
🧹 SocialService: Replacing optimistic message
📨 SocialService: New message from/to 96e01cdb-36c0-4228-a6e4-a29a3c66bc8e
📊 AppState: Polled participant counts - Active: ["tt0266915": 2]
⏰ AppState: Next schedule update set for Event End: 2026-01-16 21:20:21 +0000
⏰ AppState: Scheduling update in 3438 seconds
📨 Received: {"ref":null,"event":"postgres_changes","payload":{"data":{"table":"direct_messages","type":"INSERT","record":{"id": "1acc0b42-40b2-49be-88e0-a40a7a14a912", "content": "hey", "is_read": false, "sender_id": "96e01cdb-36c0-4228-a6e4-a29a3c66bc8e", "created_at": "2026-01-16T20:23:05.121695+00:00", "receiver_id": "656daa91-33b4-4688-9135-c982ea52d7c9"},"columns":[{"name": "id", "type": "uuid"}, {"name": "sender_id", "type": "uuid"}, {"name": "receiver_id", "type": "uuid"}, {"name": "content", "type": "text"}, {"name": "is_read", "type": "bool"}, {"name": "created_at", "type": "timestamptz"}],"errors":null,"schema":"public","commit_timestamp":"2026-01-16T20:23:05.125Z"},"ids":[44215242]},"topic":"realtime:direct_messages"}
📨 Received: {"ref":null,"event":"postgres_changes","payload":{"data":{"table":"direct_messages","type":"UPDATE","record":{"id": "0e775716-59fe-4e32-93a0-5af63549e279", "content": "hey", "is_read": true, "sender_id": "656daa91-33b4-4688-9135-c982ea52d7c9", "created_at": "2026-01-16T02:17:03.713785+00:00", "receiver_id": "96e01cdb-36c0-4228-a6e4-a29a3c66bc8e"},"columns":[{"name": "id", "type": "uuid"}, {"name": "sender_id", "type": "uuid"}, {"name": "receiver_id", "type": "uuid"}, {"name": "content", "type": "text"}, {"name": "is_read", "type": "bool"}, {"name": "created_at", "type": "timestamptz"}],"errors":null,"schema":"public","commit_timestamp":"2026-01-16T20:23:05.194Z","old_record":{"id": "0e775716-59fe-4e32-93a0-5af63549e279"}},"ids":[13418599]},"topic":"realtime:direct_messages"}
📨 Received: {"ref":null,"event":"postgres_changes","payload":{"data":{"table":"direct_messages","type":"UPDATE","record":{"id": "a200cd1a-8d57-4f6d-bfa7-9a4a9df953c6", "content": "hi", "is_read": true, "sender_id": "656daa91-33b4-4688-9135-c982ea52d7c9", "created_at": "2026-01-15T06:14:57.204954+00:00", "receiver_id": "96e01cdb-36c0-4228-a6e4-a29a3c66bc8e"},"columns":[{"name": "id", "type": "uuid"}, {"name": "sender_id", "type": "uuid"}, {"name": "receiver_id", "type": "uuid"}, {"name": "content", "type": "text"}, {"name": "is_read", "type": "bool"}, {"name": "created_at", "type": "timestamptz"}],"errors":null,"schema":"public","commit_timestamp":"2026-01-16T20:23:05.194Z","old_record":{"id": "a200cd1a-8d57-4f6d-bfa7-9a4a9df953c6"}},"ids":[13418599]},"topic":"realtime:direct_messages"}
📨 Received: {"ref":null,"event":"postgres_changes","payload":{"data":{"table":"direct_messages","type":"UPDATE","record":{"id": "eb152865-9537-480b-a33a-98c23d851458", "content": "nkjhhj", "is_read": true, "sender_id": "656daa91-33b4-4688-9135-c982ea52d7c9", "created_at": "2026-01-15T07:06:09.729114+00:00", "receiver_id": "96e01cdb-36c0-4228-a6e4-a29a3c66bc8e"},"columns":[{"name": "id", "type": "uuid"}, {"name": "sender_id", "type": "uuid"}, {"name": "receiver_id", "type": "uuid"}, {"name": "content", "type": "text"}, {"name": "is_read", "type": "bool"}, {"name": "created_at", "type": "timestamptz"}],"errors":null,"schema":"public","commit_timestamp":"2026-01-16T20:23:05.194Z","old_record":{"id": "eb152865-9537-480b-a33a-98c23d851458"}},"ids":[13418599]},"topic":"realtime:direct_messages"}
📨 Received: {"ref":null,"event":"postgres_changes","payload":{"data":{"table":"direct_messages","type":"UPDATE","record":{"id": "7a1f3d54-9881-431e-8112-244b982ed1ec", "content": "bkjjkbb", "is_read": true, "sender_id": "656daa91-33b4-4688-9135-c982ea52d7c9", "created_at": "2026-01-15T07:06:11.309635+00:00", "receiver_id": "96e01cdb-36c0-4228-a6e4-a29a3c66bc8e"},"columns":[{"name": "id", "type": "uuid"}, {"name": "sender_id", "type": "uuid"}, {"name": "receiver_id", "type": "uuid"}, {"name": "content", "type": "text"}, {"name": "is_read", "type": "bool"}, {"name": "created_at", "type": "timestamptz"}],"errors":null,"schema":"public","commit_timestamp":"2026-01-16T20:23:05.194Z","old_record":{"id": "7a1f3d54-9881-431e-8112-244b982ed1ec"}},"ids":[13418599]},"topic":"realtime:direct_messages"}
📨 Received: {"ref":null,"event":"postgres_changes","payload":{"data":{"table":"direct_messages","type":"UPDATE","record":{"id": "e94e31c8-3c81-44a4-b6fe-b8a67e110967", "content": "nm,n,mnm", "is_read": true, "sender_id": "656daa91-33b4-4688-9135-c982ea52d7c9", "created_at": "2026-01-15T07:06:13.60864+00:00", "receiver_id": "96e01cdb-36c0-4228-a6e4-a29a3c66bc8e"},"columns":[{"name": "id", "type": "uuid"}, {"name": "sender_id", "type": "uuid"}, {"name": "receiver_id", "type": "uuid"}, {"name": "content", "type": "text"}, {"name": "is_read", "type": "bool"}, {"name": "created_at", "type": "timestamptz"}],"errors":null,"schema":"public","commit_timestamp":"2026-01-16T20:23:05.194Z","old_record":{"id": "e94e31c8-3c81-44a4-b6fe-b8a67e110967"}},"ids":[13418599]},"topic":"realtime:direct_messages"}
📨 Received: {"ref":null,"event":"postgres_changes","payload":{"data":{"table":"direct_messages","type":"UPDATE","record":{"id": "2e38e428-beb6-49bd-ac3f-bcfe0db8a447", "content": "heyyyyy", "is_read": true, "sender_id": "656daa91-33b4-4688-9135-c982ea52d7c9", "created_at": "2026-01-16T20:03:04.660475+00:00", "receiver_id": "96e01cdb-36c0-4228-a6e4-a29a3c66bc8e"},"columns":[{"name": "id", "type": "uuid"}, {"name": "sender_id", "type": "uuid"}, {"name": "receiver_id", "type": "uuid"}, {"name": "content", "type": "text"}, {"name": "is_read", "type": "bool"}, {"name": "created_at", "type": "timestamptz"}],"errors":null,"schema":"public","commit_timestamp":"2026-01-16T20:23:05.194Z","old_record":{"id": "2e38e428-beb6-49bd-ac3f-bcfe0db8a447"}},"ids":[13418599]},"topic":"realtime:direct_messages"}
📨 Received: {"ref":null,"event":"postgres_changes","payload":{"data":{"table":"direct_messages","type":"UPDATE","record":{"id": "bb83d0cb-d8f4-4492-a3bb-2ed96d17a4f4", "content": "hey", "is_read": true, "sender_id": "656daa91-33b4-4688-9135-c982ea52d7c9", "created_at": "2026-01-16T20:10:33.792628+00:00", "receiver_id": "96e01cdb-36c0-4228-a6e4-a29a3c66bc8e"},"columns":[{"name": "id", "type": "uuid"}, {"name": "sender_id", "type": "uuid"}, {"name": "receiver_id", "type": "uuid"}, {"name": "content", "type": "text"}, {"name": "is_read", "type": "bool"}, {"name": "created_at", "type": "timestamptz"}],"errors":null,"schema":"public","commit_timestamp":"2026-01-16T20:23:05.194Z","old_record":{"id": "bb83d0cb-d8f4-4492-a3bb-2ed96d17a4f4"}},"ids":[13418599]},"topic":"realtime:direct_messages"}
📨 SocialService: New message from/to 96e01cdb-36c0-4228-a6e4-a29a3c66bc8e
🧹 SocialService: Replacing optimistic message
📨 SocialService: New message from/to 96e01cdb-36c0-4228-a6e4-a29a3c66bc8e
🧹 SocialService: Replacing optimistic message
📨 SocialService: New message from/to 96e01cdb-36c0-4228-a6e4-a29a3c66bc8e
📨 Received: {"ref":null,"event":"postgres_changes","payload":{"data":{"table":"direct_messages","type":"UPDATE","record":{"id": "1acc0b42-40b2-49be-88e0-a40a7a14a912", "content": "hey", "is_read": true, "sender_id": "96e01cdb-36c0-4228-a6e4-a29a3c66bc8e", "created_at": "2026-01-16T20:23:05.121695+00:00", "receiver_id": "656daa91-33b4-4688-9135-c982ea52d7c9"},"columns":[{"name": "id", "type": "uuid"}, {"name": "sender_id", "type": "uuid"}, {"name": "receiver_id", "type": "uuid"}, {"name": "content", "type": "text"}, {"name": "is_read", "type": "bool"}, {"name": "created_at", "type": "timestamptz"}],"errors":null,"schema":"public","commit_timestamp":"2026-01-16T20:23:08.684Z","old_record":{"id": "1acc0b42-40b2-49be-88e0-a40a7a14a912"}},"ids":[44215242]},"topic":"realtime:direct_messages"}
📨 Received: {"ref":null,"event":"postgres_changes","payload":{"data":{"table":"direct_messages","type":"UPDATE","record":{"id": "2823ae4d-1fa2-4d80-87e8-a98ce2fce645", "content": "fddgfdg", "is_read": true, "sender_id": "96e01cdb-36c0-4228-a6e4-a29a3c66bc8e", "created_at": "2026-01-15T07:05:54.711827+00:00", "receiver_id": "656daa91-33b4-4688-9135-c982ea52d7c9"},"columns":[{"name": "id", "type": "uuid"}, {"name": "sender_id", "type": "uuid"}, {"name": "receiver_id", "type": "uuid"}, {"name": "content", "type": "text"}, {"name": "is_read", "type": "bool"}, {"name": "created_at", "type": "timestamptz"}],"errors":null,"schema":"public","commit_timestamp":"2026-01-16T20:23:08.684Z","old_record":{"id": "2823ae4d-1fa2-4d80-87e8-a98ce2fce645"}},"ids":[44215242]},"topic":"realtime:direct_messages"}
📨 Received: {"ref":null,"event":"postgres_changes","payload":{"data":{"table":"direct_messages","type":"UPDATE","record":{"id": "627a599b-6350-4164-b2a7-69e8d84c6994", "content": "dgdfgdf", "is_read": true, "sender_id": "96e01cdb-36c0-4228-a6e4-a29a3c66bc8e", "created_at": "2026-01-15T07:05:55.516496+00:00", "receiver_id": "656daa91-33b4-4688-9135-c982ea52d7c9"},"columns":[{"name": "id", "type": "uuid"}, {"name": "sender_id", "type": "uuid"}, {"name": "receiver_id", "type": "uuid"}, {"name": "content", "type": "text"}, {"name": "is_read", "type": "bool"}, {"name": "created_at", "type": "timestamptz"}],"errors":null,"schema":"public","commit_timestamp":"2026-01-16T20:23:08.684Z","old_record":{"id": "627a599b-6350-4164-b2a7-69e8d84c6994"}},"ids":[44215242]},"topic":"realtime:direct_messages"}
📨 Received: {"ref":null,"event":"postgres_changes","payload":{"data":{"table":"direct_messages","type":"UPDATE","record":{"id": "68f246a9-4c63-4c11-b15d-e3d5b19cc83a", "content": "dgdgdf", "is_read": true, "sender_id": "96e01cdb-36c0-4228-a6e4-a29a3c66bc8e", "created_at": "2026-01-15T07:05:56.265445+00:00", "receiver_id": "656daa91-33b4-4688-9135-c982ea52d7c9"},"columns":[{"name": "id", "type": "uuid"}, {"name": "sender_id", "type": "uuid"}, {"name": "receiver_id", "type": "uuid"}, {"name": "content", "type": "text"}, {"name": "is_read", "type": "bool"}, {"name": "created_at", "type": "timestamptz"}],"errors":null,"schema":"public","commit_timestamp":"2026-01-16T20:23:08.684Z","old_record":{"id": "68f246a9-4c63-4c11-b15d-e3d5b19cc83a"}},"ids":[44215242]},"topic":"realtime:direct_messages"}
📨 Received: {"ref":null,"event":"postgres_changes","payload":{"data":{"table":"direct_messages","type":"UPDATE","record":{"id": "0d65fba7-7796-44d7-89db-aec51b03a0c7", "content": "dgdgdgd", "is_read": true, "sender_id": "96e01cdb-36c0-4228-a6e4-a29a3c66bc8e", "created_at": "2026-01-15T07:05:57.39305+00:00", "receiver_id": "656daa91-33b4-4688-9135-c982ea52d7c9"},"columns":[{"name": "id", "type": "uuid"}, {"name": "sender_id", "type": "uuid"}, {"name": "receiver_id", "type": "uuid"}, {"name": "content", "type": "text"}, {"name": "is_read", "type": "bool"}, {"name": "created_at", "type": "timestamptz"}],"errors":null,"schema":"public","commit_timestamp":"2026-01-16T20:23:08.684Z","old_record":{"id": "0d65fba7-7796-44d7-89db-aec51b03a0c7"}},"ids":[44215242]},"topic":"realtime:direct_messages"}
📨 Received: {"ref":null,"event":"postgres_changes","payload":{"data":{"table":"direct_messages","type":"UPDATE","record":{"id": "856ecde1-4546-4ed2-b399-234ba8b08c4b", "content": "dgdgdgdg", "is_read": true, "sender_id": "96e01cdb-36c0-4228-a6e4-a29a3c66bc8e", "created_at": "2026-01-15T07:05:58.598649+00:00", "receiver_id": "656daa91-33b4-4688-9135-c982ea52d7c9"},"columns":[{"name": "id", "type": "uuid"}, {"name": "sender_id", "type": "uuid"}, {"name": "receiver_id", "type": "uuid"}, {"name": "content", "type": "text"}, {"name": "is_read", "type": "bool"}, {"name": "created_at", "type": "timestamptz"}],"errors":null,"schema":"public","commit_timestamp":"2026-01-16T20:23:08.684Z","old_record":{"id": "856ecde1-4546-4ed2-b399-234ba8b08c4b"}},"ids":[44215242]},"topic":"realtime:direct_messages"}
📨 Received: {"ref":null,"event":"postgres_changes","payload":{"data":{"table":"direct_messages","type":"UPDATE","record":{"id": "55ac3a7b-06fb-464c-b8da-cd2b415414d2", "content": "dgdgdgd", "is_read": true, "sender_id": "96e01cdb-36c0-4228-a6e4-a29a3c66bc8e", "created_at": "2026-01-15T07:05:59.729521+00:00", "receiver_id": "656daa91-33b4-4688-9135-c982ea52d7c9"},"columns":[{"name": "id", "type": "uuid"}, {"name": "sender_id", "type": "uuid"}, {"name": "receiver_id", "type": "uuid"}, {"name": "content", "type": "text"}, {"name": "is_read", "type": "bool"}, {"name": "created_at", "type": "timestamptz"}],"errors":null,"schema":"public","commit_timestamp":"2026-01-16T20:23:08.684Z","old_record":{"id": "55ac3a7b-06fb-464c-b8da-cd2b415414d2"}},"ids":[44215242]},"topic":"realtime:direct_messages"}
📨 Received: {"ref":null,"event":"postgres_changes","payload":{"data":{"table":"direct_messages","type":"UPDATE","record":{"id": "02e68c78-31b2-4b4c-a095-00fbb6031b31", "content": "dgdgddg", "is_read": true, "sender_id": "96e01cdb-36c0-4228-a6e4-a29a3c66bc8e", "created_at": "2026-01-15T07:06:00.921913+00:00", "receiver_id": "656daa91-33b4-4688-9135-c982ea52d7c9"},"columns":[{"name": "id", "type": "uuid"}, {"name": "sender_id", "type": "uuid"}, {"name": "receiver_id", "type": "uuid"}, {"name": "content", "type": "text"}, {"name": "is_read", "type": "bool"}, {"name": "created_at", "type": "timestamptz"}],"errors":null,"schema":"public","commit_timestamp":"2026-01-16T20:23:08.684Z","old_record":{"id": "02e68c78-31b2-4b4c-a095-00fbb6031b31"}},"ids":[44215242]},"topic":"realtime:direct_messages"}
📨 Received: {"ref":null,"event":"postgres_changes","payload":{"data":{"table":"direct_messages","type":"UPDATE","record":{"id": "19ee89ea-837b-4106-95b3-ba4b9f832e17", "content": "dgdgd", "is_read": true, "sender_id": "96e01cdb-36c0-4228-a6e4-a29a3c66bc8e", "created_at": "2026-01-15T07:06:02.181634+00:00", "receiver_id": "656daa91-33b4-4688-9135-c982ea52d7c9"},"columns":[{"name": "id", "type": "uuid"}, {"name": "sender_id", "type": "uuid"}, {"name": "receiver_id", "type": "uuid"}, {"name": "content", "type": "text"}, {"name": "is_read", "type": "bool"}, {"name": "created_at", "type": "timestamptz"}],"errors":null,"schema":"public","commit_timestamp":"2026-01-16T20:23:08.684Z","old_record":{"id": "19ee89ea-837b-4106-95b3-ba4b9f832e17"}},"ids":[44215242]},"topic":"realtime:direct_messages"}
📨 Received: {"ref":null,"event":"postgres_changes","payload":{"data":{"table":"direct_messages","type":"UPDATE","record":{"id": "38a282fe-1947-46da-a1e6-c66dfc7a68d6", "content": "hi", "is_read": true, "sender_id": "96e01cdb-36c0-4228-a6e4-a29a3c66bc8e", "created_at": "2026-01-15T05:02:28.616566+00:00", "receiver_id": "656daa91-33b4-4688-9135-c982ea52d7c9"},"columns":[{"name": "id", "type": "uuid"}, {"name": "sender_id", "type": "uuid"}, {"name": "receiver_id", "type": "uuid"}, {"name": "content", "type": "text"}, {"name": "is_read", "type": "bool"}, {"name": "created_at", "type": "timestamptz"}],"errors":null,"schema":"public","commit_timestamp":"2026-01-16T20:23:08.684Z","old_record":{"id": "38a282fe-1947-46da-a1e6-c66dfc7a68d6"}},"ids":[44215242]},"topic":"realtime:direct_messages"}
📨 Received: {"ref":null,"event":"postgres_changes","payload":{"data":{"table":"direct_messages","type":"UPDATE","record":{"id": "231ea951-f85b-41e6-80cc-6097a0467faf", "content": "hi", "is_read": true, "sender_id": "96e01cdb-36c0-4228-a6e4-a29a3c66bc8e", "created_at": "2026-01-16T20:10:27.383462+00:00", "receiver_id": "656daa91-33b4-4688-9135-c982ea52d7c9"},"columns":[{"name": "id", "type": "uuid"}, {"name": "sender_id", "type": "uuid"}, {"name": "receiver_id", "type": "uuid"}, {"name": "content", "type": "text"}, {"name": "is_read", "type": "bool"}, {"name": "created_at", "type": "timestamptz"}],"errors":null,"schema":"public","commit_timestamp":"2026-01-16T20:23:08.684Z","old_record":{"id": "231ea951-f85b-41e6-80cc-6097a0467faf"}},"ids":[44215242]},"topic":"realtime:direct_messages"}
📨 Received: {"ref":null,"event":"postgres_changes","payload":{"data":{"table":"direct_messages","type":"UPDATE","record":{"id": "f10486d3-d2b5-4bab-a358-043a509bc737", "content": "hey", "is_read": true, "sender_id": "96e01cdb-36c0-4228-a6e4-a29a3c66bc8e", "created_at": "2026-01-15T06:14:50.785281+00:00", "receiver_id": "656daa91-33b4-4688-9135-c982ea52d7c9"},"columns":[{"name": "id", "type": "uuid"}, {"name": "sender_id", "type": "uuid"}, {"name": "receiver_id", "type": "uuid"}, {"name": "content", "type": "text"}, {"name": "is_read", "type": "bool"}, {"name": "created_at", "type": "timestamptz"}],"errors":null,"schema":"public","commit_timestamp":"2026-01-16T20:23:08.684Z","old_record":{"id": "f10486d3-d2b5-4bab-a358-043a509bc737"}},"ids":[44215242]},"topic":"realtime:direct_messages"}
📨 Received: {"ref":null,"event":"postgres_changes","payload":{"data":{"table":"direct_messages","type":"UPDATE","record":{"id": "bdea14b3-d43d-4dbd-81eb-368a88aa4f6d", "content": "whatsup", "is_read": true, "sender_id": "96e01cdb-36c0-4228-a6e4-a29a3c66bc8e", "created_at": "2026-01-15T06:15:06.08888+00:00", "receiver_id": "656daa91-33b4-4688-9135-c982ea52d7c9"},"columns":[{"name": "id", "type": "uuid"}, {"name": "sender_id", "type": "uuid"}, {"name": "receiver_id", "type": "uuid"}, {"name": "content", "type": "text"}, {"name": "is_read", "type": "bool"}, {"name": "created_at", "type": "timestamptz"}],"errors":null,"schema":"public","commit_timestamp":"2026-01-16T20:23:08.684Z","old_record":{"id": "bdea14b3-d43d-4dbd-81eb-368a88aa4f6d"}},"ids":[44215242]},"topic":"realtime:direct_messages"}
📨 Received: {"ref":null,"event":"postgres_changes","payload":{"data":{"table":"direct_messages","type":"UPDATE","record":{"id": "3ae10e6d-23af-46de-9f94-5819ee09c423", "content": "hey", "is_read": true, "sender_id": "96e01cdb-36c0-4228-a6e4-a29a3c66bc8e", "created_at": "2026-01-16T02:16:57.207615+00:00", "receiver_id": "656daa91-33b4-4688-9135-c982ea52d7c9"},"columns":[{"name": "id", "type": "uuid"}, {"name": "sender_id", "type": "uuid"}, {"name": "receiver_id", "type": "uuid"}, {"name": "content", "type": "text"}, {"name": "is_read", "type": "bool"}, {"name": "created_at", "type": "timestamptz"}],"errors":null,"schema":"public","commit_timestamp":"2026-01-16T20:23:08.684Z","old_record":{"id": "3ae10e6d-23af-46de-9f94-5819ee09c423"}},"ids":[44215242]},"topic":"realtime:direct_messages"}
📨 Received: {"ref":null,"event":"postgres_changes","payload":{"data":{"table":"direct_messages","type":"UPDATE","record":{"id": "cc22506b-f36c-4c8a-a404-6ca172b529c0", "content": "woowwww", "is_read": true, "sender_id": "96e01cdb-36c0-4228-a6e4-a29a3c66bc8e", "created_at": "2026-01-16T20:02:58.396364+00:00", "receiver_id": "656daa91-33b4-4688-9135-c982ea52d7c9"},"columns":[{"name": "id", "type": "uuid"}, {"name": "sender_id", "type": "uuid"}, {"name": "receiver_id", "type": "uuid"}, {"name": "content", "type": "text"}, {"name": "is_read", "type": "bool"}, {"name": "created_at", "type": "timestamptz"}],"errors":null,"schema":"public","commit_timestamp":"2026-01-16T20:23:08.684Z","old_record":{"id": "cc22506b-f36c-4c8a-a404-6ca172b529c0"}},"ids":[44215242]},"topic":"realtime:direct_messages"}
📨 Received: {"ref":null,"event":"postgres_changes","payload":{"data":{"table":"direct_messages","type":"UPDATE","record":{"id": "1acc0b42-40b2-49be-88e0-a40a7a14a912", "content": "hey", "is_read": true, "sender_id": "96e01cdb-36c0-4228-a6e4-a29a3c66bc8e", "created_at": "2026-01-16T20:23:05.121695+00:00", "receiver_id": "656daa91-33b4-4688-9135-c982ea52d7c9"},"columns":[{"name": "id", "type": "uuid"}, {"name": "sender_id", "type": "uuid"}, {"name": "receiver_id", "type": "uuid"}, {"name": "content", "type": "text"}, {"name": "is_read", "type": "bool"}, {"name": "created_at", "type": "timestamptz"}],"errors":null,"schema":"public","commit_timestamp":"2026-01-16T20:23:08.922Z","old_record":{"id": "1acc0b42-40b2-49be-88e0-a40a7a14a912"}},"ids":[44215242]},"topic":"realtime:direct_messages"}
📨 Received: {"ref":null,"event":"postgres_changes","payload":{"data":{"table":"direct_messages","type":"UPDATE","record":{"id": "2823ae4d-1fa2-4d80-87e8-a98ce2fce645", "content": "fddgfdg", "is_read": true, "sender_id": "96e01cdb-36c0-4228-a6e4-a29a3c66bc8e", "created_at": "2026-01-15T07:05:54.711827+00:00", "receiver_id": "656daa91-33b4-4688-9135-c982ea52d7c9"},"columns":[{"name": "id", "type": "uuid"}, {"name": "sender_id", "type": "uuid"}, {"name": "receiver_id", "type": "uuid"}, {"name": "content", "type": "text"}, {"name": "is_read", "type": "bool"}, {"name": "created_at", "type": "timestamptz"}],"errors":null,"schema":"public","commit_timestamp":"2026-01-16T20:23:08.922Z","old_record":{"id": "2823ae4d-1fa2-4d80-87e8-a98ce2fce645"}},"ids":[44215242]},"topic":"realtime:direct_messages"}
📨 Received: {"ref":null,"event":"postgres_changes","payload":{"data":{"table":"direct_messages","type":"UPDATE","record":{"id": "627a599b-6350-4164-b2a7-69e8d84c6994", "content": "dgdfgdf", "is_read": true, "sender_id": "96e01cdb-36c0-4228-a6e4-a29a3c66bc8e", "created_at": "2026-01-15T07:05:55.516496+00:00", "receiver_id": "656daa91-33b4-4688-9135-c982ea52d7c9"},"columns":[{"name": "id", "type": "uuid"}, {"name": "sender_id", "type": "uuid"}, {"name": "receiver_id", "type": "uuid"}, {"name": "content", "type": "text"}, {"name": "is_read", "type": "bool"}, {"name": "created_at", "type": "timestamptz"}],"errors":null,"schema":"public","commit_timestamp":"2026-01-16T20:23:08.922Z","old_record":{"id": "627a599b-6350-4164-b2a7-69e8d84c6994"}},"ids":[44215242]},"topic":"realtime:direct_messages"}
📨 Received: {"ref":null,"event":"postgres_changes","payload":{"data":{"table":"direct_messages","type":"UPDATE","record":{"id": "68f246a9-4c63-4c11-b15d-e3d5b19cc83a", "content": "dgdgdf", "is_read": true, "sender_id": "96e01cdb-36c0-4228-a6e4-a29a3c66bc8e", "created_at": "2026-01-15T07:05:56.265445+00:00", "receiver_id": "656daa91-33b4-4688-9135-c982ea52d7c9"},"columns":[{"name": "id", "type": "uuid"}, {"name": "sender_id", "type": "uuid"}, {"name": "receiver_id", "type": "uuid"}, {"name": "content", "type": "text"}, {"name": "is_read", "type": "bool"}, {"name": "created_at", "type": "timestamptz"}],"errors":null,"schema":"public","commit_timestamp":"2026-01-16T20:23:08.922Z","old_record":{"id": "68f246a9-4c63-4c11-b15d-e3d5b19cc83a"}},"ids":[44215242]},"topic":"realtime:direct_messages"}
📨 Received: {"ref":null,"event":"postgres_changes","payload":{"data":{"table":"direct_messages","type":"UPDATE","record":{"id": "0d65fba7-7796-44d7-89db-aec51b03a0c7", "content": "dgdgdgd", "is_read": true, "sender_id": "96e01cdb-36c0-4228-a6e4-a29a3c66bc8e", "created_at": "2026-01-15T07:05:57.39305+00:00", "receiver_id": "656daa91-33b4-4688-9135-c982ea52d7c9"},"columns":[{"name": "id", "type": "uuid"}, {"name": "sender_id", "type": "uuid"}, {"name": "receiver_id", "type": "uuid"}, {"name": "content", "type": "text"}, {"name": "is_read", "type": "bool"}, {"name": "created_at", "type": "timestamptz"}],"errors":null,"schema":"public","commit_timestamp":"2026-01-16T20:23:08.922Z","old_record":{"id": "0d65fba7-7796-44d7-89db-aec51b03a0c7"}},"ids":[44215242]},"topic":"realtime:direct_messages"}
📨 Received: {"ref":null,"event":"postgres_changes","payload":{"data":{"table":"direct_messages","type":"UPDATE","record":{"id": "856ecde1-4546-4ed2-b399-234ba8b08c4b", "content": "dgdgdgdg", "is_read": true, "sender_id": "96e01cdb-36c0-4228-a6e4-a29a3c66bc8e", "created_at": "2026-01-15T07:05:58.598649+00:00", "receiver_id": "656daa91-33b4-4688-9135-c982ea52d7c9"},"columns":[{"name": "id", "type": "uuid"}, {"name": "sender_id", "type": "uuid"}, {"name": "receiver_id", "type": "uuid"}, {"name": "content", "type": "text"}, {"name": "is_read", "type": "bool"}, {"name": "created_at", "type": "timestamptz"}],"errors":null,"schema":"public","commit_timestamp":"2026-01-16T20:23:08.922Z","old_record":{"id": "856ecde1-4546-4ed2-b399-234ba8b08c4b"}},"ids":[44215242]},"topic":"realtime:direct_messages"}
📨 Received: {"ref":null,"event":"postgres_changes","payload":{"data":{"table":"direct_messages","type":"UPDATE","record":{"id": "55ac3a7b-06fb-464c-b8da-cd2b415414d2", "content": "dgdgdgd", "is_read": true, "sender_id": "96e01cdb-36c0-4228-a6e4-a29a3c66bc8e", "created_at": "2026-01-15T07:05:59.729521+00:00", "receiver_id": "656daa91-33b4-4688-9135-c982ea52d7c9"},"columns":[{"name": "id", "type": "uuid"}, {"name": "sender_id", "type": "uuid"}, {"name": "receiver_id", "type": "uuid"}, {"name": "content", "type": "text"}, {"name": "is_read", "type": "bool"}, {"name": "created_at", "type": "timestamptz"}],"errors":null,"schema":"public","commit_timestamp":"2026-01-16T20:23:08.922Z","old_record":{"id": "55ac3a7b-06fb-464c-b8da-cd2b415414d2"}},"ids":[44215242]},"topic":"realtime:direct_messages"}
📨 Received: {"ref":null,"event":"postgres_changes","payload":{"data":{"table":"direct_messages","type":"UPDATE","record":{"id": "02e68c78-31b2-4b4c-a095-00fbb6031b31", "content": "dgdgddg", "is_read": true, "sender_id": "96e01cdb-36c0-4228-a6e4-a29a3c66bc8e", "created_at": "2026-01-15T07:06:00.921913+00:00", "receiver_id": "656daa91-33b4-4688-9135-c982ea52d7c9"},"columns":[{"name": "id", "type": "uuid"}, {"name": "sender_id", "type": "uuid"}, {"name": "receiver_id", "type": "uuid"}, {"name": "content", "type": "text"}, {"name": "is_read", "type": "bool"}, {"name": "created_at", "type": "timestamptz"}],"errors":null,"schema":"public","commit_timestamp":"2026-01-16T20:23:08.922Z","old_record":{"id": "02e68c78-31b2-4b4c-a095-00fbb6031b31"}},"ids":[44215242]},"topic":"realtime:direct_messages"}
📨 Received: {"ref":null,"event":"postgres_changes","payload":{"data":{"table":"direct_messages","type":"UPDATE","record":{"id": "19ee89ea-837b-4106-95b3-ba4b9f832e17", "content": "dgdgd", "is_read": true, "sender_id": "96e01cdb-36c0-4228-a6e4-a29a3c66bc8e", "created_at": "2026-01-15T07:06:02.181634+00:00", "receiver_id": "656daa91-33b4-4688-9135-c982ea52d7c9"},"columns":[{"name": "id", "type": "uuid"}, {"name": "sender_id", "type": "uuid"}, {"name": "receiver_id", "type": "uuid"}, {"name": "content", "type": "text"}, {"name": "is_read", "type": "bool"}, {"name": "created_at", "type": "timestamptz"}],"errors":null,"schema":"public","commit_timestamp":"2026-01-16T20:23:08.922Z","old_record":{"id": "19ee89ea-837b-4106-95b3-ba4b9f832e17"}},"ids":[44215242]},"topic":"realtime:direct_messages"}
📨 Received: {"ref":null,"event":"postgres_changes","payload":{"data":{"table":"direct_messages","type":"UPDATE","record":{"id": "38a282fe-1947-46da-a1e6-c66dfc7a68d6", "content": "hi", "is_read": true, "sender_id": "96e01cdb-36c0-4228-a6e4-a29a3c66bc8e", "created_at": "2026-01-15T05:02:28.616566+00:00", "receiver_id": "656daa91-33b4-4688-9135-c982ea52d7c9"},"columns":[{"name": "id", "type": "uuid"}, {"name": "sender_id", "type": "uuid"}, {"name": "receiver_id", "type": "uuid"}, {"name": "content", "type": "text"}, {"name": "is_read", "type": "bool"}, {"name": "created_at", "type": "timestamptz"}],"errors":null,"schema":"public","commit_timestamp":"2026-01-16T20:23:08.922Z","old_record":{"id": "38a282fe-1947-46da-a1e6-c66dfc7a68d6"}},"ids":[44215242]},"topic":"realtime:direct_messages"}
📨 Received: {"ref":null,"event":"postgres_changes","payload":{"data":{"table":"direct_messages","type":"UPDATE","record":{"id": "231ea951-f85b-41e6-80cc-6097a0467faf", "content": "hi", "is_read": true, "sender_id": "96e01cdb-36c0-4228-a6e4-a29a3c66bc8e", "created_at": "2026-01-16T20:10:27.383462+00:00", "receiver_id": "656daa91-33b4-4688-9135-c982ea52d7c9"},"columns":[{"name": "id", "type": "uuid"}, {"name": "sender_id", "type": "uuid"}, {"name": "receiver_id", "type": "uuid"}, {"name": "content", "type": "text"}, {"name": "is_read", "type": "bool"}, {"name": "created_at", "type": "timestamptz"}],"errors":null,"schema":"public","commit_timestamp":"2026-01-16T20:23:08.922Z","old_record":{"id": "231ea951-f85b-41e6-80cc-6097a0467faf"}},"ids":[44215242]},"topic":"realtime:direct_messages"}
📨 Received: {"ref":null,"event":"postgres_changes","payload":{"data":{"table":"direct_messages","type":"UPDATE","record":{"id": "f10486d3-d2b5-4bab-a358-043a509bc737", "content": "hey", "is_read": true, "sender_id": "96e01cdb-36c0-4228-a6e4-a29a3c66bc8e", "created_at": "2026-01-15T06:14:50.785281+00:00", "receiver_id": "656daa91-33b4-4688-9135-c982ea52d7c9"},"columns":[{"name": "id", "type": "uuid"}, {"name": "sender_id", "type": "uuid"}, {"name": "receiver_id", "type": "uuid"}, {"name": "content", "type": "text"}, {"name": "is_read", "type": "bool"}, {"name": "created_at", "type": "timestamptz"}],"errors":null,"schema":"public","commit_timestamp":"2026-01-16T20:23:08.922Z","old_record":{"id": "f10486d3-d2b5-4bab-a358-043a509bc737"}},"ids":[44215242]},"topic":"realtime:direct_messages"}
📨 Received: {"ref":null,"event":"postgres_changes","payload":{"data":{"table":"direct_messages","type":"UPDATE","record":{"id": "bdea14b3-d43d-4dbd-81eb-368a88aa4f6d", "content": "whatsup", "is_read": true, "sender_id": "96e01cdb-36c0-4228-a6e4-a29a3c66bc8e", "created_at": "2026-01-15T06:15:06.08888+00:00", "receiver_id": "656daa91-33b4-4688-9135-c982ea52d7c9"},"columns":[{"name": "id", "type": "uuid"}, {"name": "sender_id", "type": "uuid"}, {"name": "receiver_id", "type": "uuid"}, {"name": "content", "type": "text"}, {"name": "is_read", "type": "bool"}, {"name": "created_at", "type": "timestamptz"}],"errors":null,"schema":"public","commit_timestamp":"2026-01-16T20:23:08.922Z","old_record":{"id": "bdea14b3-d43d-4dbd-81eb-368a88aa4f6d"}},"ids":[44215242]},"topic":"realtime:direct_messages"}
📨 Received: {"ref":null,"event":"postgres_changes","payload":{"data":{"table":"direct_messages","type":"UPDATE","record":{"id": "3ae10e6d-23af-46de-9f94-5819ee09c423", "content": "hey", "is_read": true, "sender_id": "96e01cdb-36c0-4228-a6e4-a29a3c66bc8e", "created_at": "2026-01-16T02:16:57.207615+00:00", "receiver_id": "656daa91-33b4-4688-9135-c982ea52d7c9"},"columns":[{"name": "id", "type": "uuid"}, {"name": "sender_id", "type": "uuid"}, {"name": "receiver_id", "type": "uuid"}, {"name": "content", "type": "text"}, {"name": "is_read", "type": "bool"}, {"name": "created_at", "type": "timestamptz"}],"errors":null,"schema":"public","commit_timestamp":"2026-01-16T20:23:08.922Z","old_record":{"id": "3ae10e6d-23af-46de-9f94-5819ee09c423"}},"ids":[44215242]},"topic":"realtime:direct_messages"}
📨 Received: {"ref":null,"event":"postgres_changes","payload":{"data":{"table":"direct_messages","type":"UPDATE","record":{"id": "cc22506b-f36c-4c8a-a404-6ca172b529c0", "content": "woowwww", "is_read": true, "sender_id": "96e01cdb-36c0-4228-a6e4-a29a3c66bc8e", "created_at": "2026-01-16T20:02:58.396364+00:00", "receiver_id": "656daa91-33b4-4688-9135-c982ea52d7c9"},"columns":[{"name": "id", "type": "uuid"}, {"name": "sender_id", "type": "uuid"}, {"name": "receiver_id", "type": "uuid"}, {"name": "content", "type": "text"}, {"name": "is_read", "type": "bool"}, {"name": "created_at", "type": "timestamptz"}],"errors":null,"schema":"public","commit_timestamp":"2026-01-16T20:23:08.922Z","old_record":{"id": "cc22506b-f36c-4c8a-a404-6ca172b529c0"}},"ids":[44215242]},"topic":"realtime:direct_messages"}
💓 Heartbeat sent
📨 Received: {"ref":null,"event":"postgres_changes","payload":{"data":{"table":"direct_messages","type":"INSERT","record":{"id": "01cf5f91-2b1c-4064-8f54-833dfa22ead6", "content": "hi", "is_read": false, "sender_id": "656daa91-33b4-4688-9135-c982ea52d7c9", "created_at": "2026-01-16T20:23:11.470916+00:00", "receiver_id": "96e01cdb-36c0-4228-a6e4-a29a3c66bc8e"},"columns":[{"name": "id", "type": "uuid"}, {"name": "sender_id", "type": "uuid"}, {"name": "receiver_id", "type": "uuid"}, {"name": "content", "type": "text"}, {"name": "is_read", "type": "bool"}, {"name": "created_at", "type": "timestamptz"}],"errors":null,"schema":"public","commit_timestamp":"2026-01-16T20:23:11.473Z"},"ids":[13418599]},"topic":"realtime:direct_messages"}
🧹 SocialService: Replacing optimistic message
📨 SocialService: New message from/to 96e01cdb-36c0-4228-a6e4-a29a3c66bc8e
📨 Received: {"ref":null,"event":"postgres_changes","payload":{"data":{"table":"direct_messages","type":"UPDATE","record":{"id": "1acc0b42-40b2-49be-88e0-a40a7a14a912", "content": "hey", "is_read": true, "sender_id": "96e01cdb-36c0-4228-a6e4-a29a3c66bc8e", "created_at": "2026-01-16T20:23:05.121695+00:00", "receiver_id": "656daa91-33b4-4688-9135-c982ea52d7c9"},"columns":[{"name": "id", "type": "uuid"}, {"name": "sender_id", "type": "uuid"}, {"name": "receiver_id", "type": "uuid"}, {"name": "content", "type": "text"}, {"name": "is_read", "type": "bool"}, {"name": "created_at", "type": "timestamptz"}],"errors":null,"schema":"public","commit_timestamp":"2026-01-16T20:23:11.497Z","old_record":{"id": "1acc0b42-40b2-49be-88e0-a40a7a14a912"}},"ids":[44215242]},"topic":"realtime:direct_messages"}
📨 Received: {"ref":null,"event":"postgres_changes","payload":{"data":{"table":"direct_messages","type":"UPDATE","record":{"id": "2823ae4d-1fa2-4d80-87e8-a98ce2fce645", "content": "fddgfdg", "is_read": true, "sender_id": "96e01cdb-36c0-4228-a6e4-a29a3c66bc8e", "created_at": "2026-01-15T07:05:54.711827+00:00", "receiver_id": "656daa91-33b4-4688-9135-c982ea52d7c9"},"columns":[{"name": "id", "type": "uuid"}, {"name": "sender_id", "type": "uuid"}, {"name": "receiver_id", "type": "uuid"}, {"name": "content", "type": "text"}, {"name": "is_read", "type": "bool"}, {"name": "created_at", "type": "timestamptz"}],"errors":null,"schema":"public","commit_timestamp":"2026-01-16T20:23:11.497Z","old_record":{"id": "2823ae4d-1fa2-4d80-87e8-a98ce2fce645"}},"ids":[44215242]},"topic":"realtime:direct_messages"}
📨 Received: {"ref":null,"event":"postgres_changes","payload":{"data":{"table":"direct_messages","type":"UPDATE","record":{"id": "627a599b-6350-4164-b2a7-69e8d84c6994", "content": "dgdfgdf", "is_read": true, "sender_id": "96e01cdb-36c0-4228-a6e4-a29a3c66bc8e", "created_at": "2026-01-15T07:05:55.516496+00:00", "receiver_id": "656daa91-33b4-4688-9135-c982ea52d7c9"},"columns":[{"name": "id", "type": "uuid"}, {"name": "sender_id", "type": "uuid"}, {"name": "receiver_id", "type": "uuid"}, {"name": "content", "type": "text"}, {"name": "is_read", "type": "bool"}, {"name": "created_at", "type": "timestamptz"}],"errors":null,"schema":"public","commit_timestamp":"2026-01-16T20:23:11.497Z","old_record":{"id": "627a599b-6350-4164-b2a7-69e8d84c6994"}},"ids":[44215242]},"topic":"realtime:direct_messages"}
📨 Received: {"ref":null,"event":"postgres_changes","payload":{"data":{"table":"direct_messages","type":"UPDATE","record":{"id": "68f246a9-4c63-4c11-b15d-e3d5b19cc83a", "content": "dgdgdf", "is_read": true, "sender_id": "96e01cdb-36c0-4228-a6e4-a29a3c66bc8e", "created_at": "2026-01-15T07:05:56.265445+00:00", "receiver_id": "656daa91-33b4-4688-9135-c982ea52d7c9"},"columns":[{"name": "id", "type": "uuid"}, {"name": "sender_id", "type": "uuid"}, {"name": "receiver_id", "type": "uuid"}, {"name": "content", "type": "text"}, {"name": "is_read", "type": "bool"}, {"name": "created_at", "type": "timestamptz"}],"errors":null,"schema":"public","commit_timestamp":"2026-01-16T20:23:11.497Z","old_record":{"id": "68f246a9-4c63-4c11-b15d-e3d5b19cc83a"}},"ids":[44215242]},"topic":"realtime:direct_messages"}
📨 Received: {"ref":null,"event":"postgres_changes","payload":{"data":{"table":"direct_messages","type":"UPDATE","record":{"id": "0d65fba7-7796-44d7-89db-aec51b03a0c7", "content": "dgdgdgd", "is_read": true, "sender_id": "96e01cdb-36c0-4228-a6e4-a29a3c66bc8e", "created_at": "2026-01-15T07:05:57.39305+00:00", "receiver_id": "656daa91-33b4-4688-9135-c982ea52d7c9"},"columns":[{"name": "id", "type": "uuid"}, {"name": "sender_id", "type": "uuid"}, {"name": "receiver_id", "type": "uuid"}, {"name": "content", "type": "text"}, {"name": "is_read", "type": "bool"}, {"name": "created_at", "type": "timestamptz"}],"errors":null,"schema":"public","commit_timestamp":"2026-01-16T20:23:11.497Z","old_record":{"id": "0d65fba7-7796-44d7-89db-aec51b03a0c7"}},"ids":[44215242]},"topic":"realtime:direct_messages"}
📨 Received: {"ref":"3","event":"phx_reply","payload":{"status":"ok","response":{}},"topic":"phoenix"}
📨 Received: {"ref":null,"event":"postgres_changes","payload":{"data":{"table":"direct_messages","type":"UPDATE","record":{"id": "856ecde1-4546-4ed2-b399-234ba8b08c4b", "content": "dgdgdgdg", "is_read": true, "sender_id": "96e01cdb-36c0-4228-a6e4-a29a3c66bc8e", "created_at": "2026-01-15T07:05:58.598649+00:00", "receiver_id": "656daa91-33b4-4688-9135-c982ea52d7c9"},"columns":[{"name": "id", "type": "uuid"}, {"name": "sender_id", "type": "uuid"}, {"name": "receiver_id", "type": "uuid"}, {"name": "content", "type": "text"}, {"name": "is_read", "type": "bool"}, {"name": "created_at", "type": "timestamptz"}],"errors":null,"schema":"public","commit_timestamp":"2026-01-16T20:23:11.497Z","old_record":{"id": "856ecde1-4546-4ed2-b399-234ba8b08c4b"}},"ids":[44215242]},"topic":"realtime:direct_messages"}
📨 Received: {"ref":null,"event":"postgres_changes","payload":{"data":{"table":"direct_messages","type":"UPDATE","record":{"id": "55ac3a7b-06fb-464c-b8da-cd2b415414d2", "content": "dgdgdgd", "is_read": true, "sender_id": "96e01cdb-36c0-4228-a6e4-a29a3c66bc8e", "created_at": "2026-01-15T07:05:59.729521+00:00", "receiver_id": "656daa91-33b4-4688-9135-c982ea52d7c9"},"columns":[{"name": "id", "type": "uuid"}, {"name": "sender_id", "type": "uuid"}, {"name": "receiver_id", "type": "uuid"}, {"name": "content", "type": "text"}, {"name": "is_read", "type": "bool"}, {"name": "created_at", "type": "timestamptz"}],"errors":null,"schema":"public","commit_timestamp":"2026-01-16T20:23:11.497Z","old_record":{"id": "55ac3a7b-06fb-464c-b8da-cd2b415414d2"}},"ids":[44215242]},"topic":"realtime:direct_messages"}
📨 Received: {"ref":null,"event":"postgres_changes","payload":{"data":{"table":"direct_messages","type":"UPDATE","record":{"id": "02e68c78-31b2-4b4c-a095-00fbb6031b31", "content": "dgdgddg", "is_read": true, "sender_id": "96e01cdb-36c0-4228-a6e4-a29a3c66bc8e", "created_at": "2026-01-15T07:06:00.921913+00:00", "receiver_id": "656daa91-33b4-4688-9135-c982ea52d7c9"},"columns":[{"name": "id", "type": "uuid"}, {"name": "sender_id", "type": "uuid"}, {"name": "receiver_id", "type": "uuid"}, {"name": "content", "type": "text"}, {"name": "is_read", "type": "bool"}, {"name": "created_at", "type": "timestamptz"}],"errors":null,"schema":"public","commit_timestamp":"2026-01-16T20:23:11.497Z","old_record":{"id": "02e68c78-31b2-4b4c-a095-00fbb6031b31"}},"ids":[44215242]},"topic":"realtime:direct_messages"}
📨 Received: {"ref":null,"event":"postgres_changes","payload":{"data":{"table":"direct_messages","type":"UPDATE","record":{"id": "19ee89ea-837b-4106-95b3-ba4b9f832e17", "content": "dgdgd", "is_read": true, "sender_id": "96e01cdb-36c0-4228-a6e4-a29a3c66bc8e", "created_at": "2026-01-15T07:06:02.181634+00:00", "receiver_id": "656daa91-33b4-4688-9135-c982ea52d7c9"},"columns":[{"name": "id", "type": "uuid"}, {"name": "sender_id", "type": "uuid"}, {"name": "receiver_id", "type": "uuid"}, {"name": "content", "type": "text"}, {"name": "is_read", "type": "bool"}, {"name": "created_at", "type": "timestamptz"}],"errors":null,"schema":"public","commit_timestamp":"2026-01-16T20:23:11.497Z","old_record":{"id": "19ee89ea-837b-4106-95b3-ba4b9f832e17"}},"ids":[44215242]},"topic":"realtime:direct_messages"}
📨 Received: {"ref":null,"event":"postgres_changes","payload":{"data":{"table":"direct_messages","type":"UPDATE","record":{"id": "38a282fe-1947-46da-a1e6-c66dfc7a68d6", "content": "hi", "is_read": true, "sender_id": "96e01cdb-36c0-4228-a6e4-a29a3c66bc8e", "created_at": "2026-01-15T05:02:28.616566+00:00", "receiver_id": "656daa91-33b4-4688-9135-c982ea52d7c9"},"columns":[{"name": "id", "type": "uuid"}, {"name": "sender_id", "type": "uuid"}, {"name": "receiver_id", "type": "uuid"}, {"name": "content", "type": "text"}, {"name": "is_read", "type": "bool"}, {"name": "created_at", "type": "timestamptz"}],"errors":null,"schema":"public","commit_timestamp":"2026-01-16T20:23:11.497Z","old_record":{"id": "38a282fe-1947-46da-a1e6-c66dfc7a68d6"}},"ids":[44215242]},"topic":"realtime:direct_messages"}
📨 Received: {"ref":null,"event":"postgres_changes","payload":{"data":{"table":"direct_messages","type":"UPDATE","record":{"id": "231ea951-f85b-41e6-80cc-6097a0467faf", "content": "hi", "is_read": true, "sender_id": "96e01cdb-36c0-4228-a6e4-a29a3c66bc8e", "created_at": "2026-01-16T20:10:27.383462+00:00", "receiver_id": "656daa91-33b4-4688-9135-c982ea52d7c9"},"columns":[{"name": "id", "type": "uuid"}, {"name": "sender_id", "type": "uuid"}, {"name": "receiver_id", "type": "uuid"}, {"name": "content", "type": "text"}, {"name": "is_read", "type": "bool"}, {"name": "created_at", "type": "timestamptz"}],"errors":null,"schema":"public","commit_timestamp":"2026-01-16T20:23:11.497Z","old_record":{"id": "231ea951-f85b-41e6-80cc-6097a0467faf"}},"ids":[44215242]},"topic":"realtime:direct_messages"}
📨 Received: {"ref":null,"event":"postgres_changes","payload":{"data":{"table":"direct_messages","type":"UPDATE","record":{"id": "f10486d3-d2b5-4bab-a358-043a509bc737", "content": "hey", "is_read": true, "sender_id": "96e01cdb-36c0-4228-a6e4-a29a3c66bc8e", "created_at": "2026-01-15T06:14:50.785281+00:00", "receiver_id": "656daa91-33b4-4688-9135-c982ea52d7c9"},"columns":[{"name": "id", "type": "uuid"}, {"name": "sender_id", "type": "uuid"}, {"name": "receiver_id", "type": "uuid"}, {"name": "content", "type": "text"}, {"name": "is_read", "type": "bool"}, {"name": "created_at", "type": "timestamptz"}],"errors":null,"schema":"public","commit_timestamp":"2026-01-16T20:23:11.497Z","old_record":{"id": "f10486d3-d2b5-4bab-a358-043a509bc737"}},"ids":[44215242]},"topic":"realtime:direct_messages"}
📨 Received: {"ref":null,"event":"postgres_changes","payload":{"data":{"table":"direct_messages","type":"UPDATE","record":{"id": "bdea14b3-d43d-4dbd-81eb-368a88aa4f6d", "content": "whatsup", "is_read": true, "sender_id": "96e01cdb-36c0-4228-a6e4-a29a3c66bc8e", "created_at": "2026-01-15T06:15:06.08888+00:00", "receiver_id": "656daa91-33b4-4688-9135-c982ea52d7c9"},"columns":[{"name": "id", "type": "uuid"}, {"name": "sender_id", "type": "uuid"}, {"name": "receiver_id", "type": "uuid"}, {"name": "content", "type": "text"}, {"name": "is_read", "type": "bool"}, {"name": "created_at", "type": "timestamptz"}],"errors":null,"schema":"public","commit_timestamp":"2026-01-16T20:23:11.497Z","old_record":{"id": "bdea14b3-d43d-4dbd-81eb-368a88aa4f6d"}},"ids":[44215242]},"topic":"realtime:direct_messages"}
📨 Received: {"ref":null,"event":"postgres_changes","payload":{"data":{"table":"direct_messages","type":"UPDATE","record":{"id": "3ae10e6d-23af-46de-9f94-5819ee09c423", "content": "hey", "is_read": true, "sender_id": "96e01cdb-36c0-4228-a6e4-a29a3c66bc8e", "created_at": "2026-01-16T02:16:57.207615+00:00", "receiver_id": "656daa91-33b4-4688-9135-c982ea52d7c9"},"columns":[{"name": "id", "type": "uuid"}, {"name": "sender_id", "type": "uuid"}, {"name": "receiver_id", "type": "uuid"}, {"name": "content", "type": "text"}, {"name": "is_read", "type": "bool"}, {"name": "created_at", "type": "timestamptz"}],"errors":null,"schema":"public","commit_timestamp":"2026-01-16T20:23:11.497Z","old_record":{"id": "3ae10e6d-23af-46de-9f94-5819ee09c423"}},"ids":[44215242]},"topic":"realtime:direct_messages"}
📨 Received: {"ref":null,"event":"postgres_changes","payload":{"data":{"table":"direct_messages","type":"UPDATE","record":{"id": "cc22506b-f36c-4c8a-a404-6ca172b529c0", "content": "woowwww", "is_read": true, "sender_id": "96e01cdb-36c0-4228-a6e4-a29a3c66bc8e", "created_at": "2026-01-16T20:02:58.396364+00:00", "receiver_id": "656daa91-33b4-4688-9135-c982ea52d7c9"},"columns":[{"name": "id", "type": "uuid"}, {"name": "sender_id", "type": "uuid"}, {"name": "receiver_id", "type": "uuid"}, {"name": "content", "type": "text"}, {"name": "is_read", "type": "bool"}, {"name": "created_at", "type": "timestamptz"}],"errors":null,"schema":"public","commit_timestamp":"2026-01-16T20:23:11.497Z","old_record":{"id": "cc22506b-f36c-4c8a-a404-6ca172b529c0"}},"ids":[44215242]},"topic":"realtime:direct_messages"}
📨 Received: {"ref":null,"event":"postgres_changes","payload":{"data":{"table":"direct_messages","type":"UPDATE","record":{"id": "0e775716-59fe-4e32-93a0-5af63549e279", "content": "hey", "is_read": true, "sender_id": "656daa91-33b4-4688-9135-c982ea52d7c9", "created_at": "2026-01-16T02:17:03.713785+00:00", "receiver_id": "96e01cdb-36c0-4228-a6e4-a29a3c66bc8e"},"columns":[{"name": "id", "type": "uuid"}, {"name": "sender_id", "type": "uuid"}, {"name": "receiver_id", "type": "uuid"}, {"name": "content", "type": "text"}, {"name": "is_read", "type": "bool"}, {"name": "created_at", "type": "timestamptz"}],"errors":null,"schema":"public","commit_timestamp":"2026-01-16T20:23:11.740Z","old_record":{"id": "0e775716-59fe-4e32-93a0-5af63549e279"}},"ids":[13418599]},"topic":"realtime:direct_messages"}
📨 Received: {"ref":null,"event":"postgres_changes","payload":{"data":{"table":"direct_messages","type":"UPDATE","record":{"id": "a200cd1a-8d57-4f6d-bfa7-9a4a9df953c6", "content": "hi", "is_read": true, "sender_id": "656daa91-33b4-4688-9135-c982ea52d7c9", "created_at": "2026-01-15T06:14:57.204954+00:00", "receiver_id": "96e01cdb-36c0-4228-a6e4-a29a3c66bc8e"},"columns":[{"name": "id", "type": "uuid"}, {"name": "sender_id", "type": "uuid"}, {"name": "receiver_id", "type": "uuid"}, {"name": "content", "type": "text"}, {"name": "is_read", "type": "bool"}, {"name": "created_at", "type": "timestamptz"}],"errors":null,"schema":"public","commit_timestamp":"2026-01-16T20:23:11.740Z","old_record":{"id": "a200cd1a-8d57-4f6d-bfa7-9a4a9df953c6"}},"ids":[13418599]},"topic":"realtime:direct_messages"}
📨 Received: {"ref":null,"event":"postgres_changes","payload":{"data":{"table":"direct_messages","type":"UPDATE","record":{"id": "eb152865-9537-480b-a33a-98c23d851458", "content": "nkjhhj", "is_read": true, "sender_id": "656daa91-33b4-4688-9135-c982ea52d7c9", "created_at": "2026-01-15T07:06:09.729114+00:00", "receiver_id": "96e01cdb-36c0-4228-a6e4-a29a3c66bc8e"},"columns":[{"name": "id", "type": "uuid"}, {"name": "sender_id", "type": "uuid"}, {"name": "receiver_id", "type": "uuid"}, {"name": "content", "type": "text"}, {"name": "is_read", "type": "bool"}, {"name": "created_at", "type": "timestamptz"}],"errors":null,"schema":"public","commit_timestamp":"2026-01-16T20:23:11.740Z","old_record":{"id": "eb152865-9537-480b-a33a-98c23d851458"}},"ids":[13418599]},"topic":"realtime:direct_messages"}
📨 Received: {"ref":null,"event":"postgres_changes","payload":{"data":{"table":"direct_messages","type":"UPDATE","record":{"id": "7a1f3d54-9881-431e-8112-244b982ed1ec", "content": "bkjjkbb", "is_read": true, "sender_id": "656daa91-33b4-4688-9135-c982ea52d7c9", "created_at": "2026-01-15T07:06:11.309635+00:00", "receiver_id": "96e01cdb-36c0-4228-a6e4-a29a3c66bc8e"},"columns":[{"name": "id", "type": "uuid"}, {"name": "sender_id", "type": "uuid"}, {"name": "receiver_id", "type": "uuid"}, {"name": "content", "type": "text"}, {"name": "is_read", "type": "bool"}, {"name": "created_at", "type": "timestamptz"}],"errors":null,"schema":"public","commit_timestamp":"2026-01-16T20:23:11.740Z","old_record":{"id": "7a1f3d54-9881-431e-8112-244b982ed1ec"}},"ids":[13418599]},"topic":"realtime:direct_messages"}
📨 Received: {"ref":null,"event":"postgres_changes","payload":{"data":{"table":"direct_messages","type":"UPDATE","record":{"id": "e94e31c8-3c81-44a4-b6fe-b8a67e110967", "content": "nm,n,mnm", "is_read": true, "sender_id": "656daa91-33b4-4688-9135-c982ea52d7c9", "created_at": "2026-01-15T07:06:13.60864+00:00", "receiver_id": "96e01cdb-36c0-4228-a6e4-a29a3c66bc8e"},"columns":[{"name": "id", "type": "uuid"}, {"name": "sender_id", "type": "uuid"}, {"name": "receiver_id", "type": "uuid"}, {"name": "content", "type": "text"}, {"name": "is_read", "type": "bool"}, {"name": "created_at", "type": "timestamptz"}],"errors":null,"schema":"public","commit_timestamp":"2026-01-16T20:23:11.740Z","old_record":{"id": "e94e31c8-3c81-44a4-b6fe-b8a67e110967"}},"ids":[13418599]},"topic":"realtime:direct_messages"}
📨 Received: {"ref":null,"event":"postgres_changes","payload":{"data":{"table":"direct_messages","type":"UPDATE","record":{"id": "01cf5f91-2b1c-4064-8f54-833dfa22ead6", "content": "hi", "is_read": true, "sender_id": "656daa91-33b4-4688-9135-c982ea52d7c9", "created_at": "2026-01-16T20:23:11.470916+00:00", "receiver_id": "96e01cdb-36c0-4228-a6e4-a29a3c66bc8e"},"columns":[{"name": "id", "type": "uuid"}, {"name": "sender_id", "type": "uuid"}, {"name": "receiver_id", "type": "uuid"}, {"name": "content", "type": "text"}, {"name": "is_read", "type": "bool"}, {"name": "created_at", "type": "timestamptz"}],"errors":null,"schema":"public","commit_timestamp":"2026-01-16T20:23:11.740Z","old_record":{"id": "01cf5f91-2b1c-4064-8f54-833dfa22ead6"}},"ids":[13418599]},"topic":"realtime:direct_messages"}
📨 Received: {"ref":null,"event":"postgres_changes","payload":{"data":{"table":"direct_messages","type":"UPDATE","record":{"id": "2e38e428-beb6-49bd-ac3f-bcfe0db8a447", "content": "heyyyyy", "is_read": true, "sender_id": "656daa91-33b4-4688-9135-c982ea52d7c9", "created_at": "2026-01-16T20:03:04.660475+00:00", "receiver_id": "96e01cdb-36c0-4228-a6e4-a29a3c66bc8e"},"columns":[{"name": "id", "type": "uuid"}, {"name": "sender_id", "type": "uuid"}, {"name": "receiver_id", "type": "uuid"}, {"name": "content", "type": "text"}, {"name": "is_read", "type": "bool"}, {"name": "created_at", "type": "timestamptz"}],"errors":null,"schema":"public","commit_timestamp":"2026-01-16T20:23:11.740Z","old_record":{"id": "2e38e428-beb6-49bd-ac3f-bcfe0db8a447"}},"ids":[13418599]},"topic":"realtime:direct_messages"}
📨 Received: {"ref":null,"event":"postgres_changes","payload":{"data":{"table":"direct_messages","type":"UPDATE","record":{"id": "bb83d0cb-d8f4-4492-a3bb-2ed96d17a4f4", "content": "hey", "is_read": true, "sender_id": "656daa91-33b4-4688-9135-c982ea52d7c9", "created_at": "2026-01-16T20:10:33.792628+00:00", "receiver_id": "96e01cdb-36c0-4228-a6e4-a29a3c66bc8e"},"columns":[{"name": "id", "type": "uuid"}, {"name": "sender_id", "type": "uuid"}, {"name": "receiver_id", "type": "uuid"}, {"name": "content", "type": "text"}, {"name": "is_read", "type": "bool"}, {"name": "created_at", "type": "timestamptz"}],"errors":null,"schema":"public","commit_timestamp":"2026-01-16T20:23:11.740Z","old_record":{"id": "bb83d0cb-d8f4-4492-a3bb-2ed96d17a4f4"}},"ids":[13418599]},"topic":"realtime:direct_messages"}
📊 AppState: Polled participant counts - Active: ["tt0266915": 2]
⏰ AppState: Next schedule update set for Event End: 2026-01-16 21:20:21 +0000
⏰ AppState: Scheduling update in 3428 seconds
💓 Heartbeat sent
📨 Received: {"ref":"4","event":"phx_reply","payload":{"status":"ok","response":{}},"topic":"phoenix"}
💓 Heartbeat sent
📨 Received: {"ref":"1","event":"phx_reply","payload":{"status":"ok","response":{}},"topic":"phoenix"}
📨 Received: {"ref":"5","event":"phx_reply","payload":{"status":"ok","response":{}},"topic":"realtime:global-presence"}
📨 Received: {"ref":null,"event":"presence_diff","payload":{"joins":{"1dbbfbd6-f319-11f0-bbec-ee9e47993347":{"metas":[{"phx_ref":"GItPxwKparc6AlwC","phx_ref_prev":"GItPwTAwafE6Alpi","is_premium":true,"last_seen":"2026-01-16T20:23:14.584Z","room_id":"event_tt0266915","started_at":"2026-01-16T20:22:49.576Z","status":"online","user_id":"656daa91-33b4-4688-9135-c982ea52d7c9","username":"ursinho","watching_id":"tt0266915","watching_title":"Rush Hour 2","watching_type":"movie"}]}},"leaves":{"1dbbfbd6-f319-11f0-bbec-ee9e47993347":{"metas":[{"phx_ref":"GItPwTAwafE6Alpi","phx_ref_prev":"GItPwS9qOGw6Almi","is_premium":true,"last_seen":"2026-01-16T20:22:49.575Z","room_id":"event_tt0266915","started_at":"2026-01-16T20:22:49.576Z","status":"online","user_id":"656daa91-33b4-4688-9135-c982ea52d7c9","username":"ursinho","watching_id":"tt0266915","watching_title":"Rush Hour 2","watching_type":"movie"}]}}},"topic":"realtime:global-presence"}
📡 [EventsConfig] Checking server for movie_events config version...
📡 [EventsConfig] Checking server for movie_events config version...
📨 Received: {"ref":null,"event":"presence_diff","payload":{"joins":{"0014d83c-f319-11f0-be04-ee9e47993347":{"metas":[{"phx_ref":"GItPxyGi8906Alwi","phx_ref_prev":"GItPwUxENUk6AlqC","is_premium":true,"last_seen":"2026-01-16T20:23:15.242Z","room_id":"event_tt0266915","started_at":"2026-01-16T20:22:11.238Z","status":"online","user_id":"96e01cdb-36c0-4228-a6e4-a29a3c66bc8e","username":"lemontom","watching_id":"tt0266915","watching_title":"Rush Hour 2","watching_type":"movie"}]}},"leaves":{"0014d83c-f319-11f0-be04-ee9e47993347":{"metas":[{"phx_ref":"GItPwUxENUk6AlqC","phx_ref_prev":"GItPu3OhvMY6AlXi","is_premium":true,"last_seen":"2026-01-16T20:22:50.177Z","room_id":"event_tt0266915","started_at":"2026-01-16T20:22:11.238Z","status":"online","user_id":"96e01cdb-36c0-4228-a6e4-a29a3c66bc8e","username":"lemontom","watching_id":"tt0266915","watching_title":"Rush Hour 2","watching_type":"movie"}]}}},"topic":"realtime:global-presence"}
📡 [EventsConfig] Checking server for movie_events config version...
📡 [EventsConfig] Checking server for movie_events config version...
✅ [EventsConfig] Fetched movie_events version 1539 with 409 movies
✅ [EventsConfig] Fetched movie_events version 1539 with 409 movies
✅ [EventsConfig] Using cached movie_events config (version 1539, 409 movies)
✅ [EventsConfig] Using cached movie_events config (version 1539, 409 movies)
✅ SocialService: Event event_tt0266915 is JOINABLE (Live or Next Up) - allowing join
✅ SocialService: Event event_tt0266915 is JOINABLE (Live or Next Up) - allowing join
✅ [EventsConfig] Fetched movie_events version 1539 with 409 movies
✅ [EventsConfig] Fetched movie_events version 1539 with 409 movies
✅ [EventsConfig] Using cached movie_events config (version 1539, 409 movies)
✅ [EventsConfig] Using cached movie_events config (version 1539, 409 movies)
✅ SocialService: Event event_tt0266915 is JOINABLE (Live or Next Up) - allowing join
✅ SocialService: Event event_tt0266915 is JOINABLE (Live or Next Up) - allowing join
