2026-01-04 17:11:37.270 RedLemon[15900:142778] 🪟 Set initial window to expanded size: (0.0, 150.0, 1366.0, 593.0)
2026-01-04 17:11:37.270 RedLemon[15900:142778] ✅ Cache cleanup timer started (runs every 30 minutes)
2026-01-04 17:11:37.337 RedLemon[15900:142843] 🔍 KeychainManager: Retrieved username 'ursinho' from UserDefaults
2026-01-04 17:11:37.342 RedLemon[15900:142778] 🔄 Resetting playback state to prevent auto-selection...
2026-01-04 17:11:37.404 RedLemon[15900:142778] ✅ Playback state reset complete - starting in browse view
2026-01-04 17:11:37.404 RedLemon[15900:142778] 🔐 APP STARTUP: Loading stored user credentials...
2026-01-04 17:11:37.404 RedLemon[15900:142778] 🧪 Testing Profile: debug
2026-01-04 17:11:37.404 RedLemon[15900:142843] 🔍 KeychainManager: Retrieved username 'ursinho' from UserDefaults
2026-01-04 17:11:37.405 RedLemon[15900:142778] ✅ Keychain: Found stored username: ursinho
2026-01-04 17:11:37.405 RedLemon[15900:142778] 🔍 Supabase: Looking up user 'ursinho' in database...
2026-01-04 17:11:37.405 RedLemon[15900:142843] 🔍 SupabaseClient: Looking up user by username 'ursinho'
2026-01-04 17:11:37.513 RedLemon[15900:142843] 📡 SupabaseClient: User lookup response received (358 bytes)
2026-01-04 17:11:37.524 RedLemon[15900:142843] ✅ SupabaseClient: Decoded 1 users from response
2026-01-04 17:11:37.524 RedLemon[15900:142843] 👤 SupabaseClient: Found user - ursinho (ID: 656DAA91-33B4-4688-9135-C982EA52D7C9)
2026-01-04 17:11:37.554 RedLemon[15900:142778] ✅ AUTH SUCCESS: User authenticated - ursinho (ID: 656DAA91-33B4-4688-9135-C982EA52D7C9)
2026-01-04 17:11:37.554 RedLemon[15900:142778] 🎯 AppState: currentUsername=ursinho, currentUserId=656DAA91-33B4-4688-9135-C982EA52D7C9
2026-01-04 17:11:37.554 RedLemon[15900:142778] 🏁 AUTH COMPLETE: Final state - username=ursinho, userId=656DAA91-33B4-4688-9135-C982EA52D7C9
2026-01-04 17:11:37.554 RedLemon[15900:142778] 🚀 RedLemon: Starting HTTP server...
2026-01-04 17:11:37.554 RedLemon[15900:142778] 📋 RedLemon: Current directory: /Users/danielnoble/Desktop/Redlemon
2026-01-04 17:11:37.572 RedLemon[15900:142778] ✅ RedLemon: HTTPServer instance created
2026-01-04 17:11:37.573 RedLemon[15900:142863] 📡 RedLemon: Server starting on port 47253...
2026-01-04 17:11:37.573 RedLemon[15900:142778] ✅ Loaded user: ursinho (ID: 656DAA91-33B4-4688-9135-C982EA52D7C9)
⏲️ [EventsConfig] Starting polling fallback (every 60s)
🔌 Connecting to Supabase Realtime: wss://nhvsojszwfvcinkyvzmf.supabase.co/realtime/v1/websocket
✅ Connected to Supabase Realtime
✅ Sparkle configured (manual only, no auto-checks)
   Appcast URL: https://raw.githubusercontent.com/orangeapple1272/Redlemon/main/appcast.xml
   Can check: false
📅 EventsView appeared
🎬 [EventsView] Fetching movie events from centralized config...
📡 [EventsConfig] Checking server for movie_events config version...
📂 Loaded 3 credential(s) from cache
🔍 Memory pressure monitoring enabled (safe mode)
🔍 Silent update check (custom implementation)...
📡 Joined channel: realtime:events_config_updates
✅ [EventsConfig] Subscribed to realtime schedule updates
🖥️ CacheManager initialized with fixed conservative limits
   Image cache limit: 30 items
📨 Received: {"ref":"F432206A-9EE0-43C4-8AB6-E826DA8C889F","event":"phx_reply","payload":{"status":"ok","response":{"postgres_changes":[{"id":53636278,"event":"INSERT","filter":"config_type=eq.movie_events","schema":"public","table":"events_config"}]}},"topic":"realtime:events_config_updates"}
📨 Received: {"ref":null,"event":"system","payload":{"message":"Subscribed to PostgreSQL","status":"ok","extension":"postgres_changes","channel":"events_config_updates"},"topic":"realtime:events_config_updates"}
📨 Received: {"ref":null,"event":"presence_state","payload":{},"topic":"realtime:events_config_updates"}
✅ Token routes registered:
   POST /tokens/save
   POST /tokens/delete
   GET  /tokens/list
✅ Unlock routes registered:
   POST /api/streams/unlock
✅ Stream routes registered:
   POST /api/streams/resolve
   GET  /api/streams/resolveByQuality
   GET  /api/streams/resolveAll
✅ Proxy routes registered:
   GET /play/rd/:infoHash/:fileIdx
   GET /play/rd/:infoHash
✅ Subtitle routes registered:
   GET /subtitles/search?imdbId=&type=
   GET /subtitles/subdl/:encodedPath
✅ All routes registered
✅ HTTP Server configured on http://127.0.0.1:47253
🚀 Starting HTTP server...
✅ Providers initialized: torrentio, comet, zilean, mediafusion, debridsearch
[ NOTICE ] Server started on http://127.0.0.1:47253
2026-01-04 17:11:39.580 RedLemon[15900:142778] ✅ RedLemon: Server marked as ready
2026-01-04 17:11:39.638 RedLemon[15900:142778] ✅ RedLemon: Server should be running on http://127.0.0.1:47253
2026-01-04 17:11:39.638 RedLemon[15900:142778] 🔍 Performing startup checks...
2026-01-04 17:11:39.639 RedLemon[15900:142778] ✅ Username-based authentication ready
2026-01-04 17:11:40.322 RedLemon[15900:142846] 📡 StreamService: Fetching metadata for tt15474916...
✅ HTTP server running on http://127.0.0.1:47253

🔗 Available endpoints:
   http://127.0.0.1:47253/health
   http://127.0.0.1:47253/status
   http://127.0.0.1:47253/api/health

✅ [EventsConfig] Fetched movie_events version 1466 with 427 movies
✅ [EventsConfig] Using cached movie_events config (version 1466, 427 movies)
✅ [EventsView] Loaded 427 movies from config version 1466
🗓 AppState: Updated schedule epoch to 2025-12-23 06:43:55 +0000
⏰ AppState: Next schedule update set for Event End: 2026-01-04 23:49:55 +0000
⏰ AppState: Scheduling update in 5898 seconds
🖼️ [CACHE] Cached image data for key: https://images.metahub.space/background/medium/tt15474916/img (739499 bytes)
❌ Supabase error (404): {"code":"PGRST205","details":null,"hint":"Perhaps you meant the table 'public.users'","message":"Could not find the table 'public.user_blocks' in the schema cache"}
⚠️ Failed to load blocked users: httpError(404, "{\"code\":\"PGRST205\",\"details\":null,\"hint\":\"Perhaps you meant the table \'public.users\'\",\"message\":\"Could not find the table \'public.user_blocks\' in the schema cache\"}")
❌ Supabase error (404): {"code":"PGRST205","details":null,"hint":"Perhaps you meant the table 'public.users'","message":"Could not find the table 'public.user_blocks' in the schema cache"}
⚠️ Failed to load blocked users: httpError(404, "{\"code\":\"PGRST205\",\"details\":null,\"hint\":\"Perhaps you meant the table \'public.users\'\",\"message\":\"Could not find the table \'public.user_blocks\' in the schema cache\"}")
🔌 SocialService: Connecting to global presence...
🔌 Connecting to Supabase Realtime: wss://nhvsojszwfvcinkyvzmf.supabase.co/realtime/v1/websocket
✅ Connected to Supabase Realtime
✅ SocialService: Presence connected
📡 Joined channel: realtime:global-presence
✅ SocialService: Connected to global presence
🔌 SocialService: Connecting to DM channel...
🔌 Connecting to Supabase Realtime: wss://nhvsojszwfvcinkyvzmf.supabase.co/realtime/v1/websocket
✅ Connected to Supabase Realtime
✅ SocialService: DM channel connected
📨 Received: {"ref":"817352DD-98EA-47AF-932D-C7219AAAAD2C","event":"phx_reply","payload":{"status":"ok","response":{"postgres_changes":[]}},"topic":"realtime:global-presence"}
📨 Received: {"ref":null,"event":"presence_state","payload":{},"topic":"realtime:global-presence"}
📨 Received: {"ref":"1","event":"phx_reply","payload":{"status":"ok","response":{}},"topic":"realtime:global-presence"}
📨 Received: {"ref":null,"event":"presence_diff","payload":{"joins":{"571e3f82-e9ba-11f0-b1f2-0a58a9feac02":{"metas":[{"phx_ref":"GIemumlgn7iB510K","last_seen":"2026-01-04T22:11:38.203Z","status":"online","user_id":"656DAA91-33B4-4688-9135-C982EA52D7C9","username":"ursinho"}]}},"leaves":{}},"topic":"realtime:global-presence"}
📈 SocialService: User 656daa91-33b4-4688-9135-c982ea52d7c9 came online
📡 Joined channel: realtime:direct_messages
✅ SocialService: Connected to DM channel
📨 Received: {"ref":"7CF2A811-CB5D-47D5-B4AF-54AD739806D6","event":"phx_reply","payload":{"status":"ok","response":{"postgres_changes":[{"id":44215242,"event":"INSERT","filter":"receiver_id=eq.656daa91-33b4-4688-9135-c982ea52d7c9","schema":"public","table":"direct_messages"},{"id":13418599,"event":"INSERT","filter":"sender_id=eq.656daa91-33b4-4688-9135-c982ea52d7c9","schema":"public","table":"direct_messages"}]}},"topic":"realtime:direct_messages"}
📨 Received: {"ref":null,"event":"system","payload":{"message":"Subscribed to PostgreSQL","status":"ok","extension":"postgres_changes","channel":"direct_messages"},"topic":"realtime:direct_messages"}
📨 Received: {"ref":null,"event":"presence_state","payload":{},"topic":"realtime:direct_messages"}
📬 SocialService: Fetched 0 unread messages
🔄 SocialService: Syncing 1 items to cloud...
🔄 SocialService: Syncing 1 items to cloud (serial)...
💰 LicenseManager: Checking for background crypto payments...
[2026-01-04T22:11:40Z] [INFO] [EventsView.swift:253] 🎟️ Joining event: Smile (Live: true)
   Event start time: 2026-01-04 21:44:55 +0000
   Event duration: 7500.0s
   Current time: 2026-01-04 22:11:40 +0000
   Is Live: true
   Is In Lobby: false
✅ Event room already exists: event_tt15474916
⚠️ Room exists but has no stream_hash - repairing...
[2026-01-04T22:11:40Z] [INFO] [StreamService.swift:47] 🎬 StreamService: Starting resolution for: Smile
[ INFO ] GET /api/metadata/meta/movie/tt15474916 [request-id: D2C43C96-380F-4C13-AEB1-9B5648FF9AB5]
2026-01-04 17:11:40.494 RedLemon[15900:142846] 📦 Decoded CinemetaMeta - videos count: -1
2026-01-04 17:11:40.494 RedLemon[15900:142846] ✅ StreamService: Metadata loaded: Smile
2026-01-04 17:11:40.494 RedLemon[15900:142846] ⚡️ StreamService: Resolving streams via StreamResolver (Bypassing HTTP)...
2026-01-04 17:11:40.495 RedLemon[15900:142846] ⚡️ StreamResolver: Resolving streams for tt15474916 (S0E0)
2026-01-04 17:11:40.495 RedLemon[15900:142846]    📅 Filtering by year: 2022
2026-01-04 17:11:40.554 RedLemon[15900:142862] 📦 StreamResolver: Fetching streams from ProviderManager...
2026-01-04 17:11:40.554 RedLemon[15900:142862] 🔍 ProviderManager: Fetching streams for tt15474916...
2026-01-04 17:11:40.556 RedLemon[15900:142842] ✨ Torrentio: Using Auto-Generated Config (realdebrid/KEY)
2026-01-04 17:11:40.557 RedLemon[15900:142842] 🎬 Torrentio: Building URL for movie (no season/episode)
2026-01-04 17:11:40.557 RedLemon[15900:142842] 🔗 Torrentio URL: https://torrentio.strem.fun/realdebrid/K67JV2V4FTUA7RYN6T34BFIUBRUZERBO45A6UL3O7TE5ZHFDQQSA/stream/movie/tt15474916.json
2026-01-04 17:11:40.557 RedLemon[15900:142846] 🎬 DebridSearch: Building URL for movie (no season/episode)
2026-01-04 17:11:40.557 RedLemon[15900:142842] 🔍 Torrentio: Fetching https://torrentio.strem.fun/realdebrid/K67JV2V4FTUA7RYN6T34BFIUBRUZERBO45A6UL3O7TE5ZHFDQQSA/stream/movie/tt15474916.json
2026-01-04 17:11:40.557 RedLemon[15900:142846] 🔗 DebridSearch URL: https://68d69db7dc40-debrid-search.baby-beamup.club/7                     0ebridProvider23A2ealDebrid2                     0ebridApiKey23A222      0/stream/movie/tt15474916.json
2026-01-04 17:11:40.557 RedLemon[15900:142846] 🔍 DebridSearch: Fetching https://68d69db7dc40-debrid-search.baby-beamup.club/7                     0ebridProvider23A2ealDebrid2                     0ebridApiKey23A267JV2V4FTUA7RYN6T34BFIUBRUZERBO45A6UL3O7TE5ZHFDQQSA27D/stream/movie/tt15474916.json
2026-01-04 17:11:40.567 RedLemon[15900:142862] 🔍 Zilean: Searching for "Smile"
2026-01-04 17:11:40.571 RedLemon[15900:142843] ❌ Provider zilean failed: httpError(statusCode: 404)
2026-01-04 17:11:40.648 RedLemon[15900:142846] ❌ Provider torrentio failed: httpError(statusCode: 404)
2026-01-04 17:11:41.293 RedLemon[15900:142778] 🔍 Performing startup checks...
2026-01-04 17:11:41.294 RedLemon[15900:142778] ✅ Username-based authentication ready
2026-01-04 17:11:42.627 RedLemon[15900:142778] 🔄 Checking for app updates...
2026-01-04 17:11:48.611 RedLemon[15900:142846] ❌ Provider debridsearch failed: Error Domain=NSURLErrorDomain Code=-1001 "The request timed out." UserInfo={_kCFStreamErrorCodeKey=-2102, NSUnderlyingError=0x7f98067e5b60 {Error Domain=kCFErrorDomainCFNetwork Code=-1001 "(null)" UserInfo={_kCFStreamErrorCodeKey=-2102, _kCFStreamErrorDomainKey=4}}, _NSURLErrorFailingURLSessionTaskErrorKey=LocalDataTask <BAEF362F-5AC5-4494-B139-7B8637EFDA8A>.<8>, _NSURLErrorRelatedURLSessionTaskErrorKey=(
    "LocalDataTask <BAEF362F-5AC5-4494-B139-7B8637EFDA8A>.<8>"
), NSLocalizedDescription=The request timed out., NSErrorFailingURLStringKey=https://68d69db7dc40-debrid-search.baby-beamup.club/7                     0ebridProvider23A2ealDebrid2                     0ebridApiKey23A267JV2V4FTUA7RYN6T34BFIUBRUZERBO45A6UL3O7TE5ZHFDQQSA27D/stream/movie/tt15474916.json, NSErrorFailingURLKey=https://68d69db7dc40-debrid-search.baby-beamup.club/7                     0ebridProvider23A2ealDebrid2                     0ebridApiKey23A267JV2V4FTUA7RYN6T34BFIUBRUZERBO45A6UL3O7TE5ZHFDQQSA27D/stream/movie/tt15474916.json, _kCFStreamErrorDomainKey=4}
2026-01-04 17:11:48.612 RedLemon[15900:142862] ✅ ProviderManager: Fetched 43 raw, returning 43 unique streams
2026-01-04 17:11:48.612 RedLemon[15900:142862] 📦 StreamResolver: Received 43 raw streams, bucketing...
2026-01-04 17:11:48.939 RedLemon[15900:142846] 📥 StreamService: Pre-downloading 5 (capped from 10) subtitles for direct stream...
2026-01-04 17:11:48.939 RedLemon[15900:142846] 🐛 StreamService: downloadSubtitlesInParallel called. Season: nil, Episode: nil, Count: 5
2026-01-04 17:11:48.939 RedLemon[15900:142845] 🔍 DEBUG: Processing subtitle URL: /subtitle/2959368-2953549.zip
2026-01-04 17:11:48.939 RedLemon[15900:142900] 🔍 DEBUG: Processing subtitle URL: /subtitle/2956404-2950550.zip
2026-01-04 17:11:48.939 RedLemon[15900:142842] 🔍 DEBUG: Processing subtitle URL: /subtitle/2957111-2951281.zip
2026-01-04 17:11:48.939 RedLemon[15900:142845] ✅ DEBUG: Raw SubDL URL detected, converting to proxy URL
2026-01-04 17:11:48.939 RedLemon[15900:142842] ✅ DEBUG: Raw SubDL URL detected, converting to proxy URL
2026-01-04 17:11:48.939 RedLemon[15900:142900] ✅ DEBUG: Raw SubDL URL detected, converting to proxy URL
2026-01-04 17:11:48.940 RedLemon[15900:142842] 🐛 StreamService: Constructed Proxy URL: http://127.0.0.1:47253/subtitles/subdl/L3N1YnRpdGxlLzI5NTcxMTEtMjk1MTI4MS56aXA=?token=1994C336-F5E5-4F4A-93E9-158027D690C1
2026-01-04 17:11:48.940 RedLemon[15900:142900] 🐛 StreamService: Constructed Proxy URL: http://127.0.0.1:47253/subtitles/subdl/L3N1YnRpdGxlLzI5NTY0MDQtMjk1MDU1MC56aXA=?token=1994C336-F5E5-4F4A-93E9-158027D690C1
2026-01-04 17:11:48.940 RedLemon[15900:142845] 🐛 StreamService: Constructed Proxy URL: http://127.0.0.1:47253/subtitles/subdl/L3N1YnRpdGxlLzI5NTkzNjgtMjk1MzU0OS56aXA=?token=1994C336-F5E5-4F4A-93E9-158027D690C1
2026-01-04 17:11:48.940 RedLemon[15900:142842] 🔍 DEBUG: Processing subtitle URL: /subtitle/2985178-2979807.zip
2026-01-04 17:11:48.940 RedLemon[15900:142900] 🔍 DEBUG: Processing subtitle URL: /subtitle/2955883-2950000.zip
2026-01-04 17:11:48.940 RedLemon[15900:142842] ✅ DEBUG: Raw SubDL URL detected, converting to proxy URL
2026-01-04 17:11:48.940 RedLemon[15900:142900] ✅ DEBUG: Raw SubDL URL detected, converting to proxy URL
2026-01-04 17:11:48.940 RedLemon[15900:142842] 🐛 StreamService: Constructed Proxy URL: http://127.0.0.1:47253/subtitles/subdl/L3N1YnRpdGxlLzI5ODUxNzgtMjk3OTgwNy56aXA=?token=1994C336-F5E5-4F4A-93E9-158027D690C1
2026-01-04 17:11:48.940 RedLemon[15900:142900] 🐛 StreamService: Constructed Proxy URL: http://127.0.0.1:47253/subtitles/subdl/L3N1YnRpdGxlLzI5NTU4ODMtMjk1MDAwMC56aXA=?token=1994C336-F5E5-4F4A-93E9-158027D690C1
2026-01-04 17:11:49.022 RedLemon[15900:142842] ✅ Persisted stream selection to room event_tt15474916
2026-01-04 17:11:49.091 RedLemon[15900:142842] ⚠️ SupabaseClient: User already in room (409), proceeding...
2026-01-04 17:11:49.249 RedLemon[15900:142778] 🖼️ Loading background art: https://images.metahub.space/background/medium/tt15474916/img
2026-01-04 17:11:49.249 RedLemon[15900:142778] ⏳ Background art loading...
2026-01-04 17:11:49.250 RedLemon[15900:142778] 🎨 Loading logo: https://images.metahub.space/logo/medium/tt15474916/img
2026-01-04 17:11:49.250 RedLemon[15900:142778] ⏳ Logo loading...
2026-01-04 17:11:49.284 RedLemon[15900:142778] ✅ Background art loaded successfully
2026-01-04 17:11:49.286 RedLemon[15900:142778]    Quality: 1080p
2026-01-04 17:11:49.286 RedLemon[15900:142778]    Mode: watchParty
2026-01-04 17:11:49.286 RedLemon[15900:142778] 📡 Fetching metadata for tt15474916...
2026-01-04 17:11:49.340 RedLemon[15900:142778] ✅ Logo loaded successfully
2026-01-04 17:11:49.387 RedLemon[15900:142778] 🎬 GUEST: Using host's stream selection (skipping resolution)
💾 Cache SET: Metadata[meta_movie_tt15474916]
🎬 StreamService: Resolving movie - trusted pack filtering will be applied server-side
✅ MetadataService initialized
🔍 MediaFusion: Fetching https://mediafusion.elfhosted.com/stream/movie/tt15474916.json
📡 Fetching metadata from Cinemeta: https://v3-cinemeta.strem.io/meta/movie/tt15474916.json
🔍 Comet: Fetching https://comet.elfhosted.com/eyJkZWJyaWRTZXJ2aWNlIjoicmVhbGRlYnJpZCIsInJlbW92ZVRyYXNoIjp0cnVlLCJkZWJy...
✅ Metadata fetched from Cinemeta for tt15474916: Smile (2022)
⚠️ MediaFusion: HTTP 418
✅ Comet: Got 43 streams
🔍 Comet: Parsing 43 streams...
✅ Comet: Parsed 43 valid streams
💰 Check Payment Response: {"success":false,"message":"No new payments detected","debug":{"checked_count":1,"assets_found":[{"chain":"base","currency":"ETH","amount":66191878437,"amountFloat":6.6191878437e-8}],"prices":{"btc":91295,"eth":3147.025},"logs":[],"rpc_logs":["Scanning evm address: 0xde969b58087D2B2C4C79C2234dE8A9E2A503E1FD","arb eth_getBalance: 0x0","base eth_getBalance: 0xf6957e925","opt eth_getBalance: undefined","eth eth_getBalance: undefined","poly eth_getBalance: undefined"]}}
🚫 Subscription revoked or inactive.
💰 LicenseManager: Checking for background crypto payments...
💰 Check Payment Response: {"success":false,"message":"No new payments detected","debug":{"checked_count":1,"assets_found":[{"chain":"base","currency":"ETH","amount":66191878437,"amountFloat":6.6191878437e-8}],"prices":{"btc":91295,"eth":3147.025},"logs":[],"rpc_logs":["Scanning evm address: 0xde969b58087D2B2C4C79C2234dE8A9E2A503E1FD","base eth_getBalance: 0xf6957e925","arb eth_getBalance: 0x0","opt eth_getBalance: undefined","eth eth_getBalance: undefined","poly eth_getBalance: undefined"]}}
🚫 Subscription revoked or inactive.
🔍 Manual update check requested...
⏰ TimeService: Synchronizing clock with server...
✅ TimeService: Synced! Offset: 0.103s (RTT: 66ms)
   Local:  2026-01-04 22:11:42 +0000
   Server: 2026-01-04 22:11:42 +0000
⏰ Time synced with server! AppState should automatically recalculate.
✅ Metadata cache hit for tt15474916: Smile
🎯 Target title for matching: Smile
   📅 Year filter (2022): 43 → 0 streams
   ⚠️ Year filter too strict! Restoring 43 streams to attempt title matching.
✅ SubDLClient initialized
🔍 Searching SubDL: tt15474916 (movie)
   ℹ️ Fallback Name: Smile (2022)
✅ Found 10 subtitles from SubDL (Final)
✅ StreamResolver: Attached best sub for '[RD⚡] Comet 2160p...': Smile20222160pUHDBluRayREMUXDV...
✅ StreamResolver: Attached best sub for '[RD⚡] Comet 2160p...': Smile20222160pUHDBluRayREMUXDV...
✅ StreamResolver: Attached best sub for '[RD⚡] Comet 2160p...': Smile20222160pUHDBluRayREMUXDV...
✅ StreamResolver: Attached best sub for '[RD⚡] Comet 2160p...': Smile20222160pUHDBluRayREMUXDV...
✅ StreamResolver: Attached best sub for '[RD⚡] Comet 2160p...': Smile20222160pUHDBluRayREMUXDV...
✅ StreamResolver: Attached best sub for '[RD⚡] Comet 2160p...': Smile20222160pUHDBluRayREMUXDV...
✅ StreamResolver: Attached best sub for '[RD⚡] Comet 2160p...': Smile20222160pUHDBluRayREMUXDV...
✅ StreamResolver: Attached best sub for '[RD⚡] Comet 2160p...': Smile20222160pUHDBluRayREMUXDV...
✅ StreamResolver: Attached best sub for '[RD⚡] Comet 2160p...': Smile20222160pUHDBluRayREMUXDV...
✅ StreamResolver: Attached best sub for '[RD⚡] Comet 2160p...': Smile20222160pUHDBluRayREMUXDV...
✅ StreamResolver: Attached best sub for '[RD⚡] Comet 2160p...': Smile20222160pUHDBluRayREMUXDV...
✅ StreamResolver: Attached best sub for '[RD⚡] Comet 2160p...': Smile20222160pUHDBluRayREMUXDV...
✅ StreamResolver: Attached best sub for '[RD⚡] Comet 2160p...': Smile20222160pUHDBluRayREMUXDV...
✅ StreamResolver: Attached best sub for '[RD⚡] Comet 2160p...': Smile20222160pUHDBluRayREMUXDV...
✅ StreamResolver: Attached best sub for '[RD⚡] Comet 2160p...': Smile20222160pUHDBluRayREMUXDV...
✅ StreamResolver: Attached best sub for '[RD⚡] Comet 2160p...': Smile20222160pUHDBluRayREMUXDV...
✅ StreamResolver: Attached best sub for '[RD⚡] Comet 2160p...': Smile20222160pUHDBluRayREMUXDV...
✅ StreamResolver: Attached best sub for '[RD⚡] Comet 2160p...': Smile20222160pUHDBluRayREMUXDV...
✅ StreamResolver: Attached best sub for '[RD⚡] Comet 2160p...': Smile20222160pUHDBluRayREMUXDV...
✅ StreamResolver: Attached best sub for '[RD⚡] Comet 2160p...': Smile20222160pUHDBluRayREMUXDV...
✅ StreamResolver: Attached best sub for '[RD⚡] Comet 2160p...': Smile20222160pUHDBluRayREMUXDV...
✅ StreamResolver: Attached best sub for '[RD⚡] Comet 2160p...': Smile20222160pUHDBluRayREMUXDV...
✅ StreamResolver: Attached best sub for '[RD⚡] Comet 2160p...': Smile20222160pUHDBluRayREMUXDV...
✅ StreamResolver: Attached best sub for '[RD⚡] Comet 2160p...': Smile20222160pUHDBluRayREMUXDV...
✅ StreamResolver: Attached best sub for '[RD⚡] Comet 1080p...': Smile(2022)(1080pBluRayx26510b...
✅ StreamResolver: Attached best sub for '[RD⚡] Comet 1080p...': Smile(2022)(1080pBluRayx26510b...
✅ StreamResolver: Attached best sub for '[RD⚡] Comet 1080p...': Smile(2022)(1080pBluRayx26510b...
✅ StreamResolver: Attached best sub for '[RD⚡] Comet 1080p...': Smile(2022)(1080pBluRayx26510b...
✅ StreamResolver: Attached best sub for '[RD⚡] Comet 1080p...': Smile(2022)(1080pBluRayx26510b...
✅ StreamResolver: Attached best sub for '[RD⚡] Comet 1080p...': Smile(2022)(1080pBluRayx26510b...
✅ StreamResolver: Attached best sub for '[RD⚡] Comet 1080p...': Smile(2022)(1080pBluRayx26510b...
✅ StreamResolver: Attached best sub for '[RD⚡] Comet 1080p...': Smile(2022)(1080pBluRayx26510b...
✅ StreamResolver: Attached best sub for '[RD⚡] Comet 1080p...': Smile(2022)(1080pBluRayx26510b...
✅ StreamResolver: Attached best sub for '[RD⚡] Comet 1080p...': Smile(2022)(1080pBluRayx26510b...
✅ StreamResolver: Attached best sub for '[RD⚡] Comet 1080p...': Smile(2022)(1080pBluRayx26510b...
✅ StreamResolver: Attached best sub for '[RD⚡] Comet 1080p...': Smile(2022)(1080pBluRayx26510b...
✅ StreamResolver: Attached best sub for '[RD⚡] Comet 1080p...': Smile(2022)(1080pBluRayx26510b...
✅ StreamResolver: Attached best sub for '[RD⚡] Comet 1080p...': Smile(2022)(1080pBluRayx26510b...
✅ StreamResolver: Attached best sub for '[RD⚡] Comet 1080p...': Smile(2022)(1080pBluRayx26510b...
✅ StreamResolver: Attached best sub for '[RD⚡] Comet 1080p...': Smile(2022)(1080pBluRayx26510b...
✅ StreamResolver: Attached best sub for '[RD⚡] Comet 1080p...': Smile(2022)(1080pBluRayx26510b...
✅ StreamResolver: Attached best sub for '[RD⚡] Comet 1080p...': Smile(2022)(1080pBluRayx26510b...
✅ StreamResolver: Attached best sub for '[RD⚡] Comet 1080p...': Smile(2022)(1080pBluRayx26510b...
   --- Processing Bucket: 2160p (Input: 24) ---
   ✅ Bucket 2160p Final Count: 24
   --- Processing Bucket: 1080p (Input: 19) ---
   ✅ Bucket 1080p Final Count: 19
   --- Processing Bucket: 720p (Input: 0) ---
   ✅ Bucket 720p Final Count: 0
   --- Processing Bucket: 480p (Input: 0) ---
   ✅ Bucket 480p Final Count: 0
📦 2160p Primary: [RD⚡] Comet 2160p
📦 1080p Primary: [RD⚡] Comet 1080p
✅ StreamResolver: Quality buckets ready
   🚫 StreamService: Skipping 720p backup streams (Event Mode - Strict 1080p)
   🚫 StreamService: Skipping 480p backup streams (Event Mode - Strict 1080p)
[2026-01-04T22:11:48Z] [INFO] [StreamService.swift:208] 📦 StreamService: Found 11 total streams to try (across all qualities)
✅ StreamService: Found 11 H.264 streams (Tier 1)
🚫 StreamService: Applying Extended Cut Filter (Event Mode)
✅ StreamService: Found 11 'Clean' English streams. Deprioritizing 0 localized/dual streams.
⚠️ StreamService: Skipping large file (1080p limit): [RD⚡] Comet 1080p (27.80 GB)
⚠️ StreamService: Skipping large file (1080p limit): [RD⚡] Comet 1080p (33.80 GB)
⚠️ StreamService: Skipping large file (1080p limit): [RD⚡] Comet 1080p (29.10 GB)
📦 StreamService: 8 streams remain after size filter
🔄 StreamService: Trying stream 1/8: [RD⚡] Comet 1080p
⚡️ StreamService: Stream is already a direct URL. Skipping backend unlock.
✅ StreamService: Selected stream: [RD⚡] Comet 1080p
📊 Stream Size: 1.80 GB
📦 StreamService: Returning 7 candidate streams for fallback
✅ Room repaired with stream_hash: nil
❌ Supabase error (409): {"code":"23505","details":null,"hint":null,"message":"duplicate key value violates unique constraint \"room_participants_pkey\""}
🎬 Live event - calculating position: 1614.255933880806 seconds
   Event start time: 2026-01-04 21:44:55 +0000
   Current time: 2026-01-04 22:11:49 +0000
   Room createdAt: 2026-01-04 21:44:55 +0000
   Room state: playing
   Setting resumeFromTimestamp to: 1614.255933880806
🎬 Live event - starting playback immediately (no lobby)
🎬 PlayerVM: Starting playback for: Smile
✅ Cache HIT: Metadata[meta_movie_tt15474916]


✅ [SYNC VERIFICATION] LOCKING TO SHARED STREAM (SYSTEM/HOST) 🔒
[ INFO ] GET /subtitles/search [request-id: FECD1542-2564-45D0-9AA6-61340150A1A8]
2026-01-04 17:11:49.576 RedLemon[15900:142778] ✅ GUEST: Found 10 subtitles
2026-01-04 17:11:49.602 RedLemon[15900:142778] 🎬🎬🎬 MPVPlayerView INIT called - streamURL: https://comet.elfhosted.com/eyJkZWJyaWRTZXJ2aWNlIjoicmVhbGRl, subtitles: 10
2026-01-04 17:11:49.667 RedLemon[15900:142778] ✅ Stream ready, starting playback...
2026-01-04 17:11:49.667 RedLemon[15900:142778] 🖥️ WindowManager: enterFullscreen() called
2026-01-04 17:11:49.667 RedLemon[15900:142778]    Window: <SwiftUI.SwiftUIWindow: 0x7f98061c8600>
2026-01-04 17:11:49.668 RedLemon[15900:142778]    Is fullscreen: 0
2026-01-04 17:11:49.668 RedLemon[15900:142778]    ✅ WindowManager: Toggling fullscreen ON
2026-01-04 17:11:49.762 RedLemon[15900:142778] 🖼️ Setting up MPV with native macOS video output...
2026-01-04 17:11:49.769 RedLemon[15900:142778] ✅ MPV initialized with native GPU rendering
2026-01-04 17:11:49.798 RedLemon[15900:142778] 🎬🎬🎬 MPVPlayerView .task starting
2026-01-04 17:11:49.798 RedLemon[15900:142778] 🎉 Starting watch party sync - Room: event_tt15474916, Host: NO
2026-01-04 17:11:49.799 RedLemon[15900:142778] 🎉 Watch Party Mode ENABLED. isInWatchParty = YES
2026-01-04 17:11:50.228 RedLemon[15900:142778] 🔄 Starting chat polling for room: event_tt15474916
2026-01-04 17:11:50.228 RedLemon[15900:142778] ✅ Watch party sync started successfully - isInWatchParty is now TRUE
2026-01-04 17:11:50.228 RedLemon[15900:142778] 🎬🎬🎬 About to call loadStream - isInWatchParty: YES
2026-01-04 17:11:50.228 RedLemon[15900:142778] 🎬🎬🎬 Subtitles: 10
2026-01-04 17:11:50.228 RedLemon[15900:142778] 🎬🎬🎬 LOADSTREAM CALLED - streamTitle: Smile
2026-01-04 17:11:50.228 RedLemon[15900:142778] 🎬🎬🎬 streamURL: https://comet.elfhosted.com/eyJkZWJyaWRTZXJ2aWNlIjoicmVhbGRl
2026-01-04 17:11:50.228 RedLemon[15900:142778] 🎬🎬🎬 subtitles: 10
2026-01-04 17:11:50.229 RedLemon[15900:142778] 🎬🎬🎬 MPVPlayerView .task completed
2026-01-04 17:11:50.233 RedLemon[15900:142900] ℹ️ SubDL subtitles detected - downloading to local files in background...
2026-01-04 17:11:50.233 RedLemon[15900:142900] 🔍 SubtitleService: Downloading http://127.0.0.1:47253/subtitles/subdl/L3N1YnRpdGxlLzI5NTkzNjgtMjk1MzU0OS56aXA=?token=1994C336-F5E5-4F4A-93E9-158027D690C1
2026-01-04 17:11:50.233 RedLemon[15900:142845] 🎬 MPV: Current video filename set to: Smile (2022) [1080P][Castellano][VerPeliculasOnline.org].mp4
2026-01-04 17:11:50.233 RedLemon[15900:142845] 🎬 MPV loadVideo called with URL: https://comet.elfhosted.com/eyJkZWJyaWRTZXJ2aWNlIjoicmVhbGRlYnJpZCIsInJlbW92ZVRyYXNoIjp0cnVlLCJkZWJy, autoplay: true, expectedSubs: 3
2026-01-04 17:11:50.233 RedLemon[15900:142845] 🎬 MPV executing: loadfile "https://comet.elfhosted.com/eyJkZWJyaWRTZXJ2aWNlIjoicmVhbGRlYnJpZCIsInJlbW92ZVRyYXNoIjp0cnVlLCJkZWJyaWRBcGlLZXkiOiJLNjdKVjJWNEZUVUE3UllONlQzNEJGSVVCUlVaRVJCTzQ1QTZVTDNPN1RFNVpIRkRRUVNBIiwibGFuZ3VhZ2VzIjp7ImV4Y2x1ZGUiOltdLCJwcmVmZXJyZWQiOlsiZW4iXX0sIm9wdGlvbnMiOnsicmVtb3ZlX3Vua25vd25fbGFuZ3VhZ2VzIjpmYWxzZSwiYWxsb3dfZW5nbGlzaF9pbl9sYW5ndWFnZXMiOmZhbHNlLCJyZW1vdmVfcmFua3NfdW5kZXIiOi0xMDAwMDAwMDAwMH0sImNhY2hlZE9ubHkiOnRydWUsInJlc29sdXRpb25zIjp7fSwiZGVicmlkU3RyZWFtUHJveHlQYXNzd29yZCI6IiIsIm1heFJlc3VsdHNQZXJSZXNvbHV0aW9uIjowLCJyZXN1bHRGb3JtYXQiOlsiYWxsIl0sIm1heFNpemUiOjB9/playback/78f34fb2289d3cafa7c6000dec55216ec3601659/0/n/n/Smile%20%282022%29%20%5B1080P%5D%5BCastellano%5D%5BVerPeliculasOnline.org%5D.mp4?name=Smile"
2026-01-04 17:11:50.234 RedLemon[15900:142845] ✅ MPV loadfile succeeded (Started Paused, waiting for Smart Load)
🔍 Searching SubDL: tt15474916 (movie)
   ℹ️ Fallback Name: Smile (2022)
✅ Found 10 subtitles from SubDL (Final)
🎬 RedLemon: Creating MPVPlayerView
   Stream URL: https://comet.elfhosted.com/eyJkZWJyaWRTZXJ2aWNlIjoicmVhbGRl
   Display Title: Smile
   Subtitle URLs: 10
      [0] Smile(2022)(1080pBluRayx26510bitTigole)
      [1] Smile.2022.1080p.BluRay.H264.AAC-RARBG
      [2] Smile2022BluRay1080pAVCTrueHDAtmos7.1-dOwn
      [3] Smile20222160pUHDBluRayREMUXDVHDRHEVCAtmos-TRiToN
      [4] Smile.2022.720p.AMZN.WEBRip.800MB.x264-GalaxyRG
      [5] Smile.2022.WEBRip-HBOGO/CP
      [6] Smile.2022.WEBRip.iTunes
      [7] Smile.2022.WEBRip.Amazon
      [8] Smile(2022)[BluRay01h55m38s]
      [9] Smile.2022.1080p.WEBRip.x264-RARBG_NON_HI
🎬 MPVWrapper: Creating embedded MPV with render context...
✅ MPV handle created
🎬 MPVLayerHostView initialized
🎬 Event playback detected - starting auto-exit monitor
🎬 Created CGL pixel format (Core Profile 3.2)
🎬 Created CGL context with vsync enabled
🎬 MPVViewLayer initialized with async rendering
🎬 Video layer assigned to host view
🎬 Creating MPV render context with OpenGL (IINA method)...
🎬 MPV: Frame ready! Calling layer.update() (throttled)
🎬 Layer.update() called - forceDraw:false needsFlip:true (throttled)
✅ Render context created successfully (IINA method)
🎬 CVDisplayLink started
🎉 Starting watch party: roomId=event_tt15474916, isHost=false
🎬 DisplayLink: reportSwap() (throttled)
🔌 Setting up Realtime channel: watch-party:event_tt15474916
   Role: Guest
   User ID: 656DAA91-33B4-4688-9135-C982EA52D7C9
📡 Connection state: connecting
📡 Joined channel: realtime:watch-party:event_tt15474916
📡 Connection state: connected
✅ Realtime channel setup complete
✅ Watch party sync initialized with Realtime
🎬 Loading stream: Smile
   IMDB: tt15474916
   URL: https://comet.elfhosted.com/eyJkZWJyaWRTZXJ2aWNlIjoicmVhbGRl...
   Source: Unknown
💬 Added mock chat messages for testing
🎉 EVENT MODE: Autoplaying immediately (ignoring watch party gates)
⏯️ MPV: Pause state changed to false -> isPlaying = true
⚡️ PlaybackService: creating sleep assertion (preventing idle sleep)
📝 Pre-loading external subtitles (Top 3)...
📡 Fetching metadata for tt15474916 as movie...
✅ Cache HIT: Metadata[meta_movie_tt15474916]
⚡️ PlaybackService: releasing sleep assertion
[ INFO ] GET /subtitles/subdl/L3N1YnRpdGxlLzI5NTkzNjgtMjk1MzU0OS56aXA= [request-id: 1468C1D4-C152-43A2-B4C1-A688951FCBC3]
2026-01-04 17:11:50.721 RedLemon[15900:142778] 👥 MPVPlayer: Updated participants list via polling: 2
2026-01-04 17:11:50.759 RedLemon[15900:142846] ✅ Subtitle 1 downloaded to: /var/folders/3v/s3d75ntd4v90_pg0mb6rmlz40000gn/T/sub_0DF038DF-EBE9-4054-8F98-1C84542B3389.vtt
2026-01-04 17:11:50.759 RedLemon[15900:142846] 📝 Loading subtitle from: /var/folders/3v/s3d75ntd4v90_pg0mb6rmlz40000gn/T/sub_0DF038DF-EBE9-4054-8F98-1C8
2026-01-04 17:11:50.788 RedLemon[15900:142846] ✅ External subtitle added to track list (not auto-selected)
2026-01-04 17:11:50.788 RedLemon[15900:142846] 🔍 SubtitleService: Downloading http://127.0.0.1:47253/subtitles/subdl/L3N1YnRpdGxlLzI5NTcxMTEtMjk1MTI4MS56aXA=?token=1994C336-F5E5-4F4A-93E9-158027D690C1
📨 Received: {"ref":"7C7EF6E8-75FB-494E-8719-C34B8269D3C3","event":"phx_reply","payload":{"status":"ok","response":{"postgres_changes":[]}},"topic":"realtime:watch-party:event_tt15474916"}
📨 Received: {"ref":"2","event":"phx_reply","payload":{"status":"ok","response":{}},"topic":"realtime:global-presence"}
📨 Received: {"ref":null,"event":"presence_state","payload":{},"topic":"realtime:watch-party:event_tt15474916"}
📨 Received: {"ref":null,"event":"presence_diff","payload":{"joins":{"571e3f82-e9ba-11f0-b1f2-0a58a9feac02":{"metas":[{"phx_ref":"GIemvTXlF3OB54dI","phx_ref_prev":"GIemumlgn7iB510K","last_seen":"2026-01-04T22:11:50.232Z","room_id":"event_tt15474916","started_at":"2026-01-04T22:11:50.232Z","status":"online","user_id":"656daa91-33b4-4688-9135-c982ea52d7c9","username":"ursinho","watching_id":"tt15474916","watching_title":"Smile","watching_type":"movie"}]}},"leaves":{"571e3f82-e9ba-11f0-b1f2-0a58a9feac02":{"metas":[{"phx_ref":"GIemumlgn7iB510K","last_seen":"2026-01-04T22:11:38.203Z","status":"online","user_id":"656DAA91-33B4-4688-9135-C982EA52D7C9","username":"ursinho"}]}}},"topic":"realtime:global-presence"}
📨 Received: {"ref":"1","event":"phx_reply","payload":{"status":"ok","response":{}},"topic":"realtime:watch-party:event_tt15474916"}
📄 Subtitle request: L3N1YnRpdGxlLzI5NTkz... (offset: 0ms)
📥 Downloading subtitle from SubDL CDN: /subtitle/2959368-2953549.zip
📨 Received: {"ref":null,"event":"presence_diff","payload":{"joins":{"5e484eba-e9ba-11f0-96f5-0a58a9feac02":{"metas":[{"phx_ref":"GIemvTXJQ3zfN1wI","is_host":false,"joined_at":1767564710.223432,"user_id":"656DAA91-33B4-4688-9135-C982EA52D7C9","username":"ursinho"}]}},"leaves":{}},"topic":"realtime:watch-party:event_tt15474916"}
👁️ ChatOverlayView appeared - UI UPDATE ROUND 6
⌨️ ChatOverlayView: Triggering input focus (showChat=true)
✅ Got background: https://images.metahub.space/background/medium/tt15474916/im...
✅ Got poster URL: https://images.metahub.space/poster/small/tt15474916/img...
✅ Got logo: https://images.metahub.space/logo/medium/tt15474916/img...
📡 SocialService: Updated status - online: Smile
➕ Added new participant 656daa91-33b4-4688-9135-c982ea52d7c9 (Ref: GIemvTXJQ3zfN1wI)
⏰ AppState: Next schedule update set for Event End: 2026-01-04 23:49:55 +0000
⏰ AppState: Scheduling update in 5885 seconds
⏳ MPVPlayerViewModel: Enhancing UI - Buffering started (show spinner)
✅ Download complete: 29259 bytes
📦 Detected ZIP archive, extracting...
⚠️ No specific episode match found, using first file: Smile (2022) (1080p BluRay x265 10bit Tigole).srt
📦 Extracting specific file: Smile (2022) (1080p BluRay x265 10bit Tigole).srt
✅ Extraction successful
✅ Subtitle downloaded and converted to VTT
[ INFO ] GET /subtitles/subdl/L3N1YnRpdGxlLzI5NTcxMTEtMjk1MTI4MS56aXA= [request-id: B4BB8666-66C4-4E6B-AD48-39675701E7ED]
2026-01-04 17:11:51.166 RedLemon[15900:142845] ✅ Subtitle 2 downloaded to: /var/folders/3v/s3d75ntd4v90_pg0mb6rmlz40000gn/T/sub_28C599DF-14F6-49CD-8129-859BA8DCB365.vtt
2026-01-04 17:11:51.167 RedLemon[15900:142845] 📝 Loading subtitle from: /var/folders/3v/s3d75ntd4v90_pg0mb6rmlz40000gn/T/sub_28C599DF-14F6-49CD-8129-859
2026-01-04 17:11:51.175 RedLemon[15900:142845] ✅ External subtitle added to track list (not auto-selected)
2026-01-04 17:11:51.175 RedLemon[15900:142845] 🔍 SubtitleService: Downloading http://127.0.0.1:47253/subtitles/subdl/L3N1YnRpdGxlLzI5NTY0MDQtMjk1MDU1MC56aXA=?token=1994C336-F5E5-4F4A-93E9-158027D690C1
📄 Subtitle request: L3N1YnRpdGxlLzI5NTcx... (offset: 0ms)
📥 Downloading subtitle from SubDL CDN: /subtitle/2957111-2951281.zip
🎬 DisplayLink: reportSwap() (throttled)
✅ Download complete: 60290 bytes
📦 Detected ZIP archive, extracting...
⚠️ No specific episode match found, using first file: Smile.2022.1080p.BluRay.H264.AAC-RARBG.srt
📦 Extracting specific file: Smile.2022.1080p.BluRay.H264.AAC-RARBG.srt
✅ Extraction successful
✅ Subtitle downloaded and converted to VTT
[ INFO ] GET /subtitles/subdl/L3N1YnRpdGxlLzI5NTY0MDQtMjk1MDU1MC56aXA= [request-id: C11C463B-A1CF-4C41-9D29-9A3F5E61AD46]
2026-01-04 17:11:51.643 RedLemon[15900:142862] ✅ Subtitle 3 downloaded to: /var/folders/3v/s3d75ntd4v90_pg0mb6rmlz40000gn/T/sub_E3CDC085-F5E4-4530-B08F-9A995FACC9B3.vtt
2026-01-04 17:11:51.643 RedLemon[15900:142862] 📝 Loading subtitle from: /var/folders/3v/s3d75ntd4v90_pg0mb6rmlz40000gn/T/sub_E3CDC085-F5E4-4530-B08F-9A9
2026-01-04 17:11:51.649 RedLemon[15900:142862] ✅ External subtitle added to track list (not auto-selected)
2026-01-04 17:11:51.650 RedLemon[15900:142862] 🔍 MPV track-list/count: 3
2026-01-04 17:11:51.650 RedLemon[15900:142862] 🔍 Track 0 type: sub
2026-01-04 17:11:51.650 RedLemon[15900:142862] ✅ Found subtitle track: ID=1, lang=en, title=Smile(2022)(1080pBluRayx26510bitTigole), external=1
2026-01-04 17:11:51.650 RedLemon[15900:142862] 🔍 Track 1 type: sub
2026-01-04 17:11:51.650 RedLemon[15900:142862] ✅ Found subtitle track: ID=2, lang=en, title=Smile.2022.1080p.BluRay.H264.AAC-RARBG, external=1
2026-01-04 17:11:51.650 RedLemon[15900:142862] 🔍 Track 2 type: sub
2026-01-04 17:11:51.651 RedLemon[15900:142862] ✅ Found subtitle track: ID=3, lang=en, title=Smile2022BluRay1080pAVCTrueHDAtmos7.1-dOwn, external=1
2026-01-04 17:11:51.651 RedLemon[15900:142862] 📊 Total subtitle tracks found: 4 (including Off if needed)
2026-01-04 17:11:51.651 RedLemon[15900:142862]    Start[0]: ID=0, Title='Off', Lang='nil', Ext=0
2026-01-04 17:11:51.651 RedLemon[15900:142862]    Start[1]: ID=1, Title='Smile(2022)(1080pBluRayx26510bitTigole)', Lang='en', Ext=1
2026-01-04 17:11:51.652 RedLemon[15900:142862]    Start[2]: ID=2, Title='Smile.2022.1080p.BluRay.H264.AAC-RARBG', Lang='en', Ext=1
2026-01-04 17:11:51.652 RedLemon[15900:142862]    Start[3]: ID=3, Title='Smile2022BluRay1080pAVCTrueHDAtmos7.1-dOwn', Lang='en', Ext=1
2026-01-04 17:11:51.652 RedLemon[15900:142862] ✅ SubtitleService: Scanned 4 tracks (Attempt 1/5)
2026-01-04 17:11:51.652 RedLemon[15900:142862]    Track: ID=0, Title=Off, External=0
2026-01-04 17:11:51.653 RedLemon[15900:142862]    Track: ID=1, Title=Smile(2022)(1080pBluRayx26510bitTigole), External=1
2026-01-04 17:11:51.653 RedLemon[15900:142862]    Track: ID=2, Title=Smile.2022.1080p.BluRay.H264.AAC-RARBG, External=1
2026-01-04 17:11:51.653 RedLemon[15900:142862]    Track: ID=3, Title=Smile2022BluRay1080pAVCTrueHDAtmos7.1-dOwn, External=1
2026-01-04 17:11:52.742 RedLemon[15900:142846] 🔍 MPV track-list/count: 3
2026-01-04 17:11:52.742 RedLemon[15900:142846] 🔍 Track 0 type: sub
2026-01-04 17:11:52.742 RedLemon[15900:142846] ✅ Found subtitle track: ID=1, lang=en, title=Smile(2022)(1080pBluRayx26510bitTigole), external=1
2026-01-04 17:11:52.743 RedLemon[15900:142846] 🔍 Track 1 type: sub
2026-01-04 17:11:52.743 RedLemon[15900:142846] ✅ Found subtitle track: ID=2, lang=en, title=Smile.2022.1080p.BluRay.H264.AAC-RARBG, external=1
2026-01-04 17:11:52.743 RedLemon[15900:142846] 🔍 Track 2 type: sub
2026-01-04 17:11:52.743 RedLemon[15900:142846] ✅ Found subtitle track: ID=3, lang=en, title=Smile2022BluRay1080pAVCTrueHDAtmos7.1-dOwn, external=1
2026-01-04 17:11:52.743 RedLemon[15900:142846] 📊 Total subtitle tracks found: 4 (including Off if needed)
2026-01-04 17:11:52.744 RedLemon[15900:142846]    Start[0]: ID=0, Title='Off', Lang='nil', Ext=0
2026-01-04 17:11:52.744 RedLemon[15900:142846]    Start[1]: ID=1, Title='Smile(2022)(1080pBluRayx26510bitTigole)', Lang='en', Ext=1
2026-01-04 17:11:52.744 RedLemon[15900:142846]    Start[2]: ID=2, Title='Smile.2022.1080p.BluRay.H264.AAC-RARBG', Lang='en', Ext=1
2026-01-04 17:11:52.744 RedLemon[15900:142846]    Start[3]: ID=3, Title='Smile2022BluRay1080pAVCTrueHDAtmos7.1-dOwn', Lang='en', Ext=1
2026-01-04 17:11:52.744 RedLemon[15900:142846] ✅ SubtitleService: Scanned 4 tracks (Attempt 2/5)
2026-01-04 17:11:52.745 RedLemon[15900:142846]    Track: ID=0, Title=Off, External=0
2026-01-04 17:11:52.745 RedLemon[15900:142846]    Track: ID=1, Title=Smile(2022)(1080pBluRayx26510bitTigole), External=1
2026-01-04 17:11:52.745 RedLemon[15900:142846]    Track: ID=2, Title=Smile.2022.1080p.BluRay.H264.AAC-RARBG, External=1
2026-01-04 17:11:52.746 RedLemon[15900:142846]    Track: ID=3, Title=Smile2022BluRay1080pAVCTrueHDAtmos7.1-dOwn, External=1
2026-01-04 17:11:53.751 RedLemon[15900:142862] 🔍 MPV track-list/count: 3
2026-01-04 17:11:53.751 RedLemon[15900:142862] 🔍 Track 0 type: sub
2026-01-04 17:11:53.751 RedLemon[15900:142862] ✅ Found subtitle track: ID=1, lang=en, title=Smile(2022)(1080pBluRayx26510bitTigole), external=1
2026-01-04 17:11:53.752 RedLemon[15900:142862] 🔍 Track 1 type: sub
2026-01-04 17:11:53.752 RedLemon[15900:142862] ✅ Found subtitle track: ID=2, lang=en, title=Smile.2022.1080p.BluRay.H264.AAC-RARBG, external=1
2026-01-04 17:11:53.752 RedLemon[15900:142862] 🔍 Track 2 type: sub
2026-01-04 17:11:53.753 RedLemon[15900:142862] ✅ Found subtitle track: ID=3, lang=en, title=Smile2022BluRay1080pAVCTrueHDAtmos7.1-dOwn, external=1
2026-01-04 17:11:53.753 RedLemon[15900:142862] 📊 Total subtitle tracks found: 4 (including Off if needed)
2026-01-04 17:11:53.753 RedLemon[15900:142862]    Start[0]: ID=0, Title='Off', Lang='nil', Ext=0
2026-01-04 17:11:53.753 RedLemon[15900:142862]    Start[1]: ID=1, Title='Smile(2022)(1080pBluRayx26510bitTigole)', Lang='en', Ext=1
2026-01-04 17:11:53.753 RedLemon[15900:142862]    Start[2]: ID=2, Title='Smile.2022.1080p.BluRay.H264.AAC-RARBG', Lang='en', Ext=1
2026-01-04 17:11:53.753 RedLemon[15900:142862]    Start[3]: ID=3, Title='Smile2022BluRay1080pAVCTrueHDAtmos7.1-dOwn', Lang='en', Ext=1
2026-01-04 17:11:53.754 RedLemon[15900:142862] ✅ SubtitleService: Scanned 4 tracks (Attempt 3/5)
2026-01-04 17:11:53.754 RedLemon[15900:142862]    Track: ID=0, Title=Off, External=0
2026-01-04 17:11:53.755 RedLemon[15900:142862]    Track: ID=1, Title=Smile(2022)(1080pBluRayx26510bitTigole), External=1
2026-01-04 17:11:53.755 RedLemon[15900:142862]    Track: ID=2, Title=Smile.2022.1080p.BluRay.H264.AAC-RARBG, External=1
2026-01-04 17:11:53.755 RedLemon[15900:142862]    Track: ID=3, Title=Smile2022BluRay1080pAVCTrueHDAtmos7.1-dOwn, External=1
2026-01-04 17:11:54.809 RedLemon[15900:142862] 🔍 MPV track-list/count: 3
2026-01-04 17:11:54.809 RedLemon[15900:142862] 🔍 Track 0 type: sub
2026-01-04 17:11:54.809 RedLemon[15900:142862] ✅ Found subtitle track: ID=1, lang=en, title=Smile(2022)(1080pBluRayx26510bitTigole), external=1
2026-01-04 17:11:54.810 RedLemon[15900:142862] 🔍 Track 1 type: sub
2026-01-04 17:11:54.810 RedLemon[15900:142862] ✅ Found subtitle track: ID=2, lang=en, title=Smile.2022.1080p.BluRay.H264.AAC-RARBG, external=1
2026-01-04 17:11:54.810 RedLemon[15900:142862] 🔍 Track 2 type: sub
2026-01-04 17:11:54.811 RedLemon[15900:142862] ✅ Found subtitle track: ID=3, lang=en, title=Smile2022BluRay1080pAVCTrueHDAtmos7.1-dOwn, external=1
2026-01-04 17:11:54.811 RedLemon[15900:142862] 📊 Total subtitle tracks found: 4 (including Off if needed)
2026-01-04 17:11:54.811 RedLemon[15900:142862]    Start[0]: ID=0, Title='Off', Lang='nil', Ext=0
2026-01-04 17:11:54.811 RedLemon[15900:142862]    Start[1]: ID=1, Title='Smile(2022)(1080pBluRayx26510bitTigole)', Lang='en', Ext=1
2026-01-04 17:11:54.812 RedLemon[15900:142862]    Start[2]: ID=2, Title='Smile.2022.1080p.BluRay.H264.AAC-RARBG', Lang='en', Ext=1
2026-01-04 17:11:54.812 RedLemon[15900:142862]    Start[3]: ID=3, Title='Smile2022BluRay1080pAVCTrueHDAtmos7.1-dOwn', Lang='en', Ext=1
2026-01-04 17:11:54.813 RedLemon[15900:142862] ✅ SubtitleService: Scanned 4 tracks (Attempt 4/5)
2026-01-04 17:11:54.813 RedLemon[15900:142862]    Track: ID=0, Title=Off, External=0
2026-01-04 17:11:54.813 RedLemon[15900:142862]    Track: ID=1, Title=Smile(2022)(1080pBluRayx26510bitTigole), External=1
2026-01-04 17:11:54.817 RedLemon[15900:142862]    Track: ID=2, Title=Smile.2022.1080p.BluRay.H264.AAC-RARBG, External=1
2026-01-04 17:11:54.817 RedLemon[15900:142862]    Track: ID=3, Title=Smile2022BluRay1080pAVCTrueHDAtmos7.1-dOwn, External=1
2026-01-04 17:11:55.191 RedLemon[15900:142778] ⏩ Watch Party: Room already playing, skipping Ready Gate (Late Join)
2026-01-04 17:11:55.840 RedLemon[15900:143004] 🔍 MPV track-list/count: 5
2026-01-04 17:11:55.840 RedLemon[15900:143004] 🔍 Track 0 type: sub
2026-01-04 17:11:55.841 RedLemon[15900:143004] ✅ Found subtitle track: ID=1, lang=en, title=Smile(2022)(1080pBluRayx26510bitTigole), external=1
2026-01-04 17:11:55.841 RedLemon[15900:143004] 🔍 Track 1 type: sub
2026-01-04 17:11:55.841 RedLemon[15900:143004] ✅ Found subtitle track: ID=2, lang=en, title=Smile.2022.1080p.BluRay.H264.AAC-RARBG, external=1
2026-01-04 17:11:55.841 RedLemon[15900:143004] 🔍 Track 2 type: sub
2026-01-04 17:11:55.842 RedLemon[15900:143004] ✅ Found subtitle track: ID=3, lang=en, title=Smile2022BluRay1080pAVCTrueHDAtmos7.1-dOwn, external=1
2026-01-04 17:11:55.842 RedLemon[15900:143004] 🔍 Track 3 type: video
2026-01-04 17:11:55.842 RedLemon[15900:143004] 🔍 Track 4 type: audio
2026-01-04 17:11:55.842 RedLemon[15900:143004] 📊 Total subtitle tracks found: 4 (including Off if needed)
2026-01-04 17:11:55.842 RedLemon[15900:143004]    Start[0]: ID=0, Title='Off', Lang='nil', Ext=0
2026-01-04 17:11:55.842 RedLemon[15900:143004]    Start[1]: ID=1, Title='Smile(2022)(1080pBluRayx26510bitTigole)', Lang='en', Ext=1
2026-01-04 17:11:55.842 RedLemon[15900:143004]    Start[2]: ID=2, Title='Smile.2022.1080p.BluRay.H264.AAC-RARBG', Lang='en', Ext=1
2026-01-04 17:11:55.843 RedLemon[15900:143004]    Start[3]: ID=3, Title='Smile2022BluRay1080pAVCTrueHDAtmos7.1-dOwn', Lang='en', Ext=1
2026-01-04 17:11:55.843 RedLemon[15900:143004] ✅ SubtitleService: Scanned 4 tracks (Attempt 5/5)
2026-01-04 17:11:55.843 RedLemon[15900:143004]    Track: ID=0, Title=Off, External=0
2026-01-04 17:11:55.844 RedLemon[15900:143004]    Track: ID=1, Title=Smile(2022)(1080pBluRayx26510bitTigole), External=1
2026-01-04 17:11:55.844 RedLemon[15900:143004]    Track: ID=2, Title=Smile.2022.1080p.BluRay.H264.AAC-RARBG, External=1
2026-01-04 17:11:55.844 RedLemon[15900:143004]    Track: ID=3, Title=Smile2022BluRay1080pAVCTrueHDAtmos7.1-dOwn, External=1
📄 Subtitle request: L3N1YnRpdGxlLzI5NTY0... (offset: 0ms)
📥 Downloading subtitle from SubDL CDN: /subtitle/2956404-2950550.zip
✅ Download complete: 28439 bytes
📦 Detected ZIP archive, extracting...
⚠️ No specific episode match found, using first file: Smile (2022).srt
📦 Extracting specific file: Smile (2022).srt
✅ Extraction successful
✅ Subtitle downloaded and converted to VTT
🔍 SubtitleService: Starting embedded track scan (polling 5s)...
📊 Current subtitle track: 3
🎬 DisplayLink: reportSwap() (throttled)
📊 Current subtitle track: 3
🎬 DisplayLink: reportSwap() (throttled)
📊 Current subtitle track: 3
🎬 DisplayLink: reportSwap() (throttled)
📊 Current subtitle track: 3
🎬 DisplayLink: reportSwap() (throttled)
[MPV] (+) Video --vid=1 (*) (h264 1920x964 23.976fps)
[MPV] (+) Audio --aid=1 --alang=spa (*) (aac 2ch 48000Hz)
[MPV] Subs  --sid=1 --slang=en 'Smile(2022)(1080pBluRayx26510bitTigole)' (webvtt) (external)
[MPV] Subs  --sid=2 --slang=en 'Smile.2022.1080p.BluRay.H264.AAC-RARBG' (webvtt) (external)
[MPV] (+) Subs  --sid=3 --slang=en 'Smile2022BluRay1080pAVCTrueHDAtmos7.1-dOwn' (webvtt) (external)
 MPV Event: 18
 MPV Event: 18
🔍 SMART-LOAD: Starting track polling loop...
🔍 SMART-LOAD: Expecting 3 external subtitles to prevent race condition
✅ SMART-LOAD: Found 5 tracks including 3/3 external subs.
✅ SMART-LOAD: All tracks ready! Proceeding to selection.
🔍 AUDIO AUTO-SELECT: Starting smart audio track scan
🔍 Track 1: spa | 2ch | English: false | Commentary: false -> Score: 25
🏆 Selected best audio track: spa (ID: 1, Score: 25)
🔍 AUDIO AUTO-SELECT: Starting smart audio track scan
🔍 Track 1: spa | 2ch | English: false | Commentary: false -> Score: 25
🏆 Selected best audio track: spa (ID: 1, Score: 25)
🔍 AUTO-SELECT: Starting subtitle scan & selection refresh
🔍 AUTO-SELECT: Found 5 total tracks
🔍 AUTO-SELECT: Track 0 - ID: 1, lang: 'en', title: 'Smile(2022)(1080pBluRayx26510bitTigole)', forced: false, default: false, HI: false, Ext: true
🔍 AUTO-SELECT: Track 1 - ID: 2, lang: 'en', title: 'Smile.2022.1080p.BluRay.H264.AAC-RARBG', forced: false, default: false, HI: false, Ext: true
🔍 AUTO-SELECT: Track 2 - ID: 3, lang: 'en', title: 'Smile2022BluRay1080pAVCTrueHDAtmos7.1-dOwn', forced: false, default: false, HI: false, Ext: true
✅ Auto-selecting BEST English subtitle: Smile2022BluRay1080pAVCTrueHDAtmos7.1-dOwn (ID: 3) [External: true, Forced: false, Default: false, HI: false]
   🏆 Final Score: 100 (Embedded: 0, Match: 100, Clean: 0, SDH: 0)
[MPV] Track switched:
[MPV] (+) Video --vid=1 (*) (h264 1920x964 23.976fps)
[MPV] (+) Audio --aid=1 --alang=spa (*) (aac 2ch 48000Hz)
[MPV] Subs  --sid=1 --slang=en 'Smile(2022)(1080pBluRayx26510bitTigole)' (webvtt) (external)
[MPV] Subs  --sid=2 --slang=en 'Smile.2022.1080p.BluRay.H264.AAC-RARBG' (webvtt) (external)
[MPV] (+) Subs  --sid=3 --slang=en 'Smile2022BluRay1080pAVCTrueHDAtmos7.1-dOwn' (webvtt) (external)
▶️ SMART-LOAD: Resuming playback (Autoplay requested)
⚡️ PlaybackService: creating sleep assertion (preventing idle sleep)
✅ Video ready - hiding poster
🎉 EVENT: Recalculating seek time at video ready
   Event started at: 2026-01-04 21:44:55 +0000
   Current time: 2026-01-04 22:11:55 +0000
   Elapsed: 1620s
   Seeking to: 1620s
🎯 IMMEDIATE RESUME: Seeking to 1620s without delay
📝 Started watch history tracking
⚡️ PlaybackService: releasing sleep assertion
📊 Current subtitle track: 3
🔍 AUTO-SELECT: Starting subtitle scan & selection refresh
🔍 AUTO-SELECT: Found 5 total tracks
🔍 AUTO-SELECT: Track 0 - ID: 1, lang: 'en', title: 'Smile(2022)(1080pBluRayx26510bitTigole)', forced: false, default: false, HI: false, Ext: true
🔍 AUTO-SELECT: Track 1 - ID: 2, lang: 'en', title: 'Smile.2022.1080p.BluRay.H264.AAC-RARBG', forced: false, default: false, HI: false, Ext: true
🔍 AUTO-SELECT: Track 2 - ID: 3, lang: 'en', title: 'Smile2022BluRay1080pAVCTrueHDAtmos7.1-dOwn', forced: false, default: false, HI: false, Ext: true
✅ Auto-selecting BEST English subtitle: Smile2022BluRay1080pAVCTrueHDAtmos7.1-dOwn (ID: 3) [External: true, Forced: false, Default: false, HI: false]
   🏆 Final Score: 100 (Embedded: 0, Match: 100, Clean: 0, SDH: 0)
🎯 Executing immediate seek to 1620s...
🎬 DisplayLink: reportSwap() (throttled)
 MPV Event: 20
⚡️ PlaybackService: creating sleep assertion (preventing idle sleep)
✅ Resumed playback after seek to 1620s
🎬 DisplayLink: reportSwap() (throttled)
[MPV] Using hardware decoding (videotoolbox).
 MPV Event: 17
[MPV] VO: [libmpv] 1920x964 videotoolbox[nv12]
 MPV Event: 17
🎬 MPV: Frame ready! Calling layer.update() (throttled)
🎬 Layer.update() called - forceDraw:false needsFlip:true (throttled)
🎬 canDraw() = true (forceDraw:false, hasFrame:true) (throttled)
🎬 draw() - Rendering frame! (throttled)
[MPV] AO: [coreaudio] 48000Hz stereo 2ch floatp
 MPV Event: 18
✅ MPVPlayerViewModel: Enhancing UI - Buffering finished (hide spinner) [File Loaded]
🎬 DisplayLink: reportSwap() (throttled)
📨 Received: {"ref":"3","event":"phx_reply","payload":{"status":"ok","response":{}},"topic":"realtime:global-presence"}
📨 Received: {"ref":null,"event":"presence_diff","payload":{"joins":{"571e3f82-e9ba-11f0-b1f2-0a58a9feac02":{"metas":[{"phx_ref":"GIemvxUXgpCB50YQ","phx_ref_prev":"GIemvTXlF3OB54dI","last_seen":"2026-01-04T22:11:58.269Z","room_id":"event_tt15474916","started_at":"2026-01-04T22:11:50.232Z","status":"online","user_id":"656daa91-33b4-4688-9135-c982ea52d7c9","username":"ursinho","watching_id":"tt15474916","watching_title":"Smile","watching_type":"movie"}]}},"leaves":{"571e3f82-e9ba-11f0-b1f2-0a58a9feac02":{"metas":[{"phx_ref":"GIemvTXlF3OB54dI","phx_ref_prev":"GIemumlgn7iB510K","last_seen":"2026-01-04T22:11:50.232Z","room_id":"event_tt15474916","started_at":"2026-01-04T22:11:50.232Z","status":"online","user_id":"656daa91-33b4-4688-9135-c982ea52d7c9","username":"ursinho","watching_id":"tt15474916","watching_title":"Smile","watching_type":"movie"}]}}},"topic":"realtime:global-presence"}
🎬 DisplayLink: reportSwap() (throttled)
🎬 MPV: Frame ready! Calling layer.update() (throttled)
🎬 DisplayLink: reportSwap() (throttled)
🎬 Layer.update() called - forceDraw:false needsFlip:true (throttled)
🎬 DisplayLink: reportSwap() (throttled)
🎬 MPV: Frame ready! Calling layer.update() (throttled)
🎬 DisplayLink: reportSwap() (throttled)
🎬 canDraw() = true (forceDraw:false, hasFrame:true) (throttled)
🎬 draw() - Rendering frame! (throttled)
🎬 DisplayLink: reportSwap() (throttled)
🎬 MPV: Frame ready! Calling layer.update() (throttled)
🎬 Layer.update() called - forceDraw:false needsFlip:true (throttled)
🎬 DisplayLink: reportSwap() (throttled)
🎬 DisplayLink: reportSwap() (throttled)
🎬 MPV: Frame ready! Calling layer.update() (throttled)
🎬 DisplayLink: reportSwap() (throttled)
🎬 Layer.update() called - forceDraw:false needsFlip:true (throttled)
💓 Heartbeat sent
🎬 DisplayLink: reportSwap() (throttled)
📨 Received: {"ref":"2","event":"phx_reply","payload":{"status":"ok","response":{}},"topic":"phoenix"}
🎬 MPV: Frame ready! Calling layer.update() (throttled)
🎬 canDraw() = true (forceDraw:false, hasFrame:true) (throttled)
🎬 draw() - Rendering frame! (throttled)
🎬 DisplayLink: reportSwap() (throttled)
💓 Heartbeat sent
📨 Received: {"ref":"4","event":"phx_reply","payload":{"status":"ok","response":{}},"topic":"phoenix"}
💓 Heartbeat sent
📨 Received: {"ref":"1","event":"phx_reply","payload":{"status":"ok","response":{}},"topic":"phoenix"}
🎬 DisplayLink: reportSwap() (throttled)
🎬 MPV: Frame ready! Calling layer.update() (throttled)
🎬 Layer.update() called - forceDraw:false needsFlip:true (throttled)
🎬 DisplayLink: reportSwap() (throttled)
🎬 DisplayLink: reportSwap() (throttled)
🎬 MPV: Frame ready! Calling layer.update() (throttled)
🎬 DisplayLink: reportSwap() (throttled)
🎬 Layer.update() called - forceDraw:false needsFlip:true (throttled)
🎬 canDraw() = true (forceDraw:false, hasFrame:true) (throttled)
🎬 draw() - Rendering frame! (throttled)
🎬 DisplayLink: reportSwap() (throttled)
🎬 MPV: Frame ready! Calling layer.update() (throttled)
🎬 DisplayLink: reportSwap() (throttled)
🎬 DisplayLink: reportSwap() (throttled)
🎬 MPV: Frame ready! Calling layer.update() (throttled)
🎬 Layer.update() called - forceDraw:false needsFlip:true (throttled)
🎬 DisplayLink: reportSwap() (throttled)
🎬 DisplayLink: reportSwap() (throttled)
🎬 MPV: Frame ready! Calling layer.update() (throttled)
🎬 canDraw() = true (forceDraw:false, hasFrame:true) (throttled)
🎬 draw() - Rendering frame! (throttled)
🎬 DisplayLink: reportSwap() (throttled)
📨 Received: {"ref":"5","event":"phx_reply","payload":{"status":"ok","response":{}},"topic":"realtime:global-presence"}
📨 Received: {"ref":null,"event":"presence_diff","payload":{"joins":{"571e3f82-e9ba-11f0-b1f2-0a58a9feac02":{"metas":[{"phx_ref":"GIemw7rpekmB5_2K","phx_ref_prev":"GIemvxUXgpCB50YQ","last_seen":"2026-01-04T22:12:18.226Z","room_id":"event_tt15474916","started_at":"2026-01-04T22:11:50.232Z","status":"online","user_id":"656daa91-33b4-4688-9135-c982ea52d7c9","username":"ursinho","watching_id":"tt15474916","watching_title":"Smile","watching_type":"movie"}]}},"leaves":{"571e3f82-e9ba-11f0-b1f2-0a58a9feac02":{"metas":[{"phx_ref":"GIemvxUXgpCB50YQ","phx_ref_prev":"GIemvTXlF3OB54dI","last_seen":"2026-01-04T22:11:58.269Z","room_id":"event_tt15474916","started_at":"2026-01-04T22:11:50.232Z","status":"online","user_id":"656daa91-33b4-4688-9135-c982ea52d7c9","username":"ursinho","watching_id":"tt15474916","watching_title":"Smile","watching_type":"movie"}]}}},"topic":"realtime:global-presence"}
🎬 Layer.update() called - forceDraw:false needsFlip:true (throttled)
🎬 DisplayLink: reportSwap() (throttled)
🎬 MPV: Frame ready! Calling layer.update() (throttled)
🎬 DisplayLink: reportSwap() (throttled)
🎬 DisplayLink: reportSwap() (throttled)
🎬 MPV: Frame ready! Calling layer.update() (throttled)
🎬 Layer.update() called - forceDraw:false needsFlip:true (throttled)
🎬 DisplayLink: reportSwap() (throttled)
🎬 canDraw() = true (forceDraw:false, hasFrame:true) (throttled)
🎬 draw() - Rendering frame! (throttled)
🎬 DisplayLink: reportSwap() (throttled)
🎬 MPV: Frame ready! Calling layer.update() (throttled)
🎬 DisplayLink: reportSwap() (throttled)
🎬 Layer.update() called - forceDraw:false needsFlip:true (throttled)
🎬 DisplayLink: reportSwap() (throttled)
💾 Saved to watch history: Smile at 1647s
🎬 MPV: Frame ready! Calling layer.update() (throttled)
🎬 DisplayLink: reportSwap() (throttled)
🎬 DisplayLink: reportSwap() (throttled)
🎬 MPV: Frame ready! Calling layer.update() (throttled)
🎬 Layer.update() called - forceDraw:false needsFlip:true (throttled)
🎬 canDraw() = true (forceDraw:false, hasFrame:true) (throttled)
🎬 draw() - Rendering frame! (throttled)
🎬 DisplayLink: reportSwap() (throttled)
🎬 DisplayLink: reportSwap() (throttled)
🎬 MPV: Frame ready! Calling layer.update() (throttled)
