2026-01-06 19:29:24.755 RedLemon[13552:170196] 🪟 Set initial window to expanded size: (0.0, 150.0, 1366.0, 593.0)
2026-01-06 19:29:24.755 RedLemon[13552:170196] ✅ Cache cleanup timer started (runs every 30 minutes)
2026-01-06 19:29:24.831 RedLemon[13552:170196] 🔄 Resetting playback state to prevent auto-selection...
2026-01-06 19:29:24.833 RedLemon[13552:170256] 🔍 KeychainManager: Retrieved username 'ursinho' from UserDefaults
2026-01-06 19:29:24.866 RedLemon[13552:170196] ✅ Playback state reset complete - starting in browse view
2026-01-06 19:29:24.866 RedLemon[13552:170196] 🔐 APP STARTUP: Loading stored user credentials...
2026-01-06 19:29:24.866 RedLemon[13552:170196] 🧪 Testing Profile: debug
2026-01-06 19:29:24.866 RedLemon[13552:170256] 🔍 KeychainManager: Retrieved username 'ursinho' from UserDefaults
2026-01-06 19:29:24.897 RedLemon[13552:170196] ✅ Keychain: Found stored username: ursinho
2026-01-06 19:29:24.897 RedLemon[13552:170196] 🔍 Supabase: Looking up user 'ursinho' in database...
2026-01-06 19:29:24.897 RedLemon[13552:170237] 🔍 SupabaseClient: Looking up user by username 'ursinho'
2026-01-06 19:29:25.221 RedLemon[13552:170237] 📡 SupabaseClient: User lookup response received (358 bytes)
2026-01-06 19:29:25.235 RedLemon[13552:170237] ✅ SupabaseClient: Decoded 1 users from response
2026-01-06 19:29:25.235 RedLemon[13552:170237] 👤 SupabaseClient: Found user - ursinho (ID: 656DAA91-33B4-4688-9135-C982EA52D7C9)
2026-01-06 19:29:25.236 RedLemon[13552:170196] ✅ Loaded user: ursinho (ID: 656DAA91-33B4-4688-9135-C982EA52D7C9)
2026-01-06 19:29:25.265 RedLemon[13552:170196] ✅ AUTH SUCCESS: User authenticated - ursinho (ID: 656DAA91-33B4-4688-9135-C982EA52D7C9)
2026-01-06 19:29:25.265 RedLemon[13552:170196] 🎯 AppState: currentUsername=ursinho, currentUserId=656DAA91-33B4-4688-9135-C982EA52D7C9
2026-01-06 19:29:25.265 RedLemon[13552:170196] 🏁 AUTH COMPLETE: Final state - username=ursinho, userId=656DAA91-33B4-4688-9135-C982EA52D7C9
2026-01-06 19:29:25.265 RedLemon[13552:170196] 🚀 RedLemon: Starting HTTP server...
2026-01-06 19:29:25.266 RedLemon[13552:170196] 📋 RedLemon: Current directory: /Users/danielnoble/Desktop/Redlemon
2026-01-06 19:29:25.283 RedLemon[13552:170196] ✅ RedLemon: HTTPServer instance created
2026-01-06 19:29:25.283 RedLemon[13552:170256] 📡 RedLemon: Server starting on port 47253...
⏲️ [EventsConfig] Starting polling fallback (every 60s)
🔌 Connecting to Supabase Realtime: wss://151.243.109.243.nip.io/realtime/v1/websocket
✅ Connected to Supabase Realtime
✅ Sparkle configured (manual only, no auto-checks)
   Appcast URL: https://raw.githubusercontent.com/orangeapple1272/Redlemon/main/appcast.xml
   Can check: false
📅 EventsView appeared
🎬 [EventsView] Fetching movie events from centralized config...
📡 [EventsConfig] Checking server for movie_events config version...
🔍 Silent update check (custom implementation)...
🔍 Memory pressure monitoring enabled (safe mode)
📂 Loaded 5 credential(s) from cache
🖥️ CacheManager initialized with fixed conservative limits
   Image cache limit: 30 items
📡 Joined channel: realtime:events_config_updates
✅ [EventsConfig] Subscribed to realtime schedule updates
📨 Received: {"ref":"12BCEAAB-0717-40CF-A48B-CBDA0032BC50","event":"phx_reply","payload":{"status":"ok","response":{"postgres_changes":[{"id":53636278,"event":"INSERT","filter":"config_type=eq.movie_events","schema":"public","table":"events_config"}]}},"topic":"realtime:events_config_updates"}
📨 Received: {"ref":null,"event":"system","payload":{"message":"Subscribed to PostgreSQL","status":"ok","extension":"postgres_changes","channel":"events_config_updates"},"topic":"realtime:events_config_updates"}
📨 Received: {"ref":null,"event":"presence_state","payload":{},"topic":"realtime:events_config_updates"}
✅ Token routes registered:
   POST /tokens/save
   POST /tokens/delete
   GET  /tokens/list
✅ Unlock routes registered:
   POST /api/streams/unlock
✅ Stream routes registered:
   POST /api/streams/resolve
   GET  /api/streams/resolveByQuality
   GET  /api/streams/resolveAll
✅ Proxy routes registered:
   GET /play/rd/:infoHash/:fileIdx
   GET /play/rd/:infoHash
✅ Subtitle routes registered:
   GET /subtitles/search?imdbId=&type=
   GET /subtitles/subdl/:encodedPath
✅ All routes registered
✅ HTTP Server configured on http://127.0.0.1:47253
🚀 Starting HTTP server...
✅ Providers initialized: torrentio, comet, zilean, mediafusion, debridsearch
[ NOTICE ] Server started on http://127.0.0.1:47253
2026-01-06 19:29:27.377 RedLemon[13552:170196] ✅ RedLemon: Server marked as ready
2026-01-06 19:29:27.411 RedLemon[13552:170196] ✅ RedLemon: Server should be running on http://127.0.0.1:47253
2026-01-06 19:29:27.411 RedLemon[13552:170196] 🔍 Performing startup checks...
2026-01-06 19:29:27.412 RedLemon[13552:170196] ✅ Username-based authentication ready
2026-01-06 19:29:28.204 RedLemon[13552:170196] 🔍 Performing startup checks...
2026-01-06 19:29:28.204 RedLemon[13552:170196] ✅ Username-based authentication ready
2026-01-06 19:29:29.093 RedLemon[13552:170196] 🔄 Checking for app updates...
2026-01-06 19:29:36.920 RedLemon[13552:170237] 📡 StreamService: Fetching metadata for tt3501632...
✅ HTTP server running on http://127.0.0.1:47253

🔗 Available endpoints:
   http://127.0.0.1:47253/health
   http://127.0.0.1:47253/status
   http://127.0.0.1:47253/api/health

✅ [EventsConfig] Fetched movie_events version 1472 with 424 movies
✅ [EventsConfig] Using cached movie_events config (version 1472, 424 movies)
✅ [EventsView] Loaded 424 movies from config version 1472
🗓 AppState: Updated schedule epoch to 2026-01-04 19:58:49 +0000
⏰ AppState: Next schedule update set for Event End: 2026-01-07 01:21:49 +0000
⏰ AppState: Scheduling update in 3144 seconds
🖼️ [CACHE] Cached image data for key: https://images.metahub.space/background/medium/tt3501632/img (956349 bytes)
❌ Supabase error (404): {"code":"PGRST205","details":null,"hint":"Perhaps you meant the table 'public.users'","message":"Could not find the table 'public.user_blocks' in the schema cache"}
⚠️ Failed to load blocked users: httpError(404, "{\"code\":\"PGRST205\",\"details\":null,\"hint\":\"Perhaps you meant the table \'public.users\'\",\"message\":\"Could not find the table \'public.user_blocks\' in the schema cache\"}")
❌ Supabase error (404): {"code":"PGRST205","details":null,"hint":"Perhaps you meant the table 'public.users'","message":"Could not find the table 'public.user_blocks' in the schema cache"}
⚠️ Failed to load blocked users: httpError(404, "{\"code\":\"PGRST205\",\"details\":null,\"hint\":\"Perhaps you meant the table \'public.users\'\",\"message\":\"Could not find the table \'public.user_blocks\' in the schema cache\"}")
🔌 SocialService: Connecting to global presence...
🔌 Connecting to Supabase Realtime: wss://151.243.109.243.nip.io/realtime/v1/websocket
✅ Connected to Supabase Realtime
✅ SocialService: Presence connected
📡 Joined channel: realtime:global-presence
✅ SocialService: Connected to global presence
🔌 SocialService: Connecting to DM channel...
🔌 Connecting to Supabase Realtime: wss://151.243.109.243.nip.io/realtime/v1/websocket
✅ Connected to Supabase Realtime
✅ SocialService: DM channel connected
📨 Received: {"ref":"E9CC53E6-AC81-49C5-9986-8A016CD8AE16","event":"phx_reply","payload":{"status":"ok","response":{"postgres_changes":[]}},"topic":"realtime:global-presence"}
📨 Received: {"ref":null,"event":"presence_state","payload":{"d2b84934-eb5f-11f0-9baa-9ee62e3b7bba":{"metas":[{"phx_ref":"GIhLaAHahvo6Ap8h","phx_ref_prev":"GIhLY2LHfcQ6AieD","last_seen":"2026-01-07T00:29:23.701Z","room_id":"N3KG","started_at":"2026-01-07T00:29:03.850Z","status":"In Lobby: Pluribus","user_id":"96e01cdb-36c0-4228-a6e4-a29a3c66bc8e","username":"lemontom","watching_id":"tt22202452","watching_title":"Pluribus","watching_type":"series"}]}},"topic":"realtime:global-presence"}
📈 SocialService: User 96e01cdb-36c0-4228-a6e4-a29a3c66bc8e came online
📨 Received: {"ref":"1","event":"phx_reply","payload":{"status":"ok","response":{}},"topic":"realtime:global-presence"}
📨 Received: {"ref":null,"event":"presence_diff","payload":{"joins":{"ec48d346-eb5f-11f0-bc3e-9ee62e3b7bba":{"metas":[{"phx_ref":"GIhLaK4_OcU6AisD","last_seen":"2026-01-07T00:29:26.568Z","status":"online","user_id":"656DAA91-33B4-4688-9135-C982EA52D7C9","username":"ursinho"}]}},"leaves":{}},"topic":"realtime:global-presence"}
📈 SocialService: User 656daa91-33b4-4688-9135-c982ea52d7c9 came online
📡 Joined channel: realtime:direct_messages
✅ SocialService: Connected to DM channel
📨 Received: {"ref":"EF1A512F-9693-4122-8647-1D389A5260C7","event":"phx_reply","payload":{"status":"ok","response":{"postgres_changes":[{"id":44215242,"event":"INSERT","filter":"receiver_id=eq.656daa91-33b4-4688-9135-c982ea52d7c9","schema":"public","table":"direct_messages"},{"id":13418599,"event":"INSERT","filter":"sender_id=eq.656daa91-33b4-4688-9135-c982ea52d7c9","schema":"public","table":"direct_messages"}]}},"topic":"realtime:direct_messages"}
📬 SocialService: Fetched 0 unread messages
🔄 SocialService: Syncing 24 items to cloud...
🔄 SocialService: Syncing 24 items to cloud (serial)...
📨 Received: {"ref":null,"event":"system","payload":{"message":"Subscribed to PostgreSQL","status":"ok","extension":"postgres_changes","channel":"direct_messages"},"topic":"realtime:direct_messages"}
📨 Received: {"ref":null,"event":"presence_state","payload":{},"topic":"realtime:direct_messages"}
💰 LicenseManager: Checking for background crypto payments...
💰 Check Payment Response: {"success":false,"message":"No new payments detected","debug":{"checked_count":1,"assets_found":[{"chain":"base","currency":"ETH","amount":66191878437,"amountFloat":6.6191878437e-8}],"prices":{"btc":93387,"eth":3278.955},"logs":[],"rpc_logs":["Scanning evm address: 0xde969b58087D2B2C4C79C2234dE8A9E2A503E1FD","eth eth_getBalance: undefined","opt eth_getBalance: undefined","poly eth_getBalance: undefined","base eth_getBalance: 0xf6957e925","arb eth_getBalance: 0x0"]}}
🚫 Subscription revoked or inactive.
💰 LicenseManager: Checking for background crypto payments...
💰 Check Payment Response: {"success":false,"message":"No new payments detected","debug":{"checked_count":1,"assets_found":[{"chain":"base","currency":"ETH","amount":66191878437,"amountFloat":6.6191878437e-8}],"prices":{"btc":93387,"eth":3278.955},"logs":[],"rpc_logs":["Scanning evm address: 0xde969b58087D2B2C4C79C2234dE8A9E2A503E1FD","eth eth_getBalance: undefined","opt eth_getBalance: undefined","poly eth_getBalance: undefined","base eth_getBalance: 0xf6957e925","arb eth_getBalance: 0x0"]}}
🚫 Subscription revoked or inactive.
🔍 Manual update check requested...
⏰ TimeService: Synchronizing clock with server...
✅ TimeService: Synced! Offset: 0.082s (RTT: 125ms)
   Local:  2026-01-07 00:29:29 +0000
   Server: 2026-01-07 00:29:29 +0000
⏰ Time synced with server! AppState should automatically recalculate.
[2026-01-07T00:29:36Z] [INFO] [EventsView.swift:253] 🎟️ Joining event: Thor: Ragnarok (Live: true)
   Event start time: 2026-01-06 23:00:49 +0000
   Event duration: 8460.0s
   Current time: 2026-01-07 00:29:36 +0000
   Is Live: true
   Is In Lobby: false
📝 Creating new event room: event_tt3501632
⚡️ Resolving stream for system event creation...
[2026-01-07T00:29:36Z] [INFO] [StreamService.swift:47] 🎬 StreamService: Starting resolution for: Thor: Ragnarok
[ INFO ] GET /api/metadata/meta/movie/tt3501632 [request-id: 0F8D6331-37B2-4814-9DAF-89A13ECADDCF]
2026-01-06 19:29:37.099 RedLemon[13552:170237] 📦 Decoded CinemetaMeta - videos count: -1
2026-01-06 19:29:37.100 RedLemon[13552:170237] ✅ StreamService: Metadata loaded: Thor: Ragnarok
2026-01-06 19:29:37.100 RedLemon[13552:170237] ⚡️ StreamService: Resolving streams via StreamResolver (Bypassing HTTP)...
2026-01-06 19:29:37.100 RedLemon[13552:170237] ⚡️ StreamResolver: Resolving streams for tt3501632 (S0E0)
2026-01-06 19:29:37.100 RedLemon[13552:170237]    📅 Filtering by year: 2017
2026-01-06 19:29:37.224 RedLemon[13552:170232] 📦 StreamResolver: Fetching streams from ProviderManager...
2026-01-06 19:29:37.224 RedLemon[13552:170232] 🔍 ProviderManager: Fetching streams for tt3501632...
2026-01-06 19:29:37.227 RedLemon[13552:170237] 🎬 DebridSearch: Building URL for movie (no season/episode)
2026-01-06 19:29:37.227 RedLemon[13552:170237] 🔗 DebridSearch URL: https://68d69db7dc40-debrid-search.baby-beamup.club/7                     0ebridApiKey23A222,                     0ebridProvider23A2ealDebrid27D/stream/movie/tt3501632.json
2026-01-06 19:29:37.227 RedLemon[13552:170237] 🔍 DebridSearch: Fetching https://68d69db7dc40-debrid-search.baby-beamup.club/7                     0ebridApiKey23A267JV2V4FTUA7RYN6T34BFIUBRUZERBO45A6UL3O7TE5ZHFDQQSA2                     0ebridProvider23A2ealDebrid27D/stream/movie/tt3501632.json
2026-01-06 19:29:37.228 RedLemon[13552:170236] ✨ Torrentio: Using Auto-Generated Config (realdebrid/KEY)
2026-01-06 19:29:37.228 RedLemon[13552:170236] 🎬 Torrentio: Building URL for movie (no season/episode)
2026-01-06 19:29:37.228 RedLemon[13552:170236] 🔗 Torrentio URL: https://torrentio.strem.fun/realdebrid/K67JV2V4FTUA7RYN6T34BFIUBRUZERBO45A6UL3O7TE5ZHFDQQSA/stream/movie/tt3501632.json
2026-01-06 19:29:37.228 RedLemon[13552:170236] 🔍 Torrentio: Fetching https://torrentio.strem.fun/realdebrid/K67JV2V4FTUA7RYN6T34BFIUBRUZERBO45A6UL3O7TE5ZHFDQQSA/stream/movie/tt3501632.json
2026-01-06 19:29:37.241 RedLemon[13552:170256] 🔍 Zilean: Searching for "Thor: Ragnarok"
2026-01-06 19:29:37.244 RedLemon[13552:170390] ❌ Provider zilean failed: httpError(statusCode: 404)
2026-01-06 19:29:40.466 RedLemon[13552:170391] ✅ DebridSearch: Parsed 1 streams
2026-01-06 19:29:45.346 RedLemon[13552:170237] ❌ Provider torrentio failed: Error Domain=NSURLErrorDomain Code=-1001 "The request timed out." UserInfo={_kCFStreamErrorCodeKey=-2102, NSUnderlyingError=0x7fc2937d4050 {Error Domain=kCFErrorDomainCFNetwork Code=-1001 "(null)" UserInfo={_kCFStreamErrorCodeKey=-2102, _kCFStreamErrorDomainKey=4}}, _NSURLErrorFailingURLSessionTaskErrorKey=LocalDataTask <B074923C-9207-4030-AFAA-DAA3787E2628>.<9>, _NSURLErrorRelatedURLSessionTaskErrorKey=(
    "LocalDataTask <B074923C-9207-4030-AFAA-DAA3787E2628>.<9>"
), NSLocalizedDescription=The request timed out., NSErrorFailingURLStringKey=https://torrentio.strem.fun/realdebrid/K67JV2V4FTUA7RYN6T34BFIUBRUZERBO45A6UL3O7TE5ZHFDQQSA/stream/movie/tt3501632.json, NSErrorFailingURLKey=https://torrentio.strem.fun/realdebrid/K67JV2V4FTUA7RYN6T34BFIUBRUZERBO45A6UL3O7TE5ZHFDQQSA/stream/movie/tt3501632.json, _kCFStreamErrorDomainKey=4}
2026-01-06 19:29:45.347 RedLemon[13552:170237] ✅ ProviderManager: Fetched 48 raw, returning 48 unique streams
2026-01-06 19:29:45.347 RedLemon[13552:170237] 📦 StreamResolver: Received 48 raw streams, bucketing...
2026-01-06 19:29:46.800 RedLemon[13552:170237] 📥 StreamService: Pre-downloading 5 (capped from 9) subtitles for direct stream...
2026-01-06 19:29:46.800 RedLemon[13552:170237] 🐛 StreamService: downloadSubtitlesInParallel called. Season: nil, Episode: nil, Count: 5
2026-01-06 19:29:46.801 RedLemon[13552:170256] 🔍 DEBUG: Processing subtitle URL: /subtitle/3514576-8437189.zip
2026-01-06 19:29:46.801 RedLemon[13552:170390] 🔍 DEBUG: Processing subtitle URL: /subtitle/34853-2207678.zip
2026-01-06 19:29:46.801 RedLemon[13552:170391] 🔍 DEBUG: Processing subtitle URL: /subtitle/1974714-2526434.zip
2026-01-06 19:29:46.801 RedLemon[13552:170237] 🔍 DEBUG: Processing subtitle URL: /subtitle/34835-1799829.zip
2026-01-06 19:29:46.801 RedLemon[13552:170256] ✅ DEBUG: Raw SubDL URL detected, converting to proxy URL
2026-01-06 19:29:46.801 RedLemon[13552:170237] ✅ DEBUG: Raw SubDL URL detected, converting to proxy URL
2026-01-06 19:29:46.801 RedLemon[13552:170390] ✅ DEBUG: Raw SubDL URL detected, converting to proxy URL
2026-01-06 19:29:46.801 RedLemon[13552:170391] ✅ DEBUG: Raw SubDL URL detected, converting to proxy URL
2026-01-06 19:29:46.802 RedLemon[13552:170256] 🐛 StreamService: Constructed Proxy URL: http://127.0.0.1:47253/subtitles/subdl/L3N1YnRpdGxlLzM1MTQ1NzYtODQzNzE4OS56aXA=?token=ED713C89-1444-4857-A6D1-62FED738B3D6
2026-01-06 19:29:46.802 RedLemon[13552:170391] 🐛 StreamService: Constructed Proxy URL: http://127.0.0.1:47253/subtitles/subdl/L3N1YnRpdGxlLzE5NzQ3MTQtMjUyNjQzNC56aXA=?token=ED713C89-1444-4857-A6D1-62FED738B3D6
2026-01-06 19:29:46.802 RedLemon[13552:170237] 🐛 StreamService: Constructed Proxy URL: http://127.0.0.1:47253/subtitles/subdl/L3N1YnRpdGxlLzM0ODM1LTE3OTk4Mjkuemlw?token=ED713C89-1444-4857-A6D1-62FED738B3D6
2026-01-06 19:29:46.802 RedLemon[13552:170390] 🐛 StreamService: Constructed Proxy URL: http://127.0.0.1:47253/subtitles/subdl/L3N1YnRpdGxlLzM0ODUzLTIyMDc2Nzguemlw?token=ED713C89-1444-4857-A6D1-62FED738B3D6
2026-01-06 19:29:46.802 RedLemon[13552:170391] 🔍 DEBUG: Processing subtitle URL: /subtitle/34845-1704709.zip
2026-01-06 19:29:46.802 RedLemon[13552:170391] ✅ DEBUG: Raw SubDL URL detected, converting to proxy URL
2026-01-06 19:29:46.803 RedLemon[13552:170391] 🐛 StreamService: Constructed Proxy URL: http://127.0.0.1:47253/subtitles/subdl/L3N1YnRpdGxlLzM0ODQ1LTE3MDQ3MDkuemlw?token=ED713C89-1444-4857-A6D1-62FED738B3D6
2026-01-06 19:29:46.804 RedLemon[13552:170391] 🎬 SupabaseClient: createRoom called for id: event_tt3501632 - ENTRY
2026-01-06 19:29:46.805 RedLemon[13552:170391] 🎬 SupabaseClient: Creating room 'event_tt3501632' for host 'RedLemon Events'...
2026-01-06 19:29:46.809 RedLemon[13552:170391] 🔐 Signed request to /rooms
2026-01-06 19:29:47.195 RedLemon[13552:170391] ✅ SupabaseClient: Room creation request completed (received response)
2026-01-06 19:29:47.546 RedLemon[13552:170196] 🖼️ Loading background art: https://images.metahub.space/background/medium/tt3501632/img
2026-01-06 19:29:47.546 RedLemon[13552:170196] ⏳ Background art loading...
2026-01-06 19:29:47.546 RedLemon[13552:170196] 🎨 Loading logo: https://images.metahub.space/logo/medium/tt3501632/img
2026-01-06 19:29:47.547 RedLemon[13552:170196] ⏳ Logo loading...
2026-01-06 19:29:47.586 RedLemon[13552:170196] ✅ Background art loaded successfully
2026-01-06 19:29:47.588 RedLemon[13552:170196]    Quality: 1080p
2026-01-06 19:29:47.588 RedLemon[13552:170196]    Mode: watchParty
2026-01-06 19:29:47.588 RedLemon[13552:170196] 📡 Fetching metadata for tt3501632...
2026-01-06 19:29:47.675 RedLemon[13552:170256] ✅ StreamService: Using provided metadata: Thor: Ragnarok
2026-01-06 19:29:47.675 RedLemon[13552:170256] ⚡️ StreamService: Resolving streams via StreamResolver (Bypassing HTTP)...
2026-01-06 19:29:47.676 RedLemon[13552:170256] ⚡️ StreamResolver: Resolving streams for tt3501632 (S0E0)
2026-01-06 19:29:47.676 RedLemon[13552:170256]    📅 Filtering by year: 2017
2026-01-06 19:29:47.699 RedLemon[13552:170196] ✅ Logo loaded successfully
2026-01-06 19:29:47.798 RedLemon[13552:170232] 📦 StreamResolver: Fetching streams from ProviderManager...
2026-01-06 19:29:47.798 RedLemon[13552:170232] 🔍 ProviderManager: Fetching streams for tt3501632...
2026-01-06 19:29:47.799 RedLemon[13552:170390] 🔍 Zilean: Searching for "Thor: Ragnarok"
2026-01-06 19:29:47.799 RedLemon[13552:170232] 🎬 DebridSearch: Building URL for movie (no season/episode)
2026-01-06 19:29:47.799 RedLemon[13552:170232] 🔗 DebridSearch URL: https://68d69db7dc40-debrid-search.baby-beamup.club/7                     0ebridProvider23A2ealDebrid2                     0ebridApiKey23A222      0/stream/movie/tt3501632.json
2026-01-06 19:29:47.800 RedLemon[13552:170232] 🔍 DebridSearch: Fetching https://68d69db7dc40-debrid-search.baby-beamup.club/7                     0ebridProvider23A2ealDebrid2                     0ebridApiKey23A267JV2V4FTUA7RYN6T34BFIUBRUZERBO45A6UL3O7TE5ZHFDQQSA27D/stream/movie/tt3501632.json
2026-01-06 19:29:47.800 RedLemon[13552:170391] ✨ Torrentio: Using Auto-Generated Config (realdebrid/KEY)
2026-01-06 19:29:47.800 RedLemon[13552:170391] 🎬 Torrentio: Building URL for movie (no season/episode)
2026-01-06 19:29:47.801 RedLemon[13552:170391] 🔗 Torrentio URL: https://torrentio.strem.fun/realdebrid/K67JV2V4FTUA7RYN6T34BFIUBRUZERBO45A6UL3O7TE5ZHFDQQSA/stream/movie/tt3501632.json
2026-01-06 19:29:47.801 RedLemon[13552:170391] 🔍 Torrentio: Fetching https://torrentio.strem.fun/realdebrid/K67JV2V4FTUA7RYN6T34BFIUBRUZERBO45A6UL3O7TE5ZHFDQQSA/stream/movie/tt3501632.json
2026-01-06 19:29:47.807 RedLemon[13552:170390] ❌ Provider zilean failed: httpError(statusCode: 404)
2026-01-06 19:29:50.412 RedLemon[13552:170237] ✅ DebridSearch: Parsed 1 streams
2026-01-06 19:29:55.808 RedLemon[13552:170391] ❌ Provider torrentio failed: Error Domain=NSURLErrorDomain Code=-1001 "The request timed out." UserInfo={_kCFStreamErrorCodeKey=-2102, NSUnderlyingError=0x7fc292744200 {Error Domain=kCFErrorDomainCFNetwork Code=-1001 "(null)" UserInfo={_kCFStreamErrorCodeKey=-2102, _kCFStreamErrorDomainKey=4}}, _NSURLErrorFailingURLSessionTaskErrorKey=LocalDataTask <DD56CCD8-93E0-4826-AAB9-1C68FA4D1433>.<21>, _NSURLErrorRelatedURLSessionTaskErrorKey=(
    "LocalDataTask <DD56CCD8-93E0-4826-AAB9-1C68FA4D1433>.<21>"
), NSLocalizedDescription=The request timed out., NSErrorFailingURLStringKey=https://torrentio.strem.fun/realdebrid/K67JV2V4FTUA7RYN6T34BFIUBRUZERBO45A6UL3O7TE5ZHFDQQSA/stream/movie/tt3501632.json, NSErrorFailingURLKey=https://torrentio.strem.fun/realdebrid/K67JV2V4FTUA7RYN6T34BFIUBRUZERBO45A6UL3O7TE5ZHFDQQSA/stream/movie/tt3501632.json, _kCFStreamErrorDomainKey=4}
2026-01-06 19:29:55.809 RedLemon[13552:170391] ✅ ProviderManager: Fetched 48 raw, returning 48 unique streams
2026-01-06 19:29:55.809 RedLemon[13552:170391] 📦 StreamResolver: Received 48 raw streams, bucketing...
💾 Cache SET: Metadata[meta_movie_tt3501632]
🎬 StreamService: Resolving movie - trusted pack filtering will be applied server-side
✅ MetadataService initialized
📡 Fetching metadata from Cinemeta: https://v3-cinemeta.strem.io/meta/movie/tt3501632.json
🔍 MediaFusion: Fetching https://mediafusion.elfhosted.com/stream/movie/tt3501632.json
🔍 Comet: Fetching https://comet.elfhosted.com/eyJkZWJyaWRTZXJ2aWNlIjoicmVhbGRlYnJpZCIsInJlbW92ZVRyYXNoIjp0cnVlLCJkZWJy...
✅ Metadata fetched from Cinemeta for tt3501632: Thor: Ragnarok (2017)
⚠️ MediaFusion: HTTP 418
✅ Comet: Got 47 streams
🔍 Comet: Parsing 47 streams...
✅ Comet: Parsed 47 valid streams
📨 Received: {"ref":null,"event":"presence_diff","payload":{"joins":{"d2b84934-eb5f-11f0-9baa-9ee62e3b7bba":{"metas":[{"phx_ref":"GIhLbKoNNwU6Aizj","phx_ref_prev":"GIhLaAHahvo6Ap8h","last_seen":"2026-01-07T00:29:43.702Z","room_id":"N3KG","started_at":"2026-01-07T00:29:03.850Z","status":"In Lobby: Pluribus","user_id":"96e01cdb-36c0-4228-a6e4-a29a3c66bc8e","username":"lemontom","watching_id":"tt22202452","watching_title":"Pluribus","watching_type":"series"}]}},"leaves":{"d2b84934-eb5f-11f0-9baa-9ee62e3b7bba":{"metas":[{"phx_ref":"GIhLaAHahvo6Ap8h","phx_ref_prev":"GIhLY2LHfcQ6AieD","last_seen":"2026-01-07T00:29:23.701Z","room_id":"N3KG","started_at":"2026-01-07T00:29:03.850Z","status":"In Lobby: Pluribus","user_id":"96e01cdb-36c0-4228-a6e4-a29a3c66bc8e","username":"lemontom","watching_id":"tt22202452","watching_title":"Pluribus","watching_type":"series"}]}}},"topic":"realtime:global-presence"}
✅ Metadata cache hit for tt3501632: Thor: Ragnarok
🎯 Target title for matching: Thor: Ragnarok
   📅 Year filter (2017): 48 → 1 streams
   ⚠️ Year filter too strict! Restoring 48 streams to attempt title matching.
   🚫 RESOLVER BLOCKING 3D (Strict): [RD⚡] Comet 1080p
   🚫 RESOLVER BLOCKING 3D (Strict): [RD⚡] Comet 1080p
   🚫 RESOLVER BLOCKING 3D (Strict): [RD⚡] Comet 1080p
   🚫 RESOLVER BLOCKING 3D (Strict): [RD⚡] Comet unknown
   🚫 RESOLVER FILTERED 3D: 48 → 44 streams
   🚫 RESOLVER BLOCKING non-English audio: [RD⚡] Comet 2160p (Audio)
   🎵 RESOLVER FILTERED audio language: 44 → 43 streams
✅ SubDLClient initialized
🔍 Searching SubDL: tt3501632 (movie)
   ℹ️ Fallback Name: Thor: Ragnarok (2017)
⚠️ SubDL API returned empty subtitles list
⚠️ Testing API-provided fallback for: Thor: Ragnarok
✅ Found 10 subtitles from SubDL (Primary)
🧹 Filtered out 1 mismatched episodes
✅ StreamResolver: Attached best sub for '[RD⚡] Comet 2160p...': Thor.Ragnarok.2017.UHD.BluRay....
✅ StreamResolver: Attached best sub for '[RD⚡] Comet 2160p...': Thor.Ragnarok.2017.UHD.BluRay....
✅ StreamResolver: Attached best sub for '[RD⚡] Comet 2160p...': Thor.Ragnarok.2017.UHD.BluRay....
✅ StreamResolver: Attached best sub for '[RD⚡] Comet 2160p...': Thor.Ragnarok.2017.UHD.BluRay....
✅ StreamResolver: Attached best sub for '[RD⚡] Comet 2160p...': Thor.Ragnarok.2017.UHD.BluRay....
✅ StreamResolver: Attached best sub for '[RD⚡] Comet 2160p...': Thor.Ragnarok.2017.UHD.BluRay....
✅ StreamResolver: Attached best sub for '[RD⚡] Comet 2160p...': Thor.Ragnarok.2017.UHD.BluRay....
✅ StreamResolver: Attached best sub for '[RD⚡] Comet 2160p...': Thor.Ragnarok.2017.UHD.BluRay....
✅ StreamResolver: Attached best sub for '[RD⚡] Comet 2160p...': Thor.Ragnarok.2017.UHD.BluRay....
✅ StreamResolver: Attached best sub for '[RD⚡] Comet 2160p...': Thor.Ragnarok.2017.UHD.BluRay....
✅ StreamResolver: Attached best sub for '[RD⚡] Comet 2160p...': Thor.Ragnarok.2017.UHD.BluRay....
✅ StreamResolver: Attached best sub for '[RD⚡] Comet 2160p...': Thor.Ragnarok.2017.UHD.BluRay....
✅ StreamResolver: Attached best sub for '[RD⚡] Comet 2160p...': Thor.Ragnarok.2017.UHD.BluRay....
✅ StreamResolver: Attached best sub for '[RD⚡] Comet 2160p...': Thor.Ragnarok.2017.UHD.BluRay....
✅ StreamResolver: Attached best sub for '[RD⚡] Comet 2160p...': Thor.Ragnarok.2017.UHD.BluRay....
✅ StreamResolver: Attached best sub for '[RD⚡] Comet 2160p...': Thor.Ragnarok.2017.UHD.BluRay....
✅ StreamResolver: Attached best sub for '[RD⚡] Comet 2160p...': Thor.Ragnarok.2017.UHD.BluRay....
✅ StreamResolver: Attached best sub for '[RD⚡] Comet 2160p...': Thor.Ragnarok.2017.UHD.BluRay....
✅ StreamResolver: Attached best sub for '[RD⚡] Comet 2160p...': Thor.Ragnarok.2017.UHD.BluRay....
✅ StreamResolver: Attached best sub for '[RD⚡] Comet 2160p...': Thor.Ragnarok.2017.UHD.BluRay....
✅ StreamResolver: Attached best sub for '[RD⚡] Comet 2160p...': Thor.Ragnarok.2017.UHD.BluRay....
✅ StreamResolver: Attached best sub for '[RD⚡] Comet 2160p...': Thor.Ragnarok.2017.UHD.BluRay....
✅ StreamResolver: Attached best sub for '[RD⚡] Comet 2160p...': Thor.Ragnarok.2017.UHD.BluRay....
✅ StreamResolver: Attached best sub for '[RD⚡] Comet 2160p...': Thor.Ragnarok.2017.UHD.BluRay....
✅ StreamResolver: Attached best sub for '[RD⚡] Comet 1080p...': Thor.Ragnarok.2017.720p.BluRay...
✅ StreamResolver: Attached best sub for '[RD⚡] Comet 1080p...': Thor.Ragnarok.2017.720p.BluRay...
✅ StreamResolver: Attached best sub for '[RD⚡] Comet 1080p...': Thor.Ragnarok.2017.720p.BluRay...
✅ StreamResolver: Attached best sub for '[RD⚡] Comet 1080p...': Thor.Ragnarok.2017.720p.BluRay...
✅ StreamResolver: Attached best sub for '[RD⚡] Comet 1080p...': Thor.Ragnarok.2017.720p.BluRay...
✅ StreamResolver: Attached best sub for '[RD⚡] Comet 1080p...': Thor.Ragnarok.2017.720p.BluRay...
✅ StreamResolver: Attached best sub for '[RD⚡] Comet 1080p...': Thor.Ragnarok.2017.720p.BluRay...
✅ StreamResolver: Attached best sub for '[RD⚡] Comet 1080p...': Thor.Ragnarok.2017.720p.BluRay...
✅ StreamResolver: Attached best sub for '[RD⚡] Comet 1080p...': Thor.Ragnarok.2017.720p.BluRay...
✅ StreamResolver: Attached best sub for '[RD⚡] Comet 1080p...': Thor.Ragnarok.2017.720p.BluRay...
✅ StreamResolver: Attached best sub for '[RD⚡] Comet 1080p...': Thor.Ragnarok.2017.720p.BluRay...
✅ StreamResolver: Attached best sub for '[RD⚡] Comet 1080p...': Thor.Ragnarok.2017.720p.BluRay...
✅ StreamResolver: Attached best sub for '[RD⚡] Comet 1080p...': Thor.Ragnarok.2017.720p.BluRay...
✅ StreamResolver: Attached best sub for '[RD⚡] Comet 1080p...': Thor.Ragnarok.2017.720p.BluRay...
✅ StreamResolver: Attached best sub for '[RD⚡] Comet 1080p...': Thor.Ragnarok.2017.720p.BluRay...
✅ StreamResolver: Attached best sub for '[RD⚡] Comet 1080p...': Thor.Ragnarok.2017.720p.BluRay...
✅ StreamResolver: Attached best sub for '[RD⚡] Comet 1080p...': Thor.Ragnarok.2017.720p.BluRay...
✅ StreamResolver: Attached best sub for '[RD⚡] Comet 1080p...': Thor.Ragnarok.2017.720p.BluRay...
✅ StreamResolver: Attached best sub for 'Thor.Ragnarok.2017.1080p.BluRa...': Thor.Ragnarok.2017.720p.BluRay...
   --- Processing Bucket: 2160p (Input: 24) ---
   ✅ Bucket 2160p Final Count: 24
   --- Processing Bucket: 1080p (Input: 19) ---
   ✅ Bucket 1080p Final Count: 19
   --- Processing Bucket: 720p (Input: 0) ---
   ✅ Bucket 720p Final Count: 0
   --- Processing Bucket: 480p (Input: 0) ---
   ✅ Bucket 480p Final Count: 0
📦 2160p Primary: [RD⚡] Comet 2160p
📦 1080p Primary: Thor.Ragnarok.2017.1080p.BluRay.DDP5.1.x265.10bit-GalaxyRG265.mkv
💾 2.98 GB
✅ StreamResolver: Quality buckets ready
   🚫 StreamService: Skipping 720p backup streams (Event Mode - Strict 1080p)
   🚫 StreamService: Skipping 480p backup streams (Event Mode - Strict 1080p)
[2026-01-07T00:29:45Z] [INFO] [StreamService.swift:210] 📦 StreamService: Found 11 total streams to try (across all qualities)
✅ StreamService: Found 11 H.264 streams (Tier 1)
🚫 StreamService: Applying Extended Cut Filter (Event Mode)
✅ StreamService: Found 11 'Clean' English streams. Deprioritizing 0 localized/dual streams.
⚠️ StreamService: Skipping large file (1080p limit): [RD⚡] Comet 1080p (23.20 GB)
⚠️ StreamService: Skipping large file (1080p limit): [RD⚡] Comet 1080p (32.50 GB)
⚠️ StreamService: Skipping large file (1080p limit): [RD⚡] Comet 1080p (26.70 GB)
⚠️ StreamService: Skipping large file (1080p limit): [RD⚡] Comet 1080p (29.90 GB)
⚠️ StreamService: Skipping large file (1080p limit): [RD⚡] Comet 1080p (26.70 GB)
📦 StreamService: 6 streams remain after size filter
🔄 StreamService: Trying stream 1/6: Thor.Ragnarok.2017.1080p.BluRay.DDP5.1.x265.10bit-GalaxyRG265.mkv
💾 2.98 GB
🔍 StreamService: Resolving redirect URL: https://68d69db7dc40-debrid-search.baby-beamup.club/resolve/RealDebrid/K67JV2V4FTUA7RYN6T34BFIUBRUZERBO45A6UL3O7TE5ZHFDQQSA/CYS23TTTKM5TG/https%3A%2F%2Freal-debrid.com%2Fd%2FPLMRAINDINS5CE1F
📨 Received: {"ref":"2","event":"phx_reply","payload":{"status":"ok","response":{}},"topic":"realtime:global-presence"}
📨 Received: {"ref":null,"event":"presence_diff","payload":{"joins":{"ec48d346-eb5f-11f0-bc3e-9ee62e3b7bba":{"metas":[{"phx_ref":"GIhLbVZJZMk6Ai0D","phx_ref_prev":"GIhLaK4_OcU6AisD","last_seen":"2026-01-07T00:29:46.571Z","status":"online","user_id":"656daa91-33b4-4688-9135-c982ea52d7c9","username":"ursinho"}]}},"leaves":{"ec48d346-eb5f-11f0-bc3e-9ee62e3b7bba":{"metas":[{"phx_ref":"GIhLaK4_OcU6AisD","last_seen":"2026-01-07T00:29:26.568Z","status":"online","user_id":"656DAA91-33B4-4688-9135-C982EA52D7C9","username":"ursinho"}]}}},"topic":"realtime:global-presence"}
✅ StreamService: Resolved to: https://chi9-4.download.real-debrid.com/d/QINEFJ2Q2CPIM100/Thor.Ragnarok.2017.1080p.BluRay.DDP5.1.x265.10bit-GalaxyRG265.mkv
⚡️ StreamService: Stream is already a direct URL. Skipping backend unlock.
✅ StreamService: Selected stream: Thor.Ragnarok.2017.1080p.BluRay.DDP5.1.x265.10bit-GalaxyRG265.mkv
💾 2.98 GB
📊 Stream Size: 2.98 GB
📦 StreamService: Returning 5 candidate streams for fallback
✅ Selected seed subtitle: http://127.0.0.1:47253/subtitles/subdl/L3N1YnRpdGxlLzM1MTQ1NzYtODQzNzE4OS56aXA=?token=ED713C89-1444-4857-A6D1-62FED738B3D6
✅ Stream resolved for system event: Thor.Ragnarok.2017.1080p.BluRay.DDP5.1.x265.10bit-GalaxyRG265.mkv
💾 2.98 GB
   Hash: nil
   URL: https://chi9-4.download.real-d...
🎬 Live event - calculating position: 5338.530051112175 seconds
   Event start time: 2026-01-06 23:00:49 +0000
   Current time: 2026-01-07 00:29:47 +0000
   Room createdAt: 2026-01-06 23:00:49 +0000
   Room state: playing
   Setting resumeFromTimestamp to: 5338.530051112175
🎬 Live event - starting playback immediately (no lobby)
🎬 PlayerVM: Starting playback for: Thor: Ragnarok
✅ Cache HIT: Metadata[meta_movie_tt3501632]
[2026-01-07T00:29:47Z] [INFO] [StreamService.swift:47] 🎬 StreamService: Starting resolution for: Thor: Ragnarok
🎬 StreamService: Resolving movie - trusted pack filtering will be applied server-side
🔍 MediaFusion: Fetching https://mediafusion.elfhosted.com/stream/movie/tt3501632.json
✅ Metadata cache hit for tt3501632: Thor: Ragnarok
🔍 Comet: Fetching https://comet.elfhosted.com/eyJkZWJyaWRTZXJ2aWNlIjoicmVhbGRlYnJpZCIsInJlbW92ZVRyYXNoIjp0cnVlLCJkZWJy...
⚠️ MediaFusion: HTTP 418
✅ Comet: Got 47 streams
🔍 Comet: Parsing 47 streams...
✅ Comet: Parsed 47 valid streams
💓 Heartbeat sent
📨 Received: {"ref":"1","event":"phx_reply","payload":{"status":"ok","response":{}},"topic":"phoenix"}
✅ Metadata cache hit for tt3501632: Thor: Ragnarok
🎯 Target title for matching: Thor: Ragnarok
   📅 Year filter (2017): 48 → 1 streams
   ⚠️ Year filter too strict! Restoring 48 streams to attempt title matching.
   🚫 RESOLVER BLOCKING 3D (Strict): [RD⚡] Comet 1080p
   🚫 RESOLVER BLOCKING 3D (Strict): [RD⚡] Comet 1080p
   🚫 RESOLVER BLOCKING 3D (Strict): [RD⚡] Comet 1080p
   🚫 RESOLVER BLOCKING 3D (Strict): [RD⚡] Comet unknown
   🚫 RESOLVER FILTERED 3D: 48 → 44 streams
   🚫 RESOLVER BLOCKING non-English audio: [RD⚡] Comet 2160p (Audio)
   🎵 RESOLVER FILTERED audio language: 44 → 43 streams
🔍 Searching SubDL: tt3501632 (movie)
   ℹ️ Fallback Name: Thor: Ragnarok (2017)
⚠️ SubDL API returned empty subtitles list
⚠️ Testing API-provided fallback for: Thor: Ragnarok
💓 Heartbeat sent
✅ Found 10 subtitles from SubDL (Primary)
🧹 Filtered out 1 mismatched episodes
✅ StreamResolver: Attached best sub for '[RD⚡] Comet 2160p...': Thor.Ragnarok.2017.UHD.BluRay....
✅ StreamResolver: Attached best sub for '[RD⚡] Comet 2160p...': Thor.Ragnarok.2017.UHD.BluRay....
✅ StreamResolver: Attached best sub for '[RD⚡] Comet 2160p...': Thor.Ragnarok.2017.UHD.BluRay....
✅ StreamResolver: Attached best sub for '[RD⚡] Comet 2160p...': Thor.Ragnarok.2017.UHD.BluRay....
✅ StreamResolver: Attached best sub for '[RD⚡] Comet 2160p...': Thor.Ragnarok.2017.UHD.BluRay....
✅ StreamResolver: Attached best sub for '[RD⚡] Comet 2160p...': Thor.Ragnarok.2017.UHD.BluRay....
✅ StreamResolver: Attached best sub for '[RD⚡] Comet 2160p...': Thor.Ragnarok.2017.UHD.BluRay....
✅ StreamResolver: Attached best sub for '[RD⚡] Comet 2160p...': Thor.Ragnarok.2017.UHD.BluRay....
✅ StreamResolver: Attached best sub for '[RD⚡] Comet 2160p...': Thor.Ragnarok.2017.UHD.BluRay....
✅ StreamResolver: Attached best sub for '[RD⚡] Comet 2160p...': Thor.Ragnarok.2017.UHD.BluRay....
✅ StreamResolver: Attached best sub for '[RD⚡] Comet 2160p...': Thor.Ragnarok.2017.UHD.BluRay....
✅ StreamResolver: Attached best sub for '[RD⚡] Comet 2160p...': Thor.Ragnarok.2017.UHD.BluRay....
✅ StreamResolver: Attached best sub for '[RD⚡] Comet 2160p...': Thor.Ragnarok.2017.UHD.BluRay....
✅ StreamResolver: Attached best sub for '[RD⚡] Comet 2160p...': Thor.Ragnarok.2017.UHD.BluRay....
✅ StreamResolver: Attached best sub for '[RD⚡] Comet 2160p...': Thor.Ragnarok.2017.UHD.BluRay....
✅ StreamResolver: Attached best sub for '[RD⚡] Comet 2160p...': Thor.Ragnarok.2017.UHD.BluRay....
✅ StreamResolver: Attached best sub for '[RD⚡] Comet 2160p...': Thor.Ragnarok.2017.UHD.BluRay....
✅ StreamResolver: Attached best sub for '[RD⚡] Comet 2160p...': Thor.Ragnarok.2017.UHD.BluRay....
✅ StreamResolver: Attached best sub for '[RD⚡] Comet 2160p...': Thor.Ragnarok.2017.UHD.BluRay....
✅ StreamResolver: Attached best sub for '[RD⚡] Comet 2160p...': Thor.Ragnarok.2017.UHD.BluRay....
✅ StreamResolver: Attached best sub for '[RD⚡] Comet 2160p...': Thor.Ragnarok.2017.UHD.BluRay....
✅ StreamResolver: Attached best sub for '[RD⚡] Comet 2160p...': Thor.Ragnarok.2017.UHD.BluRay....
✅ StreamResolver: Attached best sub for '[RD⚡] Comet 2160p...': Thor.Ragnarok.2017.UHD.BluRay....
✅ StreamResolver: Attached best sub for '[RD⚡] Comet 2160p...': Thor.Ragnarok.2017.UHD.BluRay....
✅ StreamResolver: Attached best sub for '[RD⚡] Comet 1080p...': Thor.Ragnarok.2017.720p.BluRay...
✅ StreamResolver: Attached best sub for '[RD⚡] Comet 1080p...': Thor.Ragnarok.2017.720p.BluRay...
✅ StreamResolver: Attached best sub for '[RD⚡] Comet 1080p...': Thor.Ragnarok.2017.720p.BluRay...
✅ StreamResolver: Attached best sub for '[RD⚡] Comet 1080p...': Thor.Ragnarok.2017.720p.BluRay...
✅ StreamResolver: Attached best sub for '[RD⚡] Comet 1080p...': Thor.Ragnarok.2017.720p.BluRay...
✅ StreamResolver: Attached best sub for '[RD⚡] Comet 1080p...': Thor.Ragnarok.2017.720p.BluRay...
✅ StreamResolver: Attached best sub for '[RD⚡] Comet 1080p...': Thor.Ragnarok.2017.720p.BluRay...
✅ StreamResolver: Attached best sub for '[RD⚡] Comet 1080p...': Thor.Ragnarok.2017.720p.BluRay...
✅ StreamResolver: Attached best sub for '[RD⚡] Comet 1080p...': Thor.Ragnarok.2017.720p.BluRay...
✅ StreamResolver: Attached best sub for '[RD⚡] Comet 1080p...': Thor.Ragnarok.2017.720p.BluRay...
✅ StreamResolver: Attached best sub for '[RD⚡] Comet 1080p...': Thor.Ragnarok.2017.720p.BluRay...
✅ StreamResolver: Attached best sub for '[RD⚡] Comet 1080p...': Thor.Ragnarok.2017.720p.BluRay...
✅ StreamResolver: Attached best sub for '[RD⚡] Comet 1080p...': Thor.Ragnarok.2017.720p.BluRay...
✅ StreamResolver: Attached best sub for '[RD⚡] Comet 1080p...': Thor.Ragnarok.2017.720p.BluRay...
✅ StreamResolver: Attached best sub for '[RD⚡] Comet 1080p...': Thor.Ragnarok.2017.720p.BluRay...
✅ StreamResolver: Attached best sub for '[RD⚡] Comet 1080p...': Thor.Ragn2026-01-06 19:29:57.811 RedLemon[13552:170237] 📥 StreamService: Pre-downloading 5 (capped from 9) subtitles for direct stream...
2026-01-06 19:29:57.811 RedLemon[13552:170237] 🐛 StreamService: downloadSubtitlesInParallel called. Season: nil, Episode: nil, Count: 5
2026-01-06 19:29:57.811 RedLemon[13552:170237] 🔍 DEBUG: Processing subtitle URL: /subtitle/1974714-2526434.zip
2026-01-06 19:29:57.811 RedLemon[13552:170232] 🔍 DEBUG: Processing subtitle URL: /subtitle/34853-2207678.zip
2026-01-06 19:29:57.811 RedLemon[13552:170237] ✅ DEBUG: Raw SubDL URL detected, converting to proxy URL
2026-01-06 19:29:57.811 RedLemon[13552:170391] 🔍 DEBUG: Processing subtitle URL: /subtitle/34835-1799829.zip
2026-01-06 19:29:57.811 RedLemon[13552:170256] 🔍 DEBUG: Processing subtitle URL: /subtitle/3514576-8437189.zip
2026-01-06 19:29:57.811 RedLemon[13552:170232] ✅ DEBUG: Raw SubDL URL detected, converting to proxy URL
2026-01-06 19:29:57.811 RedLemon[13552:170391] ✅ DEBUG: Raw SubDL URL detected, converting to proxy URL
2026-01-06 19:29:57.811 RedLemon[13552:170256] ✅ DEBUG: Raw SubDL URL detected, converting to proxy URL
2026-01-06 19:29:57.812 RedLemon[13552:170237] 🐛 StreamService: Constructed Proxy URL: http://127.0.0.1:47253/subtitles/subdl/L3N1YnRpdGxlLzE5NzQ3MTQtMjUyNjQzNC56aXA=?token=ED713C89-1444-4857-A6D1-62FED738B3D6
2026-01-06 19:29:57.812 RedLemon[13552:170256] 🐛 StreamService: Constructed Proxy URL: http://127.0.0.1:47253/subtitles/subdl/L3N1YnRpdGxlLzM1MTQ1NzYtODQzNzE4OS56aXA=?token=ED713C89-1444-4857-A6D1-62FED738B3D6
2026-01-06 19:29:57.812 RedLemon[13552:170391] 🐛 StreamService: Constructed Proxy URL: http://127.0.0.1:47253/subtitles/subdl/L3N1YnRpdGxlLzM0ODM1LTE3OTk4Mjkuemlw?token=ED713C89-1444-4857-A6D1-62FED738B3D6
2026-01-06 19:29:57.812 RedLemon[13552:170232] 🐛 StreamService: Constructed Proxy URL: http://127.0.0.1:47253/subtitles/subdl/L3N1YnRpdGxlLzM0ODUzLTIyMDc2Nzguemlw?token=ED713C89-1444-4857-A6D1-62FED738B3D6
2026-01-06 19:29:57.812 RedLemon[13552:170237] 🔍 DEBUG: Processing subtitle URL: /subtitle/34845-1704709.zip
2026-01-06 19:29:57.812 RedLemon[13552:170237] ✅ DEBUG: Raw SubDL URL detected, converting to proxy URL
2026-01-06 19:29:57.813 RedLemon[13552:170237] 🐛 StreamService: Constructed Proxy URL: http://127.0.0.1:47253/subtitles/subdl/L3N1YnRpdGxlLzM0ODQ1LTE3MDQ3MDkuemlw?token=ED713C89-1444-4857-A6D1-62FED738B3D6
2026-01-06 19:29:57.844 RedLemon[13552:170196] 🎬🎬🎬 MPVPlayerView INIT called - streamURL: https://chi9-4.download.real-debrid.com/d/QINEFJ2Q2CPIM100/T, subtitles: 5
2026-01-06 19:29:57.914 RedLemon[13552:170196] ✅ Stream ready, starting playback...
2026-01-06 19:29:57.914 RedLemon[13552:170196] 🖥️ WindowManager: enterFullscreen() called
2026-01-06 19:29:57.915 RedLemon[13552:170196]    Window: <SwiftUI.SwiftUIWindow: 0x7fc2931ead80>
2026-01-06 19:29:57.915 RedLemon[13552:170196]    Is fullscreen: 0
2026-01-06 19:29:57.915 RedLemon[13552:170196]    ✅ WindowManager: Toggling fullscreen ON
2026-01-06 19:29:58.012 RedLemon[13552:170196] 🖼️ Setting up MPV with native macOS video output...
2026-01-06 19:29:58.023 RedLemon[13552:170196] ✅ MPV initialized with native GPU rendering
2026-01-06 19:29:58.030 RedLemon[13552:170196] 🎬🎬🎬 MPVPlayerView .task starting
2026-01-06 19:29:58.030 RedLemon[13552:170196] 🎉 Starting watch party sync - Room: event_tt3501632, Host: NO
2026-01-06 19:29:58.031 RedLemon[13552:170196] 🎉 Watch Party Mode ENABLED. isInWatchParty = YES
2026-01-06 19:29:58.110 RedLemon[13552:170196] 🔄 Starting chat polling for room: event_tt3501632
2026-01-06 19:29:58.110 RedLemon[13552:170196] 💓 Started playback heartbeat loop
2026-01-06 19:29:58.110 RedLemon[13552:170196] ✅ Watch party sync started successfully - isInWatchParty is now TRUE
2026-01-06 19:29:58.110 RedLemon[13552:170196] 🎬🎬🎬 About to call loadStream - isInWatchParty: YES
2026-01-06 19:29:58.110 RedLemon[13552:170196] 🎬🎬🎬 Subtitles: 5
2026-01-06 19:29:58.110 RedLemon[13552:170196] 🎬🎬🎬 LOADSTREAM CALLED - streamTitle: Thor: Ragnarok
2026-01-06 19:29:58.111 RedLemon[13552:170196] 🎬🎬🎬 streamURL: https://chi9-4.download.real-debrid.com/d/QINEFJ2Q2CPIM100/T
2026-01-06 19:29:58.111 RedLemon[13552:170196] 🎬🎬🎬 subtitles: 5
2026-01-06 19:29:58.111 RedLemon[13552:170196] 🎬🎬🎬 MPVPlayerView .task completed
2026-01-06 19:29:58.118 RedLemon[13552:170456] 🎬 MPV: Current video filename set to: Thor.Ragnarok.2017.1080p.BluRay.DDP5.1.x265.10bit-GalaxyRG265.mkv
2026-01-06 19:29:58.118 RedLemon[13552:170456] 🎬 MPV loadVideo called with URL: https://chi9-4.download.real-debrid.com/d/QINEFJ2Q2CPIM100/Thor.Ragnarok.2017.1080p.BluRay.DDP5.1.x2, autoplay: false, expectedSubs: 3
2026-01-06 19:29:58.118 RedLemon[13552:170456] 🎬 MPV executing: loadfile "https://chi9-4.download.real-debrid.com/d/QINEFJ2Q2CPIM100/Thor.Ragnarok.2017.1080p.BluRay.DDP5.1.x265.10bit-GalaxyRG265.mkv"
2026-01-06 19:29:58.119 RedLemon[13552:170456] ✅ MPV loadfile succeeded (Started Paused, waiting for Smart Load)
2026-01-06 19:29:58.120 RedLemon[13552:170456] ℹ️ SubDL subtitles detected - downloading to local files in background...
2026-01-06 19:29:58.120 RedLemon[13552:170456] 🔍 SubtitleService: Downloading http://127.0.0.1:47253/subtitles/subdl/L3N1YnRpdGxlLzE5NzQ3MTQtMjUyNjQzNC56aXA=?token=ED713C89-1444-4857-A6D1-62FED738B3D6
arok.2017.720p.BluRay...
✅ StreamResolver: Attached best sub for '[RD⚡] Comet 1080p...': Thor.Ragnarok.2017.720p.BluRay...
✅ StreamResolver: Attached best sub for '[RD⚡] Comet 1080p...': Thor.Ragnarok.2017.720p.BluRay...
✅ StreamResolver: Attached best sub for 'Thor.Ragnarok.2017.1080p.BluRa...': Thor.Ragnarok.2017.720p.BluRay...
   --- Processing Bucket: 2160p (Input: 24) ---
   ✅ Bucket 2160p Final Count: 24
   --- Processing Bucket: 1080p (Input: 19) ---
📨 Received: {"ref":"3","event":"phx_reply","payload":{"status":"ok","response":{}},"topic":"phoenix"}
   ✅ Bucket 1080p Final Count: 19
   --- Processing Bucket: 720p (Input: 0) ---
   ✅ Bucket 720p Final Count: 0
   --- Processing Bucket: 480p (Input: 0) ---
   ✅ Bucket 480p Final Count: 0
📦 2160p Primary: [RD⚡] Comet 2160p
📦 1080p Primary: Thor.Ragnarok.2017.1080p.BluRay.DDP5.1.x265.10bit-GalaxyRG265.mkv
💾 2.98 GB
✅ StreamResolver: Quality buckets ready
[2026-01-07T00:29:56Z] [INFO] [StreamService.swift:210] 📦 StreamService: Found 11 total streams to try (across all qualities)
✅ StreamService: Found 11 H.264 streams (Tier 1)
✅ StreamService: Found 11 'Clean' English streams. Deprioritizing 0 localized/dual streams.
⚠️ StreamService: Skipping large file (1080p limit): [RD⚡] Comet 1080p (23.20 GB)
⚠️ StreamService: Skipping large file (1080p limit): [RD⚡] Comet 1080p (32.50 GB)
⚠️ StreamService: Skipping large file (1080p limit): [RD⚡] Comet 1080p (29.90 GB)
⚠️ StreamService: Skipping large file (1080p limit): [RD⚡] Comet 1080p (26.70 GB)
⚠️ StreamService: Skipping large file (1080p limit): [RD⚡] Comet 1080p (26.70 GB)
📦 StreamService: 6 streams remain after size filter
🔄 StreamService: Trying stream 1/6: Thor.Ragnarok.2017.1080p.BluRay.DDP5.1.x265.10bit-GalaxyRG265.mkv
💾 2.98 GB
🔍 StreamService: Resolving redirect URL: https://68d69db7dc40-debrid-search.baby-beamup.club/resolve/RealDebrid/K67JV2V4FTUA7RYN6T34BFIUBRUZERBO45A6UL3O7TE5ZHFDQQSA/CYS23TTTKM5TG/https%3A%2F%2Freal-debrid.com%2Fd%2FPLMRAINDINS5CE1F
💓 Heartbeat sent
📨 Received: {"ref":"1","event":"phx_reply","payload":{"status":"ok","response":{}},"topic":"phoenix"}
✅ StreamService: Resolved to: https://chi9-4.download.real-debrid.com/d/QINEFJ2Q2CPIM100/Thor.Ragnarok.2017.1080p.BluRay.DDP5.1.x265.10bit-GalaxyRG265.mkv
⚡️ StreamService: Stream is already a direct URL. Skipping backend unlock.
✅ StreamService: Selected stream: Thor.Ragnarok.2017.1080p.BluRay.DDP5.1.x265.10bit-GalaxyRG265.mkv
💾 2.98 GB
📊 Stream Size: 2.98 GB
📦 StreamService: Returning 5 candidate streams for fallback
🎬 RedLemon: Creating MPVPlayerView
   Stream URL: https://chi9-4.download.real-debrid.com/d/QINEFJ2Q2CPIM100/T
   Display Title: Thor: Ragnarok
   Subtitle URLs: 5
      [0] Thor.Ragnarok.2017.2160p.BluRay.REMUX.HEVC.DTS-HD.MA.TrueHD.7.1.Atmos-FGT
      [1] Thor Ragnarok.2017.WEBDL-2160p-JARViS.en.hi
      [2] Thor.Ragnarok.2017.UHD.BluRay.2160p.TrueHD.Atmos.7.1.HEVC.REMUX-FraMeSToR
      [3] Thor.Ragnarok.2017.720p.BluRay.x264-SPARKS
      [4] Thor.Ragnarok.2017.HDRip.XviD.AC3-EVO
🎬 MPVWrapper: Creating embedded MPV with render context...
✅ MPV handle created
🎬 MPVLayerHostView initialized
🎬 Event playback detected - starting auto-exit monitor
🎬 Created CGL pixel format (Core Profile 3.2)
🎬 Created CGL context with vsync enabled
🎬 MPVViewLayer initialized with async rendering
🎬 Video layer assigned to host view
🎬 Creating MPV render context with OpenGL (IINA method)...
🎬 MPV: Frame ready! Calling layer.update() (throttled)
✅ Render context created successfully (IINA method)
🎬 Layer.update() called - forceDraw:false needsFlip:true (throttled)
🎬 CVDisplayLink started
🎉 Starting watch party: roomId=event_tt3501632, isHost=false
🎬 DisplayLink: reportSwap() (throttled)
🔌 Setting up Realtime channel: watch-party:event_tt3501632
   Role: Guest
   User ID: 656DAA91-33B4-4688-9135-C982EA52D7C9
📡 Connection state: connecting
📡 Joined channel: realtime:watch-party:event_tt3501632
📡 Connection state: connected
✅ Realtime channel setup complete
✅ Watch party sync initialized with Realtime
🎬 Loading stream: Thor: Ragnarok
   IMDB: tt3501632
   URL: https://chi9-4.download.real-debrid.com/d/QINEFJ2Q2CPIM100/T...
   Source: BluRay
💬 Added mock chat messages for testing
🎉 EVENT MODE: Loading PAUSED to seek first (preventing flash)
⏯️ MPV: Pause state changed to false -> isPlaying = true
⚡️ PlaybackService: creating sleep assertion (preventing idle sleep)
📡 Fetching metadata for tt3501632 as movie...
📝 Pre-loading external subtitles (Top 3)...
✅ Cache HIT: Metadata[meta_movie_tt3501632]
⚡️ PlaybackService: releasing sleep assertion
[ INFO ] GET /subtitles/subdl/L3N1YnRpdGxlLzE5NzQ3MTQtMjUyNjQzNC56aXA= [request-id: FFB40C3C-BFC2-4D00-A5EA-C8E07C33CD42]
2026-01-06 19:29:58.274 RedLemon[13552:170196] 💓 Playback heartbeat sent for room: event_tt3501632
2026-01-06 19:29:58.679 RedLemon[13552:170456] ✅ Subtitle 1 downloaded to: /var/folders/3v/s3d75ntd4v90_pg0mb6rmlz40000gn/T/sub_C9F0BA2A-2792-4FA1-ADC3-CE6C4E7FE9EA.vtt
2026-01-06 19:29:58.679 RedLemon[13552:170456] 📝 Loading subtitle from: /var/folders/3v/s3d75ntd4v90_pg0mb6rmlz40000gn/T/sub_C9F0BA2A-2792-4FA1-ADC3-CE6
2026-01-06 19:29:58.701 RedLemon[13552:170456] ✅ External subtitle added to track list (not auto-selected)
2026-01-06 19:29:58.702 RedLemon[13552:170456] 🔍 SubtitleService: Downloading http://127.0.0.1:47253/subtitles/subdl/L3N1YnRpdGxlLzM1MTQ1NzYtODQzNzE4OS56aXA=?token=ED713C89-1444-4857-A6D1-62FED738B3D6
📄 Subtitle request: L3N1YnRpdGxlLzE5NzQ3... (offset: 0ms)
📥 Downloading subtitle from SubDL CDN: /subtitle/1974714-2526434.zip
👁️ ChatOverlayView appeared - UI UPDATE ROUND 6
⌨️ ChatOverlayView: Triggering input focus (showChat=true)
📨 Received: {"ref":"9DB6D879-024B-48BC-B674-C4019B88E3CF","event":"phx_reply","payload":{"status":"ok","response":{"postgres_changes":[]}},"topic":"realtime:watch-party:event_tt3501632"}
📨 Received: {"ref":null,"event":"presence_state","payload":{},"topic":"realtime:watch-party:event_tt3501632"}
📨 Received: {"ref":"2","event":"phx_reply","payload":{"status":"ok","response":{}},"topic":"realtime:watch-party:event_tt3501632"}
📨 Received: {"ref":null,"event":"presence_diff","payload":{"joins":{"ff154eaa-eb5f-11f0-80a8-9ee62e3b7bba":{"metas":[{"phx_ref":"GIhLcAX9pmZF_S5j","is_host":false,"joined_at":1767745798.106101,"user_id":"656DAA91-33B4-4688-9135-C982EA52D7C9","username":"ursinho"}]}},"leaves":{}},"topic":"realtime:watch-party:event_tt3501632"}
📨 Received: {"ref":"4","event":"phx_reply","payload":{"status":"ok","response":{}},"topic":"realtime:global-presence"}
📨 Received: {"ref":null,"event":"presence_diff","payload":{"joins":{"ec48d346-eb5f-11f0-bc3e-9ee62e3b7bba":{"metas":[{"phx_ref":"GIhLcAbCUFg6Ai6D","phx_ref_prev":"GIhLbVZJZMk6Ai0D","last_seen":"2026-01-07T00:29:58.117Z","room_id":"event_tt3501632","started_at":"2026-01-07T00:29:58.118Z","status":"online","user_id":"656daa91-33b4-4688-9135-c982ea52d7c9","username":"ursinho","watching_id":"tt3501632","watching_title":"Thor: Ragnarok","watching_type":"movie"}]}},"leaves":{"ec48d346-eb5f-11f0-bc3e-9ee62e3b7bba":{"metas":[{"phx_ref":"GIhLbVZJZMk6Ai0D","phx_ref_prev":"GIhLaK4_OcU6AisD","last_seen":"2026-01-07T00:29:46.571Z","status":"online","user_id":"656daa91-33b4-4688-9135-c982ea52d7c9","username":"ursinho"}]}}},"topic":"realtime:global-presence"}
✅ Got background: https://images.metahub.space/background/medium/tt3501632/img...
✅ Got poster URL: https://images.metahub.space/poster/small/tt3501632/img...
✅ Got logo: https://images.metahub.space/logo/medium/tt3501632/img...
📡 SocialService: Updated status - online: Thor: Ragnarok
➕ Added new participant 656daa91-33b4-4688-9135-c982ea52d7c9 (Ref: GIhLcAX9pmZF_S5j)
⏰ AppState: Next schedule update set for Event End: 2026-01-07 01:21:49 +0000
⏰ AppState: Scheduling update in 3111 seconds
⏳ EVENT: Waiting for duration to start playback...
⏳ MPVPlayerViewModel: Enhancing UI - Buffering started (show spinner)
✅ Download complete: 53679 bytes
📦 Detected ZIP archive, extracting...
⚠️ No specific episode match found, using first file: Thor.Ragnarok.2017.2160p.BluRay.REMUX.HEVC.DTS-HD.MA.TrueHD.7.1.Atmos-FGT.English.srt
📦 Extracting specific file: Thor.Ragnarok.2017.2160p.BluRay.REMUX.HEVC.DTS-HD.MA.TrueHD.7.1.Atmos-FGT.English.srt
✅ Extraction successful
✅ Subtitle downloaded and converted to VTT
[ INFO ] GET /subtitles/subdl/L3N1YnRpdGxlLzM1MTQ1NzYtODQzNzE4OS56aXA= [request-id: 8D3B4C4C-A4A1-48C2-947F-8B41A5317FA4]
2026-01-06 19:29:58.993 RedLemon[13552:170196] ⏩ Watch Party: Room already playing, skipping Ready Gate (Late Join)
2026-01-06 19:29:59.826 RedLemon[13552:170456] ✅ Subtitle 2 downloaded to: /var/folders/3v/s3d75ntd4v90_pg0mb6rmlz40000gn/T/sub_259FC2B5-262D-4B69-897E-A8F66491F4BE.vtt
2026-01-06 19:29:59.827 RedLemon[13552:170456] 📝 Loading subtitle from: /var/folders/3v/s3d75ntd4v90_pg0mb6rmlz40000gn/T/sub_259FC2B5-262D-4B69-897E-A8F
2026-01-06 19:29:59.847 RedLemon[13552:170456] ✅ External subtitle added to track list (not auto-selected)
2026-01-06 19:29:59.847 RedLemon[13552:170456] 🔍 SubtitleService: Downloading http://127.0.0.1:47253/subtitles/subdl/L3N1YnRpdGxlLzM0ODM1LTE3OTk4Mjkuemlw?token=ED713C89-1444-4857-A6D1-62FED738B3D6
📄 Subtitle request: L3N1YnRpdGxlLzM1MTQ1... (offset: 0ms)
📥 Downloading subtitle from SubDL CDN: /subtitle/3514576-8437189.zip
[MPV] (+) Video --vid=1 (*) 'GalaxyRG265 - Thor.Ragnarok.2017.1080p.BluRay.DDP5.1.x265.10bit-GalaxyRG265' (hevc 1920x1080 23.976fps)
[MPV] (+) Audio --aid=1 --alang=eng (*) 'GalaxyRG265 - Thor.Ragnarok.2017.1080p.BluRay.DDP5.1.x265.10bit-GalaxyRG265' (eac3 6ch 48000Hz)
[MPV] (+) Subs  --sid=1 --slang=en 'Thor.Ragnarok.2017.2160p.BluRay.REMUX.HEVC.DTS-HD.MA.TrueHD.7.1.Atmos-FGT' (webvtt) (external)
[MPV] Subs  --sid=2 --slang=eng (*) 'GalaxyRG256 - Thor.Ragnarok.2017.1080p.BluRay.DDP5.1.x265.10bit-GalaxyRG265' (hdmv_pgs_subtitle)
[MPV] File tags:
[MPV] Comment: GalaxyRG265 - Thor.Ragnarok.2017.1080p.BluRay.DDP5.1.x265.10bit-GalaxyRG265
[MPV] Title: GalaxyRG265 - Thor.Ragnarok.2017.1080p.BluRay.DDP5.1.x265.10bit-GalaxyRG265
 MPV Event: 18
 MPV Event: 18
🔍 SMART-LOAD: Starting track polling loop...
🔍 SMART-LOAD: Expecting 3 external subtitles to prevent race condition
🎉 EVENT: File loaded/Duration ready (7830.699s), preparing to seek...
   Seeking to live edge: 5349s
🎉 EVENT: File loaded/Duration ready (7830.699s), preparing to seek...
   Seeking to live edge: 5349s
 MPV Event: 18
🎉 EVENT: File loaded/Duration ready (7830.699s), preparing to seek...
   Seeking to live edge: 5350s
 MPV Event: 17
 MPV Event: 17
[MPV] Using hardware decoding (videotoolbox).
[MPV] AO: [coreaudio] 48000Hz stereo 2ch floatp
[MPV] VO: [libmpv] 1920x1080 videotoolbox[p010]
🎬 DisplayLink: reportSwap() (throttled)
🎬 canDraw() = true (forceDraw:false, hasFrame:true) (throttled)
🎬 draw() - Rendering frame! (throttled)
 MPV Event: 20
⚡️ PlaybackService: creating sleep assertion (preventing idle sleep)
✅ Video ready - hiding poster
🎉 EVENT: Video ready, drift is small (0.24s), skipping redundant seek
📝 Started watch history tracking
⚠️ onVideoReady called again - ignoring to prevent loops
 MPV Event: 20
✅ Download complete: 52673 bytes
📦 Detected ZIP archive, extracting...
⚠️ No specific episode match found, using first file: Thor Ragnarok.2017.WEBDL-2160p-JARViS.en.hi.srt
📦 Extracting specific file: Thor Ragnarok.2017.WEBDL-2160p-JARViS.en.hi.srt
✅ Extraction successful
✅ Subtitle downloaded and converted to VTT
[MPV] Track added:
[MPV] (+) Video --vid=1 (*) 'GalaxyRG265 - Thor.Ragnarok.2017.1080p.BluRay.DDP5.1.x265.10bit-GalaxyRG265' (hevc [Main 10] 1920x1080 23.976fps)
[MPV] (+) Audio --aid=1 --alang=eng (*) 'GalaxyRG265 - Thor.Ragnarok.2017.1080p.BluRay.DDP5.1.x265.10bit-GalaxyRG265' (eac3 6ch 48000Hz)
[MPV] Subs  --sid=1 --slang=en 'Thor.Ragnarok.2017.2160p.BluRay.REMUX.HEVC.DTS-HD.MA.TrueHD.7.1.Atmos-FGT' (webvtt) (external)
[MPV] Subs  --sid=2 --slang=eng (*) 'GalaxyRG256 - Thor.Ragnarok.2017.1080p.BluRay.DDP5.1.x265.10bit-GalaxyRG265' (hdmv_pgs_subtitle)
[MPV] (+) Subs  --sid=3 --slang=en 'Thor Ragnarok.2017.WEBDL-2160p-JARViS.en.hi' (webvtt) (external)
[ INFO ] GET /subtitles/subdl/L3N1YnRpdGxlLzM0ODM1LTE3OTk4Mjkuemlw [request-id: FAED8EB2-3D97-4AFB-AA59-AE52EBFCC5B8]
2026-01-06 19:30:00.238 RedLemon[13552:170256] ✅ Subtitle 3 downloaded to: /var/folders/3v/s3d75ntd4v90_pg0mb6rmlz40000gn/T/sub_36C2A147-D12D-4944-AD47-E6D05F9780F7.vtt
2026-01-06 19:30:00.238 RedLemon[13552:170256] 📝 Loading subtitle from: /var/folders/3v/s3d75ntd4v90_pg0mb6rmlz40000gn/T/sub_36C2A147-D12D-4944-AD47-E6D
2026-01-06 19:30:00.251 RedLemon[13552:170256] ✅ External subtitle added to track list (not auto-selected)
2026-01-06 19:30:00.251 RedLemon[13552:170256] 🔍 MPV track-list/count: 6
2026-01-06 19:30:00.251 RedLemon[13552:170256] 🔍 Track 0 type: sub
2026-01-06 19:30:00.251 RedLemon[13552:170256] ✅ Found subtitle track: ID=1, lang=en, title=Thor.Ragnarok.2017.2160p.BluRay.REMUX.HEVC.DTS-HD.MA.TrueHD.7.1.Atmos-FGT, external=1
2026-01-06 19:30:00.252 RedLemon[13552:170256] 🔍 Track 1 type: video
2026-01-06 19:30:00.252 RedLemon[13552:170256] 🔍 Track 2 type: audio
2026-01-06 19:30:00.252 RedLemon[13552:170256] 🔍 Track 3 type: sub
2026-01-06 19:30:00.252 RedLemon[13552:170256] ✅ Found subtitle track: ID=2, lang=eng, title=GalaxyRG256 - Thor.Ragnarok.2017.1080p.BluRay.DDP5.1.x265.10bit-GalaxyRG265, external=0
2026-01-06 19:30:00.252 RedLemon[13552:170256] 🔍 Track 4 type: sub
2026-01-06 19:30:00.252 RedLemon[13552:170256] ✅ Found subtitle track: ID=3, lang=en, title=Thor Ragnarok.2017.WEBDL-2160p-JARViS.en.hi, external=1
2026-01-06 19:30:00.252 RedLemon[13552:170256] 🔍 Track 5 type: sub
2026-01-06 19:30:00.252 RedLemon[13552:170256] ✅ Found subtitle track: ID=4, lang=en, title=Thor.Ragnarok.2017.UHD.BluRay.2160p.TrueHD.Atmos.7.1.HEVC.REMUX-FraMeSToR, external=1
2026-01-06 19:30:00.253 RedLemon[13552:170256] 📊 Total subtitle tracks found: 5 (including Off if needed)
2026-01-06 19:30:00.254 RedLemon[13552:170256]    Start[0]: ID=0, Title='Off', Lang='nil', Ext=0
2026-01-06 19:30:00.254 RedLemon[13552:170256]    Start[1]: ID=1, Title='Thor.Ragnarok.2017.2160p.BluRay.REMUX.HEVC.DTS-HD.MA.TrueHD.7.1.Atmos-FGT', Lang='en', Ext=1
2026-01-06 19:30:00.254 RedLemon[13552:170256]    Start[2]: ID=2, Title='GalaxyRG256 - Thor.Ragnarok.2017.1080p.BluRay.DDP5.1.x265.10bit-GalaxyRG265', Lang='eng', Ext=0
2026-01-06 19:30:00.254 RedLemon[13552:170256]    Start[3]: ID=3, Title='Thor Ragnarok.2017.WEBDL-2160p-JARViS.en.hi', Lang='en', Ext=1
2026-01-06 19:30:00.254 RedLemon[13552:170256]    Start[4]: ID=4, Title='Thor.Ragnarok.2017.UHD.BluRay.2160p.TrueHD.Atmos.7.1.HEVC.REMUX-FraMeSToR', Lang='en', Ext=1
2026-01-06 19:30:00.255 RedLemon[13552:170256] ✅ SubtitleService: Scanned 5 tracks (Attempt 1/5)
2026-01-06 19:30:00.255 RedLemon[13552:170256]    Track: ID=0, Title=Off, External=0
2026-01-06 19:30:00.255 RedLemon[13552:170256]    Track: ID=1, Title=Thor.Ragnarok.2017.2160p.BluRay.REMUX.HEVC.DTS-HD.MA.TrueHD.7.1.Atmos-FGT, External=1
2026-01-06 19:30:00.256 RedLemon[13552:170256]    Track: ID=2, Title=GalaxyRG256 - Thor.Ragnarok.2017.1080p.BluRay.DDP5.1.x265.10bit-GalaxyRG265, External=0
2026-01-06 19:30:00.256 RedLemon[13552:170256]    Track: ID=3, Title=Thor Ragnarok.2017.WEBDL-2160p-JARViS.en.hi, External=1
2026-01-06 19:30:00.257 RedLemon[13552:170256]    Track: ID=4, Title=Thor.Ragnarok.2017.UHD.BluRay.2160p.TrueHD.Atmos.7.1.HEVC.REMUX-FraMeSToR, External=1
2026-01-06 19:30:01.291 RedLemon[13552:170391] 🔍 MPV track-list/count: 6
2026-01-06 19:30:01.291 RedLemon[13552:170391] 🔍 Track 0 type: sub
2026-01-06 19:30:01.291 RedLemon[13552:170391] ✅ Found subtitle track: ID=1, lang=en, title=Thor.Ragnarok.2017.2160p.BluRay.REMUX.HEVC.DTS-HD.MA.TrueHD.7.1.Atmos-FGT, external=1
2026-01-06 19:30:01.291 RedLemon[13552:170391] 🔍 Track 1 type: video
2026-01-06 19:30:01.291 RedLemon[13552:170391] 🔍 Track 2 type: audio
2026-01-06 19:30:01.291 RedLemon[13552:170391] 🔍 Track 3 type: sub
2026-01-06 19:30:01.292 RedLemon[13552:170391] ✅ Found subtitle track: ID=2, lang=eng, title=GalaxyRG256 - Thor.Ragnarok.2017.1080p.BluRay.DDP5.1.x265.10bit-GalaxyRG265, external=0
2026-01-06 19:30:01.292 RedLemon[13552:170391] 🔍 Track 4 type: sub
2026-01-06 19:30:01.292 RedLemon[13552:170391] ✅ Found subtitle track: ID=3, lang=en, title=Thor Ragnarok.2017.WEBDL-2160p-JARViS.en.hi, external=1
2026-01-06 19:30:01.293 RedLemon[13552:170391] 🔍 Track 5 type: sub
2026-01-06 19:30:01.293 RedLemon[13552:170391] ✅ Found subtitle track: ID=4, lang=en, title=Thor.Ragnarok.2017.UHD.BluRay.2160p.TrueHD.Atmos.7.1.HEVC.REMUX-FraMeSToR, external=1
2026-01-06 19:30:01.293 RedLemon[13552:170391] 📊 Total subtitle tracks found: 5 (including Off if needed)
2026-01-06 19:30:01.293 RedLemon[13552:170391]    Start[0]: ID=0, Title='Off', Lang='nil', Ext=0
2026-01-06 19:30:01.294 RedLemon[13552:170391]    Start[1]: ID=1, Title='Thor.Ragnarok.2017.2160p.BluRay.REMUX.HEVC.DTS-HD.MA.TrueHD.7.1.Atmos-FGT', Lang='en', Ext=1
2026-01-06 19:30:01.294 RedLemon[13552:170391]    Start[2]: ID=2, Title='GalaxyRG256 - Thor.Ragnarok.2017.1080p.BluRay.DDP5.1.x265.10bit-GalaxyRG265', Lang='eng', Ext=0
2026-01-06 19:30:01.294 RedLemon[13552:170391]    Start[3]: ID=3, Title='Thor Ragnarok.2017.WEBDL-2160p-JARViS.en.hi', Lang='en', Ext=1
2026-01-06 19:30:01.294 RedLemon[13552:170391]    Start[4]: ID=4, Title='Thor.Ragnarok.2017.UHD.BluRay.2160p.TrueHD.Atmos.7.1.HEVC.REMUX-FraMeSToR', Lang='en', Ext=1
2026-01-06 19:30:01.294 RedLemon[13552:170391] ✅ SubtitleService: Scanned 5 tracks (Attempt 2/5)
2026-01-06 19:30:01.295 RedLemon[13552:170391]    Track: ID=0, Title=Off, External=0
2026-01-06 19:30:01.295 RedLemon[13552:170391]    Track: ID=1, Title=Thor.Ragnarok.2017.2160p.BluRay.REMUX.HEVC.DTS-HD.MA.TrueHD.7.1.Atmos-FGT, External=1
2026-01-06 19:30:01.296 RedLemon[13552:170391]    Track: ID=2, Title=GalaxyRG256 - Thor.Ragnarok.2017.1080p.BluRay.DDP5.1.x265.10bit-GalaxyRG265, External=0
2026-01-06 19:30:01.298 RedLemon[13552:170391]    Track: ID=3, Title=Thor Ragnarok.2017.WEBDL-2160p-JARViS.en.hi, External=1
2026-01-06 19:30:01.298 RedLemon[13552:170391]    Track: ID=4, Title=Thor.Ragnarok.2017.UHD.BluRay.2160p.TrueHD.Atmos.7.1.HEVC.REMUX-FraMeSToR, External=1
2026-01-06 19:30:02.404 RedLemon[13552:170256] 🔍 MPV track-list/count: 6
2026-01-06 19:30:02.404 RedLemon[13552:170256] 🔍 Track 0 type: sub
2026-01-06 19:30:02.404 RedLemon[13552:170256] ✅ Found subtitle track: ID=1, lang=en, title=Thor.Ragnarok.2017.2160p.BluRay.REMUX.HEVC.DTS-HD.MA.TrueHD.7.1.Atmos-FGT, external=1
2026-01-06 19:30:02.405 RedLemon[13552:170256] 🔍 Track 1 type: video
2026-01-06 19:30:02.405 RedLemon[13552:170256] 🔍 Track 2 type: audio
2026-01-06 19:30:02.405 RedLemon[13552:170256] 🔍 Track 3 type: sub
2026-01-06 19:30:02.405 RedLemon[13552:170256] ✅ Found subtitle track: ID=2, lang=eng, title=GalaxyRG256 - Thor.Ragnarok.2017.1080p.BluRay.DDP5.1.x265.10bit-GalaxyRG265, external=0
2026-01-06 19:30:02.405 RedLemon[13552:170256] 🔍 Track 4 type: sub
2026-01-06 19:30:02.406 RedLemon[13552:170256] ✅ Found subtitle track: ID=3, lang=en, title=Thor Ragnarok.2017.WEBDL-2160p-JARViS.en.hi, external=1
2026-01-06 19:30:02.406 RedLemon[13552:170256] 🔍 Track 5 type: sub
2026-01-06 19:30:02.406 RedLemon[13552:170256] ✅ Found subtitle track: ID=4, lang=en, title=Thor.Ragnarok.2017.UHD.BluRay.2160p.TrueHD.Atmos.7.1.HEVC.REMUX-FraMeSToR, external=1
2026-01-06 19:30:02.406 RedLemon[13552:170256] 📊 Total subtitle tracks found: 5 (including Off if needed)
2026-01-06 19:30:02.406 RedLemon[13552:170256]    Start[0]: ID=0, Title='Off', Lang='nil', Ext=0
2026-01-06 19:30:02.406 RedLemon[13552:170256]    Start[1]: ID=1, Title='Thor.Ragnarok.2017.2160p.BluRay.REMUX.HEVC.DTS-HD.MA.TrueHD.7.1.Atmos-FGT', Lang='en', Ext=1
2026-01-06 19:30:02.406 RedLemon[13552:170256]    Start[2]: ID=2, Title='GalaxyRG256 - Thor.Ragnarok.2017.1080p.BluRay.DDP5.1.x265.10bit-GalaxyRG265', Lang='eng', Ext=0
2026-01-06 19:30:02.407 RedLemon[13552:170256]    Start[3]: ID=3, Title='Thor Ragnarok.2017.WEBDL-2160p-JARViS.en.hi', Lang='en', Ext=1
2026-01-06 19:30:02.407 RedLemon[13552:170256]    Start[4]: ID=4, Title='Thor.Ragnarok.2017.UHD.BluRay.2160p.TrueHD.Atmos.7.1.HEVC.REMUX-FraMeSToR', Lang='en', Ext=1
2026-01-06 19:30:02.407 RedLemon[13552:170256] ✅ SubtitleService: Scanned 5 tracks (Attempt 3/5)
2026-01-06 19:30:02.407 RedLemon[13552:170256]    Track: ID=0, Title=Off, External=0
2026-01-06 19:30:02.407 RedLemon[13552:170256]    Track: ID=1, Title=Thor.Ragnarok.2017.2160p.BluRay.REMUX.HEVC.DTS-HD.MA.TrueHD.7.1.Atmos-FGT, External=1
2026-01-06 19:30:02.407 RedLemon[13552:170256]    Track: ID=2, Title=GalaxyRG256 - Thor.Ragnarok.2017.1080p.BluRay.DDP5.1.x265.10bit-GalaxyRG265, External=0
2026-01-06 19:30:02.407 RedLemon[13552:170256]    Track: ID=3, Title=Thor Ragnarok.2017.WEBDL-2160p-JARViS.en.hi, External=1
2026-01-06 19:30:02.408 RedLemon[13552:170256]    Track: ID=4, Title=Thor.Ragnarok.2017.UHD.BluRay.2160p.TrueHD.Atmos.7.1.HEVC.REMUX-FraMeSToR, External=1
2026-01-06 19:30:03.427 RedLemon[13552:170256] 🔍 MPV track-list/count: 6
2026-01-06 19:30:03.428 RedLemon[13552:170256] 🔍 Track 0 type: sub
2026-01-06 19:30:03.428 RedLemon[13552:170256] ✅ Found subtitle track: ID=1, lang=en, title=Thor.Ragnarok.2017.2160p.BluRay.REMUX.HEVC.DTS-HD.MA.TrueHD.7.1.Atmos-FGT, external=1
2026-01-06 19:30:03.428 RedLemon[13552:170256] 🔍 Track 1 type: video
2026-01-06 19:30:03.428 RedLemon[13552:170256] 🔍 Track 2 type: audio
2026-01-06 19:30:03.429 RedLemon[13552:170256] 🔍 Track 3 type: sub
2026-01-06 19:30:03.429 RedLemon[13552:170256] ✅ Found subtitle track: ID=2, lang=eng, title=GalaxyRG256 - Thor.Ragnarok.2017.1080p.BluRay.DDP5.1.x265.10bit-GalaxyRG265, external=0
2026-01-06 19:30:03.429 RedLemon[13552:170256] 🔍 Track 4 type: sub
2026-01-06 19:30:03.429 RedLemon[13552:170256] ✅ Found subtitle track: ID=3, lang=en, title=Thor Ragnarok.2017.WEBDL-2160p-JARViS.en.hi, external=1
2026-01-06 19:30:03.429 RedLemon[13552:170256] 🔍 Track 5 type: sub
2026-01-06 19:30:03.429 RedLemon[13552:170256] ✅ Found subtitle track: ID=4, lang=en, title=Thor.Ragnarok.2017.UHD.BluRay.2160p.TrueHD.Atmos.7.1.HEVC.REMUX-FraMeSToR, external=1
2026-01-06 19:30:03.429 RedLemon[13552:170256] 📊 Total subtitle tracks found: 5 (including Off if needed)
2026-01-06 19:30:03.430 RedLemon[13552:170256]    Start[0]: ID=0, Title='Off', Lang='nil', Ext=0
2026-01-06 19:30:03.430 RedLemon[13552:170256]    Start[1]: ID=1, Title='Thor.Ragnarok.2017.2160p.BluRay.REMUX.HEVC.DTS-HD.MA.TrueHD.7.1.Atmos-FGT', Lang='en', Ext=1
2026-01-06 19:30:03.430 RedLemon[13552:170256]    Start[2]: ID=2, Title='GalaxyRG256 - Thor.Ragnarok.2017.1080p.BluRay.DDP5.1.x265.10bit-GalaxyRG265', Lang='eng', Ext=0
2026-01-06 19:30:03.430 RedLemon[13552:170256]    Start[3]: ID=3, Title='Thor Ragnarok.2017.WEBDL-2160p-JARViS.en.hi', Lang='en', Ext=1
2026-01-06 19:30:03.430 RedLemon[13552:170256]    Start[4]: ID=4, Title='Thor.Ragnarok.2017.UHD.BluRay.2160p.TrueHD.Atmos.7.1.HEVC.REMUX-FraMeSToR', Lang='en', Ext=1
2026-01-06 19:30:03.430 RedLemon[13552:170256] ✅ SubtitleService: Scanned 5 tracks (Attempt 4/5)
2026-01-06 19:30:03.430 RedLemon[13552:170256]    Track: ID=0, Title=Off, External=0
2026-01-06 19:30:03.430 RedLemon[13552:170256]    Track: ID=1, Title=Thor.Ragnarok.2017.2160p.BluRay.REMUX.HEVC.DTS-HD.MA.TrueHD.7.1.Atmos-FGT, External=1
2026-01-06 19:30:03.431 RedLemon[13552:170256]    Track: ID=2, Title=GalaxyRG256 - Thor.Ragnarok.2017.1080p.BluRay.DDP5.1.x265.10bit-GalaxyRG265, External=0
2026-01-06 19:30:03.431 RedLemon[13552:170256]    Track: ID=3, Title=Thor Ragnarok.2017.WEBDL-2160p-JARViS.en.hi, External=1
2026-01-06 19:30:03.431 RedLemon[13552:170256]    Track: ID=4, Title=Thor.Ragnarok.2017.UHD.BluRay.2160p.TrueHD.Atmos.7.1.HEVC.REMUX-FraMeSToR, External=1
2026-01-06 19:30:04.521 RedLemon[13552:170256] 🔍 MPV track-list/count: 6
2026-01-06 19:30:04.521 RedLemon[13552:170256] 🔍 Track 0 type: sub
2026-01-06 19:30:04.521 RedLemon[13552:170256] ✅ Found subtitle track: ID=1, lang=en, title=Thor.Ragnarok.2017.2160p.BluRay.REMUX.HEVC.DTS-HD.MA.TrueHD.7.1.Atmos-FGT, external=1
2026-01-06 19:30:04.521 RedLemon[13552:170256] 🔍 Track 1 type: video
2026-01-06 19:30:04.521 RedLemon[13552:170256] 🔍 Track 2 type: audio
2026-01-06 19:30:04.521 RedLemon[13552:170256] 🔍 Track 3 type: sub
2026-01-06 19:30:04.521 RedLemon[13552:170256] ✅ Found subtitle track: ID=2, lang=eng, title=GalaxyRG256 - Thor.Ragnarok.2017.1080p.BluRay.DDP5.1.x265.10bit-GalaxyRG265, external=0
2026-01-06 19:30:04.522 RedLemon[13552:170256] 🔍 Track 4 type: sub
2026-01-06 19:30:04.522 RedLemon[13552:170256] ✅ Found subtitle track: ID=3, lang=en, title=Thor Ragnarok.2017.WEBDL-2160p-JARViS.en.hi, external=1
2026-01-06 19:30:04.522 RedLemon[13552:170256] 🔍 Track 5 type: sub
2026-01-06 19:30:04.522 RedLemon[13552:170256] ✅ Found subtitle track: ID=4, lang=en, title=Thor.Ragnarok.2017.UHD.BluRay.2160p.TrueHD.Atmos.7.1.HEVC.REMUX-FraMeSToR, external=1
2026-01-06 19:30:04.522 RedLemon[13552:170256] 📊 Total subtitle tracks found: 5 (including Off if needed)
2026-01-06 19:30:04.522 RedLemon[13552:170256]    Start[0]: ID=0, Title='Off', Lang='nil', Ext=0
2026-01-06 19:30:04.522 RedLemon[13552:170256]    Start[1]: ID=1, Title='Thor.Ragnarok.2017.2160p.BluRay.REMUX.HEVC.DTS-HD.MA.TrueHD.7.1.Atmos-FGT', Lang='en', Ext=1
2026-01-06 19:30:04.523 RedLemon[13552:170256]    Start[2]: ID=2, Title='GalaxyRG256 - Thor.Ragnarok.2017.1080p.BluRay.DDP5.1.x265.10bit-GalaxyRG265', Lang='eng', Ext=0
2026-01-06 19:30:04.523 RedLemon[13552:170256]    Start[3]: ID=3, Title='Thor Ragnarok.2017.WEBDL-2160p-JARViS.en.hi', Lang='en', Ext=1
2026-01-06 19:30:04.523 RedLemon[13552:170256]    Start[4]: ID=4, Title='Thor.Ragnarok.2017.UHD.BluRay.2160p.TrueHD.Atmos.7.1.HEVC.REMUX-FraMeSToR', Lang='en', Ext=1
2026-01-06 19:30:04.523 RedLemon[13552:170256] ✅ SubtitleService: Scanned 5 tracks (Attempt 5/5)
2026-01-06 19:30:04.523 RedLemon[13552:170256]    Track: ID=0, Title=Off, External=0
2026-01-06 19:30:04.523 RedLemon[13552:170256]    Track: ID=1, Title=Thor.Ragnarok.2017.2160p.BluRay.REMUX.HEVC.DTS-HD.MA.TrueHD.7.1.Atmos-FGT, External=1
2026-01-06 19:30:04.523 RedLemon[13552:170256]    Track: ID=2, Title=GalaxyRG256 - Thor.Ragnarok.2017.1080p.BluRay.DDP5.1.x265.10bit-GalaxyRG265, External=0
2026-01-06 19:30:04.523 RedLemon[13552:170256]    Track: ID=3, Title=Thor Ragnarok.2017.WEBDL-2160p-JARViS.en.hi, External=1
2026-01-06 19:30:04.523 RedLemon[13552:170256]    Track: ID=4, Title=Thor.Ragnarok.2017.UHD.BluRay.2160p.TrueHD.Atmos.7.1.HEVC.REMUX-FraMeSToR, External=1
2026-01-06 19:30:06.172 RedLemon[13552:170196] 🖱️ Mouse: x=1226/1366 y=734/768 | Exit: 0 Controls: 1 Chat: 1
2026-01-06 19:30:07.653 RedLemon[13552:170196] 🚪 Joining room: N3KG
2026-01-06 19:30:08.758 RedLemon[13552:170196] 🚪 Room is in lobby
2026-01-06 19:30:09.106 RedLemon[13552:170196] 👥 MPVPlayer: Merged participants list via polling (Count: 1)
📄 Subtitle request: L3N1YnRpdGxlLzM0ODM1... (offset: 0ms)
📥 Downloading subtitle from SubDL CDN: /subtitle/34835-1799829.zip
⏳ SMART-LOAD: Waiting for subtitles... (Found 2/3)
🎬 DisplayLink: reportSwap() (throttled)
✅ Download complete: 45644 bytes
📦 Detected ZIP archive, extracting...
⚠️ No specific episode match found, using first file: Thor.Ragnarok.2017.UHD.BluRay.2160p.TrueHD.Atmos.7.1.HEVC.REMUX-FraMeSToR.srt
📦 Extracting specific file: Thor.Ragnarok.2017.UHD.BluRay.2160p.TrueHD.Atmos.7.1.HEVC.REMUX-FraMeSToR.srt
✅ Extraction successful
✅ Subtitle downloaded and converted to VTT
[MPV] Track added:
🎬 MPV: Frame ready! Calling layer.update() (throttled)
[MPV] (+) Video --vid=1 (*) 'GalaxyRG265 - Thor.Ragnarok.2017.1080p.BluRay.DDP5.1.x265.10bit-GalaxyRG265' (hevc [Main 10] 1920x1080 23.976fps)
🔍 SubtitleService: Starting embedded track scan (polling 5s)...
[MPV] (+) Audio --aid=1 --alang=eng (*) 'GalaxyRG265 - Thor.Ragnarok.2017.1080p.BluRay.DDP5.1.x265.10bit-GalaxyRG265' (eac3 6ch 48000Hz)
[MPV] Subs  --sid=1 --slang=en 'Thor.Ragnarok.2017.2160p.BluRay.REMUX.HEVC.DTS-HD.MA.TrueHD.7.1.Atmos-FGT' (webvtt) (external)
[MPV] Subs  --sid=2 --slang=eng (*) 'GalaxyRG256 - Thor.Ragnarok.2017.1080p.BluRay.DDP5.1.x265.10bit-GalaxyRG265' (hdmv_pgs_subtitle)
[MPV] Subs  --sid=3 --slang=en 'Thor Ragnarok.2017.WEBDL-2160p-JARViS.en.hi' (webvtt) (external)
[MPV] (+) Subs  --sid=4 --slang=en 'Thor.Ragnarok.2017.UHD.BluRay.2160p.TrueHD.Atmos.7.1.HEVC.REMUX-FraMeSToR' (webvtt) (external)
📊 Current subtitle track: 4
✅ SMART-LOAD: Found 6 tracks including 3/3 external subs.
✅ SMART-LOAD: All tracks ready! Proceeding to selection.
🔍 AUDIO AUTO-SELECT: Starting smart audio track scan
🔍 Track 1: GalaxyRG265 - Thor.Ragnarok.2017.1080p.BluRay.DDP5.1.x265.10bit-GalaxyRG265 | 6ch | English: true | Commentary: false -> Score: 1065
🏆 Selected best audio track: GalaxyRG265 - Thor.Ragnarok.2017.1080p.BluRay.DDP5.1.x265.10bit-GalaxyRG265 (ID: 1, Score: 1065)
🔍 AUDIO AUTO-SELECT: Starting smart audio track scan
🔍 Track 1: GalaxyRG265 - Thor.Ragnarok.2017.1080p.BluRay.DDP5.1.x265.10bit-GalaxyRG265 | 6ch | English: true | Commentary: false -> Score: 1065
🏆 Selected best audio track: GalaxyRG265 - Thor.Ragnarok.2017.1080p.BluRay.DDP5.1.x265.10bit-GalaxyRG265 (ID: 1, Score: 1065)
🔍 AUTO-SELECT: Starting subtitle scan & selection refresh
🔍 AUTO-SELECT: Found 6 total tracks
🔍 AUTO-SELECT: Track 0 - ID: 1, lang: 'en', title: 'Thor.Ragnarok.2017.2160p.BluRay.REMUX.HEVC.DTS-HD.MA.TrueHD.7.1.Atmos-FGT', forced: false, default: false, HI: false, Ext: true
🔍 AUTO-SELECT: Track 3 - ID: 2, lang: 'eng', title: 'GalaxyRG256 - Thor.Ragnarok.2017.1080p.BluRay.DDP5.1.x265.10bit-GalaxyRG265', forced: false, default: true, HI: false, Ext: false
🔍 AUTO-SELECT: Track 4 - ID: 3, lang: 'en', title: 'Thor Ragnarok.2017.WEBDL-2160p-JARViS.en.hi', forced: false, default: false, HI: false, Ext: true
🔍 AUTO-SELECT: Track 5 - ID: 4, lang: 'en', title: 'Thor.Ragnarok.2017.UHD.BluRay.2160p.TrueHD.Atmos.7.1.HEVC.REMUX-FraMeSToR', forced: false, default: false, HI: false, Ext: true
✅ Auto-selecting BEST English subtitle: GalaxyRG256 - Thor.Ragnarok.2017.1080p.BluRay.DDP5.1.x265.10bit-GalaxyRG265 (ID: 2) [External: false, Forced: false, Default: true, HI: false]
   🏆 Final Score: 3690 (Embedded: 3000, Match: 700, Clean: 0, SDH: 0)
[MPV] Track switched:
[MPV] (+) Video --vid=1 (*) 'GalaxyRG265 - Thor.Ragnarok.2017.1080p.BluRay.DDP5.1.x265.10bit-GalaxyRG265' (hevc [Main 10] 1920x1080 23.976fps)
[MPV] (+) Audio --aid=1 --alang=eng (*) 'GalaxyRG265 - Thor.Ragnarok.2017.1080p.BluRay.DDP5.1.x265.10bit-GalaxyRG265' (eac3 6ch 48000Hz)
[MPV] Subs  --sid=1 --slang=en 'Thor.Ragnarok.2017.2160p.BluRay.REMUX.HEVC.DTS-HD.MA.TrueHD.7.1.Atmos-FGT' (webvtt) (external)
[MPV] Subs  --sid=2 --slang=eng (*) 'GalaxyRG256 - Thor.Ragnarok.2017.1080p.BluRay.DDP5.1.x265.10bit-GalaxyRG265' (hdmv_pgs_subtitle)
[MPV] Subs  --sid=3 --slang=en 'Thor Ragnarok.2017.WEBDL-2160p-JARViS.en.hi' (webvtt) (external)
[MPV] (+) Subs  --sid=4 --slang=en 'Thor.Ragnarok.2017.UHD.BluRay.2160p.TrueHD.Atmos.7.1.HEVC.REMUX-FraMeSToR' (webvtt) (external)
[MPV] Track switched:
[MPV] (+) Video --vid=1 (*) 'GalaxyRG265 - Thor.Ragnarok.2017.1080p.BluRay.DDP5.1.x265.10bit-GalaxyRG265' (hevc [Main 10] 1920x1080 23.976fps)
[MPV] (+) Audio --aid=1 --alang=eng (*) 'GalaxyRG265 - Thor.Ragnarok.2017.1080p.BluRay.DDP5.1.x265.10bit-GalaxyRG265' (eac3 6ch 48000Hz)
[MPV] Subs  --sid=1 --slang=en 'Thor.Ragnarok.2017.2160p.BluRay.REMUX.HEVC.DTS-HD.MA.TrueHD.7.1.Atmos-FGT' (webvtt) (external)
[MPV] (+) Subs  --sid=2 --slang=eng (*) 'GalaxyRG256 - Thor.Ragnarok.2017.1080p.BluRay.DDP5.1.x265.10bit-GalaxyRG265' (hdmv_pgs_subtitle)
[MPV] Subs  --sid=3 --slang=en 'Thor Ragnarok.2017.WEBDL-2160p-JARViS.en.hi' (webvtt) (external)
[MPV] Subs  --sid=4 --slang=en 'Thor.Ragnarok.2017.UHD.BluRay.2160p.TrueHD.Atmos.7.1.HEVC.REMUX-FraMeSToR' (webvtt) (external)
⏸️ SMART-LOAD: Staying paused (Watch Party / User Request)
🎬 DisplayLink: reportSwap() (throttled)
📊 Current subtitle track: 2
🎬 Layer.update() called - forceDraw:false needsFlip:true (throttled)
🎬 DisplayLink: reportSwap() (throttled)
⏳ MPVPlayerViewModel: Buffering finished during Event Seek - Starting 500ms Render Stabilization Timer...
🎬 MPV: Frame ready! Calling layer.update() (throttled)
📊 Current subtitle track: 2
🔓 MPVPlayerViewModel: Time advancing (time: 5350.387) while buffering - Forcing UI unlock
✅ MPVPlayerViewModel: Render Stabilization Complete - Releasing UI
🎬 DisplayLink: reportSwap() (throttled)
📊 Current subtitle track: 2
📨 Received: {"ref":null,"event":"presence_diff","payload":{"joins":{"d2b84934-eb5f-11f0-9baa-9ee62e3b7bba":{"metas":[{"phx_ref":"GIhLcVJIijg6Ai6j","phx_ref_prev":"GIhLbKoNNwU6Aizj","last_seen":"2026-01-07T00:30:03.703Z","room_id":"N3KG","started_at":"2026-01-07T00:29:03.850Z","status":"In Lobby: Pluribus","user_id":"96e01cdb-36c0-4228-a6e4-a29a3c66bc8e","username":"lemontom","watching_id":"tt22202452","watching_title":"Pluribus","watching_type":"series"}]}},"leaves":{"d2b84934-eb5f-11f0-9baa-9ee62e3b7bba":{"metas":[{"phx_ref":"GIhLbKoNNwU6Aizj","phx_ref_prev":"GIhLaAHahvo6Ap8h","last_seen":"2026-01-07T00:29:43.702Z","room_id":"N3KG","started_at":"2026-01-07T00:29:03.850Z","status":"In Lobby: Pluribus","user_id":"96e01cdb-36c0-4228-a6e4-a29a3c66bc8e","username":"lemontom","watching_id":"tt22202452","watching_title":"Pluribus","watching_type":"series"}]}}},"topic":"realtime:global-presence"}
🎬 DisplayLink: reportSwap() (throttled)
🎬 canDraw() = true (forceDraw:false, hasFrame:true) (throttled)
🎬 draw() - Rendering frame! (throttled)
🎬 MPV: Frame ready! Calling layer.update() (throttled)
📊 Current subtitle track: 2
🔍 AUTO-SELECT: Starting subtitle scan & selection refresh
🔍 AUTO-SELECT: Found 6 total tracks
🔍 AUTO-SELECT: Track 0 - ID: 1, lang: 'en', title: 'Thor.Ragnarok.2017.2160p.BluRay.REMUX.HEVC.DTS-HD.MA.TrueHD.7.1.Atmos-FGT', forced: false, default: false, HI: false, Ext: true
🔍 AUTO-SELECT: Track 3 - ID: 2, lang: 'eng', title: 'GalaxyRG256 - Thor.Ragnarok.2017.1080p.BluRay.DDP5.1.x265.10bit-GalaxyRG265', forced: false, default: true, HI: false, Ext: false
🔍 AUTO-SELECT: Track 4 - ID: 3, lang: 'en', title: 'Thor Ragnarok.2017.WEBDL-2160p-JARViS.en.hi', forced: false, default: false, HI: false, Ext: true
🔍 AUTO-SELECT: Track 5 - ID: 4, lang: 'en', title: 'Thor.Ragnarok.2017.UHD.BluRay.2160p.TrueHD.Atmos.7.1.HEVC.REMUX-FraMeSToR', forced: false, default: false, HI: false, Ext: true
✅ Auto-selecting BEST English subtitle: GalaxyRG256 - Thor.Ragnarok.2017.1080p.BluRay.DDP5.1.x265.10bit-GalaxyRG265 (ID: 2) [External: false, Forced: false, Default: true, HI: false]
   🏆 Final Score: 3690 (Embedded: 3000, Match: 700, Clean: 0, SDH: 0)
🎬 Layer.update() called - forceDraw:false needsFlip:true (throttled)
🎬 DisplayLink: reportSwap() (throttled)
🎬 DisplayLink: reportSwap() (throttled)
🎬 MPV: Frame ready! Calling layer.update() (throttled)
📨 Received: {"ref":"5","event":"phx_reply","payload":{"status":"ok","response":{}},"topic":"realtime:global-presence"}
📨 Received: {"ref":null,"event":"presence_diff","payload":{"joins":{"ec48d346-eb5f-11f0-bc3e-9ee62e3b7bba":{"metas":[{"phx_ref":"GIhLcf6nWQ46Ai8D","phx_ref_prev":"GIhLcAbCUFg6Ai6D","last_seen":"2026-01-07T00:30:06.574Z","room_id":"event_tt3501632","started_at":"2026-01-07T00:29:58.118Z","status":"online","user_id":"656daa91-33b4-4688-9135-c982ea52d7c9","username":"ursinho","watching_id":"tt3501632","watching_title":"Thor: Ragnarok","watching_type":"movie"}]}},"leaves":{"ec48d346-eb5f-11f0-bc3e-9ee62e3b7bba":{"metas":[{"phx_ref":"GIhLcAbCUFg6Ai6D","phx_ref_prev":"GIhLbVZJZMk6Ai0D","last_seen":"2026-01-07T00:29:58.117Z","room_id":"event_tt3501632","started_at":"2026-01-07T00:29:58.118Z","status":"online","user_id":"656daa91-33b4-4688-9135-c982ea52d7c9","username":"ursinho","watching_id":"tt3501632","watching_title":"Thor: Ragnarok","watching_type":"movie"}]}}},"topic":"realtime:global-presence"}
🎬 DisplayLink: reportSwap() (throttled)
📡 [EventsConfig] Checking server for movie_events config version...
🎬 Layer.update() called - forceDraw:false needsFlip:true (throttled)
🎬 DisplayLink: reportSwap() (throttled)
🎬 MPV: Frame ready! Calling layer.update() (throttled)
✅ [EventsConfig] Fetched movie_events version 1472 with 424 movies
✅ [EventsConfig] Using cached movie_events config (version 1472, 424 movies)
🎭 Lobby: Connecting to room N3KG...
🚦 Lobby State: connecting
🎬 Stopping CVDisplayLink...
🎬 CVDisplayLink stopped and released
🎬 MPVViewLayer uniniting...
🧹 Freeing render context on OpenGL thread...
🎬 MPVViewLayer cleanup complete
📝 Stopped watch history tracking
⏱️ Invalidating all active timers
🎬 MPVLayerHostView deinit
🔄 Lobby: Fetching fresh room state from Supabase...
 MPV Event: 17
[ INFO ] GET /api/metadata/meta/series/tt22202452 [request-id: AF2843BC-D644-423E-8889-0287D77D8134]
[ INFO ] GET /api/metadata/meta/series/tt22202452 [request-id: 63738874-6E5D-48AA-B034-D77C63D88651]
2026-01-06 19:30:09.142 RedLemon[13552:170237] 📦 Decoded CinemetaMeta - videos count: 9
2026-01-06 19:30:09.247 RedLemon[13552:170196] 🛑 Stopped playback heartbeat loop
2026-01-06 19:30:09.251 RedLemon[13552:170196] ✅ Guest joined room N3KG in database
2026-01-06 19:30:09.390 RedLemon[13552:170456] 📤 Realtime: Sending message type: chat, sender: 656daa91-33b4-4688-9135-c982ea52d7c9
2026-01-06 19:30:09.391 RedLemon[13552:170456]    Payload keys: chatText, chatUsername, timestamp, position, type, senderId
2026-01-06 19:30:09.392 RedLemon[13552:170456] ✅ Realtime: Message broadcast complete
2026-01-06 19:30:09.524 RedLemon[13552:170391] 📨 Realtime: Received broadcast message
2026-01-06 19:30:09.525 RedLemon[13552:170391]    Payload keys: position, senderId, chatText, type, chatUsername, timestamp
2026-01-06 19:30:09.525 RedLemon[13552:170391] ✅ Realtime: Decoded message type: chat, sender: 656daa91-33b4-4688-9135-c982ea52d7c9
2026-01-06 19:30:09.526 RedLemon[13552:170391] 📞 Realtime: Invoking syncCallback for message type: chat
2026-01-06 19:30:09.526 RedLemon[13552:170391] ✅ Realtime: syncCallback invoked successfully
💾 Saved to watch history: Pluribus at 5356s
🧹 Cleaning up MPV player...
💾 Cache SET: Metadata[meta_series_tt22202452]
 MPV Event: 17
📡 SocialService: Updated status - In Lobby: Pluribus: Pluribus
📡 SocialService: Updated status - Browsing: 
🔍 [DEBUG] Creating MediaItem from CinemetaMeta
🔍 [DEBUG] meta.itemId: tt22202452
🔍 [DEBUG] meta.type: series
🔍 [DEBUG] meta.name: Pluribus
🔍 [DEBUG] Successfully created MediaItem from meta: Pluribus
[MPV] Video: no video
📨 Received: {"ref":"6","event":"phx_reply","payload":{"status":"ok","response":{}},"topic":"realtime:global-presence"}
📨 Received: {"ref":null,"event":"presence_diff","payload":{"joins":{"ec48d346-eb5f-11f0-bc3e-9ee62e3b7bba":{"metas":[{"phx_ref":"GIhLcpVu3v86Ap_B","phx_ref_prev":"GIhLcf6nWQ46Ai8D","last_seen":"2026-01-07T00:30:09.107Z","room_id":"N3KG","started_at":"2026-01-07T00:30:09.107Z","status":"In Lobby: Pluribus","user_id":"656daa91-33b4-4688-9135-c982ea52d7c9","username":"ursinho","watching_id":"tt22202452","watching_title":"Pluribus","watching_type":"series"}]}},"leaves":{"ec48d346-eb5f-11f0-bc3e-9ee62e3b7bba":{"metas":[{"phx_ref":"GIhLcf6nWQ46Ai8D","phx_ref_prev":"GIhLcAbCUFg6Ai6D","last_seen":"2026-01-07T00:30:06.574Z","room_id":"event_tt3501632","started_at":"2026-01-07T00:29:58.118Z","status":"online","user_id":"656daa91-33b4-4688-9135-c982ea52d7c9","username":"ursinho","watching_id":"tt3501632","watching_title":"Thor: Ragnarok","watching_type":"movie"}]}}},"topic":"realtime:global-presence"}
📨 Received: {"ref":"7","event":"phx_reply","payload":{"status":"ok","response":{}},"topic":"realtime:global-presence"}
📨 Received: {"ref":null,"event":"presence_diff","payload":{"joins":{"ec48d346-eb5f-11f0-bc3e-9ee62e3b7bba":{"metas":[{"phx_ref":"GIhLcpZbvQY6Ap_h","phx_ref_prev":"GIhLcpVu3v86Ap_B","last_seen":"2026-01-07T00:30:09.115Z","status":"Browsing","user_id":"656daa91-33b4-4688-9135-c982ea52d7c9","username":"ursinho"}]}},"leaves":{"ec48d346-eb5f-11f0-bc3e-9ee62e3b7bba":{"metas":[{"phx_ref":"GIhLcpVu3v86Ap_B","phx_ref_prev":"GIhLcf6nWQ46Ai8D","last_seen":"2026-01-07T00:30:09.107Z","room_id":"N3KG","started_at":"2026-01-07T00:30:09.107Z","status":"In Lobby: Pluribus","user_id":"656daa91-33b4-4688-9135-c982ea52d7c9","username":"ursinho","watching_id":"tt22202452","watching_title":"Pluribus","watching_type":"series"}]}}},"topic":"realtime:global-presence"}
🔌 Setting up Realtime channel: watch-party:N3KG
   Role: Guest
   User ID: 656daa91-33b4-4688-9135-c982ea52d7c9
🗑️ Invalidated all active timers
📡 Connection state: connecting
🧹 Cleaning up Realtime channel for room: event_tt3501632
🔄 Untracking presence...
📡 Joined channel: realtime:watch-party:N3KG
✅ Presence untracked
🔄 Leaving channel...
📡 Connection state: connected
✅ Realtime channel setup complete
✅ Channel left
ℹ️ Keeping WebSocket connected (disconnectClient=false)
✅ Realtime channel cleanup complete
✅ Lobby: Loaded metadata for Pluribus
✅ Lobby: Connected to Realtime
✅ Realtime manager channel left (client connection preserved)
🛑 Stopping MPV playback...
🛑 Stopping MPV playback...
⚡️ PlaybackService: releasing sleep assertion
🗑️ MPVPlayerViewModel deinit
✅ Lobby: Synced playlist with 9 items
✅ Lobby: Synced playlist index to 0
🛑 Event polling task cancelled cleanly
🗑️ MPVWrapper deinit - cleaning up...
✅ MPVWrapper cleanup complete
🗑️ Terminating MPV instance (background)...
✅ MPV stop completed with clean event loop exit
✅ MPV instance destroyed
📨 Received: {"ref":"0CEB05F4-9AEB-474C-BF7F-3D4E5B2906E5","event":"phx_reply","payload":{"status":"ok","response":{"postgres_changes":[{"id":42896175,"event":"*","filter":"id=eq.N3KG","schema":"public","table":"rooms"}]}},"topic":"realtime:watch-party:N3KG"}
📨 Received: {"ref":null,"event":"system","payload":{"message":"Subscribed to PostgreSQL","status":"ok","extension":"postgres_changes","channel":"watch-party:N3KG"},"topic":"realtime:watch-party:N3KG"}
📨 Received: {"ref":null,"event":"presence_state","payload":{"debc1cec-eb5f-11f0-9748-9ee62e3b7bba":{"metas":[{"phx_ref":"GIhLY3AnQgT8Uiej","phx_ref_prev":"GIhLY2OyS6r8Up8B","is_host":true,"joined_at":1767745744.078078,"user_id":"96e01cdb-36c0-4228-a6e4-a29a3c66bc8e","username":"lemontom"}]}},"topic":"realtime:watch-party:N3KG"}
📨 Received: {"ref":"3","event":"phx_reply","payload":{"status":"ok","response":{}},"topic":"realtime:watch-party:N3KG"}
📨 Received: {"ref":"4","event":"phx_reply","payload":{"status":"ok","response":{}},"topic":"realtime:watch-party:N3KG"}
📨 Received: {"ref":"5","event":"phx_reply","payload":{"status":"ok","response":{}},"topic":"realtime:watch-party:N3KG"}
📨 Received: {"ref":null,"event":"phx_close","payload":{},"topic":"realtime:watch-party:N3KG"}
📨 Unknown event: phx_close
📨 Received: {"ref":null,"event":"presence_diff","payload":{"joins":{"05b98438-eb60-11f0-b4c4-9ee62e3b7bba":{"metas":[{"phx_ref":"GIhLcp6t1BL8Ui_j","is_host":false,"joined_at":1767745809.248262,"user_id":"656daa91-33b4-4688-9135-c982ea52d7c9","username":"ursinho"}]}},"leaves":{}},"topic":"realtime:watch-party:N3KG"}
✅ Lobby: Refreshed room state. isPlaying: false
🛡️ Lobby: Ensuring local media state is fresh before auto-start check...
📺 Lobby: Synced season/episode: S1E1
🔌 Setting up Realtime channel: watch-party:N3KG
   Role: Guest
   User ID: 656daa91-33b4-4688-9135-c982ea52d7c9
📡 Connection state: connecting
📡 Joined channel: realtime:watch-party:N3KG
📡 Connection state: connected
✅ Realtime channel setup complete
✅ Lobby: Connected to Realtime
🚦 Lobby State: connected
🔄 Lobby: Starting database polling for participants and room state...
💓 Lobby: Starting heartbeat loop...
🔄 LobbyDatabase: Starting room state polling for guests...
☠️ LobbyViewModel deinit
📨 Received: {"ref":"FA3751F8-16CB-46AD-8150-58FF8D61153C","event":"phx_reply","payload":{"status":"ok","response":{"postgres_changes":[{"id":42896175,"event":"*","filter":"id=eq.N3KG","schema":"public","table":"rooms"}]}},"topic":"realtime:watch-party:N3KG"}
📨 Received: {"ref":null,"event":"system","payload":{"message":"Subscribed to PostgreSQL","status":"ok","extension":"postgres_changes","channel":"watch-party:N3KG"},"topic":"realtime:watch-party:N3KG"}
📨 Received: {"ref":null,"event":"presence_state","payload":{"debc1cec-eb5f-11f0-9748-9ee62e3b7bba":{"metas":[{"phx_ref":"GIhLY3AnQgT8Uiej","phx_ref_prev":"GIhLY2OyS6r8Up8B","is_host":true,"joined_at":1767745744.078078,"user_id":"96e01cdb-36c0-4228-a6e4-a29a3c66bc8e","username":"lemontom"}]}},"topic":"realtime:watch-party:N3KG"}
📨 Received: {"ref":"6","event":"phx_reply","payload":{"status":"ok","response":{}},"topic":"realtime:watch-party:N3KG"}
📨 Received: {"ref":null,"event":"broadcast","payload":{"event":"sync","payload":{"chatText":"LOBBY_JOIN","chatUsername":"ursinho","position":0,"senderId":"656daa91-33b4-4688-9135-c982ea52d7c9","timestamp":0,"type":"chat"},"type":"broadcast"},"topic":"realtime:watch-party:N3KG"}
📨 Received: {"ref":null,"event":"presence_diff","payload":{"joins":{"05cf0ae2-eb60-11f0-a4e6-9ee62e3b7bba":{"metas":[{"phx_ref":"GIhLcqcCP4z8UjDD","is_host":false,"joined_at":1767745809.389452,"user_id":"656daa91-33b4-4688-9135-c982ea52d7c9","username":"ursinho"}]}},"leaves":{}},"topic":"realtime:watch-party:N3KG"}
🛡️ Lobby: Auto-Join safety delay passed (8s). Enabled for late joiners.
