2026-01-19 12:11:50.515 RedLemon[7854:78902] 🪟 Set initial window to expanded size: (0.0, 148.0, 1366.0, 595.0)
2026-01-19 12:11:50.516 RedLemon[7854:78902] ✅ Cache cleanup timer started (runs every 30 minutes)
2026-01-19 12:11:50.591 RedLemon[7854:78902] 🔄 Resetting playback state to prevent auto-selection...
2026-01-19 12:11:50.592 RedLemon[7854:78902] ⚠️ PlayerVM: currentWatchPartyRoom set to NIL. Stack Trace unavailable, but check recent logs.
2026-01-19 12:11:50.624 RedLemon[7854:78902] ✅ Playback state reset complete - starting in browse view
2026-01-19 12:11:50.625 RedLemon[7854:78902] 🔐 APP STARTUP: Loading stored user credentials...
2026-01-19 12:11:50.625 RedLemon[7854:78902] 🧪 Testing Profile: debug
2026-01-19 12:11:50.633 RedLemon[7854:79018] 📂 Loaded 5 credential(s) from cache
2026-01-19 12:11:50.655 RedLemon[7854:78902] ✅ Keychain: Found stored username: ursinho
2026-01-19 12:11:50.655 RedLemon[7854:78902] 🔍 Supabase: Looking up user 'ursinho' in database...
2026-01-19 12:11:50.656 RedLemon[7854:79018] 🔍 SupabaseClient: Looking up user by username 'ursinho'
2026-01-19 12:11:51.208 RedLemon[7854:79018] 📡 SupabaseClient: User lookup response received (399 bytes)
2026-01-19 12:11:51.218 RedLemon[7854:79018] ✅ SupabaseClient: Decoded 1 users from response
2026-01-19 12:11:51.219 RedLemon[7854:79018] 👤 SupabaseClient: Found user - ursinho (ID: 656DAA91-33B4-4688-9135-C982EA52D7C9)
2026-01-19 12:11:51.264 RedLemon[7854:78902] ✅ AUTH SUCCESS: User authenticated - ursinho (ID: 656DAA91-33B4-4688-9135-C982EA52D7C9)
2026-01-19 12:11:51.264 RedLemon[7854:78902] 🎯 AppState: currentUsername=ursinho, currentUserId=656DAA91-33B4-4688-9135-C982EA52D7C9
2026-01-19 12:11:54.275 RedLemon[7854:78902] 🏁 AUTH COMPLETE: Final state - username=ursinho, userId=656DAA91-33B4-4688-9135-C982EA52D7C9
2026-01-19 12:11:54.282 RedLemon[7854:78902] 🚀 RedLemon: Starting HTTP server...
2026-01-19 12:11:54.283 RedLemon[7854:78902] 📋 RedLemon: Current directory: /Users/danielnoble/Desktop/Redlemon
2026-01-19 12:11:54.299 RedLemon[7854:78902] ✅ RedLemon: HTTPServer instance created
2026-01-19 12:11:54.299 RedLemon[7854:79020] 📡 RedLemon: Server starting on port 47253...
2026-01-19 12:11:54.300 RedLemon[7854:78902] ✅ RedLemon: Server marked as ready (Optimistic)
⏲️ [EventsConfig] Starting polling fallback (every 60s)
🔌 Connecting to Supabase Realtime: wss://151.243.109.243.nip.io/realtime/v1/websocket
✅ Connected to Supabase Realtime
📡 Sparkle requesting feed URL: https://151.243.109.243.nip.io/updates/appcast.xml
✅ Sparkle configured (seamless mode)
   Appcast URL: https://151.243.109.243.nip.io/updates/appcast.xml
   Can check: true
📅 EventsView appeared
🎬 [EventsView] Fetching movie events from centralized config...
📡 [EventsConfig] Checking server for movie_events config version...
🔍 Memory pressure monitoring enabled (safe mode)
🔍 Silent update check (custom implementation)...
📦 Current build: 123, Latest build: 123
✅ App is up to date (current: 123, latest: 123)
🖥️ CacheManager initialized with fixed conservative limits
   Image cache limit: 30 items
📡 Joined channel: realtime:events_config_updates (interest count: 1)
✅ [EventsConfig] Subscribed to realtime schedule updates
📡 Sparkle requesting feed URL: https://151.243.109.243.nip.io/updates/appcast.xml
✅ [EventsConfig] Fetched movie_events version 1546 with 401 movies
✅ [EventsConfig] Using cached movie_events config (version 1546, 401 movies)
✅ [EventsView] Loaded 401 movies from config version 1546
🗓 AppState: Updated schedule epoch to 2026-01-18 22:58:18 +0000
⏰ AppState: Next schedule update set for Event End: 2026-01-19 19:01:18 +0000
⏰ AppState: Scheduling update in 6567 seconds
🖼️ [CACHE] Cached image data for key: https://images.metahub.space/background/medium/tt26581740/img (117146 bytes)
🖼️ [CACHE] Cached image data for key: https://images.metahub.space/background/medium/tt5463162/img (726348 bytes)
🖼️ [CACHE] Cached image data for key: https://images.metahub.space/background/medium/tt1396484/img (1023800 bytes)
🔌 SocialService: Connecting to global presence...
🔌 Connecting to Supabase Realtime: wss://151.243.109.243.nip.io/realtime/v1/websocket
✅ Connected to Supabase Realtime
✅ SocialService: Presence connected
⏰ AppState: Next schedule update set for Event End: 2026-01-19 19:01:18 +0000
⏰ AppState: Scheduling update in 6565 seconds
📡 Joined channel: realtime:global-presence (interest count: 1)
✅ SocialService: Connected to global presence
🔌 SocialService: Connecting to DM channel...
🔌 Connecting to Supabase Realtime: wss://151.243.109.243.nip.io/realtime/v1/websocket
✅ Connected to Supabase Realtime
✅ SocialService: DM channel connected
⏰ AppState: Next schedule update set for Event End: 2026-01-19 19:01:18 +0000
⏰ AppState: Scheduling update in 6565 seconds
📈 SocialService: User 96e01cdb-36c0-4228-a6e4-a29a3c66bc8e came online
📈 SocialService: User 656daa91-33b4-4688-9135-c982ea52d7c9 came online
📡 Joined channel: realtime:direct_messages (interest count: 1)
✅ SocialService: Connected to DM channel
📬 SocialService: Fetched 0 unread messages
🔄 SocialService: Syncing 50 items to cloud...
🔄 SocialService: Syncing 50 items to cloud (serial)...
✅ Token routes registered:
   POST /tokens/save
   POST /tokens/delete
   GET  /tokens/list
✅ Unlock routes registered:
   POST /api/streams/unlock
✅ Stream routes registered:
   POST /api/streams/resolve
   GET  /api/streams/resolveByQuality
   GET  /api/streams/resolveAll
✅ Proxy routes registered:
   GET /play/rd/:infoHash/:fileIdx
   GET /play/rd/:infoHash
✅ Subtitle routes registered:
   GET /subtitles/search?imdbId=&type=
   GET /subtitles/subdl/:encodedPath
✅ All routes registered
✅ HTTP Server configured on http://127.0.0.1:47253
🚀 Starting HTTP server...
✅ Providers initialized: torrentio, comet, zilean, mediafusion, debridsearch
[ NOTICE ] Server started on http://127.0.0.1:47253
2026-01-19 12:11:54.343 RedLemon[7854:78902] ✅ RedLemon: Server should be running on http://127.0.0.1:47253
2026-01-19 12:11:54.344 RedLemon[7854:78902] 🏥 [AppState] Starting global provider health check...
2026-01-19 12:11:54.344 RedLemon[7854:78902] 🔍 Performing startup checks...
2026-01-19 12:11:54.344 RedLemon[7854:78902] ✅ Username-based authentication ready
2026-01-19 12:11:54.346 RedLemon[7854:79013] 🔐 Signed request to /check-payment
2026-01-19 12:11:54.861 RedLemon[7854:79020] 🎬 Torrentio: Building URL for movie (no season/episode)
2026-01-19 12:11:54.861 RedLemon[7854:79020] 🔗 Torrentio URL (length: 55): https://torrentio.strem.fun/stream/movie/tt0133093.json...
2026-01-19 12:11:57.013 RedLemon[7854:78902] 🔄 Checking for app updates...
2026-01-19 12:11:58.767 RedLemon[7854:79014] 🏥 SubDL health check failed: The request timed out.
2026-01-19 12:11:58.768 RedLemon[7854:78902] ✅ [AppState] Provider health check complete (found 7 services)
✅ HTTP server running on http://127.0.0.1:47253

🔗 Available endpoints:
   http://127.0.0.1:47253/health
   http://127.0.0.1:47253/status
   http://127.0.0.1:47253/api/health

💰 LicenseManager: Starting hybrid license check...
✅ SubDLClient initialized
👤 LicenseManager: Profile expiry: Optional(2026-02-11 06:00:30 +0000)
🔍 Silent update check (custom implementation)...
⏰ TimeService: Synchronizing clock with server...
🎉 License updated! Expires: 2026-02-11 06:00:30 +0000
📦 Current build: 123, Latest build: 123
✅ App is up to date (current: 123, latest: 123)
✅ TimeService: Synced! Offset: 0.092s (RTT: 127ms)
   Local:  2026-01-19 17:11:57 +0000
   Server: 2026-01-19 17:11:57 +0000
⏰ Time synced with server! AppState should automatically recalculate.
⏰ AppState: Next schedule update set for Event End: 2026-01-19 19:01:18 +0000
⏰ AppState: Scheduling update in 6555 seconds
⏰ AppState: Next schedule update set for Event End: 2026-01-19 19:01:18 +0000
⏰ AppState: Scheduling update in 6546 seconds
⏰ AppState: Next schedule update set for Event End: 2026-01-19 19:01:18 +0000
⏰ AppState: Scheduling update in 6536 seconds
⏰ AppState: Next schedule update set for Event End: 2026-01-19 19:01:18 +0000
⏰ AppState: Scheduling update in 6526 seconds
⏰ AppState: Next schedule update set for Event End: 2026-01-19 19:01:18 +0000
⏰ AppState: Scheduling update in 6516 seconds
📡 [EventsConfig] Checking server for movie_events config version...
✅ [EventsConfig] Fetched movie_events version 1546 with 401 movies
✅ [EventsConfig] Using cached movie_events config (version 1546, 401 movies)
⏰ AppState: Next schedule update set for Event End: 2026-01-19 19:01:18 +0000
⏰ AppState: Scheduling update in 6506 seconds
⏰ AppState: Next schedule update set for Event End: 2026-01-19 19:01:18 +0000
⏰ AppState: Scheduling update in 6496 seconds
⏰ AppState: Next schedule update set for Event End: 2026-01-19 19:01:18 +0000
⏰ AppState: Scheduling update in 6486 seconds
⏰ AppState: Next schedule update set for Event End: 2026-01-19 19:01:18 +0000
⏰ AppState: Scheduling update in 6476 seconds
⏰ AppState: Next schedule update set for Event End: 2026-01-19 19:01:18 +0000
⏰ AppState: Scheduling update in 6466 seconds
⏰ AppState: Next schedule update set for Event End: 2026-01-19 19:01:18 +0000
⏰ AppState: Scheduling update in 6456 seconds
📡 [EventsConfig] Checking server for movie_events config version...
✅ [EventsConfig] Fetched movie_events version 1546 with 401 movies
✅ [EventsConfig] Using cached movie_events config (version 1546, 401 movies)
⏰ AppState: Next schedule update set for Event End: 2026-01-19 19:01:18 +0000
⏰ AppState: Scheduling update in 6446 seconds
⏰ AppState: Next schedule update set for Event End: 2026-01-19 19:01:18 +0000
⏰ AppState: Scheduling update in 6436 seconds
⏰ AppState: Next schedule update set for Event End: 2026-01-19 19:01:18 +0000
⏰ AppState: Scheduling update in 6426 seconds
⏰ AppState: Next schedule update set for Event End: 2026-01-19 19:01:18 +0000
⏰ AppState: Scheduling update in 6416 seconds
⏰ AppState: Next schedule update set for Event End: 2026-01-19 19:01:18 +0000
⏰ AppState: Scheduling update in 6406 seconds
⏰ AppState: Next schedule update set for Event End: 2026-01-19 19:01:18 +0000
⏰ AppState: Scheduling update in 6396 seconds
📡 [EventsConfig] Checking server for movie_events config version...
✅ [EventsConfig] Fetched movie_events version 1546 with 401 movies
✅ [EventsConfig] Using cached movie_events config (version 1546, 401 movies)
⏰ AppState: Next schedule update set for Event End: 2026-01-19 19:01:18 +0000
⏰ AppState: Scheduling update in 6385 seconds
⏰ AppState: Next schedule update set for Event End: 2026-01-19 19:01:18 +0000
⏰ AppState: Scheduling update in 6376 seconds
⏰ AppState: Next schedule update set for Event End: 2026-01-19 19:01:18 +0000
⏰ AppState: Scheduling update in 6366 seconds
⏰ AppState: Next schedule update set for Event End: 2026-01-19 19:01:18 +0000
⏰ AppState: Scheduling update in 6356 seconds
⏰ AppState: Next schedule update set for Event End: 2026-01-19 19:01:18 +0000
⏰ AppState: Scheduling update in 6346 seconds
⏰ AppState: Next schedule update set for Event End: 2026-01-19 19:01:18 +0000
⏰ AppState: Scheduling update in 6336 seconds
📡 [EventsConfig] Checking server for movie_events config version...
✅ [EventsConfig] Fetched movie_events version 1546 with 401 movies
✅ [EventsConfig] Using cached movie_events config (version 1546, 401 movies)
⏰ AppState: Next schedule update set for Event End: 2026-01-19 19:01:18 +0000
⏰ AppState: Scheduling update in 6326 seconds
⏰ AppState: Next schedule update set for Event End: 2026-01-19 19:01:18 +0000
⏰ AppState: Scheduling update in 6316 seconds
⏰ AppState: Next schedule update set for Event End: 2026-01-19 19:01:18 +0000
⏰ AppState: Scheduling update in 6306 seconds
⏰ AppState: Next schedule update set for Event End: 2026-01-19 19:01:18 +0000
⏰ AppState: Scheduling update in 6296 seconds
⏰ AppState: Next schedule update set for Event End: 2026-01-19 19:01:18 +0000
⏰ AppState: Scheduling update in 6285 seconds
⏰ AppState: Next schedule update set for Event End: 2026-01-19 19:01:18 +0000
⏰ AppState: Scheduling update in 6276 seconds
📡 [EventsConfig] Checking server for movie_events config version...
✅ [EventsConfig] Fetched movie_events version 1546 with 401 movies
✅ [EventsConfig] Using cached movie_events config (version 1546, 401 movies)
⏰ AppState: Next schedule update set for Event End: 2026-01-19 19:01:18 +0000
⏰ AppState: Scheduling update in 6266 seconds
⏰ AppState: Next schedule update set for Event End: 2026-01-19 19:01:18 +0000
⏰ AppState: Scheduling update in 6256 seconds
⏰ AppState: Next schedule update set for Event End: 2026-01-19 19:01:18 +0000
⏰ AppState: Scheduling update in 6246 seconds
⏰ AppState: Next schedule update set for Event End: 2026-01-19 19:01:18 +0000
⏰ AppState: Scheduling update in 6236 seconds
⏰ AppState: Next schedule update set for Event End: 2026-01-19 19:01:18 +0000
⏰ AppState: Scheduling update in 6226 seconds
⏰ AppState: Next schedule update set for Event End: 2026-01-19 19:01:18 +0000
⏰ AppState: Scheduling update in 6216 seconds
📡 [EventsConfig] Checking server for movie_events config version...
✅ [EventsConfig] Fetched movie_events version 1546 with 401 movies
✅ [EventsConfig] Using cached movie_events config (version 1546, 401 movies)
📋 Fetching rooms from Supabase backend (offset: 0, limit: 20, search: '')...
🔌 RoomListView: Setting up realtime subscription for rooms...
⏰ AppState: Next schedule update set for Event End: 2026-01-19 19:01:18 +0000
⏰ AppState: Scheduling update in 6206 seconds
📋 Fetching rooms from Supabase backend (offset: 0, limit: 20, search: '')...
📡 Joined channel: realtime:rooms_updates (interest count: 1)
✅ RoomListView: Connected to rooms realtime updates
[ INFO ] GET /api/metadata/meta/movie/tt26581740 [request-id: AF0B28C7-3F2B-415F-AC1C-AE9595612F50]
[ INFO ] GET /api/metadata/meta/movie/tt26581740 [request-id: A8C93985-0285-4E37-B49C-ED9029D0B132]
2026-01-19 12:17:53.223 RedLemon[7854:80918] 📦 Decoded CinemetaMeta - videos count: -1
2026-01-19 12:17:53.249 RedLemon[7854:81160] 📦 Decoded CinemetaMeta - videos count: -1
2026-01-19 12:17:54.248 RedLemon[7854:78902] 🚪 Joining room: UERD
2026-01-19 12:17:55.584 RedLemon[7854:78902] 🚪 Room is in lobby
2026-01-19 12:17:55.584 RedLemon[7854:78902] ✅ PlayerVM: currentWatchPartyRoom set to UERD
💾 Cache SET: Metadata[meta_movie_tt26581740]
✅ Loaded 1 rooms (total: 1)
💾 Cache SET: Metadata[meta_movie_tt26581740]
✅ Loaded 1 rooms (total: 1)
🚪 Joining room: UERD
📡 [EventsConfig] Checking server for movie_events config version...
✅ [EventsConfig] Fetched movie_events version 1546 with 401 movies
✅ [EventsConfig] Using cached movie_events config (version 1546, 401 movies)
🎭 Lobby: Connecting to room UERD...
🚦 Lobby State: connecting
✅ Cache HIT: Metadata[meta_movie_tt26581740]
🔄 Lobby: Fetching fresh room state from Supabase...
[ INFO ] GET /api/metadata/meta/movie/tt26581740 [request-id: E2049321-AFDE-4FFF-BD98-B367C5293A19]
2026-01-19 12:17:55.776 RedLemon[7854:81314] 📝 Realtime: Registered observer 'lobby' (Presence: YES, Sync: NO, Status: NO)
2026-01-19 12:17:55.835 RedLemon[7854:81160] 📝 Realtime: Registered observer 'lobby' (Presence: NO, Sync: YES, Status: NO)
2026-01-19 12:17:56.028 RedLemon[7854:78902] ✅ Guest joined room UERD in database
2026-01-19 12:17:56.196 RedLemon[7854:78902] 📨 Lobby: Received Room UPDATE from Realtime
2026-01-19 12:17:56.197 RedLemon[7854:78902] 📨 Lobby: Received Room UPDATE from Realtime
2026-01-19 12:17:56.288 RedLemon[7854:81040] 📝 Realtime: Registered observer 'lobby' (Presence: YES, Sync: NO, Status: NO)
2026-01-19 12:17:56.288 RedLemon[7854:80980] 📝 Realtime: Registered observer 'lobby' (Presence: NO, Sync: YES, Status: NO)
2026-01-19 12:17:56.309 RedLemon[7854:80980] 📤 Realtime: Sending message type: chat, sender: 656daa91-33b4-4688-9135-c982ea52d7c9
2026-01-19 12:17:56.310 RedLemon[7854:80980]    Payload keys: chatText, timestamp, chatUsername, type, position, senderId
2026-01-19 12:17:56.312 RedLemon[7854:81040] ✅ Realtime: Message broadcast complete
2026-01-19 12:17:56.325 RedLemon[7854:81040] 🔐 SupabaseClient: Signing Identity Payload: '1768843076656daa91-33b4-4688-9135-c982ea52d7c9/rpc/room_heartbeat'
2026-01-19 12:17:56.326 RedLemon[7854:81040] 🔐 Signed request to /rpc/room_heartbeat
2026-01-19 12:17:56.778 RedLemon[7854:78902] 📨 Lobby: Received Room UPDATE from Realtime
2026-01-19 12:17:56.792 RedLemon[7854:81314] 📨 Realtime: Received broadcast message
2026-01-19 12:17:56.793 RedLemon[7854:81314]    Payload keys: position, chatText, senderId, timestamp, type, chatUsername
2026-01-19 12:17:56.794 RedLemon[7854:81314] ✅ Realtime: Decoded message type: chat, sender: 656daa91-33b4-4688-9135-c982ea52d7c9
2026-01-19 12:17:56.794 RedLemon[7854:78902] 👋 Received: Guest 'ursinho' joined room UERD
2026-01-19 12:18:00.343 RedLemon[7854:78902] 📨 Lobby: Received Room UPDATE from Realtime
2026-01-19 12:18:01.968 RedLemon[7854:81314] 📨 Realtime: Received broadcast message
2026-01-19 12:18:01.968 RedLemon[7854:81314]    Payload keys: chatText, type, senderId, timestamp, chatUsername, position
2026-01-19 12:18:01.968 RedLemon[7854:81314] ✅ Realtime: Decoded message type: chat, sender: 96e01cdb-36c0-4228-a6e4-a29a3c66bc8e
2026-01-19 12:18:01.969 RedLemon[7854:78902] 🎬 Guest: Received RESOLVING signal
2026-01-19 12:18:08.129 RedLemon[7854:78902] 📨 Lobby: Received Room UPDATE from Realtime
2026-01-19 12:18:08.268 RedLemon[7854:81316] 📨 Realtime: Received broadcast message
2026-01-19 12:18:08.268 RedLemon[7854:81316]    Payload keys: senderId, timestamp, chatUsername, type, chatText, position
2026-01-19 12:18:08.269 RedLemon[7854:81316] ✅ Realtime: Decoded message type: chat, sender: 96e01cdb-36c0-4228-a6e4-a29a3c66bc8e
2026-01-19 12:18:08.301 RedLemon[7854:78902] 🎬 Guest: Received PREPARE signal: LOBBY_PREPARE_PLAYBACK|4dc447b080ffdfee04789e338e3e7435c894d27b|0
2026-01-19 12:18:08.301 RedLemon[7854:78902] ✅ Guest: Extracted Hash from Payload: 4dc447b080ffdfee04789e338e3e7435c894d27b
2026-01-19 12:18:08.500 RedLemon[7854:81316] ✅ StreamService: Using provided metadata: Weapons
2026-01-19 12:18:08.500 RedLemon[7854:81316] ⚡️ StreamService: Resolving streams via StreamResolver (Bypassing HTTP)...
2026-01-19 12:18:08.501 RedLemon[7854:81160] 📝 [APP] 🎬 StreamService: Starting resolution for: Weapons ["file": "StreamService.swift", "level": "INFO", "line": "104"]
2026-01-19 12:18:08.501 RedLemon[7854:81316] ⚡️ StreamResolver: Resolving streams for tt26581740 (S0E0)
2026-01-19 12:18:08.501 RedLemon[7854:81160] 📝 [APP] SessionRecorder initialized
2026-01-19 12:18:08.502 RedLemon[7854:81160] 📝 [APP] New Session Started ["app_version": "1.0.123", "build": "123", "session_id": "E0B1D37F-5CA6-418E-B628-6704793B0EA9", "trigger_source": "preload", "user_id": "656DAA91-33B4-4688-9135-C982EA52D7C9"]
2026-01-19 12:18:08.502 RedLemon[7854:81160] 📝 [APP] Target Content Set ["imdb_id": "tt26581740"]
2026-01-19 12:18:08.502 RedLemon[7854:81160] 📝 [RESOLVER] Started Resolution ["episode": "0", "season": "0", "type": "movie"]
2026-01-19 12:18:08.639 RedLemon[7854:81160]    📅 Filtering by year: 2025
2026-01-19 12:18:08.775 RedLemon[7854:81314] 📝 [RESOLVER] Found Verified Stream ["hash": "4dc447b080ffdfee04789e338e3e7435c894d27b", "vote_count": "7"]
📡 SocialService: Updated status - In Lobby: Weapons: Weapons
🔌 Setting up Realtime channel: watch-party:UERD
   Role: Guest
   User ID: 656daa91-33b4-4688-9135-c982ea52d7c9
📡 Left channel: realtime:rooms_updates
📡 Connection state: connected
📡 Connection state: connecting
📡 Joined channel: realtime:watch-party:UERD (interest count: 1)
📡 Connection state: connected
✅ Realtime channel setup complete
✅ Lobby: Loaded metadata for Weapons
✅ Lobby: Connected to Realtime
✅ Lobby: Synced CLEAN stream info, metadata & playlist to AppState
📨 Unknown event: phx_close on realtime:rooms_updates
🔄 Lobby: Fetching fresh room state from Supabase...
🔄 Lobby: Fetching fresh room state from Supabase...
✅ Lobby: Refreshed room state. isPlaying: false
🛡️ Lobby: Ensuring local media state is fresh before auto-start check...
ℹ️ RealtimeChannelManager: Already setup for room UERD, filtering duplicate setup call.
📡 Connection state: connected
✅ Lobby: Connected to Realtime
🚦 Lobby State: connected
🔄 Lobby: Starting database polling for participants and room state...
💓 Lobby: Starting heartbeat loop...
🔄 LobbyDatabase: Starting room state polling for guests...
✅ Lobby: Synced CLEAN stream info, metadata & playlist to AppState
✅ Lobby: Synced CLEAN stream info, metadata & playlist to AppState
🔄 Lobby: Fetching fresh room state from Supabase...
✅ Lobby: Synced CLEAN stream info, metadata & playlist to AppState
🔄 Lobby: Fetching fresh room state from Supabase...
✅ Lobby: Synced CLEAN stream info, metadata & playlist to AppState
⏰ AppState: Next schedule update set for Event End: 2026-01-19 19:01:18 +0000
⏰ AppState: Scheduling update in 6196 seconds
🛡️ Lobby: Auto-Join safety delay passed (8s). Enabled for late joiners.
🔄 Lobby: Fetching fresh room state from Supabase...
✅ Lobby: Synced CLEAN stream info, metadata & playlist to AppState
✅ Cache HIT: Metadata[meta_movie_tt26581740]
[2026-01-19T17:18:08Z] [INFO] [StreamService.swift:104] 🎬 StreamService: Starting resolution for: Weapons
🎬 StreamService: Resolving movie - trusted pack filtering will be applied server-side
🛡️ StreamResolver: Loaded 5 blocked streams from blacklist
⚡️ StreamResolver: Found Community Verified stream with 7 votes!
   ℹ️ Hash: 4dc447b080ffdfee04789e338e3e7435c894d27b
   ℹ️ Last Verified: 2026-01-19 03:24:51 +0000
🔍 Searching SubDL: tt26581740 (movie)
❌ StreamResolver: Subtitle error: Error Domain=NSURLErrorDomain Code=-999 "cancelled" UserInfo={NSErrorFailingURLStringKey=https://api.subdl.com/api/v1/subtitles?api_key=aGS2S1FTQ3441_1JAJaATPtgNVrcEhr7&imdb_id=tt26581740&languages=en&type=movie, NSErrorFailingURLKey=https://api.subdl.com/api/v1/subtitles?api_key=aGS2S1FTQ3441_1JAJaATPtgNVrcEhr7&imdb_id=tt26581740&languages=en&type=movie, _NSURLErrorRelatedURLSessionTaskErrorKey=(
    "LocalDataTask <517E3C3C-F22B-41BD-A899-73F13BA5D757>.<1>"
), _NSURLErrorFailingURLSessionTaskErrorKey=LocalDataTask <517E3C3C-F22B-41BD-A899-73F13BA5D757>.<1>, NSLocalizedDescription=cancelled}
⚠️ StreamResolver: Verified stream subtitle attachment timed out.
⚡️ StreamResolver: SHORT CIRCUIT - Returning verified stream immediately.
⚡️ StreamService: Testing verified stream viability...
🔓 StreamService: Unlocking with infoHash: 4dc447b080ff...
[ INFO ] POST /api/streams/unlock [request-id: 2BF46A53-7E00-4AAB-AD1A-DDAC1404DEE3]
2026-01-19 12:18:11.912 RedLemon[7854:81314] 🔓 Unlock request: infoHash=4dc447b080ff..., fileIdx=0
2026-01-19 12:18:11.912 RedLemon[7854:81314] ✅ Token found, attempting unlock...
2026-01-19 12:18:13.712 RedLemon[7854:81314] ✅ Unlocked successfully: Weapons.2025.1080p.WEBRip.x264.AAC5.1-[YTS.MX].mp4
2026-01-19 12:18:13.715 RedLemon[7854:81365] 📝 [RESOLVER] Stream Unlocked ["filename": "Weapons.2025.1080p.WEBRip.x264.AAC5.1-[YTS.MX].mp4", "is_generic": "false", "original_title": "Community Verified Stream (1080p)", "url_host": "chi4-4.download.real-debrid.com"]
2026-01-19 12:18:13.716 RedLemon[7854:78902] ✅ Guest: Stream preloaded with URL: https://chi4-4.download.real-debrid.com/d/2ABERGWVRSGE645/Weapons.2025.1080p.WEB
2026-01-19 12:18:13.716 RedLemon[7854:78902] ✅ Guest: Stream preloaded. Sending READY signal.
2026-01-19 12:18:13.716 RedLemon[7854:81365] 📤 Realtime: Sending message type: chat, sender: 656daa91-33b4-4688-9135-c982ea52d7c9
2026-01-19 12:18:13.728 RedLemon[7854:81365]    Payload keys: senderId, chatText, position, timestamp, type, chatUsername
2026-01-19 12:18:13.731 RedLemon[7854:81314] ✅ Realtime: Message broadcast complete
2026-01-19 12:18:13.853 RedLemon[7854:81314] 📨 Realtime: Received broadcast message
2026-01-19 12:18:13.854 RedLemon[7854:81314]    Payload keys: type, position, chatUsername, timestamp, senderId, chatText
2026-01-19 12:18:13.854 RedLemon[7854:81314] ✅ Realtime: Decoded message type: chat, sender: 656daa91-33b4-4688-9135-c982ea52d7c9
2026-01-19 12:18:14.585 RedLemon[7854:81314] 📨 Realtime: Received broadcast message
2026-01-19 12:18:14.585 RedLemon[7854:81314]    Payload keys: type, position, chatUsername, timestamp, senderId, chatText
2026-01-19 12:18:14.585 RedLemon[7854:81314] ✅ Realtime: Decoded message type: chat, sender: 96e01cdb-36c0-4228-a6e4-a29a3c66bc8e
2026-01-19 12:18:14.585 RedLemon[7854:78902] 🎬 Guest: Received LOBBY_START_COUNTDOWN signal
2026-01-19 12:18:14.586 RedLemon[7854:78902] 🎬 Guest: Received LOBBY_START_COUNTDOWN signal processing
2026-01-19 12:18:14.728 RedLemon[7854:78902] ✅ Guest: Synced stream info from Host (Hash: 4dc447b0) - URL cleared for fresh unlock
2026-01-19 12:18:14.728 RedLemon[7854:78902] 🛡️ Guest: preResolvedStream cleared to force fresh RD link
2026-01-19 12:18:14.801 RedLemon[7854:78902] 🗑️ Guest: RD cache cleared for hash: 4dc447b0...
2026-01-19 12:18:15.089 RedLemon[7854:78902] 📨 Lobby: Received Room UPDATE from Realtime
2026-01-19 12:18:17.883 RedLemon[7854:81160] 📨 Realtime: Received broadcast message
2026-01-19 12:18:17.883 RedLemon[7854:81160]    Payload keys: chatUsername, type, chatText, timestamp, senderId, position
2026-01-19 12:18:17.884 RedLemon[7854:81160] ✅ Realtime: Decoded message type: chat, sender: 96e01cdb-36c0-4228-a6e4-a29a3c66bc8e
2026-01-19 12:18:17.884 RedLemon[7854:78902] 🎬 Guest: Received LOBBY_PLAYBACK_STARTED signal from Host
2026-01-19 12:18:17.884 RedLemon[7854:78902] 🎬 Guest: Launching player for Weapons (Synced Start)
2026-01-19 12:18:18.089 RedLemon[7854:78902] 🎬 Guest: Fetch took 0.215s, finished countdown loop
2026-01-19 12:18:18.095 RedLemon[7854:78902] 📡 Fetching metadata for tt26581740...
2026-01-19 12:18:18.187 RedLemon[7854:78902] 🎬 PlayerVM: Using Playlist Metadata: S0E0
2026-01-19 12:18:18.187 RedLemon[7854:78902] 🚀 PlayerVM: Using DIRECT UNLOCK path (Guest Optimization)
2026-01-19 12:18:18.188 RedLemon[7854:78902]    Hash: 4dc447b080ff...
2026-01-19 12:18:18.188 RedLemon[7854:78902] 🗑️ PlayerVM: RD cache cleared for direct unlock
✅ RD addMagnet: JGSJVPUATFYDC
⏰ AppState: Next schedule update set for Event End: 2026-01-19 19:01:18 +0000
⏰ AppState: Scheduling update in 6186 seconds
🎬 Movie: Found matching file for title 'Weapons': /Weapons.2025.1080p.WEBRip.x264.AAC5.1-[YTS.MX].mp4
📝 RD: Selecting file ID 4 for torrent JGSJVPUATFYDC
📊 RD poll 1/2: status=downloaded, links=1
🔗 Unrestricting link: https://real-debrid.com/d/D5LTHFJDOKVLE377
✅ StreamService: Stream unlocked successfully!
✅ StreamService: Verified stream is VIABLE. Returning immediately.
📝 Guest: Marked session as started (Idempotency Lock): 4dc447b0
🗑️ RD cache cleared for hash: 4dc447b080ff... (1 entries)
🔄 Lobby: Fetching fresh room state from Supabase...
✅ Lobby: Synced CLEAN stream info, metadata & playlist to AppState
✅ Cache HIT: Metadata[meta_movie_tt26581740]
🔓 StreamService: Unlocking with infoHash: 4dc447b080ff...
[ INFO ] POST /api/streams/unlock [request-id: 87B3F27B-A533-4C15-96AA-62CFFF3D422C]
2026-01-19 12:18:18.199 RedLemon[7854:81366] 🔓 Unlock request: infoHash=4dc447b080ff..., fileIdx=0
2026-01-19 12:18:18.199 RedLemon[7854:81366] ✅ Token found, attempting unlock...
2026-01-19 12:18:18.222 RedLemon[7854:78902] 🎬 Guest: Countdown finished. Waiting for Host PLAYBACK_STARTED signal...
2026-01-19 12:18:19.690 RedLemon[7854:81365] ✅ Unlocked successfully: Weapons.2025.1080p.WEBRip.x264.AAC5.1-[YTS.MX].mp4
2026-01-19 12:18:19.692 RedLemon[7854:81160] 📝 [RESOLVER] Stream Unlocked ["filename": "Weapons.2025.1080p.WEBRip.x264.AAC5.1-[YTS.MX].mp4", "is_generic": "false", "original_title": "Shared Stream (Direct)", "url_host": "chi4-4.download.real-debrid.com"]
2026-01-19 12:18:19.693 RedLemon[7854:78902] ✅ PlayerVM: Direct unlock succeeded! URL: https://chi4-4.download.real-debrid.com/d/2ABERGWVRSGE645/We
✅ RD addMagnet: KME66Y3EET3PC
🎬 Movie: Found matching file for title 'Weapons': /Weapons.2025.1080p.WEBRip.x264.AAC5.1-[YTS.MX].mp4
📝 RD: Selecting file ID 4 for torrent KME66Y3EET3PC
📊 RD poll 1/2: status=downloaded, links=1
🔗 Unrestricting link: https://real-debrid.com/d/D5LTHFJDOKVLE377
✅ StreamService: Stream unlocked successfully!
[ INFO ] GET /subtitles/search [request-id: 76D074BC-554D-4B7D-AFBF-F5E25C38D0E0]
2026-01-19 12:18:19.893 RedLemon[7854:81316] 📨 Realtime: Received broadcast message
2026-01-19 12:18:19.893 RedLemon[7854:81316]    Payload keys: position, isPlaying, senderId, timestamp, type
2026-01-19 12:18:19.894 RedLemon[7854:81316] ✅ Realtime: Decoded message type: playbackState, sender: UERD
2026-01-19 12:18:19.894 RedLemon[7854:78902] ⚠️ Received Realtime message with no chat text
2026-01-19 12:18:21.217 RedLemon[7854:78902] 🛡️ Lobby: User 96e01cdb-36c0-4228-a6e4-a29a3c66bc8e remains online (Remaining Refs: 1)
2026-01-19 12:18:21.895 RedLemon[7854:81365] 📨 Realtime: Received broadcast message
2026-01-19 12:18:21.895 RedLemon[7854:81365]    Payload keys: position, isPlaying, senderId, timestamp, type
2026-01-19 12:18:21.896 RedLemon[7854:81365] ✅ Realtime: Decoded message type: playbackState, sender: UERD
2026-01-19 12:18:21.896 RedLemon[7854:78902] ⚠️ Received Realtime message with no chat text
2026-01-19 12:18:23.997 RedLemon[7854:81316] 📨 Realtime: Received broadcast message
2026-01-19 12:18:23.997 RedLemon[7854:81316]    Payload keys: senderId, isPlaying, type, position, timestamp
2026-01-19 12:18:23.998 RedLemon[7854:81316] ✅ Realtime: Decoded message type: playbackState, sender: UERD
2026-01-19 12:18:23.998 RedLemon[7854:78902] ⚠️ Received Realtime message with no chat text
2026-01-19 12:18:25.943 RedLemon[7854:81316] 📨 Realtime: Received broadcast message
2026-01-19 12:18:25.943 RedLemon[7854:81316]    Payload keys: position, isPlaying, senderId, timestamp, type
2026-01-19 12:18:25.943 RedLemon[7854:81316] ✅ Realtime: Decoded message type: playbackState, sender: UERD
2026-01-19 12:18:25.943 RedLemon[7854:78902] ⚠️ Received Realtime message with no chat text
2026-01-19 12:18:27.990 RedLemon[7854:81316] 📨 Realtime: Received broadcast message
2026-01-19 12:18:27.991 RedLemon[7854:81316]    Payload keys: position, isPlaying, senderId, timestamp, type
2026-01-19 12:18:27.991 RedLemon[7854:81316] ✅ Realtime: Decoded message type: playbackState, sender: UERD
2026-01-19 12:18:27.991 RedLemon[7854:78902] ⚠️ Received Realtime message with no chat text
2026-01-19 12:18:28.402 RedLemon[7854:78902] 📨 Lobby: Received Room UPDATE from Realtime
2026-01-19 12:18:28.403 RedLemon[7854:78902] 📨 Lobby: Received Room UPDATE from Realtime
2026-01-19 12:18:28.414 RedLemon[7854:78902] ✅ Direct Unlock: Found 9 SubDL subtitles
2026-01-19 12:18:28.415 RedLemon[7854:78902] ✅ Direct Unlock: Attached 9 SubDL subtitles to stream
2026-01-19 12:18:28.500 RedLemon[7854:78902] ✅ Stream ready, starting playback...
2026-01-19 12:18:28.539 RedLemon[7854:81539] 📝 Realtime: Registered observer 'player' (Presence: YES, Sync: NO, Status: NO)
2026-01-19 12:18:28.546 RedLemon[7854:81538] 📝 Realtime: Registered observer 'player' (Presence: NO, Sync: YES, Status: NO)
2026-01-19 12:18:28.573 RedLemon[7854:81160] 📝 [PLAYER] Resumed
2026-01-19 12:18:28.607 RedLemon[7854:81314] 📝 [ERROR] Load Video Failed ["code": "-4", "url": "https://chi4-4.download.real-debrid.com/d/2ABERGWVRSGE645/Weapons.2025.1080p.WEBRip.x264.AAC5.1-%5BYTS.MX%5D.mp4"]
🔍 Searching SubDL: tt26581740 (movie)
   ℹ️ Fallback Name: Weapons (2025)
⏰ AppState: Next schedule update set for Event End: 2026-01-19 19:01:18 +0000
⏰ AppState: Scheduling update in 6176 seconds
🔄 Lobby: Fetching fresh room state from Supabase...
🔄 Lobby: Fetching fresh room state from Supabase...
✅ Found 9 subtitles from SubDL (Primary)
!!! MPVWrapper initialized - Build Version: 2026-01-19-FIX-FALSE-EOF-v3 !!!
🔌 Setting up Realtime channel: watch-party:UERD
   Role: Guest
   User ID: 656DAA91-33B4-4688-9135-C982EA52D7C9
📡 Connection state: connected
📡 Connection state: connecting
📡 Topic realtime:watch-party:UERD already joined (interest count: 2), skipping phx_join
📡 Connection state: connected
✅ Realtime channel setup complete
✅ Lobby: Synced CLEAN stream info, metadata & playlist to AppState
✅ Cache HIT: Metadata[meta_movie_tt26581740]
[ INFO ] GET /subtitles/subdl/L3N1YnRpdGxlLzM1MDI3ODctODQyNTIzNC56aXA= [request-id: DC7FADD2-D5A2-47C3-B775-DDD6BB77D6E3]
2026-01-19 12:18:28.846 RedLemon[7854:78902] ⚠️ Watch Party: sendReadySignal blocked - File not loaded yet
2026-01-19 12:18:28.853 RedLemon[7854:81316] 📝 [PLAYER] Playback State Changed ["state": "Playing"]
2026-01-19 12:18:29.590 RedLemon[7854:81314] ❌ [12:18:29.591] [SUBTITLES] [MPVWrapper.swift:677] Failed to load subtitle, MPV error code: -12
📄 Subtitle request: L3N1YnRpdGxlLzM1MDI3... (offset: 0ms)
📥 Downloading subtitle from SubDL CDN: /subtitle/3502787-8425234.zip
📡 SocialService: Updated status - online: Weapons
✅ Lobby: Synced CLEAN stream info, metadata & playlist to AppState
⏰ AppState: Next schedule update set for Event End: 2026-01-19 19:01:18 +0000
⏰ AppState: Scheduling update in 6170 seconds
✅ Download complete: 40716 bytes
📦 Detected ZIP archive, extracting...
🔍 Calculating compatibility scores for 1 files...
✅ Selected best match by compatibility score (5): Weapons.(2025) eng.srt
📦 Extracting specific file: Weapons.(2025) eng.srt
✅ Extraction successful
✅ Subtitle downloaded and converted to VTT
[ INFO ] GET /subtitles/subdl/L3N1YnRpdGxlLzM1MTI2MDEtODQzNTE3MS56aXA= [request-id: FBDE32FC-332C-4811-B5A6-D1BA1DFE216F]
2026-01-19 12:18:29.927 RedLemon[7854:81160] 📨 Realtime: Received broadcast message
2026-01-19 12:18:29.928 RedLemon[7854:81539] 📨 Realtime: Received broadcast message
2026-01-19 12:18:29.928 RedLemon[7854:81160]    Payload keys: timestamp, position, senderId, type, isPlaying
2026-01-19 12:18:29.928 RedLemon[7854:81539]    Payload keys: timestamp, position, senderId, type, isPlaying
2026-01-19 12:18:29.929 RedLemon[7854:81539] ✅ Realtime: Decoded message type: playbackState, sender: UERD
2026-01-19 12:18:29.929 RedLemon[7854:81160] ✅ Realtime: Decoded message type: playbackState, sender: UERD
2026-01-19 12:18:29.929 RedLemon[7854:78902] ⚠️ Received Realtime message with no chat text
2026-01-19 12:18:30.187 RedLemon[7854:81316] ❌ [12:18:30.188] [SUBTITLES] [MPVWrapper.swift:677] Failed to load subtitle, MPV error code: -12
📄 Subtitle request: L3N1YnRpdGxlLzM1MTI2... (offset: 0ms)
📥 Downloading subtitle from SubDL CDN: /subtitle/3512601-8435171.zip
✅ Download complete: 36126 bytes
📦 Detected ZIP archive, extracting...
🔍 Calculating compatibility scores for 1 files...
✅ Selected best match by compatibility score (20): Weapons.2025.1080p.BluRay.x265-YAWNTiC_eng.srt
📦 Extracting specific file: Weapons.2025.1080p.BluRay.x265-YAWNTiC_eng.srt
✅ Extraction successful
✅ Subtitle downloaded and converted to VTT
[ INFO ] GET /subtitles/subdl/L3N1YnRpdGxlLzM1MTI1OTktODQzNTE3MC56aXA= [request-id: DF46CB2C-6B3D-4CED-AC9F-CB1BA2861CF4]
2026-01-19 12:18:31.129 RedLemon[7854:81314] ❌ [12:18:31.130] [SUBTITLES] [MPVWrapper.swift:677] Failed to load subtitle, MPV error code: -12
2026-01-19 12:18:31.532 RedLemon[7854:81314] 🔐 SupabaseClient: Signing Identity Payload: '1768843111656daa91-33b4-4688-9135-c982ea52d7c9/rpc/room_heartbeat'
2026-01-19 12:18:31.533 RedLemon[7854:81314] 🔐 Signed request to /rpc/room_heartbeat
2026-01-19 12:18:31.750 RedLemon[7854:78902] 🛡️ Lobby: User 656daa91-33b4-4688-9135-c982ea52d7c9 remains online (Remaining Refs: 1)
2026-01-19 12:18:31.892 RedLemon[7854:81539] 📨 Realtime: Received broadcast message
2026-01-19 12:18:31.892 RedLemon[7854:81160] 📨 Realtime: Received broadcast message
2026-01-19 12:18:31.892 RedLemon[7854:81539]    Payload keys: isPlaying, type, timestamp, senderId, position
2026-01-19 12:18:31.892 RedLemon[7854:81160]    Payload keys: isPlaying, type, timestamp, senderId, position
2026-01-19 12:18:31.892 RedLemon[7854:81539] ✅ Realtime: Decoded message type: playbackState, sender: UERD
2026-01-19 12:18:31.893 RedLemon[7854:81160] ✅ Realtime: Decoded message type: playbackState, sender: UERD
2026-01-19 12:18:31.893 RedLemon[7854:78902] ⚠️ Received Realtime message with no chat text
2026-01-19 12:18:32.121 RedLemon[7854:78902] 📨 Lobby: Received Room UPDATE from Realtime
2026-01-19 12:18:33.930 RedLemon[7854:81539] 📨 Realtime: Received broadcast message
2026-01-19 12:18:33.930 RedLemon[7854:81314] 📨 Realtime: Received broadcast message
2026-01-19 12:18:33.931 RedLemon[7854:81539]    Payload keys: timestamp, senderId, type, position, isPlaying
2026-01-19 12:18:33.931 RedLemon[7854:81314]    Payload keys: timestamp, senderId, type, position, isPlaying
2026-01-19 12:18:33.931 RedLemon[7854:81314] ✅ Realtime: Decoded message type: playbackState, sender: UERD
2026-01-19 12:18:33.932 RedLemon[7854:81539] ✅ Realtime: Decoded message type: playbackState, sender: UERD
2026-01-19 12:18:33.933 RedLemon[7854:78902] ⚠️ Received Realtime message with no chat text
2026-01-19 12:18:35.979 RedLemon[7854:81160] 📨 Realtime: Received broadcast message
2026-01-19 12:18:35.979 RedLemon[7854:81539] 📨 Realtime: Received broadcast message
2026-01-19 12:18:35.979 RedLemon[7854:81160]    Payload keys: position, isPlaying, timestamp, type, senderId
2026-01-19 12:18:35.979 RedLemon[7854:81539]    Payload keys: position, isPlaying, timestamp, type, senderId
2026-01-19 12:18:35.979 RedLemon[7854:81539] ✅ Realtime: Decoded message type: playbackState, sender: UERD
2026-01-19 12:18:35.979 RedLemon[7854:81160] ✅ Realtime: Decoded message type: playbackState, sender: UERD
2026-01-19 12:18:35.980 RedLemon[7854:78902] ⚠️ Received Realtime message with no chat text
2026-01-19 12:18:37.892 RedLemon[7854:81366] 📨 Realtime: Received broadcast message
2026-01-19 12:18:37.892 RedLemon[7854:81314] 📨 Realtime: Received broadcast message
2026-01-19 12:18:37.892 RedLemon[7854:81366]    Payload keys: position, senderId, type, isPlaying, timestamp
2026-01-19 12:18:37.892 RedLemon[7854:81314]    Payload keys: position, senderId, type, isPlaying, timestamp
2026-01-19 12:18:37.893 RedLemon[7854:81366] ✅ Realtime: Decoded message type: playbackState, sender: UERD
2026-01-19 12:18:37.893 RedLemon[7854:81314] ✅ Realtime: Decoded message type: playbackState, sender: UERD
2026-01-19 12:18:37.893 RedLemon[7854:78902] ⚠️ Received Realtime message with no chat text
2026-01-19 12:18:38.231 RedLemon[7854:78902] 📨 Lobby: Received Room UPDATE from Realtime
2026-01-19 12:18:38.574 RedLemon[7854:81160] 🔐 SupabaseClient: Signing Identity Payload: '1768843118656daa91-33b4-4688-9135-c982ea52d7c9/rpc/room_heartbeat'
2026-01-19 12:18:38.575 RedLemon[7854:81160] 🔐 Signed request to /rpc/room_heartbeat
2026-01-19 12:18:38.994 RedLemon[7854:78902] 📨 Lobby: Received Room UPDATE from Realtime
2026-01-19 12:18:39.973 RedLemon[7854:81365] 📨 Realtime: Received broadcast message
2026-01-19 12:18:39.973 RedLemon[7854:81314] 📨 Realtime: Received broadcast message
2026-01-19 12:18:39.973 RedLemon[7854:81365]    Payload keys: isPlaying, type, position, senderId, timestamp
2026-01-19 12:18:39.973 RedLemon[7854:81314]    Payload keys: isPlaying, type, position, senderId, timestamp
2026-01-19 12:18:39.973 RedLemon[7854:81365] ✅ Realtime: Decoded message type: playbackState, sender: UERD
2026-01-19 12:18:39.973 RedLemon[7854:81314] ✅ Realtime: Decoded message type: playbackState, sender: UERD
2026-01-19 12:18:39.973 RedLemon[7854:78902] ⚠️ Received Realtime message with no chat text
📄 Subtitle request: L3N1YnRpdGxlLzM1MTI1... (offset: 0ms)
📥 Downloading subtitle from SubDL CDN: /subtitle/3512599-8435170.zip
✅ Download complete: 42012 bytes
📦 Detected ZIP archive, extracting...
🔍 Calculating compatibility scores for 1 files...
✅ Selected best match by compatibility score (20): Weapons.2025.1080p.BluRay.x265-YAWNTiC_eng SDH.srt
📦 Extracting specific file: Weapons.2025.1080p.BluRay.x265-YAWNTiC_eng SDH.srt
✅ Extraction successful
✅ Subtitle downloaded and converted to VTT
🔄 Lobby: Fetching fresh room state from Supabase...
✅ Lobby: Synced CLEAN stream info, metadata & playlist to AppState
⏰ AppState: Next schedule update set for Event End: 2026-01-19 19:01:18 +0000
⏰ AppState: Scheduling update in 6166 seconds
🔄 Lobby: Fetching fresh room state from Supabase...
✅ Lobby: Synced CLEAN stream info, metadata & playlist to AppState
🔄 Lobby: Fetching fresh room state from Supabase...
✅ Lobby: Synced CLEAN stream info, metadata & playlist to AppState
