2026-01-20 16:16:27.006 RedLemon[19714:171653] 🪟 Set initial window to expanded size: (0.0, 148.0, 1366.0, 595.0)
2026-01-20 16:16:27.006 RedLemon[19714:171653] ✅ Cache cleanup timer started (runs every 30 minutes)
2026-01-20 16:16:27.069 RedLemon[19714:171653] 🔄 Resetting playback state to prevent auto-selection...
2026-01-20 16:16:27.072 RedLemon[19714:171653] ⚠️ PlayerVM: currentWatchPartyRoom set to NIL. Stack Trace unavailable, but check recent logs.
2026-01-20 16:16:27.100 RedLemon[19714:171653] ✅ Playback state reset complete - starting in browse view
2026-01-20 16:16:27.100 RedLemon[19714:171653] 🔐 APP STARTUP: Loading stored user credentials...
2026-01-20 16:16:27.100 RedLemon[19714:171653] 🧪 Testing Profile: debug
2026-01-20 16:16:27.107 RedLemon[19714:171718] 📂 Loaded 5 credential(s) from cache
2026-01-20 16:16:27.128 RedLemon[19714:171653] ✅ Keychain: Found stored username: ursinho
2026-01-20 16:16:27.129 RedLemon[19714:171653] 🔍 Supabase: Looking up user 'ursinho' in database...
2026-01-20 16:16:27.129 RedLemon[19714:171718] 🔍 SupabaseClient: Looking up user by username 'ursinho'
2026-01-20 16:16:27.518 RedLemon[19714:171698] 📡 SupabaseClient: User lookup response received (399 bytes)
2026-01-20 16:16:27.530 RedLemon[19714:171698] ✅ SupabaseClient: Decoded 1 users from response
2026-01-20 16:16:27.531 RedLemon[19714:171698] 👤 SupabaseClient: Found user - ursinho (ID: 656DAA91-33B4-4688-9135-C982EA52D7C9)
2026-01-20 16:16:27.578 RedLemon[19714:171653] ✅ AUTH SUCCESS: User authenticated - ursinho (ID: 656DAA91-33B4-4688-9135-C982EA52D7C9)
2026-01-20 16:16:27.578 RedLemon[19714:171653] 🎯 AppState: currentUsername=ursinho, currentUserId=656DAA91-33B4-4688-9135-C982EA52D7C9
2026-01-20 16:16:29.559 RedLemon[19714:171653] 🏁 AUTH COMPLETE: Final state - username=ursinho, userId=656DAA91-33B4-4688-9135-C982EA52D7C9
2026-01-20 16:16:29.564 RedLemon[19714:171653] 🚀 RedLemon: Starting HTTP server...
2026-01-20 16:16:29.564 RedLemon[19714:171653] 📋 RedLemon: Current directory: /Users/danielnoble/Desktop/Redlemon
2026-01-20 16:16:29.583 RedLemon[19714:171653] ✅ RedLemon: HTTPServer instance created
2026-01-20 16:16:29.583 RedLemon[19714:171653] ✅ RedLemon: Server marked as ready (Optimistic)
2026-01-20 16:16:29.583 RedLemon[19714:171699] 📡 RedLemon: Server starting on port 47253...
⏲️ [EventsConfig] Starting polling fallback (every 60s)
🔌 Connecting to Supabase Realtime: wss://151.243.109.243.nip.io/realtime/v1/websocket
✅ Connected to Supabase Realtime
📡 Sparkle requesting feed URL: https://151.243.109.243.nip.io/updates/appcast.xml
✅ Sparkle configured (seamless mode)
   Appcast URL: https://151.243.109.243.nip.io/updates/appcast.xml
   Can check: true
📅 EventsView appeared
🎬 [EventsView] Fetching movie events from centralized config...
📡 [EventsConfig] Checking server for movie_events config version...
🔍 Memory pressure monitoring enabled (safe mode)
🔍 Silent update check (custom implementation)...
📦 Current build: 124, Latest build: 124
✅ App is up to date (current: 124, latest: 124)
🖥️ CacheManager initialized with fixed conservative limits
   Image cache limit: 30 items
📡 Joined channel: realtime:events_config_updates (interest count: 1)
✅ [EventsConfig] Subscribed to realtime schedule updates
📡 Sparkle requesting feed URL: https://151.243.109.243.nip.io/updates/appcast.xml
✅ [EventsConfig] Fetched movie_events version 1548 with 400 movies
✅ [EventsConfig] Using cached movie_events config (version 1548, 400 movies)
✅ [EventsView] Loaded 400 movies from config version 1548
🗓 AppState: Updated schedule epoch to 2026-01-19 00:59:05 +0000
⏰ AppState: Next schedule update set for Event End: 2026-01-20 22:03:05 +0000
⏰ AppState: Scheduling update in 2797 seconds
🖼️ [CACHE] Cached image data for key: https://images.metahub.space/background/medium/tt0114369/img (143272 bytes)
🖼️ [CACHE] Cached image data for key: https://images.metahub.space/background/medium/tt3501632/img (956349 bytes)
🖼️ [CACHE] Cached image data for key: https://images.metahub.space/background/medium/tt1591095/img (651299 bytes)
🔌 SocialService: Connecting to global presence...
🔌 Connecting to Supabase Realtime: wss://151.243.109.243.nip.io/realtime/v1/websocket
✅ Connected to Supabase Realtime
✅ SocialService: Presence connected
⏰ AppState: Next schedule update set for Event End: 2026-01-20 22:03:05 +0000
⏰ AppState: Scheduling update in 2797 seconds
⏰ AppState: Next schedule update set for Event End: 2026-01-20 22:03:05 +0000
⏰ AppState: Scheduling update in 2797 seconds
📡 Joined channel: realtime:global-presence (interest count: 1)
✅ SocialService: Connected to global presence
🔌 SocialService: Connecting to social realtime channels...
🔌 Connecting to Supabase Realtime: wss://151.243.109.243.nip.io/realtime/v1/websocket
✅ Connected to Supabase Realtime
✅ SocialService: DM channel connected
📈 SocialService: User 656daa91-33b4-4688-9135-c982ea52d7c9 came online
📡 Joined channel: realtime:direct_messages (interest count: 1)
📡 Joined channel: realtime:friendships (interest count: 1)
✅ SocialService: Connected to social channels
📬 SocialService: Fetched 0 unread messages
🔄 SocialService: Syncing 50 items to cloud...
🔄 SocialService: Syncing 50 items to cloud (serial)...
✅ Token routes registered:
   POST /tokens/save
   POST /tokens/delete
   GET  /tokens/list
✅ Unlock routes registered:
   POST /api/streams/unlock
✅ Stream routes registered:
   POST /api/streams/resolve
   GET  /api/streams/resolveByQuality
   GET  /api/streams/resolveAll
✅ Proxy routes registered:
   GET /play/rd/:infoHash/:fileIdx
   GET /play/rd/:infoHash
✅ Subtitle routes registered:
   GET /subtitles/search?imdbId=&type=
   GET /subtitles/subdl/:encodedPath
✅ All routes registered
✅ HTTP Server configured on http://127.0.0.1:47253
🚀 Starting HTTP server...
✅ Providers initialized: torrentio, comet, zilean, mediafusion, debridsearch
[ NOTICE ] Server started on http://127.0.0.1:47253
2026-01-20 16:16:29.627 RedLemon[19714:171653] ✅ RedLemon: Server should be running on http://127.0.0.1:47253
2026-01-20 16:16:29.627 RedLemon[19714:171653] 🏥 [AppState] Starting global provider health check...
2026-01-20 16:16:29.627 RedLemon[19714:171653] 🔍 Performing startup checks...
2026-01-20 16:16:29.627 RedLemon[19714:171653] ✅ Username-based authentication ready
2026-01-20 16:16:29.628 RedLemon[19714:171699] 🔐 Signed request to /check-payment
2026-01-20 16:16:30.131 RedLemon[19714:171695] 🎬 Torrentio: Building URL for movie (no season/episode)
2026-01-20 16:16:30.131 RedLemon[19714:171695] 🔗 Torrentio URL (length: 55): https://torrentio.strem.fun/stream/movie/tt0133093.json...
2026-01-20 16:16:30.935 RedLemon[19714:171653] ✅ [AppState] Provider health check complete (found 7 services)
2026-01-20 16:16:32.566 RedLemon[19714:171653] 🔄 Checking for app updates...
✅ HTTP server running on http://127.0.0.1:47253

🔗 Available endpoints:
   http://127.0.0.1:47253/health
   http://127.0.0.1:47253/status
   http://127.0.0.1:47253/api/health

💰 LicenseManager: Starting hybrid license check...
✅ SubDLClient initialized
👤 LicenseManager: Profile expiry: Optional(2026-02-11 06:00:30 +0000)
🔍 Silent update check (custom implementation)...
⏰ TimeService: Synchronizing clock with server...
🎉 License updated! Expires: 2026-02-11 06:00:30 +0000
📦 Current build: 124, Latest build: 124
✅ App is up to date (current: 124, latest: 124)
✅ TimeService: Synced! Offset: 0.096s (RTT: 137ms)
   Local:  2026-01-20 21:16:32 +0000
   Server: 2026-01-20 21:16:32 +0000
⏰ Time synced with server! AppState should automatically recalculate.
⏰ AppState: Next schedule update set for Event End: 2026-01-20 22:03:05 +0000
⏰ AppState: Scheduling update in 2787 seconds
⏰ AppState: Next schedule update set for Event End: 2026-01-20 22:03:05 +0000
⏰ AppState: Scheduling update in 2777 seconds
⏰ AppState: Next schedule update set for Event End: 2026-01-20 22:03:05 +0000
⏰ AppState: Scheduling update in 2767 seconds
⏰ AppState: Next schedule update set for Event End: 2026-01-20 22:03:05 +0000
⏰ AppState: Scheduling update in 2757 seconds
⏰ AppState: Next schedule update set for Event End: 2026-01-20 22:03:05 +0000
⏰ AppState: Scheduling update in 2747 seconds
📡 [EventsConfig] Checking server for movie_events config version...
✅ [EventsConfig] Fetched movie_events version 1548 with 400 movies
✅ [EventsConfig] Using cached movie_events config (version 1548, 400 movies)
⏰ AppState: Next schedule update set for Event End: 2026-01-20 22:03:05 +0000
⏰ AppState: Scheduling update in 2737 seconds
⏰ AppState: Next schedule update set for Event End: 2026-01-20 22:03:05 +0000
⏰ AppState: Scheduling update in 2727 seconds
⏰ AppState: Next schedule update set for Event End: 2026-01-20 22:03:05 +0000
⏰ AppState: Scheduling update in 2717 seconds
⏰ AppState: Next schedule update set for Event End: 2026-01-20 22:03:05 +0000
⏰ AppState: Scheduling update in 2707 seconds
⏰ AppState: Next schedule update set for Event End: 2026-01-20 22:03:05 +0000
⏰ AppState: Scheduling update in 2697 seconds
⏰ AppState: Next schedule update set for Event End: 2026-01-20 22:03:05 +0000
⏰ AppState: Scheduling update in 2687 seconds
📈 SocialService: User 96e01cdb-36c0-4228-a6e4-a29a3c66bc8e came online
📡 [EventsConfig] Checking server for movie_events config version...
✅ [EventsConfig] Fetched movie_events version 1548 with 400 movies
✅ [EventsConfig] Using cached movie_events config (version 1548, 400 movies)
⏰ AppState: Next schedule update set for Event End: 2026-01-20 22:03:05 +0000
⏰ AppState: Scheduling update in 2677 seconds
🔍 FriendRequest Check URL: https://151.243.109.243.nip.io/rest/v1/friendships?or=(and(user_id_1.eq.656daa91-33b4-4688-9135-c982ea52d7c9,user_id_2.eq.00ef1521-b5ac-44ae-8429-fcf0f2b609b6),and(user_id_1.eq.00ef1521-b5ac-44ae-8429-fcf0f2b609b6,user_id_2.eq.656daa91-33b4-4688-9135-c982ea52d7c9))&select=id,status,user_id_1
🔍 FriendRequest Check Response: [{"id":"0cd430c6-3897-41ed-b249-9ebb676b325d","status":"pending","user_id_1":"656daa91-33b4-4688-9135-c982ea52d7c9"}]
🔍 Found existing friendship: id=0CD430C6-3897-41ED-B249-9EBB676B325D, status=pending, user_id_1=656DAA91-33B4-4688-9135-C982EA52D7C9
⏳ Friend request already sent, waiting for response
⏰ AppState: Next schedule update set for Event End: 2026-01-20 22:03:05 +0000
⏰ AppState: Scheduling update in 2667 seconds
⏰ AppState: Next schedule update set for Event End: 2026-01-20 22:03:05 +0000
⏰ AppState: Scheduling update in 2657 seconds
📨 SocialService: Friendship INSERT - Status: pending
🔔 SocialService: New friend request received
⏰ AppState: Next schedule update set for Event End: 2026-01-20 22:03:05 +0000
⏰ AppState: Scheduling update in 2647 seconds
