2025-12-15 23:43:57.972 RedLemon[31592:295381] 🪟 Set initial window to expanded size: (0.0, 150.0, 1366.0, 593.0)
2025-12-15 23:43:57.972 RedLemon[31592:295381] ✅ Cache cleanup timer started (runs every 30 minutes)
2025-12-15 23:43:58.111 RedLemon[31592:295381] 🔄 Resetting playback state to prevent auto-selection...
2025-12-15 23:43:58.129 RedLemon[31592:295448] 🔍 KeychainManager: Retrieved username 'ursinho' from UserDefaults
2025-12-15 23:43:58.150 RedLemon[31592:295381] ✅ Playback state reset complete - starting in browse view
2025-12-15 23:43:58.151 RedLemon[31592:295381] 🔐 APP STARTUP: Loading stored user credentials...
2025-12-15 23:43:58.151 RedLemon[31592:295381] 🧪 Testing Profile: debug
2025-12-15 23:43:58.151 RedLemon[31592:295462] 🔍 KeychainManager: Retrieved username 'ursinho' from UserDefaults
2025-12-15 23:43:58.184 RedLemon[31592:295381] ✅ Keychain: Found stored username: ursinho
2025-12-15 23:43:58.184 RedLemon[31592:295381] 🔍 Supabase: Looking up user 'ursinho' in database...
2025-12-15 23:43:58.184 RedLemon[31592:295462] 🔍 SupabaseClient: Looking up user by username 'ursinho'
2025-12-15 23:43:58.292 RedLemon[31592:295448] 📡 SupabaseClient: User lookup response received (262 bytes)
2025-12-15 23:43:58.301 RedLemon[31592:295448] ✅ SupabaseClient: Decoded 1 users from response
2025-12-15 23:43:58.301 RedLemon[31592:295448] 👤 SupabaseClient: Found user - ursinho (ID: 656DAA91-33B4-4688-9135-C982EA52D7C9)
2025-12-15 23:43:58.301 RedLemon[31592:295381] ✅ Loaded user: ursinho (ID: 656DAA91-33B4-4688-9135-C982EA52D7C9)
2025-12-15 23:43:58.358 RedLemon[31592:295381] ✅ AUTH SUCCESS: User authenticated - ursinho (ID: 656DAA91-33B4-4688-9135-C982EA52D7C9)
2025-12-15 23:43:58.358 RedLemon[31592:295381] 🎯 AppState: currentUsername=ursinho, currentUserId=656DAA91-33B4-4688-9135-C982EA52D7C9
2025-12-15 23:43:58.358 RedLemon[31592:295381] 🏁 AUTH COMPLETE: Final state - username=ursinho, userId=656DAA91-33B4-4688-9135-C982EA52D7C9
2025-12-15 23:43:58.358 RedLemon[31592:295381] 🚀 RedLemon: Starting HTTP server...
2025-12-15 23:43:58.359 RedLemon[31592:295381] 📋 RedLemon: Current directory: /Users/danielnoble/Desktop/Redlemon
2025-12-15 23:43:58.380 RedLemon[31592:295381] ✅ RedLemon: HTTPServer instance created
2025-12-15 23:43:58.380 RedLemon[31592:295447] 📡 RedLemon: Server starting on port 47253...
⏲️ [EventsConfig] Starting polling fallback (every 60s)
🔌 Connecting to Supabase Realtime: wss://nhvsojszwfvcinkyvzmf.supabase.co/realtime/v1/websocket
✅ Connected to Supabase Realtime
✅ Sparkle configured (manual only, no auto-checks)
   Appcast URL: https://raw.githubusercontent.com/orangeapple1272/Redlemon/main/appcast.xml
   Can check: false
📅 EventsView appeared
📡 Joined channel: realtime:events_config_updates
✅ [EventsConfig] Subscribed to realtime schedule updates
🎬 [EventsView] Fetching movie events from centralized config...
📡 [EventsConfig] Checking server for movie_events config version...
🔍 Silent update check (custom implementation)...
🔍 Memory pressure monitoring enabled (safe mode)
🖥️ CacheManager initialized with fixed conservative limits
   Image cache limit: 30 items
📂 Loaded 3 credential(s) from cache
📨 Received: {"ref":"8DD9233C-9023-4521-9D4D-194F9CA4BF2F","event":"phx_reply","payload":{"status":"ok","response":{"postgres_changes":[{"id":53636278,"event":"INSERT","filter":"config_type=eq.movie_events","schema":"public","table":"events_config"}]}},"topic":"realtime:events_config_updates"}
📨 Received: {"ref":null,"event":"system","payload":{"message":"Subscribed to PostgreSQL","status":"ok","extension":"postgres_changes","channel":"events_config_updates"},"topic":"realtime:events_config_updates"}
📨 Received: {"ref":null,"event":"presence_state","payload":{},"topic":"realtime:events_config_updates"}
✅ Token routes registered:
   POST /tokens/save
   POST /tokens/delete
   GET  /tokens/list
✅ Unlock routes registered:
   POST /api/streams/unlock
✅ Stream routes registered:
   POST /api/streams/resolve
   GET  /api/streams/resolveByQuality
   GET  /api/streams/resolveAll
✅ Proxy routes registered:
   GET /play/rd/:infoHash/:fileIdx
   GET /play/rd/:infoHash
✅ Subtitle routes registered:
   GET /subtitles/search?imdbId=&type=
   GET /subtitles/subdl/:encodedPath
✅ All routes registered
✅ HTTP Server configured on http://127.0.0.1:47253
🚀 Starting HTTP server...
✅ Providers initialized: torrentio, comet, zilean, mediafusion
[ NOTICE ] Server started on http://127.0.0.1:47253
2025-12-15 23:44:00.568 RedLemon[31592:295381] ✅ RedLemon: Server marked as ready
2025-12-15 23:44:00.612 RedLemon[31592:295381] ✅ RedLemon: Server should be running on http://127.0.0.1:47253
2025-12-15 23:44:00.612 RedLemon[31592:295381] 🔍 Performing startup checks...
2025-12-15 23:44:00.612 RedLemon[31592:295381] ✅ Username-based authentication ready
2025-12-15 23:44:00.613 RedLemon[31592:295381] 🔍 Performing startup checks...
2025-12-15 23:44:00.613 RedLemon[31592:295381] ✅ Username-based authentication ready
2025-12-15 23:44:00.613 RedLemon[31592:295381] 🔄 Checking for app updates...
✅ HTTP server running on http://127.0.0.1:47253

🔗 Available endpoints:
   http://127.0.0.1:47253/health
   http://127.0.0.1:47253/status
   http://127.0.0.1:47253/api/health

✅ [EventsConfig] Fetched movie_events version 1350 with 453 movies
✅ [EventsConfig] Using cached movie_events config (version 1350, 453 movies)
✅ [EventsView] Loaded 453 movies from config version 1350
🗓 AppState: Updated schedule epoch to 2025-11-05 00:07:55 +0000
⏰ AppState: Next schedule update set for Event End: 2025-12-16 05:14:55 +0000
⏰ AppState: Scheduling update in 1857 seconds
🔌 SocialService: Connecting to global presence...
🔌 Connecting to Supabase Realtime: wss://nhvsojszwfvcinkyvzmf.supabase.co/realtime/v1/websocket
✅ Connected to Supabase Realtime
🔍 Supabase Response for /rooms: [{"id":"event_tt6146586","name":"John Wick: Chapter 3 - Parabellum","host_user_id":"656daa91-33b4-4688-9135-c982ea52d7c9","host_username":"RedLemon Events","stream_hash":"78d46e93ce954aa2ecacc7fda32c1e82eca34d0e","imdb_id":"tt6146586","poster_url":"https://images.metahub.space/poster/small/tt6146586/img","backdrop_url":"https://images.metahub.space/background/medium/tt6146586/img","playback_position":0,"is_playing":false,"participants_count":1,"max_participants":50,"is_public":true,"created_at":"2025-12-16T02:44:05.376656","last_activity":"2025-12-16T02:44:05.531979","season":null,"episode":null,"selected_quality":null,"selected_file_idx":null,"unlocked_stream_url":"https://chi8-4.download.real-debrid.com/d/3VUXIBKCRYN4220/03%20John%20Wick%20Chapter%203%20Parabellum%20-%20Action%202019%20Eng%20Subs%201080p%20%5BH264-mp4%5D.mp4","description":null,"current_playlist_index":0,"playlist":[]}]
📡 Joined channel: realtime:global-presence
✅ SocialService: Connected to global presence
🔌 SocialService: Connecting to DM channel...
🔌 Connecting to Supabase Realtime: wss://nhvsojszwfvcinkyvzmf.supabase.co/realtime/v1/websocket
✅ Connected to Supabase Realtime
🔍 Supabase Response for /rooms: []
📨 Received: {"ref":"F2EA567E-CDC9-4DE5-96B6-7CA9800BA0F7","event":"phx_reply","payload":{"status":"ok","response":{"postgres_changes":[]}},"topic":"realtime:global-presence"}
📨 Received: {"ref":null,"event":"presence_state","payload":{},"topic":"realtime:global-presence"}
📨 Received: {"ref":"1","event":"phx_reply","payload":{"status":"ok","response":{}},"topic":"realtime:global-presence"}
📨 Received: {"ref":null,"event":"presence_diff","payload":{"joins":{"d6a1b968-da39-11f0-9486-0a58a9feac02":{"metas":[{"phx_ref":"GIGYiDi03HaGV1aF","last_seen":"2025-12-16T04:43:58Z","status":"online","user_id":"656DAA91-33B4-4688-9135-C982EA52D7C9","username":"ursinho"}]}},"leaves":{}},"topic":"realtime:global-presence"}
🔍 Supabase Response for /rooms: []
🔍 Supabase Response for /rooms: [{"id":"event_tt0480687","name":"Hall Pass","host_user_id":"96e01cdb-36c0-4228-a6e4-a29a3c66bc8e","host_username":"RedLemon Events","stream_hash":"60e4639cb41e57e23df8252e767be794a3e475a3","imdb_id":"tt0480687","poster_url":"https://m.media-amazon.com/images/M/MV5BMTc4MzIxNTYwNl5BMl5BanBnXkFtZTcwNzE4MjE0NA@@._V1_SX250.jpg","backdrop_url":null,"playback_position":0,"is_playing":false,"participants_count":2,"max_participants":50,"is_public":true,"created_at":"2025-12-15T07:25:13.329237","last_activity":"2025-12-15T16:24:17.607525","season":null,"episode":null,"selected_quality":null,"selected_file_idx":null,"unlocked_stream_url":"https://chi9-4.download.real-debrid.com/d/FRERVZQZXHFAO43/Hall.Pass.2011.1080p.BluRay.x264.mp4","description":null,"current_playlist_index":0,"playlist":[]}]
📡 Joined channel: realtime:direct_messages
✅ SocialService: Connected to DM channel
📨 Received: {"ref":"D6E3580F-C27C-457B-A9B2-F1A4571C78C3","event":"phx_reply","payload":{"status":"ok","response":{"postgres_changes":[{"id":102443684,"event":"INSERT","filter":"receiver_id=eq.656DAA91-33B4-4688-9135-C982EA52D7C9","schema":"public","table":"direct_messages"},{"id":49850706,"event":"INSERT","filter":"sender_id=eq.656DAA91-33B4-4688-9135-C982EA52D7C9","schema":"public","table":"direct_messages"}]}},"topic":"realtime:direct_messages"}
📨 Received: {"ref":null,"event":"system","payload":{"message":"Subscribed to PostgreSQL","status":"ok","extension":"postgres_changes","channel":"direct_messages"},"topic":"realtime:direct_messages"}
📨 Received: {"ref":null,"event":"presence_state","payload":{},"topic":"realtime:direct_messages"}
📬 SocialService: Fetched 0 unread messages
🔄 SocialService: Syncing 50 items to cloud...
🔍 Manual update check requested...
⏰ TimeService: Synchronizing clock with server...
✅ TimeService: Synced! Offset: 0.719s (RTT: 77ms)
   Local:  2025-12-16 04:44:00 +0000
   Server: 2025-12-16 04:44:01 +0000
⏰ Time synced with server! AppState should automatically recalculate.
💓 Heartbeat sent
📨 Received: {"ref":"1","event":"phx_reply","payload":{"status":"ok","response":{}},"topic":"phoenix"}
💓 Heartbeat sent
💓 Heartbeat sent
📨 Received: {"ref":"2","event":"phx_reply","payload":{"status":"ok","response":{}},"topic":"phoenix"}
📨 Received: {"ref":"1","event":"phx_reply","payload":{"status":"ok","response":{}},"topic":"phoenix"}
✅ BrowseView: Server is ready, loading content...
🔍 BrowseView: Loading content for tab: Movies
🗑️ Cleared all streaming catalogs
📽️ Fetching popular movies...
[ INFO ] GET /api/metadata/catalog/movie/popular [request-id: 3C03FAD6-FDAC-439F-AA17-5837CBF74C98]
📡 SocialService: Updated status - Browsing Library: 
🔍 [Server] Proxying catalog request to: https://v3-cinemeta.strem.io/catalog/movie/popular.json
📨 Received: {"ref":"3","event":"phx_reply","payload":{"status":"ok","response":{}},"topic":"realtime:global-presence"}
📨 Received: {"ref":null,"event":"presence_diff","payload":{"joins":{"d6a1b968-da39-11f0-9486-0a58a9feac02":{"metas":[{"phx_ref":"GIGYkAyaFfeGV87B","phx_ref_prev":"GIGYiDi03HaGV1aF","last_seen":"2025-12-16T04:44:32Z","status":"Browsing Library","user_id":"656daa91-33b4-4688-9135-c982ea52d7c9","username":"ursinho"}]}},"leaves":{"d6a1b968-da39-11f0-9486-0a58a9feac02":{"metas":[{"phx_ref":"GIGYiDi03HaGV1aF","last_seen":"2025-12-16T04:43:58Z","status":"online","user_id":"656DAA91-33B4-4688-9135-C982EA52D7C9","username":"ursinho"}]}}},"topic":"realtime:global-presence"}
💾 Cache SET: Catalog[quick_movie_stz.json_7] (7 items)
💾 Cache SET: Catalog[quick_movie_cru.json_7] (7 items)
💾 Cache SET: Catalog[quick_movie_pmp.json_7] (7 items)
💾 Cache SET: Catalog[quick_movie_hbm.json_7] (7 items)
💾 Cache SET: Catalog[quick_movie_hlu.json_7] (7 items)
💾 Cache SET: Catalog[quick_movie_dnp.json_7] (7 items)
💾 Cache SET: Catalog[quick_movie_amp.json_7] (7 items)
💾 Cache SET: Catalog[quick_movie_nfx.json_7] (7 items)
💾 Cache SET: Catalog[quick_movie_sst.json_7] (7 items)
🔍 [DEBUG] Creating MediaItem from CinemetaSearchResult
🔍 [DEBUG] result.id: tt26443597
🔍 [DEBUG] result.type: movie
🔍 [DEBUG] result.name: Zootopia 2
🔍 [DEBUG] Successfully created MediaItem: Zootopia 2
🔍 [DEBUG] Creating MediaItem from CinemetaSearchResult
🔍 [DEBUG] result.id: tt29232158
🔍 [DEBUG] result.type: movie
🔍 [DEBUG] result.name: Troll 2
🔍 [DEBUG] Successfully created MediaItem: Troll 2
🔍 [DEBUG] Creating MediaItem from CinemetaSearchResult
🔍 [DEBUG] result.id: tt14107334
🔍 [DEBUG] result.type: movie
🔍 [DEBUG] result.name: The Running Man
🔍 [DEBUG] Successfully created MediaItem: The Running Man
🔍 [DEBUG] Creating MediaItem from CinemetaSearchResult
🔍 [DEBUG] result.id: tt6604188
🔍 [DEBUG] result.type: movie
🔍 [DEBUG] result.name: Tron: Ares
🔍 [DEBUG] Successfully created MediaItem: Tron: Ares
🔍 [DEBUG] Creating MediaItem from CinemetaSearchResult
🔍 [DEBUG] result.id: tt30274401
🔍 [DEBUG] result.type: movie
🔍 [DEBUG] result.name: Five Nights at Freddy's 2
🔍 [DEBUG] Successfully created MediaItem: Five Nights at Freddy's 2
🔍 [DEBUG] Creating MediaItem from CinemetaSearchResult
🔍 [DEBUG] result.id: tt26439764
🔍 [DEBUG] result.type: movie
🔍 [DEBUG] result.name: Kantara A Legend: Chapter 1
🔍 [DEBUG] Successfully created MediaItem: Kantara A Legend: Chapter 1
🔍 [DEBUG] Creating MediaItem from CinemetaSearchResult
🔍 [DEBUG] result.id: tt32537226
🔍 [DEBUG] result.type: movie
🔍 [DEBUG] result.name: Hunting Season
🔍 [DEBUG] Successfully created MediaItem: Hunting Season
🔍 [DEBUG] Creating MediaItem from CinemetaSearchResult
🔍 [DEBUG] result.id: tt27829510
🔍 [DEBUG] result.type: movie
🔍 [DEBUG] result.name: High Rollers
🔍 [DEBUG] Successfully created MediaItem: High Rollers
🔍 [DEBUG] Creating MediaItem from CinemetaSearchResult
🔍 [DEBUG] result.id: tt30472557
🔍 [DEBUG] result.type: movie
🔍 [DEBUG] result.name: Chainsaw Man - The Movie: Reze Arc
🔍 [DEBUG] Successfully created MediaItem: Chainsaw Man - The Movie: Reze Arc
🔍 [DEBUG] Creating MediaItem from CinemetaSearchResult
🔍 [DEBUG] result.id: tt14364480
🔍 [DEBUG] result.type: movie
🔍 [DEBUG] result.name: Wake Up Dead Man: A Knives Out Mystery
🔍 [DEBUG] Successfully created MediaItem: Wake Up Dead Man: A Knives Out Mystery
🔍 [DEBUG] Creating MediaItem from CinemetaSearchResult
🔍 [DEBUG] result.id: tt1343712
🔍 [DEBUG] result.type: movie
🔍 [DEBUG] result.name: First Squad: The Moment of Truth
🔍 [DEBUG] Successfully created MediaItem: First Squad: The Moment of Truth
🔍 [DEBUG] Creating MediaItem from CinemetaSearchResult
🔍 [DEBUG] result.id: tt31227572
🔍 [DEBUG] result.type: movie
🔍 [DEBUG] result.name: Predator: Badlands
🔍 [DEBUG] Successfully created MediaItem: Predator: Badlands
🔍 [DEBUG] Creating MediaItem from CinemetaSearchResult
🔍 [DEBUG] result.id: tt31434030
🔍 [DEBUG] result.type: movie
🔍 [DEBUG] result.name: Dracula
🔍 [DEBUG] Successfully created MediaItem: Dracula
🔍 [DEBUG] Creating MediaItem from CinemetaSearchResult
🔍 [DEBUG] result.id: tt36153493
🔍 [DEBUG] result.type: movie
🔍 [DEBUG] result.name: Wildcat
🔍 [DEBUG] Successfully created MediaItem: Wildcat
🔍 [DEBUG] Creating MediaItem from CinemetaSearchResult
🔍 [DEBUG] result.id: tt10210064
🔍 [DEBUG] result.type: movie
🔍 [DEBUG] result.name: Bureau 749
🔍 [DEBUG] Successfully created MediaItem: Bureau 749
📊 Using fixed catalog size: 15 items
💾 Cache SET: Catalog[popular_movies_fixed] (15 items)
💾 Cache SET: Catalog[quick_movie_pcp.json_7] (7 items)
🚀 Quick batch loaded: 7 items for starz
🔍 Starting catalog fetch for starz from: https://7a82163c306e-stremio-netflix-catalog-addon.baby-beamup.club/bmZ4LGRucCxhbXAsYXRwLGhibSxwbXAscGNwLGhsdSxjcnUsZHBlLHN0eixzc3Q6OjoxNzYzMjQxMzc5ODky/catalog/movie/stz.json
🔄 Attempt 1/3 for starz
🚀 Quick batch loaded: 7 items for crunchyroll
🔍 Starting catalog fetch for crunchyroll from: https://7a82163c306e-stremio-netflix-catalog-addon.baby-beamup.club/bmZ4LGRucCxhbXAsYXRwLGhibSxwbXAscGNwLGhsdSxjcnUsZHBlLHN0eixzc3Q6OjoxNzYzMjQxMzc5ODky/catalog/movie/cru.json
🔄 Attempt 1/3 for crunchyroll
🚀 Quick batch loaded: 7 items for paramount
🔍 Starting catalog fetch for paramount from: https://7a82163c306e-stremio-netflix-catalog-addon.baby-beamup.club/bmZ4LGRucCxhbXAsYXRwLGhibSxwbXAscGNwLGhsdSxjcnUsZHBlLHN0eixzc3Q6OjoxNzYzMjQxMzc5ODky/catalog/movie/pmp.json
🔄 Attempt 1/3 for paramount
🚀 Quick batch loaded: 7 items for hbo
🔍 Starting catalog fetch for hbo from: https://7a82163c306e-stremio-netflix-catalog-addon.baby-beamup.club/bmZ4LGRucCxhbXAsYXRwLGhibSxwbXAscGNwLGhsdSxjcnUsZHBlLHN0eixzc3Q6OjoxNzYzMjQxMzc5ODky/catalog/movie/hbm.json
🔄 Attempt 1/3 for hbo
💾 Cache SET: Catalog[quick_movie_atp.json_7] (7 items)
🚀 Quick batch loaded: 7 items for hulu
🔍 Starting catalog fetch for hulu from: https://7a82163c306e-stremio-netflix-catalog-addon.baby-beamup.club/bmZ4LGRucCxhbXAsYXRwLGhibSxwbXAscGNwLGhsdSxjcnUsZHBlLHN0eixzc3Q6OjoxNzYzMjQxMzc5ODky/catalog/movie/hlu.json
🔄 Attempt 1/3 for hulu
🚀 Quick batch loaded: 7 items for disney
🔍 Starting catalog fetch for disney from: https://7a82163c306e-stremio-netflix-catalog-addon.baby-beamup.club/bmZ4LGRucCxhbXAsYXRwLGhibSxwbXAscGNwLGhsdSxjcnUsZHBlLHN0eixzc3Q6OjoxNzYzMjQxMzc5ODky/catalog/movie/dnp.json
🔄 Attempt 1/3 for disney
🚀 Quick batch loaded: 7 items for prime
🔍 Starting catalog fetch for prime from: https://7a82163c306e-stremio-netflix-catalog-addon.baby-beamup.club/bmZ4LGRucCxhbXAsYXRwLGhibSxwbXAscGNwLGhsdSxjcnUsZHBlLHN0eixzc3Q6OjoxNzYzMjQxMzc5ODky/catalog/movie/amp.json
🔄 Attempt 1/3 for prime
💾 Cache SET: Catalog[quick_movie_top.json_7] (7 items)
🚀 Quick batch loaded: 7 items for netflix
🔍 Starting catalog fetch for netflix from: https://7a82163c306e-stremio-netflix-catalog-addon.baby-beamup.club/bmZ4LGRucCxhbXAsYXRwLGhibSxwbXAscGNwLGhsdSxjcnUsZHBlLHN0eixzc3Q6OjoxNzYzMjQxMzc5ODky/catalog/movie/nfx.json
🔄 Attempt 1/3 for netflix
🚀 Quick batch loaded: 7 items for showtime
🔍 Starting catalog fetch for showtime from: https://7a82163c306e-stremio-netflix-catalog-addon.baby-beamup.club/bmZ4LGRucCxhbXAsYXRwLGhibSxwbXAscGNwLGhsdSxjcnUsZHBlLHN0eixzc3Q6OjoxNzYzMjQxMzc5ODky/catalog/movie/sst.json
🔄 Attempt 1/3 for showtime
✅ Loaded 15 movies
🧹 Deduplication: 50 → 50 items
🖼️ [CACHE] Cached image data for key: https://images.metahub.space/poster/small/tt26443597/img (43534 bytes)
🖼️ [CACHE] Cached image data for key: https://images.metahub.space/poster/small/tt26439764/img (47523 bytes)
🖼️ [CACHE] Cached image data for key: https://images.metahub.space/poster/small/tt6604188/img (24052 bytes)
🖼️ [CACHE] Cached image data for key: https://images.metahub.space/poster/small/tt32537226/img (34074 bytes)
🖼️ [CACHE] Cached image data for key: https://images.metahub.space/poster/small/tt30274401/img (24809 bytes)
🖼️ [CACHE] Cached image data for key: https://images.metahub.space/poster/small/tt14107334/img (29621 bytes)
🖼️ [CACHE] Cached image data for key: https://images.metahub.space/poster/small/tt29232158/img (38828 bytes)
🚀 Quick batch loaded: 7 items for peacock
🔍 Starting catalog fetch for peacock from: https://7a82163c306e-stremio-netflix-catalog-addon.baby-beamup.club/bmZ4LGRucCxhbXAsYXRwLGhibSxwbXAscGNwLGhsdSxjcnUsZHBlLHN0eixzc3Q6OjoxNzYzMjQxMzc5ODky/catalog/movie/pcp.json
🔄 Attempt 1/3 for peacock
🚀 Quick batch loaded: 7 items for appleTv
🔍 Starting catalog fetch for appleTv from: https://7a82163c306e-stremio-netflix-catalog-addon.baby-beamup.club/bmZ4LGRucCxhbXAsYXRwLGhibSxwbXAscGNwLGhsdSxjcnUsZHBlLHN0eixzc3Q6OjoxNzYzMjQxMzc5ODky/catalog/movie/atp.json
🔄 Attempt 1/3 for appleTv
🚀 Quick batch loaded: 7 items for trending
💾 Cache SET: Catalog[catalog_movie_stz.json] (15 items)
💾 Cache SET: Catalog[catalog_movie_cru.json] (15 items)
💾 Cache SET: Catalog[catalog_movie_pmp.json] (15 items)
💾 Cache SET: Catalog[catalog_movie_hbm.json] (15 items)
💾 Cache SET: Catalog[catalog_movie_hlu.json] (15 items)
💾 Cache SET: Catalog[catalog_movie_dnp.json] (15 items)
💾 Cache SET: Catalog[catalog_movie_amp.json] (15 items)
🗑️ Cache evicted 6 items
💾 Cache SET: Catalog[catalog_movie_nfx.json] (15 items)
💾 Cache SET: Catalog[catalog_movie_sst.json] (15 items)
📊 Using fixed catalog size: 15 items
💾 Cache SET: Catalog[catalog_movie_pcp.json] (15 items)
✅ Attempt 1 successful for starz
✅ Successfully fetched 15 items for starz from primary service
📦 Full batch loaded: 15 items for starz
✅ Progressive loading completed for starz
📊 Using fixed catalog size: 15 items
✅ Attempt 1 successful for crunchyroll
✅ Successfully fetched 15 items for crunchyroll from primary service
📦 Full batch loaded: 15 items for crunchyroll
✅ Progressive loading completed for crunchyroll
📊 Using fixed catalog size: 15 items
✅ Attempt 1 successful for paramount
✅ Successfully fetched 15 items for paramount from primary service
📦 Full batch loaded: 15 items for paramount
✅ Progressive loading completed for paramount
📊 Using fixed catalog size: 15 items
💾 Cache SET: Catalog[catalog_movie_top.json] (15 items)
✅ Attempt 1 successful for hbo
✅ Successfully fetched 15 items for hbo from primary service
📦 Full batch loaded: 15 items for hbo
✅ Progressive loading completed for hbo
📊 Using fixed catalog size: 15 items
✅ Attempt 1 successful for hulu
✅ Successfully fetched 15 items for hulu from primary service
📦 Full batch loaded: 15 items for hulu
✅ Progressive loading completed for hulu
📊 Using fixed catalog size: 15 items
💾 Cache SET: Catalog[catalog_movie_atp.json] (15 items)
✅ Attempt 1 successful for disney
✅ Successfully fetched 15 items for disney from primary service
📦 Full batch loaded: 15 items for disney
✅ Progressive loading completed for disney
📊 Using fixed catalog size: 15 items
✅ Attempt 1 successful for prime
✅ Successfully fetched 15 items for prime from primary service
📦 Full batch loaded: 15 items for prime
✅ Progressive loading completed for prime
📊 Using fixed catalog size: 15 items
✅ Attempt 1 successful for netflix
✅ Successfully fetched 15 items for netflix from primary service
📦 Full batch loaded: 15 items for netflix
✅ Progressive loading completed for netflix
📊 Using fixed catalog size: 15 items
✅ Attempt 1 successful for showtime
✅ Successfully fetched 15 items for showtime from primary service
📦 Full batch loaded: 15 items for showtime
✅ Progressive loading completed for showtime
📊 Using fixed catalog size: 15 items
✅ Attempt 1 successful for peacock
✅ Successfully fetched 15 items for peacock from primary service
📦 Full batch loaded: 15 items for peacock
✅ Progressive loading completed for peacock
📊 Using fixed catalog size: 15 items
📦 Full batch loaded: 15 items for trending
✅ Progressive loading completed for trending
📊 Using fixed catalog size: 15 items
✅ Attempt 1 successful for appleTv
✅ Successfully fetched 15 items for appleTv from primary service
📦 Full batch loaded: 15 items for appleTv
✅ Progressive loading completed for appleTv
🖼️ [CACHE] Cached image data for key: https://images.justwatch.com/poster/334021051/s332/img (90236 bytes)
🖼️ [CACHE] Cached image data for key: https://images.justwatch.com/poster/168085879/s332/img (36913 bytes)
🖼️ [CACHE] Cached image data for key: https://images.justwatch.com/poster/327345760/s332/img (47132 bytes)
🖼️ [CACHE] Cached image data for key: https://images.justwatch.com/poster/239922303/s332/img (41748 bytes)
🖼️ [CACHE] Cached image data for key: https://images.justwatch.com/poster/178635023/s332/img (62162 bytes)
🖼️ [CACHE] Cached image data for key: https://images.justwatch.com/poster/325207161/s332/img (38083 bytes)
🖼️ [CACHE] Cached image data for key: https://images.justwatch.com/poster/176910854/s332/img (58293 bytes)
🖼️ [CACHE] Cached image data for key: https://images.justwatch.com/poster/66901085/s332/img (47457 bytes)
🖼️ [CACHE] Cached image data for key: https://images.justwatch.com/poster/322412111/s332/img (57515 bytes)
🖼️ [CACHE] Cached image data for key: https://images.justwatch.com/poster/82774854/s332/img (70010 bytes)
🖼️ [CACHE] Cached image data for key: https://images.justwatch.com/poster/330535890/s332/img (69017 bytes)
🖼️ [CACHE] Cached image data for key: https://images.justwatch.com/poster/215523604/s332/img (61037 bytes)
🖼️ [CACHE] Cached image data for key: https://images.justwatch.com/poster/300177312/s332/img (74244 bytes)
🖼️ [CACHE] Cached image data for key: https://images.justwatch.com/poster/250757744/s332/img (35420 bytes)
🖼️ [CACHE] Cached image data for key: https://images.justwatch.com/poster/195351229/s332/img (37492 bytes)
🖼️ [CACHE] Cached image data for key: https://images.justwatch.com/poster/49738196/s332/img (45872 bytes)
🖼️ [CACHE] Cached image data for key: https://images.justwatch.com/poster/315856885/s332/img (67350 bytes)
🖼️ [CACHE] Cached image data for key: https://images.justwatch.com/poster/331701827/s332/img (59722 bytes)
🖼️ [CACHE] Cached image data for key: https://images.justwatch.com/poster/322709571/s332/img (58026 bytes)
🖼️ [CACHE] Cached image data for key: https://images.justwatch.com/poster/190225928/s332/img (32368 bytes)
🖼️ [CACHE] Cached image data for key: https://images.justwatch.com/poster/181188381/s332/img (76877 bytes)
🖼️ [CACHE] Cached image data for key: https://images.justwatch.com/poster/206714476/s332/img (52991 bytes)
🖼️ [CACHE] Cached image data for key: https://images.justwatch.com/poster/263107555/s332/img (59835 bytes)
🗑️ Cache evicted 10 items
🖼️ [CACHE] Cached image data for key: https://images.justwatch.com/poster/176260460/s332/img (77708 bytes)
🖼️ [CACHE] Cached image data for key: https://images.justwatch.com/poster/31887184/s332/img (40203 bytes)
🖼️ [CACHE] Cached image data for key: https://images.justwatch.com/poster/271349733/s332/img (77031 bytes)
🖼️ [CACHE] Cached image data for key: https://images.justwatch.com/poster/107996333/s332/img (40620 bytes)
🖼️ [CACHE] Cached image data for key: https://images.justwatch.com/poster/129198929/s332/img (60050 bytes)
🖼️ [CACHE] Cached image data for key: https://images.justwatch.com/poster/329121868/s332/img (53946 bytes)
🖼️ [CACHE] Cached image data for key: https://images.justwatch.com/poster/332051109/s332/img (58936 bytes)
🖼️ [CACHE] Cached image data for key: https://images.justwatch.com/poster/301809868/s332/img (51535 bytes)
🖼️ [CACHE] Cached image data for key: https://images.justwatch.com/poster/57711426/s332/img (36912 bytes)
🖼️ [CACHE] Cached image data for key: https://im2025-12-15 23:44:36.442 RedLemon[31592:295381]    Quality: 1080p
2025-12-15 23:44:36.442 RedLemon[31592:295381]    Mode: solo
2025-12-15 23:44:36.442 RedLemon[31592:295381] 📡 Fetching metadata for tt26581740...
ages.justwatch.com/poster/334757007/s332/img (41483 bytes)
🗑️ Cache evicted 10 items
🖼️ [CACHE] Cached image data for key: https://images.justwatch.com/poster/332527038/s332/img (28010 bytes)
🖼️ [CACHE] Cached image data for key: https://images.justwatch.com/poster/285598209/s332/img (63186 bytes)
🖼️ [CACHE] Cached image data for key: https://images.justwatch.com/poster/312811279/s332/img (48255 bytes)
🖼️ [CACHE] Cached image data for key: https://images.justwatch.com/poster/87608067/s332/img (61832 bytes)
🖼️ [CACHE] Cached image data for key: https://images.justwatch.com/poster/166095369/s332/img (9321 bytes)
🖼️ [CACHE] Cached image data for key: https://images.justwatch.com/poster/76385127/s332/img (66768 bytes)
🖼️ [CACHE] Cached image data for key: https://images.justwatch.com/poster/8731868/s332/img (56932 bytes)
🖼️ [CACHE] Cached image data for key: https://images.justwatch.com/poster/154373248/s332/img (63627 bytes)
🖼️ [CACHE] Cached image data for key: https://images.justwatch.com/poster/180263360/s332/img (51887 bytes)
🖼️ [CACHE] Cached image data for key: https://images.justwatch.com/poster/331148151/s332/img (28498 bytes)
🗑️ Cache evicted 10 items
🖼️ [CACHE] Cached image data for key: https://images.justwatch.com/poster/263107555/s332/img (59835 bytes)
🖼️ [CACHE] Cached image data for key: https://images.justwatch.com/poster/101462527/s332/img (48777 bytes)
🖼️ [CACHE] Cached image data for key: https://images.justwatch.com/poster/240241908/s332/img (80230 bytes)
🖼️ [CACHE] Cached image data for key: https://images.justwatch.com/poster/215523604/s332/img (61037 bytes)
🖼️ [CACHE] Cached image data for key: https://images.justwatch.com/poster/107996333/s332/img (40620 bytes)
🖼️ [CACHE] Cached image data for key: https://images.justwatch.com/poster/8671419/s332/img (69026 bytes)
🖼️ [CACHE] Cached image data for key: https://images.justwatch.com/poster/90379677/s332/img (56639 bytes)
🖼️ [CACHE] Cached image data for key: https://images.justwatch.com/poster/238965112/s332/img (63309 bytes)
🖼️ [CACHE] Cached image data for key: https://images.justwatch.com/poster/107996333/s332/img (40620 bytes)
🖼️ [CACHE] Cached image data for key: https://images.justwatch.com/poster/154373248/s332/img (63627 bytes)
🖼️ [CACHE] Cached image data for key: https://images.justwatch.com/poster/215523604/s332/img (61037 bytes)
🖼️ [CACHE] Cached image data for key: https://images.justwatch.com/poster/338574691/s332/img (40150 bytes)
🖼️ [CACHE] Cached image data for key: https://images.justwatch.com/poster/338523237/s332/img (49913 bytes)
🖼️ [CACHE] Cached image data for key: https://images.justwatch.com/poster/101462527/s332/img (48777 bytes)
🖼️ [CACHE] Cached image data for key: https://images.justwatch.com/poster/336393313/s332/img (35742 bytes)
🗑️ Cache evicted 10 items
🖼️ [CACHE] Cached image data for key: https://images.justwatch.com/poster/51204426/s332/img (31376 bytes)
🖼️ [CACHE] Cached image data for key: https://images.justwatch.com/poster/90379677/s332/img (56639 bytes)
🖼️ [CACHE] Cached image data for key: https://images.justwatch.com/poster/309896363/s332/img (42659 bytes)
🖼️ [CACHE] Cached image data for key: https://images.justwatch.com/poster/335474178/s332/img (42733 bytes)
🖼️ [CACHE] Cached image data for key: https://images.justwatch.com/poster/21653281/s332/img (35111 bytes)
🖼️ [CACHE] Cached image data for key: https://images.justwatch.com/poster/31887184/s332/img (40203 bytes)
🖼️ [CACHE] Cached image data for key: https://images.justwatch.com/poster/206714476/s332/img (52991 bytes)
🖼️ [CACHE] Cached image data for key: https://images.justwatch.com/poster/336952619/s332/img (50991 bytes)
🖼️ [CACHE] Cached image data for key: https://images.justwatch.com/poster/246982332/s332/img (44686 bytes)
🖼️ [CACHE] Cached image data for key: https://images.justwatch.com/poster/82774854/s332/img (70010 bytes)
🖼️ [CACHE] Cached image data for key: https://images.justwatch.com/poster/188181053/s332/img (48517 bytes)
🗑️ Cache evicted 10 items
🖼️ [CACHE] Cached image data for key: https://images.justwatch.com/poster/336662820/s332/img (50316 bytes)
🖼️ [CACHE] Cached image data for key: https://images.justwatch.com/poster/301298992/s332/img (50065 bytes)
🖼️ [CACHE] Cached image data for key: https://images.justwatch.com/poster/35006170/s332/img (61678 bytes)
🖼️ [CACHE] Cached image data for key: https://images.justwatch.com/poster/336298604/s332/img (33569 bytes)
🖼️ [CACHE] Cached image data for key: https://images.metahub.space/poster/small/tt30144839/img (35849 bytes)
🖼️ [CACHE] Cached image data for key: https://images.justwatch.com/poster/256784897/s332/img (48660 bytes)
🖼️ [CACHE] Cached image data for key: https://images.metahub.space/poster/small/tt1312221/img (31560 bytes)
🖼️ [CACHE] Cached image data for key: https://images.metahub.space/poster/small/tt16311594/img (10204 bytes)
🖼️ [CACHE] Cached image data for key: https://images.metahub.space/poster/small/tt8946378/img (39978 bytes)
🖼️ [CACHE] Cached image data for key: https://images.metahub.space/poster/small/tt30446847/img (17100 bytes)
🗑️ Cache evicted 10 items
🖼️ [CACHE] Cached image data for key: https://images.metahub.space/poster/small/tt14107334/img (29621 bytes)
🖼️ [CACHE] Cached image data for key: https://images.metahub.space/poster/small/tt14364480/img (19894 bytes)
📼 Resume playback called - mode: solo, shouldResume: false, timestamp: 28.111416666666667s
✅ Cleared resumeFromTimestamp - starting from beginning
🛑 BrowseView disappeared - cancelled all ongoing tasks
🎬 PlayerVM: Starting playback for: Weapons
[ INFO ] GET /api/metadata/meta/movie/tt26581740 [request-id: 12BDCABA-7C08-4C5C-9A80-1FB27A0749C2]
2025-12-15 23:44:36.481 RedLemon[31592:295736] 📦 Decoded CinemetaMeta - videos count: -1
2025-12-15 23:44:36.486 RedLemon[31592:295381] 🖼️ Loading background art: https://images.metahub.space/background/medium/tt26581740/img
2025-12-15 23:44:36.486 RedLemon[31592:295381] ⏳ Background art loading...
2025-12-15 23:44:36.487 RedLemon[31592:295381] 🎨 Loading logo: https://images.metahub.space/logo/medium/tt26581740/img
2025-12-15 23:44:36.487 RedLemon[31592:295381] ⏳ Logo loading...
2025-12-15 23:44:36.551 RedLemon[31592:295691] ✅ StreamService: Using provided metadata: Weapons
2025-12-15 23:44:36.551 RedLemon[31592:295691] ⚡️ StreamService: Resolving streams via StreamResolver (Bypassing HTTP)...
2025-12-15 23:44:36.551 RedLemon[31592:295691] ⚡️ StreamResolver: Resolving streams for tt26581740 (S0E0)
2025-12-15 23:44:36.551 RedLemon[31592:295691]    📅 Filtering by year: 2025
2025-12-15 23:44:36.620 RedLemon[31592:295381] ✅ Logo loaded successfully
2025-12-15 23:44:36.645 RedLemon[31592:295381] ✅ Background art loaded successfully
💾 Cache SET: Metadata[meta_movie_tt26581740]
[2025-12-16T04:44:36Z] [INFO] [StreamService.swift:27] 🎬 StreamService: Starting resolution for: Weapons
🎬 StreamService: Resolving movie - trusted pack filtering will be applied server-side
⚡️ StreamResolver: Found Community Verified stream with 1 votes!
⚡️ StreamResolver: SHORT CIRCUIT - Returning verified stream immediately.
⚡️ StreamService: Testing verified stream viability...
🔓 StreamService: Unlocking with infoHash: 4dc447b080ff...
[ INFO ] POST /api/streams/unlock [request-id: E1B9182E-DC0A-429D-950C-2ABBBAAD945B]
2025-12-15 23:44:36.697 RedLemon[31592:295685] 🔓 Unlock request: infoHash=4dc447b080ff..., fileIdx=0
2025-12-15 23:44:36.697 RedLemon[31592:295685] ✅ Token found, attempting unlock...
2025-12-15 23:44:38.361 RedLemon[31592:295685] ✅ Unlocked successfully: Weapons.2025.1080p.WEBRip.x264.AAC5.1-[YTS.MX].mp4
2025-12-15 23:44:38.380 RedLemon[31592:295381] 🎬🎬🎬 MPVPlayerView INIT called - streamURL: https://chi9-4.download.real-debrid.com/d/AIYED42IRI3HK21/We, subtitles: 0
2025-12-15 23:44:38.468 RedLemon[31592:295381] ✅ Stream ready, starting playback...
2025-12-15 23:44:38.468 RedLemon[31592:295381] 🖥️ WindowManager: enterFullscreen() called
2025-12-15 23:44:38.468 RedLemon[31592:295381]    Window: <SwiftUI.SwiftUIWindow: 0x7fa5e8075eb0>
2025-12-15 23:44:38.468 RedLemon[31592:295381]    Is fullscreen: 0
2025-12-15 23:44:38.468 RedLemon[31592:295381]    ✅ WindowManager: Toggling fullscreen ON
2025-12-15 23:44:38.585 RedLemon[31592:295381] 🖼️ Setting up MPV with native macOS video output...
2025-12-15 23:44:38.595 RedLemon[31592:295381] ✅ MPV initialized with native GPU rendering
2025-12-15 23:44:38.607 RedLemon[31592:295381] 🎬🎬🎬 MPVPlayerView .task starting
2025-12-15 23:44:38.610 RedLemon[31592:295381] 🎬🎬🎬 About to call loadStream - isInWatchParty: NO
2025-12-15 23:44:38.611 RedLemon[31592:295381] 🎬🎬🎬 Subtitles: 0
2025-12-15 23:44:38.611 RedLemon[31592:295381] 🎬🎬🎬 LOADSTREAM CALLED - streamTitle: Weapons
2025-12-15 23:44:38.611 RedLemon[31592:295381] 🎬🎬🎬 streamURL: https://chi9-4.download.real-debrid.com/d/AIYED42IRI3HK21/We
2025-12-15 23:44:38.611 RedLemon[31592:295381] 🎬🎬🎬 subtitles: 0
2025-12-15 23:44:38.616 RedLemon[31592:295381] 🎬🎬🎬 MPVPlayerView .task completed
2025-12-15 23:44:38.699 RedLemon[31592:295691] 🎬 MPV: Current video filename set to: Weapons.2025.1080p.WEBRip.x264.AAC5.1-[YTS.MX].mp4
2025-12-15 23:44:38.699 RedLemon[31592:295685] 🔍 MPV track-list/count: 0
2025-12-15 23:44:38.699 RedLemon[31592:295685] 📊 Total subtitle tracks found: 1 (including Off if needed)
2025-12-15 23:44:38.699 RedLemon[31592:295691] 🎬 MPV loadVideo called with URL: https://chi9-4.download.real-debrid.com/d/AIYED42IRI3HK21/Weapons.2025.1080p.WEBRip.x264.AAC5.1-%5BY, autoplay: true
2025-12-15 23:44:38.700 RedLemon[31592:295691] 🎬 MPV executing command: loadfile "https://chi9-4.download.real-debrid.com/d/AIYED42IRI3HK21/Weapons.2025.1080p.WEBRip.x264.AAC5.1-%5BYTS.MX%5D.mp4"
2025-12-15 23:44:38.700 RedLemon[31592:295685]    Start[0]: ID=0, Title='Off', Lang='nil', Ext=0
2025-12-15 23:44:38.700 RedLemon[31592:295685] ✅ SubtitleService: Scanned 1 tracks (Attempt 1/5)
2025-12-15 23:44:38.700 RedLemon[31592:295691] 🎬 MPV loadfile result: 0
2025-12-15 23:44:38.700 RedLemon[31592:295685]    Track: ID=0, Title=Off, External=0
2025-12-15 23:44:38.700 RedLemon[31592:295691] ✅ MPV loadfile succeeded, isPlaying set to true
2025-12-15 23:44:38.827 RedLemon[31592:295381] 🔍 MPV track-list/count: 0
2025-12-15 23:44:38.827 RedLemon[31592:295381] 📊 Total subtitle tracks found: 1 (including Off if needed)
2025-12-15 23:44:38.827 RedLemon[31592:295381]    Start[0]: ID=0, Title='Off', Lang='nil', Ext=0
2025-12-15 23:44:39.756 RedLemon[31592:295691] 🔍 MPV track-list/count: 0
2025-12-15 23:44:39.756 RedLemon[31592:295691] 📊 Total subtitle tracks found: 1 (including Off if needed)
2025-12-15 23:44:39.757 RedLemon[31592:295691]    Start[0]: ID=0, Title='Off', Lang='nil', Ext=0
2025-12-15 23:44:39.757 RedLemon[31592:295381] 🔍 MPV track-list/count: 0
2025-12-15 23:44:39.758 RedLemon[31592:295691] ✅ SubtitleService: Scanned 1 tracks (Attempt 2/5)
2025-12-15 23:44:39.758 RedLemon[31592:295381] 📊 Total subtitle tracks found: 1 (including Off if needed)
2025-12-15 23:44:39.758 RedLemon[31592:295381]    Start[0]: ID=0, Title='Off', Lang='nil', Ext=0
2025-12-15 23:44:39.758 RedLemon[31592:295691]    Track: ID=0, Title=Off, External=0
2025-12-15 23:44:40.865 RedLemon[31592:295685] 🔍 MPV track-list/count: 2
2025-12-15 23:44:41.076 RedLemon[31592:295685] 🔍 Track 0 type: video
2025-12-15 23:44:41.086 RedLemon[31592:295685] 🔍 Track 1 type: audio
2025-12-15 23:44:41.086 RedLemon[31592:295685] 📊 Total subtitle tracks found: 1 (including Off if needed)
2025-12-15 23:44:41.086 RedLemon[31592:295685]    Start[0]: ID=0, Title='Off', Lang='nil', Ext=0
2025-12-15 23:44:41.202 RedLemon[31592:295685] ✅ SubtitleService: Scanned 1 tracks (Attempt 3/5)
2025-12-15 23:44:41.203 RedLemon[31592:295685]    Track: ID=0, Title=Off, External=0
2025-12-15 23:44:41.220 RedLemon[31592:295381] 🔍 MPV track-list/count: 2
2025-12-15 23:44:41.220 RedLemon[31592:295381] 🔍 Track 0 type: video
2025-12-15 23:44:41.221 RedLemon[31592:295381] 🔍 Track 1 type: audio
2025-12-15 23:44:41.221 RedLemon[31592:295381] 📊 Total subtitle tracks found: 1 (including Off if needed)
2025-12-15 23:44:41.221 RedLemon[31592:295381]    Start[0]: ID=0, Title='Off', Lang='nil', Ext=0
2025-12-15 23:44:42.290 RedLemon[31592:295687] 🔍 MPV track-list/count: 2
2025-12-15 23:44:42.290 RedLemon[31592:295687] 🔍 Track 0 type: video
2025-12-15 23:44:42.290 RedLemon[31592:295687] 🔍 Track 1 type: audio
2025-12-15 23:44:42.290 RedLemon[31592:295687] 📊 Total subtitle tracks found: 1 (including Off if needed)
2025-12-15 23:44:42.291 RedLemon[31592:295687]    Start[0]: ID=0, Title='Off', Lang='nil', Ext=0
2025-12-15 23:44:42.292 RedLemon[31592:295687] ✅ SubtitleService: Scanned 1 tracks (Attempt 4/5)
2025-12-15 23:44:42.292 RedLemon[31592:295687]    Track: ID=0, Title=Off, External=0
2025-12-15 23:44:42.331 RedLemon[31592:295381] 🔍 MPV track-list/count: 2
2025-12-15 23:44:42.331 RedLemon[31592:295381] 🔍 Track 0 type: video
2025-12-15 23:44:42.331 RedLemon[31592:295381] 🔍 Track 1 type: audio
2025-12-15 23:44:42.332 RedLemon[31592:295381] 📊 Total subtitle tracks found: 1 (including Off if needed)
2025-12-15 23:44:42.332 RedLemon[31592:295381]    Start[0]: ID=0, Title='Off', Lang='nil', Ext=0
2025-12-15 23:44:43.294 RedLemon[31592:295687] 🔍 MPV track-list/count: 2
2025-12-15 23:44:43.294 RedLemon[31592:295687] 🔍 Track 0 type: video
2025-12-15 23:44:43.294 RedLemon[31592:295687] 🔍 Track 1 type: audio
2025-12-15 23:44:43.294 RedLemon[31592:295687] 📊 Total subtitle tracks found: 1 (including Off if needed)
2025-12-15 23:44:43.294 RedLemon[31592:295687]    Start[0]: ID=0, Title='Off', Lang='nil', Ext=0
2025-12-15 23:44:43.294 RedLemon[31592:295687] ✅ SubtitleService: Scanned 1 tracks (Attempt 5/5)
2025-12-15 23:44:43.295 RedLemon[31592:295687]    Track: ID=0, Title=Off, External=0
2025-12-15 23:44:43.329 RedLemon[31592:295381] 🔍 MPV track-list/count: 2
2025-12-15 23:44:43.331 RedLemon[31592:295381] 🔍 Track 0 type: video
2025-12-15 23:44:43.331 RedLemon[31592:295381] 🔍 Track 1 type: audio
2025-12-15 23:44:43.331 RedLemon[31592:295381] 📊 Total subtitle tracks found: 1 (including Off if needed)
2025-12-15 23:44:43.331 RedLemon[31592:295381]    Start[0]: ID=0, Title='Off', Lang='nil', Ext=0
2025-12-15 23:44:43.701 RedLemon[31592:295381] 🖱️ Mouse: x=268/1366 y=43/768 | Exit: 0 Controls: 1 Chat: 0
2025-12-15 23:44:45.867 RedLemon[31592:295381] 🖱️ Mouse: x=712/1366 y=413/768 | Exit: 0 Controls: 1 Chat: 0
2025-12-15 23:44:46.910 RedLemon[31592:295381] 🖱️ Mouse: x=662/1366 y=313/768 | Exit: 0 Controls: 0 Chat: 0
2025-12-15 23:45:00.925 RedLemon[31592:295381] 🖱️ Mouse: x=629/1366 y=172/768 | Exit: 0 Controls: 1 Chat: 0
2025-12-15 23:45:01.514 RedLemon[31592:295381] 🖱️ Mouse: x=696/1366 y=240/768 | Exit: 0 Controls: 1 Chat: 0
2025-12-15 23:45:04.467 RedLemon[31592:295381] 🖱️ Mouse: x=748/1366 y=172/768 | Exit: 0 Controls: 1 Chat: 0
2025-12-15 23:45:08.641 RedLemon[31592:295381] 🖱️ Mouse: x=739/1366 y=200/768 | Exit: 0 Controls: 0 Chat: 0
2025-12-15 23:45:19.027 RedLemon[31592:295381] 🖱️ Mouse: x=710/1366 y=213/768 | Exit: 0 Controls: 0 Chat: 0
2025-12-15 23:45:21.989 RedLemon[31592:295381] 🖱️ Mouse: x=712/1366 y=215/768 | Exit: 0 Controls: 0 Chat: 0
✅ RD addMagnet: YHQKV3PA5S6Y2
🎬 Movie: Found matching file for title 'Weapons': /Weapons.2025.1080p.WEBRip.x264.AAC5.1-[YTS.MX].mp4
📝 RD: Selecting file ID 4 for torrent YHQKV3PA5S6Y2
📊 RD poll 1/2: status=downloaded, links=1
🔗 Unrestricting link: https://real-debrid.com/d/D5LTHFJDOKVLE377
✅ StreamService: Stream unlocked successfully!
✅ StreamService: Verified stream is VIABLE. Returning immediately.
🎬 RedLemon: Creating MPVPlayerView
   Stream URL: https://chi9-4.download.real-debrid.com/d/AIYED42IRI3HK21/We
   Display Title: Weapons
   Subtitle URLs: 0
🎬 MPVWrapper: Creating embedded MPV with render context...
✅ MPV handle created
🎬 MPVLayerHostView initialized
🎬 Created CGL pixel format (Core Profile 3.2)
🎬 Created CGL context with vsync enabled
🎬 MPVViewLayer initialized with async rendering
🎬 Video layer assigned to host view
🎬 Creating MPV render context with OpenGL (IINA method)...
🎬 MPV: Frame ready! Calling layer.update() (throttled)
✅ Render context created successfully (IINA method)
🎬 Layer.update() called - forceDraw:false needsFlip:true (throttled)
🎬 CVDisplayLink started
🎬 Loading stream: Weapons
   IMDB: tt26581740
   URL: https://chi9-4.download.real-debrid.com/d/AIYED42IRI3HK21/We...
   Hash: 4dc447b0...
   Source: WEBRip
💬 Added mock chat messages for testing
👤 SOLO MODE: Autoplaying
🎬 DisplayLink: reportSwap() (throttled)
📡 Fetching metadata for tt26581740 as movie...
📝 Pre-scanning embedded subtitles...
✅ Cache HIT: Metadata[meta_movie_tt26581740]
🔍 SubtitleService: Starting embedded track scan (polling 5s)...
⚡️ PlaybackService: creating sleep assertion (preventing idle sleep)
✅ Got background: https://images.metahub.space/background/medium/tt26581740/im...
✅ Got poster URL: https://images.metahub.space/poster/small/tt26581740/img...
✅ Got logo: https://images.metahub.space/logo/medium/tt26581740/img...
📡 SocialService: Updated status - online: Weapons
⏰ AppState: Next schedule update set for Event End: 2025-12-16 05:14:55 +0000
⏰ AppState: Scheduling update in 1816 seconds
📨 Received: {"ref":"4","event":"phx_reply","payload":{"status":"ok","response":{}},"topic":"realtime:global-presence"}
📨 Received: {"ref":null,"event":"presence_diff","payload":{"joins":{"d6a1b968-da39-11f0-9486-0a58a9feac02":{"metas":[{"phx_ref":"GIGYkXalp_SGV0BL","phx_ref_prev":"GIGYkAyaFfeGV87B","last_seen":"2025-12-16T04:44:38Z","started_at":"2025-12-16T04:44:38Z","status":"online","user_id":"656daa91-33b4-4688-9135-c982ea52d7c9","username":"ursinho","watching_id":"tt26581740","watching_title":"Weapons","watching_type":"movie"}]}},"leaves":{"d6a1b968-da39-11f0-9486-0a58a9feac02":{"metas":[{"phx_ref":"GIGYkAyaFfeGV87B","phx_ref_prev":"GIGYiDi03HaGV1aF","last_seen":"2025-12-16T04:44:32Z","status":"Browsing Library","user_id":"656daa91-33b4-4688-9135-c982ea52d7c9","username":"ursinho"}]}}},"topic":"realtime:global-presence"}
✅ Video ready - hiding poster
🌐 Selecting English audio and subtitle tracks...
📊 Found 0 audio tracks
📊 Found 1 subtitle tracks (including 'Off')
   Subtitle: ID=0 lang=nil title=Off
📊 After filtering: 0 actual subtitle tracks
ℹ️ No subtitle tracks found in video yet
ℹ️ No resume timestamp set (starting from beginning)
▶️ Auto-playing solo content from beginning
📝 Started watch history tracking
⏳ MPVPlayerViewModel: Enhancing UI - Buffering started (show spinner)
🔍 Supabase Response for /rooms: [{"id":"event_tt6146586","name":"John Wick: Chapter 3 - Parabellum","host_user_id":"656daa91-33b4-4688-9135-c982ea52d7c9","host_username":"RedLemon Events","stream_hash":"78d46e93ce954aa2ecacc7fda32c1e82eca34d0e","imdb_id":"tt6146586","poster_url":"https://images.metahub.space/poster/small/tt6146586/img","backdrop_url":"https://images.metahub.space/background/medium/tt6146586/img","playback_position":0,"is_playing":false,"participants_count":1,"max_participants":50,"is_public":true,"created_at":"2025-12-16T02:44:05.376656","last_activity":"2025-12-16T02:44:05.531979","season":null,"episode":null,"selected_quality":null,"selected_file_idx":null,"unlocked_stream_url":"https://chi8-4.download.real-debrid.com/d/3VUXIBKCRYN4220/03%20John%20Wick%20Chapter%203%20Parabellum%20-%20Action%202019%20Eng%20Subs%201080p%20%5BH264-mp4%5D.mp4","description":null,"current_playlist_index":0,"playlist":[]}]
🔍 Supabase Response for /rooms: []
🔍 Supabase Response for /rooms: []
🔍 Supabase Response for /rooms: [{"id":"event_tt0480687","name":"Hall Pass","host_user_id":"96e01cdb-36c0-4228-a6e4-a29a3c66bc8e","host_username":"RedLemon Events","stream_hash":"60e4639cb41e57e23df8252e767be794a3e475a3","imdb_id":"tt0480687","poster_url":"https://m.media-amazon.com/images/M/MV5BMTc4MzIxNTYwNl5BMl5BanBnXkFtZTcwNzE4MjE0NA@@._V1_SX250.jpg","backdrop_url":null,"playback_position":0,"is_playing":false,"participants_count":2,"max_participants":50,"is_public":true,"created_at":"2025-12-15T07:25:13.329237","last_activity":"2025-12-15T16:24:17.607525","season":null,"episode":null,"selected_quality":null,"selected_file_idx":null,"unlocked_stream_url":"https://chi9-4.download.real-debrid.com/d/FRERVZQZXHFAO43/Hall.Pass.2011.1080p.BluRay.x264.mp4","description":null,"current_playlist_index":0,"playlist":[]}]
🎬 DisplayLink: reportSwap() (throttled)
⚡ MPVPlayerViewModel: Tracks populated, triggering delayed auto-selection
🌐 Selecting English audio and subtitle tracks...
📊 Found 0 audio tracks
📊 Found 1 subtitle tracks (including 'Off')
   Subtitle: ID=0 lang=nil title=Off
📊 After filtering: 0 actual subtitle tracks
ℹ️ No subtitle tracks found in video yet
[MPV] (+) Video --vid=1 (*) (h264 1920x804 23.976fps)
[MPV] (+) Audio --aid=1 (*) (aac 6ch 48000Hz)
 MPV Event: 18
 MPV Event: 18
🔍 AUDIO AUTO-SELECT: Starting smart audio track scan
🎬 DisplayLink: reportSwap() (throttled)
🎬 MPV: Frame ready! Calling layer.update() (throttled)
📊 Current subtitle track: disabled (string: no)
🔍 Track 1: Track 1 | 6ch | English: false | Commentary: false -> Score: 65
🏆 Selected best audio track: Track 1 (ID: 1, Score: 65)
🔍 AUDIO AUTO-SELECT: Starting smart audio track scan
🔍 Track 1: Track 1 | 6ch | English: false | Commentary: false -> Score: 65
🏆 Selected best audio track: Track 1 (ID: 1, Score: 65)
🔍 AUTO-SELECT: Starting subtitle scan & selection refresh
🔍 AUTO-SELECT: Found 2 total tracks
ℹ️ No suitable English subtitles found
⚡ MPVPlayerViewModel: Tracks populated, triggering delayed auto-selection
🌐 Selecting English audio and subtitle tracks...
📊 Found 1 audio tracks
   Audio: ID=1 lang=nil title=nil
⚠️ No English audio found, using: Track 1
📊 Found 1 subtitle tracks (including 'Off')
   Subtitle: ID=0 lang=nil title=Off
📊 After filtering: 0 actual subtitle tracks
ℹ️ No subtitle tracks found in video yet
 MPV Event: 18
🎬 canDraw() = true (forceDraw:false, hasFrame:true) (throttled)
🎬 draw() - Rendering frame! (throttled)
 MPV Event: 17
 MPV Event: 17
✅ MPVPlayerViewModel: Enhancing UI - Buffering finished (hide spinner) [File Loaded]
[MPV] Using hardware decoding (videotoolbox).
[MPV] AO: [coreaudio] 48000Hz stereo 2ch floatp
[MPV] VO: [libmpv] 1920x804 videotoolbox[nv12]
[MPV] Track switched:
[MPV] (+) Video --vid=1 (*) (h264 [High] 1920x804 23.976fps)
[MPV] (+) Audio --aid=1 (*) (aac [LC] 6ch 48000Hz)
🎬 Layer.update() called - forceDraw:false needsFlip:true (throttled)
🎬 DisplayLink: reportSwap() (throttled)
📊 Current subtitle track: disabled (string: no)
⚡ MPVPlayerViewModel: Tracks populated, triggering delayed auto-selection
🌐 Selecting English audio and subtitle tracks...
📊 Found 1 audio tracks
   Audio: ID=1 lang=nil title=nil
⚠️ No English audio found, using: Track 1
📊 Found 1 subtitle tracks (including 'Off')
   Subtitle: ID=0 lang=nil title=Off
📊 After filtering: 0 actual subtitle tracks
ℹ️ No subtitle tracks found in video yet
🎬 DisplayLink: reportSwap() (throttled)
🎬 MPV: Frame ready! Calling layer.update() (throttled)
📊 Current subtitle track: disabled (string: no)
⚡ MPVPlayerViewModel: Tracks populated, triggering delayed auto-selection
🌐 Selecting English audio and subtitle tracks...
📊 Found 1 audio tracks
   Audio: ID=1 lang=nil title=nil
⚠️ No English audio found, using: Track 1
📊 Found 1 subtitle tracks (including 'Off')
   Subtitle: ID=0 lang=nil title=Off
📊 After filtering: 0 actual subtitle tracks
ℹ️ No subtitle tracks found in video yet
🎬 DisplayLink: reportSwap() (throttled)
🎬 Layer.update() called - forceDraw:false needsFlip:true (throttled)
🎬 DisplayLink: reportSwap() (throttled)
🎬 MPV: Frame ready! Calling layer.update() (throttled)
🎬 DisplayLink: reportSwap() (throttled)
🎬 canDraw() = true (forceDraw:false, hasFrame:true) (throttled)
🎬 draw() - Rendering frame! (throttled)
🎬 DisplayLink: reportSwap() (throttled)
🎬 MPV: Frame ready! Calling layer.update() (throttled)
🎬 Layer.update() called - forceDraw:false needsFlip:true (throttled)
🎬 DisplayLink: reportSwap() (throttled)
🎬 DisplayLink: reportSwap() (throttled)
🎬 MPV: Frame ready! Calling layer.update() (throttled)
🎬 DisplayLink: reportSwap() (throttled)
🎬 Layer.update() called - forceDraw:false needsFlip:true (throttled)
🎬 DisplayLink: reportSwap() (throttled)
🎬 MPV: Frame ready! Calling layer.update() (throttled)
🎬 canDraw() = true (forceDraw:false, hasFrame:true) (throttled)
🎬 draw() - Rendering frame! (throttled)
🎬 DisplayLink: reportSwap() (throttled)
🎬 DisplayLink: reportSwap() (throttled)
🎬 MPV: Frame ready! Calling layer.update() (throttled)
🎬 Layer.update() called - forceDraw:false needsFlip:true (throttled)
🎬 DisplayLink: reportSwap() (throttled)
🎬 DisplayLink: reportSwap() (throttled)
🎬 MPV: Frame ready! Calling layer.update() (throttled)
🎬 DisplayLink: reportSwap() (throttled)
🎬 canDraw() = true (forceDraw:false, hasFrame:true) (throttled)
🎬 draw() - Rendering frame! (throttled)
🎬 Layer.update() called - forceDraw:false needsFlip:true (throttled)
🎬 DisplayLink: reportSwap() (throttled)
🎬 MPV: Frame ready! Calling layer.update() (throttled)
🎬 DisplayLink: reportSwap() (throttled)
📡 [EventsConfig] Checking server for movie_events config version...
✅ [EventsConfig] Fetched movie_events version 1350 with 453 movies
✅ [EventsConfig] Using cached movie_events config (version 1350, 453 movies)
💓 Heartbeat sent
📨 Received: {"ref":"2","event":"phx_reply","payload":{"status":"ok","response":{}},"topic":"phoenix"}
🎬 DisplayLink: reportSwap() (throttled)
🎬 MPV: Frame ready! Calling layer.update() (throttled)
🎬 Layer.update() called - forceDraw:false needsFlip:true (throttled)
🎬 DisplayLink: reportSwap() (throttled)
💓 Heartbeat sent
💓 Heartbeat sent
📨 Received: {"ref":"2","event":"phx_reply","payload":{"status":"ok","response":{}},"topic":"phoenix"}
📨 Received: {"ref":"5","event":"phx_reply","payload":{"status":"ok","response":{}},"topic":"phoenix"}
🎬 DisplayLink: reportSwap() (throttled)
🎬 MPV: Frame ready! Calling layer.update() (throttled)
🎬 canDraw() = true (forceDraw:false, hasFrame:true) (throttled)
🎬 draw() - Rendering frame! (throttled)
🎬 DisplayLink: reportSwap() (throttled)
🎬 Layer.update() called - forceDraw:false needsFlip:true (throttled)
🎬 DisplayLink: reportSwap() (throttled)
🎬 MPV: Frame ready! Calling layer.update() (throttled)
🎬 DisplayLink: reportSwap() (throttled)
🎬 DisplayLink: reportSwap() (throttled)
🎬 MPV: Frame ready! Calling layer.update() (throttled)
🎬 Layer.update() called - forceDraw:false needsFlip:true (throttled)
🎬 DisplayLink: reportSwap() (throttled)
🎬 canDraw() = true (forceDraw:false, hasFrame:true) (throttled)
🎬 draw() - Rendering frame! (throttled)
🎬 DisplayLink: reportSwap() (throttled)
🎬 MPV: Frame ready! Calling layer.update() (throttled)
🎬 DisplayLink: reportSwap() (throttled)
🎬 Layer.update() called - forceDraw:false needsFlip:true (throttled)
💾 Saved to watch history: Weapons at 27s
🎬 DisplayLink: reportSwap() (throttled)
🎬 MPV: Frame ready! Calling layer.update() (throttled)
🚨 Reported stream: 4dc447b080ffdfee04789e338e3e7435c894d27b Reason: test
🎬 DisplayLink: reportSwap() (throttled)
🎬 DisplayLink: reportSwap() (throttled)
🎬 MPV: Frame ready! Calling layer.update() (throttled)
🎬 canDraw() = true (forceDraw:false, hasFrame:true) (throttled)
🎬 draw() - Rendering frame! (throttled)
🎬 Layer.update() called - forceDraw:false needsFlip:true (throttled)
🎬 DisplayLink: reportSwap() (throttled)
🎬 DisplayLink: reportSwap() (throttled)
🎬 MPV: Frame ready! Calling layer.update() (throttled)
🎬 DisplayLink: reportSwap() (throttled)
🎬 Layer.update() called - forceDraw:false needsFlip:true (throttled)
🎬 DisplayLink: reportSwap() (throttled)
🎬 MPV: Frame ready! Calling layer.update() (throttled)
🎬 DisplayLink: reportSwap() (throttled)
🎬 canDraw() = true (forceDraw:false, hasFrame:true) (throttled)
🎬 draw() - Rendering frame! (throttled)
🎬 DisplayLink: reportSwap() (throttled)
🎬 MPV: Frame ready! Calling layer.update() (throttled)
🎬 Layer.update() called - forceDraw:false needsFlip:true (throttled)
🎬 DisplayLink: reportSwap() (throttled)
🎬 DisplayLink: reportSwap() (throttled)
🎬 MPV: Frame ready! Calling layer.update() (throttled)
🚨 Reported stream: 4dc447b080ffdfee04789e338e3e7435c894d27b Reason: test
🎬 DisplayLink: reportSwap() (throttled)
🎬 Layer.update() called - forceDraw:false needsFlip:true (throttled)
🎬 DisplayLink: reportSwap() (throttled)
🎬 MPV: Frame ready! Calling layer.update() (throttled)
🎬 canDraw() = true (forceDraw:false, hasFrame:true) (throttled)
🎬 draw() - Rendering frame! (throttled)
🎬 DisplayLink: reportSwap() (throttled)
🎬 DisplayLink: reportSwap() (throttled)
🎬 MPV: Frame ready! Calling layer.update() (throttled)
🎬 Layer.update() called - forceDraw:false needsFlip:true (throttled)
🎬 DisplayLink: reportSwap() (throttled)
🎬 DisplayLink: reportSwap() (throttled)
🎬 MPV: Frame ready! Calling layer.update() (throttled)
🎬 DisplayLink: reportSwap() (throttled)
🎬 canDraw() = true (forceDraw:false, hasFrame:true) (throttled)
🎬 draw() - Rendering frame! (throttled)
🎬 Layer.update() called - forceDraw:false needsFlip:true (throttled)
🎬 DisplayLink: reportSwap() (throttled)
🎬 MPV: Frame ready! Calling layer.update() (throttled)
🎬 DisplayLink: reportSwap() (throttled)
💓 Heartbeat sent
📨 Received: {"ref":"3","event":"phx_reply","payload":{"status":"ok","response":{}},"topic":"phoenix"}
🎬 DisplayLink: reportSwap() (throttled)
🎬 MPV: Frame ready! Calling layer.update() (throttled)
🎬 Layer.update() called - forceDraw:false needsFlip:true (throttled)
💓 Heartbeat sent
💓 Heartbeat sent
📨 Received: {"ref":"6","event":"phx_reply","payload":{"status":"ok","response":{}},"topic":"phoenix"}
📨 Received: {"ref":"3","event":"phx_reply","payload":{"status":"ok","response":{}},"topic":"phoenix"}
🎬 DisplayLink: reportSwap() (throttled)
🎬 DisplayLink: reportSwap() (throttled)
🎬 MPV: Frame ready! Calling layer.update() (throttled)
🎬 canDraw() = true (forceDraw:false, hasFrame:true) (throttled)
🎬 draw() - Rendering frame! (throttled)
🎬 DisplayLink: reportSwap() (throttled)
🎬 Layer.update() called - forceDraw:false needsFlip:true (throttled)
🎬 DisplayLink: reportSwap() (throttled)
🎬 MPV: Frame ready! Calling layer.update() (throttled)
🎬 DisplayLink: reportSwap() (throttled)
🎬 DisplayLink: reportSwap() (throttled)
🎬 MPV: Frame ready! Calling layer.update() (throttled)
🎬 Layer.update() called - forceDraw:false needsFlip:true (throttled)
🎬 DisplayLink: reportSwap() (throttled)
🎬 canDraw() = true (forceDraw:false, hasFrame:true) (throttled)
🎬 draw() - Rendering frame! (throttled)
🎬 DisplayLink: reportSwap() (throttled)
🎬 MPV: Frame ready! Calling layer.update() (throttled)
🎬 DisplayLink: reportSwap() (throttled)
🎬 Layer.update() called - forceDraw:false needsFlip:true (throttled)
🎬 DisplayLink: reportSwap() (throttled)
🎬 MPV: Frame ready! Calling layer.update() (throttled)
🎬 DisplayLink: reportSwap() (throttled)
🎬 DisplayLink: reportSwap() (throttled)
🎬 MPV: Frame ready! Calling layer.update() (throttled)
🎬 canDraw() = true (forceDraw:false, hasFrame:true) (throttled)
🎬 draw() - Rendering frame! (throttled)
🎬 Layer.update() called - forceDraw:false needsFlip:true (throttled)
🎬 DisplayLink: reportSwap() (throttled)
🎬 DisplayLink: reportSwap() (throttled)
🎬 MPV: Frame ready! Calling layer.update() (throttled)
🎬 DisplayLink: reportSwap() (throttled)
