2026-01-24 23:06:08.863 RedLemon[24696:670385] 🪟 Set initial window to expanded size: (0.0, 121.0, 1280.0, 654.0)
2026-01-24 23:06:08.863 RedLemon[24696:670385] ✅ Cache cleanup timer started (runs every 30 minutes)
2026-01-24 23:06:08.906 RedLemon[24696:670385] 🔄 Resetting playback state to prevent auto-selection...
2026-01-24 23:06:08.907 RedLemon[24696:670385] ⚠️ PlayerVM: currentWatchPartyRoom set to NIL. Stack Trace unavailable, but check recent logs.
2026-01-24 23:06:08.941 RedLemon[24696:670385] ✅ Playback state reset complete - starting in browse view
2026-01-24 23:06:08.941 RedLemon[24696:670385] 🔐 APP STARTUP: Loading stored user credentials...
2026-01-24 23:06:08.941 RedLemon[24696:670385] 🧪 Testing Profile: debug
2026-01-24 23:06:08.944 RedLemon[24696:670392] 📂 Loaded 5 credential(s) from cache
2026-01-24 23:06:08.945 RedLemon[24696:670385] ✅ Keychain: Found stored username: lemontom
2026-01-24 23:06:08.945 RedLemon[24696:670385] 🔍 Supabase: Looking up user 'lemontom' in database...
2026-01-24 23:06:08.945 RedLemon[24696:670392] 🔍 SupabaseClient: Looking up user by username 'lemontom'
2026-01-24 23:06:09.537 RedLemon[24696:670390] 📡 SupabaseClient: User lookup response received (427 bytes)
2026-01-24 23:06:09.546 RedLemon[24696:670390] ✅ SupabaseClient: Decoded 1 users from response
2026-01-24 23:06:09.546 RedLemon[24696:670390] 👤 SupabaseClient: Found user - lemontom (ID: 96E01CDB-36C0-4228-A6E4-A29A3C66BC8E)
2026-01-24 23:06:09.635 RedLemon[24696:670385] ✅ AUTH SUCCESS: User authenticated - lemontom (ID: 96E01CDB-36C0-4228-A6E4-A29A3C66BC8E)
2026-01-24 23:06:09.635 RedLemon[24696:670385] 🎯 AppState: currentUsername=lemontom, currentUserId=96E01CDB-36C0-4228-A6E4-A29A3C66BC8E
2026-01-24 23:06:09.638 RedLemon[24696:670385] 🛡️ AdminRealtimeService: Starting authenticated listeners...
2026-01-24 23:06:10.786 RedLemon[24696:670385] ✅ AdminRealtimeService: Subscribed to reported_streams, feedback_reports, and broadcast alerts
2026-01-24 23:06:11.387 RedLemon[24696:670385] 📊 AdminRealtimeService: Initial sync complete. Reports: 0, Feedback: 0
2026-01-24 23:06:13.234 RedLemon[24696:670385] 🏁 AUTH COMPLETE: Final state - username=lemontom, userId=96E01CDB-36C0-4228-A6E4-A29A3C66BC8E
2026-01-24 23:06:13.239 RedLemon[24696:670385] 🚀 RedLemon: Starting HTTP server...
2026-01-24 23:06:13.239 RedLemon[24696:670385] 📋 RedLemon: Current directory: /Users/danielnoble/Desktop/RedLemon-Native
2026-01-24 23:06:13.242 RedLemon[24696:670393] 🔐 Signed request to /user_watch_history
2026-01-24 23:06:13.254 RedLemon[24696:670385] ✅ RedLemon: HTTPServer instance created
2026-01-24 23:06:13.254 RedLemon[24696:670385] ✅ RedLemon: Server marked as ready (Optimistic)
2026-01-24 23:06:13.254 RedLemon[24696:670393] 📡 RedLemon: Server starting on port 47253...
⏲️ [EventsConfig] Starting polling fallback (every 60s)
🔌 Connecting to Supabase Realtime: wss://151.243.109.243.nip.io/realtime/v1/websocket
✅ Connected to Supabase Realtime
📡 Sparkle requesting feed URL: https://151.243.109.243.nip.io/updates/appcast.xml
✅ Sparkle configured (seamless mode)
   Appcast URL: https://151.243.109.243.nip.io/updates/appcast.xml
   Can check: true
📅 EventsView appeared
🎬 [EventsView] Fetching movie events from centralized config...
📡 [EventsConfig] Checking server for movie_events config version...
🔍 Memory pressure monitoring enabled (safe mode)
🔍 Silent update check (custom implementation)...
🖥️ CacheManager initialized with fixed conservative limits
   Image cache limit: 30 items
📡 Joined channel: realtime:events_config_updates (interest count: 1)
✅ [EventsConfig] Subscribed to realtime schedule updates
📡 Sparkle requesting feed URL: https://151.243.109.243.nip.io/updates/appcast.xml
📦 Current build: 148, Latest build: 148
✅ App is up to date (current: 148, latest: 148)
🔌 Connecting to Supabase Realtime: wss://151.243.109.243.nip.io/realtime/v1/websocket
✅ Connected to Supabase Realtime
📡 Joined channel: realtime:reported_streams (interest count: 1)
🔌 Connecting to Supabase Realtime: wss://151.243.109.243.nip.io/realtime/v1/websocket
✅ Connected to Supabase Realtime
✅ [EventsConfig] Fetched movie_events version 1585 with 399 movies
✅ [EventsConfig] Using cached movie_events config (version 1585, 399 movies)
✅ [EventsView] Loaded 399 movies from config version 1585
🗓 AppState: Updated schedule epoch to 2026-01-23 22:49:34 +0000
⏰ AppState: Next schedule update set for Event End: 2026-01-25 05:01:34 +0000
⏰ AppState: Scheduling update in 3324 seconds
🖼️ [CACHE] Cached image data for key: https://images.metahub.space/background/medium/tt4972582/img (612990 bytes)
🖼️ [CACHE] Cached image data for key: https://images.metahub.space/background/medium/tt1144884/img (964586 bytes)
❌ Realtime System Error (realtime:reported_streams): Unable to subscribe to changes with given parameters. Please check Realtime is enabled for the given connect parameters: [schema: public, table: reported_streams, filters: []]
📡 Joined channel: realtime:feedback_reports (interest count: 1)
🔌 Connecting to Supabase Realtime: wss://151.243.109.243.nip.io/realtime/v1/websocket
✅ Connected to Supabase Realtime
❌ Realtime System Error (realtime:feedback_reports): Unable to subscribe to changes with given parameters. Please check Realtime is enabled for the given connect parameters: [schema: public, table: feedback_reports, filters: []]
🔌 SocialService: Connecting to global presence...
🔌 Connecting to Supabase Realtime: wss://151.243.109.243.nip.io/realtime/v1/websocket
✅ Connected to Supabase Realtime
✅ SocialService: Presence connected
📡 Joined channel: realtime:admin:alerts (interest count: 1)
📊 AppState: Polled participant counts - Active: ["tt1144884": 1]
⏰ AppState: Next schedule update set for Event End: 2026-01-25 05:01:34 +0000
⏰ AppState: Scheduling update in 3323 seconds
📊 AppState: Polled participant counts - Active: ["tt1144884": 1]
⏰ AppState: Next schedule update set for Event End: 2026-01-25 05:01:34 +0000
⏰ AppState: Scheduling update in 3323 seconds
📡 Joined channel: realtime:global-presence (interest count: 1)
✅ SocialService: Connected to global presence
🔌 SocialService: Connecting to social realtime channels...
🔌 Connecting to Supabase Realtime: wss://151.243.109.243.nip.io/realtime/v1/websocket
✅ Connected to Supabase Realtime
✅ SocialService: DM channel connected
📈 SocialService: User 656daa91-33b4-4688-9135-c982ea52d7c9 came online
📈 SocialService: User 96e01cdb-36c0-4228-a6e4-a29a3c66bc8e came online
📡 Joined channel: realtime:direct_messages (interest count: 1)
📡 Joined channel: realtime:friendships (interest count: 1)
✅ SocialService: Connected to social channels
📬 SocialService: Fetched 0 unread messages
🔄 SocialService: Syncing 50 items to cloud...
🔄 SocialService: Syncing 50 items to cloud (serial)...
✅ Token routes registered:
   POST /tokens/save
   POST /tokens/delete
   GET  /tokens/list
✅ Unlock routes registered:
   POST /api/streams/unlock
✅ Stream routes registered:
   POST /api/streams/resolve
   GET  /api/streams/resolveByQuality
   GET  /api/streams/resolveAll
✅ Proxy routes registered:
   GET /play/rd/:infoHash/:fileIdx
   GET /play/rd/:infoHash
✅ Subtitle routes registered:
   GET /subtitles/search?imdbId=&type=
   GET /subtitles/subdl/:encodedPath
✅ All routes registered
✅ HTTP Server configured on http://127.0.0.1:47253
🚀 Starting HTTP server...
✅ Providers initialized: torrentio, comet, zilean, mediafusion, debridsearch
[ NOTICE ] Server started on http://127.0.0.1:47253
2026-01-24 23:06:13.303 RedLemon[24696:670385] ✅ RedLemon: Server should be running on http://127.0.0.1:47253
2026-01-24 23:06:13.303 RedLemon[24696:670385] 🏥 [AppState] Starting global provider health check...
2026-01-24 23:06:13.303 RedLemon[24696:670385] 🔍 Performing startup checks...
2026-01-24 23:06:13.303 RedLemon[24696:670385] ✅ Username-based authentication ready
2026-01-24 23:06:13.304 RedLemon[24696:670393] 🔐 Signed request to /check-payment
2026-01-24 23:06:13.545 RedLemon[24696:670390] 🔐 Signed request to /user_watch_history
2026-01-24 23:06:13.844 RedLemon[24696:670393] 🎬 Torrentio: Building URL for movie (no season/episode)
2026-01-24 23:06:13.845 RedLemon[24696:670393] 🔗 Torrentio URL (length: 55): https://torrentio.strem.fun/stream/movie/tt0133093.json...
2026-01-24 23:06:13.882 RedLemon[24696:670413] 🔐 Signed request to /user_watch_history
2026-01-24 23:06:14.223 RedLemon[24696:670390] 🔐 Signed request to /user_watch_history
2026-01-24 23:06:14.481 RedLemon[24696:670413] 🔐 Signed request to /user_watch_history
2026-01-24 23:06:14.812 RedLemon[24696:670391] 🔐 Signed request to /user_watch_history
2026-01-24 23:06:15.106 RedLemon[24696:670413] 🔐 Signed request to /user_watch_history
2026-01-24 23:06:15.198 RedLemon[24696:670385] ✅ [AppState] Provider health check complete (found 7 services)
2026-01-24 23:06:15.404 RedLemon[24696:670391] 🔐 Signed request to /user_watch_history
2026-01-24 23:06:15.800 RedLemon[24696:670391] 🔐 Signed request to /user_watch_history
2026-01-24 23:06:16.210 RedLemon[24696:670393] 🔐 Signed request to /user_watch_history
2026-01-24 23:06:16.620 RedLemon[24696:670413] 🔐 Signed request to /user_watch_history
2026-01-24 23:06:16.926 RedLemon[24696:670393] 🔐 Signed request to /user_watch_history
2026-01-24 23:06:17.299 RedLemon[24696:670393] 🔐 Signed request to /user_watch_history
2026-01-24 23:06:17.590 RedLemon[24696:670391] 🔐 Signed request to /rpc/user_heartbeat
2026-01-24 23:06:17.601 RedLemon[24696:670393] 🔐 Signed request to /user_watch_history
2026-01-24 23:06:17.951 RedLemon[24696:670413] 🔐 Signed request to /user_watch_history
2026-01-24 23:06:18.361 RedLemon[24696:670413] 🔐 Signed request to /user_watch_history
2026-01-24 23:06:18.770 RedLemon[24696:670413] 🔐 Signed request to /user_watch_history
2026-01-24 23:06:19.184 RedLemon[24696:670393] 🔐 Signed request to /user_watch_history
2026-01-24 23:06:19.589 RedLemon[24696:670392] 🔐 Signed request to /user_watch_history
2026-01-24 23:06:19.998 RedLemon[24696:670413] 🔐 Signed request to /user_watch_history
2026-01-24 23:06:20.335 RedLemon[24696:670393] 🔐 Signed request to /user_watch_history
2026-01-24 23:06:21.164 RedLemon[24696:670390] 🔐 Signed request to /user_watch_history
2026-01-24 23:06:21.433 RedLemon[24696:670391] 🔐 Signed request to /user_watch_history
2026-01-24 23:06:21.842 RedLemon[24696:670413] 🔐 Signed request to /user_watch_history
2026-01-24 23:06:22.251 RedLemon[24696:670413] 🔐 Signed request to /user_watch_history
2026-01-24 23:06:22.661 RedLemon[24696:670391] 🔐 Signed request to /user_watch_history
2026-01-24 23:06:22.993 RedLemon[24696:670390] 🔐 Signed request to /user_watch_history
2026-01-24 23:06:23.379 RedLemon[24696:670390] 🔐 Signed request to /user_watch_history
2026-01-24 23:06:23.685 RedLemon[24696:670391] 🔐 Signed request to /user_watch_history
2026-01-24 23:06:24.095 RedLemon[24696:670413] 🔐 Signed request to /user_watch_history
2026-01-24 23:06:24.505 RedLemon[24696:670413] 🔐 Signed request to /user_watch_history
2026-01-24 23:06:24.847 RedLemon[24696:670413] 🔐 Signed request to /user_watch_history
2026-01-24 23:06:25.322 RedLemon[24696:670413] 🔐 Signed request to /user_watch_history
2026-01-24 23:06:25.613 RedLemon[24696:670393] 🔐 Signed request to /user_watch_history
2026-01-24 23:06:26.040 RedLemon[24696:670393] 🔐 Signed request to /user_watch_history
2026-01-24 23:06:26.450 RedLemon[24696:670413] 🔐 Signed request to /user_watch_history
2026-01-24 23:06:26.860 RedLemon[24696:670391] 🔐 Signed request to /user_watch_history
2026-01-24 23:06:27.189 RedLemon[24696:670391] 🔐 Signed request to /user_watch_history
2026-01-24 23:06:27.575 RedLemon[24696:670413] 🔐 Signed request to /user_watch_history
2026-01-24 23:06:27.985 RedLemon[24696:670391] 🔐 Signed request to /user_watch_history
2026-01-24 23:06:28.550 RedLemon[24696:670393] 🔐 Signed request to /user_watch_history
✅ HTTP server running on http://127.0.0.1:47253

🔗 Available endpoints:
   http://127.0.0.1:47253/health
   http://127.0.0.1:47253/status
   http://127.0.0.1:47253/api/health

💰 LicenseManager: Starting hybrid license check...
✅ SubDLClient initialized
📊 AppState: Polled participant counts - Active: ["tt1144884": 1]
⏰ AppState: Next schedule update set for Event End: 2026-01-25 05:01:34 +0000
⏰ AppState: Scheduling update in 3313 seconds
🖼️ [CACHE] Cached image data for key: https://images.justwatch.com/poster/336393313/s332/img (35742 bytes)
🖼️ [CACHE] Cached image data for key: https://m.media-amazon.com/images/M/MV5BNTZjNmVjMzAtZjg2Mi00MWNmLTk5NTItOTExZDYwNTE2YmExXkEyXkFqcGc@._V1_SX250.jpg (19056 bytes)
🖼️ [CACHE] Cached image data for key: https://images.metahub.space/poster/small/tt0266915/img (29028 bytes)
📡 SocialService: Updated status - Browsing: 
🖼️ [CACHE] Cached image data for key: https://images.metahub.space/poster/small/tt0415306/img (40452 bytes)
🖼️ [CACHE] Cached image data for key: https://m.media-amazon.com/images/M/MV5BNTZjNmVjMzAtZjg2Mi00MWNmLTk5NTItOTExZDYwNTE2YmExXkEyXkFqcGc@._V1_SX250.jpg (19056 bytes)
🖼️ [CACHE] Cached image data for key: https://images.metahub.space/poster/small/tt1144884/img (36500 bytes)
🖼️ [CACHE] Cached image data for key: https://images.metahub.space/poster/small/tt6604188/img (14626 bytes)
🖼️ [CACHE] Cached image data for key: https://images.metahub.space/poster/small/tt29644189/img (26048 bytes)
🖼️ [CACHE] Cached image data for key: https://images.metahub.space/poster/small/tt31227572/img (24034 bytes)
[ INFO ] GET /api/metadata/catalog/movie/popular [request-id: 9895AA53-7756-4331-8240-12C092E7A4D6]
2026-01-24 23:06:29.131 RedLemon[24696:670699] 🔐 Signed request to /user_watch_history
2026-01-24 23:06:29.632 RedLemon[24696:670699] 🔐 Signed request to /user_watch_history
2026-01-24 23:06:29.954 RedLemon[24696:670699] 🔐 Signed request to /user_watch_history
2026-01-24 23:06:30.341 RedLemon[24696:670393] 🔐 Signed request to /user_watch_history
2026-01-24 23:06:30.595 RedLemon[24696:670692] 🔐 Signed request to /user_watch_history
2026-01-24 23:06:30.956 RedLemon[24696:670692] 🔐 Signed request to /user_watch_history
2026-01-24 23:06:31.365 RedLemon[24696:670391] 🔐 Signed request to /user_watch_history
2026-01-24 23:06:31.710 RedLemon[24696:670699] 🔐 Signed request to /user_watch_history
2026-01-24 23:06:31.867 RedLemon[24696:670385] 🔄 Checking for app updates...
2026-01-24 23:06:31.868 RedLemon[24696:670692] 🔐 Signed request to /rpc/get_server_time
2026-01-24 23:06:32.082 RedLemon[24696:670692] 🔐 Signed request to /user_watch_history
🔍 [Server] Proxying catalog request to: https://v3-cinemeta.strem.io/catalog/movie/popular.json
🖼️ [CACHE] Cached image data for key: https://images.metahub.space/poster/small/tt4627382/img (18234 bytes)
🖼️ [CACHE] Cached image data for key: https://images.metahub.space/poster/small/tt0245686/img (21640 bytes)
🖼️ [CACHE] Cached image data for key: https://images.metahub.space/poster/small/tt31193180/img (27098 bytes)
🖼️ [CACHE] Cached image data for key: https://images.metahub.space/poster/small/tt1396484/img (14825 bytes)
🖼️ [CACHE] Cached image data for key: https://images.metahub.space/poster/small/tt30274401/img (24363 bytes)
🖼️ [CACHE] Cached image data for key: https://images.metahub.space/poster/small/tt26581740/img (9526 bytes)
🖼️ [CACHE] Cached image data for key: https://images.metahub.space/poster/small/tt10799690/img (40967 bytes)
🖼️ [CACHE] Cached image data for key: https://images.metahub.space/poster/small/tt29644189/img (26048 bytes)
🖼️ [CACHE] Cached image data for key: https://images.metahub.space/poster/small/tt31227572/img (24034 bytes)
🖼️ [CACHE] Cached image data for key: https://images.metahub.space/poster/small/tt0266915/img (29028 bytes)
🖼️ [CACHE] Cached image data for key: https://images.metahub.space/poster/small/tt6604188/img (14626 bytes)
🖼️ [CACHE] Cached image data for key: https://images.metahub.space/poster/small/tt1396484/img (14825 bytes)
🖼️ [CACHE] Cached image data for key: https://images.metahub.space/poster/small/tt26581740/img (9526 bytes)
🖼️ [CACHE] Cached image data for key: https://images.metahub.space/poster/small/tt0245686/img (21640 bytes)
🖼️ [CACHE] Cached image data for key: https://images.metahub.space/poster/small/tt31193180/img (27098 bytes)
🖼️ [CACHE] Cached image data for key: https://images.metahub.space/poster/small/tt30274401/img (24363 bytes)
🖼️ [CACHE] Cached image data for key: https://images.metahub.space/poster/small/tt0415306/img (40452 bytes)
🖼️ [CACHE] Cached image data for key: https://images.metahub.space/poster/small/tt4627382/img (18234 bytes)
🖼️ [CACHE] Cached image data for key: https://images.metahub.space/poster/small/tt12921446/img (42489 bytes)
🖼️ [CACHE] Cached image data for key: https://images.metahub.space/poster/small/tt0480687/img (34336 bytes)
🖼️ [CACHE] Cached image data for key: https://images.metahub.space/poster/small/tt12921446/img (42489 bytes)
🖼️ [CACHE] Cached image data for key: https://images.metahub.space/poster/small/tt1144884/img (36500 bytes)
🖼️ [CACHE] Cached image data for key: https://images.metahub.space/poster/small/tt0480687/img (34336 bytes)
🖼️ [CACHE] Cached image data for key: https://images.metahub.space/poster/small/tt10799690/img (40967 bytes)
💾 Cache SET: Catalog[quick_movie_nfx.json_7] (7 items)
💾 Cache SET: Catalog[popular_movies_fixed] (18 items)
💾 Cache SET: Catalog[quick_movie_top.json_7] (7 items)
💾 Cache SET: Catalog[catalog_movie_nfx.json] (18 items)
💾 Cache SET: Catalog[catalog_movie_top.json] (18 items)
🖼️ [CACHE] Cached image data for key: https://images.metahub.space/poster/small/tt1757678/img (45682 bytes)
🖼️ [CACHE] Cached image data for key: https://images.metahub.space/poster/small/tt32141377/img (20678 bytes)
🖼️ [CACHE] Cached image data for key: https://images.metahub.space/poster/small/tt34610311/img (30787 bytes)
🖼️ [CACHE] Cached image data for key: https://images.metahub.space/poster/small/tt32642706/img (22671 bytes)
🖼️ [CACHE] Cached image data for key: https://images.metahub.space/poster/small/tt13186306/img (30978 bytes)
🖼️ [CACHE] Cached image data for key: https://images.metahub.space/poster/small/tt4712810/img (37396 bytes)
🖼️ [CACHE] Cached image data for key: https://images.metahub.space/poster/small/tt27543632/img (31446 bytes)
🖼️ [CACHE] Cached image data for key: https://images.metahub.space/poster/small/tt23172090/img (39824 bytes)
🖼️ [CACHE] Cached image data for key: https://images.metahub.space/poster/small/tt26443597/img (43534 bytes)
🖼️ [CACHE] Cached image data for key: https://images.metahub.space/poster/small/tt29780866/img (35175 bytes)
🖼️ [CACHE] Cached image data for key: https://images.metahub.space/poster/small/tt32820897/img (53296 bytes)
🗑️ Cache evicted 10 items
🖼️ [CACHE] Cached image data for key: https://images.metahub.space/poster/small/tt30254719/img (39370 bytes)
🖼️ [CACHE] Cached image data for key: https://images.metahub.space/poster/small/tt14142060/img (29910 bytes)
🖼️ [CACHE] Cached image data for key: https://images.metahub.space/poster/small/tt29927663/img (43483 bytes)
🖼️ [CACHE] Cached image data for key: https://images.metahub.space/poster/small/tt31495504/img (34216 bytes)
🖼️ [CACHE] Cached image data for key: https://images.metahub.space/poster/small/tt33479805/img (35005 bytes)
🖼️ [CACHE] Cached image data for key: https://images.metahub.space/poster/small/tt14364480/img (19894 bytes)
🖼️ [CACHE] Cached image data for key: https://images.metahub.space/poster/small/tt30343021/img (18530 bytes)
🖼️ [CACHE] Cached image data for key: https://images.metahub.space/poster/small/tt10548174/img (25576 bytes)
🖼️ [CACHE] Cached image data for key: https://images.metahub.space/poster/small/tt30144839/img (35849 bytes)
🖼️ [CACHE] Cached image data for key: https://images.metahub.space/poster/small/tt14107334/img (38222 bytes)
🗑️ Cache evicted 10 items
🖼️ [CACHE] Cached image data for key: https://images.metahub.space/poster/small/tt1527793/img (39478 bytes)
🖼️ [CACHE] Cached image data for key: https://images.metahub.space/poster/small/tt12300742/img (13162 bytes)
🖼️ [CACHE] Cached image data for key: https://images.metahub.space/poster/small/tt29567915/img (28516 bytes)
🖼️ [CACHE] Cached image data for key: https://images.metahub.space/poster/small/tt27714581/img (30242 bytes)
🖼️ [CACHE] Cached image data for key: https://images.metahub.space/poster/small/tt29768334/img (28877 bytes)
🖼️ [CACHE] Cached image data for key: https://images.metahub.space/poster/small/tt1312221/img (23730 bytes)
🖼️ [CACHE] Cached image data for key: https://images.metahub.space/poster/small/tt22740896/img (31424 bytes)
📊 AppState: Polled participant counts - Active: ["tt1144884": 1]
⏰ AppState: Next schedule update set for Event End: 2026-01-25 05:01:34 +0000
⏰ AppState: Scheduling update in 3303 seconds
👤 LicenseManager: Profile expiry: Optional(2026-04-18 17:23:32 +0000)
🔍 Silent update check (custom implementation)...
⏰ TimeService: Synchronizing clock with server...
🎉 License updated! Expires: 2026-04-18 17:23:32 +0000
📦 Current build: 148, Latest build: 148
✅ App is up to date (current: 148, latest: 148)
✅ TimeService: Synced! Offset: 0.351s (RTT: 408ms)
   Local:  2026-01-25 04:06:32 +0000
   Server: 2026-01-25 04:06:32 +0000
🖼️ [CACHE] Cached image data for key: https://images.metahub.space/poster/small/tt10799690/img (40967 bytes)
🖼️ [CACHE] Cached image data for key: https://images.metahub.space/poster/small/tt34610311/img (30787 bytes)
🖼️ [CACHE] Cached image data for key: https://images.metahub.space/poster/small/tt0415306/img (40452 bytes)
🗑️ Cache evicted 10 items
🖼️ [CACHE] Cached image data for key: https://images.metahub.space/poster/small/tt29644189/img (26048 bytes)
🖼️ [CACHE] Cached image data for key: https://images.metahub.space/poster/small/tt1757678/img (45682 bytes)
🖼️ [CACHE] Cached image data for key: https://images.metahub.space/poster/small/tt12921446/img (42489 bytes)
🖼️ [CACHE] Cached image data for key: https://images.metahub.space/poster/small/tt0266915/img (29028 bytes)
🖼️ [CACHE] Cached image data for key: https://m.media-amazon.com/images/M/MV5BNTZjNmVjMzAtZjg2Mi00MWNmLTk5NTItOTExZDYwNTE2YmExXkEyXkFqcGc@._V1_SX250.jpg (19056 bytes)
🖼️ [CACHE] Cached image data for key: https://images.metahub.space/poster/small/tt30274401/img (24363 bytes)
🖼️ [CACHE] Cached image data for key: https://images.metahub.space/poster/small/tt0245686/img (21640 bytes)
🖼️ [CACHE] Cached image data for key: https://images.justwatch.com/poster/336393313/s332/img (35742 bytes)
🖼️ [CACHE] Cached image data for key: https://images.metahub.space/poster/small/tt4627382/img (18234 bytes)
🖼️ [CACHE] Cached image data for key: https://images.metahub.space/poster/small/tt10799690/img (40967 bytes)
🖼️ [CACHE] Cached image data for key: https://images.metahub.space/poster/small/tt6604188/img (14626 bytes)
🗑️ Cache evicted 10 items
🖼️ [CACHE] Cached image data for key: https://images.metahub.space/poster/small/tt32141377/img (20678 bytes)
🖼️ [CACHE] Cached image data for key: https://images.metahub.space/poster/small/tt0480687/img (34336 bytes)
🖼️ [CACHE] Cached image data for key: https://images.metahub.space/poster/small/tt26581740/img (9526 bytes)
🖼️ [CACHE] Cached image data for key: https://images.metahub.space/poster/small/tt1144884/img (36500 bytes)
🖼️ [CACHE] Cached image data for key: https://images.metahub.space/poster/small/tt1396484/img (14825 bytes)
📊 AppState: Polled participant counts - Active: ["tt1144884": 1]
⏰ AppState: Next schedule update set for Event End: 2026-01-25 05:01:34 +0000
⏰ AppState: Scheduling update in 3293 seconds
🔍 Loading metadata for: Now You See Me: Now You Don't (type: movie, id: tt4712810)
[ INFO ] GET /api/metadata/meta/movie/tt4712810 [request-id: 5948A840-620E-4520-8B78-C7135BA58947]
2026-01-24 23:06:41.164 RedLemon[24696:670700] 📦 Decoded CinemetaMeta - videos count: -1
2026-01-24 23:06:41.164 RedLemon[24696:670385] ✅ Metadata loaded successfully
2026-01-24 23:06:41.164 RedLemon[24696:670385]    Type: movie
2026-01-24 23:06:41.164 RedLemon[24696:670385]    Background URL: https://images.metahub.space/background/medium/tt4712810/img
2026-01-24 23:06:41.164 RedLemon[24696:670385]    Poster URL: https://images.metahub.space/poster/small/tt4712810/img
2026-01-24 23:06:41.164 RedLemon[24696:670385]    Videos array: 0 episodes
2026-01-24 23:06:43.251 RedLemon[24696:670391] 🔐 Signed request to /rpc/user_heartbeat
2026-01-24 23:06:44.498 RedLemon[24696:670385] 🎬 Creating Watch Party for: Now You See Me: Now You Don't
2026-01-24 23:06:44.498 RedLemon[24696:670391] Background: ⏳ Starting room creation (Unstructured Race)...
2026-01-24 23:06:44.499 RedLemon[24696:670391] Background: ▶️ createRoom task started (Direct Singleton Access)
2026-01-24 23:06:44.499 RedLemon[24696:670391] 🎬 SupabaseClient: createRoom called for id: 5Z95 - ENTRY
2026-01-24 23:06:44.499 RedLemon[24696:670391] 🎬 SupabaseClient: Creating room '5Z95' for host 'lemontom'...
2026-01-24 23:06:44.499 RedLemon[24696:670391] 🔐 Signed request to /rooms
2026-01-24 23:06:45.279 RedLemon[24696:670391] ✅ SupabaseClient: Room creation request completed (received response)
2026-01-24 23:06:45.282 RedLemon[24696:670391] Background: ✅ createRoom task finished
2026-01-24 23:06:45.283 RedLemon[24696:670692] 🔐 Signed request to /room_participants
2026-01-24 23:06:45.688 RedLemon[24696:670385] ✅ PlayerVM: currentWatchPartyRoom set to 5Z95
2026-01-24 23:06:45.786 RedLemon[24696:670385] [LOBBY_VIEW] onAppear: shouldAutoJoinLobby=false, room=5Z95, timeUntilStart=0
2026-01-24 23:06:45.857 RedLemon[24696:670700] 🔐 Signed request to /room_participants
2026-01-24 23:06:45.858 RedLemon[24696:670393] 🔐 Signed request to /rooms
💾 Cache SET: Metadata[meta_movie_tt4712810]
✅ Cache HIT: Metadata[meta_movie_tt4712810]
🎭 Lobby: Connecting to room 5Z95...
🚦 Lobby State: connecting
🔄 Lobby: Fetching fresh room state from Supabase...
✅ Cache HIT: Metadata[meta_movie_tt4712810]
🛑 Lobby: Host explicitly clearing playback state in DB to prevent autoplay loop
[ INFO ] GET /api/metadata/meta/movie/tt4712810 [request-id: 29F73502-C999-4EE6-A5C2-696FB028DB46]
2026-01-24 23:06:46.053 RedLemon[24696:670692] 📡 SupabaseClient: updateRoomPlaylist called for room 5Z95 with 1 items, index: 0
2026-01-24 23:06:46.054 RedLemon[24696:670692] 🔐 Signed request to /rooms
2026-01-24 23:06:46.201 RedLemon[24696:670390] ✅ SupabaseClient: Updated room playback (Playing: false, Pos: 0s, ClearedStream: false)
2026-01-24 23:06:46.203 RedLemon[24696:670391] ❌ [23:06:46.202] [NETWORK] [SupabaseClient.swift:370] Supabase API Error: new row violates row-level security policy (USING expression) for table "room_participants"
2026-01-24 23:06:46.203 RedLemon[24696:670385] ✅ Host re-joined room 5Z95 in database (refreshing presence)
2026-01-24 23:06:46.220 RedLemon[24696:670820] 📝 Realtime: Registered observer 'lobby' (Presence: YES, Sync: NO, Status: NO)
2026-01-24 23:06:46.244 RedLemon[24696:670820] 📝 Realtime: Registered observer 'lobby' (Presence: NO, Sync: YES, Status: NO)
2026-01-24 23:06:46.256 RedLemon[24696:670820] 🔐 SupabaseClient: Signing Identity Payload: '176931400696e01cdb-36c0-4228-a6e4-a29a3c66bc8e/rpc/room_heartbeat'
2026-01-24 23:06:46.256 RedLemon[24696:670820] 🔐 Signed request to /rpc/room_heartbeat
2026-01-24 23:06:46.335 RedLemon[24696:670390] ✅ SupabaseClient: Playlist updated successfully
2026-01-24 23:06:46.510 RedLemon[24696:670385] 📨 Lobby: Received Room UPDATE from Realtime
2026-01-24 23:06:46.659 RedLemon[24696:670385] 📨 Lobby: Received Room UPDATE from Realtime
2026-01-24 23:06:50.809 RedLemon[24696:670385] 📨 Lobby: Received Room UPDATE from Realtime
2026-01-24 23:06:50.812 RedLemon[24696:670385] 📨 Lobby: Received Room UPDATE from Realtime
2026-01-24 23:06:51.087 RedLemon[24696:670820] 📨 Realtime: Received broadcast message
2026-01-24 23:06:51.087 RedLemon[24696:670820]    Payload keys: chatText, position, senderId, chatUsername, type, timestamp
2026-01-24 23:06:51.089 RedLemon[24696:670820] ✅ Realtime: Decoded message type: chat, sender: 656daa91-33b4-4688-9135-c982ea52d7c9
2026-01-24 23:06:51.089 RedLemon[24696:670385] 👋 Host received: Guest 'ursinho' joined room 5Z95
2026-01-24 23:06:51.090 RedLemon[24696:670385]    Guest ID: 656daa91-33b4-4688-9135-c982ea52d7c9, Total participants: 2
2026-01-24 23:06:51.099 RedLemon[24696:670385] 👥 Room status after join: 2 participants, 0 ready
2026-01-24 23:06:51.116 RedLemon[24696:670385] ✅ Lobby: Synced participants to AppState (Count: 2)
2026-01-24 23:06:51.513 RedLemon[24696:670385] 📨 Lobby: Received Room UPDATE from Realtime
2026-01-24 23:06:51.926 RedLemon[24696:670385] 🎬 Host: Starting movie for 2 participants
2026-01-24 23:06:51.984 RedLemon[24696:670821] 📤 Realtime: Sending message type: chat, sender: 96e01cdb-36c0-4228-a6e4-a29a3c66bc8e
2026-01-24 23:06:51.986 RedLemon[24696:670821]    Payload keys: chatUsername, timestamp, senderId, type, chatText, position
2026-01-24 23:06:51.986 RedLemon[24696:670821] ✅ Realtime: Message broadcast complete
2026-01-24 23:06:52.041 RedLemon[24696:670390] ✅ StreamService: Using provided metadata: Now You See Me: Now You Don't
2026-01-24 23:06:52.041 RedLemon[24696:670390] ⚡️ StreamService: Resolving streams via StreamResolver (Bypassing HTTP)...
2026-01-24 23:06:52.042 RedLemon[24696:670390] ⚡️ StreamResolver: Resolving streams for tt4712810 (S0E0)
2026-01-24 23:06:52.042 RedLemon[24696:670821] 📝 [APP] 🎬 StreamService: Starting resolution for: Now You See Me: Now You Don't ["file": "StreamService.swift", "level": "INFO", "line": "172"]
2026-01-24 23:06:52.042 RedLemon[24696:670821] 📝 [APP] SessionRecorder initialized
2026-01-24 23:06:52.042 RedLemon[24696:670821] 📝 [APP] New Session Started ["app_version": "1.0.148", "build": "148", "session_id": "587C6969-41F1-48CB-9FA3-85C953C22CD7", "trigger_source": "watch_party_resolve", "user_id": "96E01CDB-36C0-4228-A6E4-A29A3C66BC8E"]
2026-01-24 23:06:52.042 RedLemon[24696:670821] 📝 [APP] Target Content Set ["imdb_id": "tt4712810"]
2026-01-24 23:06:52.042 RedLemon[24696:670821] 📝 [RESOLVER] Started Resolution ["episode": "0", "season": "0", "type": "movie"]
2026-01-24 23:06:52.107 RedLemon[24696:670700] 📨 Realtime: Received broadcast message
2026-01-24 23:06:52.107 RedLemon[24696:670700]    Payload keys: timestamp, senderId, type, chatText, chatUsername, position
2026-01-24 23:06:52.107 RedLemon[24696:670700] ✅ Realtime: Decoded message type: chat, sender: 96e01cdb-36c0-4228-a6e4-a29a3c66bc8e
2026-01-24 23:06:52.348 RedLemon[24696:670391]    📅 Filtering by year: 2025
2026-01-24 23:06:52.549 RedLemon[24696:670390] 📦 StreamResolver: Fetching streams from ProviderManager...
2026-01-24 23:06:52.549 RedLemon[24696:670390] 🔍 ProviderManager: Fetching streams for tt4712810...
2026-01-24 23:06:52.550 RedLemon[24696:670700] 🔍 Zilean: Searching via IMDB ID: tt4712810
2026-01-24 23:06:52.550 RedLemon[24696:670390] ✨ Torrentio: Using Auto-Generated Config (RealDebrid)
2026-01-24 23:06:52.550 RedLemon[24696:670390] 🎬 Torrentio: Building URL for movie (no season/episode)
2026-01-24 23:06:52.550 RedLemon[24696:670390] 🔗 Torrentio URL (length: 119): https://torrentio.strem.fun/realdebrid=K67JV2V4FTUA7RYN6T34BFIUBRUZERBO45A6UL3O7TE5ZHFDQQSA/stream/movie/tt4712810.json...
2026-01-24 23:06:52.550 RedLemon[24696:670390] 🔍 Torrentio: Fetching https://torrentio.strem.fun/realdebrid=K67JV2V4FTUA7RYN6T34BFIUBRUZERBO45A6UL3O7TE5ZHFDQQSA/stream/movie/tt4712810.json
2026-01-24 23:06:52.551 RedLemon[24696:670391] 🎬 DebridSearch: Building URL for movie (no season/episode)
2026-01-24 23:06:52.551 RedLemon[24696:670391] 🔗 DebridSearch URL: https://68d69db7dc40-debrid-search.baby-beamup.club/%7B%22DebridProvider%22%3A%22RealDebrid%22,%22DebridApiKey%22%3A%22***%22%7D/stream/movie/tt4712810.json
2026-01-24 23:06:52.551 RedLemon[24696:670391] 🔍 DebridSearch: Fetching https://68d69db7dc40-debrid-search.baby-beamup.club/%7B%22DebridProvider%22%3A%22RealDebrid%22,%22DebridApiKey%22%3A%22K67JV2V4FTUA7RYN6T34BFIUBRUZERBO45A6UL3O7TE5ZHFDQQSA%22%7D/stream/movie/tt4712810.json
2026-01-24 23:06:52.636 RedLemon[24696:670820] 📡 Torrentio: HTTP 200, received 62480 bytes
2026-01-24 23:06:52.662 RedLemon[24696:670820] ✅ Torrentio: Parsed 112 streams from 112 raw
2026-01-24 23:06:53.796 RedLemon[24696:670692] ✅ Zilean: Got 34 results
2026-01-24 23:06:58.694 RedLemon[24696:670393] ✅ DebridSearch: Parsed 0 streams
2026-01-24 23:06:58.695 RedLemon[24696:670393] ✅ ProviderManager: Fetched 146 raw, returning 129 unique streams
2026-01-24 23:06:58.695 RedLemon[24696:670393] 📦 StreamResolver: Received 129 raw streams, bucketing...
2026-01-24 23:06:58.697 RedLemon[24696:670393] 📝 [RESOLVER] Providers Fetched ["torrentio": "112", "zilean": "17"]
2026-01-24 23:06:59.975 RedLemon[24696:670821] 📝 [RESOLVER] Resolution Complete ["1080p": "1", "2160p": "1", "720p": "1", "selected_provider": "torrentio", "selected_title": "Now You See Me: Now You Don t (2025) FullHD 1080p.H264 Webdl Ita Eng AC3 5.1 Multisub - realDMDJ
👤 256 💾 2.49 GB ⚙️ ilCorSaRoNeRo
Multi Subs / 🇬🇧 / 🇮🇹"]
2026-01-24 23:06:59.977 RedLemon[24696:670393] 📝 [APP] 📦 StreamService: Found 27 total streams to try (across all qualities) ["file": "StreamService.swift", "level": "INFO", "line": "379"]
📡 SocialService: Updated status - In Lobby: Now You See Me: Now You Don't: Now You See Me: Now You Don't
✅ Lobby: Loaded metadata for Now You See Me: Now You Don't
✅ Lobby: Synced CLEAN stream info, metadata & playlist to AppState
🆕 Lobby: Auto-adding initial item to playlist: Now You See Me: Now You Don't
🔌 Setting up Realtime channel: watch-party:5Z95
   Role: Host
   User ID: 96e01cdb-36c0-4228-a6e4-a29a3c66bc8e
📡 Connection state: connected
📡 Connection state: connecting
📡 Joined channel: realtime:watch-party:5Z95 (interest count: 1)
📡 Connection state: connected
✅ Realtime channel setup complete
✅ Lobby: Connected to Realtime
🚦 Lobby State: connected
🔄 Lobby: Starting database polling for participants and room state...
💓 Lobby: Starting heartbeat loop...
✅ Lobby: Persisted initial playlist item
🔄 Lobby: Fetching fresh room state from Supabase...
🔄 Lobby: Fetching fresh room state from Supabase...
✅ Lobby: Synced CLEAN stream info, metadata & playlist to AppState
✅ Lobby: Synced CLEAN stream info, metadata & playlist to AppState
🔄 Lobby: Fetching fresh room state from Supabase...
🔄 Lobby: Fetching fresh room state from Supabase...
✅ Lobby: Synced CLEAN stream info, metadata & playlist to AppState
✅ Lobby: Synced CLEAN stream info, metadata & playlist to AppState
📊 AppState: Polled participant counts - Active: ["tt1144884": 1]
⏰ AppState: Next schedule update set for Event End: 2026-01-25 05:01:34 +0000
⏰ AppState: Scheduling update in 3283 seconds
🔄 Lobby: Fetching fresh room state from Supabase...
✅ Lobby: Synced CLEAN stream info, metadata & playlist to AppState
✅ Cache HIT: Metadata[meta_movie_tt4712810]
[2026-01-25T04:06:52Z] [INFO] [StreamService.swift:172] 🎬 StreamService: Starting resolution for: Now You See Me: Now You Don't
🎬 StreamService: Resolving movie - trusted pack filtering will be applied server-side
🛡️ StreamResolver: Loaded 7 blocked streams from blacklist
🔍 MediaFusion: Fetching https://mediafusion.elfhosted.com/stream/movie/tt4712810.json
🔍 Comet: Fetching https://comet.elfhosted.com/eyJkZWJyaWRTZXJ2aWNlIjoicmVhbGRlYnJpZCIsInJlbW92ZVRyYXNoIjpmYWxzZSwiZGVi...
⚠️ MediaFusion: HTTP 418
✅ Comet: Got 1 streams
🔍 Comet: Parsing 1 streams...
⚠️ Comet: Skipping invalid redirect URL: https://comet.elfhosted.com/playback/SDqxpc3URgMPe_2qoqpIahg...
✅ Comet: Parsed 0 valid streams
🛡️ Lobby: Auto-Join safety delay passed (8s). Enabled for late joiners.
📊 StreamResolver: Provider Stats: [torrentio:112, zilean:17]
✅ MetadataService initialized
📡 Fetching metadata from Cinemeta: https://v3-cinemeta.strem.io/meta/movie/tt4712810.json
✅ Metadata fetched from Cinemeta for tt4712810: Now You See Me: Now You Don't (2025)
🎯 Target title for matching: Now You See Me: Now You Don't
   🛡️ RESOLVER BLOCKING blacklisted stream: Now You See Me-Now You Dont (2025) Eng 1080p HDRip x264 AAC ESub
👤 0 💾 1.57 GB ⚙️ 1337x (Hash: 7e4530ce38cb1720014ea4385199e0595f5d7133)
   🛡️ RESOLVER FILTERED Blocked Streams: 129 → 128 streams
   📅 Year filter (2025): 128 → 128 streams
   🚫 RESOLVER BLOCKING AV1: Now You See Me Now You Dont 2025 MULTi VFQ 2160p HDR WEBrip 10Bit DDP ATMOS5 1 AV1-SHADOW mkv
   🚫 RESOLVER FILTERED AV1: 128 → 127 streams
   🚫 RESOLVER BLOCKING Spam/Watermark: Now.You.See.Me.Now.You.Dont.2025.1080p.CAMRp.V2.LAT.DUB.1XBET.mp4
👤 2 💾 1.91 GB ⚙️ Cinecalidad
🇲🇽
   🚫 RESOLVER FILTERED Spam/Watermarks: 127 → 126 streams
   🚫 RESOLVER BLOCKING non-English audio: Now.You.See.Me.Now.You.Dont.2025.MULTI.FRENCH.HDR.2160p.WEB.H265…
👤 26 💾 12.01 GB ⚙️ TorrentGalaxy
Multi Audio / 🇫🇷 (Audio)
   🚫 RESOLVER BLOCKING non-English audio: Insaisissables 3 - Now You See Me: Now You Don't MULTI ULTRA HD 4K 2025
👤 6 💾 12.01 GB ⚙️ Torrent9
Multi Audio / 🇫🇷 (Audio)
   🚫 RESOLVER BLOCKING non-English audio: Иллюзия обмана 3 / Now You See Me: Now You Don't [2025 WEB-DL 2160p SDR] [Локализованный видеоряд] Dub + Original (Eng) + Sub (Rus Eng)
👤 368 💾 6.42 GB ⚙️ Rutracker
🇬🇧 / 🇷🇺 (Audio)
   🚫 RESOLVER BLOCKING non-English audio: Insaisissables 3 - Now You See Me: Now You Don't MULTI TRUEFRENCH WEBRIP 1080p 2025
👤 8 💾 6.05 GB ⚙️ Torrent9
Multi Audio / 🇫🇷 (Audio)
   🚫 RESOLVER BLOCKING non-English audio: Are.You.There.2025.1080p.WEBRip.LAT.DUB.PINUP.mp4
👤 4 💾 1.68 GB ⚙️ Cinecalidad
🇲🇽 (Audio)
   🚫 RESOLVER BLOCKING non-English audio: Now.You.See.Me.Now.You.Dont.2025.PLSUBBED.1080p.AMZN.WEB-DL.XviD.AC3-MAXX.avi
👤 1 💾 2.68 GB ⚙️ BestTorrents
🇵🇱 (Audio)
   🚫 RESOLVER BLOCKING non-English audio: Insaisissables 3 - Now You See Me: Now You Don't VOSTFR WEBRIP 1080p 2025
👤 1 💾 5.48 GB ⚙️ Torrent9
🇫🇷 (Audio)
   🚫 RESOLVER BLOCKING non-English audio: Insaisissables 3 - Now You See Me: Now You Don't FRENCH WEBRIP 720p 2025
👤 147 💾 3.29 GB ⚙️ Torrent9
🇫🇷 (Audio)
   🚫 RESOLVER BLOCKING non-English audio: Иллюзия обмана 3 / Now You See Me: Now You Don't (2025) WEB-DL 720p от селезень | D | Пифагор
👤 90 💾 3.51 GB ⚙️ Rutor
🇬🇧 / 🇷🇺 (Audio)
   🚫 RESOLVER BLOCKING non-English audio: Insaisissables 3 - Now You See Me: Now You Don't FRENCH WEBRIP 2025
👤 27 💾 1.06 GB ⚙️ Torrent9
Multi Audio / 🇫🇷 (Audio)
   🚫 RESOLVER BLOCKING non-English audio: Иллюзия обмана 3 / Now You See Me: Now You Don't [2025 WEB-DLRip-AVC] Dub (Пифагор)
👤 4 💾 1.4 GB ⚙️ Rutracker
🇷🇺 (Audio)
   🚫 RESOLVER BLOCKING non-English audio: Иллюзия обмана 3 / Now You See Me: Now You Don't [2025 WEB-DLRip] Dub (Пифагор)
👤 4 💾 1.45 GB ⚙️ Rutracker
🇷🇺 (Audio)
   🚫 RESOLVER BLOCKING non-English audio: Иллюзия обмана 3 / Now You See Me: Now You Don't (2025) WEB-DLRip-AVC от DoMiNo | D | Пифагор | TS
👤 296 💾 1.5 GB ⚙️ Rutor
🇬🇧 / 🇷🇺 (Audio)
   🚫 RESOLVER BLOCKING non-English audio: Иллюзия обмана 3 / Now You See Me: Now You Don't [2025 WEB-DLRip-AVC] [Локализованный видеоряд] Dub (Пифагор)
👤 209 💾 2.13 GB ⚙️ Rutracker
🇷🇺 (Audio)
   🚫 RESOLVER BLOCKING non-English audio: Иллюзия обмана 3 / Now You See Me: Now You Don't (2025) WEB-DLRip-AVC от DoMiNo & селезень | D | Пифагор
👤 182 💾 1.7 GB ⚙️ Rutor
🇬🇧 / 🇷🇺 (Audio)
   🚫 RESOLVER BLOCKING non-English audio: Now You See Me Now You Dont 2025 MULTi VFQ 1080p WEB-DL H265-Slay3R mkv (Audio)
   🚫 RESOLVER BLOCKING non-English audio: Now You See Me Now You Dont 2025 MULTi VFQ 2160p HDR WEB-DL H265-Slay3R mkv (Audio)
   🎵 RESOLVER FILTERED audio language: 126 → 109 streams
🔍 Searching SubDL: tt4712810 (movie)
   ℹ️ Fallback Name: Now You See Me: Now You Don't (2025)
✅ Found 9 subtitles from SubDL (Primary)
✅ StreamResolver: Processed subtitles for 109 streams (Attached to 109)
   --- Processing Bucket: 2160p (Input: 19) ---
   📉 Penalized 1 Ad-Supported Releases (YTS/MX)
   ✅ Bucket 2160p Final Count: 19
   --- Processing Bucket: 1080p (Input: 74) ---
   📉 Penalized 3 Ad-Supported Releases (YTS/MX)
   ✅ Bucket 1080p Final Count: 74
   --- Processing Bucket: 720p (Input: 9) ---
   📉 Penalized 1 Ad-Supported Releases (YTS/MX)
   ✅ Bucket 720p Final Count: 9
   --- Processing Bucket: 480p (Input: 7) ---
   ✅ Bucket 480p Final Count: 7
📦 2160p Primary: L'illusione perfetta - Now You See Me: Now You Don't (2025) 2160p H265 HDR10 iTA EnG AC3 Sub EnG-MIRCrew
👤 86 💾 2.71 GB ⚙️ ilCorSaRoNeRo
🇬🇧 / 🇮🇹
📦 1080p Primary: Now You See Me: Now You Don t (2025) FullHD 1080p.H264 Webdl Ita Eng AC3 5.1 Multisub - realDMDJ
👤 256 💾 2.49 GB ⚙️ ilCorSaRoNeRo
Multi Subs / 🇬🇧 / 🇮🇹
📦 720p Primary: L'illusione Perfetta - Now You See Me: Now You Don't (2025) 720p H264 ITA ENG EAC3 5.1 AC3 5.1 Sub ENG NUENG-FHC_CREW
👤 11 💾 3.96 GB ⚙️ ilCorSaRoNeRo
🇬🇧 / 🇮🇹
✅ StreamResolver: Quality buckets ready
   ➕ Added 9 720p streams as backup
   ➕ Added 7 480p streams as backup
[2026-01-25T04:06:59Z] [INFO] [StreamService.swift:379] 📦 StreamService: Found 27 total streams to try (across all qualities)
✅ StreamService: Found 21 H.264 streams (Tier 1)
✅ StreamService: Found 13 'Clean' English streams. Deprioritizing 5 localized/dual streams.
📦 StreamService: 13 streams remain after size filter
🔄 StreamService: Trying stream 1/13: Now You See Me Now You Don't (2025) [1080p] [WEBRip] [5.1]
👤 16 💾 2.04 GB ⚙️ ThePirateBay
🔒 StreamService: Has infoHash - forcing proper unlock flow (bypass redirect)
🔓 StreamService: Unlocking with infoHash: 4c52eefe3a48...
[ INFO ] POST /api/streams/unlock [request-id: 8F29BC15-C758-4E72-B896-16C23CE8D175]
2026-01-24 23:06:59.991 RedLemon[24696:670393] 🔓 Unlock request: infoHash=4c52eefe3a48..., fileIdx=0
2026-01-24 23:06:59.991 RedLemon[24696:670393] ✅ Token found, attempting unlock...
2026-01-24 23:07:01.868 RedLemon[24696:670821] ✅ Unlocked successfully: Now You See Me Now You Don't (2025) [1080p] [WEBRip] [5.1].iso
2026-01-24 23:07:01.871 RedLemon[24696:670821] 📝 [ERROR] Blocked Suspicious Extension ["url": "https://chi6-4.download.real-debrid.com/d/E5SA2EZ3UAXNC41/Now%20You%20See%20Me%20Now%20You%20Don%27t%20%282025%29%20%5B1080p%5D%20%5BWEBRip%5D%20%5B5.1%5D.iso"]
2026-01-24 23:07:01.871 RedLemon[24696:670692] 📝 [ERROR] Blocked Extension ["ext": ".iso", "url": "https://chi6-4.download.real-debrid.com/d/E5SA2EZ3UAXNC41/Now%20You%20See%20Me%20Now%20You%20Don%27t%20%282025%29%20%5B1080p%5D%20%5BWEBRip%5D%20%5B5.1%5D.iso"]
2026-01-24 23:07:01.872 RedLemon[24696:670692] 📝 [APP] ❌ StreamService: [Attempt 1/13] Unlock failed for Now You See Me Now You Don't (2025) [1080p] [WEBRip] [5.1]
👤 16 💾 2.04 GB ⚙️ ThePirateBay: Stream resolved to invalid file type ["file": "StreamService.swift", "level": "WARNING", "line": "715"]
2026-01-24 23:07:01.873 RedLemon[24696:670692] 📝 [ERROR] Stream Unlock Failed ["error": "Stream resolved to invalid file type", "provider": "torrentio", "stream": "Now You See Me Now You Don't (2025) [1080p] [WEBRi"]
✅ RD addMagnet: P4DGIS4TP64RU
⏰ AppState: Next schedule update set for Event End: 2026-01-25 05:01:34 +0000
⏰ AppState: Scheduling update in 3273 seconds
⚠️ Movie: No file matched title 'Now You See Me: Now You Don't', falling back to largest file
⚠️ No video files found and no fileIdx provided, defaulting to file ID 1
📝 RD: Selecting file ID 1 for torrent P4DGIS4TP64RU
📊 RD poll 1/2: status=downloaded, links=1
🔗 Unrestricting link: https://real-debrid.com/d/X66A7MZUD23OW4E2
🚫 StreamService: Blocked restricted extension: .iso in https://chi6-4.download.real-debrid.com/d/E5SA2EZ3UAXNC41/Now%20You%20See%20Me%20Now%20You%20Don%27t%20%282025%29%20%5B1080p%5D%20%5BWEBRip%5D%20%5B5.1%5D.iso
🚫 StreamService: Unlocked URL has suspicious extension. Skipping stream.
[2026-01-25T04:07:01Z] [WARNING] [StreamService.swift:715] ❌ StreamService: [Attempt 1/13] Unlock failed for Now You See Me Now You Don't (2025) [1080p] [WEBRip] [5.1]
👤 16 💾 2.04 GB ⚙️ ThePirateBay: Stream resolved to invalid file type
🔄 StreamService: Trying stream 2/13: Now You See Me Now You Don't 2025 1080p HD X264 1080p - HQ Clean
👤 3 💾 1 GB ⚙️ TorrentGalaxy
🔒 StreamService: Has infoHash - forcing proper unlock flow (bypass redirect)
🔓 StreamService: Unlocking with infoHash: 47a1bfae6964...
[ INFO ] POST /api/streams/unlock [request-id: F65E19FA-ECDA-4BDB-B5E2-FED8332F1790]
2026-01-24 23:07:01.877 RedLemon[24696:670391] 🔓 Unlock request: infoHash=47a1bfae6964..., fileIdx=0
2026-01-24 23:07:01.877 RedLemon[24696:670391] ✅ Token found, attempting unlock...
2026-01-24 23:07:03.420 RedLemon[24696:670821] ✅ Unlocked successfully: Now You See Me Now You Don't 2025 1080p HD X264 1080p - HQ Clean.iso
2026-01-24 23:07:03.422 RedLemon[24696:670391] 📝 [ERROR] Blocked Suspicious Extension ["url": "https://chi9-4.download.real-debrid.com/d/W3BBG2N3V7EFA41/Now%20You%20See%20Me%20Now%20You%20Don%27t%202025%201080p%20HD%20X264%201080p%20-%20HQ%20Clean.iso"]
2026-01-24 23:07:03.422 RedLemon[24696:670692] 📝 [ERROR] Blocked Extension ["ext": ".iso", "url": "https://chi9-4.download.real-debrid.com/d/W3BBG2N3V7EFA41/Now%20You%20See%20Me%20Now%20You%20Don%27t%202025%201080p%20HD%20X264%201080p%20-%20HQ%20Clean.iso"]
2026-01-24 23:07:03.422 RedLemon[24696:670391] 📝 [ERROR] Stream Unlock Failed ["error": "Stream resolved to invalid file type", "provider": "torrentio", "stream": "Now You See Me Now You Don't 2025 1080p HD X264 10"]
2026-01-24 23:07:03.423 RedLemon[24696:670821] 📝 [APP] ❌ StreamService: [Attempt 2/13] Unlock failed for Now You See Me Now You Don't 2025 1080p HD X264 1080p - HQ Clean
👤 3 💾 1 GB ⚙️ TorrentGalaxy: Stream resolved to invalid file type ["file": "StreamService.swift", "level": "WARNING", "line": "715"]
✅ RD addMagnet: DJ6Q3NYRYGMVA
⚠️ Movie: No file matched title 'Now You See Me: Now You Don't', falling back to largest file
⚠️ No video files found and no fileIdx provided, defaulting to file ID 1
📝 RD: Selecting file ID 1 for torrent DJ6Q3NYRYGMVA
📊 RD poll 1/2: status=downloaded, links=1
🔗 Unrestricting link: https://real-debrid.com/d/SMMGGOQ7SIMACBE7
🚫 StreamService: Blocked restricted extension: .iso in https://chi9-4.download.real-debrid.com/d/W3BBG2N3V7EFA41/Now%20You%20See%20Me%20Now%20You%20Don%27t%202025%201080p%20HD%20X264%201080p%20-%20HQ%20Clean.iso
🚫 StreamService: Unlocked URL has suspicious extension. Skipping stream.
[2026-01-25T04:07:03Z] [WARNING] [StreamService.swift:715] ❌ StreamService: [Attempt 2/13] Unlock failed for Now You See Me Now You Don't 2025 1080p HD X264 1080p - HQ Clean
👤 3 💾 1 GB ⚙️ TorrentGalaxy: Stream resolved to invalid file type
🔄 StreamService: Trying stream 3/13: Now You See Me Now You Don't (2025) [1080p] [WEBRip]
👤 2 💾 2.08 GB ⚙️ ThePirateBay
🔒 StreamService: Has infoHash - forcing proper unlock flow (bypass redirect)
🔓 StreamService: Unlocking with infoHash: b21069515a5f...
[ INFO ] POST /api/streams/unlock [request-id: 1EEC02B1-AAB8-4E7A-869C-C2D743C422C8]
2026-01-24 23:07:03.425 RedLemon[24696:670821] 🔓 Unlock request: infoHash=b21069515a5f..., fileIdx=0
2026-01-24 23:07:03.425 RedLemon[24696:670821] ✅ Token found, attempting unlock...
2026-01-24 23:07:04.941 RedLemon[24696:670821] ✅ Unlocked successfully: video.mkv
2026-01-24 23:07:04.943 RedLemon[24696:670393] 📝 [RESOLVER] Stream Unlocked ["filename": "video.mkv", "is_generic": "true", "original_title": "Now You See Me Now You Don't (2025) [1080p] [WEBRip]
👤 2 💾 2.08 GB ⚙️ ThePirateBay", "url_host": "chi9-4.download.real-debrid.com"]
2026-01-24 23:07:04.943 RedLemon[24696:670393] 📥 StreamService: Pre-downloading 5 (capped from 9) subtitles...
2026-01-24 23:07:04.943 RedLemon[24696:670393] 🐛 StreamService: downloadSubtitlesInParallel called. Season: nil, Episode: nil, Count: 5
2026-01-24 23:07:04.943 RedLemon[24696:670393] 🔍 DEBUG: Processing subtitle URL: /subtitle/3534906-8456795.zip
2026-01-24 23:07:04.943 RedLemon[24696:670692] 🔍 DEBUG: Processing subtitle URL: /subtitle/3534873-8456762.zip
2026-01-24 23:07:04.943 RedLemon[24696:670821] 🔍 DEBUG: Processing subtitle URL: /subtitle/3534903-8456792.zip
2026-01-24 23:07:04.943 RedLemon[24696:670391] 🔍 DEBUG: Processing subtitle URL: /subtitle/3533277-8455154.zip
2026-01-24 23:07:04.944 RedLemon[24696:670393] ✅ DEBUG: Raw SubDL URL detected, converting to proxy URL
2026-01-24 23:07:04.944 RedLemon[24696:670692] ✅ DEBUG: Raw SubDL URL detected, converting to proxy URL
2026-01-24 23:07:04.944 RedLemon[24696:670391] ✅ DEBUG: Raw SubDL URL detected, converting to proxy URL
2026-01-24 23:07:04.944 RedLemon[24696:670821] ✅ DEBUG: Raw SubDL URL detected, converting to proxy URL
2026-01-24 23:07:04.944 RedLemon[24696:670821] 🔍 DEBUG: Processing subtitle URL: /subtitle/3533276-8455153.zip
2026-01-24 23:07:04.944 RedLemon[24696:670821] ✅ DEBUG: Raw SubDL URL detected, converting to proxy URL
✅ RD addMagnet: YXF7T6KMPZA3S
⚠️ Movie: No file matched title 'Now You See Me: Now You Don't', falling back to largest file
🎬 Movie: Auto-selected largest video file: /Subs/video.mkv (ID: 37, size: 2234969100 bytes)
📝 RD: Selecting file ID 37 for torrent YXF7T6KMPZA3S
📊 RD poll 1/2: status=downloaded, links=1
🔗 Unrestricting link: https://real-debrid.com/d/CGONC255SVI5629F
✅ StreamService: Stream unlocked successfully!
✅ StreamService: Selected stream: Now You See Me Now You Don't (2025) [1080p] [WEBRip]
👤 2 💾 2.08 GB ⚙️ ThePirateBay
📊 Stream Size: 2.08 GB
📦 StreamService: Appending 16 fallback streams (alternate codecs)
📦 StreamService: Returning 26 candidate streams for fallback
🔒 StreamService: Has infoHash - forcing proper unlock flow (bypass cached URL)
🔓 StreamService: Unlocking with infoHash: b21069515a5f...
[ INFO ] POST /api/streams/unlock [request-id: 3074E76B-A027-46D1-AF57-B4D6F24A3C3B]
2026-01-24 23:07:04.950 RedLemon[24696:670393] 🔓 Unlock request: infoHash=b21069515a5f..., fileIdx=0
2026-01-24 23:07:04.950 RedLemon[24696:670393] ✅ Token found, attempting unlock...
2026-01-24 23:07:04.950 RedLemon[24696:670393] ✅ Unlocked successfully: video.mkv
2026-01-24 23:07:04.954 RedLemon[24696:670821] 📝 [RESOLVER] Stream Unlocked ["filename": "video.mkv", "is_generic": "true", "original_title": "Now You See Me Now You Don't (2025) [1080p] [WEBRip]
👤 2 💾 2.08 GB ⚙️ ThePirateBay", "url_host": "chi9-4.download.real-debrid.com"]
2026-01-24 23:07:04.955 RedLemon[24696:670821] 📥 StreamService: Pre-downloading 5 (capped from 5) subtitles...
2026-01-24 23:07:04.956 RedLemon[24696:670821] 🐛 StreamService: downloadSubtitlesInParallel called. Season: nil, Episode: nil, Count: 5
2026-01-24 23:07:04.956 RedLemon[24696:670821] 🔍 DEBUG: Processing subtitle URL: http://127.0.0.1:47253/subtitles/subdl/L3N1YnRpdGxlLzM1MzQ4NzMtODQ1Njc2Mi56aXA=?filename=Now%20You%20See%20Me%20Now%20You%20Don't%20(2025)%20%5B1080p%5D%20%5BWEBRip%5D%0A%F0%9F%91%A4%202%20%F0%9F%92%BE%202.08%20GB%20%E2%9A%99%EF%B8%8F%20ThePirateBay&token=88E2E03A-4143-4A34-AE89-9A31710776A9
2026-01-24 23:07:04.956 RedLemon[24696:670390] 🔍 DEBUG: Processing subtitle URL: http://127.0.0.1:47253/subtitles/subdl/L3N1YnRpdGxlLzM1MzQ5MDYtODQ1Njc5NS56aXA=?filename=Now%20You%20See%20Me%20Now%20You%20Don't%20(2025)%20%5B1080p%5D%20%5BWEBRip%5D%0A%F0%9F%91%A4%202%20%F0%9F%92%BE%202.08%20GB%20%E2%9A%99%EF%B8%8F%20ThePirateBay&token=88E2E03A-4143-4A34-AE89-9A31710776A9
2026-01-24 23:07:04.956 RedLemon[24696:670393] 🔍 DEBUG: Processing subtitle URL: http://127.0.0.1:47253/subtitles/subdl/L3N1YnRpdGxlLzM1MzQ5MDMtODQ1Njc5Mi56aXA=?filename=Now%20You%20See%20Me%20Now%20You%20Don't%20(2025)%20%5B1080p%5D%20%5BWEBRip%5D%0A%F0%9F%91%A4%202%20%F0%9F%92%BE%202.08%20GB%20%E2%9A%99%EF%B8%8F%20ThePirateBay&token=88E2E03A-4143-4A34-AE89-9A31710776A9
2026-01-24 23:07:04.956 RedLemon[24696:670821] ✅ DEBUG: SubDL proxy URL detected, skipping download
2026-01-24 23:07:04.956 RedLemon[24696:670390] ✅ DEBUG: SubDL proxy URL detected, skipping download
2026-01-24 23:07:04.956 RedLemon[24696:670692] 🔍 DEBUG: Processing subtitle URL: http://127.0.0.1:47253/subtitles/subdl/L3N1YnRpdGxlLzM1MzMyNzctODQ1NTE1NC56aXA=?filename=Now%20You%20See%20Me%20Now%20You%20Don't%20(2025)%20%5B1080p%5D%20%5BWEBRip%5D%0A%F0%9F%91%A4%202%20%F0%9F%92%BE%202.08%20GB%20%E2%9A%99%EF%B8%8F%20ThePirateBay&token=88E2E03A-4143-4A34-AE89-9A31710776A9
2026-01-24 23:07:04.956 RedLemon[24696:670393] ✅ DEBUG: SubDL proxy URL detected, skipping download
2026-01-24 23:07:04.956 RedLemon[24696:670692] ✅ DEBUG: SubDL proxy URL detected, skipping download
2026-01-24 23:07:04.956 RedLemon[24696:670821] 🔍 DEBUG: Processing subtitle URL: http://127.0.0.1:47253/subtitles/subdl/L3N1YnRpdGxlLzM1MzMyNzYtODQ1NTE1My56aXA=?filename=Now%20You%20See%20Me%20Now%20You%20Don't%20(2025)%20%5B1080p%5D%20%5BWEBRip%5D%0A%F0%9F%91%A4%202%20%F0%9F%92%BE%202.08%20GB%20%E2%9A%99%EF%B8%8F%20ThePirateBay&token=88E2E03A-4143-4A34-AE89-9A31710776A9
2026-01-24 23:07:04.956 RedLemon[24696:670821] ✅ DEBUG: SubDL proxy URL detected, skipping download
2026-01-24 23:07:05.006 RedLemon[24696:670821] 🔄 SupabaseClient: Resetting playback state for room 5Z95
2026-01-24 23:07:05.006 RedLemon[24696:670821] 🔐 Signed request to /rooms
2026-01-24 23:07:05.451 RedLemon[24696:670391] ✅ Persisted stream selection to room 5Z95
2026-01-24 23:07:05.451 RedLemon[24696:670385] ✅ Host: Stream resolved and persisted OK
2026-01-24 23:07:05.452 RedLemon[24696:670385] ⏳ Host: Initiating handshake for 1 guests...
2026-01-24 23:07:05.468 RedLemon[24696:670391] 📤 Realtime: Sending message type: chat, sender: 96e01cdb-36c0-4228-a6e4-a29a3c66bc8e
2026-01-24 23:07:05.468 RedLemon[24696:670391]    Payload keys: chatUsername, position, senderId, type, chatText, timestamp
2026-01-24 23:07:05.469 RedLemon[24696:670821] ✅ Realtime: Message broadcast complete
2026-01-24 23:07:05.517 RedLemon[24696:670385] 📨 Lobby: Received Room UPDATE from Realtime
2026-01-24 23:07:05.587 RedLemon[24696:670391] 📨 Realtime: Received broadcast message
2026-01-24 23:07:05.587 RedLemon[24696:670391]    Payload keys: position, timestamp, chatUsername, type, chatText, senderId
2026-01-24 23:07:05.587 RedLemon[24696:670391] ✅ Realtime: Decoded message type: chat, sender: 96e01cdb-36c0-4228-a6e4-a29a3c66bc8e
2026-01-24 23:07:08.712 RedLemon[24696:670821] 🔐 Signed request to /rpc/user_heartbeat
2026-01-24 23:07:13.540 RedLemon[24696:670872] 📨 Realtime: Received broadcast message
2026-01-24 23:07:13.541 RedLemon[24696:670872]    Payload keys: senderId, position, chatUsername, chatText, timestamp, type
2026-01-24 23:07:13.541 RedLemon[24696:670872] ✅ Realtime: Decoded message type: chat, sender: 656daa91-33b4-4688-9135-c982ea52d7c9
2026-01-24 23:07:13.541 RedLemon[24696:670385] ✅ Lobby: Participant 656daa91-33b4-4688-9135-c982ea52d7c9 is ready for stream
2026-01-24 23:07:14.016 RedLemon[24696:670385] ✅ Host: All guests ready (1/1)! Starting countdown.
2026-01-24 23:07:14.049 RedLemon[24696:670692] 📤 Realtime: Sending message type: chat, sender: 96e01cdb-36c0-4228-a6e4-a29a3c66bc8e
2026-01-24 23:07:14.049 RedLemon[24696:670692]    Payload keys: chatUsername, timestamp, position, type, senderId, chatText
2026-01-24 23:07:14.052 RedLemon[24696:670692] ✅ Realtime: Message broadcast complete
2026-01-24 23:07:14.052 RedLemon[24696:670385] ✅ Host: Successfully broadcast LOBBY_START_COUNTDOWN via Realtime
2026-01-24 23:07:14.053 RedLemon[24696:670385] 📡 Realtime delivery confirmed for 2 guests
2026-01-24 23:07:14.053 RedLemon[24696:670390] 🔐 Signed request to /rooms
2026-01-24 23:07:14.166 RedLemon[24696:670390] 📨 Realtime: Received broadcast message
2026-01-24 23:07:14.167 RedLemon[24696:670390]    Payload keys: senderId, chatText, type, chatUsername, position, timestamp
2026-01-24 23:07:14.167 RedLemon[24696:670390] ✅ Realtime: Decoded message type: chat, sender: 96e01cdb-36c0-4228-a6e4-a29a3c66bc8e
2026-01-24 23:07:14.361 RedLemon[24696:670385] ✅ Host: Set room playback state in database as fallback
2026-01-24 23:07:14.416 RedLemon[24696:670385] 📨 Lobby: Received Room UPDATE from Realtime
2026-01-24 23:07:17.089 RedLemon[24696:670385] 🎬 Host: Launching player for Now You See Me: Now You Don't
2026-01-24 23:07:17.206 RedLemon[24696:670385] 🎬 [HOST_START] navigateToPlayer called
2026-01-24 23:07:17.206 RedLemon[24696:670385]    - Stream: Now You See Me Now You Don't (2025) [1080p] [WEBRip]
👤 2 💾 2.08 GB ⚙️ ThePirateBay
2026-01-24 23:07:17.207 RedLemon[24696:670385]    - Room: 5Z95
2026-01-24 23:07:17.207 RedLemon[24696:670385]    - Media: Now You See Me: Now You Don't
2026-01-24 23:07:17.401 RedLemon[24696:670390] 📝 Realtime: Registered observer 'player' (Presence: YES, Sync: NO, Status: NO)
2026-01-24 23:07:17.405 RedLemon[24696:670390] 📤 Realtime: Sending message type: chat, sender: 96e01cdb-36c0-4228-a6e4-a29a3c66bc8e
2026-01-24 23:07:17.405 RedLemon[24696:670390]    Payload keys: type, position, chatText, senderId, timestamp, chatUsername
2026-01-24 23:07:17.406 RedLemon[24696:670870] ✅ Realtime: Message broadcast complete
2026-01-24 23:07:17.409 RedLemon[24696:670385] ✅ [HOST_START] Sent LOBBY_PLAYBACK_STARTED signal (0.1s after navigateToPlayer)
2026-01-24 23:07:17.468 RedLemon[24696:670391] 📝 Realtime: Registered observer 'player' (Presence: NO, Sync: YES, Status: NO)
2026-01-24 23:07:17.472 RedLemon[24696:670391] 📝 [PLAYER] Resumed
2026-01-24 23:07:17.520 RedLemon[24696:670391] 📨 Realtime: Received broadcast message
2026-01-24 23:07:17.520 RedLemon[24696:670821] 📨 Realtime: Received broadcast message
2026-01-24 23:07:17.520 RedLemon[24696:670391]    Payload keys: timestamp, position, chatText, type, chatUsername, senderId
2026-01-24 23:07:17.520 RedLemon[24696:670821]    Payload keys: timestamp, position, chatText, type, chatUsername, senderId
2026-01-24 23:07:17.521 RedLemon[24696:670391] ✅ Realtime: Decoded message type: chat, sender: 96e01cdb-36c0-4228-a6e4-a29a3c66bc8e
2026-01-24 23:07:17.521 RedLemon[24696:670821] ✅ Realtime: Decoded message type: chat, sender: 96e01cdb-36c0-4228-a6e4-a29a3c66bc8e
2026-01-24 23:07:17.530 RedLemon[24696:670821] 📝 [PLAYER] Load Video (Smart) ["url": "https://chi9-4.download.real-debrid.com/d/TROJXNXWMMEVK123/video.mkv"]
✅ RD cache hit: b21069515a5f
✅ StreamService: Stream unlocked successfully!
🔄 Lobby: Fetching fresh room state from Supabase...
✅ Lobby: Synced CLEAN stream info, metadata & playlist to AppState
📡 [EventsConfig] Checking server for movie_events config version...
✅ [EventsConfig] Fetched movie_events version 1585 with 399 movies
✅ [EventsConfig] Using cached movie_events config (version 1585, 399 movies)
⏰ AppState: Next schedule update set for Event End: 2026-01-25 05:01:34 +0000
⏰ AppState: Scheduling update in 3263 seconds
🔄 Lobby: Fetching fresh room state from Supabase...
✅ Lobby: Synced CLEAN stream info, metadata & playlist to AppState
🛑 LobbyPresence: Polling stopped
🛑 LobbyDatabase: Polling stopped
🛑 Lobby: Polling stopped (chat via Realtime only)
✅ Host: Synced FULL Lobby state to AppState (Participants: 2, Playlist Idx: 0)
!!! MPVWrapper initialized - Build Version: 2026-01-19-GUEST-CACHE-BYPASS-v1 !!!
🔌 Setting up Realtime channel: watch-party:5Z95
   Role: Host
   User ID: 96E01CDB-36C0-4228-A6E4-A29A3C66BC8E
📡 Connection state: connected
📡 Connection state: connecting
📡 Topic realtime:watch-party:5Z95 already joined (interest count: 2), skipping phx_join
📡 Connection state: connected
✅ Realtime channel setup complete
✅ Cache HIT: Metadata[meta_movie_tt4712810]
[ INFO ] GET /subtitles/subdl/L3N1YnRpdGxlLzM1MzQ5MDYtODQ1Njc5NS56aXA= [request-id: 1B5E9431-3D9A-4FBC-8B96-CC79FFABFBFF]
[ INFO ] GET /subtitles/subdl/L3N1YnRpdGxlLzM1MzQ5MDMtODQ1Njc5Mi56aXA= [request-id: CCBE8FF9-0D58-4520-830C-F8E3B9A58235]
[ INFO ] GET /subtitles/subdl/L3N1YnRpdGxlLzM1MzQ4NzMtODQ1Njc2Mi56aXA= [request-id: 5B9F1EC5-B357-40EE-BC30-53139B29ADF2]
2026-01-24 23:07:17.934 RedLemon[24696:670871] 📝 [PLAYER] Playback State Changed ["state": "Paused"]
2026-01-24 23:07:17.934 RedLemon[24696:670871] 📝 [PLAYER] Buffering Started
2026-01-24 23:07:19.472 RedLemon[24696:670821] 📤 Realtime: Sending message type: playbackState, sender: 96E01CDB-36C0-4228-A6E4-A29A3C66BC8E
2026-01-24 23:07:19.473 RedLemon[24696:670821]    Payload keys: type, senderId, isPlaying, position, timestamp
2026-01-24 23:07:19.473 RedLemon[24696:670821] ✅ Realtime: Message broadcast complete
2026-01-24 23:07:19.499 RedLemon[24696:670821] Background: ⏰ Timeout fired! Attempting to fail continuation...
2026-01-24 23:07:19.596 RedLemon[24696:670391] 📨 Realtime: Received broadcast message
2026-01-24 23:07:19.596 RedLemon[24696:670821] 📨 Realtime: Received broadcast message
2026-01-24 23:07:19.596 RedLemon[24696:670391]    Payload keys: senderId, isPlaying, timestamp, type, position
2026-01-24 23:07:19.596 RedLemon[24696:670821]    Payload keys: senderId, isPlaying, timestamp, type, position
2026-01-24 23:07:19.596 RedLemon[24696:670821] ✅ Realtime: Decoded message type: playbackState, sender: 96E01CDB-36C0-4228-A6E4-A29A3C66BC8E
2026-01-24 23:07:19.596 RedLemon[24696:670391] ✅ Realtime: Decoded message type: playbackState, sender: 96E01CDB-36C0-4228-A6E4-A29A3C66BC8E
2026-01-24 23:07:19.710 RedLemon[24696:670821] 📝 [PLAYER] File Loaded ["duration": "6775.487999999999"]
2026-01-24 23:07:19.710 RedLemon[24696:670385] ⚠️ Received Realtime message with no chat text (Type: playbackState)
2026-01-24 23:07:19.729 RedLemon[24696:670391] 📤 Realtime: Sending message type: ready, sender: 96e01cdb-36c0-4228-a6e4-a29a3c66bc8e
2026-01-24 23:07:19.729 RedLemon[24696:670391]    Payload keys: timestamp, position, senderId, type, isPlaying
2026-01-24 23:07:19.730 RedLemon[24696:670391] ✅ Realtime: Message broadcast complete
2026-01-24 23:07:19.854 RedLemon[24696:670870] 📨 Realtime: Received broadcast message
2026-01-24 23:07:19.854 RedLemon[24696:670872] 📨 Realtime: Received broadcast message
2026-01-24 23:07:19.854 RedLemon[24696:670870]    Payload keys: isPlaying, position, timestamp, senderId, type
2026-01-24 23:07:19.854 RedLemon[24696:670872]    Payload keys: isPlaying, position, timestamp, senderId, type
2026-01-24 23:07:19.854 RedLemon[24696:670870] ✅ Realtime: Decoded message type: ready, sender: 96e01cdb-36c0-4228-a6e4-a29a3c66bc8e
2026-01-24 23:07:19.854 RedLemon[24696:670872] ✅ Realtime: Decoded message type: ready, sender: 96e01cdb-36c0-4228-a6e4-a29a3c66bc8e
2026-01-24 23:07:19.875 RedLemon[24696:670385] ⚠️ Received Realtime message with no chat text (Type: ready)
2026-01-24 23:07:20.831 RedLemon[24696:670385] 🛡️ Lobby: User 96e01cdb-36c0-4228-a6e4-a29a3c66bc8e remains online (Remaining Refs: 1)
2026-01-24 23:07:21.473 RedLemon[24696:670870] 📤 Realtime: Sending message type: playbackState, sender: 96E01CDB-36C0-4228-A6E4-A29A3C66BC8E
2026-01-24 23:07:21.473 RedLemon[24696:670870]    Payload keys: senderId, type, position, isPlaying, timestamp
2026-01-24 23:07:21.474 RedLemon[24696:670872] ✅ Realtime: Message broadcast complete
2026-01-24 23:07:21.711 RedLemon[24696:670872] 📤 Realtime: Sending message type: ready, sender: 96e01cdb-36c0-4228-a6e4-a29a3c66bc8e
2026-01-24 23:07:21.712 RedLemon[24696:670872]    Payload keys: isPlaying, type, timestamp, position, senderId
2026-01-24 23:07:21.712 RedLemon[24696:670872] ✅ Realtime: Message broadcast complete
2026-01-24 23:07:21.715 RedLemon[24696:670872] 📨 Realtime: Received broadcast message
2026-01-24 23:07:21.715 RedLemon[24696:670391] 📨 Realtime: Received broadcast message
2026-01-24 23:07:21.715 RedLemon[24696:670872]    Payload keys: senderId, type, position, timestamp, isPlaying
2026-01-24 23:07:21.715 RedLemon[24696:670391]    Payload keys: senderId, type, position, timestamp, isPlaying
2026-01-24 23:07:21.716 RedLemon[24696:670391] ✅ Realtime: Decoded message type: playbackState, sender: 96E01CDB-36C0-4228-A6E4-A29A3C66BC8E
2026-01-24 23:07:21.716 RedLemon[24696:670872] ✅ Realtime: Decoded message type: playbackState, sender: 96E01CDB-36C0-4228-A6E4-A29A3C66BC8E
2026-01-24 23:07:21.716 RedLemon[24696:670385] ⚠️ Received Realtime message with no chat text (Type: playbackState)
2026-01-24 23:07:21.831 RedLemon[24696:670872] 📨 Realtime: Received broadcast message
2026-01-24 23:07:21.831 RedLemon[24696:670871] 📨 Realtime: Received broadcast message
2026-01-24 23:07:21.831 RedLemon[24696:670871]    Payload keys: timestamp, type, isPlaying, position, senderId
2026-01-24 23:07:21.831 RedLemon[24696:670872]    Payload keys: timestamp, type, isPlaying, position, senderId
2026-01-24 23:07:21.831 RedLemon[24696:670871] ✅ Realtime: Decoded message type: ready, sender: 96e01cdb-36c0-4228-a6e4-a29a3c66bc8e
2026-01-24 23:07:21.831 RedLemon[24696:670872] ✅ Realtime: Decoded message type: ready, sender: 96e01cdb-36c0-4228-a6e4-a29a3c66bc8e
2026-01-24 23:07:21.832 RedLemon[24696:670385] ⚠️ Received Realtime message with no chat text (Type: ready)
2026-01-24 23:07:23.151 RedLemon[24696:670385] 🛡️ Lobby: User 656daa91-33b4-4688-9135-c982ea52d7c9 remains online (Remaining Refs: 1)
2026-01-24 23:07:23.472 RedLemon[24696:670870] 📤 Realtime: Sending message type: playbackState, sender: 96E01CDB-36C0-4228-A6E4-A29A3C66BC8E
2026-01-24 23:07:23.472 RedLemon[24696:670870]    Payload keys: senderId, timestamp, isPlaying, position, type
2026-01-24 23:07:23.473 RedLemon[24696:670870] ✅ Realtime: Message broadcast complete
2026-01-24 23:07:23.588 RedLemon[24696:670872] 📨 Realtime: Received broadcast message
2026-01-24 23:07:23.588 RedLemon[24696:670870] 📨 Realtime: Received broadcast message
2026-01-24 23:07:23.588 RedLemon[24696:670872]    Payload keys: timestamp, type, isPlaying, position, senderId
2026-01-24 23:07:23.588 RedLemon[24696:670870]    Payload keys: timestamp, type, isPlaying, position, senderId
2026-01-24 23:07:23.588 RedLemon[24696:670872] ✅ Realtime: Decoded message type: playbackState, sender: 96E01CDB-36C0-4228-A6E4-A29A3C66BC8E
2026-01-24 23:07:23.589 RedLemon[24696:670870] ✅ Realtime: Decoded message type: playbackState, sender: 96E01CDB-36C0-4228-A6E4-A29A3C66BC8E
2026-01-24 23:07:23.589 RedLemon[24696:670385] ⚠️ Received Realtime message with no chat text (Type: playbackState)
2026-01-24 23:07:23.711 RedLemon[24696:670872] 📤 Realtime: Sending message type: ready, sender: 96e01cdb-36c0-4228-a6e4-a29a3c66bc8e
2026-01-24 23:07:23.711 RedLemon[24696:670872]    Payload keys: senderId, type, position, isPlaying, timestamp
2026-01-24 23:07:23.712 RedLemon[24696:670870] ✅ Realtime: Message broadcast complete
2026-01-24 23:07:23.882 RedLemon[24696:670872] 📨 Realtime: Received broadcast message
2026-01-24 23:07:23.882 RedLemon[24696:670871] 📨 Realtime: Received broadcast message
2026-01-24 23:07:23.882 RedLemon[24696:670871]    Payload keys: timestamp, type, isPlaying, position, senderId
2026-01-24 23:07:23.882 RedLemon[24696:670872]    Payload keys: timestamp, type, isPlaying, position, senderId
2026-01-24 23:07:23.883 RedLemon[24696:670871] ✅ Realtime: Decoded message type: ready, sender: 96e01cdb-36c0-4228-a6e4-a29a3c66bc8e
2026-01-24 23:07:23.883 RedLemon[24696:670872] ✅ Realtime: Decoded message type: ready, sender: 96e01cdb-36c0-4228-a6e4-a29a3c66bc8e
2026-01-24 23:07:23.883 RedLemon[24696:670385] ⚠️ Received Realtime message with no chat text (Type: ready)
2026-01-24 23:07:24.252 RedLemon[24696:671230] 📨 Realtime: Received broadcast message
2026-01-24 23:07:24.252 RedLemon[24696:670871] 📨 Realtime: Received broadcast message
2026-01-24 23:07:24.253 RedLemon[24696:670871]    Payload keys: timestamp, type, isPlaying, position, senderId
2026-01-24 23:07:24.253 RedLemon[24696:671230]    Payload keys: timestamp, type, isPlaying, position, senderId
2026-01-24 23:07:24.253 RedLemon[24696:670871] ✅ Realtime: Decoded message type: ready, sender: 656daa91-33b4-4688-9135-c982ea52d7c9
2026-01-24 23:07:24.253 RedLemon[24696:671230] ✅ Realtime: Decoded message type: ready, sender: 656daa91-33b4-4688-9135-c982ea52d7c9
2026-01-24 23:07:24.253 RedLemon[24696:670385] ⚠️ Received Realtime message with no chat text (Type: ready)
2026-01-24 23:07:25.284 RedLemon[24696:671230] 📤 Realtime: Sending message type: play, sender: 96e01cdb-36c0-4228-a6e4-a29a3c66bc8e
2026-01-24 23:07:25.285 RedLemon[24696:671230]    Payload keys: senderId, position, timestamp, isPlaying, type
2026-01-24 23:07:25.286 RedLemon[24696:671230] ✅ Realtime: Message broadcast complete
2026-01-24 23:07:25.418 RedLemon[24696:670870] 📝 [PLAYER] Playback State Changed ["state": "Playing"]
2026-01-24 23:07:25.418 RedLemon[24696:670870] 📨 Realtime: Received broadcast message
2026-01-24 23:07:25.418 RedLemon[24696:670391] 📨 Realtime: Received broadcast message
2026-01-24 23:07:25.418 RedLemon[24696:670870]    Payload keys: position, type, isPlaying, senderId, timestamp
2026-01-24 23:07:25.418 RedLemon[24696:670391]    Payload keys: position, type, isPlaying, senderId, timestamp
2026-01-24 23:07:25.419 RedLemon[24696:670870] ✅ Realtime: Decoded message type: play, sender: 96e01cdb-36c0-4228-a6e4-a29a3c66bc8e
2026-01-24 23:07:25.419 RedLemon[24696:670391] ✅ Realtime: Decoded message type: play, sender: 96e01cdb-36c0-4228-a6e4-a29a3c66bc8e
2026-01-24 23:07:25.419 RedLemon[24696:670385] ⚠️ Received Realtime message with no chat text (Type: play)
2026-01-24 23:07:25.473 RedLemon[24696:671230] 📤 Realtime: Sending message type: playbackState, sender: 96E01CDB-36C0-4228-A6E4-A29A3C66BC8E
2026-01-24 23:07:25.473 RedLemon[24696:671230]    Payload keys: isPlaying, position, type, senderId, timestamp
2026-01-24 23:07:25.474 RedLemon[24696:671230] ✅ Realtime: Message broadcast complete
2026-01-24 23:07:25.623 RedLemon[24696:670871] 📨 Realtime: Received broadcast message
2026-01-24 23:07:25.623 RedLemon[24696:671230] 📨 Realtime: Received broadcast message
2026-01-24 23:07:25.623 RedLemon[24696:670871]    Payload keys: senderId, position, timestamp, isPlaying, type
2026-01-24 23:07:25.623 RedLemon[24696:671230]    Payload keys: senderId, position, timestamp, isPlaying, type
2026-01-24 23:07:25.623 RedLemon[24696:670871] ✅ Realtime: Decoded message type: playbackState, sender: 96E01CDB-36C0-4228-A6E4-A29A3C66BC8E
2026-01-24 23:07:25.623 RedLemon[24696:671230] ✅ Realtime: Decoded message type: playbackState, sender: 96E01CDB-36C0-4228-A6E4-A29A3C66BC8E
2026-01-24 23:07:25.642 RedLemon[24696:670385] ⚠️ Received Realtime message with no chat text (Type: playbackState)
2026-01-24 23:07:26.864 RedLemon[24696:670385] 📨 Lobby: Received Room UPDATE from Realtime
2026-01-24 23:07:27.492 RedLemon[24696:670871] 📤 Realtime: Sending message type: playbackState, sender: 96E01CDB-36C0-4228-A6E4-A29A3C66BC8E
2026-01-24 23:07:27.493 RedLemon[24696:670871]    Payload keys: timestamp, position, senderId, isPlaying, type
2026-01-24 23:07:27.495 RedLemon[24696:670870] ✅ Realtime: Message broadcast complete
2026-01-24 23:07:27.495 RedLemon[24696:670391] 🔐 Signed request to /rooms
2026-01-24 23:07:27.532 RedLemon[24696:670391] 🔐 SupabaseClient: Signing Identity Payload: '176931404796e01cdb-36c0-4228-a6e4-a29a3c66bc8e/rpc/room_heartbeat'
2026-01-24 23:07:27.532 RedLemon[24696:670391] 🔐 Signed request to /rpc/room_heartbeat
2026-01-24 23:07:27.610 RedLemon[24696:670871] 📨 Realtime: Received broadcast message
2026-01-24 23:07:27.611 RedLemon[24696:670870] 📨 Realtime: Received broadcast message
2026-01-24 23:07:27.611 RedLemon[24696:670871]    Payload keys: senderId, type, timestamp, position, isPlaying
2026-01-24 23:07:27.611 RedLemon[24696:670870]    Payload keys: senderId, type, timestamp, position, isPlaying
2026-01-24 23:07:27.611 RedLemon[24696:670870] ✅ Realtime: Decoded message type: playbackState, sender: 96E01CDB-36C0-4228-A6E4-A29A3C66BC8E
2026-01-24 23:07:27.611 RedLemon[24696:670871] ✅ Realtime: Decoded message type: playbackState, sender: 96E01CDB-36C0-4228-A6E4-A29A3C66BC8E
2026-01-24 23:07:27.615 RedLemon[24696:670385] ⚠️ Received Realtime message with no chat text (Type: playbackState)
2026-01-24 23:07:27.947 RedLemon[24696:670385] 📨 Lobby: Received Room UPDATE from Realtime
2026-01-24 23:07:27.947 RedLemon[24696:670385] 📨 Lobby: Received Room UPDATE from Realtime
2026-01-24 23:07:29.534 RedLemon[24696:671196] 📤 Realtime: Sending message type: playbackState, sender: 96E01CDB-36C0-4228-A6E4-A29A3C66BC8E
2026-01-24 23:07:29.536 RedLemon[24696:671196]    Payload keys: senderId, isPlaying, position, type, timestamp
2026-01-24 23:07:29.537 RedLemon[24696:671196] ✅ Realtime: Message broadcast complete
2026-01-24 23:07:29.659 RedLemon[24696:670870] 📨 Realtime: Received broadcast message
2026-01-24 23:07:29.659 RedLemon[24696:671196] 📨 Realtime: Received broadcast message
2026-01-24 23:07:29.659 RedLemon[24696:671196]    Payload keys: position, isPlaying, senderId, type, timestamp
2026-01-24 23:07:29.659 RedLemon[24696:670870]    Payload keys: position, isPlaying, senderId, type, timestamp
2026-01-24 23:07:29.660 RedLemon[24696:670870] ✅ Realtime: Decoded message type: playbackState, sender: 96E01CDB-36C0-4228-A6E4-A29A3C66BC8E
2026-01-24 23:07:29.660 RedLemon[24696:671196] ✅ Realtime: Decoded message type: playbackState, sender: 96E01CDB-36C0-4228-A6E4-A29A3C66BC8E
2026-01-24 23:07:29.700 RedLemon[24696:670385] ⚠️ Received Realtime message with no chat text (Type: playbackState)
2026-01-24 23:07:30.492 RedLemon[24696:670385] 📨 Lobby: Received Room UPDATE from Realtime
2026-01-24 23:07:31.534 RedLemon[24696:670391] 📤 Realtime: Sending message type: playbackState, sender: 96E01CDB-36C0-4228-A6E4-A29A3C66BC8E
2026-01-24 23:07:31.535 RedLemon[24696:670391]    Payload keys: type, isPlaying, timestamp, senderId, position
2026-01-24 23:07:31.536 RedLemon[24696:670870] ✅ Realtime: Message broadcast complete
2026-01-24 23:07:31.655 RedLemon[24696:670870] 📨 Realtime: Received broadcast message
2026-01-24 23:07:31.655 RedLemon[24696:670391] 📨 Realtime: Received broadcast message
2026-01-24 23:07:31.655 RedLemon[24696:670391]    Payload keys: isPlaying, type, senderId, position, timestamp
2026-01-24 23:07:31.655 RedLemon[24696:670870]    Payload keys: isPlaying, type, senderId, position, timestamp
2026-01-24 23:07:31.656 RedLemon[24696:670870] ✅ Realtime: Decoded message type: playbackState, sender: 96E01CDB-36C0-4228-A6E4-A29A3C66BC8E
2026-01-24 23:07:31.656 RedLemon[24696:670391] ✅ Realtime: Decoded message type: playbackState, sender: 96E01CDB-36C0-4228-A6E4-A29A3C66BC8E
2026-01-24 23:07:31.659 RedLemon[24696:670385] ⚠️ Received Realtime message with no chat text (Type: playbackState)
2026-01-24 23:07:33.537 RedLemon[24696:670872] 📤 Realtime: Sending message type: playbackState, sender: 96E01CDB-36C0-4228-A6E4-A29A3C66BC8E
2026-01-24 23:07:33.539 RedLemon[24696:670872]    Payload keys: timestamp, position, senderId, type, isPlaying
2026-01-24 23:07:33.540 RedLemon[24696:671196] ✅ Realtime: Message broadcast complete
2026-01-24 23:07:33.713 RedLemon[24696:670872] 📨 Realtime: Received broadcast message
2026-01-24 23:07:33.713 RedLemon[24696:670391] 📨 Realtime: Received broadcast message
2026-01-24 23:07:33.714 RedLemon[24696:670872]    Payload keys: senderId, isPlaying, timestamp, type, position
2026-01-24 23:07:33.714 RedLemon[24696:670391]    Payload keys: senderId, isPlaying, timestamp, type, position
2026-01-24 23:07:33.714 RedLemon[24696:670391] ✅ Realtime: Decoded message type: playbackState, sender: 96E01CDB-36C0-4228-A6E4-A29A3C66BC8E
2026-01-24 23:07:33.715 RedLemon[24696:670872] ✅ Realtime: Decoded message type: playbackState, sender: 96E01CDB-36C0-4228-A6E4-A29A3C66BC8E
2026-01-24 23:07:33.748 RedLemon[24696:670385] ⚠️ Received Realtime message with no chat text (Type: playbackState)
2026-01-24 23:07:35.039 RedLemon[24696:671230] 🔐 Signed request to /rpc/user_heartbeat
2026-01-24 23:07:35.538 RedLemon[24696:670870] 📤 Realtime: Sending message type: playbackState, sender: 96E01CDB-36C0-4228-A6E4-A29A3C66BC8E
2026-01-24 23:07:35.539 RedLemon[24696:670870]    Payload keys: type, isPlaying, timestamp, senderId, position
2026-01-24 23:07:35.540 RedLemon[24696:671232] ✅ Realtime: Message broadcast complete
2026-01-24 23:07:35.661 RedLemon[24696:671230] 📨 Realtime: Received broadcast message
2026-01-24 23:07:35.661 RedLemon[24696:670870] 📨 Realtime: Received broadcast message
2026-01-24 23:07:35.662 RedLemon[24696:671230]    Payload keys: senderId, isPlaying, timestamp, type, position
2026-01-24 23:07:35.662 RedLemon[24696:670870]    Payload keys: senderId, isPlaying, timestamp, type, position
2026-01-24 23:07:35.662 RedLemon[24696:671230] ✅ Realtime: Decoded message type: playbackState, sender: 96E01CDB-36C0-4228-A6E4-A29A3C66BC8E
2026-01-24 23:07:35.662 RedLemon[24696:670870] ✅ Realtime: Decoded message type: playbackState, sender: 96E01CDB-36C0-4228-A6E4-A29A3C66BC8E
2026-01-24 23:07:35.664 RedLemon[24696:670385] ⚠️ Received Realtime message with no chat text (Type: playbackState)
2026-01-24 23:07:37.626 RedLemon[24696:671230] 📤 Realtime: Sending message type: playbackState, sender: 96E01CDB-36C0-4228-A6E4-A29A3C66BC8E
2026-01-24 23:07:37.627 RedLemon[24696:671230]    Payload keys: type, position, isPlaying, timestamp, senderId
2026-01-24 23:07:37.628 RedLemon[24696:671230] ✅ Realtime: Message broadcast complete
2026-01-24 23:07:37.629 RedLemon[24696:670391] 🔐 Signed request to /rooms
2026-01-24 23:07:37.750 RedLemon[24696:670872] 📨 Realtime: Received broadcast message
2026-01-24 23:07:37.750 RedLemon[24696:671230] 📨 Realtime: Received broadcast message
2026-01-24 23:07:37.750 RedLemon[24696:671230]    Payload keys: type, isPlaying, senderId, timestamp, position
2026-01-24 23:07:37.750 RedLemon[24696:670872]    Payload keys: type, isPlaying, senderId, timestamp, position
2026-01-24 23:07:37.750 RedLemon[24696:671230] ✅ Realtime: Decoded message type: playbackState, sender: 96E01CDB-36C0-4228-A6E4-A29A3C66BC8E
2026-01-24 23:07:37.750 RedLemon[24696:670872] ✅ Realtime: Decoded message type: playbackState, sender: 96E01CDB-36C0-4228-A6E4-A29A3C66BC8E
2026-01-24 23:07:37.792 RedLemon[24696:670385] ⚠️ Received Realtime message with no chat text (Type: playbackState)
2026-01-24 23:07:38.086 RedLemon[24696:670385] 📨 Lobby: Received Room UPDATE from Realtime
2026-01-24 23:07:39.630 RedLemon[24696:671232] 📤 Realtime: Sending message type: playbackState, sender: 96E01CDB-36C0-4228-A6E4-A29A3C66BC8E
2026-01-24 23:07:39.631 RedLemon[24696:671232]    Payload keys: isPlaying, position, senderId, type, timestamp
2026-01-24 23:07:39.631 RedLemon[24696:671232] ✅ Realtime: Message broadcast complete
2026-01-24 23:07:39.753 RedLemon[24696:671232] 📨 Realtime: Received broadcast message
2026-01-24 23:07:39.753 RedLemon[24696:670872] 📨 Realtime: Received broadcast message
2026-01-24 23:07:39.753 RedLemon[24696:671232]    Payload keys: isPlaying, position, senderId, timestamp, type
2026-01-24 23:07:39.753 RedLemon[24696:670872]    Payload keys: isPlaying, position, senderId, timestamp, type
2026-01-24 23:07:39.753 RedLemon[24696:671232] ✅ Realtime: Decoded message type: playbackState, sender: 96E01CDB-36C0-4228-A6E4-A29A3C66BC8E
2026-01-24 23:07:39.753 RedLemon[24696:670872] ✅ Realtime: Decoded message type: playbackState, sender: 96E01CDB-36C0-4228-A6E4-A29A3C66BC8E
2026-01-24 23:07:39.793 RedLemon[24696:670385] ⚠️ Received Realtime message with no chat text (Type: playbackState)
2026-01-24 23:07:41.550 RedLemon[24696:670870] 📤 Realtime: Sending message type: playbackState, sender: 96E01CDB-36C0-4228-A6E4-A29A3C66BC8E
2026-01-24 23:07:41.551 RedLemon[24696:670870]    Payload keys: position, timestamp, isPlaying, senderId, type
2026-01-24 23:07:41.553 RedLemon[24696:670391] ✅ Realtime: Message broadcast complete
2026-01-24 23:07:41.675 RedLemon[24696:671232] 📨 Realtime: Received broadcast message
2026-01-24 23:07:41.675 RedLemon[24696:670870] 📨 Realtime: Received broadcast message
2026-01-24 23:07:41.675 RedLemon[24696:671232]    Payload keys: senderId, type, timestamp, position, isPlaying
2026-01-24 23:07:41.675 RedLemon[24696:670870]    Payload keys: senderId, type, timestamp, position, isPlaying
2026-01-24 23:07:41.676 RedLemon[24696:670870] ✅ Realtime: Decoded message type: playbackState, sender: 96E01CDB-36C0-4228-A6E4-A29A3C66BC8E
2026-01-24 23:07:41.676 RedLemon[24696:671232] ✅ Realtime: Decoded message type: playbackState, sender: 96E01CDB-36C0-4228-A6E4-A29A3C66BC8E
2026-01-24 23:07:41.720 RedLemon[24696:670385] ⚠️ Received Realtime message with no chat text (Type: playbackState)
2026-01-24 23:07:43.594 RedLemon[24696:670870] 📤 Realtime: Sending message type: playbackState, sender: 96E01CDB-36C0-4228-A6E4-A29A3C66BC8E
2026-01-24 23:07:43.595 RedLemon[24696:670870]    Payload keys: position, type, isPlaying, senderId, timestamp
2026-01-24 23:07:43.595 RedLemon[24696:670870] ✅ Realtime: Message broadcast complete
2026-01-24 23:07:43.717 RedLemon[24696:671196] 📨 Realtime: Received broadcast message
2026-01-24 23:07:43.717 RedLemon[24696:670870] 📨 Realtime: Received broadcast message
2026-01-24 23:07:43.717 RedLemon[24696:670870]    Payload keys: isPlaying, position, timestamp, type, senderId
2026-01-24 23:07:43.717 RedLemon[24696:671196]    Payload keys: isPlaying, position, timestamp, type, senderId
2026-01-24 23:07:43.717 RedLemon[24696:671196] ✅ Realtime: Decoded message type: playbackState, sender: 96E01CDB-36C0-4228-A6E4-A29A3C66BC8E
2026-01-24 23:07:43.717 RedLemon[24696:670870] ✅ Realtime: Decoded message type: playbackState, sender: 96E01CDB-36C0-4228-A6E4-A29A3C66BC8E
2026-01-24 23:07:43.758 RedLemon[24696:670385] ⚠️ Received Realtime message with no chat text (Type: playbackState)
📄 Subtitle request: L3N1YnRpdGxlLzM1MzQ5... (offset: 0ms)
📥 Downloading subtitle from SubDL CDN: /subtitle/3534906-8456795.zip
📄 Subtitle request: L3N1YnRpdGxlLzM1MzQ4... (offset: 0ms)
📄 Subtitle request: L3N1YnRpdGxlLzM1MzQ5... (offset: 0ms)
📥 Downloading subtitle from SubDL CDN: /subtitle/3534873-8456762.zip
📥 Downloading subtitle from SubDL CDN: /subtitle/3534903-8456792.zip
📡 SocialService: Updated status - online: Now You See Me: Now You Don't
⏰ AppState: Next schedule update set for Event End: 2026-01-25 05:01:34 +0000
⏰ AppState: Scheduling update in 3256 seconds
✅ Download complete: 67043 bytes
📦 Detected ZIP archive, extracting...
✅ Download complete: 65683 bytes
📦 Detected ZIP archive, extracting...
🔍 Calculating compatibility scores for 1 files...
🔍 Calculating compatibility scores for 1 files...
✅ Selected best match by compatibility score (620): Now You See Me Now You Don't (2025) Eng AMZN 1080p WEBRip x265 DDP 5.1 ESub.srt
✅ Selected best match by compatibility score (613): Now.You.See.Me.Now.You.Dont.2025.1080p.WEBRip.x264.AAC5.1-[YTS.LT].en.SDH.srt
📦 Extracting specific file: Now You See Me Now You Don't (2025) Eng AMZN 1080p WEBRip x265 DDP 5.1 ESub.srt
📦 Extracting specific file: Now.You.See.Me.Now.You.Dont.2025.1080p.WEBRip.x264.AAC5.1-\[YTS.LT\].en.SDH.srt
✅ Extraction successful
✅ Download complete: 124832 bytes
📦 Detected ZIP archive, extracting...
✅ Extraction successful
🔍 Calculating compatibility scores for 2 files...
✅ Selected best match by compatibility score (508): Now.You.See.Me.Now.You.Dont.2025.WEBRip.x264.AAC-YTS.srt
📦 Extracting specific file: Now.You.See.Me.Now.You.Dont.2025.WEBRip.x264.AAC-YTS.srt
✅ Extraction successful
✅ Subtitle downloaded and converted to VTT
✅ Subtitle downloaded and converted to VTT
✅ Subtitle downloaded and converted to VTT
⏰ AppState: Next schedule update set for Event End: 2026-01-25 05:01:34 +0000
⏰ AppState: Scheduling update in 3253 seconds
🔄 Lobby: Fetching fresh room state from Supabase...
✅ Lobby: Synced CLEAN stream info, metadata & playlist to AppState
🔄 Lobby: Fetching fresh room state from Supabase...
🔄 Lobby: Fetching fresh room state from Supabase...
✅ Lobby: Synced CLEAN stream info, metadata & playlist to AppState
✅ Lobby: Synced CLEAN stream info, metadata & playlist to AppState
🔄 Lobby: Fetching fresh room state from Supabase...
✅ Lobby: Synced CLEAN stream info, metadata & playlist to AppState
⏰ AppState: Next schedule update set for Event End: 2026-01-25 05:01:34 +0000
⏰ AppState: Scheduling update in 3243 seconds
📉 SocialService: User 656daa91-33b4-4688-9135-c982ea52d7c9 went offline (No active refs)
🔄 Lobby: Fetching fresh room state from Supabase...
✅ Lobby: Synced CLEAN stream info, metadata & playlist to AppState
⏰ AppState: Next schedule update set for Event End: 2026-01-25 05:01:34 +0000
⏰ AppState: Scheduling update in 3233 seconds
