2026-01-27 22:46:35.716 RedLemon[37742:550230] 🪟 Set initial window to expanded size: (0.0, 121.0, 1280.0, 654.0)
2026-01-27 22:46:35.716 RedLemon[37742:550230] ✅ Cache cleanup timer started (runs every 30 minutes)
2026-01-27 22:46:35.778 RedLemon[37742:550230] 🔄 Resetting playback state to prevent auto-selection...
2026-01-27 22:46:35.779 RedLemon[37742:550230] ⚠️ PlayerVM: currentWatchPartyRoom set to NIL. Stack Trace unavailable, but check recent logs.
2026-01-27 22:46:35.814 RedLemon[37742:550230] ✅ Playback state reset complete - starting in browse view
2026-01-27 22:46:35.814 RedLemon[37742:550230] 🔐 APP STARTUP: Loading stored user credentials...
2026-01-27 22:46:35.814 RedLemon[37742:550230] 🧪 Testing Profile: debug
2026-01-27 22:46:35.816 RedLemon[37742:550235] 📂 Loaded 5 credential(s) from cache
2026-01-27 22:46:35.852 RedLemon[37742:550230] ✅ Keychain: Found stored username: lemontom
2026-01-27 22:46:35.852 RedLemon[37742:550230] 🔍 Supabase: Looking up user 'lemontom' in database...
2026-01-27 22:46:35.853 RedLemon[37742:550235] 🔍 SupabaseClient: Looking up user by username 'lemontom'
2026-01-27 22:46:36.168 RedLemon[37742:550262] 📡 SupabaseClient: User lookup response received (427 bytes)
2026-01-27 22:46:36.178 RedLemon[37742:550262] ✅ SupabaseClient: Decoded 1 users from response
2026-01-27 22:46:36.178 RedLemon[37742:550262] 👤 SupabaseClient: Found user - lemontom (ID: 96E01CDB-36C0-4228-A6E4-A29A3C66BC8E)
2026-01-27 22:46:36.244 RedLemon[37742:550230] ✅ AUTH SUCCESS: User authenticated - lemontom (ID: 96E01CDB-36C0-4228-A6E4-A29A3C66BC8E)
2026-01-27 22:46:36.244 RedLemon[37742:550230] 🎯 AppState: currentUsername=lemontom, currentUserId=96E01CDB-36C0-4228-A6E4-A29A3C66BC8E
2026-01-27 22:46:36.247 RedLemon[37742:550230] 🛡️ AdminRealtimeService: Starting authenticated listeners...
2026-01-27 22:46:36.259 RedLemon[37742:550230] ✅ AdminRealtimeService: Subscribed to reported_streams, feedback_reports, and broadcast alerts via shared client
2026-01-27 22:46:36.621 RedLemon[37742:550230] 📊 AdminRealtimeService: Initial sync complete. Reports: 0, Feedback: 0
2026-01-27 22:46:37.300 RedLemon[37742:550230] 🏁 AUTH COMPLETE: Final state - username=lemontom, userId=96E01CDB-36C0-4228-A6E4-A29A3C66BC8E
2026-01-27 22:46:37.302 RedLemon[37742:550235] 🔐 Signed request to /rpc/fetch_user_library
2026-01-27 22:46:37.302 RedLemon[37742:550308] 🔐 Signed request to /rpc/fetch_user_library
2026-01-27 22:46:37.432 RedLemon[37742:550260] 🔐 Signed request to /rpc/fetch_user_watch_history
2026-01-27 22:46:37.816 RedLemon[37742:550230] 🚀 RedLemon: Starting HTTP server...
2026-01-27 22:46:37.816 RedLemon[37742:550230] 📋 RedLemon: Current directory: /Users/danielnoble/Desktop/RedLemon-Native
2026-01-27 22:46:37.829 RedLemon[37742:550230] ✅ RedLemon: HTTPServer instance created
2026-01-27 22:46:37.829 RedLemon[37742:550260] 📡 RedLemon: Server starting on port 47253...
2026-01-27 22:46:37.830 RedLemon[37742:550230] ✅ RedLemon: Server marked as ready (Optimistic)
⏲️ [EventsConfig] Starting polling fallback (every 60s)
🔌 Connecting to Supabase Realtime: wss://151.243.109.243.nip.io/realtime/v1/websocket
✅ Connected to Supabase Realtime
📡 Sparkle requesting feed URL: https://151.243.109.243.nip.io/updates/appcast.xml
✅ Sparkle configured (seamless mode)
   Appcast URL: https://151.243.109.243.nip.io/updates/appcast.xml
   Can check: true
📅 EventsView appeared
🎬 [EventsView] Fetching movie events from centralized config...
📡 [EventsConfig] Checking server for movie_events config version...
🔍 Memory pressure monitoring enabled (safe mode)
🔍 Silent update check (custom implementation)...
🖥️ CacheManager initialized with fixed conservative limits
   Image cache limit: 1000 items
📡 Joined channel: realtime:events_config_updates (interest count: 1)
✅ [EventsConfig] Subscribed to realtime schedule updates
📡 Joined channel: realtime:reported_streams (interest count: 1)
📡 Joined channel: realtime:feedback_reports (interest count: 1)
📡 Joined channel: realtime:admin:alerts (interest count: 1)
📡 Sparkle requesting feed URL: https://151.243.109.243.nip.io/updates/appcast.xml
❌ Realtime System Error (realtime:reported_streams): Unable to subscribe to changes with given parameters. Please check Realtime is enabled for the given connect parameters: [schema: public, table: reported_streams, filters: []]
❌ Realtime System Error (realtime:feedback_reports): Unable to subscribe to changes with given parameters. Please check Realtime is enabled for the given connect parameters: [schema: public, table: feedback_reports, filters: []]
✅ [EventsConfig] Fetched movie_events version 1586 with 397 movies
✅ [EventsConfig] Using cached movie_events config (version 1586, 397 movies)
✅ [EventsView] Loaded 397 movies from config version 1586
🗓 AppState: Updated schedule epoch to 2026-01-23 22:49:34 +0000
⏰ AppState: Next schedule update set for Next Event Start: 2026-01-28 03:58:34 +0000
⏰ AppState: Scheduling update in 718 seconds
🖼️ [CACHE] Cached image data for key: https://images.metahub.space/background/medium/tt3235888/img (731836 bytes)
⏰ AppState: Next schedule update set for Next Event Start: 2026-01-28 03:58:34 +0000
⏰ AppState: Scheduling update in 718 seconds
⏰ AppState: Next schedule update set for Next Event Start: 2026-01-28 03:58:34 +0000
⏰ AppState: Scheduling update in 718 seconds
🖼️ [CACHE] Cached image data for key: https://images.metahub.space/background/medium/tt4154796/img (1018934 bytes)
🔌 SocialService: Connecting to global presence via shared client...
📡 Joined channel: realtime:global-presence (interest count: 1)
✅ SocialService: Connected to global presence
🔌 SocialService: Connecting to social realtime channels via shared client...
📡 Joined channel: realtime:direct_messages (interest count: 1)
📡 Joined channel: realtime:friendships (interest count: 1)
✅ SocialService: Connected to social channels
📈 SocialService: User 4aef4e1b-ba8e-4d31-8736-bca3b94f402b came online
📈 SocialService: User 96e01cdb-36c0-4228-a6e4-a29a3c66bc8e came online
📬 SocialService: Fetched 0 unread messages
✅ Token routes registered:
   POST /tokens/save
   POST /tokens/delete
   GET  /tokens/list
✅ Unlock routes registered:
   POST /api/streams/unlock
✅ Stream routes registered:
   POST /api/streams/resolve
   GET  /api/streams/resolveByQuality
   GET  /api/streams/resolveAll
✅ Proxy routes registered:
   GET /play/rd/:infoHash/:fileIdx
   GET /play/rd/:infoHash
✅ Subtitle routes registered:
   GET /subtitles/search?imdbId=&type=
   GET /subtitles/subdl/:encodedPath
✅ All routes registered
✅ HTTP Server configured on http://127.0.0.1:47253
🚀 Starting HTTP server...
✅ Providers initialized: torrentio, comet, zilean, mediafusion, debridsearch
[ NOTICE ] Server started on http://127.0.0.1:47253
2026-01-27 22:46:37.857 RedLemon[37742:550230] ✅ RedLemon: Server should be running on http://127.0.0.1:47253
2026-01-27 22:46:37.857 RedLemon[37742:550230] 🏥 [AppState] Starting global provider health check...
2026-01-27 22:46:37.857 RedLemon[37742:550230] 🔍 Performing startup checks...
2026-01-27 22:46:37.857 RedLemon[37742:550230] ✅ Username-based authentication ready
2026-01-27 22:46:37.858 RedLemon[37742:550260] 🔐 Signed request to /check-payment
2026-01-27 22:46:38.396 RedLemon[37742:550308] 🎬 Torrentio: Building URL for movie (no season/episode)
2026-01-27 22:46:38.396 RedLemon[37742:550308] 🔗 Torrentio URL (length: 55): https://torrentio.strem.fun/stream/movie/tt0133093.json...
2026-01-27 22:46:39.307 RedLemon[37742:550230] ✅ [AppState] Provider health check complete (found 7 services)
2026-01-27 22:46:40.929 RedLemon[37742:550230] 🔄 Checking for app updates...
2026-01-27 22:46:40.930 RedLemon[37742:550260] 🔐 Signed request to /rpc/get_server_time
✅ HTTP server running on http://127.0.0.1:47253

🔗 Available endpoints:
   http://127.0.0.1:47253/health
   http://127.0.0.1:47253/status
   http://127.0.0.1:47253/api/health

💰 LicenseManager: Starting hybrid license check...
✅ SubDLClient initialized
👤 LicenseManager: Profile expiry: Optional(2026-04-18 17:23:32 +0000)
🎉 License updated! Expires: 2026-04-18 17:23:32 +0000
🔍 Silent update check (custom implementation)...
⏰ TimeService: Synchronizing clock with server...
✅ TimeService: Synced! Offset: 0.060s (RTT: 203ms)
   Local:  2026-01-28 03:46:41 +0000
   Server: 2026-01-28 03:46:41 +0000
⏰ Time synced with server! AppState should automatically recalculate.
📋 Fetching rooms from Supabase backend (offset: 0, limit: 20, search: '')...
🔌 RoomListView: Setting up realtime subscription for rooms...
📋 Fetching rooms from Supabase backend (offset: 0, limit: 20, search: '')...
📡 Joined channel: realtime:rooms_updates (interest count: 1)
✅ RoomListView: Connected to rooms realtime updates
[ INFO ] GET /api/metadata/meta/series/tt33517752 [request-id: C9940EB7-F085-4DDB-A742-66A04CDB7A34]
[ INFO ] GET /api/metadata/meta/series/tt33517752 [request-id: 509F7D19-9786-4926-8DDC-020DDE40FFE9]
2026-01-27 22:46:41.942 RedLemon[37742:550307] 📦 Decoded CinemetaMeta - videos count: 11
2026-01-27 22:46:41.973 RedLemon[37742:550307] 📦 Decoded CinemetaMeta - videos count: 11
2026-01-27 22:46:42.470 RedLemon[37742:550238] 🔐 Signed request to /rpc/user_heartbeat
2026-01-27 22:46:42.503 RedLemon[37742:550230] 🚪 Joining room: QW9D
2026-01-27 22:46:43.887 RedLemon[37742:550230] 🚪 Room is in lobby
2026-01-27 22:46:43.887 RedLemon[37742:550230] ✅ PlayerVM: currentWatchPartyRoom set to QW9D
2026-01-27 22:46:43.888 RedLemon[37742:550230] ✨ [AppState] Registered new active lobby: QW9D
2026-01-27 22:46:43.999 RedLemon[37742:550230] 🔑 Lobby: Updated participantId to actual user ID: 96e01cdb-36c0-4228-a6e4-a29a3c66bc8e
2026-01-27 22:46:43.999 RedLemon[37742:550230] [LOBBY_VIEW] onAppear: shouldAutoJoinLobby=false, room=QW9D, timeUntilStart=0
2026-01-27 22:46:44.082 RedLemon[37742:550235] 🔐 Signed request to /room_participants
💾 Cache SET: Metadata[meta_series_tt33517752]
📺 Found episode title for The Beauty S1E1: Beautiful Pilot
✅ Loaded 1 rooms (total: 1)
💾 Cache SET: Metadata[meta_series_tt33517752]
🖼️ [CACHE] Cached image data for key: https://images.metahub.space/background/medium/tt33517752/img (103733 bytes)
📺 Found episode title for The Beauty S1E1: Beautiful Pilot
✅ Loaded 1 rooms (total: 1)
🚪 Joining room: QW9D
📡 [EventsConfig] Checking server for movie_events config version...
✅ [EventsConfig] Fetched movie_events version 1586 with 397 movies
✅ [EventsConfig] Using cached movie_events config (version 1586, 397 movies)
🎭 Lobby: Connecting to room QW9D...
🚦 Lobby State: connecting
🔄 Lobby: Fetching fresh room state from Supabase...
✅ Cache HIT: Metadata[meta_series_tt33517752]
[ INFO ] GET /api/metadata/meta/series/tt33517752 [request-id: 2F7E2778-BD7D-4C9D-95E6-1638BBDB3A2F]
2026-01-27 22:46:44.219 RedLemon[37742:550230] ✅ Guest joined room QW9D in database
2026-01-27 22:46:44.356 RedLemon[37742:550306] 📝 Realtime: Registered observer 'lobby' (Presence: YES, Sync: NO, Status: NO)
2026-01-27 22:46:44.370 RedLemon[37742:550235] 📝 Realtime: Registered observer 'lobby' (Presence: NO, Sync: YES, Status: NO)
2026-01-27 22:46:44.389 RedLemon[37742:550238] 📤 Realtime: Sending message type: chat, sender: 96e01cdb-36c0-4228-a6e4-a29a3c66bc8e
2026-01-27 22:46:44.389 RedLemon[37742:550238]    Payload keys: chatText, position, senderId, timestamp, type, chatUsername
2026-01-27 22:46:44.390 RedLemon[37742:550235] ✅ Realtime: Message broadcast complete
2026-01-27 22:46:44.439 RedLemon[37742:550235] 🔐 SupabaseClient: Signing Identity Payload: '176957200496e01cdb-36c0-4228-a6e4-a29a3c66bc8e/rpc/room_heartbeat'
2026-01-27 22:46:44.439 RedLemon[37742:550235] 🔐 Signed request to /rpc/room_heartbeat
2026-01-27 22:46:44.506 RedLemon[37742:550236] 📨 Realtime: Received broadcast message
2026-01-27 22:46:44.506 RedLemon[37742:550236]    Payload keys: chatUsername, timestamp, senderId, type, chatText, position
2026-01-27 22:46:44.506 RedLemon[37742:550236] ✅ Realtime: Decoded message type: chat, sender: 96e01cdb-36c0-4228-a6e4-a29a3c66bc8e
2026-01-27 22:46:44.514 RedLemon[37742:550230] 👋 Received: Guest 'lemontom' joined room QW9D
2026-01-27 22:46:44.745 RedLemon[37742:550230] 📨 Lobby: Received Room UPDATE from Realtime
2026-01-27 22:46:44.816 RedLemon[37742:550230] 👋 lemontom synced from database
2026-01-27 22:46:46.661 RedLemon[37742:550307] 📨 Realtime: Received broadcast message
2026-01-27 22:46:46.661 RedLemon[37742:550307]    Payload keys: position, type, chatText, timestamp, chatUsername, senderId
2026-01-27 22:46:46.662 RedLemon[37742:550307] ✅ Realtime: Decoded message type: chat, sender: 4aef4e1b-ba8e-4d31-8736-bca3b94f402b
2026-01-27 22:46:46.662 RedLemon[37742:550230] 🎬 Guest: Received RESOLVING signal
2026-01-27 22:46:55.675 RedLemon[37742:550230] 📨 Lobby: Received Room UPDATE from Realtime
2026-01-27 22:46:55.719 RedLemon[37742:550238] 📨 Realtime: Received broadcast message
2026-01-27 22:46:55.719 RedLemon[37742:550238]    Payload keys: chatText, senderId, position, timestamp, type, chatUsername
2026-01-27 22:46:55.719 RedLemon[37742:550238] ✅ Realtime: Decoded message type: chat, sender: 4aef4e1b-ba8e-4d31-8736-bca3b94f402b
2026-01-27 22:46:55.719 RedLemon[37742:550230] 🎬 Guest: Received PREPARE signal: LOBBY_PREPARE_PLAYBACK||0
2026-01-27 22:46:55.719 RedLemon[37742:550230] ✅ Guest: Extracted Hash from Payload: nil
2026-01-27 22:46:55.846 RedLemon[37742:550230] ⚠️ Guest: No stream hash available. Guests cannot use host's URL (IP-locked). Will attempt fresh resolution.
2026-01-27 22:46:55.887 RedLemon[37742:550260] ✅ StreamService: Using provided metadata: The Beauty
2026-01-27 22:46:55.887 RedLemon[37742:550260] ⚡️ StreamService: Resolving streams via StreamResolver (Bypassing HTTP)...
2026-01-27 22:46:55.888 RedLemon[37742:550238] 📝 [APP] 🎬 StreamService: Starting resolution for: The Beauty ["file": "StreamService.swift", "level": "INFO", "line": "199"]
2026-01-27 22:46:55.888 RedLemon[37742:550238] 📝 [APP] SessionRecorder initialized
2026-01-27 22:46:55.888 RedLemon[37742:550238] 📝 [APP] New Session Started ["app_version": "1.0.163", "build": "163", "session_id": "D33DC003-2225-4C83-9F8A-A49D675C6990", "trigger_source": "preload", "user_id": "96E01CDB-36C0-4228-A6E4-A29A3C66BC8E"]
2026-01-27 22:46:55.888 RedLemon[37742:550238] 📝 [APP] Target Content Set ["imdb_id": "tt33517752"]
2026-01-27 22:46:55.889 RedLemon[37742:550238] 📝 [RESOLVER] Started Resolution ["episode": "1", "season": "1", "type": "series"]
2026-01-27 22:46:56.022 RedLemon[37742:550238]    📅 Filtering by year: 2025–
2026-01-27 22:46:56.146 RedLemon[37742:550307] 📦 StreamResolver: Fetching streams from ProviderManager...
2026-01-27 22:46:56.146 RedLemon[37742:550307] 🔍 ProviderManager: Fetching streams for tt33517752...
2026-01-27 22:46:56.148 RedLemon[37742:550260] 🔍 Zilean: Searching via IMDB ID: tt33517752
2026-01-27 22:46:56.148 RedLemon[37742:550307] 📺 DebridSearch: Building URL for S01E01
2026-01-27 22:46:56.148 RedLemon[37742:550307] 🔗 DebridSearch URL: https://68d69db7dc40-debrid-search.baby-beamup.club/%7B%22DebridApiKey%22%3A%22***%22,%22DebridProvider%22%3A%22RealDebrid%22%7D/stream/series/tt33517752:1:1.json
2026-01-27 22:46:56.149 RedLemon[37742:550307] 🔍 DebridSearch: Fetching https://68d69db7dc40-debrid-search.baby-beamup.club/%7B%22DebridApiKey%22%3A%22K67JV2V4FTUA7RYN6T34BFIUBRUZERBO45A6UL3O7TE5ZHFDQQSA%22,%22DebridProvider%22%3A%22RealDebrid%22%7D/stream/series/tt33517752:1:1.json
2026-01-27 22:46:56.149 RedLemon[37742:550237] ✨ Torrentio: Using Auto-Generated Config (RealDebrid)
2026-01-27 22:46:56.149 RedLemon[37742:550237] 📺 Torrentio: Building URL for S01E01
2026-01-27 22:46:56.149 RedLemon[37742:550237] 🔗 Torrentio URL (length: 125): https://torrentio.strem.fun/realdebrid=K67JV2V4FTUA7RYN6T34BFIUBRUZERBO45A6UL3O7TE5ZHFDQQSA/stream/series/tt33517752:1:1.json...
2026-01-27 22:46:56.149 RedLemon[37742:550237] 🔍 Torrentio: Fetching https://torrentio.strem.fun/realdebrid=K67JV2V4FTUA7RYN6T34BFIUBRUZERBO45A6UL3O7TE5ZHFDQQSA/stream/series/tt33517752:1:1.json
2026-01-27 22:46:56.157 RedLemon[37742:550307] 📡 Torrentio: HTTP 200, received 30840 bytes
2026-01-27 22:46:56.175 RedLemon[37742:550307] ✅ Torrentio: Parsed 60 streams from 60 raw
2026-01-27 22:46:56.595 RedLemon[37742:550468] ✅ Zilean: Got 0 results
2026-01-27 22:46:59.738 RedLemon[37742:550230] 📨 Lobby: Received Room UPDATE from Realtime
2026-01-27 22:47:03.256 RedLemon[37742:550260] ✅ DebridSearch: Parsed 25 streams
2026-01-27 22:47:03.257 RedLemon[37742:550307] ✅ ProviderManager: Fetched 85 raw, returning 85 unique streams
2026-01-27 22:47:03.257 RedLemon[37742:550307] 📦 StreamResolver: Received 85 raw streams, bucketing...
2026-01-27 22:47:03.257 RedLemon[37742:550307] 📝 [RESOLVER] Providers Fetched ["debridsearch": "25", "torrentio": "60"]
2026-01-27 22:47:04.641 RedLemon[37742:550463] 📝 [RESOLVER] Resolution Complete ["1080p": "1", "2160p": "1", "720p": "1", "selected_provider": "debridsearch", "selected_title": "The Beauty S01E01 Beautiful Pilot 1080p DSNP WEB-DL DDP5 1 H 264-FLUX[EZTVx.to].mkv
/The Beauty S01E01 Beautiful Pilot 1080p DSNP WEB-DL DDP5 1 H 264-FLUX[EZTVx.to].mkv
💾 1.64 GB"]
2026-01-27 22:47:04.642 RedLemon[37742:550260] 📝 [APP] 📦 StreamService: Found 29 total streams to try (across all qualities) ["file": "StreamService.swift", "level": "INFO", "line": "406"]
2026-01-27 22:47:06.172 RedLemon[37742:550463] 📥 StreamService: Pre-downloading 1 (capped from 1) subtitles for direct stream...
2026-01-27 22:47:06.172 RedLemon[37742:550463] 🐛 StreamService: downloadSubtitlesInParallel called. Season: Optional(1), Episode: Optional(1), Count: 1
2026-01-27 22:47:06.173 RedLemon[37742:550260] 🔍 DEBUG: Processing subtitle URL: /subtitle/3544880-8466988.zip
2026-01-27 22:47:06.173 RedLemon[37742:550260] ✅ DEBUG: Raw SubDL URL detected, converting to proxy URL
2026-01-27 22:47:06.175 RedLemon[37742:550230] ✅ Guest: Stream preloaded with URL: https://chi7-4.download.real-debrid.com/d/IYRQIVTBT5FLU43/The%20Beauty%20S01E01%
2026-01-27 22:47:06.175 RedLemon[37742:550230] ✅ Guest: Stream preloaded. Sending READY signal.
2026-01-27 22:47:06.175 RedLemon[37742:550260] 📤 Realtime: Sending message type: chat, sender: 96e01cdb-36c0-4228-a6e4-a29a3c66bc8e
2026-01-27 22:47:06.175 RedLemon[37742:550260]    Payload keys: timestamp, type, position, senderId, chatText, chatUsername
2026-01-27 22:47:06.176 RedLemon[37742:550463] ✅ Realtime: Message broadcast complete
2026-01-27 22:47:07.143 RedLemon[37742:550463] 📨 Realtime: Received broadcast message
2026-01-27 22:47:07.143 RedLemon[37742:550463]    Payload keys: senderId, type, chatText, chatUsername, position, timestamp
2026-01-27 22:47:07.144 RedLemon[37742:550463] ✅ Realtime: Decoded message type: chat, sender: 96e01cdb-36c0-4228-a6e4-a29a3c66bc8e
2026-01-27 22:47:07.940 RedLemon[37742:550237] 🔐 Signed request to /rpc/user_heartbeat
2026-01-27 22:47:08.371 RedLemon[37742:550560] 📨 Realtime: Received broadcast message
2026-01-27 22:47:08.371 RedLemon[37742:550560]    Payload keys: chatUsername, type, chatText, timestamp, senderId, position
2026-01-27 22:47:08.372 RedLemon[37742:550560] ✅ Realtime: Decoded message type: chat, sender: 4aef4e1b-ba8e-4d31-8736-bca3b94f402b
2026-01-27 22:47:08.372 RedLemon[37742:550230] 🎬 Guest: Received LOBBY_START_COUNTDOWN signal
2026-01-27 22:47:08.372 RedLemon[37742:550230] 🎬 Guest: Received LOBBY_START_COUNTDOWN signal processing
2026-01-27 22:47:08.436 RedLemon[37742:550230] 📨 Lobby: Received Room UPDATE from Realtime
2026-01-27 22:47:08.506 RedLemon[37742:550230] ✅ Guest: Synced stream info from Host (Hash: nil) - URL cleared for fresh unlock
2026-01-27 22:47:08.506 RedLemon[37742:550230] 🛡️ Guest: preResolvedStream cleared to force fresh RD link
2026-01-27 22:47:08.594 RedLemon[37742:550230] 📺 Guest: Set season/episode from DB (Realtime path): S1E1
2026-01-27 22:47:08.594 RedLemon[37742:550230] ⏱️ Step 3: Artificial Delay - Waiting additional 3.03s to ensure Host buffer...
2026-01-27 22:47:11.750 RedLemon[37742:550468] 📨 Realtime: Received broadcast message
2026-01-27 22:47:11.750 RedLemon[37742:550468]    Payload keys: senderId, chatText, timestamp, chatUsername, position, type
2026-01-27 22:47:11.751 RedLemon[37742:550468] ✅ Realtime: Decoded message type: chat, sender: 4aef4e1b-ba8e-4d31-8736-bca3b94f402b
2026-01-27 22:47:11.751 RedLemon[37742:550230] 🎬 Guest: Launching player for The Beauty (Synced Start)
2026-01-27 22:47:11.751 RedLemon[37742:550230] 🤝 PlayerVM: Watch Party playback started. Preserving lobby session for handoff: QW9D
2026-01-27 22:47:11.824 RedLemon[37742:550230] 📡 Fetching metadata for tt33517752...
2026-01-27 22:47:11.960 RedLemon[37742:550230] 🎬 Guest: Fetch took 0.221s, finished countdown loop
2026-01-27 22:47:12.068 RedLemon[37742:550230] 🎬 PlayerVM: Using Playlist Metadata: S1E1
2026-01-27 22:47:12.068 RedLemon[37742:550230] 🔗 GUEST: Using title fallback for stream matching: The Beauty S01E01 Beautiful Pilot 1080p DSNP WEB-D
2026-01-27 22:47:12.103 RedLemon[37742:550560] ✅ StreamService: Using provided metadata: The Beauty
2026-01-27 22:47:12.103 RedLemon[37742:550560] ⚡️ StreamService: Resolving streams via StreamResolver (Bypassing HTTP)...
2026-01-27 22:47:12.104 RedLemon[37742:550560] 📝 [APP] New Session Started ["app_version": "1.0.163", "build": "163", "session_id": "32DE9B81-592B-4DF5-BB6A-5A906D20BAE5", "trigger_source": "watch_party_sync_signal", "user_id": "96E01CDB-36C0-4228-A6E4-A29A3C66BC8E"]
2026-01-27 22:47:12.104 RedLemon[37742:550560] 📝 [APP] Target Content Set ["imdb_id": "tt33517752"]
2026-01-27 22:47:12.105 RedLemon[37742:550560] 📝 [RESOLVER] Started Resolution ["episode": "1", "season": "1", "type": "series"]
2026-01-27 22:47:12.105 RedLemon[37742:550307] 📝 [APP] 🎬 StreamService: Starting resolution for: The Beauty ["file": "StreamService.swift", "level": "INFO", "line": "199"]
2026-01-27 22:47:12.140 RedLemon[37742:550230] 🎬 Guest: Countdown finished. Waiting for Host PLAYBACK_STARTED signal...
2026-01-27 22:47:12.263 RedLemon[37742:550560]    📅 Filtering by year: 2025–
2026-01-27 22:47:12.394 RedLemon[37742:550307] 📦 StreamResolver: Fetching streams from ProviderManager...
2026-01-27 22:47:12.394 RedLemon[37742:550307] 🔍 ProviderManager: Fetching streams for tt33517752...
2026-01-27 22:47:12.394 RedLemon[37742:550561] ✨ Torrentio: Using Auto-Generated Config (RealDebrid)
2026-01-27 22:47:12.394 RedLemon[37742:550561] 📺 Torrentio: Building URL for S01E01
2026-01-27 22:47:12.395 RedLemon[37742:550307] 📺 DebridSearch: Building URL for S01E01
2026-01-27 22:47:12.395 RedLemon[37742:550561] 🔗 Torrentio URL (length: 125): https://torrentio.strem.fun/realdebrid=K67JV2V4FTUA7RYN6T34BFIUBRUZERBO45A6UL3O7TE5ZHFDQQSA/stream/series/tt33517752:1:1.json...
2026-01-27 22:47:12.395 RedLemon[37742:550307] 🔗 DebridSearch URL: https://68d69db7dc40-debrid-search.baby-beamup.club/%7B%22DebridProvider%22%3A%22RealDebrid%22,%22DebridApiKey%22%3A%22***%22%7D/stream/series/tt33517752:1:1.json
2026-01-27 22:47:12.396 RedLemon[37742:550561] 🔍 Torrentio: Fetching https://torrentio.strem.fun/realdebrid=K67JV2V4FTUA7RYN6T34BFIUBRUZERBO45A6UL3O7TE5ZHFDQQSA/stream/series/tt33517752:1:1.json
2026-01-27 22:47:12.396 RedLemon[37742:550307] 🔍 DebridSearch: Fetching https://68d69db7dc40-debrid-search.baby-beamup.club/%7B%22DebridProvider%22%3A%22RealDebrid%22,%22DebridApiKey%22%3A%22K67JV2V4FTUA7RYN6T34BFIUBRUZERBO45A6UL3O7TE5ZHFDQQSA%22%7D/stream/series/tt33517752:1:1.json
2026-01-27 22:47:12.396 RedLemon[37742:550307] 🔍 Zilean: Searching via IMDB ID: tt33517752
2026-01-27 22:47:12.401 RedLemon[37742:550463] 📡 Torrentio: HTTP 200, received 30840 bytes
2026-01-27 22:47:12.427 RedLemon[37742:550463] ✅ Torrentio: Parsed 60 streams from 60 raw
2026-01-27 22:47:12.780 RedLemon[37742:550463] ✅ Zilean: Got 0 results
2026-01-27 22:47:13.102 RedLemon[37742:550230] 📨 Lobby: Received Room UPDATE from Realtime
2026-01-27 22:47:13.900 RedLemon[37742:550561] 📨 Realtime: Received broadcast message
2026-01-27 22:47:13.900 RedLemon[37742:550561]    Payload keys: isPlaying, type, timestamp, position, senderId
2026-01-27 22:47:13.901 RedLemon[37742:550561] ✅ Realtime: Decoded message type: playbackState, sender: 4AEF4E1B-BA8E-4D31-8736-BCA3B94F402B
2026-01-27 22:47:13.901 RedLemon[37742:550230] ⚠️ Received Realtime message with no chat text (Type: playbackState)
2026-01-27 22:47:14.514 RedLemon[37742:550468] 📨 Realtime: Received broadcast message
2026-01-27 22:47:14.515 RedLemon[37742:550468]    Payload keys: position, type, timestamp, senderId, isPlaying
2026-01-27 22:47:14.515 RedLemon[37742:550468] ✅ Realtime: Decoded message type: ready, sender: 4aef4e1b-ba8e-4d31-8736-bca3b94f402b
2026-01-27 22:47:14.515 RedLemon[37742:550230] ⚠️ Received Realtime message with no chat text (Type: ready)
2026-01-27 22:47:15.949 RedLemon[37742:550468] 📨 Realtime: Received broadcast message
2026-01-27 22:47:15.949 RedLemon[37742:550468]    Payload keys: senderId, isPlaying, position, timestamp, type
2026-01-27 22:47:15.950 RedLemon[37742:550468] ✅ Realtime: Decoded message type: playbackState, sender: 4AEF4E1B-BA8E-4D31-8736-BCA3B94F402B
2026-01-27 22:47:15.950 RedLemon[37742:550230] ⚠️ Received Realtime message with no chat text (Type: playbackState)
2026-01-27 22:47:16.562 RedLemon[37742:550468] 📨 Realtime: Received broadcast message
2026-01-27 22:47:16.562 RedLemon[37742:550468]    Payload keys: position, type, timestamp, senderId, isPlaying
2026-01-27 22:47:16.563 RedLemon[37742:550468] ✅ Realtime: Decoded message type: ready, sender: 4aef4e1b-ba8e-4d31-8736-bca3b94f402b
2026-01-27 22:47:16.563 RedLemon[37742:550230] ⚠️ Received Realtime message with no chat text (Type: ready)
2026-01-27 22:47:17.891 RedLemon[37742:550260] ✅ DebridSearch: Parsed 25 streams
2026-01-27 22:47:17.892 RedLemon[37742:550561] ✅ ProviderManager: Fetched 85 raw, returning 85 unique streams
2026-01-27 22:47:17.892 RedLemon[37742:550561] 📦 StreamResolver: Received 85 raw streams, bucketing...
2026-01-27 22:47:17.892 RedLemon[37742:550561] 📝 [RESOLVER] Providers Fetched ["debridsearch": "25", "torrentio": "60"]
2026-01-27 22:47:17.894 RedLemon[37742:550307] 📨 Realtime: Received broadcast message
2026-01-27 22:47:17.894 RedLemon[37742:550307]    Payload keys: position, type, timestamp, senderId, isPlaying
2026-01-27 22:47:17.894 RedLemon[37742:550307] ✅ Realtime: Decoded message type: playbackState, sender: 4AEF4E1B-BA8E-4D31-8736-BCA3B94F402B
2026-01-27 22:47:17.894 RedLemon[37742:550230] ⚠️ Received Realtime message with no chat text (Type: playbackState)
📡 SocialService: Updated status - In Lobby: The Beauty: The Beauty
📡 Left channel: realtime:rooms_updates
✅ Lobby: Loaded metadata for The Beauty
✅ Lobby: Synced CLEAN stream info, metadata & playlist to AppState
📨 Unknown event: phx_close on realtime:rooms_updates
✅ Lobby: Refreshed room state. isPlaying: false
🛡️ Lobby: Ensuring local media state is fresh before auto-start check...
📺 Lobby: Synced season/episode: S1E1
🔌 Setting up Realtime channel: watch-party:QW9D
   Role: Guest
   User ID: 96e01cdb-36c0-4228-a6e4-a29a3c66bc8e
📡 Connection state: connected
📡 Connection state: connecting
📡 Joined channel: realtime:watch-party:QW9D (interest count: 1)
📡 Connection state: connected
✅ Realtime channel setup complete
✅ Lobby: Connected to Realtime
🚦 Lobby State: connected
🔄 Lobby: Starting database polling for participants and room state...
💓 Lobby: Starting heartbeat loop...
🔄 LobbyDatabase: Starting room state polling for guests...
🔄 Lobby: Fetching fresh room state from Supabase...
✅ Lobby: Synced CLEAN stream info, metadata & playlist to AppState
⏰ AppState: Next schedule update set for Next Event Start: 2026-01-28 03:58:34 +0000
⏰ AppState: Scheduling update in 708 seconds
🛡️ Lobby: Auto-Join safety delay passed (8s). Enabled for late joiners.
🔄 Lobby: Fetching fresh room state from Supabase...
✅ Lobby: Synced CLEAN stream info, metadata & playlist to AppState
✅ Cache HIT: Metadata[meta_series_tt33517752]
[2026-01-28T03:46:55Z] [INFO] [StreamService.swift:199] 🎬 StreamService: Starting resolution for: The Beauty
🎬 StreamService: Resolving series - trusted pack filtering will be applied server-side
✅ MetadataService initialized
📡 Fetching metadata from TVMaze: https://api.tvmaze.com/lookup/shows?imdb=tt33517752
✅ Metadata fetched from TVMaze for tt33517752: The Beauty (2026)
🎯 Target title for matching: The Beauty
🛡️ StreamResolver: Loaded 8 blocked streams from blacklist
🔍 MediaFusion: Fetching https://mediafusion.elfhosted.com/stream/series/tt33517752:1:1.json
🔍 Comet: Fetching https://comet.elfhosted.com/eyJkZWJyaWRTZXJ2aWNlIjoicmVhbGRlYnJpZCIsInJlbW92ZVRyYXNoIjpmYWxzZSwiZGVi...
⚠️ MediaFusion: HTTP 418
✅ Comet: Got 1 streams
🔍 Comet: Parsing 1 streams...
⚠️ Comet: Skipping invalid redirect URL: https://comet.elfhosted.com/playback/5hSqVkDsRJgWmbTO8boN33p...
✅ Comet: Parsed 0 valid streams
⏰ AppState: Next schedule update set for Next Event Start: 2026-01-28 03:58:34 +0000
⏰ AppState: Scheduling update in 698 seconds
🔄 Lobby: Fetching fresh room state from Supabase...
✅ Lobby: Synced CLEAN stream info, metadata & playlist to AppState
📊 StreamResolver: Provider Stats: [debridsearch:25, torrentio:60]
   ✅ RESOLVER KEEPING correct-year series stream: The Beauty S01E01 2026 1080p DSNP WEB-DL DDP5 1 H 264-HHWEB
👤 63 💾 1.64 GB ⚙️ EZTV
   ✅ RESOLVER KEEPING correct-year series stream: Belleza.perfecta.S01E01.2026.WEB-DL.1080p-Dual-Lat
👤 9 💾 1.72 GB ⚙️ Cinecalidad
Dual Audio / 🇲🇽
   ✅ RESOLVER KEEPING correct-year series stream: The Beauty S01E01 2026 1080p DSNP WEB-DL DDP5 1 H 264-HHWEB
👤 2 💾 1.64 GB ⚙️ ThePirateBay
   ✅ RESOLVER KEEPING correct-year series stream: The Beauty S01E01-E03 720p FX - Primewire
The Beauty (2026) Season 1 Episode 1- Beautiful Pilot - PrimeWire.mp4
👤 51 💾 442.59 MB ⚙️ 1337x
   ✅ RESOLVER KEEPING correct-year series stream: The Beauty S01E01 FRENCH HDTV 2026
👤 1485 💾 271.11 MB ⚙️ Torrent9
🇫🇷
   ✅ RESOLVER KEEPING correct-year series stream: Красота / The Beauty / Сезон: 1 / Серии: 1-3 из 11 [2026 WEB-DLRip] MVO (HDrezka Studio) + Original
The.Beauty.S01.E01.Rus.Eng.RG.Anonymous.avi
👤 75 💾 641.32 MB ⚙️ Rutracker
🇬🇧 / 🇷🇺
   ✅ RESOLVER KEEPING correct-year series stream: The Beauty - Stagione 1 (2026) Ep.1 SD H264 Ita Aac 2.0 WEB-DLRip UBi
👤 7 💾 516.43 MB ⚙️ ilCorSaRoNeRo
🇮🇹
   ✅ RESOLVER KEEPING correct-year series stream: Красота / The Beauty / Сезон: 1 / Серии: 1-3 из 11 [2026 WEB-DL 1080p] 3x MVO + Original + Sub (Rus Eng)
The.Beauty.S01E01.1080p.DSNP.WEB-DL.H264.mkv
👤 189 💾 1.89 GB ⚙️ Rutracker
🇬🇧 / 🇷🇺
   ✅ RESOLVER KEEPING correct-year series stream: Красота / The Beauty / Сезон: 1 / Серии: 1-3 из 11 [2026 WEB-DL 1080p] 3x MVO + Original + Sub (Rus Eng)
The.Beauty.E01.WEB-DL.1080p.mkv
👤 1 💾 1.89 GB ⚙️ Rutracker
🇬🇧 / 🇷🇺
   ✅ RESOLVER KEEPING correct-year series stream: The Beauty S01E01 VOSTFR HDTV 2026
👤 145 💾 272.93 MB ⚙️ Torrent9
🇫🇷
   ✅ RESOLVER KEEPING correct-year series stream: The Beauty S01E01 2026 1080p DSNP WEB-DL DDP5 1 H 264-HHWEB[EZTVx.to].mkv
/The Beauty S01E01 2026 1080p DSNP WEB-DL DDP5 1 H 264-HHWEB[EZTVx.to].mkv
💾 1.64 GB
   🚫 RESOLVER BLOCKING AV1: The.Beauty.S01E01.1080p.AV1.10bit-MeGusta
👤 1 💾 286.81 MB ⚙️ ThePirateBay
   🚫 RESOLVER FILTERED AV1: 85 → 84 streams
   🚫 RESOLVER BLOCKING non-English audio: The Beauty [S01E01-E03] [MULTi] [2160p] [DSNP] [WEB-DL] [DV] [HDR] [H265] [DDP5.1-K83] [Lektor PL i Napisy PL]
The.Beauty.S01E01.MULTi.2160p.DSNP.WEB-DL.DV.HDR.H265.DDP5.1-K83.mkv
👤 14 💾 4.63 GB ⚙️ BestTorrents
Multi Audio / 🇬🇧 / 🇵🇱 (Audio)
   🚫 RESOLVER BLOCKING non-English audio: The Beauty [S01E01-E03] [MULTi] [1080p] [DSNP] [WEB-DL] [H264] [DDP5.1-K83] [Lektor PL i Napisy PL]
The.Beauty.S01E01.MULTi.1080p.DSNP.WEB-DL.H264.DDP5.1-K83.mkv
👤 28 💾 1.72 GB ⚙️ BestTorrents
Multi Audio / 🇬🇧 / 🇵🇱 (Audio)
   🚫 RESOLVER BLOCKING non-English audio: The Beauty [S01E01-E03] [MULTi] [720p] [DSNP] [WEB-DL] [H264] [DDP5.1-K83] [Lektor PL i Napisy PL]
The.Beauty.S01E01.MULTi.720p.DSNP.WEB-DL.H264.DDP5.1-K83.mkv
👤 7 💾 931.86 MB ⚙️ BestTorrents
Multi Audio / 🇬🇧 / 🇵🇱 (Audio)
   🚫 RESOLVER BLOCKING non-English audio: The Beauty S01E01 FRENCH HDTV 2026
👤 1485 💾 271.11 MB ⚙️ Torrent9
🇫🇷 (Audio)
   🚫 RESOLVER BLOCKING non-English audio: The Beauty [S01E01-E03] [MULTi] [2160p] [DSNP] [WEB-DL] [DV] [HDR] [H265] [DDP5.1-K83] [Lektor PL i Napisy PL]
The.Beauty.S01E01.MULTi.2160p.DSNP.WEB-DL.DV.HDR.H265.DDP5.1-K83.mkv
👤 3 💾 4.63 GB ⚙️ BestTorrents
Multi Audio / 🇬🇧 / 🇵🇱 (Audio)
   🚫 RESOLVER BLOCKING non-English audio: The Beauty [S01E01-E03] [MULTi] [1080p] [DSNP] [WEB-DL] [H264] [DDP5.1-K83] [Lektor PL i Napisy PL]
The.Beauty.S01E01.MULTi.1080p.DSNP.WEB-DL.H264.DDP5.1-K83.mkv
👤 3 💾 1.72 GB ⚙️ BestTorrents
Multi Audio / 🇬🇧 / 🇵🇱 (Audio)
   🚫 RESOLVER BLOCKING non-English audio: The Beauty [S01E01-E03] [MULTi] [720p] [DSNP] [WEB-DL] [H264] [DDP5.1-K83] [Lektor PL i Napisy PL]
The.Beauty.S01E01.MULTi.720p.DSNP.WEB-DL.H264.DDP5.1-K83.mkv
👤 2 💾 931.86 MB ⚙️ BestTorrents
Multi Audio / 🇬🇧 / 🇵🇱 (Audio)
   🚫 RESOLVER BLOCKING non-English audio: The Beauty S01E01 VOSTFR HDTV 2026
👤 145 💾 272.93 MB ⚙️ Torrent9
🇫🇷 (Audio)
   🎵 RESOLVER FILTERED audio language: 84 → 76 streams
   📺 Episode filter: 76 → 70 streams
🔍 Searching SubDL: tt33517752 (tv) S01E01
   ℹ️ Fallback Name: The Beauty (2025)
✅ Found 3 subtitles from SubDL (Primary)
   ⛔️ Dropped '[𝐂𝐨𝐟𝐟𝐞𝐞𝐏𝐫𝐢𝐬𝐨𝐧] 𝐓𝐇𝐄 𝐁𝐄𝐀𝐔𝐓𝐘 𝐒𝟎𝟏𝐄𝟎𝟐 𝐃𝐒𝐍𝐏 𝐖𝐄𝐁': Metadata mismatch (S1E2)
   ⛔️ Dropped '[𝐂𝐨𝐟𝐟𝐞𝐞𝐏𝐫𝐢𝐬𝐨𝐧] 𝐓𝐇𝐄 𝐁𝐄𝐀𝐔𝐓𝐘 𝐒𝟎𝟏𝐄𝟎𝟑 𝐃𝐒𝐍𝐏 𝐖𝐄𝐁': Metadata mismatch (S1E3)
⚠️ Low subtitle count (1). Attempting supplemental Name Search for 'The Beauty'...
🔍 Attempting API Name Search: The Beauty 2025
⚠️ Supplemental Name Search returned no match.
✅ StreamResolver: Processed subtitles for 70 streams (Attached to 70)
👑 Auto-promoting season pack: Красота / The Beauty / Сезон: 1 / Серии: 1-3 из 11 [2026 WEB-DLRip] MVO (HDrezka Studio) + Original
The.Beauty.S01.E01.Rus.Eng.RG.Anonymous.avi
👤 75 💾 641.32 MB ⚙️ Rutracker
🇬🇧 / 🇷🇺
   --- Processing Bucket: 2160p (Input: 4) ---
   ✅ Bucket 2160p Final Count: 4
   --- Processing Bucket: 1080p (Input: 44) ---
   ✅ Bucket 1080p Final Count: 44
   --- Processing Bucket: 720p (Input: 15) ---
   ✅ Bucket 720p Final Count: 15
   --- Processing Bucket: 480p (Input: 7) ---
   ✅ Bucket 480p Final Count: 7
📦 2160p Primary: The Beauty S01E01 Beautiful Pilot 2160p DSNP WEB-DL DDP5 1 DV H 265-FLUX
👤 5 💾 5.1 GB ⚙️ ThePirateBay
📦 1080p Primary: The Beauty S01E01 Beautiful Pilot 1080p DSNP WEB-DL DDP5 1 H 264-FLUX[EZTVx.to].mkv
/The Beauty S01E01 Beautiful Pilot 1080p DSNP WEB-DL DDP5 1 H 264-FLUX[EZTVx.to].mkv
💾 1.64 GB
📦 720p Primary: The Beauty S01E01 Beautiful Pilot 720p DSNP WEB-DL DDP5 1 H 264-FLUX
👤 110 💾 850.42 MB ⚙️ EZTV
✅ StreamResolver: Quality buckets ready
   ➕ Added 11 720p streams as backup
   ➕ Added 7 480p streams as backup
[2026-01-28T03:47:04Z] [INFO] [StreamService.swift:406] 📦 StreamService: Found 29 total streams to try (across all qualities)
✅ StreamService: Found 27 H.264 streams (Tier 1)
✅ StreamService: Found 24 'Clean' English streams. Deprioritizing 3 localized/dual streams.
📦 StreamService: 24 streams remain after size filter
🔄 StreamService: Trying stream 1/24: The Beauty S01E01 Beautiful Pilot 1080p DSNP WEB-DL DDP5 1 H 264-FLUX[EZTVx.to].mkv
/The Beauty S01E01 Beautiful Pilot 1080p DSNP WEB-DL DDP5 1 H 264-FLUX[EZTVx.to].mkv
💾 1.64 GB
🔍 StreamService: Resolving redirect URL: https://68d69db7dc40-debrid-search.baby-beamup.club/resolve/RealDebrid/K67JV2V4FTUA7RYN6T34BFIUBRUZERBO45A6UL3O7TE5ZHFDQQSA/TJUXAJR3MBR3E/https%3A%2F%2Freal-debrid.com%2Fd%2F2SF35E7WSIIQ2B09
✅ StreamService: Resolved to: https://chi7-4.download.real-debrid.com/d/IYRQIVTBT5FLU43/The%20Beauty%20S01E01%20Beautiful%20Pilot%201080p%20DSNP%20WEB-DL%20DDP5%201%20H%20264-FLUX%5BEZTVx.to%5D.mkv
⚡️ StreamService: Stream is already a direct URL. Skipping backend unlock.
✅ StreamService: Selected stream: The Beauty S01E01 Beautiful Pilot 1080p DSNP WEB-DL DDP5 1 H 264-FLUX[EZTVx.to].mkv
/The Beauty S01E01 Beautiful Pilot 1080p DSNP WEB-DL DDP5 1 H 264-FLUX[EZTVx.to].mkv
💾 1.64 GB
📊 Stream Size: 1.64 GB
📦 StreamService: Appending 5 fallback streams (alternate codecs)
📦 StreamService: Returning 28 candidate streams for fallback
⏰ AppState: Next schedule update set for Next Event Start: 2026-01-28 03:58:34 +0000
⏰ AppState: Scheduling update in 688 seconds
🔄 Lobby: Fetching fresh room state from Supabase...
✅ Lobby: Synced CLEAN stream info, metadata & playlist to AppState
✅ Cache HIT: Metadata[meta_series_tt33517752]
[2026-01-28T03:47:12Z] [INFO] [StreamService.swift:199] 🎬 StreamService: Starting resolution for: The Beauty
🎬 StreamService: Resolving series - trusted pack filtering will be applied server-side
✅ Metadata cache hit for tt33517752: The Beauty
🎯 Target title for matching: The Beauty
🛡️ StreamResolver: Loaded 8 blocked streams from blacklist
🔍 Comet: Fetching https://comet.elfhosted.com/eyJkZWJyaWRTZXJ2aWNlIjoicmVhbGRlYnJpZCIsInJlbW92ZVRyYXNoIjpmYWxzZSwiZGVi...
🔍 MediaFusion: Fetching https://mediafusion.elfhosted.com/stream/series/tt33517752:1:1.json
✅ Comet: Got 1 streams
🔍 Comet: Parsing 1 streams...
⚠️ Comet: Skipping invalid redirect URL: https://comet.elfhosted.com/playback/kaTbPGDHuUVKXGJUQFdlnx0...
✅ Comet: Parsed 0 valid streams
⚠️ MediaFusion: HTTP 418
🔄 Lobby: Fetching fresh room state from Supabase...
✅ Lobby: Synced CLEAN stream info, metadata & playlist to AppState
⏰ AppState: Next schedule update set for Next Event Start: 2026-01-28 03:58:34 +0000
⏰ AppState: Scheduling update in 678 seconds
📊 StreamResolver: Provider Stats: [debridsearch:25, torrentio:60]
   ✅ RESOLVER KEEPING correct-year series stream: The Beauty S01E01 2026 1080p DSNP WEB-DL DDP5 1 H 264-HHWEB
👤 63 💾 1.64 GB ⚙️ EZTV
   ✅ RESOLVER KEEPING correct-year series stream: Belleza.perfecta.S01E01.2026.WEB-DL.1080p-Dual-Lat
👤 9 💾 1.72 GB ⚙️ Cinecalidad
Dual Audio / 🇲🇽
   ✅ RESOLVER KEEPING correct-year series stream: The Beauty S01E01 2026 1080p DSNP WEB-DL DDP5 1 H 264-HHWEB
👤 2 💾 1.64 GB ⚙️ ThePirateBay
   ✅ RESOLVER KEEPING correct-year series stream: The Beauty S01E01-E03 720p FX - Primewire
The Beauty (2026) Season 1 Episode 1- Beautiful Pilot - PrimeWire.mp4
👤 51 💾 442.59 MB ⚙️ 1337x
   ✅ RESOLVER KEEPING correct-year series stream: The Beauty S01E01 FRENCH HDTV 2026
👤 1485 💾 271.11 MB ⚙️ Torrent9
🇫🇷
   ✅ RESOLVER KEEPING correct-year series stream: Красота / The Beauty / Сезон: 1 / Серии: 1-3 из 11 [2026 WEB-DLRip] MVO (HDrezka Studio) + Original
The.Beauty.S01.E01.Rus.Eng.RG.Anonymous.avi
👤 75 💾 641.32 MB ⚙️ Rutracker
🇬🇧 / 🇷🇺
   ✅ RESOLVER KEEPING correct-year series stream: The Beauty - Stagione 1 (2026) Ep.1 SD H264 Ita Aac 2.0 WEB-DLRip UBi
👤 7 💾 516.43 MB ⚙️ ilCorSaRoNeRo
🇮🇹
   ✅ RESOLVER KEEPING correct-year series stream: Красота / The Beauty / Сезон: 1 / Серии: 1-3 из 11 [2026 WEB-DL 1080p] 3x MVO + Original + Sub (Rus Eng)
The.Beauty.S01E01.1080p.DSNP.WEB-DL.H264.mkv
👤 189 💾 1.89 GB ⚙️ Rutracker
🇬🇧 / 🇷🇺
   ✅ RESOLVER KEEPING correct-year series stream: Красота / The Beauty / Сезон: 1 / Серии: 1-3 из 11 [2026 WEB-DL 1080p] 3x MVO + Original + Sub (Rus Eng)
The.Beauty.E01.WEB-DL.1080p.mkv
👤 1 💾 1.89 GB ⚙️ Rutracker
🇬🇧 / 🇷🇺
   ✅ RESOLVER KEEPING correct-year series stream: The Beauty S01E01 VOSTFR HDTV 2026
👤 145 💾 272.93 MB ⚙️ Torrent9
🇫🇷
   ✅ RESOLVER KEEPING correct-year series stream: The Beauty S01E01 2026 1080p DSNP WEB-DL DDP5 1 H 264-HHWEB[EZTVx.to].mkv
/The Beauty S01E01 2026 1080p DSNP WEB-DL DDP5 1 H 264-HHWEB[EZTVx.to].mkv
💾 1.64 GB
   🚫 RESOLVER BLOCKING AV1: The.Beauty.S01E01.1080p.AV1.10bit-MeGusta
👤 1 💾 286.81 MB ⚙️ ThePirateBay
   🚫 RESOLVER FILTERED AV1: 85 → 84 streams
   🚫 RESOLVER BLOCKING non-English audio: The Beauty [S01E01-E03] [MULTi] [2160p] [DSNP] [WEB-DL] [DV] [HDR] [H265] [DDP5.1-K83] [Lektor PL i Napisy PL]
The.Beauty.S01E01.MULTi.2160p.DSNP.WEB-DL.DV.HDR.H265.DDP5.1-K83.mkv
👤 14 💾 4.63 GB ⚙️ BestTorrents
Multi Audio / 🇬🇧 / 🇵🇱 (Audio)
   🚫 RESOLVER BLOCKING non-English audio: The Beauty [S01E01-E03] [MULTi] [1080p] [DSNP] [WEB-DL] [H264] [DDP5.1-K83] [Lektor PL i Napisy PL]
The.Beauty.S01E01.MULTi.1080p.DSNP.WEB-DL.H264.DDP5.1-K83.mkv
👤 28 💾 1.72 GB ⚙️ BestTorrents
Multi Audio / 🇬🇧 / 🇵🇱 (Audio)
   🚫 RESOLVER BLOCKING non-English audio: The Beauty [S01E01-E03] [MULTi] [720p] [DSNP] [WEB-DL] [H264] [DDP5.1-K83] [Lektor PL i Napisy PL]
The.Beauty.S01E01.MULTi.720p.DSNP.WEB-DL.H264.DDP5.1-K83.mkv
👤 7 💾 931.86 MB ⚙️ BestTorrents
Multi Audio / 🇬🇧 / 🇵🇱 (Audio)
   🚫 RESOLVER BLOCKING non-English audio: The Beauty S01E01 FRENCH HDTV 2026
👤 1485 💾 271.11 MB ⚙️ Torrent9
🇫🇷 (Audio)
   🚫 RESOLVER BLOCKING non-English audio: The Beauty [S01E01-E03] [MULTi] [2160p] [DSNP] [WEB-DL] [DV] [HDR] [H265] [DDP5.1-K83] [Lektor PL i Napisy PL]
The.Beauty.S01E01.MULTi.2160p.DSNP.WEB-DL.DV.HDR.H265.DDP5.1-K83.mkv
👤 3 💾 4.63 GB ⚙️ BestTorrents
Multi Audio / 🇬🇧 / 🇵🇱 (Audio)
   🚫 RESOLVER BLOCKING non-English audio: The Beauty [S01E01-E03] [MULTi] [1080p] [DSNP] [WEB-DL] [H264] [DDP5.1-K83] [Lektor PL i Napisy PL]
The.Beauty.S01E01.MULTi.1080p.DSNP.WEB-DL.H264.DDP5.1-K83.mkv
👤 3 💾 1.72 GB ⚙️ BestTorrents
Multi Audio / 🇬🇧 / 🇵🇱 (Audio)
   🚫 RESOLVER BLOCKING non-English audio: The Beauty [S01E01-E03] [MULTi] [720p] [DSNP] [WEB-DL] [H264] [DDP5.1-K83] [Lektor PL i Napisy PL]
The.Beauty.S01E01.MULTi.720p.DSNP.WEB-DL.H264.DDP5.1-K83.mkv
👤 2 💾 931.86 MB ⚙️ BestTorrents
Multi Audio / 🇬🇧 / 🇵🇱 (Audio)
   🚫 RESOLVER BLOCKING non-English audio: The Beauty S01E01 VOSTFR HDTV 2026
👤 145 💾 272.93 MB ⚙️ Torrent2026-01-27 22:47:18.508 RedLemon[37742:550260] 📨 Realtime: Received broadcast message
2026-01-27 22:47:18.508 RedLemon[37742:550260]    Payload keys: senderId, isPlaying, position, timestamp, type
2026-01-27 22:47:18.508 RedLemon[37742:550260] ✅ Realtime: Decoded message type: ready, sender: 4aef4e1b-ba8e-4d31-8736-bca3b94f402b
2026-01-27 22:47:18.509 RedLemon[37742:550230] ⚠️ Received Realtime message with no chat text (Type: ready)
2026-01-27 22:47:19.003 RedLemon[37742:550307] 📝 [RESOLVER] Resolution Complete ["1080p": "1", "2160p": "1", "720p": "1", "selected_provider": "debridsearch", "selected_title": "The Beauty S01E01 Beautiful Pilot 1080p DSNP WEB-DL DDP5 1 H 264-FLUX[EZTVx.to].mkv
/The Beauty S01E01 Beautiful Pilot 1080p DSNP WEB-DL DDP5 1 H 264-FLUX[EZTVx.to].mkv
💾 1.64 GB"]
2026-01-27 22:47:19.003 RedLemon[37742:550307] 📝 [RESOLVER] Host Stream Title Match ["title": "The Beauty S01E01 Beautiful Pilot 1080p DSNP WEB-D"]
2026-01-27 22:47:19.004 RedLemon[37742:550463] 📝 [APP] 📦 StreamService: Found 1 total streams to try (across all qualities) ["file": "StreamService.swift", "level": "INFO", "line": "406"]
2026-01-27 22:47:19.638 RedLemon[37742:550561] 🔐 SupabaseClient: Signing Identity Payload: '176957203996e01cdb-36c0-4228-a6e4-a29a3c66bc8e/rpc/room_heartbeat'
2026-01-27 22:47:19.638 RedLemon[37742:550561] 🔐 Signed request to /rpc/room_heartbeat
2026-01-27 22:47:19.840 RedLemon[37742:550463] 📥 StreamService: Pre-downloading 1 (capped from 1) subtitles for direct stream...
2026-01-27 22:47:19.840 RedLemon[37742:550463] 🐛 StreamService: downloadSubtitlesInParallel called. Season: Optional(1), Episode: Optional(1), Count: 1
2026-01-27 22:47:19.841 RedLemon[37742:550561] 🔍 DEBUG: Processing subtitle URL: /subtitle/3544880-8466988.zip
2026-01-27 22:47:19.841 RedLemon[37742:550561] ✅ DEBUG: Raw SubDL URL detected, converting to proxy URL
2026-01-27 22:47:19.852 RedLemon[37742:550230] 🛡️ MPVWrapper: Build Version: 2026-01-28-PRESENCE-FIX-v3
2026-01-27 22:47:19.895 RedLemon[37742:550307] 📨 Realtime: Received broadcast message
2026-01-27 22:47:19.895 RedLemon[37742:550307]    Payload keys: isPlaying, position, senderId, timestamp, type
2026-01-27 22:47:19.895 RedLemon[37742:550307] ✅ Realtime: Decoded message type: playbackState, sender: 4AEF4E1B-BA8E-4D31-8736-BCA3B94F402B
2026-01-27 22:47:19.919 RedLemon[37742:550230] ✅ Stream ready, starting playback...
2026-01-27 22:47:19.960 RedLemon[37742:550230] 📨 Lobby: Received Room UPDATE from Realtime
2026-01-27 22:47:19.960 RedLemon[37742:550230] ⚠️ Received Realtime message with no chat text (Type: playbackState)
2026-01-27 22:47:19.961 RedLemon[37742:550230] 🎬 MPVPlayerViewModel: Starting watch party: roomId=QW9D, isHost=false
9
🇫🇷 (Audio)
   🎵 RESOLVER FILTERED audio language: 84 → 76 streams
   📺 Episode filter: 76 → 70 streams
🔍 Searching SubDL: tt33517752 (tv) S01E01
   ℹ️ Fallback Name: The Beauty (2025)
✅ Found 3 subtitles from SubDL (Primary)
   ⛔️ Dropped '[𝐂𝐨𝐟𝐟𝐞𝐞𝐏𝐫𝐢𝐬𝐨𝐧] 𝐓𝐇𝐄 𝐁𝐄𝐀𝐔𝐓𝐘 𝐒𝟎𝟏𝐄𝟎𝟐 𝐃𝐒𝐍𝐏 𝐖𝐄𝐁': Metadata mismatch (S1E2)
   ⛔️ Dropped '[𝐂𝐨𝐟𝐟𝐞𝐞𝐏𝐫𝐢𝐬𝐨𝐧] 𝐓𝐇𝐄 𝐁𝐄𝐀𝐔𝐓𝐘 𝐒𝟎𝟏𝐄𝟎𝟑 𝐃𝐒𝐍𝐏 𝐖𝐄𝐁': Metadata mismatch (S1E3)
⚠️ Low subtitle count (1). Attempting supplemental Name Search for 'The Beauty'...
🔍 Attempting API Name Search: The Beauty 2025
⚠️ Supplemental Name Search returned no match.
✅ StreamResolver: Processed subtitles for 70 streams (Attached to 70)
👑 Auto-promoting season pack: Красота / The Beauty / Сезон: 1 / Серии: 1-3 из 11 [2026 WEB-DLRip] MVO (HDrezka Studio) + Original
The.Beauty.S01.E01.Rus.Eng.RG.Anonymous.avi
👤 75 💾 641.32 MB ⚙️ Rutracker
🇬🇧 / 🇷🇺
   --- Processing Bucket: 2160p (Input: 4) ---
   ✅ Bucket 2160p Final Count: 4
   --- Processing Bucket: 1080p (Input: 44) ---
   ✅ Bucket 1080p Final Count: 44
   --- Processing Bucket: 720p (Input: 15) ---
   ✅ Bucket 720p Final Count: 15
   --- Processing Bucket: 480p (Input: 7) ---
   ✅ Bucket 480p Final Count: 7
📦 2160p Primary: The Beauty S01E01 Beautiful Pilot 2160p DSNP WEB-DL DDP5 1 DV H 265-FLUX
👤 5 💾 5.1 GB ⚙️ ThePirateBay
📦 1080p Primary: The Beauty S01E01 Beautiful Pilot 1080p DSNP WEB-DL DDP5 1 H 264-FLUX[EZTVx.to].mkv
/The Beauty S01E01 Beautiful Pilot 1080p DSNP WEB-DL DDP5 1 H 264-FLUX[EZTVx.to].mkv
💾 1.64 GB
📦 720p Primary: The Beauty S01E01 Beautiful Pilot 720p DSNP WEB-DL DDP5 1 H 264-FLUX
👤 110 💾 850.42 MB ⚙️ EZTV
✅ StreamResolver: Quality buckets ready
🔗 StreamService: No hash available, attempting title-based match: The Beauty S01E01 Beautiful Pilot 1080p DSNP WEB-D...
✅ StreamService: Found stream by title match! Locking to: The Beauty S01E01 Beautiful Pilot 1080p DSNP WEB-D
[2026-01-28T03:47:19Z] [INFO] [StreamService.swift:406] 📦 StreamService: Found 1 total streams to try (across all qualities)
✅ StreamService: Found 1 H.264 streams (Tier 1)
✅ StreamService: Found 1 'Clean' English streams. Deprioritizing 0 localized/dual streams.
🔒 StreamService: Bypassing filters for enforced stream
🔄 StreamService: Trying stream 1/1: The Beauty S01E01 Beautiful Pilot 1080p DSNP WEB-DL DDP5 1 H 264-FLUX[EZTVx.to].mkv
/The Beauty S01E01 Beautiful Pilot 1080p DSNP WEB-DL DDP5 1 H 264-FLUX[EZTVx.to].mkv
💾 1.64 GB
🔍 StreamService: Resolving redirect URL: https://68d69db7dc40-debrid-search.baby-beamup.club/resolve/RealDebrid/K67JV2V4FTUA7RYN6T34BFIUBRUZERBO45A6UL3O7TE5ZHFDQQSA/TJUXAJR3MBR3E/https%3A%2F%2Freal-debrid.com%2Fd%2F2SF35E7WSIIQ2B09
✅ StreamService: Resolved to: https://chi7-4.download.real-debrid.com/d/IYRQIVTBT5FLU43/The%20Beauty%20S01E01%20Beautiful%20Pilot%201080p%20DSNP%20WEB-DL%20DDP5%201%20H%20264-FLUX%5BEZTVx.to%5D.mkv
⚡️ StreamService: Stream is already a direct URL. Skipping backend unlock.
✅ StreamService: Selected stream: The Beauty S01E01 Beautiful Pilot 1080p DSNP WEB-DL DDP5 1 H 264-FLUX[EZTVx.to].mkv
/The Beauty S01E01 Beautiful Pilot 1080p DSNP WEB-DL DDP5 1 H 264-FLUX[EZTVx.to].mkv
💾 1.64 GB
📊 Stream Size: 1.64 GB
📦 StreamService: Returning 0 candidate streams for fallback
!!! MPVWrapper initialized - Build Version: 2026-01-28-PRESENCE-FIX-v3 !!!
🔄 Lobby: Fetching fresh room state from Supabase...
[ INFO ] GET /subtitles/subdl/L3N1YnRpdGxlLzM1NDQ4ODAtODQ2Njk4OC56aXA= [request-id: 281E8098-CA6F-4C9E-9021-0124B85EA44D]
2026-01-27 22:47:19.967 RedLemon[37742:550230] 🛡️ Transition Sync: Processing 2 participants from AppState
2026-01-27 22:47:19.967 RedLemon[37742:550230] 🛡️ Transition Sync: Marked 2 users as transitioning (120s window)
2026-01-27 22:47:19.967 RedLemon[37742:550230] 🛡️ Transition Sync: Inherited 1 refs and marked announced for user 96e01cdb-36c0-4228-a6e4-a29a3c66bc8e
2026-01-27 22:47:19.967 RedLemon[37742:550230] 🛡️ Transition Sync: Inherited 1 refs and marked announced for user 4aef4e1b-ba8e-4d31-8736-bca3b94f402b
2026-01-27 22:47:19.968 RedLemon[37742:550307] 📝 Realtime: Registered observer 'player' (Presence: YES, Sync: NO, Status: NO)
2026-01-27 22:47:19.969 RedLemon[37742:550561] 📝 Realtime: Unregistered observer 'lobby'
2026-01-27 22:47:19.969 RedLemon[37742:550260] 📝 Realtime: Unregistered observer 'lobby'
2026-01-27 22:47:19.971 RedLemon[37742:550260] 📝 [PLAYER] Resumed
2026-01-27 22:47:19.973 RedLemon[37742:550561] 📝 Realtime: Registered observer 'player' (Presence: NO, Sync: YES, Status: NO)
2026-01-27 22:47:20.015 RedLemon[37742:550560] 📝 [PLAYER] Load Video (Smart) ["url": "https://chi7-4.download.real-debrid.com/d/IYRQIVTBT5FLU43/The%20Beauty%20S01E01%20Beautiful%20Pilot%201080p%20DSNP%20WEB-DL%20DDP5%201%20H%20264-FLUX%5BEZTVx.to%5D.mkv"]
2026-01-27 22:47:20.209 RedLemon[37742:550237] 📝 [PLAYER] Playback State Changed ["state": "Paused"]
2026-01-27 22:47:20.209 RedLemon[37742:550237] 📝 [PLAYER] Buffering Started
2026-01-27 22:47:20.474 RedLemon[37742:550561] 📨 Realtime: Received broadcast message
2026-01-27 22:47:20.474 RedLemon[37742:550561]    Payload keys: isPlaying, position, senderId, timestamp, type
2026-01-27 22:47:20.474 RedLemon[37742:550561] ✅ Realtime: Decoded message type: ready, sender: 4aef4e1b-ba8e-4d31-8736-bca3b94f402b
2026-01-27 22:47:21.001 RedLemon[37742:550237] 🔐 SupabaseClient: Signing Identity Payload: '176957204196e01cdb-36c0-4228-a6e4-a29a3c66bc8e/rpc/room_heartbeat'
2026-01-27 22:47:21.001 RedLemon[37742:550237] 🔐 Signed request to /rpc/room_heartbeat
2026-01-27 22:47:21.329 RedLemon[37742:550230] 📨 Lobby: Received Room UPDATE from Realtime
2026-01-27 22:47:21.898 RedLemon[37742:550560] 📨 Realtime: Received broadcast message
2026-01-27 22:47:21.898 RedLemon[37742:550560]    Payload keys: isPlaying, type, timestamp, senderId, position
2026-01-27 22:47:21.898 RedLemon[37742:550560] ✅ Realtime: Decoded message type: playbackState, sender: 4AEF4E1B-BA8E-4D31-8736-BCA3B94F402B
2026-01-27 22:47:21.989 RedLemon[37742:550230] 📨 Lobby: Received Room UPDATE from Realtime
2026-01-27 22:47:22.469 RedLemon[37742:550560] 📝 [PLAYER] File Loaded ["duration": "2687.435"]
2026-01-27 22:47:22.484 RedLemon[37742:550560] 📨 Realtime: Received broadcast message
2026-01-27 22:47:22.484 RedLemon[37742:550560]    Payload keys: position, type, senderId, timestamp, isPlaying
2026-01-27 22:47:22.485 RedLemon[37742:550560] ✅ Realtime: Decoded message type: ready, sender: 4aef4e1b-ba8e-4d31-8736-bca3b94f402b
2026-01-27 22:47:22.877 RedLemon[37742:550230] [VIDEO_READY] isEvent: false, eventStartTime: nil
2026-01-27 22:47:22.918 RedLemon[37742:550561] 📝 [PLAYER] Playback State Changed ["state": "Playing"]
2026-01-27 22:47:23.004 RedLemon[37742:550561] 📝 [PLAYER] Buffering State ["buffering": "true"]
2026-01-27 22:47:23.013 RedLemon[37742:550561] 📝 [PLAYER] Buffering Started
2026-01-27 22:47:23.909 RedLemon[37742:550237] 📨 Realtime: Received broadcast message
2026-01-27 22:47:23.909 RedLemon[37742:550237]    Payload keys: senderId, type, timestamp, position, isPlaying
2026-01-27 22:47:23.909 RedLemon[37742:550237] ✅ Realtime: Decoded message type: playbackState, sender: 4AEF4E1B-BA8E-4D31-8736-BCA3B94F402B
2026-01-27 22:47:24.203 RedLemon[37742:550237] 📝 [PLAYER] Buffering State ["buffering": "false"]
2026-01-27 22:47:24.497 RedLemon[37742:550561] 📨 Realtime: Received broadcast message
2026-01-27 22:47:24.497 RedLemon[37742:550561]    Payload keys: senderId, isPlaying, position, timestamp, type
2026-01-27 22:47:24.497 RedLemon[37742:550561] ✅ Realtime: Decoded message type: ready, sender: 4aef4e1b-ba8e-4d31-8736-bca3b94f402b
2026-01-27 22:47:25.071 RedLemon[37742:550468] 📤 Realtime: Sending message type: ready, sender: 96e01cdb-36c0-4228-a6e4-a29a3c66bc8e
2026-01-27 22:47:25.072 RedLemon[37742:550468]    Payload keys: type, timestamp, senderId, isPlaying, position
2026-01-27 22:47:25.073 RedLemon[37742:550561] ✅ Realtime: Message broadcast complete
2026-01-27 22:47:25.089 RedLemon[37742:550561] 📝 [PLAYER] Playback State Changed ["state": "Paused"]
2026-01-27 22:47:25.190 RedLemon[37742:550561] 📨 Realtime: Received broadcast message
2026-01-27 22:47:25.190 RedLemon[37742:550561]    Payload keys: isPlaying, type, senderId, timestamp, position
2026-01-27 22:47:25.191 RedLemon[37742:550561] ✅ Realtime: Decoded message type: ready, sender: 96e01cdb-36c0-4228-a6e4-a29a3c66bc8e
2026-01-27 22:47:25.898 RedLemon[37742:550560] 📨 Realtime: Received broadcast message
2026-01-27 22:47:25.899 RedLemon[37742:550560]    Payload keys: timestamp, isPlaying, position, type, senderId
2026-01-27 22:47:25.899 RedLemon[37742:550560] ✅ Realtime: Decoded message type: playbackState, sender: 4AEF4E1B-BA8E-4D31-8736-BCA3B94F402B
2026-01-27 22:47:26.479 RedLemon[37742:550260] 📨 Realtime: Received broadcast message
2026-01-27 22:47:26.479 RedLemon[37742:550260]    Payload keys: isPlaying, senderId, timestamp, type, position
2026-01-27 22:47:26.480 RedLemon[37742:550260] ✅ Realtime: Decoded message type: ready, sender: 4aef4e1b-ba8e-4d31-8736-bca3b94f402b
2026-01-27 22:47:26.506 RedLemon[37742:550468] 📨 Realtime: Received broadcast message
2026-01-27 22:47:26.506 RedLemon[37742:550468]    Payload keys: isPlaying, timestamp, position, senderId, type
2026-01-27 22:47:26.507 RedLemon[37742:550468] ✅ Realtime: Decoded message type: play, sender: 4aef4e1b-ba8e-4d31-8736-bca3b94f402b
2026-01-27 22:47:26.524 RedLemon[37742:550307] 📝 [PLAYER] Playback State Changed ["state": "Playing"]
2026-01-27 22:47:27.761 RedLemon[37742:550307] 📨 Realtime: Received broadcast message
2026-01-27 22:47:27.761 RedLemon[37742:550307]    Payload keys: timestamp, position, type, senderId, isPlaying
2026-01-27 22:47:27.762 RedLemon[37742:550307] ✅ Realtime: Decoded message type: play, sender: 4aef4e1b-ba8e-4d31-8736-bca3b94f402b
2026-01-27 22:47:27.976 RedLemon[37742:550307] 📨 Realtime: Received broadcast message
2026-01-27 22:47:27.976 RedLemon[37742:550307]    Payload keys: senderId, isPlaying, type, timestamp, position
2026-01-27 22:47:27.977 RedLemon[37742:550307] ✅ Realtime: Decoded message type: playbackState, sender: 4AEF4E1B-BA8E-4D31-8736-BCA3B94F402B
2026-01-27 22:47:30.079 RedLemon[37742:550237] 📨 Realtime: Received broadcast message
2026-01-27 22:47:30.079 RedLemon[37742:550237]    Payload keys: timestamp, position, isPlaying, senderId, type
2026-01-27 22:47:30.080 RedLemon[37742:550237] ✅ Realtime: Decoded message type: playbackState, sender: 4AEF4E1B-BA8E-4D31-8736-BCA3B94F402B
2026-01-27 22:47:32.128 RedLemon[37742:550561] 📨 Realtime: Received broadcast message
2026-01-27 22:47:32.129 RedLemon[37742:550561]    Payload keys: position, type, timestamp, senderId, isPlaying
2026-01-27 22:47:32.129 RedLemon[37742:550561] ✅ Realtime: Decoded message type: playbackState, sender: 4AEF4E1B-BA8E-4D31-8736-BCA3B94F402B
2026-01-27 22:47:32.143 RedLemon[37742:550230] 📨 Lobby: Received Room UPDATE from Realtime
2026-01-27 22:47:33.432 RedLemon[37742:550561] 🔐 Signed request to /rpc/user_heartbeat
2026-01-27 22:47:33.979 RedLemon[37742:550468] 📨 Realtime: Received broadcast message
2026-01-27 22:47:33.979 RedLemon[37742:550468]    Payload keys: isPlaying, senderId, timestamp, position, type
2026-01-27 22:47:33.981 RedLemon[37742:550468] ✅ Realtime: Decoded message type: playbackState, sender: 4AEF4E1B-BA8E-4D31-8736-BCA3B94F402B
2026-01-27 22:47:35.942 RedLemon[37742:550307] 📨 Realtime: Received broadcast message
2026-01-27 22:47:35.942 RedLemon[37742:550307]    Payload keys: position, senderId, isPlaying, type, timestamp
2026-01-27 22:47:35.942 RedLemon[37742:550307] ✅ Realtime: Decoded message type: playbackState, sender: 4AEF4E1B-BA8E-4D31-8736-BCA3B94F402B
2026-01-27 22:47:37.964 RedLemon[37742:550468] 📨 Realtime: Received broadcast message
2026-01-27 22:47:37.964 RedLemon[37742:550468]    Payload keys: type, senderId, isPlaying, position, timestamp
2026-01-27 22:47:37.965 RedLemon[37742:550468] ✅ Realtime: Decoded message type: playbackState, sender: 4AEF4E1B-BA8E-4D31-8736-BCA3B94F402B
2026-01-27 22:47:39.991 RedLemon[37742:550307] 📨 Realtime: Received broadcast message
2026-01-27 22:47:39.991 RedLemon[37742:550307]    Payload keys: position, timestamp, senderId, type, isPlaying
2026-01-27 22:47:39.991 RedLemon[37742:550307] ✅ Realtime: Decoded message type: playbackState, sender: 4AEF4E1B-BA8E-4D31-8736-BCA3B94F402B
2026-01-27 22:47:41.948 RedLemon[37742:550773] 📨 Realtime: Received broadcast message
2026-01-27 22:47:41.949 RedLemon[37742:550773]    Payload keys: senderId, position, timestamp, type, isPlaying
2026-01-27 22:47:41.949 RedLemon[37742:550773] ✅ Realtime: Decoded message type: playbackState, sender: 4AEF4E1B-BA8E-4D31-8736-BCA3B94F402B
2026-01-27 22:47:42.065 RedLemon[37742:550230] 📨 Lobby: Received Room UPDATE from Realtime
2026-01-27 22:47:43.234 RedLemon[37742:550230] 📨 Lobby: Received Room UPDATE from Realtime
2026-01-27 22:47:43.947 RedLemon[37742:550468] 📨 Realtime: Received broadcast message
2026-01-27 22:47:43.947 RedLemon[37742:550468]    Payload keys: timestamp, isPlaying, type, senderId, position
2026-01-27 22:47:43.948 RedLemon[37742:550468] ✅ Realtime: Decoded message type: playbackState, sender: 4AEF4E1B-BA8E-4D31-8736-BCA3B94F402B
2026-01-27 22:47:46.054 RedLemon[37742:550756] 📨 Realtime: Received broadcast message
2026-01-27 22:47:46.054 RedLemon[37742:550756]    Payload keys: type, senderId, timestamp, position, isPlaying
2026-01-27 22:47:46.054 RedLemon[37742:550756] ✅ Realtime: Decoded message type: playbackState, sender: 4AEF4E1B-BA8E-4D31-8736-BCA3B94F402B
2026-01-27 22:47:47.953 RedLemon[37742:550463] 📨 Realtime: Received broadcast message
2026-01-27 22:47:47.953 RedLemon[37742:550463]    Payload keys: isPlaying, senderId, timestamp, type, position
2026-01-27 22:47:47.953 RedLemon[37742:550463] ✅ Realtime: Decoded message type: playbackState, sender: 4AEF4E1B-BA8E-4D31-8736-BCA3B94F402B
2026-01-27 22:47:49.944 RedLemon[37742:550561] 📨 Realtime: Received broadcast message
2026-01-27 22:47:49.945 RedLemon[37742:550561]    Payload keys: position, isPlaying, timestamp, senderId, type
2026-01-27 22:47:49.945 RedLemon[37742:550561] ✅ Realtime: Decoded message type: playbackState, sender: 4AEF4E1B-BA8E-4D31-8736-BCA3B94F402B
2026-01-27 22:47:50.449 RedLemon[37742:550230] 💬 PLAYER SYSTEM MESSAGE: lemontom left
2026-01-27 22:47:50.449 RedLemon[37742:550230] 💬 PLAYER SYSTEM MESSAGE: witheredrose left
2026-01-27 22:47:51.366 RedLemon[37742:550773] 🔐 SupabaseClient: Signing Identity Payload: '176957207196e01cdb-36c0-4228-a6e4-a29a3c66bc8e/rpc/room_heartbeat'
2026-01-27 22:47:51.367 RedLemon[37742:550773] 🔐 Signed request to /rpc/room_heartbeat
2026-01-27 22:47:51.574 RedLemon[37742:550230] 📨 Lobby: Received Room UPDATE from Realtime
2026-01-27 22:47:52.095 RedLemon[37742:550756] 📨 Realtime: Received broadcast message
2026-01-27 22:47:52.096 RedLemon[37742:550756]    Payload keys: timestamp, isPlaying, senderId, position, type
2026-01-27 22:47:52.096 RedLemon[37742:550756] ✅ Realtime: Decoded message type: playbackState, sender: 4AEF4E1B-BA8E-4D31-8736-BCA3B94F402B
2026-01-27 22:47:52.159 RedLemon[37742:550230] 📨 Lobby: Received Room UPDATE from Realtime
2026-01-27 22:47:53.009 RedLemon[37742:550307] 🔐 Signed request to /rpc/upsert_watch_history_item
2026-01-27 22:47:54.041 RedLemon[37742:550756] 📨 Realtime: Received broadcast message
2026-01-27 22:47:54.041 RedLemon[37742:550756]    Payload keys: senderId, position, type, timestamp, isPlaying
2026-01-27 22:47:54.042 RedLemon[37742:550756] ✅ Realtime: Decoded message type: playbackState, sender: 4AEF4E1B-BA8E-4D31-8736-BCA3B94F402B
2026-01-27 22:47:54.892 RedLemon[37742:550773] 🔐 SupabaseClient: Signing Identity Payload: '176957207496e01cdb-36c0-4228-a6e4-a29a3c66bc8e/rpc/room_heartbeat'
2026-01-27 22:47:54.893 RedLemon[37742:550773] 🔐 Signed request to /rpc/room_heartbeat
2026-01-27 22:47:55.123 RedLemon[37742:550230] 📨 Lobby: Received Room UPDATE from Realtime
2026-01-27 22:47:55.965 RedLemon[37742:550463] 📨 Realtime: Received broadcast message
2026-01-27 22:47:55.965 RedLemon[37742:550463]    Payload keys: senderId, isPlaying, position, timestamp, type
2026-01-27 22:47:55.966 RedLemon[37742:550463] ✅ Realtime: Decoded message type: playbackState, sender: 4AEF4E1B-BA8E-4D31-8736-BCA3B94F402B
2026-01-27 22:47:57.964 RedLemon[37742:550756] 📨 Realtime: Received broadcast message
2026-01-27 22:47:57.965 RedLemon[37742:550756]    Payload keys: type, position, senderId, timestamp, isPlaying
2026-01-27 22:47:57.966 RedLemon[37742:550756] ✅ Realtime: Decoded message type: playbackState, sender: 4AEF4E1B-BA8E-4D31-8736-BCA3B94F402B
2026-01-27 22:47:58.711 RedLemon[37742:550468] 🔐 Signed request to /rpc/user_heartbeat
2026-01-27 22:47:59.931 RedLemon[37742:550561] 📨 Realtime: Received broadcast message
2026-01-27 22:47:59.931 RedLemon[37742:550561]    Payload keys: position, type, senderId, timestamp, isPlaying
2026-01-27 22:47:59.931 RedLemon[37742:550561] ✅ Realtime: Decoded message type: playbackState, sender: 4AEF4E1B-BA8E-4D31-8736-BCA3B94F402B
2026-01-27 22:48:02.036 RedLemon[37742:550756] 📨 Realtime: Received broadcast message
2026-01-27 22:48:02.036 RedLemon[37742:550756]    Payload keys: position, timestamp, isPlaying, type, senderId
2026-01-27 22:48:02.036 RedLemon[37742:550756] ✅ Realtime: Decoded message type: playbackState, sender: 4AEF4E1B-BA8E-4D31-8736-BCA3B94F402B
2026-01-27 22:48:02.372 RedLemon[37742:550230] 📨 Lobby: Received Room UPDATE from Realtime
2026-01-27 22:48:04.063 RedLemon[37742:550561] 📨 Realtime: Received broadcast message
2026-01-27 22:48:04.063 RedLemon[37742:550561]    Payload keys: senderId, isPlaying, type, timestamp, position
2026-01-27 22:48:04.064 RedLemon[37742:550561] ✅ Realtime: Decoded message type: playbackState, sender: 4AEF4E1B-BA8E-4D31-8736-BCA3B94F402B
2026-01-27 22:48:05.929 RedLemon[37742:550307] 📨 Realtime: Received broadcast message
2026-01-27 22:48:05.930 RedLemon[37742:550307]    Payload keys: position, senderId, isPlaying, type, timestamp
2026-01-27 22:48:05.931 RedLemon[37742:550307] ✅ Realtime: Decoded message type: playbackState, sender: 4AEF4E1B-BA8E-4D31-8736-BCA3B94F402B
📄 Subtitle request: L3N1YnRpdGxlLzM1NDQ4... (offset: 0ms)
📥 Downloading subtitle from SubDL CDN: /subtitle/3544880-8466988.zip
ℹ️ RealtimeChannelManager: Already setup for room QW9D, filtering duplicate setup call.
📡 Connection state: connected
✅ Cache HIT: Metadata[meta_series_tt33517752]
📡 SocialService: Updated status - online: The Beauty - S01E01: Beautiful Pilot
⏰ AppState: Next schedule update set for Next Event Start: 2026-01-28 03:58:34 +0000
⏰ AppState: Scheduling update in 674 seconds
✅ Lobby: Synced CLEAN stream info, metadata & playlist to AppState
✅ Download complete: 30875 bytes
📦 Detected ZIP archive, extracting...
🔍 Looking for S%02dE%02d in zip (%d files)... 1 1 2
✅ Found matching file in zip (Strategy 2 - Pattern s01e01): [CoffeePrison] THE BEAUTY S01E01 DSNP WEB ENG.srt
📦 Extracting specific file: \[CoffeePrison\] THE BEAUTY S01E01 DSNP WEB ENG.srt
✅ Extraction successful
✅ Subtitle downloaded and converted to VTT
🔄 Lobby: Fetching fresh room state from Supabase...
✅ Lobby: Synced CLEAN stream info, metadata & playlist to AppState
🔄 Lobby: Fetching fresh room state from Supabase...
✅ Lobby: Synced CLEAN stream info, metadata & playlist to AppState
⏰ AppState: Next schedule update set for Next Event Start: 2026-01-28 03:58:34 +0000
⏰ AppState: Scheduling update in 668 seconds
🔄 Lobby: Fetching fresh room state from Supabase...
✅ Lobby: Synced CLEAN stream info, metadata & playlist to AppState
📡 [EventsConfig] Checking server for movie_events config version...
✅ [EventsConfig] Fetched movie_events version 1586 with 397 movies
✅ [EventsConfig] Using cached movie_events config (version 1586, 397 movies)
⏰ AppState: Next schedule update set for Next Event Start: 2026-01-28 03:58:34 +0000
⏰ AppState: Scheduling update in 657 seconds
🔄 Lobby: Fetching fresh room state from Supabase...
✅ Lobby: Synced CLEAN stream info, metadata & playlist to AppState
🔄 Lobby: Fetching fresh room state from Supabase...
✅ Lobby: Synced CLEAN stream info, metadata & playlist to AppState
⏰ AppState: Next schedule update set for Next Event Start: 2026-01-28 03:58:34 +0000
⏰ AppState: Scheduling update in 647 seconds
🔄 Lobby: Fetching fresh room state from Supabase...
✅ Lobby: Synced CLEAN stream info, metadata & playlist to AppState
🔄 Lobby: Fetching fresh room state from Supabase...
✅ Lobby: Synced CLEAN stream info, metadata & playlist to AppState
🔄 Lobby: Fetching fresh room state from Supabase...
✅ Lobby: Synced CLEAN stream info, metadata & playlist to AppState
⏰ AppState: Next schedule update set for Next Event Start: 2026-01-28 03:58:34 +0000
⏰ AppState: Scheduling update in 638 seconds
🔄 Lobby: Fetching fresh room state from Supabase...
✅ Lobby: Synced CLEAN stream info, metadata & playlist to AppState
⏰ AppState: Next schedule update set for Next Event Start: 2026-01-28 03:58:34 +0000
⏰ AppState: Scheduling update in 628 seconds
