2026-01-31 19:06:45.524 RedLemon[19451:168418] 🪟 Set initial window to expanded size: (0.0, 150.0, 1366.0, 593.0)
2026-01-31 19:06:45.524 RedLemon[19451:168418] ✅ Cache cleanup timer started (runs every 30 minutes)
2026-01-31 19:06:45.601 RedLemon[19451:168418] 🔄 Resetting playback state to prevent auto-selection...
2026-01-31 19:06:45.603 RedLemon[19451:168418] ⚠️ PlayerVM: currentWatchPartyRoom set to NIL. Stack Trace unavailable, but check recent logs.
2026-01-31 19:06:45.643 RedLemon[19451:168418] ✅ Playback state reset complete - starting in browse view
2026-01-31 19:06:45.643 RedLemon[19451:168418] 🔐 APP STARTUP: Loading stored user credentials...
2026-01-31 19:06:45.643 RedLemon[19451:168418] 🧪 Testing Profile: debug
2026-01-31 19:06:45.651 RedLemon[19451:168524] 📂 Loaded 5 credential(s) from cache
2026-01-31 19:06:45.679 RedLemon[19451:168418] ✅ Keychain: Found stored username: witheredrose
2026-01-31 19:06:45.680 RedLemon[19451:168418] 🔍 Supabase: Looking up user 'witheredrose' in database...
2026-01-31 19:06:45.680 RedLemon[19451:168524] 🔍 SupabaseClient: Looking up user by username 'witheredrose'
2026-01-31 19:06:46.975 RedLemon[19451:168507] 📡 SupabaseClient: User lookup response received (437 bytes)
2026-01-31 19:06:46.985 RedLemon[19451:168507] ✅ SupabaseClient: Decoded 1 users from response
2026-01-31 19:06:46.985 RedLemon[19451:168507] 👤 SupabaseClient: Found user - witheredrose (ID: 4AEF4E1B-BA8E-4D31-8736-BCA3B94F402B)
2026-01-31 19:06:47.038 RedLemon[19451:168418] ✅ AUTH SUCCESS: User authenticated - witheredrose (ID: 4AEF4E1B-BA8E-4D31-8736-BCA3B94F402B)
2026-01-31 19:06:47.038 RedLemon[19451:168418] 🎯 AppState: currentUsername=witheredrose, currentUserId=4AEF4E1B-BA8E-4D31-8736-BCA3B94F402B
2026-01-31 19:06:48.492 RedLemon[19451:168418] 🏁 AUTH COMPLETE: Final state - username=witheredrose, userId=4AEF4E1B-BA8E-4D31-8736-BCA3B94F402B
2026-01-31 19:06:48.494 RedLemon[19451:168528] 🔐 Signed request to /rpc/fetch_user_library
2026-01-31 19:06:48.494 RedLemon[19451:168583] 🔐 Signed request to /rpc/fetch_user_library
2026-01-31 19:06:48.865 RedLemon[19451:168528] 🔐 Signed request to /rpc/fetch_user_watch_history
2026-01-31 19:06:49.849 RedLemon[19451:168418] 🚀 RedLemon: Starting HTTP server...
2026-01-31 19:06:49.849 RedLemon[19451:168418] 📋 RedLemon: Current directory: /Users/danielnoble/Desktop/Redlemon
2026-01-31 19:06:49.863 RedLemon[19451:168418] ✅ RedLemon: HTTPServer instance created
2026-01-31 19:06:49.863 RedLemon[19451:168418] ✅ RedLemon: Server marked as ready (Optimistic)
2026-01-31 19:06:49.864 RedLemon[19451:168583] 📡 RedLemon: Server starting on port 47253...
⏲️ [EventsConfig] Starting polling fallback (every 60s)
🔌 Connecting to Supabase Realtime: wss://151.243.109.243.nip.io/realtime/v1/websocket
✅ Connected to Supabase Realtime
📡 Sparkle requesting feed URL: https://151.243.109.243.nip.io/updates/appcast.xml
✅ Sparkle configured (seamless mode)
   Appcast URL: https://151.243.109.243.nip.io/updates/appcast.xml
   Can check: true
📅 EventsView appeared
🎬 [EventsView] Fetching movie events from centralized config...
📡 [EventsConfig] Checking server for movie_events config version...
🔍 Memory pressure monitoring enabled (safe mode)
🔍 Silent update check (custom implementation)...
🖥️ CacheManager initialized with fixed conservative limits
   Image cache limit: 1000 items
📡 Joined channel: realtime:events_config_updates (interest count: 1)
✅ [EventsConfig] Subscribed to realtime schedule updates
📡 Sparkle requesting feed URL: https://151.243.109.243.nip.io/updates/appcast.xml
✅ [EventsConfig] Fetched movie_events version 1587 with 396 movies
✅ [EventsConfig] Using cached movie_events config (version 1587, 396 movies)
✅ [EventsView] Loaded 396 movies from config version 1587
🗓 AppState: Updated schedule epoch to 2026-01-23 22:49:34 +0000
⏰ AppState: Next schedule update set for Event End: 2026-02-01 00:42:34 +0000
⏰ AppState: Scheduling update in 2147 seconds
🖼️ [CACHE] Cached image data for key: https://images.metahub.space/background/medium/tt28671344/img (87442 bytes)
🖼️ [CACHE] Cached image data for key: https://images.metahub.space/background/medium/tt23468450/img (383644 bytes)
🖼️ [CACHE] Cached image data for key: https://images.metahub.space/background/medium/tt0265086/img (619548 bytes)
📊 AppState: Polled participant counts - Active: ["tt0265086": 1]
⏰ AppState: Next schedule update set for Event End: 2026-02-01 00:42:34 +0000
⏰ AppState: Scheduling update in 2146 seconds
📊 AppState: Polled participant counts - Active: ["tt0265086": 1]
⏰ AppState: Next schedule update set for Event End: 2026-02-01 00:42:34 +0000
⏰ AppState: Scheduling update in 2146 seconds
🔌 SocialService: Connecting to global presence via shared client...
📡 Joined channel: realtime:global-presence (interest count: 1)
✅ SocialService: Connected to global presence
🔌 SocialService: Connecting to social realtime channels via shared client...
📡 Joined channel: realtime:direct_messages (interest count: 1)
📡 Joined channel: realtime:friendships (interest count: 1)
✅ SocialService: Connected to social channels
📈 SocialService: User 96e01cdb-36c0-4228-a6e4-a29a3c66bc8e came online
📈 SocialService: User bb6bcb45-c36d-4267-ab6d-47ac2335f489 came online
📈 SocialService: User 4aef4e1b-ba8e-4d31-8736-bca3b94f402b came online
📬 SocialService: Fetched 0 unread messages
🔌 RoomListView: Setting up realtime subscription for rooms...
📋 Fetching rooms from Supabase backend (offset: 0, limit: 20, search: '')...
📋 Fetching rooms from Supabase backend (offset: 0, limit: 20, search: '')...
📡 Joined channel: realtime:rooms_updates (interest count: 1)
✅ RoomListView: Connected to rooms realtime updates
✅ Token routes registered:
   POST /tokens/save
   POST /tokens/delete
   GET  /tokens/list
✅ Unlock routes registered:
   POST /api/streams/unlock
✅ Stream routes registered:
   POST /api/streams/resolve
   GET  /api/streams/resolveByQuality
   GET  /api/streams/resolveAll
✅ Proxy routes registered:
   GET /play/rd/:infoHash/:fileIdx
   GET /play/rd/:infoHash
✅ Subtitle routes registered:
   GET /subtitles/search?imdbId=&type=
   GET /subtitles/subdl/:encodedPath
✅ All routes registered
✅ HTTP Server configured on http://127.0.0.1:47253
🚀 Starting HTTP server...
✅ Providers initialized: torrentio, comet, zilean, mediafusion, debridsearch
[ NOTICE ] Server started on http://127.0.0.1:47253
2026-01-31 19:06:49.904 RedLemon[19451:168418] ✅ RedLemon: Server should be running on http://127.0.0.1:47253
2026-01-31 19:06:49.904 RedLemon[19451:168418] 🏥 [AppState] Starting global provider health check...
2026-01-31 19:06:49.905 RedLemon[19451:168418] 🔍 Performing startup checks...
2026-01-31 19:06:49.905 RedLemon[19451:168418] ✅ Username-based authentication ready
2026-01-31 19:06:49.909 RedLemon[19451:168504] 🔐 Signed request to /check-payment
✅ HTTP server running on http://127.0.0.1:47253

🔗 Available endpoints:
   http://127.0.0.1:47253/health
   http://127.0.0.1:47253/status
   http://127.0.0.1:47253/api/health

💰 LicenseManager: Starting hybrid license check...
[ INFO ] GET /api/metadata/meta/movie/tt27543632 [request-id: 5773B27E-C795-4BBF-99B2-1B272DFC2231]
[ INFO ] GET /api/metadata/meta/movie/tt27543632 [request-id: 1DFAAAA3-B64D-4660-9A6B-C0EC77CCF780]
2026-01-31 19:06:50.147 RedLemon[19451:168504] 📦 Decoded CinemetaMeta - videos count: -1
2026-01-31 19:06:50.147 RedLemon[19451:168583] 📦 Decoded CinemetaMeta - videos count: -1
2026-01-31 19:06:50.407 RedLemon[19451:168583] 🎬 Torrentio: Building URL for movie (no season/episode)
2026-01-31 19:06:50.407 RedLemon[19451:168583] 🔗 Torrentio URL (length: 55): https://torrentio.strem.fun/stream/movie/tt0133093.json...
2026-01-31 19:06:50.626 RedLemon[19451:168418] 🔄 Checking for app updates...
2026-01-31 19:06:50.627 RedLemon[19451:168583] 🔐 Signed request to /rpc/get_server_time
2026-01-31 19:06:51.373 RedLemon[19451:168418] 🚪 Joining room: CDFC
2026-01-31 19:06:52.050 RedLemon[19451:168418] 🚪 Room is in lobby
2026-01-31 19:06:52.050 RedLemon[19451:168418] ✅ PlayerVM: currentWatchPartyRoom set to CDFC
2026-01-31 19:06:52.052 RedLemon[19451:168418] ✨ [AppState] Registered new active lobby: CDFC
2026-01-31 19:06:52.259 RedLemon[19451:168418] 🔑 Lobby: Updated participantId to actual user ID: 4aef4e1b-ba8e-4d31-8736-bca3b94f402b
2026-01-31 19:06:52.260 RedLemon[19451:168418] [LOBBY_VIEW] onAppear: shouldAutoJoinLobby=false, room=CDFC, timeUntilStart=0
💾 Cache SET: Metadata[meta_movie_tt27543632]
💾 Cache SET: Metadata[meta_movie_tt27543632]
✅ Loaded 1 rooms (total: 1)
✅ Loaded 1 rooms (total: 1)
🖼️ [CACHE] Cached image data for key: https://images.metahub.space/background/medium/tt27543632/img (656391 bytes)
👤 LicenseManager: Profile expiry: Optional(2026-03-02 04:23:23 +0000)
🎉 License updated! Expires: 2026-03-02 04:23:23 +0000
🔍 Silent update check (custom implementation)...
⏰ TimeService: Synchronizing clock with server...
✅ TimeService: Synced! Offset: 0.126s (RTT: 131ms)
   Local:  2026-02-01 00:06:50 +0000
   Server: 2026-02-01 00:06:50 +0000
🚪 Joining room: CDFC
✅ SubDLClient initialized
📡 [EventsConfig] Checking server for movie_events config version...
✅ [EventsConfig] Fetched movie_events version 1587 with 396 movies
✅ [EventsConfig] Using cached movie_events config (version 1587, 396 movies)
🎭 Lobby: Connecting to room CDFC...
🚦 Lobby State: connecting
🔄 Lobby: Fetching fresh room state from Supabase...
✅ Cache HIT: Metadata[meta_movie_tt27543632]
[ INFO ] GET /api/metadata/meta/movie/tt27543632 [request-id: 32BECA59-8CCF-4FD7-8502-5C4497B7F273]
2026-01-31 19:06:52.429 RedLemon[19451:168503] 🔐 Signed request to /room_participants
2026-01-31 19:06:52.430 RedLemon[19451:168418] ✅ [AppState] Provider health check complete (found 7 services)
2026-01-31 19:06:53.082 RedLemon[19451:168418] ✅ Guest joined room CDFC in database
2026-01-31 19:06:53.345 RedLemon[19451:168524] 📝 Realtime: Registered observer 'lobby' (Presence: YES, Sync: NO, Status: NO)
2026-01-31 19:06:53.363 RedLemon[19451:168504] 📝 Realtime: Registered observer 'lobby' (Presence: NO, Sync: YES, Status: NO)
2026-01-31 19:06:53.382 RedLemon[19451:168524] 📤 Realtime: Sending message type: chat, sender: 4aef4e1b-ba8e-4d31-8736-bca3b94f402b
2026-01-31 19:06:53.383 RedLemon[19451:168504] 🔐 Signed request to /rpc/user_heartbeat
2026-01-31 19:06:53.385 RedLemon[19451:168524]    Payload keys: chatUsername, chatText, position, timestamp, subscriptionExpiresAt, senderId, type
2026-01-31 19:06:53.386 RedLemon[19451:168524] ✅ Realtime: Message broadcast complete
2026-01-31 19:06:53.437 RedLemon[19451:168504] 🔐 SupabaseClient: Signing Identity Payload: '17699044134aef4e1b-ba8e-4d31-8736-bca3b94f402b/rpc/room_heartbeat'
2026-01-31 19:06:53.437 RedLemon[19451:168504] 🔐 Signed request to /rpc/room_heartbeat
2026-01-31 19:06:53.501 RedLemon[19451:168583] 📨 Realtime: Received broadcast message
2026-01-31 19:06:53.501 RedLemon[19451:168583]    Payload keys: chatText, subscriptionExpiresAt, senderId, chatUsername, position, timestamp, type
2026-01-31 19:06:53.502 RedLemon[19451:168583] ✅ Realtime: Decoded message type: chat, sender: 4aef4e1b-ba8e-4d31-8736-bca3b94f402b
2026-01-31 19:06:53.507 RedLemon[19451:168418] 👋 Received: Guest 'witheredrose' joined room CDFC
2026-01-31 19:06:53.740 RedLemon[19451:168418] 📨 Lobby: Received Room UPDATE from Realtime
2026-01-31 19:06:54.914 RedLemon[19451:168418] 📨 Lobby: Received Room UPDATE from Realtime
2026-01-31 19:06:55.323 RedLemon[19451:168418] 📨 Lobby: Received Room UPDATE from Realtime
2026-01-31 19:06:55.650 RedLemon[19451:168524] 📨 Realtime: Received broadcast message
2026-01-31 19:06:55.650 RedLemon[19451:168524]    Payload keys: chatUsername, senderId, chatText, position, type, timestamp
2026-01-31 19:06:55.651 RedLemon[19451:168524] ✅ Realtime: Decoded message type: chat, sender: 96e01cdb-36c0-4228-a6e4-a29a3c66bc8e
2026-01-31 19:06:55.651 RedLemon[19451:168418] 🎬 Guest: Received RESOLVING signal
2026-01-31 19:07:19.284 RedLemon[19451:168503] 🔐 Signed request to /rpc/user_heartbeat
2026-01-31 19:07:28.855 RedLemon[19451:168524] 🔐 SupabaseClient: Signing Identity Payload: '17699044484aef4e1b-ba8e-4d31-8736-bca3b94f402b/rpc/room_heartbeat'
2026-01-31 19:07:28.856 RedLemon[19451:168524] 🔐 Signed request to /rpc/room_heartbeat
2026-01-31 19:07:29.196 RedLemon[19451:168418] 📨 Lobby: Received Room UPDATE from Realtime
2026-01-31 19:07:30.958 RedLemon[19451:168418] 📨 Lobby: Received Room UPDATE from Realtime
2026-01-31 19:07:31.675 RedLemon[19451:168418] 📨 Lobby: Received Room UPDATE from Realtime
2026-01-31 19:07:42.836 RedLemon[19451:168524] 📨 Realtime: Received broadcast message
2026-01-31 19:07:42.836 RedLemon[19451:168524]    Payload keys: chatUsername, senderId, chatText, position, type, timestamp
2026-01-31 19:07:42.837 RedLemon[19451:168524] ✅ Realtime: Decoded message type: chat, sender: 96e01cdb-36c0-4228-a6e4-a29a3c66bc8e
2026-01-31 19:07:42.837 RedLemon[19451:168418] 🎬 Guest: Received RESOLVING signal
2026-01-31 19:07:45.586 RedLemon[19451:168524] 🔐 Signed request to /rpc/user_heartbeat
2026-01-31 19:08:04.342 RedLemon[19451:168524] 🔐 SupabaseClient: Signing Identity Payload: '17699044844aef4e1b-ba8e-4d31-8736-bca3b94f402b/rpc/room_heartbeat'
2026-01-31 19:08:04.343 RedLemon[19451:168524] 🔐 Signed request to /rpc/room_heartbeat
2026-01-31 19:08:04.726 RedLemon[19451:168418] 📨 Lobby: Received Room UPDATE from Realtime
2026-01-31 19:08:06.802 RedLemon[19451:168418] 📨 Lobby: Received Room UPDATE from Realtime
📡 SocialService: Updated status - In Lobby: The Housemaid: The Housemaid
📡 Left channel: realtime:rooms_updates
📨 Unknown event: phx_close on realtime:rooms_updates
✅ Lobby: Loaded metadata for The Housemaid
✅ Lobby: Synced CLEAN stream info, metadata & playlist to AppState
✅ Lobby: Refreshed room state. isPlaying: false
🛡️ Lobby: Ensuring local media state is fresh before auto-start check...
🔌 Setting up Realtime channel: watch-party:CDFC
   Role: Guest
   User ID: 4aef4e1b-ba8e-4d31-8736-bca3b94f402b
📡 Connection state: connected
📡 Connection state: connecting
📡 Joined channel: realtime:watch-party:CDFC (interest count: 1)
📡 Connection state: connected
✅ Realtime channel setup complete
✅ Lobby: Connected to Realtime
🚦 Lobby State: connected
🔄 Lobby: Starting database polling for participants and room state...
💓 Lobby: Starting heartbeat loop...
🔄 LobbyDatabase: Starting room state polling for guests...
🔄 Lobby: Fetching fresh room state from Supabase...
✅ Lobby: Synced CLEAN stream info, metadata & playlist to AppState
🔄 Lobby: Fetching fresh room state from Supabase...
✅ Lobby: Synced CLEAN stream info, metadata & playlist to AppState
🔄 Lobby: Fetching fresh room state from Supabase...
✅ Lobby: Synced CLEAN stream info, metadata & playlist to AppState
📊 AppState: Polled participant counts - Active: ["tt0265086": 1]
⏰ AppState: Next schedule update set for Event End: 2026-02-01 00:42:34 +0000
⏰ AppState: Scheduling update in 2137 seconds
🛡️ Lobby: Auto-Join safety delay passed (8s). Enabled for late joiners.
📊 AppState: Polled participant counts - Active: ["tt0265086": 1]
⏰ AppState: Next schedule update set for Event End: 2026-02-01 00:42:34 +0000
⏰ AppState: Scheduling update in 2127 seconds
📊 AppState: Polled participant counts - Active: ["tt0265086": 1]
⏰ AppState: Next schedule update set for Event End: 2026-02-01 00:42:34 +0000
⏰ AppState: Scheduling update in 2117 seconds
📊 AppState: Polled participant counts - Active: ["tt0265086": 1]
⏰ AppState: Next schedule update set for Event End: 2026-02-01 00:42:34 +0000
⏰ AppState: Scheduling update in 2106 seconds
🔄 Lobby: Fetching fresh room state from Supabase...
✅ Lobby: Synced CLEAN stream info, metadata & playlist to AppState
🔄 Lobby: Fetching fresh room state from Supabase...
✅ Lobby: Synced CLEAN stream info, metadata & playlist to AppState
🔄 Lobby: Fetching fresh room state from Supabase...
✅ Lobby: Synced CLEAN stream info, metadata & playlist to AppState
📊 AppState: Polled participant counts - Active: ["tt0265086": 1]
⏰ AppState: Next schedule update set for Event End: 2026-02-01 00:42:34 +0000
⏰ AppState: Scheduling update in 2097 seconds
📡 [EventsConfig] Checking server for movie_events config version...
✅ [EventsConfig] Fetched movie_events version 1587 with 396 movies
✅ [EventsConfig] Using cached movie_events config (version 1587, 396 movies)
📊 AppState: Polled participant counts - Active: ["tt0265086": 1]
⏰ AppState: Next schedule update set for Event End: 2026-02-01 00:42:34 +0000
⏰ AppState: Scheduling update in 2087 seconds
📊 AppState: Polled participant counts - Active: ["tt0265086": 1]
⏰ AppState: Next schedule update set for Event End: 2026-02-01 00:42:34 +0000
⏰ AppState: Scheduling update in 2077 seconds
🔄 Lobby: Fetching fresh room state from Supabase...
✅ Lobby: Synced CLEAN stream info, metadata & playlist to AppState
📉 SocialService: User 96e01cdb-36c0-4228-a6e4-a29a3c66bc8e went offline (No active refs)
🔄 Lobby: Fetching fresh room state from Supabase...
✅ Lobby: Synced CLEAN stream info, metadata & playlist to AppState
⏰ AppState: Next schedule update set for Event End: 2026-02-01 00:42:34 +0000
⏰ AppState: Scheduling update in 2067 seconds
