2025-12-17 22:30:18.345 RedLemon[32230:262690] 🪟 Set initial window to expanded size: (0.0, 150.0, 1366.0, 593.0)
2025-12-17 22:30:18.345 RedLemon[32230:262690] ✅ Cache cleanup timer started (runs every 30 minutes)
2025-12-17 22:30:18.439 RedLemon[32230:262690] 🔄 Resetting playback state to prevent auto-selection...
2025-12-17 22:30:18.440 RedLemon[32230:262783] 🔍 KeychainManager: Retrieved username 'ursinho' from UserDefaults
2025-12-17 22:30:18.476 RedLemon[32230:262690] ✅ Playback state reset complete - starting in browse view
2025-12-17 22:30:18.476 RedLemon[32230:262690] 🔐 APP STARTUP: Loading stored user credentials...
2025-12-17 22:30:18.476 RedLemon[32230:262690] 🧪 Testing Profile: debug
2025-12-17 22:30:18.476 RedLemon[32230:262766] 🔍 KeychainManager: Retrieved username 'ursinho' from UserDefaults
2025-12-17 22:30:18.510 RedLemon[32230:262690] ✅ Keychain: Found stored username: ursinho
2025-12-17 22:30:18.510 RedLemon[32230:262690] 🔍 Supabase: Looking up user 'ursinho' in database...
2025-12-17 22:30:18.511 RedLemon[32230:262766] 🔍 SupabaseClient: Looking up user by username 'ursinho'
2025-12-17 22:30:18.637 RedLemon[32230:262783] 📡 SupabaseClient: User lookup response received (343 bytes)
2025-12-17 22:30:18.645 RedLemon[32230:262783] ✅ SupabaseClient: Decoded 1 users from response
2025-12-17 22:30:18.645 RedLemon[32230:262783] 👤 SupabaseClient: Found user - ursinho (ID: 656DAA91-33B4-4688-9135-C982EA52D7C9)
2025-12-17 22:30:18.674 RedLemon[32230:262690] ✅ AUTH SUCCESS: User authenticated - ursinho (ID: 656DAA91-33B4-4688-9135-C982EA52D7C9)
2025-12-17 22:30:18.674 RedLemon[32230:262690] 🎯 AppState: currentUsername=ursinho, currentUserId=656DAA91-33B4-4688-9135-C982EA52D7C9
2025-12-17 22:30:18.675 RedLemon[32230:262690] 🏁 AUTH COMPLETE: Final state - username=ursinho, userId=656DAA91-33B4-4688-9135-C982EA52D7C9
2025-12-17 22:30:18.675 RedLemon[32230:262690] 🚀 RedLemon: Starting HTTP server...
2025-12-17 22:30:18.675 RedLemon[32230:262690] 📋 RedLemon: Current directory: /Users/danielnoble/Desktop/Redlemon
2025-12-17 22:30:18.693 RedLemon[32230:262690] ✅ RedLemon: HTTPServer instance created
2025-12-17 22:30:18.694 RedLemon[32230:262690] ✅ Loaded user: ursinho (ID: 656DAA91-33B4-4688-9135-C982EA52D7C9)
2025-12-17 22:30:18.694 RedLemon[32230:262768] 📡 RedLemon: Server starting on port 47253...
⏲️ [EventsConfig] Starting polling fallback (every 60s)
🔌 Connecting to Supabase Realtime: wss://nhvsojszwfvcinkyvzmf.supabase.co/realtime/v1/websocket
✅ Connected to Supabase Realtime
✅ Sparkle configured (manual only, no auto-checks)
   Appcast URL: https://raw.githubusercontent.com/orangeapple1272/Redlemon/main/appcast.xml
   Can check: false
📡 Joined channel: realtime:events_config_updates
✅ [EventsConfig] Subscribed to realtime schedule updates
📨 Received: {"ref":"B16D2BB7-B4E9-42ED-BB72-BA9B3FA859A7","event":"phx_reply","payload":{"status":"ok","response":{"postgres_changes":[{"id":53636278,"event":"INSERT","filter":"config_type=eq.movie_events","schema":"public","table":"events_config"}]}},"topic":"realtime:events_config_updates"}
📅 EventsView appeared
🎬 [EventsView] Fetching movie events from centralized config...
📡 [EventsConfig] Checking server for movie_events config version...
🔍 Silent update check (custom implementation)...
🔍 Memory pressure monitoring enabled (safe mode)
🖥️ CacheManager initialized with fixed conservative limits
   Image cache limit: 30 items
📂 Loaded 3 credential(s) from cache
📨 Received: {"ref":null,"event":"system","payload":{"message":"Subscribed to PostgreSQL","status":"ok","extension":"postgres_changes","channel":"events_config_updates"},"topic":"realtime:events_config_updates"}
📨 Received: {"ref":null,"event":"presence_state","payload":{},"topic":"realtime:events_config_updates"}
✅ Token routes registered:
   POST /tokens/save
   POST /tokens/delete
   GET  /tokens/list
✅ Unlock routes registered:
   POST /api/streams/unlock
✅ Stream routes registered:
   POST /api/streams/resolve
   GET  /api/streams/resolveByQuality
   GET  /api/streams/resolveAll
✅ Proxy routes registered:
   GET /play/rd/:infoHash/:fileIdx
   GET /play/rd/:infoHash
✅ Subtitle routes registered:
   GET /subtitles/search?imdbId=&type=
   GET /subtitles/subdl/:encodedPath
✅ All routes registered
✅ HTTP Server configured on http://127.0.0.1:47253
🚀 Starting HTTP server...
✅ Providers initialized: torrentio, comet, zilean, mediafusion
[ NOTICE ] Server started on http://127.0.0.1:47253
2025-12-17 22:30:20.719 RedLemon[32230:262690] ✅ RedLemon: Server marked as ready
2025-12-17 22:30:20.755 RedLemon[32230:262690] ✅ RedLemon: Server should be running on http://127.0.0.1:47253
2025-12-17 22:30:20.755 RedLemon[32230:262690] 🔍 Performing startup checks...
2025-12-17 22:30:20.755 RedLemon[32230:262690] ✅ Username-based authentication ready
2025-12-17 22:30:20.755 RedLemon[32230:262690] 🔍 Performing startup checks...
2025-12-17 22:30:20.755 RedLemon[32230:262690] ✅ Username-based authentication ready
2025-12-17 22:30:20.755 RedLemon[32230:262690] 🔄 Checking for app updates...
✅ HTTP server running on http://127.0.0.1:47253

🔗 Available endpoints:
   http://127.0.0.1:47253/health
   http://127.0.0.1:47253/status
   http://127.0.0.1:47253/api/health

✅ [EventsConfig] Fetched movie_events version 1356 with 448 movies
✅ [EventsConfig] Using cached movie_events config (version 1356, 448 movies)
✅ [EventsView] Loaded 448 movies from config version 1356
🗓 AppState: Updated schedule epoch to 2025-12-09 22:44:42 +0000
⏰ AppState: Next schedule update set for Event End: 2025-12-18 05:09:42 +0000
⏰ AppState: Scheduling update in 5964 seconds
🔌 SocialService: Connecting to global presence...
🔍 Supabase Response for /rooms: []
🔌 Connecting to Supabase Realtime: wss://nhvsojszwfvcinkyvzmf.supabase.co/realtime/v1/websocket
✅ Connected to Supabase Realtime
✅ SocialService: Presence connected
🔍 Supabase Response for /rooms: []
🔍 Supabase Response for /rooms: []
📡 Joined channel: realtime:global-presence
🔍 Supabase Response for /rooms: []
✅ SocialService: Connected to global presence
🔌 SocialService: Connecting to DM channel...
🔌 Connecting to Supabase Realtime: wss://nhvsojszwfvcinkyvzmf.supabase.co/realtime/v1/websocket
✅ Connected to Supabase Realtime
✅ SocialService: DM channel connected
📨 Received: {"ref":"C594B88B-94A3-4BB6-894E-E8F94F47B730","event":"phx_reply","payload":{"status":"ok","response":{"postgres_changes":[]}},"topic":"realtime:global-presence"}
📨 Received: {"ref":null,"event":"presence_state","payload":{"95c44bb8-dbbf-11f0-8604-0a58a9feac02":{"metas":[{"phx_ref":"GIIxqyLR6RBQS9WI","phx_ref_prev":"GIIxpnrJE1FQS_nF","last_seen":"2025-12-18T03:30:14.718Z","status":"online","user_id":"96e01cdb-36c0-4228-a6e4-a29a3c66bc8e","username":"lemontom"}]}},"topic":"realtime:global-presence"}
📨 Received: {"ref":"1","event":"phx_reply","payload":{"status":"ok","response":{}},"topic":"realtime:global-presence"}
📨 Received: {"ref":null,"event":"presence_diff","payload":{"joins":{"e0a8fd02-dbc1-11f0-ad93-0a58a9feac02":{"metas":[{"phx_ref":"GIIxrCSx8_YbNIoL","last_seen":"2025-12-18T03:30:19.249Z","status":"online","user_id":"656DAA91-33B4-4688-9135-C982EA52D7C9","username":"ursinho"}]}},"leaves":{}},"topic":"realtime:global-presence"}
📈 SocialService: User 96e01cdb-36c0-4228-a6e4-a29a3c66bc8e came online
📈 SocialService: User 656daa91-33b4-4688-9135-c982ea52d7c9 came online
📡 Joined channel: realtime:direct_messages
✅ SocialService: Connected to DM channel
📨 Received: {"ref":"4A653E29-2B9A-43BB-AF2E-069B2D1FBEDB","event":"phx_reply","payload":{"status":"ok","response":{"postgres_changes":[{"id":102443684,"event":"INSERT","filter":"receiver_id=eq.656DAA91-33B4-4688-9135-C982EA52D7C9","schema":"public","table":"direct_messages"},{"id":49850706,"event":"INSERT","filter":"sender_id=eq.656DAA91-33B4-4688-9135-C982EA52D7C9","schema":"public","table":"direct_messages"}]}},"topic":"realtime:direct_messages"}
📬 SocialService: Fetched 0 unread messages
🔄 SocialService: Syncing 50 items to cloud...
🔄 SocialService: Syncing 50 items to cloud (serial)...
📨 Received: {"ref":null,"event":"system","payload":{"message":"Subscribed to PostgreSQL","status":"ok","extension":"postgres_changes","channel":"direct_messages"},"topic":"realtime:direct_messages"}
📨 Received: {"ref":null,"event":"presence_state","payload":{},"topic":"realtime:direct_messages"}
🔍 Manual update check requested...
⏰ TimeService: Synchronizing clock with server...
✅ TimeService: Synced! Offset: 0.035s (RTT: 67ms)
   Local:  2025-12-18 03:30:20 +0000
   Server: 2025-12-18 03:30:20 +0000
⏰ Time synced with server! AppState should automatically recalculate.
📨 Received: {"ref":null,"event":"presence_diff","payload":{"joins":{"95c44bb8-dbbf-11f0-8604-0a58a9feac02":{"metas":[{"phx_ref":"GIIxr8rtUwFQSw5K","phx_ref_prev":"GIIxqyLR6RBQS9WI","last_seen":"2025-12-18T03:30:34.718Z","status":"online","user_id":"96e01cdb-36c0-4228-a6e4-a29a3c66bc8e","username":"lemontom"}]}},"leaves":{"95c44bb8-dbbf-11f0-8604-0a58a9feac02":{"metas":[{"phx_ref":"GIIxqyLR6RBQS9WI","phx_ref_prev":"GIIxpnrJE1FQS_nF","last_seen":"2025-12-18T03:30:14.718Z","status":"online","user_id":"96e01cdb-36c0-4228-a6e4-a29a3c66bc8e","username":"lemontom"}]}}},"topic":"realtime:global-presence"}
📨 Received: {"ref":"2","event":"phx_reply","payload":{"status":"ok","response":{}},"topic":"realtime:global-presence"}
📨 Received: {"ref":null,"event":"presence_diff","payload":{"joins":{"e0a8fd02-dbc1-11f0-ad93-0a58a9feac02":{"metas":[{"phx_ref":"GIIxsM1gezsbNO_M","phx_ref_prev":"GIIxrCSx8_YbNIoL","last_seen":"2025-12-18T03:30:39.258Z","status":"online","user_id":"656daa91-33b4-4688-9135-c982ea52d7c9","username":"ursinho"}]}},"leaves":{"e0a8fd02-dbc1-11f0-ad93-0a58a9feac02":{"metas":[{"phx_ref":"GIIxrCSx8_YbNIoL","last_seen":"2025-12-18T03:30:19.249Z","status":"online","user_id":"656DAA91-33B4-4688-9135-C982EA52D7C9","username":"ursinho"}]}}},"topic":"realtime:global-presence"}
💓 Heartbeat sent
📨 Received: {"ref":"1","event":"phx_reply","payload":{"status":"ok","response":{}},"topic":"phoenix"}
💓 Heartbeat sent
📨 Received: {"ref":"3","event":"phx_reply","payload":{"status":"ok","response":{}},"topic":"phoenix"}
💓 Heartbeat sent
📨 Received: {"ref":"1","event":"phx_reply","payload":{"status":"ok","response":{}},"topic":"phoenix"}
✅ BrowseView: Server is ready, loading content...
🔍 BrowseView: Loading content for tab: Movies
🗑️ Cleared all streaming catalogs
📽️ Fetching popular movies...
[ INFO ] GET /api/metadata/catalog/movie/popular [request-id: A3B06DC9-2CF8-4006-9CBD-6B295C4DC744]
🔍 [Server] Proxying catalog request to: https://v3-cinemeta.strem.io/catalog/movie/popular.json
📡 SocialService: Updated status - Browsing Library: 
📨 Received: {"ref":"4","event":"phx_reply","payload":{"status":"ok","response":{}},"topic":"realtime:global-presence"}
📨 Received: {"ref":null,"event":"presence_diff","payload":{"joins":{"e0a8fd02-dbc1-11f0-ad93-0a58a9feac02":{"metas":[{"phx_ref":"GIIxtDafrrsbNPwC","phx_ref_prev":"GIIxsM1gezsbNO_M","last_seen":"2025-12-18T03:30:53.907Z","status":"Browsing Library","user_id":"656daa91-33b4-4688-9135-c982ea52d7c9","username":"ursinho"}]}},"leaves":{"e0a8fd02-dbc1-11f0-ad93-0a58a9feac02":{"metas":[{"phx_ref":"GIIxsM1gezsbNO_M","phx_ref_prev":"GIIxrCSx8_YbNIoL","last_seen":"2025-12-18T03:30:39.258Z","status":"online","user_id":"656daa91-33b4-4688-9135-c982ea52d7c9","username":"ursinho"}]}}},"topic":"realtime:global-presence"}
💾 Cache SET: Catalog[quick_movie_sst.json_7] (7 items)
💾 Cache SET: Catalog[quick_movie_atp.json_7] (7 items)
💾 Cache SET: Catalog[quick_movie_pcp.json_7] (7 items)
💾 Cache SET: Catalog[quick_movie_hbm.json_7] (7 items)
💾 Cache SET: Catalog[quick_movie_stz.json_7] (7 items)
💾 Cache SET: Catalog[quick_movie_hlu.json_7] (7 items)
💾 Cache SET: Catalog[quick_movie_pmp.json_7] (7 items)
💾 Cache SET: Catalog[quick_movie_dnp.json_7] (7 items)
💾 Cache SET: Catalog[quick_movie_amp.json_7] (7 items)
🔍 [DEBUG] Creating MediaItem from CinemetaSearchResult
🔍 [DEBUG] result.id: tt26443597
🔍 [DEBUG] result.type: movie
🔍 [DEBUG] result.name: Zootopia 2
🔍 [DEBUG] Successfully created MediaItem: Zootopia 2
🔍 [DEBUG] Creating MediaItem from CinemetaSearchResult
🔍 [DEBUG] result.id: tt14107334
🔍 [DEBUG] result.type: movie
🔍 [DEBUG] result.name: The Running Man
🔍 [DEBUG] Successfully created MediaItem: The Running Man
🔍 [DEBUG] Creating MediaItem from CinemetaSearchResult
🔍 [DEBUG] result.id: tt30274401
🔍 [DEBUG] result.type: movie
🔍 [DEBUG] result.name: Five Nights at Freddy's 2
🔍 [DEBUG] Successfully created MediaItem: Five Nights at Freddy's 2
🔍 [DEBUG] Creating MediaItem from CinemetaSearchResult
🔍 [DEBUG] result.id: tt31844586
🔍 [DEBUG] result.type: movie
🔍 [DEBUG] result.name: Sisu: Road to Revenge
🔍 [DEBUG] Successfully created MediaItem: Sisu: Road to Revenge
🔍 [DEBUG] Creating MediaItem from CinemetaSearchResult
🔍 [DEBUG] result.id: tt32537226
🔍 [DEBUG] result.type: movie
🔍 [DEBUG] result.name: Hunting Season
🔍 [DEBUG] Successfully created MediaItem: Hunting Season
🔍 [DEBUG] Creating MediaItem from CinemetaSearchResult
🔍 [DEBUG] result.id: tt27829510
🔍 [DEBUG] result.type: movie
🔍 [DEBUG] result.name: High Rollers
🔍 [DEBUG] Successfully created MediaItem: High Rollers
🔍 [DEBUG] Creating MediaItem from CinemetaSearchResult
🔍 [DEBUG] result.id: tt6604188
🔍 [DEBUG] result.type: movie
🔍 [DEBUG] result.name: Tron: Ares
🔍 [DEBUG] Successfully created MediaItem: Tron: Ares
🔍 [DEBUG] Creating MediaItem from CinemetaSearchResult
🔍 [DEBUG] result.id: tt29232158
🔍 [DEBUG] result.type: movie
🔍 [DEBUG] result.name: Troll 2
🔍 [DEBUG] Successfully created MediaItem: Troll 2
🔍 [DEBUG] Creating MediaItem from CinemetaSearchResult
🔍 [DEBUG] result.id: tt14364480
🔍 [DEBUG] result.type: movie
🔍 [DEBUG] result.name: Wake Up Dead Man: A Knives Out Mystery
🔍 [DEBUG] Successfully created MediaItem: Wake Up Dead Man: A Knives Out Mystery
🔍 [DEBUG] Creating MediaItem from CinemetaSearchResult
🔍 [DEBUG] result.id: tt1343712
🔍 [DEBUG] result.type: movie
🔍 [DEBUG] result.name: First Squad: The Moment of Truth
🔍 [DEBUG] Successfully created MediaItem: First Squad: The Moment of Truth
🔍 [DEBUG] Creating MediaItem from CinemetaSearchResult
🔍 [DEBUG] result.id: tt30472557
🔍 [DEBUG] result.type: movie
🔍 [DEBUG] result.name: Chainsaw Man - The Movie: Reze Arc
🔍 [DEBUG] Successfully created MediaItem: Chainsaw Man - The Movie: Reze Arc
🔍 [DEBUG] Creating MediaItem from CinemetaSearchResult
🔍 [DEBUG] result.id: tt26439764
🔍 [DEBUG] result.type: movie
🔍 [DEBUG] result.name: Kantara A Legend: Chapter 1
🔍 [DEBUG] Successfully created MediaItem: Kantara A Legend: Chapter 1
🔍 [DEBUG] Creating MediaItem from CinemetaSearchResult
🔍 [DEBUG] result.id: tt31227572
🔍 [DEBUG] result.type: movie
🔍 [DEBUG] result.name: Predator: Badlands
🔍 [DEBUG] Successfully created MediaItem: Predator: Badlands
🔍 [DEBUG] Creating MediaItem from CinemetaSearchResult
🔍 [DEBUG] result.id: tt10210064
🔍 [DEBUG] result.type: movie
🔍 [DEBUG] result.name: Bureau 749
🔍 [DEBUG] Successfully created MediaItem: Bureau 749
🔍 [DEBUG] Creating MediaItem from CinemetaSearchResult
🔍 [DEBUG] result.id: tt34610311
🔍 [DEBUG] result.type: movie
🔍 [DEBUG] result.name: The Shadow's Edge
🔍 [DEBUG] Successfully created MediaItem: The Shadow's Edge
📊 Using fixed catalog size: 15 items
💾 Cache SET: Catalog[popular_movies_fixed] (15 items)
💾 Cache SET: Catalog[quick_movie_nfx.json_7] (7 items)
🚀 Quick batch loaded: 7 items for showtime
🔍 Starting catalog fetch for showtime from: https://7a82163c306e-stremio-netflix-catalog-addon.baby-beamup.club/bmZ4LGRucCxhbXAsYXRwLGhibSxwbXAscGNwLGhsdSxjcnUsZHBlLHN0eixzc3Q6OjoxNzYzMjQxMzc5ODky/catalog/movie/sst.json
🔄 Attempt 1/3 for showtime
🚀 Quick batch loaded: 7 items for appleTv
🔍 Starting catalog fetch for appleTv from: https://7a82163c306e-stremio-netflix-catalog-addon.baby-beamup.club/bmZ4LGRucCxhbXAsYXRwLGhibSxwbXAscGNwLGhsdSxjcnUsZHBlLHN0eixzc3Q6OjoxNzYzMjQxMzc5ODky/catalog/movie/atp.json
🔄 Attempt 1/3 for appleTv
🚀 Quick batch loaded: 7 items for peacock
🔍 Starting catalog fetch for peacock from: https://7a82163c306e-stremio-netflix-catalog-addon.baby-beamup.club/bmZ4LGRucCxhbXAsYXRwLGhibSxwbXAscGNwLGhsdSxjcnUsZHBlLHN0eixzc3Q6OjoxNzYzMjQxMzc5ODky/catalog/movie/pcp.json
🔄 Attempt 1/3 for peacock
💾 Cache SET: Catalog[quick_movie_top.json_7] (7 items)
🚀 Quick batch loaded: 7 items for hbo
🔍 Starting catalog fetch for hbo from: https://7a82163c306e-stremio-netflix-catalog-addon.baby-beamup.club/bmZ4LGRucCxhbXAsYXRwLGhibSxwbXAscGNwLGhsdSxjcnUsZHBlLHN0eixzc3Q6OjoxNzYzMjQxMzc5ODky/catalog/movie/hbm.json
🔄 Attempt 1/3 for hbo
🚀 Quick batch loaded: 7 items for starz
🔍 Starting catalog fetch for starz from: https://7a82163c306e-stremio-netflix-catalog-addon.baby-beamup.club/bmZ4LGRucCxhbXAsYXRwLGhibSxwbXAscGNwLGhsdSxjcnUsZHBlLHN0eixzc3Q6OjoxNzYzMjQxMzc5ODky/catalog/movie/stz.json
🔄 Attempt 1/3 for starz
🚀 Quick batch loaded: 7 items for hulu
🔍 Starting catalog fetch for hulu from: https://7a82163c306e-stremio-netflix-catalog-addon.baby-beamup.club/bmZ4LGRucCxhbXAsYXRwLGhibSxwbXAscGNwLGhsdSxjcnUsZHBlLHN0eixzc3Q6OjoxNzYzMjQxMzc5ODky/catalog/movie/hlu.json
🔄 Attempt 1/3 for hulu
🚀 Quick batch loaded: 7 items for paramount
🔍 Starting catalog fetch for paramount from: https://7a82163c306e-stremio-netflix-catalog-addon.baby-beamup.club/bmZ4LGRucCxhbXAsYXRwLGhibSxwbXAscGNwLGhsdSxjcnUsZHBlLHN0eixzc3Q6OjoxNzYzMjQxMzc5ODky/catalog/movie/pmp.json
🔄 Attempt 1/3 for paramount
🚀 Quick batch loaded: 7 items for disney
🔍 Starting catalog fetch for disney from: https://7a82163c306e-stremio-netflix-catalog-addon.baby-beamup.club/bmZ4LGRucCxhbXAsYXRwLGhibSxwbXAscGNwLGhsdSxjcnUsZHBlLHN0eixzc3Q6OjoxNzYzMjQxMzc5ODky/catalog/movie/dnp.json
🔄 Attempt 1/3 for disney
🚀 Quick batch loaded: 7 items for prime
🔍 Starting catalog fetch for prime from: https://7a82163c306e-stremio-netflix-catalog-addon.baby-beamup.club/bmZ4LGRucCxhbXAsYXRwLGhibSxwbXAscGNwLGhsdSxjcnUsZHBlLHN0eixzc3Q6OjoxNzYzMjQxMzc5ODky/catalog/movie/amp.json
🔄 Attempt 1/3 for prime
✅ Loaded 15 movies
🧹 Deduplication: 50 → 50 items
🚀 Quick batch loaded: 7 items for netflix
🔍 Starting catalog fetch for netflix from: https://7a82163c306e-stremio-netflix-catalog-addon.baby-beamup.club/bmZ4LGRucCxhbXAsYXRwLGhibSxwbXAscGNwLGhsdSxjcnUsZHBlLHN0eixzc3Q6OjoxNzYzMjQxMzc5ODky/catalog/movie/nfx.json
🔄 Attempt 1/3 for netflix
🖼️ [CACHE] Cached image data for key: https://images.metahub.space/poster/small/tt32537226/img (34074 bytes)
🖼️ [CACHE] Cached image data for key: https://images.metahub.space/poster/small/tt31844586/img (48191 bytes)
🖼️ [CACHE] Cached image data for key: https://images.metahub.space/poster/small/tt30274401/img (24809 bytes)
🖼️ [CACHE] Cached image data for key: https://images.metahub.space/poster/small/tt14107334/img (29621 bytes)
🖼️ [CACHE] Cached image data for key: https://images.metahub.space/poster/small/tt26443597/img (43534 bytes)
🖼️ [CACHE] Cached image data for key: https://images.metahub.space/poster/small/tt27829510/img (20590 bytes)
🖼️ [CACHE] Cached image data for key: https://images.metahub.space/poster/small/tt6604188/img (24052 bytes)
🚀 Quick batch loaded: 7 items for trending
💾 Cache SET: Catalog[catalog_movie_sst.json] (15 items)
💾 Cache SET: Catalog[catalog_movie_atp.json] (15 items)
💾 Cache SET: Catalog[catalog_movie_pcp.json] (15 items)
💾 Cache SET: Catalog[catalog_movie_hbm.json] (15 items)
💾 Cache SET: Catalog[catalog_movie_stz.json] (15 items)
💾 Cache SET: Catalog[catalog_movie_hlu.json] (15 items)
💾 Cache SET: Catalog[catalog_movie_pmp.json] (15 items)
💾 Cache SET: Catalog[catalog_movie_dnp.json] (15 items)
🗑️ Cache evicted 6 items
💾 Cache SET: Catalog[catalog_movie_amp.json] (15 items)
📊 Using fixed catalog size: 15 items
💾 Cache SET: Catalog[catalog_movie_nfx.json] (15 items)
✅ Attempt 1 successful for showtime
✅ Successfully fetched 15 items for showtime from primary service
📦 Full batch loaded: 15 items for showtime
✅ Progressive loading completed for showtime
📊 Using fixed catalog size: 15 items
✅ Attempt 1 successful for appleTv
✅ Successfully fetched 15 items for appleTv from primary service
📦 Full batch loaded: 15 items for appleTv
✅ Progressive loading completed for appleTv
📊 Using fixed catalog size: 15 items
✅ Attempt 1 successful for peacock
✅ Successfully fetched 15 items for peacock from primary service
📦 Full batch loaded: 15 items for peacock
✅ Progressive loading completed for peacock
📊 Using fixed catalog size: 15 items
💾 Cache SET: Catalog[catalog_movie_top.json] (15 items)
✅ Attempt 1 successful for hbo
✅ Successfully fetched 15 items for hbo from primary service
📦 Full batch loaded: 15 items for hbo
✅ Progressive loading completed for hbo
📊 Using fixed catalog size: 15 items
✅ Attempt 1 successful for starz
✅ Successfully fetched 15 items for starz from primary service
📦 Full batch loaded: 15 items for starz
✅ Progressive loading completed for starz
📊 Using fixed catalog size: 15 items
✅ Attempt 1 successful for hulu
✅ Successfully fetched 15 items for hulu from primary service
📦 Full batch loaded: 15 items for hulu
✅ Progressive loading completed for hulu
📊 Using fixed catalog size: 15 items
✅ Attempt 1 successful for paramount
✅ Successfully fetched 15 items for paramount from primary service
📦 Full batch loaded: 15 items for paramount
✅ Progressive loading completed for paramount
📊 Using fixed catalog size: 15 items
✅ Attempt 1 successful for disney
✅ Successfully fetched 15 items for disney from primary service
📦 Full batch loaded: 15 items for disney
✅ Progressive loading completed for disney
📊 Using fixed catalog size: 15 items
✅ Attempt 1 successful for prime
✅ Successfully fetched 15 items for prime from primary service
📦 Full batch loaded: 15 items for prime
✅ Progressive loading completed for prime
📊 Using fixed catalog size: 15 items
✅ Attempt 1 successful for netflix
✅ Successfully fetched 15 items for netflix from primary service
📦 Full batch loaded: 15 items for netflix
✅ Progressive loading completed for netflix
🖼️ [CACHE] Cached image data for key: https://images.justwatch.com/poster/325207161/s332/img (38083 bytes)
🖼️ [CACHE] Cached image data for key: https://images.justwatch.com/poster/330535890/s332/img (69017 bytes)
🖼️ [CACHE] Cached image data for key: https://images.justwatch.com/poster/82774854/s332/img (70010 bytes)
🖼️ [CACHE] Cached image data for key: https://images.justwatch.com/poster/329121868/s332/img (53946 bytes)
🖼️ [CACHE] Cached image data for key: https://images.justwatch.com/poster/215523604/s332/img (61037 bytes)
🖼️ [CACHE] Cached image data for key: https://images.justwatch.com/poster/66901085/s332/img (47457 bytes)
🖼️ [CACHE] Cached image data for key: https://images.justwatch.com/poster/327009156/s332/img (61426 bytes)
📊 Using fixed catalog size: 15 items
📦 Full batch loaded: 15 items for trending
✅ Progressive loading completed for trending
🖼️ [CACHE] Cached image data for key: https://images.justwatch.com/poster/300177312/s332/img (74244 bytes)
🖼️ [CACHE] Cached image data for key: https://images.justwatch.com/poster/195351229/s332/img (37492 bytes)
🖼️ [CACHE] Cached image data for key: https://images.justwatch.com/poster/315856885/s332/img (67350 bytes)
🖼️ [CACHE] Cached image data for key: https://images.justwatch.com/poster/331701827/s332/img (59722 bytes)
🖼️ [CACHE] Cached image data for key: https://images.justwatch.com/poster/322709571/s332/img (58026 bytes)
🖼️ [CACHE] Cached image data for key: https://images.justwatch.com/poster/250757744/s332/img (35420 bytes)
🖼️ [CACHE] Cached image data for key: https://images.justwatch.com/poster/100721464/s332/img (39351 bytes)
🖼️ [CACHE] Cached image data for key: https://images.justwatch.com/poster/31887184/s332/img (40203 bytes)
🖼️ [CACHE] Cached image data for key: https://images.justwatch.com/poster/107996333/s332/img (40620 bytes)
🖼️ [CACHE] Cached image data for key: https://images.justwatch.com/poster/90379677/s332/img (56639 bytes)
🖼️ [CACHE] Cached image data for key: https://images.justwatch.com/poster/181836574/s332/img (40679 bytes)
🖼️ [CACHE] Cached image data for key: https://images.justwatch.com/poster/31887184/s332/img (40203 bytes)
🖼️ [CACHE] Cached image data for key: https://images.justwatch.com/poster/331531697/s332/img (48114 bytes)
🖼️ [CACHE] Cached image data for key: https://images.justwatch.com/poster/238965112/s332/img (63309 bytes)
🖼️ [CACHE] Cached image data for key: https://images.justwatch.com/poster/35006170/s332/img (61678 bytes)
🖼️ [CACHE] Cached image data for key: https://images.justwatch.com/poster/107996333/s332/img (40620 bytes)
🖼️ [CACHE] Cached image data for key: https://images.justwatch.com/poster/181716130/s332/img (52865 bytes)
🖼️ [CACHE] Cached image data for key: https://images.justwatch.com/poster/263107555/s332/img (59835 bytes)
🗑️ Cache evicted 10 items
🖼️ [CACHE] Cached image data for key: https://images.justwatch.com/poster/129198929/s332/img (60050 bytes)
🖼️ [CACHE] Cached image data for key: https://images.justwatch.com/poster/15605912/s332/img (81082 bytes)
🖼️ [CACHE] Cached image data for key: https://images.justwatch.com/poster/334757007/s332/img (41483 bytes)
🖼️ [CACHE] Cached image data for key: https://images.justwatch.com/poster/332051109/s332/img (58936 bytes)
🖼️ [CACHE] Cached image data for key: https://images.justwatch.com/poster/57711426/s332/img (36912 bytes)
🖼️ [CACHE] Cached image data for key: https://images.justwatch.com/poster/332527038/s332/img (28010 bytes)
🖼️ [CACHE] Cached image data for key: https://images.justwatch.com/poster/181559139/s332/img (56578 bytes)
🖼️ [CACHE] Cached image data for key: https://images.justwatch.com/poster/188181053/s332/img (48517 bytes)
🖼️ [CACHE] Cached image data for key: https://images.justwatch.com/poster/307275790/s332/img (54708 bytes)
🖼️ [CACHE] Cached image data for key: https://images.justwatch.com/poster/331474196/s332/img (49409 bytes)
🗑️ Cache evicted 10 items
🖼️ [CACHE] Cached image data for key: https://images.justwatch.com/poster/301298992/s332/img (50065 bytes)
🖼️ [CACHE] Cached image data for key: https://images.justwatch.com/poster/271349733/s332/img (77031 bytes)
🖼️ [CACHE] Cached image data for key: https://2025-12-17 22:30:58.703 RedLemon[32230:262690] 🎬 Creating Watch Party for: Smile 2
2025-12-17 22:30:58.704 RedLemon[32230:262828] Background: ⏳ Starting room creation (Unstructured Race)...
2025-12-17 22:30:58.705 RedLemon[32230:262828] Background: ▶️ createRoom task started (Direct Singleton Access)
2025-12-17 22:30:58.705 RedLemon[32230:262828] 🎬 SupabaseClient: createRoom called for id: Z5SX - ENTRY
2025-12-17 22:30:58.706 RedLemon[32230:262828] 🎬 SupabaseClient: Creating room 'Z5SX' for host 'ursinho'...
2025-12-17 22:30:58.829 RedLemon[32230:262828] Background: ❌ createRoom task failed: httpError(400, "{\"code\":\"P0001\",\"details\":null,\"hint\":null,\"message\":\"Free User Limit Reached: You can only host 1 room every 72 hours. Upgrade to Premium for unlimited hosting.\"}")
2025-12-17 22:30:58.830 RedLemon[32230:262690] ❌ Creation failed or timed out: httpError(400, "{\"code\":\"P0001\",\"details\":null,\"hint\":null,\"message\":\"Free User Limit Reached: You can only host 1 room every 72 hours. Upgrade to Premium for unlimited hosting.\"}")
2025-12-17 22:30:58.831 RedLemon[32230:262690] ❌ Failed to create room: httpError(400, "{\"code\":\"P0001\",\"details\":null,\"hint\":null,\"message\":\"Free User Limit Reached: You can only host 1 room every 72 hours. Upgrade to Premium for unlimited hosting.\"}")
2025-12-17 22:31:07.333 RedLemon[32230:262764] Background: ⏰ Timeout fired! Attempting to fail continuation...
