2026-01-19 10:59:05.598 RedLemon[4569:34477] 🪟 Set initial window to expanded size: (0.0, 148.0, 1366.0, 595.0)
2026-01-19 10:59:05.598 RedLemon[4569:34477] ✅ Cache cleanup timer started (runs every 30 minutes)
2026-01-19 10:59:05.705 RedLemon[4569:34477] 🔄 Resetting playback state to prevent auto-selection...
2026-01-19 10:59:05.709 RedLemon[4569:34477] ⚠️ PlayerVM: currentWatchPartyRoom set to NIL. Stack Trace unavailable, but check recent logs.
2026-01-19 10:59:05.742 RedLemon[4569:34477] ✅ Playback state reset complete - starting in browse view
2026-01-19 10:59:05.742 RedLemon[4569:34477] 🔐 APP STARTUP: Loading stored user credentials...
2026-01-19 10:59:05.742 RedLemon[4569:34477] 🧪 Testing Profile: debug
2026-01-19 10:59:05.748 RedLemon[4569:34548] 📂 Loaded 5 credential(s) from cache
2026-01-19 10:59:05.769 RedLemon[4569:34477] ✅ Keychain: Found stored username: ursinho
2026-01-19 10:59:05.769 RedLemon[4569:34477] 🔍 Supabase: Looking up user 'ursinho' in database...
2026-01-19 10:59:05.769 RedLemon[4569:34548] 🔍 SupabaseClient: Looking up user by username 'ursinho'
2026-01-19 10:59:06.322 RedLemon[4569:34553] 📡 SupabaseClient: User lookup response received (399 bytes)
2026-01-19 10:59:06.336 RedLemon[4569:34553] ✅ SupabaseClient: Decoded 1 users from response
2026-01-19 10:59:06.337 RedLemon[4569:34553] 👤 SupabaseClient: Found user - ursinho (ID: 656DAA91-33B4-4688-9135-C982EA52D7C9)
2026-01-19 10:59:06.384 RedLemon[4569:34477] ✅ AUTH SUCCESS: User authenticated - ursinho (ID: 656DAA91-33B4-4688-9135-C982EA52D7C9)
2026-01-19 10:59:06.384 RedLemon[4569:34477] 🎯 AppState: currentUsername=ursinho, currentUserId=656DAA91-33B4-4688-9135-C982EA52D7C9
2026-01-19 10:59:08.498 RedLemon[4569:34477] 🏁 AUTH COMPLETE: Final state - username=ursinho, userId=656DAA91-33B4-4688-9135-C982EA52D7C9
2026-01-19 10:59:08.506 RedLemon[4569:34477] 🚀 RedLemon: Starting HTTP server...
2026-01-19 10:59:08.506 RedLemon[4569:34477] 📋 RedLemon: Current directory: /Users/danielnoble/Desktop/Redlemon
2026-01-19 10:59:08.525 RedLemon[4569:34477] ✅ RedLemon: HTTPServer instance created
2026-01-19 10:59:08.526 RedLemon[4569:34477] ✅ RedLemon: Server marked as ready (Optimistic)
2026-01-19 10:59:08.526 RedLemon[4569:34573] 📡 RedLemon: Server starting on port 47253...
2026-01-19 10:59:08.589 RedLemon[4569:34477] ✅ RedLemon: Server should be running on http://127.0.0.1:47253
2026-01-19 10:59:08.589 RedLemon[4569:34477] 🏥 [AppState] Starting global provider health check...
2026-01-19 10:59:08.589 RedLemon[4569:34477] 🔍 Performing startup checks...
2026-01-19 10:59:08.589 RedLemon[4569:34477] ✅ Username-based authentication ready
2026-01-19 10:59:08.609 RedLemon[4569:34574] 🔐 Signed request to /check-payment
⏲️ [EventsConfig] Starting polling fallback (every 60s)
🔌 Connecting to Supabase Realtime: wss://151.243.109.243.nip.io/realtime/v1/websocket
✅ Connected to Supabase Realtime
📡 Sparkle requesting feed URL: https://151.243.109.243.nip.io/updates/appcast.xml
✅ Sparkle configured (seamless mode)
   Appcast URL: https://151.243.109.243.nip.io/updates/appcast.xml
   Can check: true
📅 EventsView appeared
📡 Joined channel: realtime:events_config_updates (interest count: 1)
✅ [EventsConfig] Subscribed to realtime schedule updates
🎬 [EventsView] Fetching movie events from centralized config...
📡 [EventsConfig] Checking server for movie_events config version...
🔍 Memory pressure monitoring enabled (safe mode)
🔍 Silent update check (custom implementation)...
📦 Current build: 123, Latest build: 123
✅ App is up to date (current: 123, latest: 123)
🖥️ CacheManager initialized with fixed conservative limits
   Image cache limit: 30 items
📡 Sparkle requesting feed URL: https://151.243.109.243.nip.io/updates/appcast.xml
✅ [EventsConfig] Fetched movie_events version 1546 with 401 movies
✅ [EventsConfig] Using cached movie_events config (version 1546, 401 movies)
✅ [EventsView] Loaded 401 movies from config version 1546
🗓 AppState: Updated schedule epoch to 2026-01-18 22:58:18 +0000
⏰ AppState: Next schedule update set for Event End: 2026-01-19 16:36:18 +0000
⏰ AppState: Scheduling update in 2232 seconds
🖼️ [CACHE] Cached image data for key: https://images.metahub.space/background/medium/tt26581740/img (117146 bytes)
🖼️ [CACHE] Cached image data for key: https://images.metahub.space/background/medium/tt1396484/img (1023800 bytes)
🖼️ [CACHE] Cached image data for key: https://images.metahub.space/background/medium/tt29644189/img (793673 bytes)
🔌 SocialService: Connecting to global presence...
🔌 Connecting to Supabase Realtime: wss://151.243.109.243.nip.io/realtime/v1/websocket
✅ Connected to Supabase Realtime
✅ SocialService: Presence connected
⏰ AppState: Next schedule update set for Event End: 2026-01-19 16:36:18 +0000
⏰ AppState: Scheduling update in 2231 seconds
⏰ AppState: Next schedule update set for Event End: 2026-01-19 16:36:18 +0000
⏰ AppState: Scheduling update in 2231 seconds
📡 Joined channel: realtime:global-presence (interest count: 1)
✅ SocialService: Connected to global presence
🔌 SocialService: Connecting to DM channel...
🔌 Connecting to Supabase Realtime: wss://151.243.109.243.nip.io/realtime/v1/websocket
✅ Connected to Supabase Realtime
✅ SocialService: DM channel connected
📈 SocialService: User 96e01cdb-36c0-4228-a6e4-a29a3c66bc8e came online
📈 SocialService: User 656daa91-33b4-4688-9135-c982ea52d7c9 came online
📡 Joined channel: realtime:direct_messages (interest count: 1)
✅ SocialService: Connected to DM channel
📬 SocialService: Fetched 0 unread messages
🔄 SocialService: Syncing 50 items to cloud...
🔄 SocialService: Syncing 50 items to cloud (serial)...
✅ Token routes registered:
   POST /tokens/save
   POST /tokens/delete
   GET  /tokens/list
✅ Unlock routes registered:
   POST /api/streams/unlock
✅ Stream routes registered:
   POST /api/streams/resolve
   GET  /api/streams/resolveByQuality
   GET  /api/streams/resolveAll
✅ Proxy routes registered:
   GET /play/rd/:infoHash/:fileIdx
   GET /play/rd/:infoHash
✅ Subtitle routes registered:
   GET /subtitles/search?imdbId=&type=
   GET /subtitles/subdl/:encodedPath
✅ All routes registered
✅ HTTP Server configured on http://127.0.0.1:47253
🚀 Starting HTTP server...
✅ Providers initialized: torrentio, comet, zilean, mediafusion, debridsearch
💰 LicenseManager: Starting hybrid license check...
[ NOTICE ] Server started on http://127.0.0.1:47253
2026-01-19 10:59:09.116 RedLemon[4569:34550] 🎬 Torrentio: Building URL for movie (no season/episode)
2026-01-19 10:59:09.117 RedLemon[4569:34550] 🔗 Torrentio URL (length: 55): https://torrentio.strem.fun/stream/movie/tt0133093.json...
✅ HTTP server running on http://127.0.0.1:47253

🔗 Available endpoints:
   http://127.0.0.1:47253/health
   http://127.0.0.1:47253/status
   http://127.0.0.1:47253/api/health

✅ SubDLClient initialized
🔌 RoomListView: Setting up realtime subscription for rooms...
📋 Fetching rooms from Supabase backend (offset: 0, limit: 20, search: '')...
📋 Fetching rooms from Supabase backend (offset: 0, limit: 20, search: '')...
📡 Joined channel: realtime:rooms_updates (interest count: 1)
✅ RoomListView: Connected to rooms realtime updates
[ INFO ] GET /api/metadata/meta/movie/tt26581740 [request-id: 09830062-B1B5-4DA9-A30D-07801E2415BB]
[ INFO ] GET /api/metadata/meta/movie/tt26581740 [request-id: 0577AD8D-311C-4969-8D7C-DA5C8787FB4A]
2026-01-19 10:59:12.820 RedLemon[4569:34549] 📦 Decoded CinemetaMeta - videos count: -1
2026-01-19 10:59:12.825 RedLemon[4569:34548] 📦 Decoded CinemetaMeta - videos count: -1
2026-01-19 10:59:12.885 RedLemon[4569:34548] 🏥 SubDL health check failed: The request timed out.
2026-01-19 10:59:12.915 RedLemon[4569:34477] ✅ [AppState] Provider health check complete (found 7 services)
2026-01-19 10:59:13.482 RedLemon[4569:34477] 🚪 Joining room: DHC2
2026-01-19 10:59:14.390 RedLemon[4569:34477] 🚪 Room is in lobby
2026-01-19 10:59:14.390 RedLemon[4569:34477] ✅ PlayerVM: currentWatchPartyRoom set to DHC2
💾 Cache SET: Metadata[meta_movie_tt26581740]
✅ Loaded 1 rooms (total: 1)
💾 Cache SET: Metadata[meta_movie_tt26581740]
✅ Loaded 1 rooms (total: 1)
🚪 Joining room: DHC2
📡 [EventsConfig] Checking server for movie_events config version...
✅ [EventsConfig] Fetched movie_events version 1546 with 401 movies
✅ [EventsConfig] Using cached movie_events config (version 1546, 401 movies)
🎭 Lobby: Connecting to room DHC2...
🚦 Lobby State: connecting
✅ Cache HIT: Metadata[meta_movie_tt26581740]
🔄 Lobby: Fetching fresh room state from Supabase...
[ INFO ] GET /api/metadata/meta/movie/tt26581740 [request-id: FEFDEEB4-D32A-42AB-B11E-B2F8B60DF4A2]
2026-01-19 10:59:14.586 RedLemon[4569:34548] 📝 Realtime: Registered observer 'lobby' (Presence: YES, Sync: NO, Status: NO)
2026-01-19 10:59:14.639 RedLemon[4569:34574] 📝 Realtime: Registered observer 'lobby' (Presence: NO, Sync: YES, Status: NO)
2026-01-19 10:59:14.809 RedLemon[4569:34477] ✅ Guest joined room DHC2 in database
2026-01-19 10:59:14.993 RedLemon[4569:34477] 📨 Lobby: Received Room UPDATE from Realtime
2026-01-19 10:59:14.993 RedLemon[4569:34477] 📨 Lobby: Received Room UPDATE from Realtime
2026-01-19 10:59:15.045 RedLemon[4569:34549] 📝 Realtime: Registered observer 'lobby' (Presence: YES, Sync: NO, Status: NO)
2026-01-19 10:59:15.045 RedLemon[4569:34549] 📝 Realtime: Registered observer 'lobby' (Presence: NO, Sync: YES, Status: NO)
2026-01-19 10:59:15.056 RedLemon[4569:34549] 📤 Realtime: Sending message type: chat, sender: 656daa91-33b4-4688-9135-c982ea52d7c9
2026-01-19 10:59:15.059 RedLemon[4569:34549]    Payload keys: chatUsername, senderId, position, type, timestamp, chatText
2026-01-19 10:59:15.060 RedLemon[4569:34573] ✅ Realtime: Message broadcast complete
2026-01-19 10:59:15.086 RedLemon[4569:34549] 🔐 SupabaseClient: Signing Identity Payload: '1768838355656daa91-33b4-4688-9135-c982ea52d7c9/rpc/room_heartbeat'
2026-01-19 10:59:15.086 RedLemon[4569:34549] 🔐 Signed request to /rpc/room_heartbeat
2026-01-19 10:59:15.184 RedLemon[4569:34549] 📨 Realtime: Received broadcast message
2026-01-19 10:59:15.185 RedLemon[4569:34549]    Payload keys: type, chatText, senderId, timestamp, position, chatUsername
2026-01-19 10:59:15.185 RedLemon[4569:34549] ✅ Realtime: Decoded message type: chat, sender: 656daa91-33b4-4688-9135-c982ea52d7c9
2026-01-19 10:59:15.202 RedLemon[4569:34477] 👋 Received: Guest 'ursinho' joined room DHC2
2026-01-19 10:59:15.499 RedLemon[4569:34477] 📨 Lobby: Received Room UPDATE from Realtime
2026-01-19 10:59:18.421 RedLemon[4569:34733] 📨 Realtime: Received broadcast message
2026-01-19 10:59:18.421 RedLemon[4569:34733]    Payload keys: senderId, position, chatUsername, chatText, type, timestamp
2026-01-19 10:59:18.421 RedLemon[4569:34733] ✅ Realtime: Decoded message type: chat, sender: 96e01cdb-36c0-4228-a6e4-a29a3c66bc8e
2026-01-19 10:59:18.422 RedLemon[4569:34477] 🎬 Guest: Received RESOLVING signal
2026-01-19 10:59:24.169 RedLemon[4569:34477] 📨 Lobby: Received Room UPDATE from Realtime
2026-01-19 10:59:24.223 RedLemon[4569:34550] 📨 Realtime: Received broadcast message
2026-01-19 10:59:24.223 RedLemon[4569:34550]    Payload keys: senderId, timestamp, chatUsername, chatText, position, type
2026-01-19 10:59:24.224 RedLemon[4569:34550] ✅ Realtime: Decoded message type: chat, sender: 96e01cdb-36c0-4228-a6e4-a29a3c66bc8e
2026-01-19 10:59:24.224 RedLemon[4569:34477] 🎬 Guest: Received PREPARE signal: LOBBY_PREPARE_PLAYBACK|4dc447b080ffdfee04789e338e3e7435c894d27b|0
2026-01-19 10:59:24.225 RedLemon[4569:34477] ✅ Guest: Extracted Hash from Payload: 4dc447b080ffdfee04789e338e3e7435c894d27b
2026-01-19 10:59:24.461 RedLemon[4569:34573] ✅ StreamService: Using provided metadata: Weapons
2026-01-19 10:59:24.461 RedLemon[4569:34573] ⚡️ StreamService: Resolving streams via StreamResolver (Bypassing HTTP)...
2026-01-19 10:59:24.462 RedLemon[4569:34573] ⚡️ StreamResolver: Resolving streams for tt26581740 (S0E0)
2026-01-19 10:59:24.462 RedLemon[4569:34553] 📝 [APP] 🎬 StreamService: Starting resolution for: Weapons ["file": "StreamService.swift", "level": "INFO", "line": "104"]
2026-01-19 10:59:24.462 RedLemon[4569:34553] 📝 [APP] SessionRecorder initialized
2026-01-19 10:59:24.462 RedLemon[4569:34553] 📝 [APP] New Session Started ["app_version": "1.0.123", "build": "123", "session_id": "F08B2899-322E-48E3-8515-8A51B774126D", "trigger_source": "preload", "user_id": "656DAA91-33B4-4688-9135-C982EA52D7C9"]
2026-01-19 10:59:24.463 RedLemon[4569:34553] 📝 [APP] Target Content Set ["imdb_id": "tt26581740"]
2026-01-19 10:59:24.463 RedLemon[4569:34553] 📝 [RESOLVER] Started Resolution ["episode": "0", "season": "0", "type": "movie"]
2026-01-19 10:59:24.685 RedLemon[4569:34573]    📅 Filtering by year: 2025
2026-01-19 10:59:24.815 RedLemon[4569:34573] 📝 [RESOLVER] Found Verified Stream ["hash": "4dc447b080ffdfee04789e338e3e7435c894d27b", "vote_count": "7"]
📡 SocialService: Updated status - In Lobby: Weapons: Weapons
🔌 Setting up Realtime channel: watch-party:DHC2
   Role: Guest
   User ID: 656daa91-33b4-4688-9135-c982ea52d7c9
📡 Left channel: realtime:rooms_updates
📡 Connection state: connected
📡 Connection state: connecting
📡 Joined channel: realtime:watch-party:DHC2 (interest count: 1)
📡 Connection state: connected
✅ Realtime channel setup complete
✅ Lobby: Loaded metadata for Weapons
✅ Lobby: Connected to Realtime
📨 Unknown event: phx_close on realtime:rooms_updates
✅ Lobby: Synced CLEAN stream info, metadata & playlist to AppState
🔄 Lobby: Fetching fresh room state from Supabase...
🔄 Lobby: Fetching fresh room state from Supabase...
✅ Lobby: Refreshed room state. isPlaying: false
🛡️ Lobby: Ensuring local media state is fresh before auto-start check...
ℹ️ RealtimeChannelManager: Already setup for room DHC2, filtering duplicate setup call.
📡 Connection state: connected
✅ Lobby: Connected to Realtime
🚦 Lobby State: connected
🔄 Lobby: Starting database polling for participants and room state...
💓 Lobby: Starting heartbeat loop...
🔄 LobbyDatabase: Starting room state polling for guests...
✅ Lobby: Synced CLEAN stream info, metadata & playlist to AppState
✅ Lobby: Synced CLEAN stream info, metadata & playlist to AppState
🔄 Lobby: Fetching fresh room state from Supabase...
✅ Lobby: Synced CLEAN stream info, metadata & playlist to AppState
⏰ AppState: Next schedule update set for Event End: 2026-01-19 16:36:18 +0000
⏰ AppState: Scheduling update in 2220 seconds
🛡️ Lobby: Auto-Join safety delay passed (8s). Enabled for late joiners.
🔄 Lobby: Fetching fresh room state from Supabase...
✅ Lobby: Synced CLEAN stream info, metadata & playlist to AppState
✅ Cache HIT: Metadata[meta_movie_tt26581740]
[2026-01-19T15:59:24Z] [INFO] [StreamService.swift:104] 🎬 StreamService: Starting resolution for: Weapons
🎬 StreamService: Resolving movie - trusted pack filtering will be applied server-side
🛡️ StreamResolver: Loaded 5 blocked streams from blacklist
⚡️ StreamResolver: Found Community Verified stream with 7 votes!
   ℹ️ Hash: 4dc447b080ffdfee04789e338e3e7435c894d27b
   ℹ️ Last Verified: 2026-01-19 03:24:51 +0000
🔍 Searching SubDL: tt26581740 (movie)
⏰ AppState: Next schedule update set for Event End: 2026-01-19 16:36:18 +0000
⏰ AppState: Scheduling update in 2211 seconds
❌ StreamResolver: Subtitle error: Error Domain=NSURLErrorDomain Code=-999 "cancelled" UserInfo={NSErrorFailingURLStringKey=https://api.subdl.com/api/v1/subtitles?api_key=aGS2S1FTQ3441_1JAJaATPtgNVrcEhr7&imdb_id=tt26581740&languages=en&type=movie, NSErrorFailingURLKey=https://api.subdl.com/api/v1/subtitles?api_key=aGS2S1FTQ3441_1JAJaATPtgNVrcEhr7&imdb_id=tt26581740&languages=en&type=movie, _NSURLErrorRelatedURLSessionTaskErrorKey=(
    "LocalDataTask <89C5AD8F-D886-42C6-AF47-3C0AF2AE63B7>.<1>"
), _NSURLErrorFailingURLSessionTaskErrorKey=LocalDataTask <89C5AD8F-D886-42C6-AF47-3C0AF2AE63B7>.<1>, NSLocalizedDescription=cancelled}
⚠️ StreamResolver: Verified stream subtitle attachment timed out.
⚡️ StreamResolver: SHORT CIRCUIT - Returning verified stream immediately.
⚡️ StreamService: Testing verified stream viability...
🔓 StreamService: Unlocking with infoHash: 4dc447b080ff...
[ INFO ] POST /api/streams/unlock [request-id: 09460AF4-A7E2-4CFE-BC03-AE610EB9929A]
2026-01-19 10:59:28.129 RedLemon[4569:34548] 🔓 Unlock request: infoHash=4dc447b080ff..., fileIdx=0
2026-01-19 10:59:28.129 RedLemon[4569:34548] ✅ Token found, attempting unlock...
2026-01-19 10:59:30.166 RedLemon[4569:34550] ✅ Unlocked successfully: Weapons.2025.1080p.WEBRip.x264.AAC5.1-[YTS.MX].mp4
2026-01-19 10:59:30.170 RedLemon[4569:34734] 📝 [RESOLVER] Stream Unlocked ["filename": "Weapons.2025.1080p.WEBRip.x264.AAC5.1-[YTS.MX].mp4", "is_generic": "false", "original_title": "Community Verified Stream (1080p)", "url_host": "chi8-4.download.real-debrid.com"]
2026-01-19 10:59:30.170 RedLemon[4569:34477] ✅ Guest: Stream preloaded with URL: https://chi8-4.download.real-debrid.com/d/UKEL4AMCYIBCW20/Weapons.2025.1080p.WEB
2026-01-19 10:59:30.170 RedLemon[4569:34477] ✅ Guest: Stream preloaded. Sending READY signal.
2026-01-19 10:59:30.171 RedLemon[4569:34734] 📤 Realtime: Sending message type: chat, sender: 656daa91-33b4-4688-9135-c982ea52d7c9
2026-01-19 10:59:30.171 RedLemon[4569:34734]    Payload keys: position, type, chatUsername, chatText, senderId, timestamp
2026-01-19 10:59:30.183 RedLemon[4569:34734] ✅ Realtime: Message broadcast complete
2026-01-19 10:59:30.306 RedLemon[4569:34734] 📨 Realtime: Received broadcast message
2026-01-19 10:59:30.306 RedLemon[4569:34734]    Payload keys: senderId, chatUsername, timestamp, type, chatText, position
2026-01-19 10:59:30.307 RedLemon[4569:34734] ✅ Realtime: Decoded message type: chat, sender: 656daa91-33b4-4688-9135-c982ea52d7c9
2026-01-19 10:59:30.723 RedLemon[4569:34553] 📨 Realtime: Received broadcast message
2026-01-19 10:59:30.723 RedLemon[4569:34553]    Payload keys: timestamp, chatUsername, chatText, position, senderId, type
2026-01-19 10:59:30.723 RedLemon[4569:34553] ✅ Realtime: Decoded message type: chat, sender: 96e01cdb-36c0-4228-a6e4-a29a3c66bc8e
2026-01-19 10:59:30.724 RedLemon[4569:34477] 🎬 Guest: Received LOBBY_START_COUNTDOWN signal
2026-01-19 10:59:30.724 RedLemon[4569:34477] 🎬 Guest: Received LOBBY_START_COUNTDOWN signal processing
2026-01-19 10:59:30.852 RedLemon[4569:34477] ✅ Guest: Synced stream info from Host (Hash: 4dc447b0) - URL cleared for fresh unlock
2026-01-19 10:59:30.852 RedLemon[4569:34477] 🛡️ Guest: preResolvedStream cleared to force fresh RD link
2026-01-19 10:59:30.924 RedLemon[4569:34477] 🗑️ Guest: RD cache cleared for hash: 4dc447b0...
2026-01-19 10:59:30.925 RedLemon[4569:34477] 📨 Lobby: Received Room UPDATE from Realtime
2026-01-19 10:59:33.113 RedLemon[4569:34477] 📨 Lobby: Received Room UPDATE from Realtime
2026-01-19 10:59:34.000 RedLemon[4569:34734] 📨 Realtime: Received broadcast message
2026-01-19 10:59:34.000 RedLemon[4569:34734]    Payload keys: chatText, position, type, chatUsername, senderId, timestamp
2026-01-19 10:59:34.000 RedLemon[4569:34734] ✅ Realtime: Decoded message type: chat, sender: 96e01cdb-36c0-4228-a6e4-a29a3c66bc8e
2026-01-19 10:59:34.001 RedLemon[4569:34477] 🎬 Guest: Received LOBBY_PLAYBACK_STARTED signal from Host
2026-01-19 10:59:34.001 RedLemon[4569:34477] 🎬 Guest: Launching player for Weapons (Synced Start)
2026-01-19 10:59:34.243 RedLemon[4569:34477] 🎬 Guest: Fetch took 0.200s, finished countdown loop
2026-01-19 10:59:34.244 RedLemon[4569:34477] 📡 Fetching metadata for tt26581740...
2026-01-19 10:59:34.324 RedLemon[4569:34477] 🎬 PlayerVM: Using Playlist Metadata: S0E0
2026-01-19 10:59:34.324 RedLemon[4569:34477] 🚀 PlayerVM: Using DIRECT UNLOCK path (Guest Optimization)
2026-01-19 10:59:34.324 RedLemon[4569:34477]    Hash: 4dc447b080ff...
2026-01-19 10:59:34.325 RedLemon[4569:34477] 🗑️ PlayerVM: RD cache cleared for direct unlock
✅ RD addMagnet: 5FJG7O2FJ27HA
🎬 Movie: Found matching file for title 'Weapons': /Weapons.2025.1080p.WEBRip.x264.AAC5.1-[YTS.MX].mp4
📝 RD: Selecting file ID 4 for torrent 5FJG7O2FJ27HA
📊 RD poll 1/2: status=downloaded, links=1
🔗 Unrestricting link: https://real-debrid.com/d/D5LTHFJDOKVLE377
✅ StreamService: Stream unlocked successfully!
✅ StreamService: Verified stream is VIABLE. Returning immediately.
📝 Guest: Marked session as started (Idempotency Lock): 4dc447b0
🗑️ RD cache cleared for hash: 4dc447b080ff... (1 entries)
🔄 Lobby: Fetching fresh room state from Supabase...
✅ Lobby: Synced CLEAN stream info, metadata & playlist to AppState
🔄 Lobby: Fetching fresh room state from Supabase...
✅ Lobby: Synced CLEAN stream info, metadata & playlist to AppState
✅ Cache HIT: Metadata[meta_movie_tt26581740]
🔓 StreamService: Unlocking with infoHash: 4dc447b080ff...
[ INFO ] POST /api/streams/unlock [request-id: 8C897A9B-7D80-479B-BE7F-C7582D1A3336]
2026-01-19 10:59:34.338 RedLemon[4569:34902] 🔓 Unlock request: infoHash=4dc447b080ff..., fileIdx=0
2026-01-19 10:59:34.338 RedLemon[4569:34902] ✅ Token found, attempting unlock...
2026-01-19 10:59:34.370 RedLemon[4569:34477] 🎬 Guest: Countdown finished. Waiting for Host PLAYBACK_STARTED signal...
2026-01-19 10:59:35.885 RedLemon[4569:34548] ✅ Unlocked successfully: Weapons.2025.1080p.WEBRip.x264.AAC5.1-[YTS.MX].mp4
2026-01-19 10:59:35.888 RedLemon[4569:34550] 📝 [RESOLVER] Stream Unlocked ["filename": "Weapons.2025.1080p.WEBRip.x264.AAC5.1-[YTS.MX].mp4", "is_generic": "false", "original_title": "Shared Stream (Direct)", "url_host": "chi8-4.download.real-debrid.com"]
2026-01-19 10:59:35.888 RedLemon[4569:34477] ✅ PlayerVM: Direct unlock succeeded! URL: https://chi8-4.download.real-debrid.com/d/UKEL4AMCYIBCW20/We
✅ RD addMagnet: KD7HMLZYHWJ5Q
🎬 Movie: Found matching file for title 'Weapons': /Weapons.2025.1080p.WEBRip.x264.AAC5.1-[YTS.MX].mp4
📝 RD: Selecting file ID 4 for torrent KD7HMLZYHWJ5Q
📊 RD poll 1/2: status=downloaded, links=1
🔗 Unrestricting link: https://real-debrid.com/d/D5LTHFJDOKVLE377
✅ StreamService: Stream unlocked successfully!
[ INFO ] GET /subtitles/search [request-id: 9DA2D691-1674-4010-9FEC-E5E35CB3FB14]
2026-01-19 10:59:36.086 RedLemon[4569:34548] 📨 Realtime: Received broadcast message
2026-01-19 10:59:36.086 RedLemon[4569:34548]    Payload keys: position, isPlaying, senderId, timestamp, type
2026-01-19 10:59:36.086 RedLemon[4569:34548] ✅ Realtime: Decoded message type: playbackState, sender: DHC2
2026-01-19 10:59:36.086 RedLemon[4569:34477] ⚠️ Received Realtime message with no chat text
2026-01-19 10:59:36.096 RedLemon[4569:34548] 📨 Realtime: Received broadcast message
2026-01-19 10:59:36.096 RedLemon[4569:34548]    Payload keys: timestamp, isPlaying, position, senderId, type
2026-01-19 10:59:36.096 RedLemon[4569:34548] ✅ Realtime: Decoded message type: ready, sender: 96e01cdb-36c0-4228-a6e4-a29a3c66bc8e
2026-01-19 10:59:36.097 RedLemon[4569:34477] ⚠️ Received Realtime message with no chat text
2026-01-19 10:59:37.117 RedLemon[4569:34477] 🛡️ Lobby: User 96e01cdb-36c0-4228-a6e4-a29a3c66bc8e remains online (Remaining Refs: 1)
2026-01-19 10:59:37.995 RedLemon[4569:34902] 📨 Realtime: Received broadcast message
2026-01-19 10:59:37.996 RedLemon[4569:34902]    Payload keys: position, isPlaying, senderId, timestamp, type
2026-01-19 10:59:37.996 RedLemon[4569:34902] ✅ Realtime: Decoded message type: playbackState, sender: DHC2
2026-01-19 10:59:37.996 RedLemon[4569:34477] ⚠️ Received Realtime message with no chat text
2026-01-19 10:59:38.913 RedLemon[4569:34477] 🔄 Checking for app updates...
2026-01-19 10:59:40.014 RedLemon[4569:34548] 📨 Realtime: Received broadcast message
2026-01-19 10:59:40.014 RedLemon[4569:34548]    Payload keys: isPlaying, type, timestamp, senderId, position
2026-01-19 10:59:40.015 RedLemon[4569:34548] ✅ Realtime: Decoded message type: playbackState, sender: DHC2
2026-01-19 10:59:40.015 RedLemon[4569:34477] ⚠️ Received Realtime message with no chat text
2026-01-19 10:59:41.986 RedLemon[4569:34902] 📨 Realtime: Received broadcast message
2026-01-19 10:59:41.986 RedLemon[4569:34902]    Payload keys: type, position, isPlaying, senderId, timestamp
2026-01-19 10:59:41.987 RedLemon[4569:34902] ✅ Realtime: Decoded message type: playbackState, sender: DHC2
2026-01-19 10:59:41.987 RedLemon[4569:34477] ⚠️ Received Realtime message with no chat text
2026-01-19 10:59:43.984 RedLemon[4569:34548] 📨 Realtime: Received broadcast message
2026-01-19 10:59:43.984 RedLemon[4569:34548]    Payload keys: position, isPlaying, timestamp, senderId, type
2026-01-19 10:59:43.985 RedLemon[4569:34548] ✅ Realtime: Decoded message type: playbackState, sender: DHC2
2026-01-19 10:59:43.985 RedLemon[4569:34477] ⚠️ Received Realtime message with no chat text
2026-01-19 10:59:44.059 RedLemon[4569:34477] ✅ Direct Unlock: Found 9 SubDL subtitles
2026-01-19 10:59:44.060 RedLemon[4569:34477] ✅ Direct Unlock: Attached 9 SubDL subtitles to stream
2026-01-19 10:59:44.147 RedLemon[4569:34477] ✅ Stream ready, starting playback...
2026-01-19 10:59:44.200 RedLemon[4569:34902] 📝 Realtime: Registered observer 'player' (Presence: YES, Sync: NO, Status: NO)
2026-01-19 10:59:44.205 RedLemon[4569:34553] 📝 Realtime: Registered observer 'player' (Presence: NO, Sync: YES, Status: NO)
2026-01-19 10:59:44.206 RedLemon[4569:34553] 📝 [PLAYER] Resumed
2026-01-19 10:59:44.240 RedLemon[4569:34733] 📝 [PLAYER] Load Video (Smart) ["url": "https://chi8-4.download.real-debrid.com/d/UKEL4AMCYIBCW20/Weapons.2025.1080p.WEBRip.x264.AAC5.1-%5BYTS.MX%5D.mp4"]
🔍 Searching SubDL: tt26581740 (movie)
   ℹ️ Fallback Name: Weapons (2025)
⏰ AppState: Next schedule update set for Event End: 2026-01-19 16:36:18 +0000
⏰ AppState: Scheduling update in 2201 seconds
⚠️ LicenseManager: Payment sweep failed (non-fatal): Error Domain=NSURLErrorDomain Code=-1001 "The request timed out." UserInfo={_kCFStreamErrorCodeKey=-2103, _NSURLErrorFailingURLSessionTaskErrorKey=LocalDataTask <27F53C48-2900-4DDF-8C23-C49701C1140B>.<1>, _NSURLErrorRelatedURLSessionTaskErrorKey=(
    "LocalDataTask <27F53C48-2900-4DDF-8C23-C49701C1140B>.<1>"
), NSLocalizedDescription=The request timed out., NSErrorFailingURLStringKey=https://151.243.109.243.nip.io/functions/v1/check-payment, NSErrorFailingURLKey=https://151.243.109.243.nip.io/functions/v1/check-payment, _kCFStreamErrorDomainKey=4}
👤 LicenseManager: Profile expiry: Optional(2026-02-11 06:00:30 +0000)
🔍 Silent update check (custom implementation)...
⏰ TimeService: Synchronizing clock with server...
🎉 License updated! Expires: 2026-02-11 06:00:30 +0000
📦 Current build: 123, Latest build: 123
✅ App is up to date (current: 123, latest: 123)
✅ TimeService: Synced! Offset: 0.119s (RTT: 254ms)
   Local:  2026-01-19 15:59:39 +0000
   Server: 2026-01-19 15:59:39 +0000
✅ Found 9 subtitles from SubDL (Primary)
🔌 Setting up Realtime channel: watch-party:DHC2
   Role: Guest
   User ID: 656DAA91-33B4-4688-9135-C982EA52D7C9
📡 Connection state: connected
📡 Connection state: connecting
📡 Topic realtime:watch-party:DHC2 already joined (interest count: 2), skipping phx_join
📡 Connection state: connected
✅ Realtime channel setup complete
✅ Cache HIT: Metadata[meta_movie_tt26581740]
[ INFO ] GET /subtitles/subdl/L3N1YnRpdGxlLzM1MDI3ODctODQyNTIzNC56aXA= [request-id: E09AC938-A9F2-4970-892A-9323BC0C1FD4]
2026-01-19 10:59:44.419 RedLemon[4569:34477] 📨 Lobby: Received Room UPDATE from Realtime
2026-01-19 10:59:44.419 RedLemon[4569:34477] 📨 Lobby: Received Room UPDATE from Realtime
2026-01-19 10:59:44.524 RedLemon[4569:34548] 📝 [PLAYER] Playback State Changed ["state": "Paused"]
2026-01-19 10:59:44.524 RedLemon[4569:34548] 📝 [PLAYER] Buffering Started
📄 Subtitle request: L3N1YnRpdGxlLzM1MDI3... (offset: 0ms)
📥 Downloading subtitle from SubDL CDN: /subtitle/3502787-8425234.zip
📡 SocialService: Updated status - online: Weapons
🔄 Lobby: Fetching fresh room state from Supabase...
🔄 Lobby: Fetching fresh room state from Supabase...
⏰ AppState: Next schedule update set for Event End: 2026-01-19 16:36:18 +0000
⏰ AppState: Scheduling update in 2194 seconds
✅ Download complete: 40716 bytes
📦 Detected ZIP archive, extracting...
🔍 Calculating compatibility scores for 1 files...
✅ Selected best match by compatibility score (5): Weapons.(2025) eng.srt
📦 Extracting specific file: Weapons.(2025) eng.srt
♻️ Lobby: Room stopped playing. Resetting auto-start session ID.
✅ Lobby: Synced CLEAN stream info, metadata & playlist to AppState
✅ Extraction successful
✅ Lobby: Synced CLEAN stream info, metadata & playlist to AppState
✅ Subtitle downloaded and converted to VTT
[ INFO ] GET /subtitles/subdl/L3N1YnRpdGxlLzM1MTI2MDEtODQzNTE3MS56aXA= [request-id: AA289D05-F92C-4558-A37E-2324B090E1E4]
📄 Subtitle request: L3N1YnRpdGxlLzM1MTI2... (offset: 0ms)
📥 Downloading subtitle from SubDL CDN: /subtitle/3512601-8435171.zip
✅ Download complete: 36126 bytes
📦 Detected ZIP archive, extracting...
🔍 Calculating compatibility scores for 1 files...
✅ Selected best match by compatibility score (20): Weapons.2025.1080p.BluRay.x265-YAWNTiC_eng.srt
📦 Extracting specific file: Weapons.2025.1080p.BluRay.x265-YAWNTiC_eng.srt
✅ Extraction successful
✅ Subtitle downloaded and converted to VTT
[ INFO ] GET /subtitles/subdl/L3N1YnRpdGxlLzM1MTI1OTktODQzNTE3MC56aXA= [request-id: 9FA16DA0-5471-417F-84A5-83B35DF7E857]
2026-01-19 10:59:46.052 RedLemon[4569:34733] 📨 Realtime: Received broadcast message
2026-01-19 10:59:46.052 RedLemon[4569:34548] 📨 Realtime: Received broadcast message
2026-01-19 10:59:46.052 RedLemon[4569:34548]    Payload keys: senderId, isPlaying, position, timestamp, type
2026-01-19 10:59:46.052 RedLemon[4569:34733]    Payload keys: senderId, isPlaying, position, timestamp, type
2026-01-19 10:59:46.052 RedLemon[4569:34548] ✅ Realtime: Decoded message type: playbackState, sender: DHC2
2026-01-19 10:59:46.052 RedLemon[4569:34733] ✅ Realtime: Decoded message type: playbackState, sender: DHC2
2026-01-19 10:59:46.179 RedLemon[4569:34733] 📝 [PLAYER] File Loaded ["duration": "7709.599999999999"]
2026-01-19 10:59:46.179 RedLemon[4569:34477] ⚠️ Received Realtime message with no chat text
2026-01-19 10:59:46.293 RedLemon[4569:34902] 📤 Realtime: Sending message type: ready, sender: 656daa91-33b4-4688-9135-c982ea52d7c9
2026-01-19 10:59:46.293 RedLemon[4569:34902]    Payload keys: position, senderId, type, isPlaying, timestamp
2026-01-19 10:59:46.294 RedLemon[4569:34550] ✅ Realtime: Message broadcast complete
2026-01-19 10:59:46.419 RedLemon[4569:34981] 📨 Realtime: Received broadcast message
2026-01-19 10:59:46.419 RedLemon[4569:34733] 📨 Realtime: Received broadcast message
2026-01-19 10:59:46.419 RedLemon[4569:34981]    Payload keys: type, isPlaying, position, timestamp, senderId
2026-01-19 10:59:46.419 RedLemon[4569:34733]    Payload keys: type, isPlaying, position, timestamp, senderId
2026-01-19 10:59:46.419 RedLemon[4569:34981] ✅ Realtime: Decoded message type: ready, sender: 656daa91-33b4-4688-9135-c982ea52d7c9
2026-01-19 10:59:46.420 RedLemon[4569:34733] ✅ Realtime: Decoded message type: ready, sender: 656daa91-33b4-4688-9135-c982ea52d7c9
2026-01-19 10:59:46.764 RedLemon[4569:34477] ⚠️ Received Realtime message with no chat text
2026-01-19 10:59:47.470 RedLemon[4569:34477] 🛡️ Lobby: User 656daa91-33b4-4688-9135-c982ea52d7c9 remains online (Remaining Refs: 1)
2026-01-19 10:59:47.637 RedLemon[4569:34733] 📨 Realtime: Received broadcast message
2026-01-19 10:59:47.637 RedLemon[4569:34981] 📨 Realtime: Received broadcast message
2026-01-19 10:59:47.637 RedLemon[4569:34733]    Payload keys: isPlaying, timestamp, senderId, type, position
2026-01-19 10:59:47.637 RedLemon[4569:34981]    Payload keys: isPlaying, timestamp, senderId, type, position
2026-01-19 10:59:47.637 RedLemon[4569:34981] ✅ Realtime: Decoded message type: play, sender: 96e01cdb-36c0-4228-a6e4-a29a3c66bc8e
2026-01-19 10:59:47.637 RedLemon[4569:34733] ✅ Realtime: Decoded message type: play, sender: 96e01cdb-36c0-4228-a6e4-a29a3c66bc8e
2026-01-19 10:59:47.638 RedLemon[4569:34477] ⚠️ Received Realtime message with no chat text
2026-01-19 10:59:47.781 RedLemon[4569:34733] 📝 [PLAYER] Playback State Changed ["state": "Playing"]
2026-01-19 10:59:48.014 RedLemon[4569:34548] 📨 Realtime: Received broadcast message
2026-01-19 10:59:48.014 RedLemon[4569:34902] 📨 Realtime: Received broadcast message
2026-01-19 10:59:48.015 RedLemon[4569:34902]    Payload keys: timestamp, type, isPlaying, position, senderId
2026-01-19 10:59:48.015 RedLemon[4569:34548]    Payload keys: timestamp, type, isPlaying, position, senderId
2026-01-19 10:59:48.015 RedLemon[4569:34548] ✅ Realtime: Decoded message type: playbackState, sender: DHC2
2026-01-19 10:59:48.015 RedLemon[4569:34902] ✅ Realtime: Decoded message type: playbackState, sender: DHC2
2026-01-19 10:59:48.020 RedLemon[4569:34477] ⚠️ Received Realtime message with no chat text
2026-01-19 10:59:50.052 RedLemon[4569:34902] 📨 Realtime: Received broadcast message
2026-01-19 10:59:50.052 RedLemon[4569:34553] 📨 Realtime: Received broadcast message
2026-01-19 10:59:50.052 RedLemon[4569:34902]    Payload keys: type, position, timestamp, senderId, isPlaying
2026-01-19 10:59:50.053 RedLemon[4569:34553]    Payload keys: type, position, timestamp, senderId, isPlaying
2026-01-19 10:59:50.053 RedLemon[4569:34902] ✅ Realtime: Decoded message type: playbackState, sender: DHC2
2026-01-19 10:59:50.054 RedLemon[4569:34553] ✅ Realtime: Decoded message type: playbackState, sender: DHC2
2026-01-19 10:59:50.084 RedLemon[4569:34477] ⚠️ Received Realtime message with no chat text
2026-01-19 10:59:50.327 RedLemon[4569:34902] 🔐 SupabaseClient: Signing Identity Payload: '1768838390656daa91-33b4-4688-9135-c982ea52d7c9/rpc/room_heartbeat'
2026-01-19 10:59:50.328 RedLemon[4569:34902] 🔐 Signed request to /rpc/room_heartbeat
2026-01-19 10:59:50.803 RedLemon[4569:34477] 📨 Lobby: Received Room UPDATE from Realtime
2026-01-19 10:59:52.107 RedLemon[4569:34550] 📨 Realtime: Received broadcast message
2026-01-19 10:59:52.107 RedLemon[4569:34733] 📨 Realtime: Received broadcast message
2026-01-19 10:59:52.107 RedLemon[4569:34550]    Payload keys: type, timestamp, position, senderId, isPlaying
2026-01-19 10:59:52.108 RedLemon[4569:34733]    Payload keys: type, timestamp, position, senderId, isPlaying
2026-01-19 10:59:52.108 RedLemon[4569:34733] ✅ Realtime: Decoded message type: playbackState, sender: DHC2
2026-01-19 10:59:52.108 RedLemon[4569:34550] ✅ Realtime: Decoded message type: playbackState, sender: DHC2
2026-01-19 10:59:52.121 RedLemon[4569:34477] ⚠️ Received Realtime message with no chat text
2026-01-19 10:59:52.910 RedLemon[4569:34553] 📨 Realtime: Received broadcast message
2026-01-19 10:59:52.910 RedLemon[4569:34902] 📨 Realtime: Received broadcast message
2026-01-19 10:59:52.910 RedLemon[4569:34553]    Payload keys: type, timestamp, position, senderId, isPlaying
2026-01-19 10:59:52.910 RedLemon[4569:34902]    Payload keys: type, timestamp, position, senderId, isPlaying
2026-01-19 10:59:52.911 RedLemon[4569:34553] ✅ Realtime: Decoded message type: returnToLobby, sender: 96e01cdb-36c0-4228-a6e4-a29a3c66bc8e
2026-01-19 10:59:52.911 RedLemon[4569:34902] ✅ Realtime: Decoded message type: returnToLobby, sender: 96e01cdb-36c0-4228-a6e4-a29a3c66bc8e
2026-01-19 10:59:52.959 RedLemon[4569:34477] ⚠️ Received Realtime message with no chat text
2026-01-19 10:59:52.960 RedLemon[4569:34477] 📨 Lobby: Received Room UPDATE from Realtime
2026-01-19 10:59:53.020 RedLemon[4569:34548] 📝 [PLAYER] Playback State Changed ["state": "Paused"]
2026-01-19 10:59:53.938 RedLemon[4569:34477] 📨 Lobby: Received Room UPDATE from Realtime
2026-01-19 10:59:53.949 RedLemon[4569:34553] 📨 Realtime: Received broadcast message
2026-01-19 10:59:53.949 RedLemon[4569:34548] 📨 Realtime: Received broadcast message
2026-01-19 10:59:53.949 RedLemon[4569:34553]    Payload keys: isPlaying, timestamp, position, chatText, type, chatUsername, senderId
2026-01-19 10:59:53.949 RedLemon[4569:34548]    Payload keys: isPlaying, timestamp, position, chatText, type, chatUsername, senderId
2026-01-19 10:59:53.949 RedLemon[4569:34553] ✅ Realtime: Decoded message type: returnToLobby, sender: 96e01cdb-36c0-4228-a6e4-a29a3c66bc8e
2026-01-19 10:59:53.949 RedLemon[4569:34548] ✅ Realtime: Decoded message type: returnToLobby, sender: 96e01cdb-36c0-4228-a6e4-a29a3c66bc8e
2026-01-19 10:59:53.950 RedLemon[4569:34477] ⚠️ Unknown lobby command received: 'LOBBY_RETURN' from Host (Hex: 4c 4f 42 42 59 5f 52 45 54 55 52 4e)
2026-01-19 10:59:54.120 RedLemon[4569:34550] 📝 Realtime: Unregistered observer 'player'
2026-01-19 10:59:54.788 RedLemon[4569:34477] 📨 Lobby: Received Room UPDATE from Realtime
2026-01-19 10:59:54.814 RedLemon[4569:34548] ❌ [10:59:54.814] [NETWORK] [SupabaseClient.swift:336] Supabase API Error: duplicate key value violates unique constraint "room_participants_pkey"
2026-01-19 10:59:54.814 RedLemon[4569:34548] ⚠️ SupabaseClient: User already in room (Caught: duplicate key value violates unique constraint "room_participants_pkey"), proceeding...
2026-01-19 10:59:54.814 RedLemon[4569:34477] ✅ Guest joined room DHC2 in database
2026-01-19 10:59:54.982 RedLemon[4569:34733] 📝 Realtime: Registered observer 'lobby' (Presence: YES, Sync: NO, Status: NO)
2026-01-19 10:59:54.982 RedLemon[4569:34553] 📝 Realtime: Registered observer 'lobby' (Presence: NO, Sync: YES, Status: NO)
2026-01-19 10:59:55.003 RedLemon[4569:34553] 📤 Realtime: Sending message type: chat, sender: 656daa91-33b4-4688-9135-c982ea52d7c9
2026-01-19 10:59:55.003 RedLemon[4569:34553]    Payload keys: chatText, timestamp, chatUsername, type, position, senderId
2026-01-19 10:59:55.004 RedLemon[4569:34733] ✅ Realtime: Message broadcast complete
2026-01-19 10:59:55.016 RedLemon[4569:34902] 🔐 SupabaseClient: Signing Identity Payload: '1768838395656daa91-33b4-4688-9135-c982ea52d7c9/rpc/room_heartbeat'
2026-01-19 10:59:55.018 RedLemon[4569:34902] 🔐 Signed request to /rpc/room_heartbeat
2026-01-19 10:59:55.049 RedLemon[4569:34477] ⚠️ Lobby: Failed to poll participants: Error Domain=NSURLErrorDomain Code=-999 "cancelled" UserInfo={NSErrorFailingURLStringKey=https://151.243.109.243.nip.io/rest/v1/room_participants?room_id=eq.DHC2&select=*, NSErrorFailingURLKey=https://151.243.109.243.nip.io/rest/v1/room_participants?room_id=eq.DHC2&select=*, _NSURLErrorRelatedURLSessionTaskErrorKey=(
    "LocalDataTask <8A02C45B-8A9A-4552-8D4C-37D534F7B380>.<186>"
), _NSURLErrorFailingURLSessionTaskErrorKey=LocalDataTask <8A02C45B-8A9A-4552-8D4C-37D534F7B380>.<186>, NSLocalizedDescription=cancelled}
2026-01-19 10:59:55.136 RedLemon[4569:34968] 📨 Realtime: Received broadcast message
2026-01-19 10:59:55.136 RedLemon[4569:34553] 📨 Realtime: Received broadcast message
2026-01-19 10:59:55.136 RedLemon[4569:34553]    Payload keys: chatUsername, chatText, type, timestamp, position, senderId
2026-01-19 10:59:55.136 RedLemon[4569:34968]    Payload keys: chatUsername, chatText, type, timestamp, position, senderId
2026-01-19 10:59:55.137 RedLemon[4569:34968] ✅ Realtime: Decoded message type: chat, sender: 656daa91-33b4-4688-9135-c982ea52d7c9
2026-01-19 10:59:55.137 RedLemon[4569:34553] ✅ Realtime: Decoded message type: chat, sender: 656daa91-33b4-4688-9135-c982ea52d7c9
2026-01-19 10:59:55.137 RedLemon[4569:34477] 👋 Received: Guest 'ursinho' joined room DHC2
2026-01-19 10:59:55.349 RedLemon[4569:34477] 📨 Lobby: Received Room UPDATE from Realtime
2026-01-19 10:59:57.109 RedLemon[4569:34553] 📨 Realtime: Received broadcast message
2026-01-19 10:59:57.109 RedLemon[4569:34968] 📨 Realtime: Received broadcast message
2026-01-19 10:59:57.109 RedLemon[4569:34553]    Payload keys: senderId, timestamp, chatText, position, chatUsername, type
2026-01-19 10:59:57.110 RedLemon[4569:34553] ✅ Realtime: Decoded message type: chat, sender: 96e01cdb-36c0-4228-a6e4-a29a3c66bc8e
2026-01-19 10:59:57.110 RedLemon[4569:34968]    Payload keys: senderId, timestamp, chatText, position, chatUsername, type
2026-01-19 10:59:57.110 RedLemon[4569:34477] 🎬 Guest: Received RESOLVING signal
2026-01-19 10:59:57.110 RedLemon[4569:34968] ✅ Realtime: Decoded message type: chat, sender: 96e01cdb-36c0-4228-a6e4-a29a3c66bc8e
2026-01-19 11:00:00.950 RedLemon[4569:34477] 📨 Lobby: Received Room UPDATE from Realtime
2026-01-19 11:00:00.978 RedLemon[4569:34553] 📨 Realtime: Received broadcast message
2026-01-19 11:00:00.978 RedLemon[4569:34550] 📨 Realtime: Received broadcast message
2026-01-19 11:00:00.978 RedLemon[4569:34553]    Payload keys: chatText, timestamp, type, position, chatUsername, senderId
2026-01-19 11:00:00.978 RedLemon[4569:34550]    Payload keys: chatText, timestamp, type, position, chatUsername, senderId
2026-01-19 11:00:00.978 RedLemon[4569:34553] ✅ Realtime: Decoded message type: chat, sender: 96e01cdb-36c0-4228-a6e4-a29a3c66bc8e
2026-01-19 11:00:00.978 RedLemon[4569:34550] ✅ Realtime: Decoded message type: chat, sender: 96e01cdb-36c0-4228-a6e4-a29a3c66bc8e
2026-01-19 11:00:00.978 RedLemon[4569:34477] 🎬 Guest: Received PREPARE signal: LOBBY_PREPARE_PLAYBACK|4dc447b080ffdfee04789e338e3e7435c894d27b|0
2026-01-19 11:00:00.979 RedLemon[4569:34477] ✅ Guest: Extracted Hash from Payload: 4dc447b080ffdfee04789e338e3e7435c894d27b
2026-01-19 11:00:01.219 RedLemon[4569:34548] ✅ StreamService: Using provided metadata: Weapons
2026-01-19 11:00:01.219 RedLemon[4569:34548] ⚡️ StreamService: Resolving streams via StreamResolver (Bypassing HTTP)...
2026-01-19 11:00:01.219 RedLemon[4569:34548] ⚡️ StreamResolver: Resolving streams for tt26581740 (S0E0)
2026-01-19 11:00:01.219 RedLemon[4569:34553] 📝 [APP] 🎬 StreamService: Starting resolution for: Weapons ["file": "StreamService.swift", "level": "INFO", "line": "104"]
2026-01-19 11:00:01.220 RedLemon[4569:34553] 📝 [APP] New Session Started ["app_version": "1.0.123", "build": "123", "session_id": "2E27343C-1EEA-40C1-A219-E6DE3D191E97", "trigger_source": "preload", "user_id": "656DAA91-33B4-4688-9135-C982EA52D7C9"]
2026-01-19 11:00:01.220 RedLemon[4569:34553] 📝 [APP] Target Content Set ["imdb_id": "tt26581740"]
2026-01-19 11:00:01.220 RedLemon[4569:34553] 📝 [RESOLVER] Started Resolution ["episode": "0", "season": "0", "type": "movie"]
2026-01-19 11:00:01.446 RedLemon[4569:34553]    📅 Filtering by year: 2025
2026-01-19 11:00:01.709 RedLemon[4569:34553] 📝 [RESOLVER] Found Verified Stream ["hash": "4dc447b080ffdfee04789e338e3e7435c894d27b", "vote_count": "7"]
📄 Subtitle request: L3N1YnRpdGxlLzM1MTI1... (offset: 0ms)
📥 Downloading subtitle from SubDL CDN: /subtitle/3512599-8435170.zip
✅ Download complete: 42012 bytes
📦 Detected ZIP archive, extracting...
🔍 Calculating compatibility scores for 1 files...
✅ Selected best match by compatibility score (20): Weapons.2025.1080p.BluRay.x265-YAWNTiC_eng SDH.srt
📦 Extracting specific file: Weapons.2025.1080p.BluRay.x265-YAWNTiC_eng SDH.srt
✅ Extraction successful
✅ Subtitle downloaded and converted to VTT
⏰ AppState: Next schedule update set for Event End: 2026-01-19 16:36:18 +0000
⏰ AppState: Scheduling update in 2191 seconds
🔄 Lobby: Fetching fresh room state from Supabase...
✅ Lobby: Synced CLEAN stream info, metadata & playlist to AppState
🔄 Lobby: Fetching fresh room state from Supabase...
✅ Lobby: Synced CLEAN stream info, metadata & playlist to AppState
🔄 Lobby: Fetching fresh room state from Supabase...
DEBUG: MPVPlayerViewModel.cleanup called - forcing cleanup. Reason: RETURN_TO_LOBBY_SIGNAL
🔄 Lobby: markPlaybackEnded - resetting connection status for reconnection
✅ Lobby: Synced CLEAN stream info, metadata & playlist to AppState
🔔 Lobby: Displaying pending message: Host returned the group to the lobby.
🔄 Lobby: Returning from playback - resetting connection status
🎭 Lobby: Connecting to room DHC2...
🚦 Lobby State: connecting
📡 SocialService: Updated status - In Lobby: Weapons: Weapons
🔄 Lobby: Fetching fresh room state from Supabase...
✅ Lobby: Synced CLEAN stream info, metadata & playlist to AppState
✅ Lobby: Refreshed room state. isPlaying: false
🛡️ Lobby: Ensuring local media state is fresh before auto-start check...
🛑 Lobby: Ignoring auto-start on connect - Grace Period active
ℹ️ RealtimeChannelManager: Already setup for room DHC2, filtering duplicate setup call.
📡 Connection state: connected
✅ Lobby: Connected to Realtime
🚦 Lobby State: connected
🔄 Lobby: Starting database polling for participants and room state...
💓 Lobby: Starting heartbeat loop...
🔄 LobbyDatabase: Starting room state polling for guests...
🔄 Lobby: Fetching fresh room state from Supabase...
✅ Lobby: Synced CLEAN stream info, metadata & playlist to AppState
⏰ AppState: Next schedule update set for Event End: 2026-01-19 16:36:18 +0000
⏰ AppState: Scheduling update in 2181 seconds
🔄 Lobby: Fetching fresh room state from Supabase...
✅ Cache HIT: Metadata[meta_movie_tt26581740]
✅ Lobby: Synced CLEAN stream info, metadata & playlist to AppState
[2026-01-19T16:00:01Z] [INFO] [StreamService.swift:104] 🎬 StreamService: Starting resolution for: Weapons
🎬 StreamService: Resolving movie - trusted pack filtering will be applied server-side
🛡️ StreamResolver: Loaded 5 blocked streams from blacklist
⚡️ StreamResolver: Found Community Verified stream with 7 votes!
   ℹ️ Hash: 4dc447b080ffdfee04789e338e3e7435c894d27b
   ℹ️ Last Verified: 2026-01-19 03:24:51 +0000
🔍 Searching SubDL: tt26581740 (movie)
❌ StreamResolver: Subtitle error: Error Domain=NSURLErrorDomain Code=-999 "cancelled" UserInfo={NSErrorFailingURLStringKey=https://api.subdl.com/api/v1/subtitles?api_key=aGS2S1FTQ3441_1JAJaATPtgNVrcEhr7&imdb_id=tt26581740&languages=en&type=movie, NSErrorFailingURLKey=https://api.subdl.com/api/v1/subtitles?api_key=aGS2S1FTQ3441_1JAJaATPtgNVrcEhr7&imdb_id=tt26581740&languages=en&type=movie, _NSURLErrorRelatedURLSessionTaskErrorKey=(
    "LocalDataTask <A0A25F3B-6FB5-4BA7-B63B-69D0F0F9BF2F>.<1>"
), _NSURLErrorFailingURLSessionTaskErrorKey=LocalDataTask <A0A25F3B-6FB5-4BA7-B63B-69D0F0F9BF2F>.<1>, NSLocalizedDescription=cancelled}
⚠️ StreamResolver: Verified stream subtitle attachment timed out.
⚡️ StreamResolver: SHORT CIRCUIT - Returning verified stream immediately.
⚡️ StreamService: Testing verified stream viability...
🔓 StreamService: Unlocking with infoHash: 4dc447b080ff...
[ INFO ] POST /api/streams/unlock [request-id: 8BCB571F-7547-478E-AACF-EE2035E06F2A]
2026-01-19 11:00:04.848 RedLemon[4569:34968] 🔓 Unlock request: infoHash=4dc447b080ff..., fileIdx=0
2026-01-19 11:00:04.848 RedLemon[4569:34968] ✅ Token found, attempting unlock...
2026-01-19 11:00:04.849 RedLemon[4569:34968] ✅ Unlocked successfully: Weapons.2025.1080p.WEBRip.x264.AAC5.1-[YTS.MX].mp4
2026-01-19 11:00:04.851 RedLemon[4569:34550] 📝 [RESOLVER] Stream Unlocked ["filename": "Weapons.2025.1080p.WEBRip.x264.AAC5.1-[YTS.MX].mp4", "is_generic": "false", "original_title": "Community Verified Stream (1080p)", "url_host": "chi8-4.download.real-debrid.com"]
2026-01-19 11:00:04.852 RedLemon[4569:34477] ✅ Guest: Stream preloaded with URL: https://chi8-4.download.real-debrid.com/d/UKEL4AMCYIBCW20/Weapons.2025.1080p.WEB
2026-01-19 11:00:04.852 RedLemon[4569:34477] ✅ Guest: Stream preloaded. Sending READY signal.
2026-01-19 11:00:04.863 RedLemon[4569:34902] 📤 Realtime: Sending message type: chat, sender: 656daa91-33b4-4688-9135-c982ea52d7c9
2026-01-19 11:00:04.863 RedLemon[4569:34902]    Payload keys: timestamp, chatUsername, position, senderId, chatText, type
2026-01-19 11:00:04.867 RedLemon[4569:34553] ✅ Realtime: Message broadcast complete
2026-01-19 11:00:04.995 RedLemon[4569:34553] 📨 Realtime: Received broadcast message
2026-01-19 11:00:04.995 RedLemon[4569:34968] 📨 Realtime: Received broadcast message
2026-01-19 11:00:04.995 RedLemon[4569:34553]    Payload keys: type, timestamp, position, chatUsername, chatText, senderId
2026-01-19 11:00:04.995 RedLemon[4569:34968]    Payload keys: type, timestamp, position, chatUsername, chatText, senderId
2026-01-19 11:00:04.995 RedLemon[4569:34968] ✅ Realtime: Decoded message type: chat, sender: 656daa91-33b4-4688-9135-c982ea52d7c9
2026-01-19 11:00:04.995 RedLemon[4569:34553] ✅ Realtime: Decoded message type: chat, sender: 656daa91-33b4-4688-9135-c982ea52d7c9
2026-01-19 11:00:05.353 RedLemon[4569:34968] 📨 Realtime: Received broadcast message
2026-01-19 11:00:05.353 RedLemon[4569:34902] 📨 Realtime: Received broadcast message
2026-01-19 11:00:05.353 RedLemon[4569:34968]    Payload keys: chatUsername, type, position, timestamp, senderId, chatText
2026-01-19 11:00:05.353 RedLemon[4569:34902]    Payload keys: chatUsername, type, position, timestamp, senderId, chatText
2026-01-19 11:00:05.353 RedLemon[4569:34968] ✅ Realtime: Decoded message type: chat, sender: 96e01cdb-36c0-4228-a6e4-a29a3c66bc8e
2026-01-19 11:00:05.353 RedLemon[4569:34902] ✅ Realtime: Decoded message type: chat, sender: 96e01cdb-36c0-4228-a6e4-a29a3c66bc8e
2026-01-19 11:00:05.353 RedLemon[4569:34477] 🎬 Guest: Received LOBBY_START_COUNTDOWN signal
2026-01-19 11:00:05.354 RedLemon[4569:34477] 🎬 Guest: Received LOBBY_START_COUNTDOWN signal processing
2026-01-19 11:00:05.484 RedLemon[4569:34477] ✅ Guest: Synced stream info from Host (Hash: 4dc447b0) - URL cleared for fresh unlock
2026-01-19 11:00:05.484 RedLemon[4569:34477] 🛡️ Guest: preResolvedStream cleared to force fresh RD link
2026-01-19 11:00:05.555 RedLemon[4569:34477] 🗑️ Guest: RD cache cleared for hash: 4dc447b0...
2026-01-19 11:00:05.776 RedLemon[4569:34477] 📨 Lobby: Received Room UPDATE from Realtime
2026-01-19 11:00:08.612 RedLemon[4569:34553] 📨 Realtime: Received broadcast message
2026-01-19 11:00:08.612 RedLemon[4569:34968] 📨 Realtime: Received broadcast message
2026-01-19 11:00:08.612 RedLemon[4569:34553]    Payload keys: timestamp, chatText, type, senderId, position, chatUsername
2026-01-19 11:00:08.612 RedLemon[4569:34968]    Payload keys: timestamp, chatText, type, senderId, position, chatUsername
2026-01-19 11:00:08.612 RedLemon[4569:34553] ✅ Realtime: Decoded message type: chat, sender: 96e01cdb-36c0-4228-a6e4-a29a3c66bc8e
2026-01-19 11:00:08.612 RedLemon[4569:34968] ✅ Realtime: Decoded message type: chat, sender: 96e01cdb-36c0-4228-a6e4-a29a3c66bc8e
2026-01-19 11:00:08.613 RedLemon[4569:34477] 🎬 Guest: Received LOBBY_PLAYBACK_STARTED signal from Host
2026-01-19 11:00:08.613 RedLemon[4569:34477] 🎬 Guest: Launching player for Weapons (Synced Start)
2026-01-19 11:00:08.807 RedLemon[4569:34477] 🎬 Guest: Fetch took 0.201s, finished countdown loop
2026-01-19 11:00:08.807 RedLemon[4569:34477] 📡 Fetching metadata for tt26581740...
2026-01-19 11:00:08.884 RedLemon[4569:34477] 🎬 PlayerVM: Using Playlist Metadata: S0E0
2026-01-19 11:00:08.884 RedLemon[4569:34477] 🚀 PlayerVM: Using DIRECT UNLOCK path (Guest Optimization)
2026-01-19 11:00:08.884 RedLemon[4569:34477]    Hash: 4dc447b080ff...
2026-01-19 11:00:08.885 RedLemon[4569:34477] 🗑️ PlayerVM: RD cache cleared for direct unlock
✅ RD cache hit: 4dc447b080ff
✅ StreamService: Stream unlocked successfully!
✅ StreamService: Verified stream is VIABLE. Returning immediately.
📝 Guest: Marked session as started (Idempotency Lock): 4dc447b0
🗑️ RD cache cleared for hash: 4dc447b080ff... (1 entries)
📡 [EventsConfig] Checking server for movie_events config version...
🔄 Lobby: Fetching fresh room state from Supabase...
✅ Lobby: Synced CLEAN stream info, metadata & playlist to AppState
✅ [EventsConfig] Fetched movie_events version 1546 with 401 movies
✅ [EventsConfig] Using cached movie_events config (version 1546, 401 movies)
⏰ AppState: Next schedule update set for Event End: 2026-01-19 16:36:18 +0000
⏰ AppState: Scheduling update in 2170 seconds
✅ Cache HIT: Metadata[meta_movie_tt26581740]
🔓 StreamService: Unlocking with infoHash: 4dc447b080ff...
[ INFO ] POST /api/streams/unlock [request-id: 26F0D522-F153-4F7D-995F-2A66D0BCBD14]
2026-01-19 11:00:08.893 RedLemon[4569:34968] 🔓 Unlock request: infoHash=4dc447b080ff..., fileIdx=0
2026-01-19 11:00:08.893 RedLemon[4569:34968] ✅ Token found, attempting unlock...
2026-01-19 11:00:08.942 RedLemon[4569:34477] 🎬 Guest: Countdown finished. Waiting for Host PLAYBACK_STARTED signal...
2026-01-19 11:00:10.250 RedLemon[4569:34548] 📨 Realtime: Received broadcast message
2026-01-19 11:00:10.250 RedLemon[4569:34968] 📨 Realtime: Received broadcast message
2026-01-19 11:00:10.250 RedLemon[4569:34968]    Payload keys: position, timestamp, isPlaying, senderId, type
2026-01-19 11:00:10.250 RedLemon[4569:34548]    Payload keys: position, timestamp, isPlaying, senderId, type
2026-01-19 11:00:10.250 RedLemon[4569:34548] ✅ Realtime: Decoded message type: ready, sender: 96e01cdb-36c0-4228-a6e4-a29a3c66bc8e
2026-01-19 11:00:10.250 RedLemon[4569:34968] ✅ Realtime: Decoded message type: ready, sender: 96e01cdb-36c0-4228-a6e4-a29a3c66bc8e
2026-01-19 11:00:10.251 RedLemon[4569:34477] ⚠️ Received Realtime message with no chat text
2026-01-19 11:00:10.566 RedLemon[4569:34550] 📨 Realtime: Received broadcast message
2026-01-19 11:00:10.566 RedLemon[4569:34548] 📨 Realtime: Received broadcast message
2026-01-19 11:00:10.566 RedLemon[4569:34550]    Payload keys: senderId, type, timestamp, isPlaying, position
2026-01-19 11:00:10.566 RedLemon[4569:34548]    Payload keys: senderId, type, timestamp, isPlaying, position
2026-01-19 11:00:10.566 RedLemon[4569:34550] ✅ Realtime: Decoded message type: playbackState, sender: DHC2
2026-01-19 11:00:10.566 RedLemon[4569:34548] ✅ Realtime: Decoded message type: playbackState, sender: DHC2
2026-01-19 11:00:10.567 RedLemon[4569:34477] ⚠️ Received Realtime message with no chat text
2026-01-19 11:00:10.641 RedLemon[4569:34548] ✅ Unlocked successfully: Weapons.2025.1080p.WEBRip.x264.AAC5.1-[YTS.MX].mp4
2026-01-19 11:00:10.644 RedLemon[4569:34553] 📝 [RESOLVER] Stream Unlocked ["filename": "Weapons.2025.1080p.WEBRip.x264.AAC5.1-[YTS.MX].mp4", "is_generic": "false", "original_title": "Shared Stream (Direct)", "url_host": "chi8-4.download.real-debrid.com"]
2026-01-19 11:00:10.644 RedLemon[4569:34477] ✅ PlayerVM: Direct unlock succeeded! URL: https://chi8-4.download.real-debrid.com/d/UKEL4AMCYIBCW20/We
✅ RD addMagnet: ZUBRV2AZN7TSM
🎬 Movie: Found matching file for title 'Weapons': /Weapons.2025.1080p.WEBRip.x264.AAC5.1-[YTS.MX].mp4
📝 RD: Selecting file ID 4 for torrent ZUBRV2AZN7TSM
📊 RD poll 1/2: status=downloaded, links=1
🔗 Unrestricting link: https://real-debrid.com/d/D5LTHFJDOKVLE377
✅ StreamService: Stream unlocked successfully!
[ INFO ] GET /subtitles/search [request-id: A061F4C1-2BC3-43BD-8438-698DBD61BFB3]
2026-01-19 11:00:11.655 RedLemon[4569:34477] 🛡️ Lobby: User 96e01cdb-36c0-4228-a6e4-a29a3c66bc8e remains online (Remaining Refs: 1)
2026-01-19 11:00:12.199 RedLemon[4569:34902] 📨 Realtime: Received broadcast message
2026-01-19 11:00:12.199 RedLemon[4569:34550] 📨 Realtime: Received broadcast message
2026-01-19 11:00:12.200 RedLemon[4569:34550]    Payload keys: senderId, isPlaying, position, type, timestamp
2026-01-19 11:00:12.200 RedLemon[4569:34902]    Payload keys: senderId, isPlaying, position, type, timestamp
2026-01-19 11:00:12.200 RedLemon[4569:34550] ✅ Realtime: Decoded message type: ready, sender: 96e01cdb-36c0-4228-a6e4-a29a3c66bc8e
2026-01-19 11:00:12.200 RedLemon[4569:34902] ✅ Realtime: Decoded message type: ready, sender: 96e01cdb-36c0-4228-a6e4-a29a3c66bc8e
2026-01-19 11:00:12.200 RedLemon[4569:34477] ⚠️ Received Realtime message with no chat text
2026-01-19 11:00:12.566 RedLemon[4569:34902] 📨 Realtime: Received broadcast message
2026-01-19 11:00:12.566 RedLemon[4569:34548] 📨 Realtime: Received broadcast message
2026-01-19 11:00:12.566 RedLemon[4569:34902]    Payload keys: senderId, isPlaying, position, type, timestamp
2026-01-19 11:00:12.566 RedLemon[4569:34548]    Payload keys: senderId, isPlaying, position, type, timestamp
2026-01-19 11:00:12.567 RedLemon[4569:34548] ✅ Realtime: Decoded message type: playbackState, sender: DHC2
2026-01-19 11:00:12.567 RedLemon[4569:34902] ✅ Realtime: Decoded message type: playbackState, sender: DHC2
2026-01-19 11:00:12.567 RedLemon[4569:34477] ⚠️ Received Realtime message with no chat text
2026-01-19 11:00:14.245 RedLemon[4569:34548] 📨 Realtime: Received broadcast message
2026-01-19 11:00:14.245 RedLemon[4569:34550] 📨 Realtime: Received broadcast message
2026-01-19 11:00:14.245 RedLemon[4569:34548]    Payload keys: senderId, timestamp, position, isPlaying, type
2026-01-19 11:00:14.245 RedLemon[4569:34550]    Payload keys: senderId, timestamp, position, isPlaying, type
2026-01-19 11:00:14.245 RedLemon[4569:34548] ✅ Realtime: Decoded message type: ready, sender: 96e01cdb-36c0-4228-a6e4-a29a3c66bc8e
2026-01-19 11:00:14.245 RedLemon[4569:34550] ✅ Realtime: Decoded message type: ready, sender: 96e01cdb-36c0-4228-a6e4-a29a3c66bc8e
2026-01-19 11:00:14.245 RedLemon[4569:34477] ⚠️ Received Realtime message with no chat text
2026-01-19 11:00:14.565 RedLemon[4569:34550] 📨 Realtime: Received broadcast message
2026-01-19 11:00:14.565 RedLemon[4569:34548] 📨 Realtime: Received broadcast message
2026-01-19 11:00:14.565 RedLemon[4569:34548]    Payload keys: senderId, isPlaying, position, type, timestamp
2026-01-19 11:00:14.565 RedLemon[4569:34550]    Payload keys: senderId, isPlaying, position, type, timestamp
2026-01-19 11:00:14.566 RedLemon[4569:34548] ✅ Realtime: Decoded message type: playbackState, sender: DHC2
2026-01-19 11:00:14.566 RedLemon[4569:34550] ✅ Realtime: Decoded message type: playbackState, sender: DHC2
2026-01-19 11:00:14.566 RedLemon[4569:34477] ⚠️ Received Realtime message with no chat text
2026-01-19 11:00:16.202 RedLemon[4569:34902] 📨 Realtime: Received broadcast message
2026-01-19 11:00:16.202 RedLemon[4569:34548] 📨 Realtime: Received broadcast message
2026-01-19 11:00:16.202 RedLemon[4569:34902]    Payload keys: timestamp, type, senderId, isPlaying, position
2026-01-19 11:00:16.202 RedLemon[4569:34548]    Payload keys: timestamp, type, senderId, isPlaying, position
2026-01-19 11:00:16.203 RedLemon[4569:34548] ✅ Realtime: Decoded message type: ready, sender: 96e01cdb-36c0-4228-a6e4-a29a3c66bc8e
2026-01-19 11:00:16.203 RedLemon[4569:34902] ✅ Realtime: Decoded message type: ready, sender: 96e01cdb-36c0-4228-a6e4-a29a3c66bc8e
2026-01-19 11:00:16.203 RedLemon[4569:34477] ⚠️ Received Realtime message with no chat text
2026-01-19 11:00:16.598 RedLemon[4569:34548] 📨 Realtime: Received broadcast message
2026-01-19 11:00:16.598 RedLemon[4569:34553] 📨 Realtime: Received broadcast message
2026-01-19 11:00:16.599 RedLemon[4569:34553]    Payload keys: timestamp, type, senderId, isPlaying, position
2026-01-19 11:00:16.599 RedLemon[4569:34548]    Payload keys: timestamp, type, senderId, isPlaying, position
2026-01-19 11:00:16.599 RedLemon[4569:34548] ✅ Realtime: Decoded message type: playbackState, sender: DHC2
2026-01-19 11:00:16.599 RedLemon[4569:34553] ✅ Realtime: Decoded message type: playbackState, sender: DHC2
2026-01-19 11:00:16.599 RedLemon[4569:34477] ⚠️ Received Realtime message with no chat text
2026-01-19 11:00:18.208 RedLemon[4569:34548] 📨 Realtime: Received broadcast message
2026-01-19 11:00:18.208 RedLemon[4569:34902] 📨 Realtime: Received broadcast message
2026-01-19 11:00:18.208 RedLemon[4569:34548]    Payload keys: position, timestamp, isPlaying, senderId, type
2026-01-19 11:00:18.208 RedLemon[4569:34902]    Payload keys: position, timestamp, isPlaying, senderId, type
2026-01-19 11:00:18.208 RedLemon[4569:34548] ✅ Realtime: Decoded message type: ready, sender: 96e01cdb-36c0-4228-a6e4-a29a3c66bc8e
2026-01-19 11:00:18.208 RedLemon[4569:34902] ✅ Realtime: Decoded message type: ready, sender: 96e01cdb-36c0-4228-a6e4-a29a3c66bc8e
2026-01-19 11:00:18.209 RedLemon[4569:34477] ⚠️ Received Realtime message with no chat text
2026-01-19 11:00:18.572 RedLemon[4569:34548] 📨 Realtime: Received broadcast message
2026-01-19 11:00:18.572 RedLemon[4569:34553] 📨 Realtime: Received broadcast message
2026-01-19 11:00:18.572 RedLemon[4569:34548]    Payload keys: senderId, timestamp, position, isPlaying, type
2026-01-19 11:00:18.572 RedLemon[4569:34553]    Payload keys: senderId, timestamp, position, isPlaying, type
2026-01-19 11:00:18.572 RedLemon[4569:34548] ✅ Realtime: Decoded message type: playbackState, sender: DHC2
2026-01-19 11:00:18.572 RedLemon[4569:34553] ✅ Realtime: Decoded message type: playbackState, sender: DHC2
2026-01-19 11:00:18.572 RedLemon[4569:34477] ⚠️ Received Realtime message with no chat text
2026-01-19 11:00:18.852 RedLemon[4569:34477] 📨 Lobby: Received Room UPDATE from Realtime
2026-01-19 11:00:18.853 RedLemon[4569:34477] 📨 Lobby: Received Room UPDATE from Realtime
2026-01-19 11:00:20.286 RedLemon[4569:34902] 📨 Realtime: Received broadcast message
2026-01-19 11:00:20.286 RedLemon[4569:34968] 📨 Realtime: Received broadcast message
2026-01-19 11:00:20.286 RedLemon[4569:34902]    Payload keys: position, senderId, type, timestamp, isPlaying
2026-01-19 11:00:20.286 RedLemon[4569:34968]    Payload keys: position, senderId, type, timestamp, isPlaying
2026-01-19 11:00:20.286 RedLemon[4569:34902] ✅ Realtime: Decoded message type: ready, sender: 96e01cdb-36c0-4228-a6e4-a29a3c66bc8e
2026-01-19 11:00:20.286 RedLemon[4569:34968] ✅ Realtime: Decoded message type: ready, sender: 96e01cdb-36c0-4228-a6e4-a29a3c66bc8e
2026-01-19 11:00:20.286 RedLemon[4569:34477] ⚠️ Received Realtime message with no chat text
2026-01-19 11:00:20.592 RedLemon[4569:34968] 📨 Realtime: Received broadcast message
2026-01-19 11:00:20.592 RedLemon[4569:34550] 📨 Realtime: Received broadcast message
2026-01-19 11:00:20.593 RedLemon[4569:34968]    Payload keys: senderId, position, isPlaying, timestamp, type
2026-01-19 11:00:20.593 RedLemon[4569:34550]    Payload keys: senderId, position, isPlaying, timestamp, type
2026-01-19 11:00:20.593 RedLemon[4569:34968] ✅ Realtime: Decoded message type: playbackState, sender: DHC2
2026-01-19 11:00:20.593 RedLemon[4569:34550] ✅ Realtime: Decoded message type: playbackState, sender: DHC2
2026-01-19 11:00:20.594 RedLemon[4569:34477] ⚠️ Received Realtime message with no chat text
2026-01-19 11:00:20.648 RedLemon[4569:34477] ⚠️ Direct Unlock: Subtitle search failed: The request timed out.
2026-01-19 11:00:20.694 RedLemon[4569:34477] ✅ Stream ready, starting playback...
2026-01-19 11:00:20.708 RedLemon[4569:34550] 📝 Realtime: Registered observer 'player' (Presence: YES, Sync: NO, Status: NO)
2026-01-19 11:00:20.715 RedLemon[4569:34550] 📝 Realtime: Registered observer 'player' (Presence: NO, Sync: YES, Status: NO)
2026-01-19 11:00:20.716 RedLemon[4569:34902] 📝 [PLAYER] Resumed
2026-01-19 11:00:20.750 RedLemon[4569:35279] 📝 [PLAYER] Load Video (Smart) ["url": "https://chi8-4.download.real-debrid.com/d/UKEL4AMCYIBCW20/Weapons.2025.1080p.WEBRip.x264.AAC5.1-%5BYTS.MX%5D.mp4"]
2026-01-19 11:00:20.835 RedLemon[4569:34550] 📝 [PLAYER] Playback State Changed ["state": "Paused"]
2026-01-19 11:00:20.835 RedLemon[4569:34550] 📝 [PLAYER] Buffering Started
2026-01-19 11:00:22.215 RedLemon[4569:34548] 📝 [PLAYER] File Loaded ["duration": "7709.599999999999"]
2026-01-19 11:00:22.237 RedLemon[4569:34548] 📨 Realtime: Received broadcast message
2026-01-19 11:00:22.237 RedLemon[4569:35329] 📨 Realtime: Received broadcast message
2026-01-19 11:00:22.237 RedLemon[4569:34968] 📨 Realtime: Received broadcast message
2026-01-19 11:00:22.237 RedLemon[4569:34548]    Payload keys: isPlaying, position, senderId, type, timestamp
2026-01-19 11:00:22.237 RedLemon[4569:35329]    Payload keys: isPlaying, position, senderId, type, timestamp
2026-01-19 11:00:22.237 RedLemon[4569:34968]    Payload keys: isPlaying, position, senderId, type, timestamp
2026-01-19 11:00:22.237 RedLemon[4569:35329] ✅ Realtime: Decoded message type: ready, sender: 96e01cdb-36c0-4228-a6e4-a29a3c66bc8e
2026-01-19 11:00:22.237 RedLemon[4569:34548] ✅ Realtime: Decoded message type: ready, sender: 96e01cdb-36c0-4228-a6e4-a29a3c66bc8e
2026-01-19 11:00:22.237 RedLemon[4569:34968] ✅ Realtime: Decoded message type: ready, sender: 96e01cdb-36c0-4228-a6e4-a29a3c66bc8e
2026-01-19 11:00:22.428 RedLemon[4569:34902] 📤 Realtime: Sending message type: ready, sender: 656daa91-33b4-4688-9135-c982ea52d7c9
2026-01-19 11:00:22.429 RedLemon[4569:34902]    Payload keys: isPlaying, type, timestamp, senderId, position
2026-01-19 11:00:22.430 RedLemon[4569:34548] ✅ Realtime: Message broadcast complete
2026-01-19 11:00:22.502 RedLemon[4569:34477] ⚠️ Received Realtime message with no chat text
2026-01-19 11:00:22.555 RedLemon[4569:35329] 📨 Realtime: Received broadcast message
2026-01-19 11:00:22.555 RedLemon[4569:34902] 📨 Realtime: Received broadcast message
2026-01-19 11:00:22.556 RedLemon[4569:35329]    Payload keys: position, senderId, timestamp, type, isPlaying
2026-01-19 11:00:22.556 RedLemon[4569:34902]    Payload keys: position, senderId, timestamp, type, isPlaying
2026-01-19 11:00:22.556 RedLemon[4569:35329] ✅ Realtime: Decoded message type: ready, sender: 656daa91-33b4-4688-9135-c982ea52d7c9
2026-01-19 11:00:22.556 RedLemon[4569:34902] ✅ Realtime: Decoded message type: ready, sender: 656daa91-33b4-4688-9135-c982ea52d7c9
2026-01-19 11:00:22.556 RedLemon[4569:35279] 📨 Realtime: Received broadcast message
2026-01-19 11:00:22.556 RedLemon[4569:35279]    Payload keys: position, senderId, timestamp, type, isPlaying
2026-01-19 11:00:22.556 RedLemon[4569:34477] ⚠️ Received Realtime message with no chat text
2026-01-19 11:00:22.557 RedLemon[4569:35279] ✅ Realtime: Decoded message type: ready, sender: 656daa91-33b4-4688-9135-c982ea52d7c9
2026-01-19 11:00:22.578 RedLemon[4569:35279] 📨 Realtime: Received broadcast message
2026-01-19 11:00:22.578 RedLemon[4569:34902] 📨 Realtime: Received broadcast message
2026-01-19 11:00:22.578 RedLemon[4569:35329] 📨 Realtime: Received broadcast message
2026-01-19 11:00:22.578 RedLemon[4569:34902]    Payload keys: timestamp, type, senderId, isPlaying, position
2026-01-19 11:00:22.578 RedLemon[4569:35329]    Payload keys: timestamp, type, senderId, isPlaying, position
2026-01-19 11:00:22.579 RedLemon[4569:35279]    Payload keys: timestamp, type, senderId, isPlaying, position
2026-01-19 11:00:22.579 RedLemon[4569:34902] ✅ Realtime: Decoded message type: playbackState, sender: DHC2
2026-01-19 11:00:22.579 RedLemon[4569:35329] ✅ Realtime: Decoded message type: playbackState, sender: DHC2
2026-01-19 11:00:22.579 RedLemon[4569:34477] ⚠️ Received Realtime message with no chat text
2026-01-19 11:00:22.579 RedLemon[4569:35279] ✅ Realtime: Decoded message type: playbackState, sender: DHC2
2026-01-19 11:00:23.747 RedLemon[4569:35279] 📨 Realtime: Received broadcast message
2026-01-19 11:00:23.747 RedLemon[4569:34548] 📨 Realtime: Received broadcast message
2026-01-19 11:00:23.747 RedLemon[4569:34902] 📨 Realtime: Received broadcast message
2026-01-19 11:00:23.748 RedLemon[4569:35279]    Payload keys: senderId, type, timestamp, isPlaying, position
2026-01-19 11:00:23.748 RedLemon[4569:34548]    Payload keys: senderId, type, timestamp, isPlaying, position
2026-01-19 11:00:23.748 RedLemon[4569:34902]    Payload keys: senderId, type, timestamp, isPlaying, position
2026-01-19 11:00:23.748 RedLemon[4569:34902] ✅ Realtime: Decoded message type: play, sender: 96e01cdb-36c0-4228-a6e4-a29a3c66bc8e
2026-01-19 11:00:23.748 RedLemon[4569:35279] ✅ Realtime: Decoded message type: play, sender: 96e01cdb-36c0-4228-a6e4-a29a3c66bc8e
2026-01-19 11:00:23.748 RedLemon[4569:34548] ✅ Realtime: Decoded message type: play, sender: 96e01cdb-36c0-4228-a6e4-a29a3c66bc8e
2026-01-19 11:00:23.748 RedLemon[4569:34477] ⚠️ Received Realtime message with no chat text
2026-01-19 11:00:23.769 RedLemon[4569:35279] 📝 [PLAYER] Playback State Changed ["state": "Playing"]
2026-01-19 11:00:23.878 RedLemon[4569:34477] 🛡️ Lobby: User 656daa91-33b4-4688-9135-c982ea52d7c9 remains online (Remaining Refs: 1)
2026-01-19 11:00:24.194 RedLemon[4569:34902] 📝 [PLAYER] Playback Finished (EOF)
2026-01-19 11:00:24.203 RedLemon[4569:34548] 📝 [PLAYER] Playback State Changed ["state": "Paused"]
2026-01-19 11:00:24.672 RedLemon[4569:34968] 📨 Realtime: Received broadcast message
2026-01-19 11:00:24.672 RedLemon[4569:34968]    Payload keys: position, senderId, isPlaying, timestamp, type
2026-01-19 11:00:24.672 RedLemon[4569:34968] ✅ Realtime: Decoded message type: playbackState, sender: DHC2
2026-01-19 11:00:24.672 RedLemon[4569:35279] 📨 Realtime: Received broadcast message
2026-01-19 11:00:24.672 RedLemon[4569:35279]    Payload keys: position, senderId, isPlaying, timestamp, type
2026-01-19 11:00:24.673 RedLemon[4569:35279] ✅ Realtime: Decoded message type: playbackState, sender: DHC2
2026-01-19 11:00:24.673 RedLemon[4569:34550] 📨 Realtime: Received broadcast message
2026-01-19 11:00:24.673 RedLemon[4569:34550]    Payload keys: position, senderId, isPlaying, timestamp, type
2026-01-19 11:00:24.674 RedLemon[4569:34550] ✅ Realtime: Decoded message type: playbackState, sender: DHC2
2026-01-19 11:00:24.779 RedLemon[4569:34477] ⚠️ Received Realtime message with no chat text
2026-01-19 11:00:24.919 RedLemon[4569:34548] 📝 Realtime: Unregistered observer 'player'
2026-01-19 11:00:24.921 RedLemon[4569:34550] 📝 [PLAYER] Playback State Changed ["state": "Playing"]
2026-01-19 11:00:25.230 RedLemon[4569:34968] ❌ [11:00:25.231] [NETWORK] [SupabaseClient.swift:336] Supabase API Error: duplicate key value violates unique constraint "room_participants_pkey"
2026-01-19 11:00:25.230 RedLemon[4569:34968] ⚠️ SupabaseClient: User already in room (Caught: duplicate key value violates unique constraint "room_participants_pkey"), proceeding...
2026-01-19 11:00:25.231 RedLemon[4569:34477] ✅ Guest joined room DHC2 in database
2026-01-19 11:00:25.375 RedLemon[4569:34550] 📝 Realtime: Registered observer 'lobby' (Presence: YES, Sync: NO, Status: NO)
2026-01-19 11:00:25.376 RedLemon[4569:34550] 📝 Realtime: Registered observer 'lobby' (Presence: NO, Sync: YES, Status: NO)
2026-01-19 11:00:25.403 RedLemon[4569:34968] 📤 Realtime: Sending message type: chat, sender: 656daa91-33b4-4688-9135-c982ea52d7c9
2026-01-19 11:00:25.404 RedLemon[4569:34968]    Payload keys: type, position, timestamp, chatText, chatUsername, senderId
2026-01-19 11:00:25.404 RedLemon[4569:34968] ✅ Realtime: Message broadcast complete
2026-01-19 11:00:25.415 RedLemon[4569:34902] 🔐 SupabaseClient: Signing Identity Payload: '1768838425656daa91-33b4-4688-9135-c982ea52d7c9/rpc/room_heartbeat'
2026-01-19 11:00:25.416 RedLemon[4569:34902] 🔐 Signed request to /rpc/room_heartbeat
2026-01-19 11:00:25.535 RedLemon[4569:34548] 📨 Realtime: Received broadcast message
2026-01-19 11:00:25.535 RedLemon[4569:34550] 📨 Realtime: Received broadcast message
2026-01-19 11:00:25.535 RedLemon[4569:34968] 📨 Realtime: Received broadcast message
2026-01-19 11:00:25.536 RedLemon[4569:34548]    Payload keys: chatUsername, position, senderId, type, timestamp, chatText
2026-01-19 11:00:25.536 RedLemon[4569:34968]    Payload keys: chatUsername, position, senderId, type, timestamp, chatText
2026-01-19 11:00:25.536 RedLemon[4569:34550]    Payload keys: chatUsername, position, senderId, type, timestamp, chatText
2026-01-19 11:00:25.536 RedLemon[4569:34548] ✅ Realtime: Decoded message type: chat, sender: 656daa91-33b4-4688-9135-c982ea52d7c9
2026-01-19 11:00:25.536 RedLemon[4569:34968] ✅ Realtime: Decoded message type: chat, sender: 656daa91-33b4-4688-9135-c982ea52d7c9
2026-01-19 11:00:25.536 RedLemon[4569:34550] ✅ Realtime: Decoded message type: chat, sender: 656daa91-33b4-4688-9135-c982ea52d7c9
2026-01-19 11:00:25.536 RedLemon[4569:34477] 👋 Received: Guest 'ursinho' joined room DHC2
🔍 Searching SubDL: tt26581740 (movie)
   ℹ️ Fallback Name: Weapons (2025)
⏰ AppState: Next schedule update set for Event End: 2026-01-19 16:36:18 +0000
⏰ AppState: Scheduling update in 2161 seconds
🔄 Lobby: Fetching fresh room state from Supabase...
🔄 Lobby: Fetching fresh room state from Supabase...
♻️ Lobby: Room stopped playing. Resetting auto-start session ID.
✅ Lobby: Synced CLEAN stream info, metadata & playlist to AppState
✅ Lobby: Synced CLEAN stream info, metadata & playlist to AppState
🔌 Setting up Realtime channel: watch-party:DHC2
   Role: Guest
   User ID: 656DAA91-33B4-4688-9135-C982EA52D7C9
📡 Connection state: connected
📡 Connection state: connecting
📡 Topic realtime:watch-party:DHC2 already joined (interest count: 3), skipping phx_join
📡 Connection state: connected
✅ Realtime channel setup complete
✅ Cache HIT: Metadata[meta_movie_tt26581740]
📡 SocialService: Updated status - online: Weapons
⏰ AppState: Next schedule update set for Event End: 2026-01-19 16:36:18 +0000
⏰ AppState: Scheduling update in 2158 seconds
🔄 Lobby: markPlaybackEnded - resetting connection status for reconnection
DEBUG: MPVPlayerViewModel.cleanup called - forcing cleanup. Reason: VIEW_DISAPPEAR
🎭 Lobby: Connecting to room DHC2...
🚦 Lobby State: connecting
📡 SocialService: Updated status - In Lobby: Weapons: Weapons
✅ Lobby: Refreshed room state. isPlaying: false
🛡️ Lobby: Ensuring local media state is fresh before auto-start check...
🛑 Lobby: Ignoring auto-start on connect - Grace Period active
ℹ️ RealtimeChannelManager: Already setup for room DHC2, filtering duplicate setup call.
📡 Connection state: connected
✅ Lobby: Connected to Realtime
🚦 Lobby State: connected
🔄 Lobby: Starting database polling for participants and room state...
💓 Lobby: Starting heartbeat loop...
🔄 LobbyDatabase: Starting room state polling for guests...
[ WARNING ] Error Domain=NSURLErrorDomain Code=-1001 "The request timed out." UserInfo={_kCFStreamErrorCodeKey=-2103, _NSURLErrorFailingURLSessionTaskErrorKey=LocalDataTask <65F45F52-5F23-4059-8711-B4A40ABB6E25>.<1>, _NSURLErrorRelatedURLSessionTaskErrorKey=(
    "LocalDataTask <65F45F52-5F23-4059-8711-B4A40ABB6E25>.<1>"
), NSLocalizedDescription=The request timed out., NSErrorFailingURLStringKey=https://api.subdl.com/api/v1/subtitles?api_key=aGS2S1FTQ3441_1JAJaATPtgNVrcEhr7&imdb_id=tt26581740&languages=en&type=movie, NSErrorFailingURLKey=https://api.subdl.com/api/v1/subtitles?api_key=aGS2S1FTQ3441_1JAJaATPtgNVrcEhr7&imdb_id=tt26581740&languages=en&type=movie, _kCFStreamErrorDomainKey=4} [request-id: A061F4C1-2BC3-43BD-8438-698DBD61BFB3]
2026-01-19 11:00:25.714 RedLemon[4569:34477] 📨 Lobby: Received Room UPDATE from Realtime
2026-01-19 11:00:26.705 RedLemon[4569:34968] 📨 Realtime: Received broadcast message
2026-01-19 11:00:26.705 RedLemon[4569:34902] 📨 Realtime: Received broadcast message
2026-01-19 11:00:26.705 RedLemon[4569:34548] 📨 Realtime: Received broadcast message
2026-01-19 11:00:26.705 RedLemon[4569:34968]    Payload keys: senderId, isPlaying, timestamp, type, position
2026-01-19 11:00:26.705 RedLemon[4569:34548]    Payload keys: senderId, isPlaying, timestamp, type, position
2026-01-19 11:00:26.705 RedLemon[4569:34902]    Payload keys: senderId, isPlaying, timestamp, type, position
2026-01-19 11:00:26.706 RedLemon[4569:34968] ✅ Realtime: Decoded message type: playbackState, sender: DHC2
2026-01-19 11:00:26.706 RedLemon[4569:34902] ✅ Realtime: Decoded message type: playbackState, sender: DHC2
2026-01-19 11:00:26.706 RedLemon[4569:34548] ✅ Realtime: Decoded message type: playbackState, sender: DHC2
2026-01-19 11:00:26.706 RedLemon[4569:34477] ⚠️ Received Realtime message with no chat text
2026-01-19 11:00:28.682 RedLemon[4569:34902] 📨 Realtime: Received broadcast message
2026-01-19 11:00:28.682 RedLemon[4569:34548] 📨 Realtime: Received broadcast message
2026-01-19 11:00:28.682 RedLemon[4569:34553] 📨 Realtime: Received broadcast message
2026-01-19 11:00:28.682 RedLemon[4569:34902]    Payload keys: isPlaying, position, timestamp, senderId, type
2026-01-19 11:00:28.682 RedLemon[4569:34548]    Payload keys: isPlaying, position, timestamp, senderId, type
2026-01-19 11:00:28.682 RedLemon[4569:34553]    Payload keys: isPlaying, position, timestamp, senderId, type
2026-01-19 11:00:28.682 RedLemon[4569:34548] ✅ Realtime: Decoded message type: playbackState, sender: DHC2
2026-01-19 11:00:28.682 RedLemon[4569:34553] ✅ Realtime: Decoded message type: playbackState, sender: DHC2
2026-01-19 11:00:28.682 RedLemon[4569:34902] ✅ Realtime: Decoded message type: playbackState, sender: DHC2
2026-01-19 11:00:28.682 RedLemon[4569:34477] ⚠️ Received Realtime message with no chat text
2026-01-19 11:00:28.872 RedLemon[4569:34477] 📨 Lobby: Received Room UPDATE from Realtime
2026-01-19 11:00:29.985 RedLemon[4569:34477] 🎬 Guest: Detected room playback via database fallback
2026-01-19 11:00:30.628 RedLemon[4569:34550] 📨 Realtime: Received broadcast message
2026-01-19 11:00:30.628 RedLemon[4569:34553] 📨 Realtime: Received broadcast message
2026-01-19 11:00:30.628 RedLemon[4569:34902] 📨 Realtime: Received broadcast message
2026-01-19 11:00:30.628 RedLemon[4569:34553]    Payload keys: senderId, position, isPlaying, timestamp, type
2026-01-19 11:00:30.628 RedLemon[4569:34550]    Payload keys: senderId, position, isPlaying, timestamp, type
2026-01-19 11:00:30.628 RedLemon[4569:34902]    Payload keys: senderId, position, isPlaying, timestamp, type
2026-01-19 11:00:30.629 RedLemon[4569:34550] ✅ Realtime: Decoded message type: playbackState, sender: DHC2
2026-01-19 11:00:30.629 RedLemon[4569:34902] ✅ Realtime: Decoded message type: playbackState, sender: DHC2
2026-01-19 11:00:30.629 RedLemon[4569:34553] ✅ Realtime: Decoded message type: playbackState, sender: DHC2
2026-01-19 11:00:30.629 RedLemon[4569:34477] ⚠️ Received Realtime message with no chat text
2026-01-19 11:00:32.620 RedLemon[4569:34902] 📨 Realtime: Received broadcast message
2026-01-19 11:00:32.620 RedLemon[4569:34550] 📨 Realtime: Received broadcast message
2026-01-19 11:00:32.620 RedLemon[4569:34902]    Payload keys: position, isPlaying, timestamp, senderId, type
2026-01-19 11:00:32.620 RedLemon[4569:34550]    Payload keys: position, isPlaying, timestamp, senderId, type
2026-01-19 11:00:32.620 RedLemon[4569:34902] ✅ Realtime: Decoded message type: playbackState, sender: DHC2
2026-01-19 11:00:32.620 RedLemon[4569:34550] ✅ Realtime: Decoded message type: playbackState, sender: DHC2
2026-01-19 11:00:32.620 RedLemon[4569:34550] 📨 Realtime: Received broadcast message
2026-01-19 11:00:32.620 RedLemon[4569:34550]    Payload keys: position, isPlaying, timestamp, senderId, type
2026-01-19 11:00:32.620 RedLemon[4569:34477] ⚠️ Received Realtime message with no chat text
2026-01-19 11:00:32.620 RedLemon[4569:34550] ✅ Realtime: Decoded message type: playbackState, sender: DHC2
2026-01-19 11:00:33.216 RedLemon[4569:34477] ✅ Guest: Idempotency Lock Set -> 4dc447b0
2026-01-19 11:00:33.216 RedLemon[4569:34477] 🎬 Guest: Starting playback after database fallback detection
2026-01-19 11:00:33.348 RedLemon[4569:34477] 🎬 Guest: Launching player via database fallback
2026-01-19 11:00:33.348 RedLemon[4569:34477] ✅ Guest: Synced stream details from DB fallback (Hash: 4dc447b0)
2026-01-19 11:00:33.527 RedLemon[4569:34477] 📡 Fetching metadata for tt26581740...
2026-01-19 11:00:33.595 RedLemon[4569:34477] 🎬 PlayerVM: Using Playlist Metadata: S0E0
2026-01-19 11:00:33.597 RedLemon[4569:34968] ✅ StreamService: Using provided metadata: Weapons
2026-01-19 11:00:33.597 RedLemon[4569:34968] ⚡️ StreamService: Resolving streams via StreamResolver (Bypassing HTTP)...
2026-01-19 11:00:33.597 RedLemon[4569:34902] 📝 [APP] 🎬 StreamService: Starting resolution for: Weapons ["file": "StreamService.swift", "level": "INFO", "line": "104"]
2026-01-19 11:00:33.598 RedLemon[4569:34968] ⚡️ StreamResolver: Resolving streams for tt26581740 (S0E0)
2026-01-19 11:00:33.598 RedLemon[4569:34968] 📝 [APP] New Session Started ["app_version": "1.0.123", "build": "123", "session_id": "2ACE643D-83E8-4FA5-9BB4-61CD0C7FDB47", "trigger_source": "lobby_auto_join", "user_id": "656DAA91-33B4-4688-9135-C982EA52D7C9"]
2026-01-19 11:00:33.598 RedLemon[4569:34968] 📝 [APP] Target Content Set ["imdb_id": "tt26581740"]
2026-01-19 11:00:33.599 RedLemon[4569:34968] 📝 [RESOLVER] Started Resolution ["episode": "0", "season": "0", "type": "movie"]
2026-01-19 11:00:33.746 RedLemon[4569:34550]    📅 Filtering by year: 2025
2026-01-19 11:00:33.878 RedLemon[4569:34902] 📝 [RESOLVER] Found Verified Stream ["hash": "4dc447b080ffdfee04789e338e3e7435c894d27b", "vote_count": "7"]
