2026-01-27 04:28:21.225 RedLemon[3884:826159] 🪟 Set initial window to expanded size: (0.0, 121.0, 1280.0, 654.0)
2026-01-27 04:28:21.225 RedLemon[3884:826159] ✅ Cache cleanup timer started (runs every 30 minutes)
2026-01-27 04:28:21.281 RedLemon[3884:826159] 🔄 Resetting playback state to prevent auto-selection...
2026-01-27 04:28:21.282 RedLemon[3884:826159] ⚠️ PlayerVM: currentWatchPartyRoom set to NIL. Stack Trace unavailable, but check recent logs.
2026-01-27 04:28:21.312 RedLemon[3884:826159] ✅ Playback state reset complete - starting in browse view
2026-01-27 04:28:21.313 RedLemon[3884:826159] 🔐 APP STARTUP: Loading stored user credentials...
2026-01-27 04:28:21.313 RedLemon[3884:826159] 🧪 Testing Profile: debug
2026-01-27 04:28:21.314 RedLemon[3884:826191] 📂 Loaded 5 credential(s) from cache
2026-01-27 04:28:21.316 RedLemon[3884:826159] ✅ Keychain: Found stored username: lemontom
2026-01-27 04:28:21.316 RedLemon[3884:826159] 🔍 Supabase: Looking up user 'lemontom' in database...
2026-01-27 04:28:21.316 RedLemon[3884:826191] 🔍 SupabaseClient: Looking up user by username 'lemontom'
2026-01-27 04:28:22.107 RedLemon[3884:826192] 📡 SupabaseClient: User lookup response received (427 bytes)
2026-01-27 04:28:22.117 RedLemon[3884:826192] ✅ SupabaseClient: Decoded 1 users from response
2026-01-27 04:28:22.118 RedLemon[3884:826192] 👤 SupabaseClient: Found user - lemontom (ID: 96E01CDB-36C0-4228-A6E4-A29A3C66BC8E)
2026-01-27 04:28:22.180 RedLemon[3884:826159] ✅ AUTH SUCCESS: User authenticated - lemontom (ID: 96E01CDB-36C0-4228-A6E4-A29A3C66BC8E)
2026-01-27 04:28:22.180 RedLemon[3884:826159] 🎯 AppState: currentUsername=lemontom, currentUserId=96E01CDB-36C0-4228-A6E4-A29A3C66BC8E
2026-01-27 04:28:22.182 RedLemon[3884:826159] 🛡️ AdminRealtimeService: Starting authenticated listeners...
2026-01-27 04:28:22.184 RedLemon[3884:826159] ✅ AdminRealtimeService: Subscribed to reported_streams, feedback_reports, and broadcast alerts via shared client
2026-01-27 04:28:22.488 RedLemon[3884:826159] 📊 AdminRealtimeService: Initial sync complete. Reports: 0, Feedback: 0
2026-01-27 04:28:23.575 RedLemon[3884:826159] 🏁 AUTH COMPLETE: Final state - username=lemontom, userId=96E01CDB-36C0-4228-A6E4-A29A3C66BC8E
2026-01-27 04:28:23.579 RedLemon[3884:826191] 🔐 Signed request to /rpc/fetch_user_library
2026-01-27 04:28:23.580 RedLemon[3884:826192] 🔐 Signed request to /rpc/fetch_user_library
2026-01-27 04:28:23.733 RedLemon[3884:826166] 🔐 Signed request to /rpc/fetch_user_watch_history
2026-01-27 04:28:24.306 RedLemon[3884:826159] 🚀 RedLemon: Starting HTTP server...
2026-01-27 04:28:24.306 RedLemon[3884:826159] 📋 RedLemon: Current directory: /Users/danielnoble/Desktop/RedLemon-Native
2026-01-27 04:28:24.321 RedLemon[3884:826159] ✅ RedLemon: HTTPServer instance created
2026-01-27 04:28:24.321 RedLemon[3884:826159] ✅ RedLemon: Server marked as ready (Optimistic)
2026-01-27 04:28:24.321 RedLemon[3884:826166] 📡 RedLemon: Server starting on port 47253...
⏲️ [EventsConfig] Starting polling fallback (every 60s)
🔌 Connecting to Supabase Realtime: wss://151.243.109.243.nip.io/realtime/v1/websocket
✅ Connected to Supabase Realtime
📡 Sparkle requesting feed URL: https://151.243.109.243.nip.io/updates/appcast.xml
✅ Sparkle configured (seamless mode)
   Appcast URL: https://151.243.109.243.nip.io/updates/appcast.xml
   Can check: true
📅 EventsView appeared
🎬 [EventsView] Fetching movie events from centralized config...
📡 [EventsConfig] Checking server for movie_events config version...
🔍 Memory pressure monitoring enabled (safe mode)
🔍 Silent update check (custom implementation)...
🖥️ CacheManager initialized with fixed conservative limits
   Image cache limit: 30 items
📡 Sparkle requesting feed URL: https://151.243.109.243.nip.io/updates/appcast.xml
📡 Joined channel: realtime:events_config_updates (interest count: 1)
✅ [EventsConfig] Subscribed to realtime schedule updates
📡 Joined channel: realtime:reported_streams (interest count: 1)
📡 Joined channel: realtime:feedback_reports (interest count: 1)
📡 Joined channel: realtime:admin:alerts (interest count: 1)
❌ Realtime System Error (realtime:reported_streams): Unable to subscribe to changes with given parameters. Please check Realtime is enabled for the given connect parameters: [schema: public, table: reported_streams, filters: []]
❌ Realtime System Error (realtime:feedback_reports): Unable to subscribe to changes with given parameters. Please check Realtime is enabled for the given connect parameters: [schema: public, table: feedback_reports, filters: []]
✅ [EventsConfig] Fetched movie_events version 1586 with 397 movies
✅ [EventsConfig] Using cached movie_events config (version 1586, 397 movies)
✅ [EventsView] Loaded 397 movies from config version 1586
🗓 AppState: Updated schedule epoch to 2026-01-23 22:49:34 +0000
⏰ AppState: Next schedule update set for Event End: 2026-01-27 10:17:34 +0000
⏰ AppState: Scheduling update in 2952 seconds
🖼️ [CACHE] Cached image data for key: https://images.metahub.space/background/medium/tt10954984/img (931249 bytes)
🖼️ [CACHE] Cached image data for key: https://images.metahub.space/background/medium/tt3065204/img (841877 bytes)
⏰ AppState: Next schedule update set for Event End: 2026-01-27 10:17:34 +0000
⏰ AppState: Scheduling update in 2952 seconds
⏰ AppState: Next schedule update set for Event End: 2026-01-27 10:17:34 +0000
⏰ AppState: Scheduling update in 2952 seconds
🔌 SocialService: Connecting to global presence via shared client...
📡 Joined channel: realtime:global-presence (interest count: 1)
✅ SocialService: Connected to global presence
🔌 SocialService: Connecting to social realtime channels via shared client...
📡 Joined channel: realtime:direct_messages (interest count: 1)
📡 Joined channel: realtime:friendships (interest count: 1)
✅ SocialService: Connected to social channels
📬 SocialService: Fetched 0 unread messages
📈 SocialService: User 4aef4e1b-ba8e-4d31-8736-bca3b94f402b came online
📈 SocialService: User 96e01cdb-36c0-4228-a6e4-a29a3c66bc8e came online
✅ Token routes registered:
   POST /tokens/save
   POST /tokens/delete
   GET  /tokens/list
✅ Unlock routes registered:
   POST /api/streams/unlock
✅ Stream routes registered:
   POST /api/streams/resolve
   GET  /api/streams/resolveByQuality
   GET  /api/streams/resolveAll
✅ Proxy routes registered:
   GET /play/rd/:infoHash/:fileIdx
   GET /play/rd/:infoHash
✅ Subtitle routes registered:
   GET /subtitles/search?imdbId=&type=
   GET /subtitles/subdl/:encodedPath
✅ All routes registered
✅ HTTP Server configured on http://127.0.0.1:47253
🚀 Starting HTTP server...
✅ Providers initialized: torrentio, comet, zilean, mediafusion, debridsearch
[ NOTICE ] Server started on http://127.0.0.1:47253
2026-01-27 04:28:24.356 RedLemon[3884:826159] ✅ RedLemon: Server should be running on http://127.0.0.1:47253
2026-01-27 04:28:24.356 RedLemon[3884:826159] 🏥 [AppState] Starting global provider health check...
2026-01-27 04:28:24.357 RedLemon[3884:826159] 🔍 Performing startup checks...
2026-01-27 04:28:24.357 RedLemon[3884:826159] ✅ Username-based authentication ready
2026-01-27 04:28:24.357 RedLemon[3884:826166] 🔐 Signed request to /check-payment
2026-01-27 04:28:24.896 RedLemon[3884:826191] 🎬 Torrentio: Building URL for movie (no season/episode)
2026-01-27 04:28:24.896 RedLemon[3884:826191] 🔗 Torrentio URL (length: 55): https://torrentio.strem.fun/stream/movie/tt0133093.json...
2026-01-27 04:28:25.716 RedLemon[3884:826159] ✅ [AppState] Provider health check complete (found 7 services)
2026-01-27 04:28:28.422 RedLemon[3884:826165] 🔐 Signed request to /rpc/user_heartbeat
✅ HTTP server running on http://127.0.0.1:47253

🔗 Available endpoints:
   http://127.0.0.1:47253/health
   http://127.0.0.1:47253/status
   http://127.0.0.1:47253/api/health

💰 LicenseManager: Starting hybrid license check...
✅ SubDLClient initialized
📋 Fetching rooms from Supabase backend (offset: 0, limit: 20, search: '')...
🔌 RoomListView: Setting up realtime subscription for rooms...
📋 Fetching rooms from Supabase backend (offset: 0, limit: 20, search: '')...
📡 Joined channel: realtime:rooms_updates (interest count: 1)
✅ RoomListView: Connected to rooms realtime updates
[ INFO ] GET /api/metadata/meta/series/tt33517752 [request-id: E9D3E4C0-6ECD-43D5-8E7C-5D46B65B7838]
[ INFO ] GET /api/metadata/meta/series/tt33517752 [request-id: FDFEF117-2D52-4591-84C3-BE7EEA822D65]
2026-01-27 04:28:31.174 RedLemon[3884:826167] 📦 Decoded CinemetaMeta - videos count: 11
2026-01-27 04:28:31.174 RedLemon[3884:826165] 📦 Decoded CinemetaMeta - videos count: 11
2026-01-27 04:28:31.898 RedLemon[3884:826159] 🚪 Joining room: 8UAY
2026-01-27 04:28:33.216 RedLemon[3884:826159] 🚪 Room is in lobby
2026-01-27 04:28:33.216 RedLemon[3884:826159] ✅ PlayerVM: currentWatchPartyRoom set to 8UAY
2026-01-27 04:28:33.217 RedLemon[3884:826159] ✨ [AppState] Registered new active lobby: 8UAY
2026-01-27 04:28:33.321 RedLemon[3884:826159] 🔑 Lobby: Updated participantId to actual user ID: 96e01cdb-36c0-4228-a6e4-a29a3c66bc8e
2026-01-27 04:28:33.322 RedLemon[3884:826159] [LOBBY_VIEW] onAppear: shouldAutoJoinLobby=false, room=8UAY, timeUntilStart=0
2026-01-27 04:28:33.399 RedLemon[3884:826225] 🔐 Signed request to /room_participants
💾 Cache SET: Metadata[meta_series_tt33517752]
💾 Cache SET: Metadata[meta_series_tt33517752]
📺 Found episode title for The Beauty S1E1: Beautiful Pilot
📺 Found episode title for The Beauty S1E1: Beautiful Pilot
✅ Loaded 1 rooms (total: 1)
🖼️ [CACHE] Cached image data for key: https://images.metahub.space/background/medium/tt33517752/img (103733 bytes)
✅ Loaded 1 rooms (total: 1)
🚪 Joining room: 8UAY
📡 [EventsConfig] Checking server for movie_events config version...
⏰ AppState: Next schedule update set for Event End: 2026-01-27 10:17:34 +0000
⏰ AppState: Scheduling update in 2941 seconds
✅ [EventsConfig] Fetched movie_events version 1586 with 397 movies
✅ [EventsConfig] Using cached movie_events config (version 1586, 397 movies)
🎭 Lobby: Connecting to room 8UAY...
🚦 Lobby State: connecting
🔄 Lobby: Fetching fresh room state from Supabase...
✅ Cache HIT: Metadata[meta_series_tt33517752]
[ INFO ] GET /api/metadata/meta/series/tt33517752 [request-id: 63449F0B-7488-4188-B061-621104EBD28B]
2026-01-27 04:28:33.558 RedLemon[3884:826159] ✅ Guest joined room 8UAY in database
2026-01-27 04:28:33.698 RedLemon[3884:826226] 📝 Realtime: Registered observer 'lobby' (Presence: YES, Sync: NO, Status: NO)
2026-01-27 04:28:33.711 RedLemon[3884:826165] 📝 Realtime: Registered observer 'lobby' (Presence: NO, Sync: YES, Status: NO)
2026-01-27 04:28:33.733 RedLemon[3884:826165] 📤 Realtime: Sending message type: chat, sender: 96e01cdb-36c0-4228-a6e4-a29a3c66bc8e
2026-01-27 04:28:33.734 RedLemon[3884:826165]    Payload keys: timestamp, chatText, type, chatUsername, position, senderId
2026-01-27 04:28:33.734 RedLemon[3884:826165] ✅ Realtime: Message broadcast complete
2026-01-27 04:28:33.765 RedLemon[3884:826226] 🔐 SupabaseClient: Signing Identity Payload: '176950611396e01cdb-36c0-4228-a6e4-a29a3c66bc8e/rpc/room_heartbeat'
2026-01-27 04:28:33.766 RedLemon[3884:826226] 🔐 Signed request to /rpc/room_heartbeat
2026-01-27 04:28:33.863 RedLemon[3884:826226] 📨 Realtime: Received broadcast message
2026-01-27 04:28:33.863 RedLemon[3884:826226]    Payload keys: position, senderId, type, chatText, timestamp, chatUsername
2026-01-27 04:28:33.863 RedLemon[3884:826226] ✅ Realtime: Decoded message type: chat, sender: 96e01cdb-36c0-4228-a6e4-a29a3c66bc8e
2026-01-27 04:28:33.864 RedLemon[3884:826159] 👋 Received: Guest 'lemontom' joined room 8UAY
2026-01-27 04:28:33.992 RedLemon[3884:826159] 📨 Lobby: Received Room UPDATE from Realtime
2026-01-27 04:28:34.157 RedLemon[3884:826159] 👋 lemontom synced from database
2026-01-27 04:28:35.725 RedLemon[3884:826167] 📨 Realtime: Received broadcast message
2026-01-27 04:28:35.725 RedLemon[3884:826167]    Payload keys: senderId, timestamp, chatText, position, type, chatUsername
2026-01-27 04:28:35.725 RedLemon[3884:826167] ✅ Realtime: Decoded message type: chat, sender: 4aef4e1b-ba8e-4d31-8736-bca3b94f402b
2026-01-27 04:28:35.725 RedLemon[3884:826159] 🎬 Guest: Received RESOLVING signal
2026-01-27 04:28:44.029 RedLemon[3884:826372] 📨 Realtime: Received broadcast message
2026-01-27 04:28:44.029 RedLemon[3884:826372]    Payload keys: position, chatUsername, senderId, timestamp, chatText, type
2026-01-27 04:28:44.030 RedLemon[3884:826372] ✅ Realtime: Decoded message type: chat, sender: 4aef4e1b-ba8e-4d31-8736-bca3b94f402b
2026-01-27 04:28:44.030 RedLemon[3884:826159] 🎬 Guest: Received PREPARE signal: LOBBY_PREPARE_PLAYBACK||0
2026-01-27 04:28:44.030 RedLemon[3884:826159] ✅ Guest: Extracted Hash from Payload: nil
2026-01-27 04:28:44.040 RedLemon[3884:826159] 📨 Lobby: Received Room UPDATE from Realtime
2026-01-27 04:28:44.164 RedLemon[3884:826159] ⚠️ Guest: No stream hash available. Guests cannot use host's URL (IP-locked). Will attempt fresh resolution.
2026-01-27 04:28:44.206 RedLemon[3884:826364] ✅ StreamService: Using provided metadata: The Beauty
2026-01-27 04:28:44.206 RedLemon[3884:826364] ⚡️ StreamService: Resolving streams via StreamResolver (Bypassing HTTP)...
2026-01-27 04:28:44.207 RedLemon[3884:826364] ⚡️ StreamResolver: Resolving streams for tt33517752 (S1E1)
2026-01-27 04:28:44.207 RedLemon[3884:826167] 📝 [APP] 🎬 StreamService: Starting resolution for: The Beauty ["file": "StreamService.swift", "level": "INFO", "line": "199"]
2026-01-27 04:28:44.207 RedLemon[3884:826167] 📝 [APP] SessionRecorder initialized
2026-01-27 04:28:44.207 RedLemon[3884:826364] 📝 [APP] New Session Started ["app_version": "v1.0.161", "build": "161", "session_id": "6741B273-E938-452B-ADE1-5C142BA60AEC", "trigger_source": "preload", "user_id": "96E01CDB-36C0-4228-A6E4-A29A3C66BC8E"]
2026-01-27 04:28:44.207 RedLemon[3884:826364] 📝 [APP] Target Content Set ["imdb_id": "tt33517752"]
2026-01-27 04:28:44.208 RedLemon[3884:826364] 📝 [RESOLVER] Started Resolution ["episode": "1", "season": "1", "type": "series"]
2026-01-27 04:28:44.432 RedLemon[3884:826167]    📅 Filtering by year: 2025–
2026-01-27 04:28:44.634 RedLemon[3884:826364] 📦 StreamResolver: Fetching streams from ProviderManager...
2026-01-27 04:28:44.634 RedLemon[3884:826364] 🔍 ProviderManager: Fetching streams for tt33517752...
2026-01-27 04:28:44.635 RedLemon[3884:826165] 🔍 Zilean: Searching via IMDB ID: tt33517752
2026-01-27 04:28:44.636 RedLemon[3884:826372] 📺 DebridSearch: Building URL for S01E01
2026-01-27 04:28:44.636 RedLemon[3884:826372] 🔗 DebridSearch URL: https://68d69db7dc40-debrid-search.baby-beamup.club/%7B%22DebridApiKey%22%3A%22***%22,%22DebridProvider%22%3A%22RealDebrid%22%7D/stream/series/tt33517752:1:1.json
2026-01-27 04:28:44.636 RedLemon[3884:826364] ✨ Torrentio: Using Auto-Generated Config (RealDebrid)
2026-01-27 04:28:44.636 RedLemon[3884:826372] 🔍 DebridSearch: Fetching https://68d69db7dc40-debrid-search.baby-beamup.club/%7B%22DebridApiKey%22%3A%22K67JV2V4FTUA7RYN6T34BFIUBRUZERBO45A6UL3O7TE5ZHFDQQSA%22,%22DebridProvider%22%3A%22RealDebrid%22%7D/stream/series/tt33517752:1:1.json
2026-01-27 04:28:44.636 RedLemon[3884:826364] 📺 Torrentio: Building URL for S01E01
2026-01-27 04:28:44.636 RedLemon[3884:826364] 🔗 Torrentio URL (length: 125): https://torrentio.strem.fun/realdebrid=K67JV2V4FTUA7RYN6T34BFIUBRUZERBO45A6UL3O7TE5ZHFDQQSA/stream/series/tt33517752:1:1.json...
2026-01-27 04:28:44.637 RedLemon[3884:826364] 🔍 Torrentio: Fetching https://torrentio.strem.fun/realdebrid=K67JV2V4FTUA7RYN6T34BFIUBRUZERBO45A6UL3O7TE5ZHFDQQSA/stream/series/tt33517752:1:1.json
2026-01-27 04:28:44.721 RedLemon[3884:826372] 📡 Torrentio: HTTP 200, received 29839 bytes
2026-01-27 04:28:44.737 RedLemon[3884:826372] ✅ Torrentio: Parsed 58 streams from 58 raw
2026-01-27 04:28:45.044 RedLemon[3884:826373] ✅ Zilean: Got 0 results
2026-01-27 04:28:46.292 RedLemon[3884:826159] 📨 Lobby: Received Room UPDATE from Realtime
2026-01-27 04:28:49.438 RedLemon[3884:826165] ✅ DebridSearch: Parsed 8 streams
2026-01-27 04:28:49.439 RedLemon[3884:826373] ✅ ProviderManager: Fetched 66 raw, returning 66 unique streams
2026-01-27 04:28:49.439 RedLemon[3884:826373] 📦 StreamResolver: Received 66 raw streams, bucketing...
2026-01-27 04:28:49.439 RedLemon[3884:826373] 📝 [RESOLVER] Providers Fetched ["debridsearch": "8", "torrentio": "58"]
2026-01-27 04:28:49.832 RedLemon[3884:826159] 🔄 Checking for app updates...
2026-01-27 04:28:49.833 RedLemon[3884:826226] 🔐 Signed request to /rpc/get_server_time
2026-01-27 04:28:50.295 RedLemon[3884:826373] 📝 [RESOLVER] Resolution Complete ["1080p": "1", "2160p": "1", "720p": "1", "selected_provider": "debridsearch", "selected_title": "The Beauty S01E01 Beautiful Pilot 1080p DSNP WEB-DL DDP5 1 H 264-FLUX[EZTVx.to].mkv
/The Beauty S01E01 Beautiful Pilot 1080p DSNP WEB-DL DDP5 1 H 264-FLUX[EZTVx.to].mkv
💾 1.64 GB"]
2026-01-27 04:28:50.296 RedLemon[3884:826438] 📝 [APP] 📦 StreamService: Found 29 total streams to try (across all qualities) ["file": "StreamService.swift", "level": "INFO", "line": "406"]
2026-01-27 04:28:51.174 RedLemon[3884:826373] 📥 StreamService: Pre-downloading 1 (capped from 1) subtitles for direct stream...
2026-01-27 04:28:51.174 RedLemon[3884:826373] 🐛 StreamService: downloadSubtitlesInParallel called. Season: Optional(1), Episode: Optional(1), Count: 1
2026-01-27 04:28:51.175 RedLemon[3884:826372] 🔍 DEBUG: Processing subtitle URL: /subtitle/3544880-8466988.zip
2026-01-27 04:28:51.175 RedLemon[3884:826372] ✅ DEBUG: Raw SubDL URL detected, converting to proxy URL
2026-01-27 04:28:51.177 RedLemon[3884:826159] ✅ Guest: Stream preloaded with URL: https://chi6-4.download.real-debrid.com/d/ZDVFIBVND6ZIO20/The%20Beauty%20S01E01%
2026-01-27 04:28:51.177 RedLemon[3884:826159] ✅ Guest: Stream preloaded. Sending READY signal.
2026-01-27 04:28:51.177 RedLemon[3884:826373] 📤 Realtime: Sending message type: chat, sender: 96e01cdb-36c0-4228-a6e4-a29a3c66bc8e
2026-01-27 04:28:51.177 RedLemon[3884:826373]    Payload keys: chatText, type, chatUsername, timestamp, senderId, position
2026-01-27 04:28:51.178 RedLemon[3884:826373] ✅ Realtime: Message broadcast complete
2026-01-27 04:28:51.312 RedLemon[3884:826373] 📨 Realtime: Received broadcast message
2026-01-27 04:28:51.312 RedLemon[3884:826373]    Payload keys: timestamp, position, chatUsername, senderId, type, chatText
2026-01-27 04:28:51.312 RedLemon[3884:826373] ✅ Realtime: Decoded message type: chat, sender: 96e01cdb-36c0-4228-a6e4-a29a3c66bc8e
2026-01-27 04:28:52.446 RedLemon[3884:826226] 📨 Realtime: Received broadcast message
2026-01-27 04:28:52.446 RedLemon[3884:826226]    Payload keys: senderId, timestamp, type, position, chatUsername, chatText
2026-01-27 04:28:52.447 RedLemon[3884:826226] ✅ Realtime: Decoded message type: chat, sender: 4aef4e1b-ba8e-4d31-8736-bca3b94f402b
2026-01-27 04:28:52.447 RedLemon[3884:826159] 🎬 Guest: Received LOBBY_START_COUNTDOWN signal
2026-01-27 04:28:52.448 RedLemon[3884:826159] 🎬 Guest: Received LOBBY_START_COUNTDOWN signal processing
2026-01-27 04:28:52.623 RedLemon[3884:826159] ✅ Guest: Synced stream info from Host (Hash: nil) - URL cleared for fresh unlock
2026-01-27 04:28:52.623 RedLemon[3884:826159] 🛡️ Guest: preResolvedStream cleared to force fresh RD link
2026-01-27 04:28:52.694 RedLemon[3884:826159] 📺 Guest: Set season/episode from DB (Realtime path): S1E1
2026-01-27 04:28:52.694 RedLemon[3884:826159] ⏱️ Step 3: Artificial Delay - Waiting additional 3.00s to ensure Host buffer...
2026-01-27 04:28:52.786 RedLemon[3884:826159] 📨 Lobby: Received Room UPDATE from Realtime
2026-01-27 04:28:53.664 RedLemon[3884:826226] 🔐 Signed request to /rpc/user_heartbeat
2026-01-27 04:28:55.796 RedLemon[3884:826226] 📨 Realtime: Received broadcast message
2026-01-27 04:28:55.796 RedLemon[3884:826226]    Payload keys: type, position, timestamp, senderId, chatText, chatUsername
2026-01-27 04:28:55.796 RedLemon[3884:826226] ✅ Realtime: Decoded message type: chat, sender: 4aef4e1b-ba8e-4d31-8736-bca3b94f402b
2026-01-27 04:28:55.797 RedLemon[3884:826159] 🎬 Guest: Launching player for The Beauty (Synced Start)
2026-01-27 04:28:55.797 RedLemon[3884:826159] 🧹 PlayerVM: Solo playback started. Clearing active lobby session: 8UAY
2026-01-27 04:28:55.797 RedLemon[3884:826159] 🧹 [AppState] Disconnecting previous lobby session: 8UAY
2026-01-27 04:28:55.798 RedLemon[3884:826159] 🎭 Lobby: Disconnected from room 8UAY
2026-01-27 04:28:55.869 RedLemon[3884:826159] 📡 Fetching metadata for tt33517752...
2026-01-27 04:28:56.003 RedLemon[3884:826159] 🎬 Guest: Fetch took 0.246s, finished countdown loop
2026-01-27 04:28:56.161 RedLemon[3884:826159] 🎬 PlayerVM: Using Playlist Metadata: S1E1
2026-01-27 04:28:56.161 RedLemon[3884:826159] 🔗 GUEST: Using title fallback for stream matching: The Beauty S01E01 Beautiful Pilot 1080p DSNP WEB-D
2026-01-27 04:28:56.162 RedLemon[3884:826159] 🎬 Guest: Countdown finished. Waiting for Host PLAYBACK_STARTED signal...
2026-01-27 04:28:56.178 RedLemon[3884:826372] 📝 [APP] 🧠 StreamService: Cache HIT for The Beauty (1080p). Skipping redundant resolution. ["file": "StreamService.swift", "level": "INFO", "line": "195"]
2026-01-27 04:28:56.332 RedLemon[3884:826159] ✅ Stream ready, starting playback...
2026-01-27 04:28:56.363 RedLemon[3884:826372] 📝 Realtime: Registered observer 'player' (Presence: YES, Sync: NO, Status: NO)
2026-01-27 04:28:56.376 RedLemon[3884:826438] 📝 Realtime: Registered observer 'player' (Presence: NO, Sync: YES, Status: NO)
2026-01-27 04:28:56.377 RedLemon[3884:826373] 📝 [PLAYER] Resumed
📡 SocialService: Updated status - In Lobby: The Beauty: The Beauty
📡 Left channel: realtime:rooms_updates
✅ Lobby: Loaded metadata for The Beauty
✅ Lobby: Synced CLEAN stream info, metadata & playlist to AppState
📨 Unknown event: phx_close on realtime:rooms_updates
✅ Lobby: Refreshed room state. isPlaying: false
🛡️ Lobby: Ensuring local media state is fresh before auto-start check...
📺 Lobby: Synced season/episode: S1E1
🔌 Setting up Realtime channel: watch-party:8UAY
   Role: Guest
   User ID: 96e01cdb-36c0-4228-a6e4-a29a3c66bc8e
📡 Connection state: connected
📡 Connection state: connecting
📡 Joined channel: realtime:watch-party:8UAY (interest count: 1)
📡 Connection state: connected
✅ Realtime channel setup complete
✅ Lobby: Connected to Realtime
🚦 Lobby State: connected
🔄 Lobby: Starting database polling for participants and room state...
💓 Lobby: Starting heartbeat loop...
🔄 LobbyDatabase: Starting room state polling for guests...
🔄 Lobby: Fetching fresh room state from Supabase...
✅ Lobby: Synced CLEAN stream info, metadata & playlist to AppState
🛡️ Lobby: Auto-Join safety delay passed (8s). Enabled for late joiners.
⏰ AppState: Next schedule update set for Event End: 2026-01-27 10:17:34 +0000
⏰ AppState: Scheduling update in 2931 seconds
🔄 Lobby: Fetching fresh room state from Supabase...
✅ Cache HIT: Metadata[meta_series_tt33517752]
✅ Lobby: Synced CLEAN stream info, metadata & playlist to AppState
[2026-01-27T09:28:44Z] [INFO] [StreamService.swift:199] 🎬 StreamService: Starting resolution for: The Beauty
🎬 StreamService: Resolving series - trusted pack filtering will be applied server-side
🛡️ StreamResolver: Loaded 8 blocked streams from blacklist
🔍 MediaFusion: Fetching https://mediafusion.elfhosted.com/stream/series/tt33517752:1:1.json
🔍 Comet: Fetching https://comet.elfhosted.com/eyJkZWJyaWRTZXJ2aWNlIjoicmVhbGRlYnJpZCIsInJlbW92ZVRyYXNoIjpmYWxzZSwiZGVi...
⚠️ MediaFusion: HTTP 418
✅ Comet: Got 1 streams
🔍 Comet: Parsing 1 streams...
⚠️ Comet: Skipping invalid redirect URL: https://comet.elfhosted.com/playback/GR7nalGcmae8LsDfwGbQw5S...
✅ Comet: Parsed 0 valid streams
🔄 Lobby: Fetching fresh room state from Supabase...
✅ Lobby: Synced CLEAN stream info, metadata & playlist to AppState
📊 StreamResolver: Provider Stats: [torrentio:58, debridsearch:8]
   ✅ RESOLVER KEEPING correct-year series stream: Belleza.perfecta.S01E01.2026.WEB-DL.1080p-Dual-Lat
👤 9 💾 1.72 GB ⚙️ Cinecalidad
Dual Audio / 🇲🇽
   ✅ RESOLVER KEEPING correct-year series stream: The Beauty S01E01 2026 1080p DSNP WEB-DL DDP5 1 H 264-HHWEB
👤 2 💾 1.64 GB ⚙️ ThePirateBay
   ✅ RESOLVER KEEPING correct-year series stream: The Beauty S01E01 FRENCH HDTV 2026
👤 1485 💾 271.11 MB ⚙️ Torrent9
🇫🇷
   ✅ RESOLVER KEEPING correct-year series stream: Красота / The Beauty / Сезон: 1 / Серии: 1-3 из 11 [2026 WEB-DLRip] MVO (HDrezka Studio) + Original
The.Beauty.S01.E01.Rus.Eng.RG.Anonymous.avi
👤 60 💾 641.32 MB ⚙️ Rutracker
🇬🇧 / 🇷🇺
   ✅ RESOLVER KEEPING correct-year series stream: The Beauty - Stagione 1 (2026) Ep.1 SD H264 Ita Aac 2.0 WEB-DLRip UBi
👤 20 💾 516.43 MB ⚙️ ilCorSaRoNeRo
🇮🇹
   ✅ RESOLVER KEEPING correct-year series stream: Красота / The Beauty / Сезон: 1 / Серии: 1-3 из 11 [2026 WEB-DL 1080p] 3x MVO + Original + Sub (Rus Eng)
The.Beauty.S01E01.1080p.DSNP.WEB-DL.H264.mkv
👤 140 💾 1.89 GB ⚙️ Rutracker
🇬🇧 / 🇷🇺
   ✅ RESOLVER KEEPING correct-year series stream: The Beauty S01E01 2026 1080p DSNP WEB-DL DDP5 1 H 264-HHWEB
👤 86 💾 1.64 GB ⚙️ EZTV
   ✅ RESOLVER KEEPING correct-year series stream: Красота / The Beauty / Сезон: 1 / Серии: 1-3 из 11 [2026 WEB-DL 1080p] 3x MVO + Original + Sub (Rus Eng)
The.Beauty.E01.WEB-DL.1080p.mkv
👤 1 💾 1.89 GB ⚙️ Rutracker
🇬🇧 / 🇷🇺
   ✅ RESOLVER KEEPING correct-year series stream: The Beauty S01E01 VOSTFR HDTV 2026
👤 120 💾 272.93 MB ⚙️ Torrent9
🇫🇷
   ✅ RESOLVER KEEPING correct-year series stream: The Beauty S01E01 2026 1080p DSNP WEB-DL DDP5 1 H 264-HHWEB[EZTVx.to].mkv
/The Beauty S01E01 2026 1080p DSNP WEB-DL DDP5 1 H 264-HHWEB[EZTVx.to].mkv
💾 1.64 GB
   🚫 RESOLVER BLOCKING AV1: The.Beauty.S01E01.1080p.AV1.10bit-MeGusta
👤 1 💾 286.81 MB ⚙️ ThePirateBay
   🚫 RESOLVER FILTERED AV1: 66 → 65 streams
   🚫 RESOLVER BLOCKING non-English audio: The Beauty [S01E01-E03] [MULTi] [2160p] [DSNP] [WEB-DL] [DV] [HDR] [H265] [DDP5.1-K83] [Lektor PL i Napisy PL]
The.Beauty.S01E01.MULTi.2160p.DSNP.WEB-DL.DV.HDR.H265.DDP5.1-K83.mkv
👤 13 💾 4.63 GB ⚙️ BestTorrents
Multi Audio / 🇬🇧 / 🇵🇱 (Audio)
   🚫 RESOLVER BLOCKING non-English audio: The Beauty [S01E01-E03] [MULTi] [1080p] [DSNP] [WEB-DL] [H264] [DDP5.1-K83] [Lektor PL i Napisy PL]
The.Beauty.S01E01.MULTi.1080p.DSNP.WEB-DL.H264.DDP5.1-K83.mkv
👤 897 💾 1.72 GB ⚙️ BestTorrents
Multi Audio / 🇬🇧 / 🇵🇱 (Audio)
   🚫 RESOLVER BLOCKING non-English audio: The Beauty [S01E01-E03] [MULTi] [720p] [DSNP] [WEB-DL] [H264] [DDP5.1-K83] [Lektor PL i Napisy PL]
The.Beauty.S01E01.MULTi.720p.DSNP.WEB-DL.H264.DDP5.1-K83.mkv
👤 5 💾 931.86 MB ⚙️ BestTorrents
Multi Audio / 🇬🇧 / 🇵🇱 (Audio)
   🚫 RESOLVER BLOCKING non-English audio: The Beauty S01E01 FRENCH HDTV 2026
👤 1485 💾 271.11 MB ⚙️ Torrent9
🇫🇷 (Audio)
   🚫 RESOLVER BLOCKING non-English audio: The Beauty [S01E01-E03] [MULTi] [2160p] [DSNP] [WEB-DL] [DV] [HDR] [H265] [DDP5.1-K83] [Lektor PL i Napisy PL]
The.Beauty.S01E01.MULTi.2160p.DSNP.WEB-DL.DV.HDR.H265.DDP5.1-K83.mkv
👤 3 💾 4.63 GB ⚙️ BestTorrents
Multi Audio / 🇬🇧 / 🇵🇱 (Audio)
   🚫 RESOLVER BLOCKING non-English audio: The Beauty [S01E01-E03] [MULTi] [1080p] [DSNP] [WEB-DL] [H264] [DDP5.1-K83] [Lektor PL i Napisy PL]
The.Beauty.S01E01.MULTi.1080p.DSNP.WEB-DL.H264.DDP5.1-K83.mkv
👤 3 💾 1.72 GB ⚙️ BestTorrents
Multi Audio / 🇬🇧 / 🇵🇱 (Audio)
   🚫 RESOLVER BLOCKING non-English audio: The Beauty [S01E01-E03] [MULTi] [720p] [DSNP] [WEB-DL] [H264] [DDP5.1-K83] [Lektor PL i Napisy PL]
The.Beauty.S01E01.MULTi.720p.DSNP.WEB-DL.H264.DDP5.1-K83.mkv
👤 2 💾 931.86 MB ⚙️ BestTorrents
Multi Audio / 🇬🇧 / 🇵🇱 (Audio)
   🚫 RESOLVER BLOCKING non-English audio: The Beauty S01E01 VOSTFR HDTV 2026
👤 120 💾 272.93 MB ⚙️ Torrent9
🇫🇷 (Audio)
   🎵 RESOLVER FILTERED audio language: 65 → 57 streams
   📺 Episode filter: 57 → 52 streams
🔍 Searching SubDL: tt33517752 (tv) S01E01
   ℹ️ Fallback Name: The Beauty (2025)
✅ Found 3 subtitles from SubDL (Primary)
   ⛔️ Dropped '[𝐂𝐨𝐟𝐟𝐞𝐞𝐏𝐫𝐢𝐬𝐨𝐧] 𝐓𝐇𝐄 𝐁𝐄𝐀𝐔𝐓𝐘 𝐒𝟎𝟏𝐄𝟎𝟐 𝐃𝐒𝐍𝐏 𝐖𝐄𝐁': Metadata mismatch (S1E2)
   ⛔️ Dropped '[𝐂𝐨𝐟𝐟𝐞𝐞𝐏𝐫𝐢𝐬𝐨𝐧] 𝐓𝐇𝐄 𝐁𝐄𝐀𝐔𝐓𝐘 𝐒𝟎𝟏𝐄𝟎𝟑 𝐃𝐒𝐍𝐏 𝐖𝐄𝐁': Metadata mismatch (S1E3)
⚠️ Low subtitle count (1). Attempting supplemental Name Search for 'The Beauty'...
🔍 Attempting API Name Search: The Beauty 2025
👤 LicenseManager: Profile expiry: Optional(2026-04-18 17:23:32 +0000)
🎉 License updated! Expires: 2026-04-18 17:23:32 +0000
🔍 Silent update check (custom implementation)...
⏰ TimeService: Synchronizing clock with server...
✅ TimeService: Synced! Offset: 0.074s (RTT: 127ms)
   Local:  2026-01-27 09:28:49 +0000
   Server: 2026-01-27 09:28:50 +0000
⚠️ Supplemental Name Search returned no match.
✅ StreamResolver: Processed subtitles for 52 streams (Attached to 52)
👑 Auto-promoting season pack: Красота / The Beauty / Сезон: 1 / Серии: 1-3 из 11 [2026 WEB-DLRip] MVO (HDrezka Studio) + Original
The.Beauty.S01.E01.Rus.Eng.RG.Anonymous.avi
👤 60 💾 641.32 MB ⚙️ Rutracker
🇬🇧 / 🇷🇺
   --- Processing Bucket: 2160p (Input: 4) ---
   ✅ Bucket 2160p Final Count: 4
   --- Processing Bucket: 1080p (Input: 27) ---
   ✅ Bucket 1080p Final Count: 27
   --- Processing Bucket: 720p (Input: 14) ---
   ✅ Bucket 720p Final Count: 14
   --- Processing Bucket: 480p (Input: 7) ---
   ✅ Bucket 480p Final Count: 7
📦 2160p Primary: The Beauty S01E01 Beautiful Pilot 2160p DSNP WEB-DL DDP5 1 DV H 265-FLUX
👤 5 💾 5.1 GB ⚙️ ThePirateBay
📦 1080p Primary: The Beauty S01E01 Beautiful Pilot 1080p DSNP WEB-DL DDP5 1 H 264-FLUX[EZTVx.to].mkv
/The Beauty S01E01 Beautiful Pilot 1080p DSNP WEB-DL DDP5 1 H 264-FLUX[EZTVx.to].mkv
💾 1.64 GB
📦 720p Primary: The Beauty S01E01 Beautiful Pilot 720p DSNP WEB-DL DDP5 1 H 264-FLUX
👤 110 💾 850.42 MB ⚙️ EZTV
✅ StreamResolver: Quality buckets ready
   ➕ Added 11 720p streams as backup
   ➕ Added 7 480p streams as backup
[2026-01-27T09:28:50Z] [INFO] [StreamService.swift:406] 📦 StreamService: Found 29 total streams to try (across all qualities)
✅ StreamService: Found 26 H.264 streams (Tier 1)
✅ StreamService: Found 21 'Clean' English streams. Deprioritizing 5 localized/dual streams.
📦 StreamService: 21 streams remain after size filter
🔄 StreamService: Trying stream 1/21: The Beauty S01E01 Beautiful Pilot 1080p DSNP WEB-DL DDP5 1 H 264-FLUX[EZTVx.to].mkv
/The Beauty S01E01 Beautiful Pilot 1080p DSNP WEB-DL DDP5 1 H 264-FLUX[EZTVx.to].mkv
💾 1.64 GB
🔍 StreamService: Resolving redirect URL: https://68d69db7dc40-debrid-search.baby-beamup.club/resolve/RealDebrid/K67JV2V4FTUA7RYN6T34BFIUBRUZERBO45A6UL3O7TE5ZHFDQQSA/43XD5JRET7P7E/https%3A%2F%2Freal-debrid.com%2Fd%2F2SF35E7WSIIQ2B09
✅ StreamService: Resolved to: https://chi6-4.download.real-debrid.com/d/ZDVFIBVND6ZIO20/The%20Beauty%20S01E01%20Beautiful%20Pilot%201080p%20DSNP%20WEB-DL%20DDP5%201%20H%20264-FLUX%5BEZTVx.to%5D.mkv
⚡️ StreamService: Stream is already a direct URL. Skipping backend unlock.
✅ StreamService: Selected stream: The Beauty S01E01 Beautiful Pilot 1080p DSNP WEB-DL DDP5 1 H 264-FLUX[EZTVx.to].mkv
/The Beauty S01E01 Beautiful Pilot 1080p DSNP WEB-DL DDP5 1 H 264-FLUX[EZTVx.to].mkv
💾 1.64 GB
📊 Stream Size: 1.64 GB
📦 StreamService: Appending 8 fallback streams (alternate codecs)
📦 StreamService: Returning 28 candidate streams for fallback
🔄 Lobby: Fetching fresh room state from Supabase...
⏰ AppState: Next schedule update set for Event End: 2026-01-27 10:17:34 +0000
⏰ AppState: Scheduling update in 2922 seconds
✅ Lobby: Synced CLEAN stream info, metadata & playlist to AppState
🛑 LobbyPresence: Polling stopped
🛑 LobbyDatabase: Polling stopped
🛑 Lobby: Polling stopped (chat via Realtime only)
🚦 Lobby State: closed
✅ Cache HIT: Metadata[meta_series_tt33517752]
🎬 Lobby: Starting movie - skipping disconnect to preserve connection and presence
🧹 Cleaning up Realtime channel for room: 8UAY
🔄 Untracking presence on realtime:watch-party:8UAY...
✅ Presence untracked
🔄 Leaving channel realtime:watch-party:8UAY...
📡 Left channel: realtime:watch-party:8UAY
✅ Channel left
📨 Unknown event: phx_close on realtime:watch-party:8UAY
[2026-01-27T09:28:56Z] [INFO] [StreamService.swift:195] 🧠 StreamService: Cache HIT for The Beauty (1080p). Skipping redundant resolution.
ℹ️ Keeping WebSocket connected (disconnectClient=false)
📡 Connection state: disconnected
✅ Realtime channel cleanup complete
!!! MPVWrapper initialized - Build Version: 2026-01-19-GUEST-CACHE-BYPASS-v1 !!!
☠️ LobbyViewModel deinit
🧹 LobbyViewModel: Triggering detached cleanup task...
ℹ️ Already disconnected, skipping cleanup
♻️ RealtimeChannelManager deinitialized
🔌 Setting up Realtime channel: watch-party:8UAY
   Role: Guest
   User ID: 96E01CDB-36C0-4228-A6E4-A29A3C66BC8E
📡 Connection state: connected
📡 Connection state: connecting
📡 Joined channel: realtime:watch-party:8UAY (interest count: 1)
📡 Connection state: connected
✅ Realtime channel setup complete
[ INFO ] GET /subtitles/subdl/L3N1YnRpdGxlLzM1NDQ4ODAtODQ2Njk4OC56aXA= [request-id: 81606985-8725-416A-9AE7-B0C7B3B962D8]
2026-01-27 04:28:56.496 RedLemon[3884:826613] 📝 [PLAYER] Load Video (Smart) ["url": "https://chi6-4.download.real-debrid.com/d/ZDVFIBVND6ZIO20/The%20Beauty%20S01E01%20Beautiful%20Pilot%201080p%20DSNP%20WEB-DL%20DDP5%201%20H%20264-FLUX%5BEZTVx.to%5D.mkv"]
🧹 SubtitleService: Cleared all subtitles and tracks
📄 Subtitle request: L3N1YnRpdGxlLzM1NDQ4... (offset: 0ms)
📥 Downloading subtitle from SubDL CDN: /subtitle/3544880-8466988.zip
✅ Cache HIT: Metadata[meta_series_tt33517752]
[ INFO ] GET /subtitles/subdl/L3N1YnRpdGxlLzM1NDQ4ODAtODQ2Njk4OC56aXA= [request-id: 0FDA6456-EB03-4461-A7AD-71E93A32FFB6]
2026-01-27 04:28:56.736 RedLemon[3884:826372] 📝 [PLAYER] Playback State Changed ["state": "Paused"]
2026-01-27 04:28:56.737 RedLemon[3884:826372] 📝 [PLAYER] Buffering Started
2026-01-27 04:28:57.848 RedLemon[3884:826226] 📨 Realtime: Received broadcast message
2026-01-27 04:28:57.848 RedLemon[3884:826226]    Payload keys: senderId, timestamp, type, isPlaying, position
2026-01-27 04:28:57.849 RedLemon[3884:826226] ✅ Realtime: Decoded message type: playbackState, sender: 4AEF4E1B-BA8E-4D31-8736-BCA3B94F402B
2026-01-27 04:28:58.563 RedLemon[3884:826613] 📨 Realtime: Received broadcast message
2026-01-27 04:28:58.563 RedLemon[3884:826613]    Payload keys: senderId, timestamp, type, isPlaying, position
2026-01-27 04:28:58.563 RedLemon[3884:826613] ✅ Realtime: Decoded message type: ready, sender: 4aef4e1b-ba8e-4d31-8736-bca3b94f402b
2026-01-27 04:28:58.818 RedLemon[3884:826167] 📝 [PLAYER] File Loaded ["duration": "2687.435"]
2026-01-27 04:28:59.176 RedLemon[3884:826159] [VIDEO_READY] isEvent: false, eventStartTime: nil
2026-01-27 04:28:59.216 RedLemon[3884:826364] 📝 [PLAYER] Playback State Changed ["state": "Playing"]
2026-01-27 04:28:59.312 RedLemon[3884:826364] 📝 [PLAYER] Buffering State ["buffering": "true"]
2026-01-27 04:28:59.326 RedLemon[3884:826364] 📝 [PLAYER] Buffering Started
2026-01-27 04:28:59.894 RedLemon[3884:826438] 📨 Realtime: Received broadcast message
2026-01-27 04:28:59.894 RedLemon[3884:826438]    Payload keys: isPlaying, type, timestamp, senderId, position
2026-01-27 04:28:59.895 RedLemon[3884:826438] ✅ Realtime: Decoded message type: playbackState, sender: 4AEF4E1B-BA8E-4D31-8736-BCA3B94F402B
2026-01-27 04:29:00.493 RedLemon[3884:826226] 📨 Realtime: Received broadcast message
2026-01-27 04:29:00.493 RedLemon[3884:826226]    Payload keys: type, isPlaying, position, senderId, timestamp
2026-01-27 04:29:00.493 RedLemon[3884:826226] ✅ Realtime: Decoded message type: ready, sender: 4aef4e1b-ba8e-4d31-8736-bca3b94f402b
2026-01-27 04:29:00.755 RedLemon[3884:826364] 📝 [PLAYER] Buffering State ["buffering": "false"]
2026-01-27 04:29:01.305 RedLemon[3884:826167] 📤 Realtime: Sending message type: ready, sender: 96e01cdb-36c0-4228-a6e4-a29a3c66bc8e
2026-01-27 04:29:01.306 RedLemon[3884:826167]    Payload keys: type, isPlaying, timestamp, senderId, position
2026-01-27 04:29:01.307 RedLemon[3884:826613] ✅ Realtime: Message broadcast complete
2026-01-27 04:29:01.320 RedLemon[3884:826613] 📝 [PLAYER] Playback State Changed ["state": "Paused"]
2026-01-27 04:29:01.442 RedLemon[3884:826613] 📨 Realtime: Received broadcast message
2026-01-27 04:29:01.443 RedLemon[3884:826613]    Payload keys: type, isPlaying, senderId, timestamp, position
2026-01-27 04:29:01.443 RedLemon[3884:826613] ✅ Realtime: Decoded message type: ready, sender: 96e01cdb-36c0-4228-a6e4-a29a3c66bc8e
2026-01-27 04:29:01.849 RedLemon[3884:826438] 📨 Realtime: Received broadcast message
2026-01-27 04:29:01.849 RedLemon[3884:826438]    Payload keys: position, isPlaying, type, senderId, timestamp
2026-01-27 04:29:01.849 RedLemon[3884:826438] ✅ Realtime: Decoded message type: playbackState, sender: 4AEF4E1B-BA8E-4D31-8736-BCA3B94F402B
2026-01-27 04:29:02.454 RedLemon[3884:826226] 📨 Realtime: Received broadcast message
2026-01-27 04:29:02.454 RedLemon[3884:826226]    Payload keys: position, senderId, type, timestamp, isPlaying
2026-01-27 04:29:02.454 RedLemon[3884:826226] ✅ Realtime: Decoded message type: ready, sender: 4aef4e1b-ba8e-4d31-8736-bca3b94f402b
2026-01-27 04:29:02.617 RedLemon[3884:826438] 📨 Realtime: Received broadcast message
2026-01-27 04:29:02.617 RedLemon[3884:826438]    Payload keys: isPlaying, senderId, timestamp, position, type
2026-01-27 04:29:02.618 RedLemon[3884:826438] ✅ Realtime: Decoded message type: play, sender: 4aef4e1b-ba8e-4d31-8736-bca3b94f402b
2026-01-27 04:29:02.670 RedLemon[3884:826372] 📝 [PLAYER] Playback State Changed ["state": "Playing"]
2026-01-27 04:29:03.712 RedLemon[3884:826372] 📨 Realtime: Received broadcast message
2026-01-27 04:29:03.712 RedLemon[3884:826372]    Payload keys: isPlaying, senderId, position, timestamp, type
2026-01-27 04:29:03.713 RedLemon[3884:826372] ✅ Realtime: Decoded message type: play, sender: 4aef4e1b-ba8e-4d31-8736-bca3b94f402b
2026-01-27 04:29:03.975 RedLemon[3884:826372] 📨 Realtime: Received broadcast message
2026-01-27 04:29:03.976 RedLemon[3884:826372]    Payload keys: senderId, type, timestamp, isPlaying, position
2026-01-27 04:29:03.976 RedLemon[3884:826372] ✅ Realtime: Decoded message type: playbackState, sender: 4AEF4E1B-BA8E-4D31-8736-BCA3B94F402B
2026-01-27 04:29:06.035 RedLemon[3884:826613] 📨 Realtime: Received broadcast message
2026-01-27 04:29:06.035 RedLemon[3884:826613]    Payload keys: type, isPlaying, senderId, position, timestamp
2026-01-27 04:29:06.035 RedLemon[3884:826613] ✅ Realtime: Decoded message type: playbackState, sender: 4AEF4E1B-BA8E-4D31-8736-BCA3B94F402B
2026-01-27 04:29:06.605 RedLemon[3884:826613] 📨 Realtime: Received broadcast message
2026-01-27 04:29:06.605 RedLemon[3884:826613]    Payload keys: isPlaying, type, timestamp, position, senderId
2026-01-27 04:29:06.605 RedLemon[3884:826613] ✅ Realtime: Decoded message type: pause, sender: 4aef4e1b-ba8e-4d31-8736-bca3b94f402b
2026-01-27 04:29:06.626 RedLemon[3884:826226] 🔐 SupabaseClient: Signing Identity Payload: '176950614696e01cdb-36c0-4228-a6e4-a29a3c66bc8e/rpc/room_heartbeat'
2026-01-27 04:29:06.626 RedLemon[3884:826226] 🔐 Signed request to /rpc/room_heartbeat
2026-01-27 04:29:06.682 RedLemon[3884:826364] 📝 [PLAYER] Playback State Changed ["state": "Paused"]
2026-01-27 04:29:07.842 RedLemon[3884:826613] 📨 Realtime: Received broadcast message
2026-01-27 04:29:07.842 RedLemon[3884:826613]    Payload keys: senderId, timestamp, position, isPlaying, type
2026-01-27 04:29:07.843 RedLemon[3884:826613] ✅ Realtime: Decoded message type: playbackState, sender: 4AEF4E1B-BA8E-4D31-8736-BCA3B94F402B
2026-01-27 04:29:09.928 RedLemon[3884:826226] 📨 Realtime: Received broadcast message
2026-01-27 04:29:09.928 RedLemon[3884:826226]    Payload keys: position, type, senderId, timestamp, isPlaying
2026-01-27 04:29:09.929 RedLemon[3884:826226] ✅ Realtime: Decoded message type: playbackState, sender: 4AEF4E1B-BA8E-4D31-8736-BCA3B94F402B
2026-01-27 04:29:10.643 RedLemon[3884:826373] 📨 Realtime: Received broadcast message
2026-01-27 04:29:10.643 RedLemon[3884:826373]    Payload keys: isPlaying, position, senderId, type, timestamp
2026-01-27 04:29:10.644 RedLemon[3884:826373] ✅ Realtime: Decoded message type: play, sender: 4aef4e1b-ba8e-4d31-8736-bca3b94f402b
2026-01-27 04:29:10.682 RedLemon[3884:826226] 📝 [PLAYER] Playback State Changed ["state": "Playing"]
2026-01-27 04:29:11.935 RedLemon[3884:826373] 📨 Realtime: Received broadcast message
2026-01-27 04:29:11.935 RedLemon[3884:826373]    Payload keys: type, position, timestamp, senderId, isPlaying
2026-01-27 04:29:11.936 RedLemon[3884:826373] ✅ Realtime: Decoded message type: playbackState, sender: 4AEF4E1B-BA8E-4D31-8736-BCA3B94F402B
2026-01-27 04:29:13.939 RedLemon[3884:826438] 📨 Realtime: Received broadcast message
2026-01-27 04:29:13.940 RedLemon[3884:826438]    Payload keys: senderId, position, timestamp, isPlaying, type
2026-01-27 04:29:13.941 RedLemon[3884:826438] ✅ Realtime: Decoded message type: playbackState, sender: 4AEF4E1B-BA8E-4D31-8736-BCA3B94F402B
2026-01-27 04:29:15.533 RedLemon[3884:826373] 📨 Realtime: Received broadcast message
2026-01-27 04:29:15.533 RedLemon[3884:826373]    Payload keys: isPlaying, type, timestamp, senderId, position
2026-01-27 04:29:15.533 RedLemon[3884:826373] ✅ Realtime: Decoded message type: seek, sender: 4aef4e1b-ba8e-4d31-8736-bca3b94f402b
2026-01-27 04:29:15.839 RedLemon[3884:826438] 📨 Realtime: Received broadcast message
2026-01-27 04:29:15.839 RedLemon[3884:826438]    Payload keys: isPlaying, timestamp, position, senderId, type
2026-01-27 04:29:15.840 RedLemon[3884:826438] ✅ Realtime: Decoded message type: playbackState, sender: 4AEF4E1B-BA8E-4D31-8736-BCA3B94F402B
2026-01-27 04:29:18.088 RedLemon[3884:826373] 📨 Realtime: Received broadcast message
2026-01-27 04:29:18.088 RedLemon[3884:826373]    Payload keys: timestamp, isPlaying, type, senderId, position
2026-01-27 04:29:18.089 RedLemon[3884:826373] ✅ Realtime: Decoded message type: playbackState, sender: 4AEF4E1B-BA8E-4D31-8736-BCA3B94F402B
2026-01-27 04:29:18.953 RedLemon[3884:826614] 🔐 Signed request to /rpc/user_heartbeat
2026-01-27 04:29:19.901 RedLemon[3884:826438] 📨 Realtime: Received broadcast message
2026-01-27 04:29:19.901 RedLemon[3884:826438]    Payload keys: type, position, senderId, isPlaying, timestamp
2026-01-27 04:29:19.901 RedLemon[3884:826438] ✅ Realtime: Decoded message type: playbackState, sender: 4AEF4E1B-BA8E-4D31-8736-BCA3B94F402B
2026-01-27 04:29:21.396 RedLemon[3884:826226] 📨 Realtime: Received broadcast message
2026-01-27 04:29:21.396 RedLemon[3884:826226]    Payload keys: isPlaying, senderId, position, timestamp, type
2026-01-27 04:29:21.397 RedLemon[3884:826226] ✅ Realtime: Decoded message type: seek, sender: 4aef4e1b-ba8e-4d31-8736-bca3b94f402b
2026-01-27 04:29:21.841 RedLemon[3884:826372] 📨 Realtime: Received broadcast message
2026-01-27 04:29:21.841 RedLemon[3884:826372]    Payload keys: isPlaying, position, senderId, type, timestamp
2026-01-27 04:29:21.842 RedLemon[3884:826372] ✅ Realtime: Decoded message type: playbackState, sender: 4AEF4E1B-BA8E-4D31-8736-BCA3B94F402B
2026-01-27 04:29:23.937 RedLemon[3884:826438] 📨 Realtime: Received broadcast message
2026-01-27 04:29:23.937 RedLemon[3884:826438]    Payload keys: timestamp, position, isPlaying, type, senderId
2026-01-27 04:29:23.938 RedLemon[3884:826438] ✅ Realtime: Decoded message type: playbackState, sender: 4AEF4E1B-BA8E-4D31-8736-BCA3B94F402B
2026-01-27 04:29:25.916 RedLemon[3884:826226] 📨 Realtime: Received broadcast message
2026-01-27 04:29:25.916 RedLemon[3884:826226]    Payload keys: isPlaying, timestamp, senderId, position, type
2026-01-27 04:29:25.916 RedLemon[3884:826226] ✅ Realtime: Decoded message type: playbackState, sender: 4AEF4E1B-BA8E-4D31-8736-BCA3B94F402B
2026-01-27 04:29:26.657 RedLemon[3884:826226] 📨 Realtime: Received broadcast message
2026-01-27 04:29:26.657 RedLemon[3884:826226]    Payload keys: position, isPlaying, type, senderId, timestamp
2026-01-27 04:29:26.658 RedLemon[3884:826226] ✅ Realtime: Decoded message type: seek, sender: 4aef4e1b-ba8e-4d31-8736-bca3b94f402b
2026-01-27 04:29:27.852 RedLemon[3884:826613] 📨 Realtime: Received broadcast message
2026-01-27 04:29:27.852 RedLemon[3884:826613]    Payload keys: position, timestamp, senderId, isPlaying, type
2026-01-27 04:29:27.853 RedLemon[3884:826613] ✅ Realtime: Decoded message type: playbackState, sender: 4AEF4E1B-BA8E-4D31-8736-BCA3B94F402B
2026-01-27 04:29:29.244 RedLemon[3884:826614] 🔐 Signed request to /rpc/upsert_watch_history_item
2026-01-27 04:29:29.959 RedLemon[3884:826438] 📨 Realtime: Received broadcast message
2026-01-27 04:29:29.959 RedLemon[3884:826438]    Payload keys: isPlaying, senderId, type, timestamp, position
2026-01-27 04:29:29.959 RedLemon[3884:826438] ✅ Realtime: Decoded message type: playbackState, sender: 4AEF4E1B-BA8E-4D31-8736-BCA3B94F402B
2026-01-27 04:29:32.045 RedLemon[3884:826613] 📨 Realtime: Received broadcast message
2026-01-27 04:29:32.045 RedLemon[3884:826613]    Payload keys: timestamp, isPlaying, senderId, position, type
2026-01-27 04:29:32.045 RedLemon[3884:826613] ✅ Realtime: Decoded message type: playbackState, sender: 4AEF4E1B-BA8E-4D31-8736-BCA3B94F402B
2026-01-27 04:29:33.844 RedLemon[3884:826364] 📨 Realtime: Received broadcast message
2026-01-27 04:29:33.844 RedLemon[3884:826364]    Payload keys: type, senderId, position, timestamp, isPlaying
2026-01-27 04:29:33.844 RedLemon[3884:826364] ✅ Realtime: Decoded message type: playbackState, sender: 4AEF4E1B-BA8E-4D31-8736-BCA3B94F402B
2026-01-27 04:29:35.937 RedLemon[3884:826226] 📨 Realtime: Received broadcast message
2026-01-27 04:29:35.937 RedLemon[3884:826226]    Payload keys: senderId, timestamp, isPlaying, position, type
2026-01-27 04:29:35.937 RedLemon[3884:826226] ✅ Realtime: Decoded message type: playbackState, sender: 4AEF4E1B-BA8E-4D31-8736-BCA3B94F402B
2026-01-27 04:29:37.147 RedLemon[3884:826226] 🔐 SupabaseClient: Signing Identity Payload: '176950617796e01cdb-36c0-4228-a6e4-a29a3c66bc8e/rpc/room_heartbeat'
2026-01-27 04:29:37.148 RedLemon[3884:826226] 🔐 Signed request to /rpc/room_heartbeat
2026-01-27 04:29:37.985 RedLemon[3884:826373] 📨 Realtime: Received broadcast message
2026-01-27 04:29:37.985 RedLemon[3884:826373]    Payload keys: type, position, senderId, timestamp, isPlaying
2026-01-27 04:29:37.986 RedLemon[3884:826373] ✅ Realtime: Decoded message type: playbackState, sender: 4AEF4E1B-BA8E-4D31-8736-BCA3B94F402B
2026-01-27 04:29:39.926 RedLemon[3884:826364] 📨 Realtime: Received broadcast message
2026-01-27 04:29:39.926 RedLemon[3884:826364]    Payload keys: senderId, isPlaying, position, timestamp, type
2026-01-27 04:29:39.926 RedLemon[3884:826364] ✅ Realtime: Decoded message type: playbackState, sender: 4AEF4E1B-BA8E-4D31-8736-BCA3B94F402B
📄 Subtitle request: L3N1YnRpdGxlLzM1NDQ4... (offset: 0ms)
📥 Downloading subtitle from SubDL CDN: /subtitle/3544880-8466988.zip
📡 SocialService: Updated status - online: The Beauty - S01E01: Beautiful Pilot
✅ Download complete: 30875 bytes
📦 Detected ZIP archive, extracting...
🔍 Looking for S%02dE%02d in zip (%d files)... 1 1 2
✅ Found matching file in zip (Strategy 2 - Pattern s01e01): [CoffeePrison] THE BEAUTY S01E01 DSNP WEB ENG.srt
📦 Extracting specific file: \[CoffeePrison\] THE BEAUTY S01E01 DSNP WEB ENG.srt
✅ Extraction successful
⏰ AppState: Next schedule update set for Event End: 2026-01-27 10:17:34 +0000
⏰ AppState: Scheduling update in 2918 seconds
✅ Subtitle downloaded and converted to VTT
✅ Download complete: 30875 bytes
📦 Detected ZIP archive, extracting...
🔍 Looking for S%02dE%02d in zip (%d files)... 1 1 2
✅ Found matching file in zip (Strategy 2 - Pattern s01e01): [CoffeePrison] THE BEAUTY S01E01 DSNP WEB ENG.srt
📦 Extracting specific file: \[CoffeePrison\] THE BEAUTY S01E01 DSNP WEB ENG.srt
✅ Extraction successful
✅ Subtitle downloaded and converted to VTT
⏰ AppState: Next schedule update set for Event End: 2026-01-27 10:17:34 +0000
⏰ AppState: Scheduling update in 2912 seconds
⏰ AppState: Next schedule update set for Event End: 2026-01-27 10:17:34 +0000
⏰ AppState: Scheduling update in 2901 seconds
📡 [EventsConfig] Checking server for movie_events config version...
✅ [EventsConfig] Fetched movie_events version 1586 with 397 movies
✅ [EventsConfig] Using cached movie_events config (version 1586, 397 movies)
⏰ AppState: Next schedule update set for Event End: 2026-01-27 10:17:34 +0000
⏰ AppState: Scheduling update in 2892 seconds
⏰ AppState: Next schedule update set for Event End: 2026-01-27 10:17:34 +0000
⏰ AppState: Scheduling update in 2881 seconds
