2026-01-08 00:50:32.557 RedLemon[32116:317610] 🪟 Set initial window to expanded size: (0.0, 150.0, 1366.0, 593.0)
2026-01-08 00:50:32.557 RedLemon[32116:317610] ✅ Cache cleanup timer started (runs every 30 minutes)
2026-01-08 00:50:32.629 RedLemon[32116:317668] 🔍 KeychainManager: Retrieved username 'ursinho' from UserDefaults
2026-01-08 00:50:32.634 RedLemon[32116:317610] 🔄 Resetting playback state to prevent auto-selection...
2026-01-08 00:50:32.687 RedLemon[32116:317610] ✅ Playback state reset complete - starting in browse view
2026-01-08 00:50:32.687 RedLemon[32116:317610] 🔐 APP STARTUP: Loading stored user credentials...
2026-01-08 00:50:32.687 RedLemon[32116:317610] 🧪 Testing Profile: debug
2026-01-08 00:50:32.687 RedLemon[32116:317668] 🔍 KeychainManager: Retrieved username 'ursinho' from UserDefaults
2026-01-08 00:50:32.688 RedLemon[32116:317610] ✅ Keychain: Found stored username: ursinho
2026-01-08 00:50:32.688 RedLemon[32116:317610] 🔍 Supabase: Looking up user 'ursinho' in database...
2026-01-08 00:50:32.688 RedLemon[32116:317666] 🔍 SupabaseClient: Looking up user by username 'ursinho'
2026-01-08 00:50:33.041 RedLemon[32116:317668] 📡 SupabaseClient: User lookup response received (332 bytes)
2026-01-08 00:50:33.046 RedLemon[32116:317668] ✅ SupabaseClient: Decoded 1 users from response
2026-01-08 00:50:33.046 RedLemon[32116:317668] 👤 SupabaseClient: Found user - ursinho (ID: 656DAA91-33B4-4688-9135-C982EA52D7C9)
2026-01-08 00:50:33.075 RedLemon[32116:317610] ✅ AUTH SUCCESS: User authenticated - ursinho (ID: 656DAA91-33B4-4688-9135-C982EA52D7C9)
2026-01-08 00:50:33.075 RedLemon[32116:317610] 🎯 AppState: currentUsername=ursinho, currentUserId=656DAA91-33B4-4688-9135-C982EA52D7C9
2026-01-08 00:50:33.075 RedLemon[32116:317610] 🏁 AUTH COMPLETE: Final state - username=ursinho, userId=656DAA91-33B4-4688-9135-C982EA52D7C9
2026-01-08 00:50:33.075 RedLemon[32116:317610] 🚀 RedLemon: Starting HTTP server...
2026-01-08 00:50:33.076 RedLemon[32116:317610] 📋 RedLemon: Current directory: /Users/danielnoble/Desktop/Redlemon
2026-01-08 00:50:33.097 RedLemon[32116:317610] ✅ RedLemon: HTTPServer instance created
2026-01-08 00:50:33.097 RedLemon[32116:317665] 📡 RedLemon: Server starting on port 47253...
⏲️ [EventsConfig] Starting polling fallback (every 60s)
🔌 Connecting to Supabase Realtime: wss://151.243.109.243.nip.io/realtime/v1/websocket
✅ Connected to Supabase Realtime
✅ Sparkle configured (manual only, no auto-checks)
   Appcast URL: https://raw.githubusercontent.com/orangeapple1272/Redlemon/main/appcast.xml
   Can check: false
📅 EventsView appeared
🎬 [EventsView] Fetching movie events from centralized config...
📡 [EventsConfig] Checking server for movie_events config version...
🔍 Silent update check (custom implementation)...
🔍 Memory pressure monitoring enabled (safe mode)
📂 Loaded 5 credential(s) from cache
🖥️ CacheManager initialized with fixed conservative limits
   Image cache limit: 30 items
📡 Joined channel: realtime:events_config_updates
✅ [EventsConfig] Subscribed to realtime schedule updates
📨 Received: {"ref":"7594D5B8-0246-4775-AE8D-2B11D0AB4D38","event":"phx_reply","payload":{"status":"ok","response":{"postgres_changes":[{"id":53636278,"event":"INSERT","filter":"config_type=eq.movie_events","schema":"public","table":"events_config"}]}},"topic":"realtime:events_config_updates"}
📨 Received: {"ref":null,"event":"system","payload":{"message":"Subscribed to PostgreSQL","status":"ok","extension":"postgres_changes","channel":"events_config_updates"},"topic":"realtime:events_config_updates"}
📨 Received: {"ref":null,"event":"presence_state","payload":{},"topic":"realtime:events_config_updates"}
✅ Token routes registered:
   POST /tokens/save
   POST /tokens/delete
   GET  /tokens/list
✅ Unlock routes registered:
   POST /api/streams/unlock
✅ Stream routes registered:
   POST /api/streams/resolve
   GET  /api/streams/resolveByQuality
   GET  /api/streams/resolveAll
✅ Proxy routes registered:
   GET /play/rd/:infoHash/:fileIdx
   GET /play/rd/:infoHash
✅ Subtitle routes registered:
   GET /subtitles/search?imdbId=&type=
   GET /subtitles/subdl/:encodedPath
✅ All routes registered
✅ HTTP Server configured on http://127.0.0.1:47253
🚀 Starting HTTP server...
✅ Providers initialized: torrentio, comet, zilean, mediafusion, debridsearch
[ NOTICE ] Server started on http://127.0.0.1:47253
2026-01-08 00:50:33.401 RedLemon[32116:317610] ✅ Loaded user: ursinho (ID: 656DAA91-33B4-4688-9135-C982EA52D7C9)
2026-01-08 00:50:35.204 RedLemon[32116:317610] ✅ RedLemon: Server marked as ready
2026-01-08 00:50:35.241 RedLemon[32116:317610] ✅ RedLemon: Server should be running on http://127.0.0.1:47253
2026-01-08 00:50:35.241 RedLemon[32116:317610] 🔍 Performing startup checks...
2026-01-08 00:50:35.242 RedLemon[32116:317610] ✅ Username-based authentication ready
2026-01-08 00:50:35.661 RedLemon[32116:317610] 🔍 Performing startup checks...
2026-01-08 00:50:35.661 RedLemon[32116:317610] ✅ Username-based authentication ready
2026-01-08 00:50:35.787 RedLemon[32116:317610] 🔄 Checking for app updates...
2026-01-08 00:50:38.100 RedLemon[32116:317666] 🎬 Torrentio: Building URL for movie (no season/episode)
2026-01-08 00:50:38.101 RedLemon[32116:317666] 🔗 Torrentio URL (length: 55): https://torrentio.strem.fun/stream/movie/tt0133093.json...
✅ HTTP server running on http://127.0.0.1:47253

🔗 Available endpoints:
   http://127.0.0.1:47253/health
   http://127.0.0.1:47253/status
   http://127.0.0.1:47253/api/health

✅ [EventsConfig] Fetched movie_events version 1486 with 411 movies
✅ [EventsConfig] Using cached movie_events config (version 1486, 411 movies)
✅ [EventsView] Loaded 411 movies from config version 1486
🗓 AppState: Updated schedule epoch to 2026-01-04 23:43:30 +0000
⏰ AppState: Next schedule update set for Event End: 2026-01-08 07:11:30 +0000
⏰ AppState: Scheduling update in 4857 seconds
🖼️ [CACHE] Cached image data for key: https://images.metahub.space/background/medium/tt10545296/img (770130 bytes)
❌ Supabase error (404): {"code":"PGRST205","details":null,"hint":"Perhaps you meant the table 'public.users'","message":"Could not find the table 'public.user_blocks' in the schema cache"}
⚠️ Failed to load blocked users: httpError(404, "{\"code\":\"PGRST205\",\"details\":null,\"hint\":\"Perhaps you meant the table \'public.users\'\",\"message\":\"Could not find the table \'public.user_blocks\' in the schema cache\"}")
❌ Supabase error (404): {"code":"PGRST205","details":null,"hint":"Perhaps you meant the table 'public.users'","message":"Could not find the table 'public.user_blocks' in the schema cache"}
⚠️ Failed to load blocked users: httpError(404, "{\"code\":\"PGRST205\",\"details\":null,\"hint\":\"Perhaps you meant the table \'public.users\'\",\"message\":\"Could not find the table \'public.user_blocks\' in the schema cache\"}")
🔌 SocialService: Connecting to global presence...
🔌 Connecting to Supabase Realtime: wss://151.243.109.243.nip.io/realtime/v1/websocket
✅ Connected to Supabase Realtime
✅ SocialService: Presence connected
⏰ AppState: Next schedule update set for Event End: 2026-01-08 07:11:30 +0000
⏰ AppState: Scheduling update in 4856 seconds
⏰ AppState: Next schedule update set for Event End: 2026-01-08 07:11:30 +0000
⏰ AppState: Scheduling update in 4856 seconds
📡 Joined channel: realtime:global-presence
✅ SocialService: Connected to global presence
🔌 SocialService: Connecting to DM channel...
🔌 Connecting to Supabase Realtime: wss://151.243.109.243.nip.io/realtime/v1/websocket
✅ Connected to Supabase Realtime
✅ SocialService: DM channel connected
📨 Received: {"ref":"84754E9E-8EF7-47A1-A112-850CF5859BAD","event":"phx_reply","payload":{"status":"ok","response":{"postgres_changes":[]}},"topic":"realtime:global-presence"}
📨 Received: {"ref":null,"event":"presence_state","payload":{"f237d422-ec55-11f0-8651-9ee62e3b7bba":{"metas":[{"phx_ref":"GIirgv9ZvLc6AjKi","last_seen":"2026-01-08T05:50:32.668Z","status":"online","user_id":"96E01CDB-36C0-4228-A6E4-A29A3C66BC8E","username":"lemontom"}]}},"topic":"realtime:global-presence"}
📨 Received: {"ref":"1","event":"phx_reply","payload":{"status":"ok","response":{}},"topic":"realtime:global-presence"}
📈 SocialService: User 96e01cdb-36c0-4228-a6e4-a29a3c66bc8e came online
📨 Received: {"ref":null,"event":"presence_diff","payload":{"joins":{"f3544b10-ec55-11f0-9fb7-9ee62e3b7bba":{"metas":[{"phx_ref":"GIirg257bHk6AjUC","last_seen":"2026-01-08T05:50:34.497Z","status":"online","user_id":"656DAA91-33B4-4688-9135-C982EA52D7C9","username":"ursinho"}]}},"leaves":{}},"topic":"realtime:global-presence"}
📈 SocialService: User 656daa91-33b4-4688-9135-c982ea52d7c9 came online
📡 Joined channel: realtime:direct_messages
✅ SocialService: Connected to DM channel
📨 Received: {"ref":"E03D1B97-F9C2-4224-A7BC-C0F3179EFF86","event":"phx_reply","payload":{"status":"ok","response":{"postgres_changes":[{"id":44215242,"event":"INSERT","filter":"receiver_id=eq.656daa91-33b4-4688-9135-c982ea52d7c9","schema":"public","table":"direct_messages"},{"id":13418599,"event":"INSERT","filter":"sender_id=eq.656daa91-33b4-4688-9135-c982ea52d7c9","schema":"public","table":"direct_messages"}]}},"topic":"realtime:direct_messages"}
📬 SocialService: Fetched 0 unread messages
🔄 SocialService: Syncing 40 items to cloud...
🔄 SocialService: Syncing 40 items to cloud (serial)...
📨 Received: {"ref":null,"event":"system","payload":{"message":"Subscribed to PostgreSQL","status":"ok","extension":"postgres_changes","channel":"direct_messages"},"topic":"realtime:direct_messages"}
📨 Received: {"ref":null,"event":"presence_state","payload":{},"topic":"realtime:direct_messages"}
💰 LicenseManager: Checking for background crypto payments...
⚠️ LicenseManager: Background payment check failed: httpError(503, "{\"message\":\"name resolution failed\"}")
💰 LicenseManager: Checking for background crypto payments...
⚠️ LicenseManager: Background payment check failed: httpError(503, "{\"message\":\"name resolution failed\"}")
🔍 Manual update check requested...
⏰ TimeService: Synchronizing clock with server...
✅ TimeService: Synced! Offset: 0.160s (RTT: 135ms)
   Local:  2026-01-08 05:50:35 +0000
   Server: 2026-01-08 05:50:36 +0000
⏰ Time synced with server! AppState should automatically recalculate.
⚠️ Zilean Health Check returned status: 404
🚫 Subscription revoked or inactive.
⏰ AppState: Next schedule update set for Event End: 2026-01-08 07:11:30 +0000
⏰ AppState: Scheduling update in 4846 seconds
📨 Received: {"ref":null,"event":"presence_diff","payload":{"joins":{"f237d422-ec55-11f0-8651-9ee62e3b7bba":{"metas":[{"phx_ref":"GIirh6d0Uvo6ArpB","phx_ref_prev":"GIirgv9ZvLc6AjKi","last_seen":"2026-01-08T05:50:52.670Z","status":"online","user_id":"96e01cdb-36c0-4228-a6e4-a29a3c66bc8e","username":"lemontom"}]}},"leaves":{"f237d422-ec55-11f0-8651-9ee62e3b7bba":{"metas":[{"phx_ref":"GIirgv9ZvLc6AjKi","last_seen":"2026-01-08T05:50:32.668Z","status":"online","user_id":"96E01CDB-36C0-4228-A6E4-A29A3C66BC8E","username":"lemontom"}]}}},"topic":"realtime:global-presence"}
⏰ AppState: Next schedule update set for Event End: 2026-01-08 07:11:30 +0000
⏰ AppState: Scheduling update in 4836 seconds
📨 Received: {"ref":"2","event":"phx_reply","payload":{"status":"ok","response":{}},"topic":"realtime:global-presence"}
📨 Received: {"ref":null,"event":"presence_diff","payload":{"joins":{"f3544b10-ec55-11f0-9fb7-9ee62e3b7bba":{"metas":[{"phx_ref":"GIiriBbQQAw6Arqh","phx_ref_prev":"GIirg257bHk6AjUC","last_seen":"2026-01-08T05:50:54.500Z","status":"online","user_id":"656daa91-33b4-4688-9135-c982ea52d7c9","username":"ursinho"}]}},"leaves":{"f3544b10-ec55-11f0-9fb7-9ee62e3b7bba":{"metas":[{"phx_ref":"GIirg257bHk6AjUC","last_seen":"2026-01-08T05:50:34.497Z","status":"online","user_id":"656DAA91-33B4-4688-9135-C982EA52D7C9","username":"ursinho"}]}}},"topic":"realtime:global-presence"}
💓 Heartbeat sent
📨 Received: {"ref":"1","event":"phx_reply","payload":{"status":"ok","response":{}},"topic":"phoenix"}
💓 Heartbeat sent
📨 Received: {"ref":"3","event":"phx_reply","payload":{"status":"ok","response":{}},"topic":"phoenix"}
⏰ AppState: Next schedule update set for Event End: 2026-01-08 07:11:30 +0000
⏰ AppState: Scheduling update in 4826 seconds
💓 Heartbeat sent
📨 Received: {"ref":"1","event":"phx_reply","payload":{"status":"ok","response":{}},"topic":"phoenix"}
🚫 Subscription revoked or inactive.
📨 Received: {"ref":null,"event":"presence_diff","payload":{"joins":{"f237d422-ec55-11f0-8651-9ee62e3b7bba":{"metas":[{"phx_ref":"GIirjE-HIx46Ajai","phx_ref_prev":"GIirh6d0Uvo6ArpB","last_seen":"2026-01-08T05:51:12.670Z","status":"online","user_id":"96e01cdb-36c0-4228-a6e4-a29a3c66bc8e","username":"lemontom"}]}},"leaves":{"f237d422-ec55-11f0-8651-9ee62e3b7bba":{"metas":[{"phx_ref":"GIirh6d0Uvo6ArpB","phx_ref_prev":"GIirgv9ZvLc6AjKi","last_seen":"2026-01-08T05:50:52.670Z","status":"online","user_id":"96e01cdb-36c0-4228-a6e4-a29a3c66bc8e","username":"lemontom"}]}}},"topic":"realtime:global-presence"}
