2026-01-08 01:35:07.634 RedLemon[34628:342093] 🪟 Set initial window to expanded size: (0.0, 150.0, 1366.0, 593.0)
2026-01-08 01:35:07.634 RedLemon[34628:342093] ✅ Cache cleanup timer started (runs every 30 minutes)
2026-01-08 01:35:07.713 RedLemon[34628:342093] 🔄 Resetting playback state to prevent auto-selection...
2026-01-08 01:35:07.716 RedLemon[34628:342157] 🔍 KeychainManager: Retrieved username 'ursinho' from UserDefaults
2026-01-08 01:35:07.748 RedLemon[34628:342093] ✅ Playback state reset complete - starting in browse view
2026-01-08 01:35:07.749 RedLemon[34628:342093] 🔐 APP STARTUP: Loading stored user credentials...
2026-01-08 01:35:07.749 RedLemon[34628:342093] 🧪 Testing Profile: debug
2026-01-08 01:35:07.749 RedLemon[34628:342157] 🔍 KeychainManager: Retrieved username 'ursinho' from UserDefaults
2026-01-08 01:35:07.778 RedLemon[34628:342093] ✅ Keychain: Found stored username: ursinho
2026-01-08 01:35:07.778 RedLemon[34628:342093] 🔍 Supabase: Looking up user 'ursinho' in database...
2026-01-08 01:35:07.779 RedLemon[34628:342135] 🔍 SupabaseClient: Looking up user by username 'ursinho'
2026-01-08 01:35:08.165 RedLemon[34628:342157] 📡 SupabaseClient: User lookup response received (358 bytes)
2026-01-08 01:35:08.173 RedLemon[34628:342157] ✅ SupabaseClient: Decoded 1 users from response
2026-01-08 01:35:08.174 RedLemon[34628:342157] 👤 SupabaseClient: Found user - ursinho (ID: 656DAA91-33B4-4688-9135-C982EA52D7C9)
2026-01-08 01:35:08.200 RedLemon[34628:342093] ✅ AUTH SUCCESS: User authenticated - ursinho (ID: 656DAA91-33B4-4688-9135-C982EA52D7C9)
2026-01-08 01:35:08.200 RedLemon[34628:342093] 🎯 AppState: currentUsername=ursinho, currentUserId=656DAA91-33B4-4688-9135-C982EA52D7C9
2026-01-08 01:35:08.200 RedLemon[34628:342093] 🏁 AUTH COMPLETE: Final state - username=ursinho, userId=656DAA91-33B4-4688-9135-C982EA52D7C9
2026-01-08 01:35:08.200 RedLemon[34628:342093] 🚀 RedLemon: Starting HTTP server...
2026-01-08 01:35:08.201 RedLemon[34628:342093] 📋 RedLemon: Current directory: /Users/danielnoble/Desktop/Redlemon
2026-01-08 01:35:08.220 RedLemon[34628:342093] ✅ RedLemon: HTTPServer instance created
2026-01-08 01:35:08.220 RedLemon[34628:342093] ✅ Loaded user: ursinho (ID: 656DAA91-33B4-4688-9135-C982EA52D7C9)
2026-01-08 01:35:08.220 RedLemon[34628:342157] 📡 RedLemon: Server starting on port 47253...
⏲️ [EventsConfig] Starting polling fallback (every 60s)
🔌 Connecting to Supabase Realtime: wss://151.243.109.243.nip.io/realtime/v1/websocket
✅ Connected to Supabase Realtime
✅ Sparkle configured (manual only, no auto-checks)
   Appcast URL: https://raw.githubusercontent.com/orangeapple1272/Redlemon/main/appcast.xml
   Can check: false
📅 EventsView appeared
🎬 [EventsView] Fetching movie events from centralized config...
📡 [EventsConfig] Checking server for movie_events config version...
🔍 Silent update check (custom implementation)...
🔍 Memory pressure monitoring enabled (safe mode)
📂 Loaded 5 credential(s) from cache
🖥️ CacheManager initialized with fixed conservative limits
   Image cache limit: 30 items
📡 Joined channel: realtime:events_config_updates
✅ [EventsConfig] Subscribed to realtime schedule updates
📨 Received: {"ref":"D2B34341-6E0D-4CDD-B736-3CC115730D71","event":"phx_reply","payload":{"status":"ok","response":{"postgres_changes":[{"id":53636278,"event":"INSERT","filter":"config_type=eq.movie_events","schema":"public","table":"events_config"}]}},"topic":"realtime:events_config_updates"}
📨 Received: {"ref":null,"event":"system","payload":{"message":"Subscribed to PostgreSQL","status":"ok","extension":"postgres_changes","channel":"events_config_updates"},"topic":"realtime:events_config_updates"}
📨 Received: {"ref":null,"event":"presence_state","payload":{},"topic":"realtime:events_config_updates"}
✅ Token routes registered:
   POST /tokens/save
   POST /tokens/delete
   GET  /tokens/list
✅ Unlock routes registered:
   POST /api/streams/unlock
✅ Stream routes registered:
   POST /api/streams/resolve
   GET  /api/streams/resolveByQuality
   GET  /api/streams/resolveAll
✅ Proxy routes registered:
   GET /play/rd/:infoHash/:fileIdx
   GET /play/rd/:infoHash
✅ Subtitle routes registered:
   GET /subtitles/search?imdbId=&type=
   GET /subtitles/subdl/:encodedPath
✅ All routes registered
✅ HTTP Server configured on http://127.0.0.1:47253
🚀 Starting HTTP server...
✅ Providers initialized: torrentio, comet, zilean, mediafusion, debridsearch
[ NOTICE ] Server started on http://127.0.0.1:47253
2026-01-08 01:35:10.302 RedLemon[34628:342093] ✅ RedLemon: Server marked as ready
2026-01-08 01:35:10.339 RedLemon[34628:342093] ✅ RedLemon: Server should be running on http://127.0.0.1:47253
2026-01-08 01:35:10.339 RedLemon[34628:342093] 🔍 Performing startup checks...
2026-01-08 01:35:10.339 RedLemon[34628:342093] ✅ Username-based authentication ready
2026-01-08 01:35:10.744 RedLemon[34628:342093] 🔍 Performing startup checks...
2026-01-08 01:35:10.744 RedLemon[34628:342093] ✅ Username-based authentication ready
2026-01-08 01:35:10.880 RedLemon[34628:342093] 🔄 Checking for app updates...
2026-01-08 01:35:39.440 RedLemon[34628:342138] 🎬 Torrentio: Building URL for movie (no season/episode)
2026-01-08 01:35:39.440 RedLemon[34628:342138] 🔗 Torrentio URL (length: 55): https://torrentio.strem.fun/stream/movie/tt0133093.json...
✅ HTTP server running on http://127.0.0.1:47253

🔗 Available endpoints:
   http://127.0.0.1:47253/health
   http://127.0.0.1:47253/status
   http://127.0.0.1:47253/api/health

✅ [EventsConfig] Fetched movie_events version 1486 with 411 movies
✅ [EventsConfig] Using cached movie_events config (version 1486, 411 movies)
✅ [EventsView] Loaded 411 movies from config version 1486
🗓 AppState: Updated schedule epoch to 2026-01-04 23:43:30 +0000
⏰ AppState: Next schedule update set for Event End: 2026-01-08 07:11:30 +0000
⏰ AppState: Scheduling update in 2182 seconds
🖼️ [CACHE] Cached image data for key: https://images.metahub.space/background/medium/tt10545296/img (770130 bytes)
❌ Supabase error (404): {"code":"PGRST205","details":null,"hint":"Perhaps you meant the table 'public.users'","message":"Could not find the table 'public.user_blocks' in the schema cache"}
⚠️ Failed to load blocked users: httpError(404, "{\"code\":\"PGRST205\",\"details\":null,\"hint\":\"Perhaps you meant the table \'public.users\'\",\"message\":\"Could not find the table \'public.user_blocks\' in the schema cache\"}")
❌ Supabase error (404): {"code":"PGRST205","details":null,"hint":"Perhaps you meant the table 'public.users'","message":"Could not find the table 'public.user_blocks' in the schema cache"}
⚠️ Failed to load blocked users: httpError(404, "{\"code\":\"PGRST205\",\"details\":null,\"hint\":\"Perhaps you meant the table \'public.users\'\",\"message\":\"Could not find the table \'public.user_blocks\' in the schema cache\"}")
🔌 SocialService: Connecting to global presence...
🔌 Connecting to Supabase Realtime: wss://151.243.109.243.nip.io/realtime/v1/websocket
✅ Connected to Supabase Realtime
✅ SocialService: Presence connected
📡 Joined channel: realtime:global-presence
⏰ AppState: Next schedule update set for Event End: 2026-01-08 07:11:30 +0000
⏰ AppState: Scheduling update in 2181 seconds
⏰ AppState: Next schedule update set for Event End: 2026-01-08 07:11:30 +0000
⏰ AppState: Scheduling update in 2181 seconds
✅ SocialService: Connected to global presence
🔌 SocialService: Connecting to DM channel...
🔌 Connecting to Supabase Realtime: wss://151.243.109.243.nip.io/realtime/v1/websocket
✅ Connected to Supabase Realtime
✅ SocialService: DM channel connected
📨 Received: {"ref":"63C0E5C4-45C4-4CB4-8511-4BE194BFEA8C","event":"phx_reply","payload":{"status":"ok","response":{"postgres_changes":[]}},"topic":"realtime:global-presence"}
📨 Received: {"ref":null,"event":"presence_state","payload":{"0836d5ce-ec5c-11f0-bab3-9ee62e3b7bba":{"metas":[{"phx_ref":"GIit8Y8mz8U6ApqD","phx_ref_prev":"GIit7OcUOHI6AhPB","last_seen":"2026-01-08T06:35:06.630Z","status":"online","user_id":"96e01cdb-36c0-4228-a6e4-a29a3c66bc8e","username":"lemontom"}]}},"topic":"realtime:global-presence"}
📈 SocialService: User 96e01cdb-36c0-4228-a6e4-a29a3c66bc8e came online
📨 Received: {"ref":"1","event":"phx_reply","payload":{"status":"ok","response":{}},"topic":"realtime:global-presence"}
📨 Received: {"ref":null,"event":"presence_diff","payload":{"joins":{"2dba6004-ec5c-11f0-8e17-9ee62e3b7bba":{"metas":[{"phx_ref":"GIit8j7dBrU6AhVh","last_seen":"2026-01-08T06:35:09.471Z","status":"online","user_id":"656DAA91-33B4-4688-9135-C982EA52D7C9","username":"ursinho"}]}},"leaves":{}},"topic":"realtime:global-presence"}
📈 SocialService: User 656daa91-33b4-4688-9135-c982ea52d7c9 came online
📡 Joined channel: realtime:direct_messages
✅ SocialService: Connected to DM channel
📬 SocialService: Fetched 0 unread messages
📨 Received: {"ref":"BFD64CF7-E1F2-4D28-8DB3-C11A6ABCF935","event":"phx_reply","payload":{"status":"ok","response":{"postgres_changes":[{"id":44215242,"event":"INSERT","filter":"receiver_id=eq.656daa91-33b4-4688-9135-c982ea52d7c9","schema":"public","table":"direct_messages"},{"id":13418599,"event":"INSERT","filter":"sender_id=eq.656daa91-33b4-4688-9135-c982ea52d7c9","schema":"public","table":"direct_messages"}]}},"topic":"realtime:direct_messages"}
🔄 SocialService: Syncing 40 items to cloud...
🔄 SocialService: Syncing 40 items to cloud (serial)...
📨 Received: {"ref":null,"event":"system","payload":{"message":"Subscribed to PostgreSQL","status":"ok","extension":"postgres_changes","channel":"direct_messages"},"topic":"realtime:direct_messages"}
📨 Received: {"ref":null,"event":"presence_state","payload":{},"topic":"realtime:direct_messages"}
💰 LicenseManager: Checking for background crypto payments...
💰 Check Payment Response: {"success":false,"message":"No active payment found"}
🚫 Subscription revoked or inactive.
💰 LicenseManager: Checking for background crypto payments...
💰 Check Payment Response: {"success":false,"message":"No active payment found"}
🚫 Subscription revoked or inactive.
🔍 Manual update check requested...
⏰ TimeService: Synchronizing clock with server...
✅ TimeService: Synced! Offset: 0.157s (RTT: 132ms)
   Local:  2026-01-08 06:35:11 +0000
   Server: 2026-01-08 06:35:11 +0000
⏰ Time synced with server! AppState should automatically recalculate.
⏰ AppState: Next schedule update set for Event End: 2026-01-08 07:11:30 +0000
⏰ AppState: Scheduling update in 2171 seconds
📨 Received: {"ref":null,"event":"presence_diff","payload":{"joins":{"0836d5ce-ec5c-11f0-bab3-9ee62e3b7bba":{"metas":[{"phx_ref":"GIit9jfbOcU6AhZh","phx_ref_prev":"GIit8Y8mz8U6ApqD","last_seen":"2026-01-08T06:35:26.631Z","status":"online","user_id":"96e01cdb-36c0-4228-a6e4-a29a3c66bc8e","username":"lemontom"}]}},"leaves":{"0836d5ce-ec5c-11f0-bab3-9ee62e3b7bba":{"metas":[{"phx_ref":"GIit8Y8mz8U6ApqD","phx_ref_prev":"GIit7OcUOHI6AhPB","last_seen":"2026-01-08T06:35:06.630Z","status":"online","user_id":"96e01cdb-36c0-4228-a6e4-a29a3c66bc8e","username":"lemontom"}]}}},"topic":"realtime:global-presence"}
⏰ AppState: Next schedule update set for Event End: 2026-01-08 07:11:30 +0000
⏰ AppState: Scheduling update in 2161 seconds
📨 Received: {"ref":"2","event":"phx_reply","payload":{"status":"ok","response":{}},"topic":"realtime:global-presence"}
📨 Received: {"ref":null,"event":"presence_diff","payload":{"joins":{"2dba6004-ec5c-11f0-8e17-9ee62e3b7bba":{"metas":[{"phx_ref":"GIit9ucVzMI6AhbB","phx_ref_prev":"GIit8j7dBrU6AhVh","last_seen":"2026-01-08T06:35:29.474Z","status":"online","user_id":"656daa91-33b4-4688-9135-c982ea52d7c9","username":"ursinho"}]}},"leaves":{"2dba6004-ec5c-11f0-8e17-9ee62e3b7bba":{"metas":[{"phx_ref":"GIit8j7dBrU6AhVh","last_seen":"2026-01-08T06:35:09.471Z","status":"online","user_id":"656DAA91-33B4-4688-9135-C982EA52D7C9","username":"ursinho"}]}}},"topic":"realtime:global-presence"}
💓 Heartbeat sent
📨 Received: {"ref":"1","event":"phx_reply","payload":{"status":"ok","response":{}},"topic":"phoenix"}
💓 Heartbeat sent
📨 Received: {"ref":"3","event":"phx_reply","payload":{"status":"ok","response":{}},"topic":"phoenix"}
⚠️ Zilean Health Check returned status: 404
💓 Heartbeat sent
⏰ AppState: Next schedule update set for Event End: 2026-01-08 07:11:30 +0000
⏰ AppState: Scheduling update in 2151 seconds
📨 Received: {"ref":"1","event":"phx_reply","payload":{"status":"ok","response":{}},"topic":"phoenix"}
🎉 Subscription updated! Expires: 2026-02-07 06:21:24 +0000
📨 Received: {"ref":null,"event":"presence_diff","payload":{"joins":{"0836d5ce-ec5c-11f0-bab3-9ee62e3b7bba":{"metas":[{"phx_ref":"GIit-t-HwMY6AhfB","phx_ref_prev":"GIit9jfbOcU6AhZh","last_seen":"2026-01-08T06:35:46.632Z","status":"online","user_id":"96e01cdb-36c0-4228-a6e4-a29a3c66bc8e","username":"lemontom"}]}},"leaves":{"0836d5ce-ec5c-11f0-bab3-9ee62e3b7bba":{"metas":[{"phx_ref":"GIit9jfbOcU6AhZh","phx_ref_prev":"GIit8Y8mz8U6ApqD","last_seen":"2026-01-08T06:35:26.631Z","status":"online","user_id":"96e01cdb-36c0-4228-a6e4-a29a3c66bc8e","username":"lemontom"}]}}},"topic":"realtime:global-presence"}
