2026-01-19 11:11:44.476 RedLemon[5228:42078] 🪟 Set initial window to expanded size: (0.0, 148.0, 1366.0, 595.0)
2026-01-19 11:11:44.476 RedLemon[5228:42078] ✅ Cache cleanup timer started (runs every 30 minutes)
2026-01-19 11:11:44.524 RedLemon[5228:42078] 🔄 Resetting playback state to prevent auto-selection...
2026-01-19 11:11:44.526 RedLemon[5228:42078] ⚠️ PlayerVM: currentWatchPartyRoom set to NIL. Stack Trace unavailable, but check recent logs.
2026-01-19 11:11:44.565 RedLemon[5228:42078] ✅ Playback state reset complete - starting in browse view
2026-01-19 11:11:44.565 RedLemon[5228:42078] 🔐 APP STARTUP: Loading stored user credentials...
2026-01-19 11:11:44.565 RedLemon[5228:42078] 🧪 Testing Profile: debug
2026-01-19 11:11:44.573 RedLemon[5228:42142] 📂 Loaded 5 credential(s) from cache
2026-01-19 11:11:44.602 RedLemon[5228:42078] ✅ Keychain: Found stored username: ursinho
2026-01-19 11:11:44.602 RedLemon[5228:42078] 🔍 Supabase: Looking up user 'ursinho' in database...
2026-01-19 11:11:44.602 RedLemon[5228:42142] 🔍 SupabaseClient: Looking up user by username 'ursinho'
2026-01-19 11:11:45.223 RedLemon[5228:42145] 📡 SupabaseClient: User lookup response received (399 bytes)
2026-01-19 11:11:45.232 RedLemon[5228:42145] ✅ SupabaseClient: Decoded 1 users from response
2026-01-19 11:11:45.234 RedLemon[5228:42145] 👤 SupabaseClient: Found user - ursinho (ID: 656DAA91-33B4-4688-9135-C982EA52D7C9)
2026-01-19 11:11:45.282 RedLemon[5228:42078] ✅ AUTH SUCCESS: User authenticated - ursinho (ID: 656DAA91-33B4-4688-9135-C982EA52D7C9)
2026-01-19 11:11:45.282 RedLemon[5228:42078] 🎯 AppState: currentUsername=ursinho, currentUserId=656DAA91-33B4-4688-9135-C982EA52D7C9
2026-01-19 11:11:47.372 RedLemon[5228:42078] 🏁 AUTH COMPLETE: Final state - username=ursinho, userId=656DAA91-33B4-4688-9135-C982EA52D7C9
2026-01-19 11:11:47.380 RedLemon[5228:42078] 🚀 RedLemon: Starting HTTP server...
2026-01-19 11:11:47.380 RedLemon[5228:42078] 📋 RedLemon: Current directory: /Users/danielnoble/Desktop/Redlemon
2026-01-19 11:11:47.400 RedLemon[5228:42078] ✅ RedLemon: HTTPServer instance created
2026-01-19 11:11:47.400 RedLemon[5228:42078] ✅ RedLemon: Server marked as ready (Optimistic)
2026-01-19 11:11:47.400 RedLemon[5228:42166] 📡 RedLemon: Server starting on port 47253...
⏲️ [EventsConfig] Starting polling fallback (every 60s)
🔌 Connecting to Supabase Realtime: wss://151.243.109.243.nip.io/realtime/v1/websocket
✅ Connected to Supabase Realtime
📡 Sparkle requesting feed URL: https://151.243.109.243.nip.io/updates/appcast.xml
✅ Sparkle configured (seamless mode)
   Appcast URL: https://151.243.109.243.nip.io/updates/appcast.xml
   Can check: true
📅 EventsView appeared
🎬 [EventsView] Fetching movie events from centralized config...
📡 [EventsConfig] Checking server for movie_events config version...
🔍 Memory pressure monitoring enabled (safe mode)
🔍 Silent update check (custom implementation)...
📦 Current build: 123, Latest build: 123
✅ App is up to date (current: 123, latest: 123)
🖥️ CacheManager initialized with fixed conservative limits
   Image cache limit: 30 items
📡 Joined channel: realtime:events_config_updates (interest count: 1)
✅ [EventsConfig] Subscribed to realtime schedule updates
📡 Sparkle requesting feed URL: https://151.243.109.243.nip.io/updates/appcast.xml
✅ [EventsConfig] Fetched movie_events version 1546 with 401 movies
✅ [EventsConfig] Using cached movie_events config (version 1546, 401 movies)
✅ [EventsView] Loaded 401 movies from config version 1546
🗓 AppState: Updated schedule epoch to 2026-01-18 22:58:18 +0000
⏰ AppState: Next schedule update set for Event End: 2026-01-19 16:36:18 +0000
⏰ AppState: Scheduling update in 1473 seconds
🖼️ [CACHE] Cached image data for key: https://images.metahub.space/background/medium/tt26581740/img (117146 bytes)
🖼️ [CACHE] Cached image data for key: https://images.metahub.space/background/medium/tt29644189/img (793673 bytes)
🖼️ [CACHE] Cached image data for key: https://images.metahub.space/background/medium/tt1396484/img (1023800 bytes)
🔌 SocialService: Connecting to global presence...
🔌 Connecting to Supabase Realtime: wss://151.243.109.243.nip.io/realtime/v1/websocket
✅ Connected to Supabase Realtime
✅ SocialService: Presence connected
📡 Joined channel: realtime:global-presence (interest count: 1)
✅ SocialService: Connected to global presence
🔌 SocialService: Connecting to DM channel...
🔌 Connecting to Supabase Realtime: wss://151.243.109.243.nip.io/realtime/v1/websocket
✅ Connected to Supabase Realtime
✅ SocialService: DM channel connected
📈 SocialService: User 96e01cdb-36c0-4228-a6e4-a29a3c66bc8e came online
📈 SocialService: User 656daa91-33b4-4688-9135-c982ea52d7c9 came online
⏰ AppState: Next schedule update set for Event End: 2026-01-19 16:36:18 +0000
⏰ AppState: Scheduling update in 1472 seconds
⏰ AppState: Next schedule update set for Event End: 2026-01-19 16:36:18 +0000
⏰ AppState: Scheduling update in 1471 seconds
📡 Joined channel: realtime:direct_messages (interest count: 1)
✅ SocialService: Connected to DM channel
📬 SocialService: Fetched 0 unread messages
🔄 SocialService: Syncing 50 items to cloud...
🔄 SocialService: Syncing 50 items to cloud (serial)...
✅ Token routes registered:
   POST /tokens/save
   POST /tokens/delete
   GET  /tokens/list
✅ Unlock routes registered:
   POST /api/streams/unlock
✅ Stream routes registered:
   POST /api/streams/resolve
   GET  /api/streams/resolveByQuality
   GET  /api/streams/resolveAll
✅ Proxy routes registered:
   GET /play/rd/:infoHash/:fileIdx
   GET /play/rd/:infoHash
✅ Subtitle routes registered:
   GET /subtitles/search?imdbId=&type=
   GET /subtitles/subdl/:encodedPath
✅ All routes registered
✅ HTTP Server configured on http://127.0.0.1:47253
🚀 Starting HTTP server...
✅ Providers initialized: torrentio, comet, zilean, mediafusion, debridsearch
[ NOTICE ] Server started on http://127.0.0.1:47253
2026-01-19 11:11:47.443 RedLemon[5228:42078] ✅ RedLemon: Server should be running on http://127.0.0.1:47253
2026-01-19 11:11:47.443 RedLemon[5228:42078] 🏥 [AppState] Starting global provider health check...
2026-01-19 11:11:47.443 RedLemon[5228:42078] 🔍 Performing startup checks...
2026-01-19 11:11:47.444 RedLemon[5228:42078] ✅ Username-based authentication ready
2026-01-19 11:11:47.445 RedLemon[5228:42166] 🔐 Signed request to /check-payment
2026-01-19 11:11:47.965 RedLemon[5228:42144] 🎬 Torrentio: Building URL for movie (no season/episode)
2026-01-19 11:11:47.965 RedLemon[5228:42144] 🔗 Torrentio URL (length: 55): https://torrentio.strem.fun/stream/movie/tt0133093.json...
✅ HTTP server running on http://127.0.0.1:47253

🔗 Available endpoints:
   http://127.0.0.1:47253/health
   http://127.0.0.1:47253/status
   http://127.0.0.1:47253/api/health

💰 LicenseManager: Starting hybrid license check...
✅ SubDLClient initialized
📋 Fetching rooms from Supabase backend (offset: 0, limit: 20, search: '')...
🔌 RoomListView: Setting up realtime subscription for rooms...
📋 Fetching rooms from Supabase backend (offset: 0, limit: 20, search: '')...
📡 Joined channel: realtime:rooms_updates (interest count: 1)
✅ RoomListView: Connected to rooms realtime updates
[ INFO ] GET /api/metadata/meta/movie/tt26581740 [request-id: F5976EA3-E032-4069-ACC6-55A7F19245C6]
[ INFO ] GET /api/metadata/meta/movie/tt26581740 [request-id: 30BCAA0C-5247-4A06-AB14-25629528EEBF]
2026-01-19 11:11:50.633 RedLemon[5228:42144] 📦 Decoded CinemetaMeta - videos count: -1
2026-01-19 11:11:50.638 RedLemon[5228:42144] 📦 Decoded CinemetaMeta - videos count: -1
2026-01-19 11:11:51.245 RedLemon[5228:42078] 🚪 Joining room: 8V5V
2026-01-19 11:11:51.656 RedLemon[5228:42145] 🏥 SubDL health check failed: The request timed out.
2026-01-19 11:11:51.656 RedLemon[5228:42078] ✅ [AppState] Provider health check complete (found 7 services)
2026-01-19 11:11:52.043 RedLemon[5228:42078] 🚪 Room is in lobby
2026-01-19 11:11:52.043 RedLemon[5228:42078] ✅ PlayerVM: currentWatchPartyRoom set to 8V5V
💾 Cache SET: Metadata[meta_movie_tt26581740]
✅ Loaded 1 rooms (total: 1)
💾 Cache SET: Metadata[meta_movie_tt26581740]
✅ Loaded 1 rooms (total: 1)
🚪 Joining room: 8V5V
📡 [EventsConfig] Checking server for movie_events config version...
✅ [EventsConfig] Fetched movie_events version 1546 with 401 movies
✅ [EventsConfig] Using cached movie_events config (version 1546, 401 movies)
🎭 Lobby: Connecting to room 8V5V...
🚦 Lobby State: connecting
✅ Cache HIT: Metadata[meta_movie_tt26581740]
🔄 Lobby: Fetching fresh room state from Supabase...
[ INFO ] GET /api/metadata/meta/movie/tt26581740 [request-id: CC681ED5-D579-4F6F-911E-6EE73759704A]
2026-01-19 11:11:52.221 RedLemon[5228:42145] 📝 Realtime: Registered observer 'lobby' (Presence: YES, Sync: NO, Status: NO)
2026-01-19 11:11:52.271 RedLemon[5228:42144] 📝 Realtime: Registered observer 'lobby' (Presence: NO, Sync: YES, Status: NO)
2026-01-19 11:11:52.441 RedLemon[5228:42078] ✅ Guest joined room 8V5V in database
2026-01-19 11:11:52.520 RedLemon[5228:42078] 📨 Lobby: Received Room UPDATE from Realtime
2026-01-19 11:11:52.522 RedLemon[5228:42078] 📨 Lobby: Received Room UPDATE from Realtime
2026-01-19 11:11:52.734 RedLemon[5228:42141] 📝 Realtime: Registered observer 'lobby' (Presence: YES, Sync: NO, Status: NO)
2026-01-19 11:11:52.735 RedLemon[5228:42144] 📝 Realtime: Registered observer 'lobby' (Presence: NO, Sync: YES, Status: NO)
2026-01-19 11:11:52.757 RedLemon[5228:42144] 📤 Realtime: Sending message type: chat, sender: 656daa91-33b4-4688-9135-c982ea52d7c9
2026-01-19 11:11:52.759 RedLemon[5228:42144]    Payload keys: senderId, timestamp, position, chatText, type, chatUsername
2026-01-19 11:11:52.760 RedLemon[5228:42146] ✅ Realtime: Message broadcast complete
2026-01-19 11:11:52.772 RedLemon[5228:42146] 🔐 SupabaseClient: Signing Identity Payload: '1768839112656daa91-33b4-4688-9135-c982ea52d7c9/rpc/room_heartbeat'
2026-01-19 11:11:52.773 RedLemon[5228:42146] 🔐 Signed request to /rpc/room_heartbeat
2026-01-19 11:11:52.880 RedLemon[5228:42146] 📨 Realtime: Received broadcast message
2026-01-19 11:11:52.880 RedLemon[5228:42146]    Payload keys: chatText, type, senderId, timestamp, position, chatUsername
2026-01-19 11:11:52.881 RedLemon[5228:42146] ✅ Realtime: Decoded message type: chat, sender: 656daa91-33b4-4688-9135-c982ea52d7c9
2026-01-19 11:11:52.882 RedLemon[5228:42078] 👋 Received: Guest 'ursinho' joined room 8V5V
2026-01-19 11:11:53.030 RedLemon[5228:42078] 📨 Lobby: Received Room UPDATE from Realtime
2026-01-19 11:11:58.461 RedLemon[5228:42166] 📨 Realtime: Received broadcast message
2026-01-19 11:11:58.461 RedLemon[5228:42166]    Payload keys: type, timestamp, chatText, chatUsername, senderId, position
2026-01-19 11:11:58.462 RedLemon[5228:42166] ✅ Realtime: Decoded message type: chat, sender: 96e01cdb-36c0-4228-a6e4-a29a3c66bc8e
2026-01-19 11:11:58.462 RedLemon[5228:42078] 🎬 Guest: Received RESOLVING signal
2026-01-19 11:12:04.298 RedLemon[5228:42078] 📨 Lobby: Received Room UPDATE from Realtime
2026-01-19 11:12:04.391 RedLemon[5228:42078] 📨 Lobby: Received Room UPDATE from Realtime
2026-01-19 11:12:04.455 RedLemon[5228:42144] 📨 Realtime: Received broadcast message
2026-01-19 11:12:04.455 RedLemon[5228:42144]    Payload keys: timestamp, senderId, chatText, type, position, chatUsername
2026-01-19 11:12:04.456 RedLemon[5228:42144] ✅ Realtime: Decoded message type: chat, sender: 96e01cdb-36c0-4228-a6e4-a29a3c66bc8e
2026-01-19 11:12:04.457 RedLemon[5228:42078] 🎬 Guest: Received PREPARE signal: LOBBY_PREPARE_PLAYBACK|4dc447b080ffdfee04789e338e3e7435c894d27b|0
2026-01-19 11:12:04.457 RedLemon[5228:42078] ✅ Guest: Extracted Hash from Payload: 4dc447b080ffdfee04789e338e3e7435c894d27b
2026-01-19 11:12:04.703 RedLemon[5228:42144] ✅ StreamService: Using provided metadata: Weapons
2026-01-19 11:12:04.703 RedLemon[5228:42144] ⚡️ StreamService: Resolving streams via StreamResolver (Bypassing HTTP)...
2026-01-19 11:12:04.704 RedLemon[5228:42144] ⚡️ StreamResolver: Resolving streams for tt26581740 (S0E0)
2026-01-19 11:12:04.704 RedLemon[5228:42145] 📝 [APP] 🎬 StreamService: Starting resolution for: Weapons ["file": "StreamService.swift", "level": "INFO", "line": "104"]
2026-01-19 11:12:04.704 RedLemon[5228:42145] 📝 [APP] SessionRecorder initialized
2026-01-19 11:12:04.705 RedLemon[5228:42144] 📝 [APP] New Session Started ["app_version": "1.0.123", "build": "123", "session_id": "84A128D8-457F-4427-99BB-8D6E2C95132C", "trigger_source": "preload", "user_id": "656DAA91-33B4-4688-9135-C982EA52D7C9"]
2026-01-19 11:12:04.705 RedLemon[5228:42144] 📝 [APP] Target Content Set ["imdb_id": "tt26581740"]
2026-01-19 11:12:04.705 RedLemon[5228:42144] 📝 [RESOLVER] Started Resolution ["episode": "0", "season": "0", "type": "movie"]
2026-01-19 11:12:04.835 RedLemon[5228:42145]    📅 Filtering by year: 2025
2026-01-19 11:12:04.963 RedLemon[5228:42145] 📝 [RESOLVER] Found Verified Stream ["hash": "4dc447b080ffdfee04789e338e3e7435c894d27b", "vote_count": "7"]
📡 SocialService: Updated status - In Lobby: Weapons: Weapons
🔌 Setting up Realtime channel: watch-party:8V5V
   Role: Guest
   User ID: 656daa91-33b4-4688-9135-c982ea52d7c9
📡 Left channel: realtime:rooms_updates
📡 Connection state: connected
📡 Connection state: connecting
📡 Joined channel: realtime:watch-party:8V5V (interest count: 1)
📡 Connection state: connected
✅ Realtime channel setup complete
✅ Lobby: Loaded metadata for Weapons
✅ Lobby: Connected to Realtime
📨 Unknown event: phx_close on realtime:rooms_updates
✅ Lobby: Synced CLEAN stream info, metadata & playlist to AppState
🔄 Lobby: Fetching fresh room state from Supabase...
🔄 Lobby: Fetching fresh room state from Supabase...
✅ Lobby: Synced CLEAN stream info, metadata & playlist to AppState
✅ Lobby: Synced CLEAN stream info, metadata & playlist to AppState
✅ Lobby: Refreshed room state. isPlaying: false
🛡️ Lobby: Ensuring local media state is fresh before auto-start check...
ℹ️ RealtimeChannelManager: Already setup for room 8V5V, filtering duplicate setup call.
📡 Connection state: connected
✅ Lobby: Connected to Realtime
🚦 Lobby State: connected
🔄 Lobby: Starting database polling for participants and room state...
💓 Lobby: Starting heartbeat loop...
🔄 LobbyDatabase: Starting room state polling for guests...
🔄 Lobby: Fetching fresh room state from Supabase...
✅ Lobby: Synced CLEAN stream info, metadata & playlist to AppState
⏰ AppState: Next schedule update set for Event End: 2026-01-19 16:36:18 +0000
⏰ AppState: Scheduling update in 1462 seconds
🛡️ Lobby: Auto-Join safety delay passed (8s). Enabled for late joiners.
🔄 Lobby: Fetching fresh room state from Supabase...
🔄 Lobby: Fetching fresh room state from Supabase...
✅ Lobby: Synced CLEAN stream info, metadata & playlist to AppState
✅ Lobby: Synced CLEAN stream info, metadata & playlist to AppState
✅ Cache HIT: Metadata[meta_movie_tt26581740]
[2026-01-19T16:12:04Z] [INFO] [StreamService.swift:104] 🎬 StreamService: Starting resolution for: Weapons
🎬 StreamService: Resolving movie - trusted pack filtering will be applied server-side
🛡️ StreamResolver: Loaded 5 blocked streams from blacklist
⚡️ StreamResolver: Found Community Verified stream with 7 votes!
   ℹ️ Hash: 4dc447b080ffdfee04789e338e3e7435c894d27b
   ℹ️ Last Verified: 2026-01-19 03:24:51 +0000
🔍 Searching SubDL: tt26581740 (movie)
⏰ AppState: Next schedule update set for Event End: 2026-01-19 16:36:18 +0000
⏰ AppState: Scheduling update in 1452 seconds
❌ StreamResolver: Subtitle error: Error Domain=NSURLErrorDomain Code=-999 "cancelled" UserInfo={NSErrorFailingURLStringKey=https://api.subdl.com/api/v1/subtitles?api_key=aGS2S1FTQ3441_1JAJaATPtgNVrcEhr7&imdb_id=tt26581740&languages=en&type=movie, NSErrorFailingURLKey=https://api.subdl.com/api/v1/subtitles?api_key=aGS2S1FTQ3441_1JAJaATPtgNVrcEhr7&imdb_id=tt26581740&languages=en&type=movie, _NSURLErrorRelatedURLSessionTaskErrorKey=(
    "LocalDataTask <60A55820-F3E9-4869-96C8-2A41B6F31756>.<1>"
), _NSURLErrorFailingURLSessionTaskErrorKey=LocalDataTask <60A55820-F3E9-4869-96C8-2A41B6F31756>.<1>, NSLocalizedDescription=cancelled}
⚠️ StreamResolver: Verified stream subtitle attachment timed out.
⚡️ StreamResolver: SHORT CIRCUIT - Returning verified stream immediately.
⚡️ StreamService: Testing verified stream viability...
🔓 StreamService: Unlocking with infoHash: 4dc447b080ff...
[ INFO ] POST /api/streams/unlock [request-id: 85D5ED19-61BA-4194-B8F2-5D9CB46F1FCD]
2026-01-19 11:12:08.036 RedLemon[5228:42145] 🔓 Unlock request: infoHash=4dc447b080ff..., fileIdx=0
2026-01-19 11:12:08.036 RedLemon[5228:42145] ✅ Token found, attempting unlock...
2026-01-19 11:12:09.759 RedLemon[5228:42142] ✅ Unlocked successfully: Weapons.2025.1080p.WEBRip.x264.AAC5.1-[YTS.MX].mp4
2026-01-19 11:12:09.763 RedLemon[5228:42145] 📝 [RESOLVER] Stream Unlocked ["filename": "Weapons.2025.1080p.WEBRip.x264.AAC5.1-[YTS.MX].mp4", "is_generic": "false", "original_title": "Community Verified Stream (1080p)", "url_host": "chi4-4.download.real-debrid.com"]
2026-01-19 11:12:09.764 RedLemon[5228:42078] ✅ Guest: Stream preloaded with URL: https://chi4-4.download.real-debrid.com/d/OTM3X6WM4AZIG45/Weapons.2025.1080p.WEB
2026-01-19 11:12:09.764 RedLemon[5228:42078] ✅ Guest: Stream preloaded. Sending READY signal.
2026-01-19 11:12:09.764 RedLemon[5228:42145] 📤 Realtime: Sending message type: chat, sender: 656daa91-33b4-4688-9135-c982ea52d7c9
2026-01-19 11:12:09.764 RedLemon[5228:42145]    Payload keys: type, chatText, timestamp, chatUsername, senderId, position
2026-01-19 11:12:09.777 RedLemon[5228:42142] ✅ Realtime: Message broadcast complete
2026-01-19 11:12:09.891 RedLemon[5228:42166] 📨 Realtime: Received broadcast message
2026-01-19 11:12:09.892 RedLemon[5228:42166]    Payload keys: position, chatText, senderId, timestamp, chatUsername, type
2026-01-19 11:12:09.892 RedLemon[5228:42166] ✅ Realtime: Decoded message type: chat, sender: 656daa91-33b4-4688-9135-c982ea52d7c9
2026-01-19 11:12:10.868 RedLemon[5228:42145] 📨 Realtime: Received broadcast message
2026-01-19 11:12:10.868 RedLemon[5228:42145]    Payload keys: type, senderId, position, timestamp, chatText, chatUsername
2026-01-19 11:12:10.869 RedLemon[5228:42145] ✅ Realtime: Decoded message type: chat, sender: 96e01cdb-36c0-4228-a6e4-a29a3c66bc8e
2026-01-19 11:12:10.869 RedLemon[5228:42078] 🎬 Guest: Received LOBBY_START_COUNTDOWN signal
2026-01-19 11:12:10.869 RedLemon[5228:42078] 🎬 Guest: Received LOBBY_START_COUNTDOWN signal processing
2026-01-19 11:12:11.053 RedLemon[5228:42078] ✅ Guest: Synced stream info from Host (Hash: 4dc447b0) - URL cleared for fresh unlock
2026-01-19 11:12:11.054 RedLemon[5228:42078] 🛡️ Guest: preResolvedStream cleared to force fresh RD link
2026-01-19 11:12:11.129 RedLemon[5228:42078] 🗑️ Guest: RD cache cleared for hash: 4dc447b0...
2026-01-19 11:12:11.384 RedLemon[5228:42078] 📨 Lobby: Received Room UPDATE from Realtime
2026-01-19 11:12:14.116 RedLemon[5228:42145] 📨 Realtime: Received broadcast message
2026-01-19 11:12:14.116 RedLemon[5228:42145]    Payload keys: type, senderId, chatText, position, chatUsername, timestamp
2026-01-19 11:12:14.117 RedLemon[5228:42145] ✅ Realtime: Decoded message type: chat, sender: 96e01cdb-36c0-4228-a6e4-a29a3c66bc8e
2026-01-19 11:12:14.117 RedLemon[5228:42078] 🎬 Guest: Received LOBBY_PLAYBACK_STARTED signal from Host
2026-01-19 11:12:14.117 RedLemon[5228:42078] 🎬 Guest: Launching player for Weapons (Synced Start)
2026-01-19 11:12:14.317 RedLemon[5228:42078] 🎬 Guest: Fetch took 0.260s, finished countdown loop
2026-01-19 11:12:14.318 RedLemon[5228:42078] 📡 Fetching metadata for tt26581740...
2026-01-19 11:12:14.406 RedLemon[5228:42078] 🎬 PlayerVM: Using Playlist Metadata: S0E0
2026-01-19 11:12:14.406 RedLemon[5228:42078] 🚀 PlayerVM: Using DIRECT UNLOCK path (Guest Optimization)
2026-01-19 11:12:14.406 RedLemon[5228:42078]    Hash: 4dc447b080ff...
2026-01-19 11:12:14.453 RedLemon[5228:42078] 🗑️ PlayerVM: RD cache cleared for direct unlock
2026-01-19 11:12:14.454 RedLemon[5228:42078] 🎬 Guest: Countdown finished. Waiting for Host PLAYBACK_STARTED signal...
✅ RD addMagnet: OBF7OOTLS3O3Y
🎬 Movie: Found matching file for title 'Weapons': /Weapons.2025.1080p.WEBRip.x264.AAC5.1-[YTS.MX].mp4
📝 RD: Selecting file ID 4 for torrent OBF7OOTLS3O3Y
📊 RD poll 1/2: status=downloaded, links=1
🔗 Unrestricting link: https://real-debrid.com/d/D5LTHFJDOKVLE377
✅ StreamService: Stream unlocked successfully!
✅ StreamService: Verified stream is VIABLE. Returning immediately.
📝 Guest: Marked session as started (Idempotency Lock): 4dc447b0
🗑️ RD cache cleared for hash: 4dc447b080ff... (1 entries)
🔄 Lobby: Fetching fresh room state from Supabase...
✅ Lobby: Synced CLEAN stream info, metadata & playlist to AppState
✅ Cache HIT: Metadata[meta_movie_tt26581740]
🔓 StreamService: Unlocking with infoHash: 4dc447b080ff...
[ INFO ] POST /api/streams/unlock [request-id: 6DE66DD3-C7EA-49F4-A7EA-32FACB2F6B1B]
2026-01-19 11:12:14.461 RedLemon[5228:42141] 🔓 Unlock request: infoHash=4dc447b080ff..., fileIdx=0
2026-01-19 11:12:14.461 RedLemon[5228:42141] ✅ Token found, attempting unlock...
2026-01-19 11:12:15.835 RedLemon[5228:42144] ✅ Unlocked successfully: Weapons.2025.1080p.WEBRip.x264.AAC5.1-[YTS.MX].mp4
2026-01-19 11:12:15.839 RedLemon[5228:42144] 📝 [RESOLVER] Stream Unlocked ["filename": "Weapons.2025.1080p.WEBRip.x264.AAC5.1-[YTS.MX].mp4", "is_generic": "false", "original_title": "Shared Stream (Direct)", "url_host": "chi4-4.download.real-debrid.com"]
2026-01-19 11:12:15.839 RedLemon[5228:42078] ✅ PlayerVM: Direct unlock succeeded! URL: https://chi4-4.download.real-debrid.com/d/OTM3X6WM4AZIG45/We
✅ RD addMagnet: U6AFV7IIGPSQM
🎬 Movie: Found matching file for title 'Weapons': /Weapons.2025.1080p.WEBRip.x264.AAC5.1-[YTS.MX].mp4
📝 RD: Selecting file ID 4 for torrent U6AFV7IIGPSQM
📊 RD poll 1/2: status=downloaded, links=1
🔗 Unrestricting link: https://real-debrid.com/d/D5LTHFJDOKVLE377
✅ StreamService: Stream unlocked successfully!
[ INFO ] GET /subtitles/search [request-id: F6D74F0D-E36F-4A9B-B769-68CD08E77ABB]
2026-01-19 11:12:16.208 RedLemon[5228:42166] 📨 Realtime: Received broadcast message
2026-01-19 11:12:16.208 RedLemon[5228:42166]    Payload keys: timestamp, type, isPlaying, senderId, position
2026-01-19 11:12:16.208 RedLemon[5228:42166] ✅ Realtime: Decoded message type: ready, sender: 96e01cdb-36c0-4228-a6e4-a29a3c66bc8e
2026-01-19 11:12:16.209 RedLemon[5228:42078] ⚠️ Received Realtime message with no chat text
2026-01-19 11:12:16.230 RedLemon[5228:42144] 📨 Realtime: Received broadcast message
2026-01-19 11:12:16.230 RedLemon[5228:42144]    Payload keys: timestamp, type, isPlaying, senderId, position
2026-01-19 11:12:16.230 RedLemon[5228:42144] ✅ Realtime: Decoded message type: playbackState, sender: 8V5V
2026-01-19 11:12:16.231 RedLemon[5228:42078] ⚠️ Received Realtime message with no chat text
2026-01-19 11:12:17.215 RedLemon[5228:42078] 🛡️ Lobby: User 96e01cdb-36c0-4228-a6e4-a29a3c66bc8e remains online (Remaining Refs: 1)
2026-01-19 11:12:17.633 RedLemon[5228:42078] 🔄 Checking for app updates...
2026-01-19 11:12:18.119 RedLemon[5228:42289] 📨 Realtime: Received broadcast message
2026-01-19 11:12:18.119 RedLemon[5228:42289]    Payload keys: type, isPlaying, position, senderId, timestamp
2026-01-19 11:12:18.120 RedLemon[5228:42289] ✅ Realtime: Decoded message type: playbackState, sender: 8V5V
2026-01-19 11:12:18.120 RedLemon[5228:42078] ⚠️ Received Realtime message with no chat text
2026-01-19 11:12:20.190 RedLemon[5228:42166] 📨 Realtime: Received broadcast message
2026-01-19 11:12:20.190 RedLemon[5228:42166]    Payload keys: position, isPlaying, timestamp, type, senderId
2026-01-19 11:12:20.191 RedLemon[5228:42166] ✅ Realtime: Decoded message type: playbackState, sender: 8V5V
2026-01-19 11:12:20.191 RedLemon[5228:42078] ⚠️ Received Realtime message with no chat text
2026-01-19 11:12:20.819 RedLemon[5228:42078] ✅ Direct Unlock: Found 9 SubDL subtitles
2026-01-19 11:12:20.820 RedLemon[5228:42078] ✅ Direct Unlock: Attached 9 SubDL subtitles to stream
2026-01-19 11:12:20.923 RedLemon[5228:42078] ✅ Stream ready, starting playback...
2026-01-19 11:12:21.005 RedLemon[5228:42144] 📝 Realtime: Registered observer 'player' (Presence: YES, Sync: NO, Status: NO)
2026-01-19 11:12:21.013 RedLemon[5228:42289] 📝 [PLAYER] Resumed
2026-01-19 11:12:21.013 RedLemon[5228:42166] 📝 Realtime: Registered observer 'player' (Presence: NO, Sync: YES, Status: NO)
2026-01-19 11:12:21.050 RedLemon[5228:42142] 📝 [PLAYER] Load Video (Smart) ["url": "https://chi4-4.download.real-debrid.com/d/OTM3X6WM4AZIG45/Weapons.2025.1080p.WEBRip.x264.AAC5.1-%5BYTS.MX%5D.mp4"]
🔍 Searching SubDL: tt26581740 (movie)
   ℹ️ Fallback Name: Weapons (2025)
⏰ AppState: Next schedule update set for Event End: 2026-01-19 16:36:18 +0000
⏰ AppState: Scheduling update in 1442 seconds
⚠️ LicenseManager: Payment sweep failed (non-fatal): Error Domain=NSURLErrorDomain Code=-1001 "The request timed out." UserInfo={_kCFStreamErrorCodeKey=-2103, _NSURLErrorFailingURLSessionTaskErrorKey=LocalDataTask <7E24B6A2-3475-45F9-9F5C-035084CE0CE2>.<1>, _NSURLErrorRelatedURLSessionTaskErrorKey=(
    "LocalDataTask <7E24B6A2-3475-45F9-9F5C-035084CE0CE2>.<1>"
), NSLocalizedDescription=The request timed out., NSErrorFailingURLStringKey=https://151.243.109.243.nip.io/functions/v1/check-payment, NSErrorFailingURLKey=https://151.243.109.243.nip.io/functions/v1/check-payment, _kCFStreamErrorDomainKey=4}
👤 LicenseManager: Profile expiry: Optional(2026-02-11 06:00:30 +0000)
🔍 Silent update check (custom implementation)...
⏰ TimeService: Synchronizing clock with server...
🎉 License updated! Expires: 2026-02-11 06:00:30 +0000
📦 Current build: 123, Latest build: 123
✅ App is up to date (current: 123, latest: 123)
✅ TimeService: Synced! Offset: 0.036s (RTT: 128ms)
   Local:  2026-01-19 16:12:17 +0000
   Server: 2026-01-19 16:12:17 +0000
✅ Found 9 subtitles from SubDL (Primary)
🔌 Setting up Realtime channel: watch-party:8V5V
   Role: Guest
   User ID: 656DAA91-33B4-4688-9135-C982EA52D7C9
📡 Connection state: connected
📡 Connection state: connecting
📡 Topic realtime:watch-party:8V5V already joined (interest count: 2), skipping phx_join
📡 Connection state: connected
✅ Realtime channel setup complete
✅ Cache HIT: Metadata[meta_movie_tt26581740]
[ INFO ] GET /subtitles/subdl/L3N1YnRpdGxlLzM1MDI3ODctODQyNTIzNC56aXA= [request-id: 9E045544-5CF4-46EF-9ED1-F0696891FFD4]
2026-01-19 11:12:21.272 RedLemon[5228:42142] 📝 [PLAYER] Playback State Changed ["state": "Paused"]
2026-01-19 11:12:21.272 RedLemon[5228:42142] 📝 [PLAYER] Buffering Started
📄 Subtitle request: L3N1YnRpdGxlLzM1MDI3... (offset: 0ms)
📥 Downloading subtitle from SubDL CDN: /subtitle/3502787-8425234.zip
📡 SocialService: Updated status - online: Weapons
⏰ AppState: Next schedule update set for Event End: 2026-01-19 16:36:18 +0000
⏰ AppState: Scheduling update in 1437 seconds
✅ Download complete: 40716 bytes
📦 Detected ZIP archive, extracting...
🔍 Calculating compatibility scores for 1 files...
✅ Selected best match by compatibility score (5): Weapons.(2025) eng.srt
📦 Extracting specific file: Weapons.(2025) eng.srt
✅ Extraction successful
✅ Subtitle downloaded and converted to VTT
[ INFO ] GET /subtitles/subdl/L3N1YnRpdGxlLzM1MTI2MDEtODQzNTE3MS56aXA= [request-id: 04227DA0-CAC8-4DBF-8102-4C1C4F5CCE23]
📄 Subtitle request: L3N1YnRpdGxlLzM1MTI2... (offset: 0ms)
📥 Downloading subtitle from SubDL CDN: /subtitle/3512601-8435171.zip
✅ Download complete: 36126 bytes
📦 Detected ZIP archive, extracting...
🔍 Calculating compatibility scores for 1 files...
✅ Selected best match by compatibility score (20): Weapons.2025.1080p.BluRay.x265-YAWNTiC_eng.srt
📦 Extracting specific file: Weapons.2025.1080p.BluRay.x265-YAWNTiC_eng.srt
✅ Extraction successful
✅ Subtitle downloaded and converted to VTT
[ INFO ] GET /subtitles/subdl/L3N1YnRpdGxlLzM1MTI1OTktODQzNTE3MC56aXA= [request-id: 4ACC20DC-34E6-4DFF-A9C5-71DD223BE152]
2026-01-19 11:12:22.119 RedLemon[5228:42141] 📨 Realtime: Received broadcast message
2026-01-19 11:12:22.119 RedLemon[5228:42142] 📨 Realtime: Received broadcast message
2026-01-19 11:12:22.119 RedLemon[5228:42141]    Payload keys: isPlaying, timestamp, position, senderId, type
2026-01-19 11:12:22.119 RedLemon[5228:42142]    Payload keys: isPlaying, timestamp, position, senderId, type
2026-01-19 11:12:22.120 RedLemon[5228:42142] ✅ Realtime: Decoded message type: playbackState, sender: 8V5V
2026-01-19 11:12:22.120 RedLemon[5228:42141] ✅ Realtime: Decoded message type: playbackState, sender: 8V5V
2026-01-19 11:12:22.121 RedLemon[5228:42078] ⚠️ Received Realtime message with no chat text
2026-01-19 11:12:23.042 RedLemon[5228:42142] 📝 [PLAYER] File Loaded ["duration": "7709.599999999999"]
2026-01-19 11:12:23.227 RedLemon[5228:42142] 📤 Realtime: Sending message type: ready, sender: 656daa91-33b4-4688-9135-c982ea52d7c9
2026-01-19 11:12:23.228 RedLemon[5228:42142]    Payload keys: timestamp, senderId, position, type, isPlaying
2026-01-19 11:12:23.229 RedLemon[5228:42141] ✅ Realtime: Message broadcast complete
2026-01-19 11:12:23.350 RedLemon[5228:42289] 📨 Realtime: Received broadcast message
2026-01-19 11:12:23.350 RedLemon[5228:42142] 📨 Realtime: Received broadcast message
2026-01-19 11:12:23.350 RedLemon[5228:42142]    Payload keys: position, senderId, type, isPlaying, timestamp
2026-01-19 11:12:23.350 RedLemon[5228:42289]    Payload keys: position, senderId, type, isPlaying, timestamp
2026-01-19 11:12:23.350 RedLemon[5228:42289] ✅ Realtime: Decoded message type: ready, sender: 656daa91-33b4-4688-9135-c982ea52d7c9
2026-01-19 11:12:23.350 RedLemon[5228:42142] ✅ Realtime: Decoded message type: ready, sender: 656daa91-33b4-4688-9135-c982ea52d7c9
2026-01-19 11:12:23.500 RedLemon[5228:42078] ⚠️ Received Realtime message with no chat text
2026-01-19 11:12:24.184 RedLemon[5228:42144] 📨 Realtime: Received broadcast message
2026-01-19 11:12:24.184 RedLemon[5228:42142] 📨 Realtime: Received broadcast message
2026-01-19 11:12:24.184 RedLemon[5228:42144]    Payload keys: senderId, position, isPlaying, timestamp, type
2026-01-19 11:12:24.184 RedLemon[5228:42142]    Payload keys: senderId, position, isPlaying, timestamp, type
2026-01-19 11:12:24.185 RedLemon[5228:42142] ✅ Realtime: Decoded message type: playbackState, sender: 8V5V
2026-01-19 11:12:24.185 RedLemon[5228:42144] ✅ Realtime: Decoded message type: playbackState, sender: 8V5V
2026-01-19 11:12:24.185 RedLemon[5228:42078] ⚠️ Received Realtime message with no chat text
2026-01-19 11:12:24.344 RedLemon[5228:42078] 📨 Lobby: Received Room UPDATE from Realtime
2026-01-19 11:12:24.537 RedLemon[5228:42289] 📨 Realtime: Received broadcast message
2026-01-19 11:12:24.537 RedLemon[5228:42141] 📨 Realtime: Received broadcast message
2026-01-19 11:12:24.537 RedLemon[5228:42289]    Payload keys: senderId, type, position, timestamp, isPlaying
2026-01-19 11:12:24.537 RedLemon[5228:42141]    Payload keys: senderId, type, position, timestamp, isPlaying
2026-01-19 11:12:24.538 RedLemon[5228:42289] ✅ Realtime: Decoded message type: play, sender: 96e01cdb-36c0-4228-a6e4-a29a3c66bc8e
2026-01-19 11:12:24.538 RedLemon[5228:42141] ✅ Realtime: Decoded message type: play, sender: 96e01cdb-36c0-4228-a6e4-a29a3c66bc8e
2026-01-19 11:12:24.554 RedLemon[5228:42078] ⚠️ Received Realtime message with no chat text
2026-01-19 11:12:24.578 RedLemon[5228:42078] 📨 Lobby: Received Room UPDATE from Realtime
2026-01-19 11:12:24.587 RedLemon[5228:42141] 📝 [PLAYER] Playback State Changed ["state": "Playing"]
2026-01-19 11:12:26.001 RedLemon[5228:42289] 📝 [PLAYER] Playback Finished (EOF)
2026-01-19 11:12:26.013 RedLemon[5228:42289] 📝 [PLAYER] Playback State Changed ["state": "Paused"]
2026-01-19 11:12:26.175 RedLemon[5228:42166] 📨 Realtime: Received broadcast message
2026-01-19 11:12:26.175 RedLemon[5228:42142] 📨 Realtime: Received broadcast message
2026-01-19 11:12:26.176 RedLemon[5228:42142]    Payload keys: position, isPlaying, senderId, type, timestamp
2026-01-19 11:12:26.176 RedLemon[5228:42166]    Payload keys: position, isPlaying, senderId, type, timestamp
2026-01-19 11:12:26.176 RedLemon[5228:42142] ✅ Realtime: Decoded message type: playbackState, sender: 8V5V
2026-01-19 11:12:26.176 RedLemon[5228:42166] ✅ Realtime: Decoded message type: playbackState, sender: 8V5V
2026-01-19 11:12:26.177 RedLemon[5228:42078] ⚠️ Received Realtime message with no chat text
2026-01-19 11:12:26.195 RedLemon[5228:42144] 📝 [PLAYER] Playback State Changed ["state": "Playing"]
2026-01-19 11:12:27.011 RedLemon[5228:42289] 📝 Realtime: Unregistered observer 'player'
2026-01-19 11:12:27.016 RedLemon[5228:42526] 📝 [PLAYER] Playback State Changed ["state": "Paused"]
2026-01-19 11:12:27.144 RedLemon[5228:42078] 👋 ursinho synced from database
2026-01-19 11:12:27.307 RedLemon[5228:42526] ❌ [11:12:27.307] [NETWORK] [SupabaseClient.swift:336] Supabase API Error: duplicate key value violates unique constraint "room_participants_pkey"
2026-01-19 11:12:27.308 RedLemon[5228:42526] ⚠️ SupabaseClient: User already in room (Caught: duplicate key value violates unique constraint "room_participants_pkey"), proceeding...
2026-01-19 11:12:27.308 RedLemon[5228:42078] ✅ Guest joined room 8V5V in database
2026-01-19 11:12:27.578 RedLemon[5228:42166] 📝 Realtime: Registered observer 'lobby' (Presence: YES, Sync: NO, Status: NO)
2026-01-19 11:12:27.578 RedLemon[5228:42526] 📝 Realtime: Registered observer 'lobby' (Presence: NO, Sync: YES, Status: NO)
2026-01-19 11:12:27.597 RedLemon[5228:42526] 📤 Realtime: Sending message type: chat, sender: 656daa91-33b4-4688-9135-c982ea52d7c9
2026-01-19 11:12:27.598 RedLemon[5228:42526]    Payload keys: timestamp, chatText, senderId, position, type, chatUsername
2026-01-19 11:12:27.599 RedLemon[5228:42526] ✅ Realtime: Message broadcast complete
2026-01-19 11:12:27.609 RedLemon[5228:42078] ⚠️ LobbyDatabase: Failed to poll room state: Error Domain=NSURLErrorDomain Code=-999 "cancelled" UserInfo={NSErrorFailingURLStringKey=https://151.243.109.243.nip.io/rest/v1/rooms?id=eq.8V5V&select=*, NSErrorFailingURLKey=https://151.243.109.243.nip.io/rest/v1/rooms?id=eq.8V5V&select=*, _NSURLErrorRelatedURLSessionTaskErrorKey=(
    "LocalDataTask <B3BB3672-09F9-429A-A76F-73586BF665C1>.<180>"
), _NSURLErrorFailingURLSessionTaskErrorKey=LocalDataTask <B3BB3672-09F9-429A-A76F-73586BF665C1>.<180>, NSLocalizedDescription=cancelled}
2026-01-19 11:12:27.609 RedLemon[5228:42142] 🔐 SupabaseClient: Signing Identity Payload: '1768839147656daa91-33b4-4688-9135-c982ea52d7c9/rpc/room_heartbeat'
2026-01-19 11:12:27.610 RedLemon[5228:42142] 🔐 Signed request to /rpc/room_heartbeat
2026-01-19 11:12:27.729 RedLemon[5228:42142] 📨 Realtime: Received broadcast message
2026-01-19 11:12:27.729 RedLemon[5228:42526] 📨 Realtime: Received broadcast message
2026-01-19 11:12:27.729 RedLemon[5228:42142]    Payload keys: chatUsername, timestamp, chatText, type, senderId, position
2026-01-19 11:12:27.729 RedLemon[5228:42526]    Payload keys: chatUsername, timestamp, chatText, type, senderId, position
2026-01-19 11:12:27.730 RedLemon[5228:42142] ✅ Realtime: Decoded message type: chat, sender: 656daa91-33b4-4688-9135-c982ea52d7c9
2026-01-19 11:12:27.730 RedLemon[5228:42526] ✅ Realtime: Decoded message type: chat, sender: 656daa91-33b4-4688-9135-c982ea52d7c9
2026-01-19 11:12:27.730 RedLemon[5228:42078] 👋 Received: Guest 'ursinho' joined room 8V5V
2026-01-19 11:12:27.886 RedLemon[5228:42078] 📨 Lobby: Received Room UPDATE from Realtime
2026-01-19 11:12:28.182 RedLemon[5228:42526] 📨 Realtime: Received broadcast message
2026-01-19 11:12:28.182 RedLemon[5228:42144] 📨 Realtime: Received broadcast message
2026-01-19 11:12:28.182 RedLemon[5228:42526]    Payload keys: timestamp, isPlaying, type, senderId, position
2026-01-19 11:12:28.182 RedLemon[5228:42144]    Payload keys: timestamp, isPlaying, type, senderId, position
2026-01-19 11:12:28.182 RedLemon[5228:42526] ✅ Realtime: Decoded message type: playbackState, sender: 8V5V
2026-01-19 11:12:28.182 RedLemon[5228:42144] ✅ Realtime: Decoded message type: playbackState, sender: 8V5V
2026-01-19 11:12:28.182 RedLemon[5228:42078] ⚠️ Received Realtime message with no chat text
2026-01-19 11:12:30.145 RedLemon[5228:42526] 📨 Realtime: Received broadcast message
2026-01-19 11:12:30.145 RedLemon[5228:42142] 📨 Realtime: Received broadcast message
2026-01-19 11:12:30.146 RedLemon[5228:42142]    Payload keys: isPlaying, senderId, position, timestamp, type
2026-01-19 11:12:30.146 RedLemon[5228:42526]    Payload keys: isPlaying, senderId, position, timestamp, type
2026-01-19 11:12:30.146 RedLemon[5228:42142] ✅ Realtime: Decoded message type: playbackState, sender: 8V5V
2026-01-19 11:12:30.146 RedLemon[5228:42526] ✅ Realtime: Decoded message type: playbackState, sender: 8V5V
2026-01-19 11:12:30.146 RedLemon[5228:42078] ⚠️ Received Realtime message with no chat text
2026-01-19 11:12:32.239 RedLemon[5228:42142] 📨 Realtime: Received broadcast message
2026-01-19 11:12:32.239 RedLemon[5228:42144] 📨 Realtime: Received broadcast message
2026-01-19 11:12:32.239 RedLemon[5228:42142]    Payload keys: senderId, isPlaying, position, timestamp, type
2026-01-19 11:12:32.239 RedLemon[5228:42144]    Payload keys: senderId, isPlaying, position, timestamp, type
2026-01-19 11:12:32.240 RedLemon[5228:42142] ✅ Realtime: Decoded message type: playbackState, sender: 8V5V
2026-01-19 11:12:32.240 RedLemon[5228:42144] ✅ Realtime: Decoded message type: playbackState, sender: 8V5V
2026-01-19 11:12:32.240 RedLemon[5228:42078] ⚠️ Received Realtime message with no chat text
2026-01-19 11:12:34.193 RedLemon[5228:42289] 📨 Realtime: Received broadcast message
2026-01-19 11:12:34.193 RedLemon[5228:42166] 📨 Realtime: Received broadcast message
2026-01-19 11:12:34.193 RedLemon[5228:42289]    Payload keys: isPlaying, senderId, position, timestamp, type
2026-01-19 11:12:34.194 RedLemon[5228:42166]    Payload keys: isPlaying, senderId, position, timestamp, type
2026-01-19 11:12:34.194 RedLemon[5228:42289] ✅ Realtime: Decoded message type: playbackState, sender: 8V5V
2026-01-19 11:12:34.194 RedLemon[5228:42166] ✅ Realtime: Decoded message type: playbackState, sender: 8V5V
2026-01-19 11:12:34.194 RedLemon[5228:42078] ⚠️ Received Realtime message with no chat text
2026-01-19 11:12:34.527 RedLemon[5228:42078] 📨 Lobby: Received Room UPDATE from Realtime
2026-01-19 11:12:34.788 RedLemon[5228:42078] 🎬 Guest: Detected room playback via database fallback
2026-01-19 11:12:36.153 RedLemon[5228:42526] 📨 Realtime: Received broadcast message
2026-01-19 11:12:36.154 RedLemon[5228:42144] 📨 Realtime: Received broadcast message
2026-01-19 11:12:36.154 RedLemon[5228:42526]    Payload keys: timestamp, type, isPlaying, senderId, position
2026-01-19 11:12:36.154 RedLemon[5228:42144]    Payload keys: timestamp, type, isPlaying, senderId, position
2026-01-19 11:12:36.154 RedLemon[5228:42526] ✅ Realtime: Decoded message type: playbackState, sender: 8V5V
2026-01-19 11:12:36.154 RedLemon[5228:42144] ✅ Realtime: Decoded message type: playbackState, sender: 8V5V
2026-01-19 11:12:36.154 RedLemon[5228:42078] ⚠️ Received Realtime message with no chat text
2026-01-19 11:12:37.963 RedLemon[5228:42078] ✅ Guest: Idempotency Lock Set -> 4dc447b0
2026-01-19 11:12:37.963 RedLemon[5228:42078] 🎬 Guest: Starting playback after database fallback detection
2026-01-19 11:12:38.099 RedLemon[5228:42078] 🎬 Guest: Launching player via database fallback
2026-01-19 11:12:38.099 RedLemon[5228:42078] ✅ Guest: Synced stream details from DB fallback (Hash: 4dc447b0)
2026-01-19 11:12:38.142 RedLemon[5228:42078] ⏩ Guest: Pre-setting start time to host position: 9s
2026-01-19 11:12:38.190 RedLemon[5228:42289] 📨 Realtime: Received broadcast message
2026-01-19 11:12:38.190 RedLemon[5228:42144] 📨 Realtime: Received broadcast message
2026-01-19 11:12:38.190 RedLemon[5228:42289]    Payload keys: senderId, type, timestamp, isPlaying, position
2026-01-19 11:12:38.190 RedLemon[5228:42144]    Payload keys: senderId, type, timestamp, isPlaying, position
2026-01-19 11:12:38.190 RedLemon[5228:42144] ✅ Realtime: Decoded message type: playbackState, sender: 8V5V
2026-01-19 11:12:38.191 RedLemon[5228:42289] ✅ Realtime: Decoded message type: playbackState, sender: 8V5V
2026-01-19 11:12:38.279 RedLemon[5228:42078] ⚠️ Received Realtime message with no chat text
2026-01-19 11:12:38.369 RedLemon[5228:42078] 📡 Fetching metadata for tt26581740...
2026-01-19 11:12:38.452 RedLemon[5228:42078] 🎬 PlayerVM: Using Playlist Metadata: S0E0
2026-01-19 11:12:38.453 RedLemon[5228:42166] ✅ StreamService: Using provided metadata: Weapons
2026-01-19 11:12:38.453 RedLemon[5228:42166] ⚡️ StreamService: Resolving streams via StreamResolver (Bypassing HTTP)...
2026-01-19 11:12:38.453 RedLemon[5228:42144] 📝 [APP] 🎬 StreamService: Starting resolution for: Weapons ["file": "StreamService.swift", "level": "INFO", "line": "104"]
2026-01-19 11:12:38.453 RedLemon[5228:42166] ⚡️ StreamResolver: Resolving streams for tt26581740 (S0E0)
2026-01-19 11:12:38.454 RedLemon[5228:42166] 📝 [APP] New Session Started ["app_version": "1.0.123", "build": "123", "session_id": "BDC9E178-B828-4500-A907-AD446693C39E", "trigger_source": "lobby_auto_join", "user_id": "656DAA91-33B4-4688-9135-C982EA52D7C9"]
2026-01-19 11:12:38.454 RedLemon[5228:42166] 📝 [APP] Target Content Set ["imdb_id": "tt26581740"]
2026-01-19 11:12:38.454 RedLemon[5228:42166] 📝 [RESOLVER] Started Resolution ["episode": "0", "season": "0", "type": "movie"]
2026-01-19 11:12:38.584 RedLemon[5228:42166]    📅 Filtering by year: 2025
2026-01-19 11:12:38.715 RedLemon[5228:42526] 📝 [RESOLVER] Found Verified Stream ["hash": "4dc447b080ffdfee04789e338e3e7435c894d27b", "vote_count": "7"]
2026-01-19 11:12:40.262 RedLemon[5228:42526] 📨 Realtime: Received broadcast message
2026-01-19 11:12:40.262 RedLemon[5228:42144] 📨 Realtime: Received broadcast message
2026-01-19 11:12:40.262 RedLemon[5228:42526]    Payload keys: position, senderId, isPlaying, type, timestamp
2026-01-19 11:12:40.262 RedLemon[5228:42144]    Payload keys: position, senderId, isPlaying, type, timestamp
2026-01-19 11:12:40.263 RedLemon[5228:42526] ✅ Realtime: Decoded message type: playbackState, sender: 8V5V
2026-01-19 11:12:40.263 RedLemon[5228:42144] ✅ Realtime: Decoded message type: playbackState, sender: 8V5V
2026-01-19 11:12:40.263 RedLemon[5228:42078] ⚠️ Received Realtime message with no chat text
📄 Subtitle request: L3N1YnRpdGxlLzM1MTI1... (offset: 0ms)
📥 Downloading subtitle from SubDL CDN: /subtitle/3512599-8435170.zip
✅ Download complete: 42012 bytes
📦 Detected ZIP archive, extracting...
🔍 Calculating compatibility scores for 1 files...
✅ Selected best match by compatibility score (20): Weapons.2025.1080p.BluRay.x265-YAWNTiC_eng SDH.srt
📦 Extracting specific file: Weapons.2025.1080p.BluRay.x265-YAWNTiC_eng SDH.srt
✅ Extraction successful
✅ Subtitle downloaded and converted to VTT
🔄 Lobby: Fetching fresh room state from Supabase...
♻️ Lobby: Room stopped playing. Resetting auto-start session ID.
✅ Lobby: Synced CLEAN stream info, metadata & playlist to AppState
🔄 Lobby: Fetching fresh room state from Supabase...
✅ Lobby: Synced CLEAN stream info, metadata & playlist to AppState
🔄 Lobby: markPlaybackEnded - resetting connection status for reconnection
DEBUG: MPVPlayerViewModel.cleanup called - forcing cleanup. Reason: VIEW_DISAPPEAR
🎭 Lobby: Connecting to room 8V5V...
🚦 Lobby State: connecting
⏰ AppState: Next schedule update set for Event End: 2026-01-19 16:36:18 +0000
⏰ AppState: Scheduling update in 1431 seconds
📡 SocialService: Updated status - In Lobby: Weapons: Weapons
✅ Lobby: Refreshed room state. isPlaying: false
🛡️ Lobby: Ensuring local media state is fresh before auto-start check...
🛑 Lobby: Ignoring auto-start on connect - Grace Period active
ℹ️ RealtimeChannelManager: Already setup for room 8V5V, filtering duplicate setup call.
📡 Connection state: connected
✅ Lobby: Connected to Realtime
🚦 Lobby State: connected
🔄 Lobby: Starting database polling for participants and room state...
💓 Lobby: Starting heartbeat loop...
🔄 LobbyDatabase: Starting room state polling for guests...
🔄 Lobby: Fetching fresh room state from Supabase...
✅ Lobby: Synced CLEAN stream info, metadata & playlist to AppState
🔄 Lobby: Fetching fresh room state from Supabase...
✅ Lobby: Synced CLEAN stream info, metadata & playlist to AppState
⏰ AppState: Next schedule update set for Event End: 2026-01-19 16:36:18 +0000
⏰ AppState: Scheduling update in 1422 seconds
🛑 LobbyDatabase: Polling stopped
✅ Cache HIT: Metadata[meta_movie_tt26581740]
[2026-01-19T16:12:38Z] [INFO] [StreamService.swift:104] 🎬 StreamService: Starting resolution for: Weapons
🎬 StreamService: Resolving movie - trusted pack filtering will be applied server-side
🛡️ StreamResolver: Loaded 5 blocked streams from blacklist
⚡️ StreamResolver: Found Community Verified stream with 7 votes!
   ℹ️ Hash: 4dc447b080ffdfee04789e338e3e7435c894d27b
   ℹ️ Last Verified: 2026-01-19 03:24:51 +0000
🔍 Searching SubDL: tt26581740 (movie)
❌ StreamResolver: Subtitle error: Error Domain=NSURLErrorDomain Code=-999 "cancelled" UserInfo={NSErrorFailingURLStringKey=https://api.subdl.com/api/v1/subtitles?api_key=aGS2S1FTQ3441_1JAJaATPtgNVrcEhr7&imdb_id=tt26581740&languages=en&type=movie, NSErrorFailingURLKey=https://api.subdl.com/api/v1/subtitles?api_key=aGS2S1FTQ3441_1JAJaATPtgNVrcEhr7&imdb_id=tt26581740&languages=en&type=movie, _NSURLErrorRelatedURLSessionTaskErrorKey=(
    "LocalDataTask <47434134-FB23-426B-85F4-AA63E0C975E8>.<1>"
), _NSURLErrorFailingURLSessionTaskErrorKey=LocalDataTask <47434134-FB23-426B-85F4-AA63E0C975E8>.<1>, NSLocalizedDescription=cancelled}
⚠️ StreamResolver: Verified stream subtitle attachment timed out.
⚡️ StreamResolver: SHORT CIRCUIT - Returning verified stream immediately.
⚡️ StreamService: Testing verified stream viability...
🔓 StreamService: Unlocking with infoHash: 4dc447b080ff...
[ INFO ] POST /api/streams/unlock [request-id: B5B2B6E0-56BC-4457-AC36-57BE695D0AF4]
2026-01-19 11:12:41.774 RedLemon[5228:42526] 🔓 Unlock request: infoHash=4dc447b080ff..., fileIdx=0
2026-01-19 11:12:41.774 RedLemon[5228:42526] ✅ Token found, attempting unlock...
2026-01-19 11:12:41.775 RedLemon[5228:42526] ✅ Unlocked successfully: Weapons.2025.1080p.WEBRip.x264.AAC5.1-[YTS.MX].mp4
2026-01-19 11:12:41.778 RedLemon[5228:42289] 📝 [RESOLVER] Stream Unlocked ["filename": "Weapons.2025.1080p.WEBRip.x264.AAC5.1-[YTS.MX].mp4", "is_generic": "false", "original_title": "Community Verified Stream (1080p)", "url_host": "chi4-4.download.real-debrid.com"]
2026-01-19 11:12:41.844 RedLemon[5228:42078] ✅ Stream ready, starting playback...
2026-01-19 11:12:41.857 RedLemon[5228:42166] 📝 Realtime: Registered observer 'player' (Presence: YES, Sync: NO, Status: NO)
2026-01-19 11:12:41.866 RedLemon[5228:42526] 📝 Realtime: Registered observer 'player' (Presence: NO, Sync: YES, Status: NO)
2026-01-19 11:12:41.868 RedLemon[5228:42145] 📝 [PLAYER] Resumed
2026-01-19 11:12:41.902 RedLemon[5228:42144] 📝 [PLAYER] Load Video (Smart) ["url": "https://chi4-4.download.real-debrid.com/d/OTM3X6WM4AZIG45/Weapons.2025.1080p.WEBRip.x264.AAC5.1-%5BYTS.MX%5D.mp4"]
2026-01-19 11:12:41.997 RedLemon[5228:42144] 📝 [PLAYER] Playback State Changed ["state": "Paused"]
2026-01-19 11:12:41.997 RedLemon[5228:42144] 📝 [PLAYER] Buffering Started
2026-01-19 11:12:42.192 RedLemon[5228:42526] 📨 Realtime: Received broadcast message
2026-01-19 11:12:42.192 RedLemon[5228:42527] 📨 Realtime: Received broadcast message
2026-01-19 11:12:42.192 RedLemon[5228:42144] 📨 Realtime: Received broadcast message
2026-01-19 11:12:42.193 RedLemon[5228:42526]    Payload keys: timestamp, type, position, isPlaying, senderId
2026-01-19 11:12:42.193 RedLemon[5228:42527]    Payload keys: timestamp, type, position, isPlaying, senderId
2026-01-19 11:12:42.193 RedLemon[5228:42144]    Payload keys: timestamp, type, position, isPlaying, senderId
2026-01-19 11:12:42.193 RedLemon[5228:42526] ✅ Realtime: Decoded message type: playbackState, sender: 8V5V
2026-01-19 11:12:42.193 RedLemon[5228:42527] ✅ Realtime: Decoded message type: playbackState, sender: 8V5V
2026-01-19 11:12:42.193 RedLemon[5228:42144] ✅ Realtime: Decoded message type: playbackState, sender: 8V5V
2026-01-19 11:12:42.194 RedLemon[5228:42078] ⚠️ Received Realtime message with no chat text
2026-01-19 11:12:43.543 RedLemon[5228:42750] 📝 [PLAYER] File Loaded ["duration": "7709.599999999999"]
2026-01-19 11:12:43.758 RedLemon[5228:42750] 📤 Realtime: Sending message type: ready, sender: 656daa91-33b4-4688-9135-c982ea52d7c9
2026-01-19 11:12:43.758 RedLemon[5228:42750]    Payload keys: senderId, position, timestamp, isPlaying, type
2026-01-19 11:12:43.759 RedLemon[5228:42750] ✅ Realtime: Message broadcast complete
2026-01-19 11:12:43.876 RedLemon[5228:42750] 📨 Realtime: Received broadcast message
2026-01-19 11:12:43.876 RedLemon[5228:42144] 📨 Realtime: Received broadcast message
2026-01-19 11:12:43.876 RedLemon[5228:42527] 📨 Realtime: Received broadcast message
2026-01-19 11:12:43.876 RedLemon[5228:42144]    Payload keys: type, position, isPlaying, timestamp, senderId
2026-01-19 11:12:43.876 RedLemon[5228:42527]    Payload keys: type, position, isPlaying, timestamp, senderId
2026-01-19 11:12:43.876 RedLemon[5228:42750]    Payload keys: type, position, isPlaying, timestamp, senderId
2026-01-19 11:12:43.876 RedLemon[5228:42750] ✅ Realtime: Decoded message type: ready, sender: 656daa91-33b4-4688-9135-c982ea52d7c9
2026-01-19 11:12:43.876 RedLemon[5228:42527] ✅ Realtime: Decoded message type: ready, sender: 656daa91-33b4-4688-9135-c982ea52d7c9
2026-01-19 11:12:43.876 RedLemon[5228:42144] ✅ Realtime: Decoded message type: ready, sender: 656daa91-33b4-4688-9135-c982ea52d7c9
2026-01-19 11:12:43.877 RedLemon[5228:42078] ⚠️ Received Realtime message with no chat text
2026-01-19 11:12:44.193 RedLemon[5228:42527] 📨 Realtime: Received broadcast message
2026-01-19 11:12:44.193 RedLemon[5228:42750] 📨 Realtime: Received broadcast message
2026-01-19 11:12:44.193 RedLemon[5228:42144] 📨 Realtime: Received broadcast message
2026-01-19 11:12:44.193 RedLemon[5228:42527]    Payload keys: timestamp, type, senderId, isPlaying, position
2026-01-19 11:12:44.193 RedLemon[5228:42144]    Payload keys: timestamp, type, senderId, isPlaying, position
2026-01-19 11:12:44.193 RedLemon[5228:42750]    Payload keys: timestamp, type, senderId, isPlaying, position
2026-01-19 11:12:44.194 RedLemon[5228:42527] ✅ Realtime: Decoded message type: playbackState, sender: 8V5V
2026-01-19 11:12:44.194 RedLemon[5228:42750] ✅ Realtime: Decoded message type: playbackState, sender: 8V5V
2026-01-19 11:12:44.194 RedLemon[5228:42078] ⚠️ Received Realtime message with no chat text
2026-01-19 11:12:44.194 RedLemon[5228:42144] ✅ Realtime: Decoded message type: playbackState, sender: 8V5V
2026-01-19 11:12:44.435 RedLemon[5228:42078] 📨 Lobby: Received Room UPDATE from Realtime
2026-01-19 11:12:44.998 RedLemon[5228:42078] 🛡️ Lobby: User 656daa91-33b4-4688-9135-c982ea52d7c9 remains online (Remaining Refs: 1)
2026-01-19 11:12:45.197 RedLemon[5228:42144] 📨 Realtime: Received broadcast message
2026-01-19 11:12:45.197 RedLemon[5228:42166] 📨 Realtime: Received broadcast message
2026-01-19 11:12:45.197 RedLemon[5228:42144]    Payload keys: isPlaying, timestamp, type, position, senderId
2026-01-19 11:12:45.197 RedLemon[5228:42166]    Payload keys: isPlaying, timestamp, type, position, senderId
2026-01-19 11:12:45.198 RedLemon[5228:42166] ✅ Realtime: Decoded message type: play, sender: 96e01cdb-36c0-4228-a6e4-a29a3c66bc8e
2026-01-19 11:12:45.198 RedLemon[5228:42166] 📨 Realtime: Received broadcast message
2026-01-19 11:12:45.198 RedLemon[5228:42166]    Payload keys: isPlaying, timestamp, type, position, senderId
2026-01-19 11:12:45.198 RedLemon[5228:42144] ✅ Realtime: Decoded message type: play, sender: 96e01cdb-36c0-4228-a6e4-a29a3c66bc8e
2026-01-19 11:12:45.198 RedLemon[5228:42166] ✅ Realtime: Decoded message type: play, sender: 96e01cdb-36c0-4228-a6e4-a29a3c66bc8e
2026-01-19 11:12:45.198 RedLemon[5228:42078] ⚠️ Received Realtime message with no chat text
2026-01-19 11:12:45.320 RedLemon[5228:42166] 📝 [PLAYER] Playback State Changed ["state": "Playing"]
2026-01-19 11:12:46.202 RedLemon[5228:42144] 📨 Realtime: Received broadcast message
2026-01-19 11:12:46.202 RedLemon[5228:42166] 📨 Realtime: Received broadcast message
2026-01-19 11:12:46.202 RedLemon[5228:42527] 📨 Realtime: Received broadcast message
2026-01-19 11:12:46.203 RedLemon[5228:42144]    Payload keys: senderId, position, type, timestamp, isPlaying
2026-01-19 11:12:46.203 RedLemon[5228:42166]    Payload keys: senderId, position, type, timestamp, isPlaying
2026-01-19 11:12:46.203 RedLemon[5228:42527]    Payload keys: senderId, position, type, timestamp, isPlaying
2026-01-19 11:12:46.203 RedLemon[5228:42166] ✅ Realtime: Decoded message type: playbackState, sender: 8V5V
2026-01-19 11:12:46.203 RedLemon[5228:42527] ✅ Realtime: Decoded message type: playbackState, sender: 8V5V
2026-01-19 11:12:46.203 RedLemon[5228:42144] ✅ Realtime: Decoded message type: playbackState, sender: 8V5V
2026-01-19 11:12:46.226 RedLemon[5228:42078] ⚠️ Received Realtime message with no chat text
✅ RD cache hit: 4dc447b080ff
✅ StreamService: Stream unlocked successfully!
✅ StreamService: Verified stream is VIABLE. Returning immediately.
🔌 Setting up Realtime channel: watch-party:8V5V
   Role: Guest
   User ID: 656DAA91-33B4-4688-9135-C982EA52D7C9
📡 Connection state: connected
📡 Connection state: connecting
📡 Topic realtime:watch-party:8V5V already joined (interest count: 3), skipping phx_join
📡 Connection state: connected
✅ Realtime channel setup complete
✅ Cache HIT: Metadata[meta_movie_tt26581740]
📡 SocialService: Updated status - online: Weapons
⏰ AppState: Next schedule update set for Event End: 2026-01-19 16:36:18 +0000
⏰ AppState: Scheduling update in 1416 seconds
🔄 Lobby: Fetching fresh room state from Supabase...
📡 [EventsConfig] Checking server for movie_events config version...
✅ Lobby: Synced CLEAN stream info, metadata & playlist to AppState
✅ [EventsConfig] Fetched movie_events version 1546 with 401 movies
✅ [EventsConfig] Using cached movie_events config (version 1546, 401 movies)
⏰ AppState: Next schedule update set for Event End: 2026-01-19 16:36:18 +0000
⏰ AppState: Scheduling update in 1412 seconds
