2026-01-09 14:59:05.436 RedLemon[45627:249617] 🪟 Set initial window to expanded size: (0.0, 141.0, 1280.0, 634.0)
2026-01-09 14:59:05.436 RedLemon[45627:249617] ✅ Cache cleanup timer started (runs every 30 minutes)
2026-01-09 14:59:05.485 RedLemon[45627:249617] 🔄 Resetting playback state to prevent auto-selection...
2026-01-09 14:59:05.486 RedLemon[45627:249640] 🔍 KeychainManager: No username found in UserDefaults
2026-01-09 14:59:05.521 RedLemon[45627:249617] ✅ Playback state reset complete - starting in browse view
2026-01-09 14:59:05.521 RedLemon[45627:249617] 🔐 APP STARTUP: Loading stored user credentials...
2026-01-09 14:59:05.521 RedLemon[45627:249617] 🧪 Testing Profile: debug
2026-01-09 14:59:05.522 RedLemon[45627:249627] 🔍 KeychainManager: No username found in UserDefaults
2026-01-09 14:59:05.943 RedLemon[45627:249617] ℹ️  KEYCHAIN: No stored username found
2026-01-09 14:59:05.943 RedLemon[45627:249617] ❌ NO FALLBACK: No UUID found in UserDefaults either
2026-01-09 14:59:05.943 RedLemon[45627:249617]    User will need to create a new username
2026-01-09 14:59:05.943 RedLemon[45627:249617] 🏁 AUTH COMPLETE: Final state - username=, userId=nil
2026-01-09 14:59:05.943 RedLemon[45627:249617] 🚀 RedLemon: Starting HTTP server...
2026-01-09 14:59:05.943 RedLemon[45627:249617] 📋 RedLemon: Current directory: /Users/danielnoble/Desktop/RedLemon-Native
2026-01-09 14:59:05.968 RedLemon[45627:249617] ✅ RedLemon: HTTPServer instance created
2026-01-09 14:59:05.968 RedLemon[45627:249665] 📡 RedLemon: Server starting on port 47253...
⏲️ [EventsConfig] Starting polling fallback (every 60s)
🔌 Connecting to Supabase Realtime: wss://151.243.109.243.nip.io/realtime/v1/websocket
✅ Connected to Supabase Realtime
✅ Sparkle configured (manual only, no auto-checks)
   Appcast URL: https://raw.githubusercontent.com/orangeapple1272/Redlemon/main/appcast.xml
   Can check: false
📅 EventsView appeared
🎬 [EventsView] Fetching movie events from centralized config...
📡 [EventsConfig] Checking server for movie_events config version...
📂 Loaded 3 credential(s) from cache
🔍 Memory pressure monitoring enabled (safe mode)
🔍 Silent update check (custom implementation)...
🖥️ CacheManager initialized with fixed conservative limits
   Image cache limit: 30 items
📡 Joined channel: realtime:events_config_updates
✅ [EventsConfig] Subscribed to realtime schedule updates
📨 Received: {"ref":"1AA7BC02-9875-46BE-A2D9-641A27A2146B","event":"phx_reply","payload":{"status":"ok","response":{"postgres_changes":[{"id":53636278,"event":"INSERT","filter":"config_type=eq.movie_events","schema":"public","table":"events_config"}]}},"topic":"realtime:events_config_updates"}
📨 Received: {"ref":null,"event":"system","payload":{"message":"Subscribed to PostgreSQL","status":"ok","extension":"postgres_changes","channel":"events_config_updates"},"topic":"realtime:events_config_updates"}
📨 Received: {"ref":null,"event":"presence_state","payload":{},"topic":"realtime:events_config_updates"}
✅ Token routes registered:
   POST /tokens/save
   POST /tokens/delete
   GET  /tokens/list
✅ Unlock routes registered:
   POST /api/streams/unlock
✅ Stream routes registered:
   POST /api/streams/resolve
   GET  /api/streams/resolveByQuality
   GET  /api/streams/resolveAll
✅ Proxy routes registered:
   GET /play/rd/:infoHash/:fileIdx
   GET /play/rd/:infoHash
✅ Subtitle routes registered:
   GET /subtitles/search?imdbId=&type=
   GET /subtitles/subdl/:encodedPath
✅ All routes registered
✅ HTTP Server configured on http://127.0.0.1:47253
🚀 Starting HTTP server...
✅ Providers initialized: torrentio, comet, zilean, mediafusion, debridsearch
[ NOTICE ] Server started on http://127.0.0.1:47253
2026-01-09 14:59:08.069 RedLemon[45627:249617] ✅ RedLemon: Server marked as ready
2026-01-09 14:59:08.119 RedLemon[45627:249617] ✅ RedLemon: Server should be running on http://127.0.0.1:47253
2026-01-09 14:59:08.119 RedLemon[45627:249617] 🔍 Performing startup checks...
2026-01-09 14:59:08.119 RedLemon[45627:249617] ✅ Username-based authentication ready
2026-01-09 14:59:09.059 RedLemon[45627:249617] 🔍 Performing startup checks...
2026-01-09 14:59:09.059 RedLemon[45627:249617] ✅ Username-based authentication ready
2026-01-09 14:59:09.444 RedLemon[45627:249617] 🔄 Checking for app updates...
2026-01-09 14:59:20.158 RedLemon[45627:249735] 💾 KeychainManager: Saving username 'lemontom' to UserDefaults
2026-01-09 14:59:20.159 RedLemon[45627:249735] ✅ KeychainManager: Username saved successfully
2026-01-09 14:59:23.522 RedLemon[45627:249640] 🎬 Torrentio: Building URL for movie (no season/episode)
2026-01-09 14:59:23.522 RedLemon[45627:249640] 🔗 Torrentio URL (length: 55): https://torrentio.strem.fun/stream/movie/tt0133093.json...
✅ HTTP server running on http://127.0.0.1:47253

🔗 Available endpoints:
   http://127.0.0.1:47253/health
   http://127.0.0.1:47253/status
   http://127.0.0.1:47253/api/health

✅ [EventsConfig] Fetched movie_events version 1492 with 412 movies
🆕 [EventsConfig] Server has newer version 1492 (cached: 1491)
💾 [EventsConfig] Cached new version 1492
✅ [EventsView] Loaded 412 movies from config version 1492
🗓 AppState: Updated schedule epoch to 2026-01-07 16:47:45 +0000
⏰ AppState: Next schedule update set for Event End: 2026-01-09 21:50:45 +0000
⏰ AppState: Scheduling update in 6698 seconds
🖼️ [CACHE] Cached image data for key: https://images.metahub.space/background/medium/tt1591095/img (651299 bytes)
⏰ AppState: Next schedule update set for Event End: 2026-01-09 21:50:45 +0000
⏰ AppState: Scheduling update in 6698 seconds
⏰ AppState: Next schedule update set for Event End: 2026-01-09 21:50:45 +0000
⏰ AppState: Scheduling update in 6698 seconds
💰 LicenseManager: Starting hybrid subscription check...
⚠️ LicenseManager: Payment sweep failed (non-fatal): httpError(400, "{\"error\":\"Unauthorized: No Token or User ID provided\"}")
🚫 Subscription revoked or inactive.
💰 LicenseManager: Starting hybrid subscription check...
⚠️ LicenseManager: Payment sweep failed (non-fatal): httpError(400, "{\"error\":\"Unauthorized: No Token or User ID provided\"}")
🚫 Subscription revoked or inactive.
🔍 Manual update check requested...
⏰ TimeService: Synchronizing clock with server...
✅ TimeService: Synced! Offset: 0.110s (RTT: 204ms)
   Local:  2026-01-09 19:59:09 +0000
   Server: 2026-01-09 19:59:09 +0000
⏰ Time synced with server! AppState should automatically recalculate.
⏰ AppState: Next schedule update set for Event End: 2026-01-09 21:50:45 +0000
⏰ AppState: Scheduling update in 6687 seconds
⚠️ iCloud Keychain save failed, trying local: saveFailed(status: -34018)
✅ Saved user_id credential to cache
⚠️ iCloud Keychain save failed, trying local: saveFailed(status: -34018)
✅ Saved realdebrid credential to cache
⚠️ iCloud Keychain save failed, trying local: saveFailed(status: -34018)
✅ Saved subdl credential to cache
🔌 SocialService: Connecting to global presence...
🔌 Connecting to Supabase Realtime: wss://151.243.109.243.nip.io/realtime/v1/websocket
✅ Connected to Supabase Realtime
✅ SocialService: Presence connected
📡 Joined channel: realtime:global-presence
✅ SocialService: Connected to global presence
🔌 SocialService: Connecting to DM channel...
🔌 Connecting to Supabase Realtime: wss://151.243.109.243.nip.io/realtime/v1/websocket
✅ Connected to Supabase Realtime
✅ SocialService: DM channel connected
📨 Received: {"ref":"C524B174-6184-44BD-9E3D-48D7BE6A9210","event":"phx_reply","payload":{"status":"ok","response":{"postgres_changes":[]}},"topic":"realtime:global-presence"}
📨 Received: {"ref":null,"event":"presence_state","payload":{"a7a12738-ed95-11f0-8d39-9ee62e3b7bba":{"metas":[{"phx_ref":"GIkoZdyEWWk6AlLi","last_seen":"2026-01-09T19:59:06.514Z","status":"online","user_id":"656DAA91-33B4-4688-9135-C982EA52D7C9","username":"ursinho"}]}},"topic":"realtime:global-presence"}
📨 Received: {"ref":"1","event":"phx_reply","payload":{"status":"ok","response":{}},"topic":"realtime:global-presence"}
📈 SocialService: User 656daa91-33b4-4688-9135-c982ea52d7c9 came online
📨 Received: {"ref":null,"event":"presence_diff","payload":{"joins":{"b0da653a-ed95-11f0-bd99-9ee62e3b7bba":{"metas":[{"phx_ref":"GIkoaXcIeZc6AlNC","last_seen":"2026-01-09T19:59:21.937Z","status":"online","user_id":"96E01CDB-36C0-4228-A6E4-A29A3C66BC8E","username":"lemontom"}]}},"leaves":{}},"topic":"realtime:global-presence"}
📈 SocialService: User 96e01cdb-36c0-4228-a6e4-a29a3c66bc8e came online
📡 Joined channel: realtime:direct_messages
✅ SocialService: Connected to DM channel
📨 Received: {"ref":"2611D714-8906-453C-A006-3107D586D9FF","event":"phx_reply","payload":{"status":"ok","response":{"postgres_changes":[{"id":6798732,"event":"INSERT","filter":"receiver_id=eq.96e01cdb-36c0-4228-a6e4-a29a3c66bc8e","schema":"public","table":"direct_messages"},{"id":83853945,"event":"INSERT","filter":"sender_id=eq.96e01cdb-36c0-4228-a6e4-a29a3c66bc8e","schema":"public","table":"direct_messages"}]}},"topic":"realtime:direct_messages"}
📬 SocialService: Fetched 0 unread messages
🔄 SocialService: Syncing 50 items to cloud...
🔄 SocialService: Syncing 50 items to cloud (serial)...
📨 Received: {"ref":null,"event":"system","payload":{"message":"Subscribed to PostgreSQL","status":"ok","extension":"postgres_changes","channel":"direct_messages"},"topic":"realtime:direct_messages"}
📨 Received: {"ref":null,"event":"presence_state","payload":{},"topic":"realtime:direct_messages"}
⚠️ checkFreeTierLimit: No current user ID
🎉 Subscription updated! Expires: 2026-01-18 17:23:32 +0000
📨 Received: {"ref":null,"event":"presence_diff","payload":{"joins":{"a7a12738-ed95-11f0-8d39-9ee62e3b7bba":{"metas":[{"phx_ref":"GIkoaoSSpZ86AlOi","phx_ref_prev":"GIkoZdyEWWk6AlLi","last_seen":"2026-01-09T19:59:26.516Z","status":"online","user_id":"656daa91-33b4-4688-9135-c982ea52d7c9","username":"ursinho"}]}},"leaves":{"a7a12738-ed95-11f0-8d39-9ee62e3b7bba":{"metas":[{"phx_ref":"GIkoZdyEWWk6AlLi","last_seen":"2026-01-09T19:59:06.514Z","status":"online","user_id":"656DAA91-33B4-4688-9135-C982EA52D7C9","username":"ursinho"}]}}},"topic":"realtime:global-presence"}
⏰ AppState: Next schedule update set for Event End: 2026-01-09 21:50:45 +0000
⏰ AppState: Scheduling update in 6676 seconds
