2026-01-22 15:21:09.104 RedLemon[28770:214542] 🪟 Set initial window to expanded size: (0.0, 148.0, 1366.0, 595.0)
2026-01-22 15:21:09.105 RedLemon[28770:214542] ✅ Cache cleanup timer started (runs every 30 minutes)
2026-01-22 15:21:09.182 RedLemon[28770:214542] 🔄 Resetting playback state to prevent auto-selection...
2026-01-22 15:21:09.185 RedLemon[28770:214542] ⚠️ PlayerVM: currentWatchPartyRoom set to NIL. Stack Trace unavailable, but check recent logs.
2026-01-22 15:21:09.219 RedLemon[28770:214542] ✅ Playback state reset complete - starting in browse view
2026-01-22 15:21:09.220 RedLemon[28770:214542] 🔐 APP STARTUP: Loading stored user credentials...
2026-01-22 15:21:09.220 RedLemon[28770:214542] 🧪 Testing Profile: debug
2026-01-22 15:21:09.229 RedLemon[28770:214593] 📂 Loaded 5 credential(s) from cache
2026-01-22 15:21:09.257 RedLemon[28770:214542] ✅ Keychain: Found stored username: ursinho
2026-01-22 15:21:09.257 RedLemon[28770:214542] 🔍 Supabase: Looking up user 'ursinho' in database...
2026-01-22 15:21:09.258 RedLemon[28770:214589] 🔍 SupabaseClient: Looking up user by username 'ursinho'
2026-01-22 15:21:10.007 RedLemon[28770:214590] 📡 SupabaseClient: User lookup response received (400 bytes)
2026-01-22 15:21:10.016 RedLemon[28770:214590] ✅ SupabaseClient: Decoded 1 users from response
2026-01-22 15:21:10.017 RedLemon[28770:214590] 👤 SupabaseClient: Found user - ursinho (ID: 656DAA91-33B4-4688-9135-C982EA52D7C9)
2026-01-22 15:21:10.069 RedLemon[28770:214542] ✅ AUTH SUCCESS: User authenticated - ursinho (ID: 656DAA91-33B4-4688-9135-C982EA52D7C9)
2026-01-22 15:21:10.069 RedLemon[28770:214542] 🎯 AppState: currentUsername=ursinho, currentUserId=656DAA91-33B4-4688-9135-C982EA52D7C9
2026-01-22 15:21:12.649 RedLemon[28770:214542] 🏁 AUTH COMPLETE: Final state - username=ursinho, userId=656DAA91-33B4-4688-9135-C982EA52D7C9
2026-01-22 15:21:12.654 RedLemon[28770:214542] 🚀 RedLemon: Starting HTTP server...
2026-01-22 15:21:12.654 RedLemon[28770:214542] 📋 RedLemon: Current directory: /Users/danielnoble/Desktop/Redlemon
2026-01-22 15:21:12.675 RedLemon[28770:214542] ✅ RedLemon: HTTPServer instance created
2026-01-22 15:21:12.676 RedLemon[28770:214542] ✅ RedLemon: Server marked as ready (Optimistic)
2026-01-22 15:21:12.676 RedLemon[28770:214590] 📡 RedLemon: Server starting on port 47253...
⏲️ [EventsConfig] Starting polling fallback (every 60s)
🔌 Connecting to Supabase Realtime: wss://151.243.109.243.nip.io/realtime/v1/websocket
✅ Connected to Supabase Realtime
📡 Sparkle requesting feed URL: https://151.243.109.243.nip.io/updates/appcast.xml
✅ Sparkle configured (seamless mode)
   Appcast URL: https://151.243.109.243.nip.io/updates/appcast.xml
   Can check: true
📅 EventsView appeared
🎬 [EventsView] Fetching movie events from centralized config...
📡 [EventsConfig] Checking server for movie_events config version...
🔍 Memory pressure monitoring enabled (safe mode)
🔍 Silent update check (custom implementation)...
📦 Current build: 125, Latest build: 125
✅ App is up to date (current: 125, latest: 125)
🖥️ CacheManager initialized with fixed conservative limits
   Image cache limit: 30 items
📡 Joined channel: realtime:events_config_updates (interest count: 1)
✅ [EventsConfig] Subscribed to realtime schedule updates
📡 Sparkle requesting feed URL: https://151.243.109.243.nip.io/updates/appcast.xml
✅ [EventsConfig] Fetched movie_events version 1579 with 405 movies
✅ [EventsConfig] Using cached movie_events config (version 1579, 405 movies)
✅ [EventsView] Loaded 405 movies from config version 1579
🗓 AppState: Updated schedule epoch to 2026-01-22 03:26:59 +0000
⏰ AppState: Next schedule update set for Event End: 2026-01-22 21:13:59 +0000
⏰ AppState: Scheduling update in 3169 seconds
🖼️ [CACHE] Cached image data for key: https://images.metahub.space/background/medium/tt0266915/img (786827 bytes)
🖼️ [CACHE] Cached image data for key: https://images.metahub.space/background/medium/tt0480687/img (901283 bytes)
🖼️ [CACHE] Cached image data for key: https://images.metahub.space/background/medium/tt29644189/img (793673 bytes)
🔌 SocialService: Connecting to global presence...
🔌 Connecting to Supabase Realtime: wss://151.243.109.243.nip.io/realtime/v1/websocket
✅ Connected to Supabase Realtime
✅ SocialService: Presence connected
📡 Joined channel: realtime:global-presence (interest count: 1)
⏰ AppState: Next schedule update set for Event End: 2026-01-22 21:13:59 +0000
⏰ AppState: Scheduling update in 3168 seconds
✅ SocialService: Connected to global presence
🔌 SocialService: Connecting to social realtime channels...
🔌 Connecting to Supabase Realtime: wss://151.243.109.243.nip.io/realtime/v1/websocket
✅ Connected to Supabase Realtime
✅ SocialService: DM channel connected
📈 SocialService: User 656daa91-33b4-4688-9135-c982ea52d7c9 came online
⏰ AppState: Next schedule update set for Event End: 2026-01-22 21:13:59 +0000
⏰ AppState: Scheduling update in 3168 seconds
📡 Joined channel: realtime:direct_messages (interest count: 1)
📡 Joined channel: realtime:friendships (interest count: 1)
✅ SocialService: Connected to social channels
📬 SocialService: Fetched 0 unread messages
🔄 SocialService: Syncing 50 items to cloud...
🔄 SocialService: Syncing 50 items to cloud (serial)...
✅ Token routes registered:
   POST /tokens/save
   POST /tokens/delete
   GET  /tokens/list
✅ Unlock routes registered:
   POST /api/streams/unlock
✅ Stream routes registered:
   POST /api/streams/resolve
   GET  /api/streams/resolveByQuality
   GET  /api/streams/resolveAll
✅ Proxy routes registered:
   GET /play/rd/:infoHash/:fileIdx
   GET /play/rd/:infoHash
✅ Subtitle routes registered:
   GET /subtitles/search?imdbId=&type=
   GET /subtitles/subdl/:encodedPath
✅ All routes registered
✅ HTTP Server configured on http://127.0.0.1:47253
🚀 Starting HTTP server...
✅ Providers initialized: torrentio, comet, zilean, mediafusion, debridsearch
[ NOTICE ] Server started on http://127.0.0.1:47253
2026-01-22 15:21:12.717 RedLemon[28770:214542] ✅ RedLemon: Server should be running on http://127.0.0.1:47253
2026-01-22 15:21:12.717 RedLemon[28770:214542] 🏥 [AppState] Starting global provider health check...
2026-01-22 15:21:12.717 RedLemon[28770:214542] 🔍 Performing startup checks...
2026-01-22 15:21:12.717 RedLemon[28770:214542] ✅ Username-based authentication ready
2026-01-22 15:21:12.719 RedLemon[28770:214590] 🔐 Signed request to /check-payment
2026-01-22 15:21:13.224 RedLemon[28770:214614] 🎬 Torrentio: Building URL for movie (no season/episode)
2026-01-22 15:21:13.224 RedLemon[28770:214614] 🔗 Torrentio URL (length: 55): https://torrentio.strem.fun/stream/movie/tt0133093.json...
2026-01-22 15:21:14.521 RedLemon[28770:214542] ✅ [AppState] Provider health check complete (found 7 services)
2026-01-22 15:21:16.757 RedLemon[28770:214594] 🔐 Signed request to /rpc/user_heartbeat
✅ HTTP server running on http://127.0.0.1:47253

🔗 Available endpoints:
   http://127.0.0.1:47253/health
   http://127.0.0.1:47253/status
   http://127.0.0.1:47253/api/health

💰 LicenseManager: Starting hybrid license check...
✅ SubDLClient initialized
🖼️ [CACHE] Cached image data for key: https://images.metahub.space/poster/small/tt1340138/img (35384 bytes)
🖼️ [CACHE] Cached image data for key: https://images.metahub.space/poster/small/tt1396484/img (14825 bytes)
🖼️ [CACHE] Cached image data for key: https://images.metahub.space/poster/small/tt29268110/img (20494 bytes)
🖼️ [CACHE] Cached image data for key: https://images.metahub.space/poster/small/tt0266915/img (29028 bytes)
🖼️ [CACHE] Cached image data for key: https://images.metahub.space/poster/small/tt13186306/img (30978 bytes)
🖼️ [CACHE] Cached image data for key: https://images.metahub.space/poster/small/tt0480687/img (34336 bytes)
🖼️ [CACHE] Cached image data for key: https://images.metahub.space/poster/small/tt6604188/img (14626 bytes)
🖼️ [CACHE] Cached image data for key: https://images.metahub.space/poster/small/tt4425200/img (16238 bytes)
🖼️ [CACHE] Cached image data for key: https://m.media-amazon.com/images/M/MV5BMjFhZTcxOTktMzllMS00MzIzLWJhODEtZDU5YTFkNzRjZWQyXkEyXkFqcGc@._V1_SX250.jpg (24792 bytes)
[ INFO ] GET /api/metadata/catalog/movie/popular [request-id: 3663E5BF-CCC1-4CC8-BE46-625EB093BA96]
🔍 [Server] Proxying catalog request to: https://v3-cinemeta.strem.io/catalog/movie/popular.json
🖼️ [CACHE] Cached image data for key: https://images.justwatch.com/poster/315736719/s332/img (33168 bytes)
🖼️ [CACHE] Cached image data for key: https://images.justwatch.com/poster/302318037/s332/img (43036 bytes)
🖼️ [CACHE] Cached image data for key: https://images.justwatch.com/poster/311761087/s332/img (61008 bytes)
📡 SocialService: Updated status - Browsing: 
💾 Cache SET: Catalog[popular_movies_fixed] (15 items)
🖼️ [CACHE] Cached image data for key: https://images.metahub.space/poster/small/tt34610311/img (30787 bytes)
🖼️ [CACHE] Cached image data for key: https://images.metahub.space/poster/small/tt32642706/img (22671 bytes)
🖼️ [CACHE] Cached image data for key: https://images.metahub.space/poster/small/tt27543632/img (31446 bytes)
🖼️ [CACHE] Cached image data for key: https://images.metahub.space/poster/small/tt14142060/img (29910 bytes)
🖼️ [CACHE] Cached image data for key: https://images.metahub.space/poster/small/tt4712810/img (37396 bytes)
🖼️ [CACHE] Cached image data for key: https://images.metahub.space/poster/small/tt31227572/img (24034 bytes)
🖼️ [CACHE] Cached image data for key: https://images.metahub.space/poster/small/tt0083655/img (25109 bytes)
🖼️ [CACHE] Cached image data for key: https://images.metahub.space/poster/small/tt32820897/img (53296 bytes)
🖼️ [CACHE] Cached image data for key: https://images.metahub.space/poster/small/tt10799690/img (40967 bytes)
🖼️ [CACHE] Cached image data for key: https://images.metahub.space/poster/small/tt30254719/img (39370 bytes)
🖼️ [CACHE] Cached image data for key: https://images.metahub.space/poster/small/tt1757678/img (45682 bytes)
🖼️ [CACHE] Cached image data for key: https://images.metahub.space/poster/small/tt26443597/img (43534 bytes)
🖼️ [CACHE] Cached image data for key: https://images.metahub.space/poster/small/tt29780866/img (35175 bytes)
💾 Cache SET: Catalog[quick_movie_sst.json_7] (7 items)
💾 Cache SET: Catalog[quick_movie_pmp.json_7] (7 items)
💾 Cache SET: Catalog[quick_movie_pcp.json_7] (7 items)
💾 Cache SET: Catalog[quick_movie_hlu.json_7] (7 items)
💾 Cache SET: Catalog[quick_movie_dnp.json_7] (7 items)
💾 Cache SET: Catalog[quick_movie_stz.json_7] (7 items)
💾 Cache SET: Catalog[quick_movie_nfx.json_7] (7 items)
💾 Cache SET: Catalog[quick_movie_amp.json_7] (7 items)
💾 Cache SET: Catalog[quick_movie_atp.json_7] (7 items)
💾 Cache SET: Catalog[quick_movie_hbm.json_7] (7 items)
💾 Cache SET: Catalog[quick_movie_top.json_7] (7 items)
🖼️ [CACHE] Cached image data for key: https://images.metahub.space/poster/small/tt31495504/img (34216 bytes)
💾 Cache SET: Catalog[catalog_movie_sst.json] (15 items)
💾 Cache SET: Catalog[catalog_movie_pmp.json] (15 items)
💾 Cache SET: Catalog[catalog_movie_pcp.json] (15 items)
💾 Cache SET: Catalog[catalog_movie_hlu.json] (15 items)
💾 Cache SET: Catalog[catalog_movie_dnp.json] (15 items)
💾 Cache SET: Catalog[catalog_movie_stz.json] (15 items)
💾 Cache SET: Catalog[catalog_movie_nfx.json] (15 items)
💾 Cache SET: Catalog[catalog_movie_amp.json] (15 items)
🗑️ Cache evicted 6 items
💾 Cache SET: Catalog[catalog_movie_atp.json] (15 items)
💾 Cache SET: Catalog[catalog_movie_hbm.json] (15 items)
🖼️ [CACHE] Cached image data for key: https://images.justwatch.com/poster/329121868/s332/img (53946 bytes)
💾 Cache SET: Catalog[catalog_movie_top.json] (15 items)
🗑️ Cache evicted 10 items
🖼️ [CACHE] Cached image data for key: https://images.justwatch.com/poster/123571254/s332/img (44346 bytes)
🖼️ [CACHE] Cached image data for key: https://images.justwatch.com/poster/66901085/s332/img (47457 bytes)
🖼️ [CACHE] Cached image data for key: https://images.justwatch.com/poster/178229044/s332/img (41046 bytes)
🖼️ [CACHE] Cached image data for key: https://images.justwatch.com/poster/327009156/s332/img (61426 bytes)
🖼️ [CACHE] Cached image data for key: https://images.justwatch.com/poster/331854260/s332/img (44028 bytes)
🖼️ [CACHE] Cached image data for key: https://images.justwatch.com/poster/301999989/s332/img (65827 bytes)
🖼️ [CACHE] Cached image data for key: https://images.justwatch.com/poster/322412111/s332/img (57515 bytes)
🖼️ [CACHE] Cached image data for key: https://images.justwatch.com/poster/244731649/s332/img (38211 bytes)
🖼️ [CACHE] Cached image data for key: https://images.justwatch.com/poster/317457812/s332/img (53432 bytes)
🖼️ [CACHE] Cached image data for key: https://images.justwatch.com/poster/323675146/s332/img (52884 bytes)
🗑️ Cache evicted 10 items
🖼️ [CACHE] Cached image data for key: https://images.justwatch.com/poster/121974617/s332/img (48500 bytes)
🖼️ [CACHE] Cached image data for key: https://images.justwatch.com/poster/176299098/s332/img (91833 bytes)
🖼️ [CACHE] Cached image data for key: https://images.justwatch.com/poster/243056976/s332/img (44316 bytes)
🖼️ [CACHE] Cached image data for key: https://images.justwatch.com/poster/336519808/s332/img (42512 bytes)
👤 LicenseManager: Profile expiry: Optional(2026-02-11 06:00:30 +0000)
🖼️ [CACHE] Cached image data for key: https://images.justwatch.com/poster/315736719/s332/img (33168 bytes)
🖼️ [CACHE] Cached image data for key: https://images.justwatch.com/poster/332101041/s332/img (37735 bytes)
🖼️ [CACHE] Cached image data for key: https://images.justwatch.com/poster/102622497/s332/img (38430 bytes)
🖼️ [CACHE] Cached image data for key: https://images.justwatch.com/poster/340843049/s332/img (34756 bytes)
🖼️ [CACHE] Cached image data for key: https://images.justwatch.com/poster/340508749/s332/img (54161 bytes)
🖼️ [CACHE] Cached image data for key: https://images.justwatch.com/poster/153749975/s332/img (55476 bytes)
🗑️ Cache evicted 10 items
🖼️ [CACHE] Cached image data for key: https://images.justwatch.com/poster/330510690/s332/img (48208 bytes)
🖼️ [CACHE] Cached image data for key: https://images.justwatch.com/poster/338962154/s332/img (51864 bytes)
🖼️ [CACHE] Cached image data for key: https://images.justwatch.com/poster/332051109/s332/img (58936 bytes)
🖼️ [CACHE] Cached image data for key: https://images.justwatch.com/poster/94027225/s332/img (37303 bytes)
🖼️ [CACHE] Cached image data for key: https://images.justwatch.com/poster/8679124/s332/img (40046 bytes)
🖼️ [CACHE] Cached image data for key: https://images.justwatch.com/poster/321615648/s332/img (45112 bytes)
🖼️ [CACHE] Cached image data for key: https://images.justwatch.com/poster/243015552/s332/img (54302 bytes)
🖼️ [CACHE] Cached image data for key: https://images.justwatch.com/poster/320977032/s332/img (29350 bytes)
🖼️ [CACHE] Cached image data for key: https://images.justwatch.com/poster/321615648/s332/img (45112 bytes)
🖼️ [CACHE] Cached image data for key: https://images.justwatch.com/poster/331148151/s332/img (28498 bytes)
🖼️ [CACHE] Cached image data for key: https://images.justwatch.com/poster/302111328/s332/img (32677 bytes)
🗑️ Cache evicted 10 items
🖼️ [CACHE] Cached image data for key: https://images.justwatch.com/poster/321552009/s332/img (34807 bytes)
🖼️ [CACHE] Cached image data for key: https://images.justwatch.com/poster/87608067/s332/img (61832 bytes)
🖼️ [CACHE] Cached image data for key: https://images.justwatch.com/poster/240269951/s332/img (32641 bytes)
🖼️ [CACHE] Cached image data for key: https://images.justwatch.com/poster/10568015/s332/img (26635 bytes)
🖼️ [CACHE] Cached image data for key: https://images.justwatch.com/poster/116606473/s332/img (58855 bytes)
🖼️ [CACHE] Cached image data for key: https://images.justwatch.com/poster/300974125/s332/img (22799 bytes)
🖼️ [CACHE] Cached image data for key: https://images.justwatch.com/poster/330298309/s332/img (59242 bytes)
🖼️ [CACHE] Cached image data for key: https://images.justwatch.com/poster/331474196/s332/img (49409 bytes)
🖼️ [CACHE] Cached image data for key: https://images.justwatch.com/poster/336298604/s332/img (33569 bytes)
🖼️ [CACHE] Cached image data for key: https://images.justwatch.com/poster/336243710/s332/img (29619 bytes)
🗑️ Cache evicted 10 items
🖼️ [CACHE] Cached image data for key: https://images.justwatch.com/poster/307275790/s332/img (54708 bytes)
🖼️ [CACHE] Cached image data for key: https://images.justwatch.com/poster/304360454/s332/img (34028 bytes)
🖼️ [CACHE] Cached image data for key: https://images.justwatch.com/poster/320046743/s332/img (22114 bytes)
🖼️ [CACHE] Cached image data for key: https://images.justwatch.com/poster/338574331/s332/img (29464 bytes)
🖼️ [CACHE] Cached image data for key: https://images.justwatch.com/poster/10568015/s332/img (26635 bytes)
🖼️ [CACHE] Cached image data for key: https://images.justwatch.com/poster/312591807/s332/img (55111 bytes)
🖼️ [CACHE] Cached image data for key: https://images.justwatch.com/poster/214706751/s332/img (55859 bytes)
🖼️ [CACHE] Cached image data for key: https://images.justwatch.com/poster/328335894/s332/img (39916 bytes)
🖼️ [CACHE] Cached image data for key: https://images.justwatch.com/poster/141410470/s332/img (53088 bytes)
🖼️ [CACHE] Cached image data for key: https://images.justwatch.com/poster/54243615/s332/img (30339 bytes)
🖼️ [CACHE] Cached image data for key: https://images.justwatch.com/poster/331994893/s332/img (37258 bytes)
🗑️ Cache evicted 10 items
🖼️ [CACHE] Cached image data for key: https://images.justwatch.com/poster/79413112/s332/img (31550 bytes)
🖼️ [CACHE] Cached image data for key: https://images.justwatch.com/poster/335328239/s332/img (37688 bytes)
🖼️ [CACHE] Cached image data for key: https://images.justwatch.com/poster/321092338/s332/img (44853 bytes)
🖼️ [CACHE] Cached image data for key: https://images.justwatch.com/poster/182267386/s332/img (42006 bytes)
🖼️ [CACHE] Cached image data for key: https://images.justwatch.com/poster/338490996/s332/img (49436 bytes)
🖼️ [CACHE] Cached image data for key: https://images.justwatch.com/poster/304470111/s332/img (51724 bytes)
🖼️ [CACHE] Cached image data for key: https://images.justwatch.com/poster/219007465/s332/img (43418 bytes)
🖼️ [CACHE] Cached image data for key: https://images.justwatch.com/poster/180839658/s332/img (47479 bytes)
🖼️ [CACHE] Cached image data for key: https://images.justwatch.com/poster/8730058/s332/img (44044 bytes)
🖼️ [CACHE] Cached image data for key: https://images.justwatch.com/poster/245214944/s332/img (54524 bytes)
🗑️ Cache evicted 10 items
🖼️ [CACHE] Cached image data for key: https://images.justwatch.com/poster/322108439/s332/img (58793 bytes)
🖼️ [CACHE] Cached image data for key: https://images.justwatch.com/poster/331994893/s332/img (37258 bytes)
🖼️ [CACHE] Cached image data for key: https://images.justwatch.com/poster/177029966/s332/img (45555 bytes)
🖼️ [CACHE] Cached image data for key: https://images.justwatch.com/poster/316720855/s332/img (43567 bytes)
🖼️ [CACHE] Cached image data for key: https://images.justwatch.com/poster/245235885/s332/img (37719 bytes)
🖼️ [CACHE] Cached image data for key: https://images.justwatch.com/poster/249473713/s332/img (40462 bytes)
🖼️ [CACHE] Cached image data for key: https://images.justwatch.com/poster/178336415/s332/img (53893 bytes)
🖼️ [CACHE] Cached image data for key: https://images.justwatch.com/poster/36388733/s332/img (68014 bytes)
🖼️ [CACHE] Cached image data for key: https://images.justwatch.com/poster/309786652/s332/img (45440 bytes)
🖼️ [CACHE] Cached image data for key: https://images.justwatch.com/poster/312811279/s332/img (48255 bytes)
🖼️ [CACHE] Cached image data for key: https://images.justwatch.com/poster/241779763/s332/img (48752 bytes)
🗑️ Cache evicted 10 items
🖼️ [CACHE] Cached image data for key: https://images.justwatch.com/poster/166839313/s332/img (47328 bytes)
🖼️ [CACHE] Cached image data for key: https://images.justwatch.com/poster/336197714/s332/img (47092 bytes)
🖼️ [CACHE] Cached image data for key: https://images.justwatch.com/poster/322729101/s332/img (28143 bytes)
🖼️ [CACHE] Cached image data for key: https://images.justwatch.com/poster/336295680/s332/img (36731 bytes)
🖼️ [CACHE] Cached image data for key: https://images.justwatch.com/poster/299112687/s332/img (42037 bytes)
🖼️ [CACHE] Cached image data for key: https://images.justwatch.com/poster/256784897/s332/img (48660 bytes)
🖼️ [CACHE] Cached image data for key: https://images.justwatch.com/poster/310375475/s332/img (31338 bytes)
🖼️ [CACHE] Cached image data for key: https://images.justwatch.com/poster/330575949/s332/img (33224 bytes)
🖼️ [CACHE] Cached image data for key: https://images.justwatch.com/poster/301298992/s332/img (50065 bytes)
🖼️ [CACHE] Cached image data for key: https://images.justwatch.com/poster/176298080/s332/img (25572 bytes)
🗑️ Cache evicted 10 items
🖼️ [CACHE] Cached image data for key: https://images.justwatch.com/poster/258767348/s332/img (56259 bytes)
🖼️ [CACHE] Cached image data for key: https://images.justwatch.com/poster/302218887/s332/img (43813 bytes)
🖼️ [CACHE] Cached image data for key: https://images.justwatch.com/poster/175817145/s332/img (34253 bytes)
🖼️ [CACHE] Cached image data for key: https://images.justwatch.com/poster/43216632/s332/img (45223 bytes)
🖼️ [CACHE] Cached image data for key: https://images.justwatch.com/poster/176336815/s332/img (49713 bytes)
🖼️ [CACHE] Cached image data for key: https://images.justwatch.com/poster/340662430/s332/img (70566 bytes)
🖼️ [CACHE] Cached image data for key: https://images.justwatch.com/poster/11242891/s332/img (56163 bytes)
🖼️ [CACHE] Cached image data for key: https://images.justwatch.com/poster/258811158/s332/img (87334 bytes)
🖼️ [CACHE] Cached image data for key: https://images.justwatch.com/poster/170955093/s332/img (70331 bytes)
🖼️ [CACHE] Cached image data for key: https://images.justwatch.com/poster/332051109/s332/img (58936 bytes)
🗑️ Cache evicted 10 items
🖼️ [CACHE] Cached image data for key: https://images.justwatch.com/poster/336729532/s332/img (61907 bytes)
🖼️ [CACHE] Cached image data for key: https://images.justwatch.com/poster/70540361/s332/img (62623 bytes)
🖼️ [CACHE] Cached image data for key: https://images.justwatch.com/poster/334012283/s332/img (39979 bytes)
🖼️ [CACHE] Cached image data for key: https://images.justwatch.com/poster/306827298/s332/img (48823 bytes)
🖼️ [CACHE] Cached image data for key: https://images.justwatch.com/poster/173938174/s332/img (31756 bytes)
🖼️ [CACHE] Cached image data for key: https://images.justwatch.com/poster/336226499/s332/img (50399 bytes)
🖼️ [CACHE] Cached image data for key: https://images.justwatch.com/poster/288248696/s332/img (67877 bytes)
🖼️ [CACHE] Cached image data for key: https://images.justwatch.com/poster/328335894/s332/img (39916 bytes)
🖼️ [CACHE] Cached image data for key: https://images.justwatch.com/poster/302730773/s332/img (52326 bytes)
🖼️ [CACHE] Cached image data for key: https://images.justwatch.com/poster/245214944/s332/img (54524 bytes)
🗑️ Cache evicted 10 items
🖼️ [CACHE] Cached image data for key: https://images.justwatch.com/poster/336806091/s332/img (42346 bytes)
🖼️ [CACHE] Cached image data for key: https://images.justwatch.com/poster/449990/s332/img (60347 bytes)
🖼️ [CACHE] Cached image data for key: https://images.justwatch.com/poster/335063930/s332/img (28802 bytes)
🖼️ [CACHE] Cached image data for key: https://images.justwatch.com/poster/334220721/s332/img (40321 bytes)
🖼️ [CACHE] Cached image data for key: https://images.justwatch.com/poster/275806222/s332/img (48443 bytes)
🖼️ [CACHE] Cached image data for key: https://images.justwatch.com/poster/154373248/s332/img (63627 bytes)
🖼️ [CACHE] Cached image data for key: https://images.justwatch.com/poster/186960237/s332/img (39624 bytes)
🖼️ [CACHE] Cached image data for key: https://images.justwatch.com/poster/301816283/s332/img (30898 b2026-01-22 15:21:22.676 RedLemon[28770:214542] 🔄 Checking for app updates...
2026-01-22 15:21:43.284 RedLemon[28770:214589] 🔐 Signed request to /rpc/user_heartbeat
2026-01-22 15:22:09.162 RedLemon[28770:215007] 🔐 Signed request to /rpc/user_heartbeat
2026-01-22 15:22:37.010 RedLemon[28770:215115] 🔐 Signed request to /rpc/user_heartbeat
ytes)
🖼️ [CACHE] Cached image data for key: https://images.justwatch.com/poster/176275502/s332/img (71523 bytes)
🖼️ [CACHE] Cached image data for key: https://images.justwatch.com/poster/335086284/s332/img (42569 bytes)
🗑️ Cache evicted 10 items
🖼️ [CACHE] Cached image data for key: https://images.justwatch.com/poster/332277457/s332/img (66967 bytes)
🖼️ [CACHE] Cached image data for key: https://images.justwatch.com/poster/302993962/s332/img (64972 bytes)
🖼️ [CACHE] Cached image data for key: https://images.justwatch.com/poster/330980590/s332/img (58733 bytes)
🖼️ [CACHE] Cached image data for key: https://images.justwatch.com/poster/334816774/s332/img (54134 bytes)
🖼️ [CACHE] Cached image data for key: https://images.justwatch.com/poster/192048805/s332/img (43578 bytes)
🖼️ [CACHE] Cached image data for key: https://images.justwatch.com/poster/335474178/s332/img (42733 bytes)
🖼️ [CACHE] Cached image data for key: https://images.justwatch.com/poster/309786652/s332/img (45440 bytes)
🖼️ [CACHE] Cached image data for key: https://images.justwatch.com/poster/285167574/s332/img (51648 bytes)
🖼️ [CACHE] Cached image data for key: https://images.justwatch.com/poster/309793401/s332/img (59270 bytes)
🖼️ [CACHE] Cached image data for key: https://images.justwatch.com/poster/87608067/s332/img (61832 bytes)
🗑️ Cache evicted 10 items
🖼️ [CACHE] Cached image data for key: https://images.justwatch.com/poster/176342673/s332/img (55230 bytes)
🖼️ [CACHE] Cached image data for key: https://images.justwatch.com/poster/331126481/s332/img (53646 bytes)
🖼️ [CACHE] Cached image data for key: https://images.justwatch.com/poster/186802635/s332/img (54496 bytes)
🖼️ [CACHE] Cached image data for key: https://images.justwatch.com/poster/155270304/s332/img (22041 bytes)
🖼️ [CACHE] Cached image data for key: https://images.justwatch.com/poster/333077339/s332/img (29437 bytes)
🖼️ [CACHE] Cached image data for key: https://images.justwatch.com/poster/74403282/s332/img (51791 bytes)
🖼️ [CACHE] Cached image data for key: https://images.justwatch.com/poster/334037963/s332/img (44500 bytes)
🖼️ [CACHE] Cached image data for key: https://images.justwatch.com/poster/302976085/s332/img (50443 bytes)
🖼️ [CACHE] Cached image data for key: https://images.justwatch.com/poster/15605912/s332/img (81082 bytes)
🖼️ [CACHE] Cached image data for key: https://images.justwatch.com/poster/330628021/s332/img (58302 bytes)
🗑️ Cache evicted 10 items
🖼️ [CACHE] Cached image data for key: https://images.justwatch.com/poster/340614766/s332/img (62961 bytes)
🖼️ [CACHE] Cached image data for key: https://images.justwatch.com/poster/239897076/s332/img (38227 bytes)
🖼️ [CACHE] Cached image data for key: https://images.justwatch.com/poster/331654299/s332/img (71635 bytes)
🖼️ [CACHE] Cached image data for key: https://images.justwatch.com/poster/239897076/s332/img (38227 bytes)
🖼️ [CACHE] Cached image data for key: https://images.justwatch.com/poster/239897076/s332/img (38227 bytes)
🖼️ [CACHE] Cached image data for key: https://images.justwatch.com/poster/302449148/s332/img (66514 bytes)
🖼️ [CACHE] Cached image data for key: https://images.justwatch.com/poster/315856885/s332/img (67350 bytes)
🖼️ [CACHE] Cached image data for key: https://images.justwatch.com/poster/315638406/s332/img (49093 bytes)
🖼️ [CACHE] Cached image data for key: https://images.justwatch.com/poster/319938125/s332/img (72608 bytes)
🖼️ [CACHE] Cached image data for key: https://images.justwatch.com/poster/331701827/s332/img (59722 bytes)
🖼️ [CACHE] Cached image data for key: https://images.justwatch.com/poster/300177312/s332/img (74244 bytes)
🖼️ [CACHE] Cached image data for key: https://images.justwatch.com/poster/323065528/s332/img (44833 bytes)
🗑️ Cache evicted 10 items
🖼️ [CACHE] Cached image data for key: https://images.metahub.space/poster/small/tt6604188/img (14626 bytes)
🖼️ [CACHE] Cached image data for key: https://images.metahub.space/poster/small/tt31227572/img (24034 bytes)
🖼️ [CACHE] Cached image data for key: https://images.metahub.space/poster/small/tt26443597/img (43534 bytes)
🖼️ [CACHE] Cached image data for key: https://images.metahub.space/poster/small/tt26581740/img (9526 bytes)
🖼️ [CACHE] Cached image data for key: https://images.metahub.space/poster/small/tt31193180/img (27098 bytes)
🖼️ [CACHE] Cached image data for key: https://images.metahub.space/poster/small/tt31495504/img (34216 bytes)
🖼️ [CACHE] Cached image data for key: https://images.metahub.space/poster/small/tt30144839/img (35849 bytes)
🖼️ [CACHE] Cached image data for key: https://images.metahub.space/poster/small/tt12300742/img (13162 bytes)
🖼️ [CACHE] Cached image data for key: https://images.metahub.space/poster/small/tt14364480/img (19894 bytes)
🖼️ [CACHE] Cached image data for key: https://images.metahub.space/poster/small/tt1527793/img (39478 bytes)
🗑️ Cache evicted 10 items
🖼️ [CACHE] Cached image data for key: https://images.metahub.space/poster/small/tt1312221/img (23730 bytes)
🖼️ [CACHE] Cached image data for key: https://images.metahub.space/poster/small/tt29567915/img (28516 bytes)
🖼️ [CACHE] Cached image data for key: https://images.metahub.space/poster/small/tt23172090/img (39824 bytes)
🖼️ [CACHE] Cached image data for key: https://images.metahub.space/poster/small/tt29768334/img (28877 bytes)
🖼️ [CACHE] Cached image data for key: https://images.metahub.space/poster/small/tt22740896/img (31424 bytes)
🔍 Silent update check (custom implementation)...
⏰ TimeService: Synchronizing clock with server...
🎉 License updated! Expires: 2026-02-11 06:00:30 +0000
✅ TimeService: Synced! Offset: 0.150s (RTT: 131ms)
   Local:  2026-01-22 20:21:22 +0000
   Server: 2026-01-22 20:21:22 +0000
📦 Current build: 125, Latest build: 125
✅ App is up to date (current: 125, latest: 125)
⏰ AppState: Next schedule update set for Event End: 2026-01-22 21:13:59 +0000
⏰ AppState: Scheduling update in 3155 seconds
⏰ AppState: Next schedule update set for Event End: 2026-01-22 21:13:59 +0000
⏰ AppState: Scheduling update in 3148 seconds
⏰ AppState: Next schedule update set for Event End: 2026-01-22 21:13:59 +0000
⏰ AppState: Scheduling update in 3138 seconds
⏰ AppState: Next schedule update set for Event End: 2026-01-22 21:13:59 +0000
⏰ AppState: Scheduling update in 3128 seconds
⏰ AppState: Next schedule update set for Event End: 2026-01-22 21:13:59 +0000
⏰ AppState: Scheduling update in 3118 seconds
📡 [EventsConfig] Checking server for movie_events config version...
✅ [EventsConfig] Fetched movie_events version 1579 with 405 movies
✅ [EventsConfig] Using cached movie_events config (version 1579, 405 movies)
⏰ AppState: Next schedule update set for Event End: 2026-01-22 21:13:59 +0000
⏰ AppState: Scheduling update in 3108 seconds
⏰ AppState: Next schedule update set for Event End: 2026-01-22 21:13:59 +0000
⏰ AppState: Scheduling update in 3098 seconds
📈 SocialService: User 96e01cdb-36c0-4228-a6e4-a29a3c66bc8e came online
⏰ AppState: Next schedule update set for Event End: 2026-01-22 21:13:59 +0000
⏰ AppState: Scheduling update in 3088 seconds
⏰ AppState: Next schedule update set for Event End: 2026-01-22 21:13:59 +0000
⏰ AppState: Scheduling update in 3078 seconds
⏰ AppState: Next schedule update set for Event End: 2026-01-22 21:13:59 +0000
⏰ AppState: Scheduling update in 3068 seconds
🖼️ [CACHE] Cached image data for key: https://images.metahub.space/poster/small/tt34610311/img (30787 bytes)
🖼️ [CACHE] Cached image data for key: https://images.metahub.space/poster/small/tt32820897/img (53296 bytes)
🖼️ [CACHE] Cached image data for key: https://images.metahub.space/poster/small/tt14142060/img (29910 bytes)
🖼️ [CACHE] Cached image data for key: https://images.metahub.space/poster/small/tt1757678/img (45682 bytes)
🖼️ [CACHE] Cached image data for key: https://images.metahub.space/poster/small/tt4712810/img (37396 bytes)
🗑️ Cache evicted 10 items
🖼️ [CACHE] Cached image data for key: https://images.metahub.space/poster/small/tt29780866/img (35175 bytes)
🖼️ [CACHE] Cached image data for key: https://images.metahub.space/poster/small/tt0083655/img (25109 bytes)
🖼️ [CACHE] Cached image data for key: https://images.metahub.space/poster/small/tt10799690/img (40967 bytes)
🖼️ [CACHE] Cached image data for key: https://images.metahub.space/poster/small/tt27543632/img (31446 bytes)
🖼️ [CACHE] Cached image data for key: https://images.metahub.space/poster/small/tt32642706/img (22671 bytes)
🖼️ [CACHE] Cached image data for key: https://images.metahub.space/poster/small/tt1340138/img (35384 bytes)
🖼️ [CACHE] Cached image data for key: https://images.metahub.space/poster/small/tt4425200/img (16238 bytes)
🖼️ [CACHE] Cached image data for key: https://images.metahub.space/poster/small/tt29268110/img (20494 bytes)
🖼️ [CACHE] Cached image data for key: https://images.metahub.space/poster/small/tt13186306/img (30978 bytes)
🖼️ [CACHE] Cached image data for key: https://images.metahub.space/poster/small/tt1396484/img (14825 bytes)
🗑️ Cache evicted 10 items
🖼️ [CACHE] Cached image data for key: https://m.media-amazon.com/images/M/MV5BMjFhZTcxOTktMzllMS00MzIzLWJhODEtZDU5YTFkNzRjZWQyXkEyXkFqcGc@._V1_SX250.jpg (24792 bytes)
🖼️ [CACHE] Cached image data for key: https://images.justwatch.com/poster/302318037/s332/img (43036 bytes)
🖼️ [CACHE] Cached image data for key: https://images.metahub.space/poster/small/tt13186306/img (30978 bytes)
🖼️ [CACHE] Cached image data for key: https://images.metahub.space/poster/small/tt30254719/img (39370 bytes)
🖼️ [CACHE] Cached image data for key: https://images.justwatch.com/poster/311761087/s332/img (61008 bytes)
🖼️ [CACHE] Cached image data for key: https://images.metahub.space/poster/small/tt0266915/img (29028 bytes)
🖼️ [CACHE] Cached image data for key: https://images.justwatch.com/poster/315736719/s332/img (33168 bytes)
🖼️ [CACHE] Cached image data for key: https://images.metahub.space/poster/small/tt0480687/img (34336 bytes)
🔌 RoomListView: Setting up realtime subscription for rooms...
📋 Fetching rooms from Supabase backend (offset: 0, limit: 20, search: '')...
📋 Fetching rooms from Supabase backend (offset: 0, limit: 20, search: '')...
📡 Joined channel: realtime:rooms_updates (interest count: 1)
✅ RoomListView: Connected to rooms realtime updates
[ INFO ] GET /api/metadata/meta/movie/tt6604188 [request-id: 577545AF-E1F6-4687-B8D4-C4A1949ECD80]
2026-01-22 15:22:54.067 RedLemon[28770:215326] 📦 Decoded CinemetaMeta - videos count: -1
2026-01-22 15:22:54.672 RedLemon[28770:214542] 🚪 Joining room: SPSX
2026-01-22 15:22:55.772 RedLemon[28770:214542] 🚪 Room is in lobby
2026-01-22 15:22:55.772 RedLemon[28770:214542] ✅ PlayerVM: currentWatchPartyRoom set to SPSX
2026-01-22 15:22:55.898 RedLemon[28770:214542] [LOBBY_VIEW] onAppear: shouldAutoJoinLobby=false, room=SPSX, timeUntilStart=0
💾 Cache SET: Metadata[meta_movie_tt6604188]
✅ Loaded 1 rooms (total: 1)
✅ Cache HIT: Metadata[meta_movie_tt6604188]
✅ Loaded 1 rooms (total: 1)
🖼️ [CACHE] Cached image data for key: https://images.metahub.space/background/medium/tt6604188/img (505639 bytes)
🚪 Joining room: SPSX
📡 [EventsConfig] Checking server for movie_events config version...
✅ [EventsConfig] Fetched movie_events version 1579 with 405 movies
✅ [EventsConfig] Using cached movie_events config (version 1579, 405 movies)
🎭 Lobby: Connecting to room SPSX...
🚦 Lobby State: connecting
✅ Cache HIT: Metadata[meta_movie_tt6604188]
🔄 Lobby: Fetching fresh room state from Supabase...
[ INFO ] GET /api/metadata/meta/movie/tt6604188 [request-id: B408A1C6-5AEF-4C10-97F8-D9BD29496FF8]
2026-01-22 15:22:56.016 RedLemon[28770:215139] 📝 Realtime: Registered observer 'lobby' (Presence: YES, Sync: NO, Status: NO)
2026-01-22 15:22:56.129 RedLemon[28770:215178] 📝 Realtime: Registered observer 'lobby' (Presence: NO, Sync: YES, Status: NO)
2026-01-22 15:22:56.266 RedLemon[28770:214542] ✅ Guest joined room SPSX in database
2026-01-22 15:22:56.519 RedLemon[28770:214542] ℹ️ RealtimeChannelManager: Already setup for room SPSX, filtering duplicate setup call.
2026-01-22 15:22:56.535 RedLemon[28770:215139] 📝 Realtime: Registered observer 'lobby' (Presence: NO, Sync: YES, Status: NO)
2026-01-22 15:22:56.545 RedLemon[28770:215139] 📤 Realtime: Sending message type: chat, sender: 656daa91-33b4-4688-9135-c982ea52d7c9
2026-01-22 15:22:56.546 RedLemon[28770:215139]    Payload keys: chatText, senderId, position, type, timestamp, chatUsername
2026-01-22 15:22:56.547 RedLemon[28770:215326] ✅ Realtime: Message broadcast complete
2026-01-22 15:22:56.587 RedLemon[28770:214542] 📨 Lobby: Received Room UPDATE from Realtime
2026-01-22 15:22:56.587 RedLemon[28770:214542] 📨 Lobby: Received Room UPDATE from Realtime
2026-01-22 15:22:56.598 RedLemon[28770:215139] 🔐 SupabaseClient: Signing Identity Payload: '1769113376656daa91-33b4-4688-9135-c982ea52d7c9/rpc/room_heartbeat'
2026-01-22 15:22:56.602 RedLemon[28770:215139] 🔐 Signed request to /rpc/room_heartbeat
2026-01-22 15:22:56.670 RedLemon[28770:215178] 📨 Realtime: Received broadcast message
2026-01-22 15:22:56.670 RedLemon[28770:215178]    Payload keys: timestamp, chatText, senderId, type, position, chatUsername
2026-01-22 15:22:56.671 RedLemon[28770:215178] ✅ Realtime: Decoded message type: chat, sender: 656daa91-33b4-4688-9135-c982ea52d7c9
2026-01-22 15:22:56.672 RedLemon[28770:214542] 👋 Received: Guest 'ursinho' joined room SPSX
2026-01-22 15:22:57.106 RedLemon[28770:214542] 📨 Lobby: Received Room UPDATE from Realtime
2026-01-22 15:22:58.869 RedLemon[28770:215115] 📨 Realtime: Received broadcast message
2026-01-22 15:22:58.869 RedLemon[28770:215115]    Payload keys: timestamp, type, chatText, position, chatUsername, senderId
2026-01-22 15:22:58.869 RedLemon[28770:215115] ✅ Realtime: Decoded message type: chat, sender: 96e01cdb-36c0-4228-a6e4-a29a3c66bc8e
2026-01-22 15:22:58.870 RedLemon[28770:214542] 🎬 Guest: Received RESOLVING signal
2026-01-22 15:23:02.296 RedLemon[28770:215326] 📨 Realtime: Received broadcast message
2026-01-22 15:23:02.296 RedLemon[28770:215326]    Payload keys: position, senderId, type, timestamp, chatUsername, chatText
2026-01-22 15:23:02.296 RedLemon[28770:215326] ✅ Realtime: Decoded message type: chat, sender: 96e01cdb-36c0-4228-a6e4-a29a3c66bc8e
2026-01-22 15:23:02.296 RedLemon[28770:214542] 🎬 Guest: Received PREPARE signal: LOBBY_PREPARE_PLAYBACK|11be8a8a7041d6f01a87e23ac16761d2d5fb4ab2|0
2026-01-22 15:23:02.297 RedLemon[28770:214542] ✅ Guest: Extracted Hash from Payload: 11be8a8a7041d6f01a87e23ac16761d2d5fb4ab2
2026-01-22 15:23:02.313 RedLemon[28770:215178] 🔐 Signed request to /rpc/user_heartbeat
2026-01-22 15:23:02.421 RedLemon[28770:214542] 📨 Lobby: Received Room UPDATE from Realtime
2026-01-22 15:23:02.496 RedLemon[28770:215326] ✅ StreamService: Using provided metadata: Tron: Ares
2026-01-22 15:23:02.496 RedLemon[28770:215326] ⚡️ StreamService: Resolving streams via StreamResolver (Bypassing HTTP)...
2026-01-22 15:23:02.496 RedLemon[28770:215139] 📝 [APP] 🎬 StreamService: Starting resolution for: Tron: Ares ["file": "StreamService.swift", "level": "INFO", "line": "105"]
2026-01-22 15:23:02.496 RedLemon[28770:215139] 📝 [APP] SessionRecorder initialized
2026-01-22 15:23:02.496 RedLemon[28770:215326] ⚡️ StreamResolver: Resolving streams for tt6604188 (S0E0)
2026-01-22 15:23:02.497 RedLemon[28770:215326] 📝 [APP] New Session Started ["app_version": "1.0.125", "build": "125", "session_id": "21CE95F7-4852-4B03-A261-D4C3D0E07A9B", "trigger_source": "preload", "user_id": "656DAA91-33B4-4688-9135-C982EA52D7C9"]
2026-01-22 15:23:02.497 RedLemon[28770:215326] 📝 [APP] Target Content Set ["imdb_id": "tt6604188"]
2026-01-22 15:23:02.497 RedLemon[28770:215326] 📝 [RESOLVER] Started Resolution ["episode": "0", "season": "0", "type": "movie"]
2026-01-22 15:23:02.699 RedLemon[28770:215139]    📅 Filtering by year: 2025
2026-01-22 15:23:02.833 RedLemon[28770:215115] 📝 [RESOLVER] Found Verified Stream ["hash": "11be8a8a7041d6f01a87e23ac16761d2d5fb4ab2", "vote_count": "1"]
📡 SocialService: Updated status - In Lobby: Tron: Ares: Tron: Ares
🔌 Setting up Realtime channel: watch-party:SPSX
   Role: Guest
   User ID: 656daa91-33b4-4688-9135-c982ea52d7c9
📡 Left channel: realtime:rooms_updates
📡 Connection state: connected
📡 Connection state: connecting
📡 Joined channel: realtime:watch-party:SPSX (interest count: 1)
📡 Connection state: connected
✅ Realtime channel setup complete
✅ Lobby: Loaded metadata for Tron: Ares
✅ Lobby: Connected to Realtime
✅ Lobby: Synced CLEAN stream info, metadata & playlist to AppState
📨 Unknown event: phx_close on realtime:rooms_updates
✅ Lobby: Refreshed room state. isPlaying: false
🛡️ Lobby: Ensuring local media state is fresh before auto-start check...
ℹ️ RealtimeChannelManager: Already setup for room SPSX, filtering duplicate setup call.
📡 Connection state: connected
✅ Lobby: Connected to Realtime
🚦 Lobby State: connected
🔄 Lobby: Fetching fresh room state from Supabase...
🔄 Lobby: Fetching fresh room state from Supabase...
🔄 Lobby: Starting database polling for participants and room state...
💓 Lobby: Starting heartbeat loop...
🔄 LobbyDatabase: Starting room state polling for guests...
✅ Lobby: Synced CLEAN stream info, metadata & playlist to AppState
✅ Lobby: Synced CLEAN stream info, metadata & playlist to AppState
🔄 Lobby: Fetching fresh room state from Supabase...
✅ Lobby: Synced CLEAN stream info, metadata & playlist to AppState
⏰ AppState: Next schedule update set for Event End: 2026-01-22 21:13:59 +0000
⏰ AppState: Scheduling update in 3058 seconds
🔄 Lobby: Fetching fresh room state from Supabase...
✅ Cache HIT: Metadata[meta_movie_tt6604188]
[2026-01-22T20:23:02Z] [INFO] [StreamService.swift:105] 🎬 StreamService: Starting resolution for: Tron: Ares
🎬 StreamService: Resolving movie - trusted pack filtering will be applied server-side
✅ Lobby: Synced CLEAN stream info, metadata & playlist to AppState
🛡️ StreamResolver: Loaded 7 blocked streams from blacklist
⚡️ StreamResolver: Found Community Verified stream with 1 votes!
   ℹ️ Hash: 11be8a8a7041d6f01a87e23ac16761d2d5fb4ab2
   ℹ️ Last Verified: 2026-01-14 23:18:03 +0000
🔍 Searching SubDL: tt6604188 (movie)
✅ Found 10 subtitles from SubDL (Primary)
✅ StreamResolver: Processed subtitles for 1 streams (Attached to 1)
⚡️ StreamResolver: SHORT CIRCUIT - Returning verified stream immediately.
⚡️ StreamService: Testing verified stream viability...
🔓 StreamService: Unlocking with infoHash: 11be8a8a7041...
[ INFO ] POST /api/streams/unlock [request-id: 9EF733D5-40A0-4047-A8F3-290D9F03CBBC]
2026-01-22 15:23:03.068 RedLemon[28770:215326] 🔓 Unlock request: infoHash=11be8a8a7041..., fileIdx=0
2026-01-22 15:23:03.068 RedLemon[28770:215326] ✅ Token found, attempting unlock...
2026-01-22 15:23:05.073 RedLemon[28770:215178] ✅ Unlocked successfully: Tron.Ares.2025.1080p.AMZN.WEB-DL.DDP5.1.H.264-KyoGo.mkv
2026-01-22 15:23:05.076 RedLemon[28770:215326] 📝 [RESOLVER] Stream Unlocked ["filename": "Tron.Ares.2025.1080p.AMZN.WEB-DL.DDP5.1.H.264-KyoGo.mkv", "is_generic": "false", "original_title": "Community Verified Stream (1080p)", "url_host": "chi5-4.download.real-debrid.com"]
2026-01-22 15:23:05.076 RedLemon[28770:215326] 📥 StreamService: Pre-downloading 5 (capped from 10) subtitles...
2026-01-22 15:23:05.076 RedLemon[28770:215326] 🐛 StreamService: downloadSubtitlesInParallel called. Season: nil, Episode: nil, Count: 5
2026-01-22 15:23:05.077 RedLemon[28770:215178] 🔍 DEBUG: Processing subtitle URL: /subtitle/3531425-8453249.zip
2026-01-22 15:23:05.077 RedLemon[28770:215177] 🔍 DEBUG: Processing subtitle URL: /subtitle/3527528-8449313.zip
2026-01-22 15:23:05.077 RedLemon[28770:215115] 🔍 DEBUG: Processing subtitle URL: /subtitle/3533496-8455378.zip
2026-01-22 15:23:05.077 RedLemon[28770:215326] 🔍 DEBUG: Processing subtitle URL: /subtitle/3531424-8453248.zip
2026-01-22 15:23:05.077 RedLemon[28770:215115] ✅ DEBUG: Raw SubDL URL detected, converting to proxy URL
2026-01-22 15:23:05.077 RedLemon[28770:215178] ✅ DEBUG: Raw SubDL URL detected, converting to proxy URL
2026-01-22 15:23:05.077 RedLemon[28770:215326] ✅ DEBUG: Raw SubDL URL detected, converting to proxy URL
2026-01-22 15:23:05.077 RedLemon[28770:215177] ✅ DEBUG: Raw SubDL URL detected, converting to proxy URL
2026-01-22 15:23:05.078 RedLemon[28770:215178] 🔍 DEBUG: Processing subtitle URL: /subtitle/3533512-8455394.zip
2026-01-22 15:23:05.079 RedLemon[28770:215178] ✅ DEBUG: Raw SubDL URL detected, converting to proxy URL
2026-01-22 15:23:05.081 RedLemon[28770:214542] ✅ Guest: Stream preloaded with URL: https://chi5-4.download.real-debrid.com/d/6EH6GKWKIJPBO123/Tron.Ares.2025.1080p.
2026-01-22 15:23:05.082 RedLemon[28770:214542] ✅ Guest: Stream preloaded. Sending READY signal.
2026-01-22 15:23:05.082 RedLemon[28770:215326] 📤 Realtime: Sending message type: chat, sender: 656daa91-33b4-4688-9135-c982ea52d7c9
2026-01-22 15:23:05.082 RedLemon[28770:215326]    Payload keys: senderId, chatUsername, chatText, type, timestamp, position
2026-01-22 15:23:05.086 RedLemon[28770:215326] ✅ Realtime: Message broadcast complete
2026-01-22 15:23:05.209 RedLemon[28770:215177] 📨 Realtime: Received broadcast message
2026-01-22 15:23:05.210 RedLemon[28770:215177]    Payload keys: position, senderId, chatText, timestamp, type, chatUsername
2026-01-22 15:23:05.210 RedLemon[28770:215177] ✅ Realtime: Decoded message type: chat, sender: 656daa91-33b4-4688-9135-c982ea52d7c9
2026-01-22 15:23:05.878 RedLemon[28770:215326] 📨 Realtime: Received broadcast message
2026-01-22 15:23:05.878 RedLemon[28770:215326]    Payload keys: type, chatUsername, timestamp, chatText, position, senderId
2026-01-22 15:23:05.878 RedLemon[28770:215326] ✅ Realtime: Decoded message type: chat, sender: 96e01cdb-36c0-4228-a6e4-a29a3c66bc8e
2026-01-22 15:23:05.879 RedLemon[28770:214542] 🎬 Guest: Received LOBBY_START_COUNTDOWN signal
2026-01-22 15:23:05.879 RedLemon[28770:214542] 🎬 Guest: Received LOBBY_START_COUNTDOWN signal processing
2026-01-22 15:23:06.007 RedLemon[28770:214542] ✅ Guest: Synced stream info from Host (Hash: 11be8a8a) - URL cleared for fresh unlock
2026-01-22 15:23:06.008 RedLemon[28770:214542] 🛡️ Guest: preResolvedStream cleared to force fresh RD link
2026-01-22 15:23:06.085 RedLemon[28770:214542] ⏱️ Step 3: Artificial Delay - Waiting additional 3.04s to ensure Host buffer...
2026-01-22 15:23:06.086 RedLemon[28770:214542] 🗑️ Guest: RD cache cleared for hash: 11be8a8a...
2026-01-22 15:23:06.652 RedLemon[28770:214542] 📨 Lobby: Received Room UPDATE from Realtime
2026-01-22 15:23:08.802 RedLemon[28770:215326] 📨 Realtime: Received broadcast message
2026-01-22 15:23:08.802 RedLemon[28770:215326]    Payload keys: chatUsername, type, chatText, senderId, timestamp, position
2026-01-22 15:23:08.803 RedLemon[28770:215326] ✅ Realtime: Decoded message type: chat, sender: 96e01cdb-36c0-4228-a6e4-a29a3c66bc8e
2026-01-22 15:23:08.803 RedLemon[28770:214542] 🎬 Guest: Launching player for Tron: Ares (Synced Start)
2026-01-22 15:23:09.028 RedLemon[28770:214542] 📡 Fetching metadata for tt6604188...
2026-01-22 15:23:09.192 RedLemon[28770:214542] 🎬 PlayerVM: Using Playlist Metadata: S0E0
2026-01-22 15:23:09.192 RedLemon[28770:214542] 🚀 PlayerVM: Using DIRECT UNLOCK path (Guest Optimization)
2026-01-22 15:23:09.192 RedLemon[28770:214542]    Hash: 11be8a8a7041...
2026-01-22 15:23:09.192 RedLemon[28770:214542] 🗑️ PlayerVM: RD cache cleared for direct unlock
✅ RD addMagnet: JBFMBREWGMTBI
🛡️ Lobby: Auto-Join safety delay passed (8s). Enabled for late joiners.
🎬 Movie: Found matching file for title 'Tron: Ares': /Tron.Ares.2025.1080p.AMZN.WEB-DL.DDP5.1.H.264-KyoGo.mkv
📝 RD: Selecting file ID 1 for torrent JBFMBREWGMTBI
📊 RD poll 1/2: status=downloaded, links=1
🔗 Unrestricting link: https://real-debrid.com/d/I5SWKGXHXTGSY6EC
✅ StreamService: Stream unlocked successfully!
✅ StreamService: Verified stream is VIABLE. Returning immediately.
📝 Guest: Marked session as started (Idempotency Lock): 11be8a8a
🗑️ RD cache cleared for hash: 11be8a8a7041... (1 entries)
🔄 Lobby: Fetching fresh room state from Supabase...
✅ Lobby: Synced CLEAN stream info, metadata & playlist to AppState
✅ Cache HIT: Metadata[meta_movie_tt6604188]
🔓 StreamService: Unlocking with infoHash: 11be8a8a7041...
📡 [EventsConfig] Checking server for movie_events config version...
[ INFO ] POST /api/streams/unlock [request-id: BC1F0ABE-1C91-431B-B9CE-EEFBEA177467]
2026-01-22 15:23:09.208 RedLemon[28770:215327] 🔓 Unlock request: infoHash=11be8a8a7041..., fileIdx=0
2026-01-22 15:23:09.208 RedLemon[28770:215327] ✅ Token found, attempting unlock...
2026-01-22 15:23:09.284 RedLemon[28770:214542] 🎬 Guest: Fetch took 0.207s, finished countdown loop
2026-01-22 15:23:09.451 RedLemon[28770:214542] 🎬 Guest: Countdown finished. Waiting for Host PLAYBACK_STARTED signal...
2026-01-22 15:23:10.521 RedLemon[28770:215139] ✅ Unlocked successfully: Tron.Ares.2025.1080p.AMZN.WEB-DL.DDP5.1.H.264-KyoGo.mkv
2026-01-22 15:23:10.523 RedLemon[28770:215178] 📝 [RESOLVER] Stream Unlocked ["filename": "Tron.Ares.2025.1080p.AMZN.WEB-DL.DDP5.1.H.264-KyoGo.mkv", "is_generic": "false", "original_title": "Shared Stream (Direct)", "url_host": "chi5-4.download.real-debrid.com"]
2026-01-22 15:23:10.524 RedLemon[28770:214542] ✅ PlayerVM: Direct unlock succeeded! URL: https://chi5-4.download.real-debrid.com/d/6EH6GKWKIJPBO123/T
✅ RD addMagnet: 47PAHQ3CJ7NVI
🎬 Movie: Found matching file for title 'Tron: Ares': /Tron.Ares.2025.1080p.AMZN.WEB-DL.DDP5.1.H.264-KyoGo.mkv
📝 RD: Selecting file ID 1 for torrent 47PAHQ3CJ7NVI
✅ [EventsConfig] Fetched movie_events version 1579 with 405 movies
✅ [EventsConfig] Using cached movie_events config (version 1579, 405 movies)
📊 RD poll 1/2: status=downloaded, links=1
🔗 Unrestricting link: https://real-debrid.com/d/I5SWKGXHXTGSY6EC
✅ StreamService: Stream unlocked successfully!
[ INFO ] GET /subtitles/search [request-id: 994AA721-53C9-4B0E-989D-0A9978B1CFB4]
2026-01-22 15:23:10.754 RedLemon[28770:214542] ✅ Direct Unlock: Found 10 SubDL subtitles
2026-01-22 15:23:10.755 RedLemon[28770:214542] ✅ Direct Unlock: Attached 10 SubDL subtitles to stream
2026-01-22 15:23:10.794 RedLemon[28770:215139] 📨 Realtime: Received broadcast message
2026-01-22 15:23:10.795 RedLemon[28770:215139]    Payload keys: position, isPlaying, type, timestamp, senderId
2026-01-22 15:23:10.795 RedLemon[28770:215139] ✅ Realtime: Decoded message type: playbackState, sender: 96E01CDB-36C0-4228-A6E4-A29A3C66BC8E
2026-01-22 15:23:10.835 RedLemon[28770:214542] ✅ Stream ready, starting playback...
2026-01-22 15:23:10.835 RedLemon[28770:214542] ⚠️ Received Realtime message with no chat text (Type: playbackState)
2026-01-22 15:23:10.877 RedLemon[28770:215139] 📝 Realtime: Registered observer 'player' (Presence: YES, Sync: NO, Status: NO)
2026-01-22 15:23:10.883 RedLemon[28770:215139] 📝 Realtime: Registered observer 'player' (Presence: NO, Sync: YES, Status: NO)
2026-01-22 15:23:10.884 RedLemon[28770:215178] 📝 [PLAYER] Resumed
2026-01-22 15:23:10.920 RedLemon[28770:215517] 📝 [PLAYER] Load Video (Smart) ["url": "https://chi5-4.download.real-debrid.com/d/6EH6GKWKIJPBO123/Tron.Ares.2025.1080p.AMZN.WEB-DL.DDP5.1.H.264-KyoGo.mkv"]
🔍 Searching SubDL: tt6604188 (movie)
   ℹ️ Fallback Name: Tron: Ares (2025)
✅ Found 10 subtitles from SubDL (Primary)
!!! MPVWrapper initialized - Build Version: 2026-01-19-GUEST-CACHE-BYPASS-v1 !!!
🔌 Setting up Realtime channel: watch-party:SPSX
   Role: Guest
   User ID: 656DAA91-33B4-4688-9135-C982EA52D7C9
📡 Connection state: connected
📡 Connection state: connecting
📡 Topic realtime:watch-party:SPSX already joined (interest count: 2), skipping phx_join
📡 Connection state: connected
✅ Realtime channel setup complete
✅ Cache HIT: Metadata[meta_movie_tt6604188]
[ INFO ] GET /subtitles/subdl/L3N1YnRpdGxlLzM1NDEwOTgtODQ2MzE0MS56aXA= [request-id: 187CFDB6-1841-4C51-994E-0142996AFEEF]
2026-01-22 15:23:11.177 RedLemon[28770:215327] 📝 [PLAYER] Playback State Changed ["state": "Paused"]
2026-01-22 15:23:11.177 RedLemon[28770:215327] 📝 [PLAYER] Buffering Started
📄 Subtitle request: L3N1YnRpdGxlLzM1NDEw... (offset: 0ms)
📥 Downloading subtitle from SubDL CDN: /subtitle/3541098-8463141.zip
📡 SocialService: Updated status - online: Tron: Ares
⏰ AppState: Next schedule update set for Event End: 2026-01-22 21:13:59 +0000
⏰ AppState: Scheduling update in 3048 seconds
✅ Download complete: 69274 bytes
📦 Detected ZIP archive, extracting...
🔍 Calculating compatibility scores for 2 files...
✅ Selected best match by compatibility score (5): [CoffeePrison] Tron Ares 2025 DSN+ WEB ENG.srt
📦 Extracting specific file: \[CoffeePrison\] Tron Ares 2025 DSN+ WEB ENG.srt
✅ Extraction successful
⏰ AppState: Next schedule update set for Event End: 2026-01-22 21:13:59 +0000
⏰ AppState: Scheduling update in 3048 seconds
✅ Subtitle downloaded and converted to VTT
[ INFO ] GET /subtitles/subdl/L3N1YnRpdGxlLzM1MzUyNDgtODQ1NzE0Ny56aXA= [request-id: 8C99F1C0-ABF1-4134-B5DD-B739DE4F3415]
2026-01-22 15:23:11.602 RedLemon[28770:215328] 📨 Realtime: Received broadcast message
2026-01-22 15:23:11.602 RedLemon[28770:215326] 📨 Realtime: Received broadcast message
2026-01-22 15:23:11.602 RedLemon[28770:215328]    Payload keys: senderId, position, isPlaying, timestamp, type
2026-01-22 15:23:11.602 RedLemon[28770:215326]    Payload keys: senderId, position, isPlaying, timestamp, type
2026-01-22 15:23:11.602 RedLemon[28770:215326] ✅ Realtime: Decoded message type: ready, sender: 96e01cdb-36c0-4228-a6e4-a29a3c66bc8e
2026-01-22 15:23:11.602 RedLemon[28770:215328] ✅ Realtime: Decoded message type: ready, sender: 96e01cdb-36c0-4228-a6e4-a29a3c66bc8e
2026-01-22 15:23:11.603 RedLemon[28770:214542] ⚠️ Received Realtime message with no chat text (Type: ready)
2026-01-22 15:23:11.921 RedLemon[28770:214542] 🛡️ Lobby: User 96e01cdb-36c0-4228-a6e4-a29a3c66bc8e remains online (Remaining Refs: 1)
📄 Subtitle request: L3N1YnRpdGxlLzM1MzUy... (offset: 0ms)
📥 Downloading subtitle from SubDL CDN: /subtitle/3535248-8457147.zip
✅ Download complete: 38988 bytes
📦 Detected ZIP archive, extracting...
🔍 Calculating compatibility scores for 1 files...
✅ Selected best match by compatibility score (5): Tron.Ares.2025.WEB.x264.AAC.srt
📦 Extracting specific file: Tron.Ares.2025.WEB.x264.AAC.srt
✅ Extraction successful
✅ Subtitle downloaded and converted to VTT
[ INFO ] GET /subtitles/subdl/L3N1YnRpdGxlLzM1MzE3NDItODQ1MzU4NS56aXA= [request-id: 4795DB1D-3EDD-4F63-A841-32359633C5E8]
2026-01-22 15:23:12.798 RedLemon[28770:215178] 📨 Realtime: Received broadcast message
2026-01-22 15:23:12.798 RedLemon[28770:215328] 📨 Realtime: Received broadcast message
2026-01-22 15:23:12.798 RedLemon[28770:215178]    Payload keys: isPlaying, position, type, senderId, timestamp
2026-01-22 15:23:12.798 RedLemon[28770:215328]    Payload keys: isPlaying, position, type, senderId, timestamp
2026-01-22 15:23:12.799 RedLemon[28770:215328] ✅ Realtime: Decoded message type: playbackState, sender: 96E01CDB-36C0-4228-A6E4-A29A3C66BC8E
2026-01-22 15:23:12.799 RedLemon[28770:215178] ✅ Realtime: Decoded message type: playbackState, sender: 96E01CDB-36C0-4228-A6E4-A29A3C66BC8E
2026-01-22 15:23:12.799 RedLemon[28770:214542] ⚠️ Received Realtime message with no chat text (Type: playbackState)
2026-01-22 15:23:13.173 RedLemon[28770:215178] 📝 [PLAYER] File Loaded ["duration": "7198.464"]
2026-01-22 15:23:13.607 RedLemon[28770:215177] 📨 Realtime: Received broadcast message
2026-01-22 15:23:13.608 RedLemon[28770:215177]    Payload keys: isPlaying, senderId, timestamp, position, type
2026-01-22 15:23:13.608 RedLemon[28770:215178] 📨 Realtime: Received broadcast message
2026-01-22 15:23:13.608 RedLemon[28770:215178]    Payload keys: isPlaying, senderId, timestamp, position, type
2026-01-22 15:23:13.608 RedLemon[28770:215177] ✅ Realtime: Decoded message type: ready, sender: 96e01cdb-36c0-4228-a6e4-a29a3c66bc8e
2026-01-22 15:23:13.608 RedLemon[28770:215178] ✅ Realtime: Decoded message type: ready, sender: 96e01cdb-36c0-4228-a6e4-a29a3c66bc8e
2026-01-22 15:23:13.645 RedLemon[28770:214542] [VIDEO_READY] isEvent: false, eventStartTime: nil
2026-01-22 15:23:13.648 RedLemon[28770:214542] ⚠️ Received Realtime message with no chat text (Type: ready)
2026-01-22 15:23:13.672 RedLemon[28770:215328] 📝 [PLAYER] Playback State Changed ["state": "Playing"]
2026-01-22 15:23:13.682 RedLemon[28770:215327] 📝 [PLAYER] Buffering State ["buffering": "true"]
2026-01-22 15:23:13.703 RedLemon[28770:215327] 📝 [PLAYER] Buffering Started
2026-01-22 15:23:14.078 RedLemon[28770:214542] 🛡️ Lobby: User 656daa91-33b4-4688-9135-c982ea52d7c9 remains online (Remaining Refs: 1)
2026-01-22 15:23:14.791 RedLemon[28770:215328] 📨 Realtime: Received broadcast message
2026-01-22 15:23:14.791 RedLemon[28770:215178] 📨 Realtime: Received broadcast message
2026-01-22 15:23:14.791 RedLemon[28770:215328]    Payload keys: type, timestamp, isPlaying, position, senderId
2026-01-22 15:23:14.791 RedLemon[28770:215178]    Payload keys: type, timestamp, isPlaying, position, senderId
2026-01-22 15:23:14.791 RedLemon[28770:215328] ✅ Realtime: Decoded message type: playbackState, sender: 96E01CDB-36C0-4228-A6E4-A29A3C66BC8E
2026-01-22 15:23:14.791 RedLemon[28770:215178] ✅ Realtime: Decoded message type: playbackState, sender: 96E01CDB-36C0-4228-A6E4-A29A3C66BC8E
2026-01-22 15:23:14.792 RedLemon[28770:214542] ⚠️ Received Realtime message with no chat text (Type: playbackState)
2026-01-22 15:23:15.119 RedLemon[28770:215327] 📝 [PLAYER] Buffering State ["buffering": "false"]
2026-01-22 15:23:15.599 RedLemon[28770:215327] 📨 Realtime: Received broadcast message
2026-01-22 15:23:15.599 RedLemon[28770:215518] 📨 Realtime: Received broadcast message
2026-01-22 15:23:15.599 RedLemon[28770:215327]    Payload keys: timestamp, type, position, isPlaying, senderId
2026-01-22 15:23:15.599 RedLemon[28770:215518]    Payload keys: timestamp, type, position, isPlaying, senderId
2026-01-22 15:23:15.600 RedLemon[28770:215327] ✅ Realtime: Decoded message type: ready, sender: 96e01cdb-36c0-4228-a6e4-a29a3c66bc8e
2026-01-22 15:23:15.600 RedLemon[28770:215518] ✅ Realtime: Decoded message type: ready, sender: 96e01cdb-36c0-4228-a6e4-a29a3c66bc8e
2026-01-22 15:23:15.623 RedLemon[28770:214542] ⚠️ Received Realtime message with no chat text (Type: ready)
2026-01-22 15:23:15.700 RedLemon[28770:215327] 📤 Realtime: Sending message type: ready, sender: 656daa91-33b4-4688-9135-c982ea52d7c9
2026-01-22 15:23:15.700 RedLemon[28770:215327]    Payload keys: timestamp, isPlaying, senderId, position, type
2026-01-22 15:23:15.702 RedLemon[28770:215328] ✅ Realtime: Message broadcast complete
2026-01-22 15:23:15.714 RedLemon[28770:215518] 📝 [PLAYER] Playback State Changed ["state": "Paused"]
2026-01-22 15:23:15.829 RedLemon[28770:215518] 📨 Realtime: Received broadcast message
2026-01-22 15:23:15.829 RedLemon[28770:215177] 📨 Realtime: Received broadcast message
2026-01-22 15:23:15.829 RedLemon[28770:215518]    Payload keys: isPlaying, senderId, type, position, timestamp
2026-01-22 15:23:15.829 RedLemon[28770:215177]    Payload keys: isPlaying, senderId, type, position, timestamp
2026-01-22 15:23:15.829 RedLemon[28770:215177] ✅ Realtime: Decoded message type: ready, sender: 656daa91-33b4-4688-9135-c982ea52d7c9
2026-01-22 15:23:15.829 RedLemon[28770:215518] ✅ Realtime: Decoded message type: ready, sender: 656daa91-33b4-4688-9135-c982ea52d7c9
2026-01-22 15:23:15.830 RedLemon[28770:214542] ⚠️ Received Realtime message with no chat text (Type: ready)
2026-01-22 15:23:16.795 RedLemon[28770:215177] 📨 Realtime: Received broadcast message
2026-01-22 15:23:16.795 RedLemon[28770:215178] 📨 Realtime: Received broadcast message
2026-01-22 15:23:16.795 RedLemon[28770:215177]    Payload keys: senderId, type, position, isPlaying, timestamp
2026-01-22 15:23:16.795 RedLemon[28770:215178]    Payload keys: senderId, type, position, isPlaying, timestamp
2026-01-22 15:23:16.796 RedLemon[28770:215178] ✅ Realtime: Decoded message type: playbackState, sender: 96E01CDB-36C0-4228-A6E4-A29A3C66BC8E
2026-01-22 15:23:16.796 RedLemon[28770:215177] ✅ Realtime: Decoded message type: playbackState, sender: 96E01CDB-36C0-4228-A6E4-A29A3C66BC8E
2026-01-22 15:23:16.796 RedLemon[28770:214542] ⚠️ Received Realtime message with no chat text (Type: playbackState)
2026-01-22 15:23:17.044 RedLemon[28770:215177] 📨 Realtime: Received broadcast message
2026-01-22 15:23:17.044 RedLemon[28770:215178] 📨 Realtime: Received broadcast message
2026-01-22 15:23:17.044 RedLemon[28770:215177]    Payload keys: position, timestamp, senderId, isPlaying, type
2026-01-22 15:23:17.044 RedLemon[28770:215178]    Payload keys: position, timestamp, senderId, isPlaying, type
2026-01-22 15:23:17.044 RedLemon[28770:215177] ✅ Realtime: Decoded message type: play, sender: 96e01cdb-36c0-4228-a6e4-a29a3c66bc8e
2026-01-22 15:23:17.044 RedLemon[28770:215178] ✅ Realtime: Decoded message type: play, sender: 96e01cdb-36c0-4228-a6e4-a29a3c66bc8e
2026-01-22 15:23:17.045 RedLemon[28770:214542] ⚠️ Received Realtime message with no chat text (Type: play)
2026-01-22 15:23:17.112 RedLemon[28770:215328] 📝 [PLAYER] Playback State Changed ["state": "Playing"]
2026-01-22 15:23:18.942 RedLemon[28770:215177] 📨 Realtime: Received broadcast message
2026-01-22 15:23:18.942 RedLemon[28770:215328] 📨 Realtime: Received broadcast message
2026-01-22 15:23:18.942 RedLemon[28770:215177]    Payload keys: type, position, senderId, isPlaying, timestamp
2026-01-22 15:23:18.942 RedLemon[28770:215328]    Payload keys: type, position, senderId, isPlaying, timestamp
2026-01-22 15:23:18.942 RedLemon[28770:215328] ✅ Realtime: Decoded message type: playbackState, sender: 96E01CDB-36C0-4228-A6E4-A29A3C66BC8E
2026-01-22 15:23:18.942 RedLemon[28770:215177] ✅ Realtime: Decoded message type: playbackState, sender: 96E01CDB-36C0-4228-A6E4-A29A3C66BC8E
2026-01-22 15:23:18.946 RedLemon[28770:214542] ⚠️ Received Realtime message with no chat text (Type: playbackState)
2026-01-22 15:23:19.055 RedLemon[28770:214542] 📨 Lobby: Received Room UPDATE from Realtime
2026-01-22 15:23:19.372 RedLemon[28770:214542] 📨 Lobby: Received Room UPDATE from Realtime
2026-01-22 15:23:20.842 RedLemon[28770:215177] 📨 Realtime: Received broadcast message
2026-01-22 15:23:20.842 RedLemon[28770:215518] 📨 Realtime: Received broadcast message
2026-01-22 15:23:20.842 RedLemon[28770:215177]    Payload keys: isPlaying, type, timestamp, senderId, position
2026-01-22 15:23:20.842 RedLemon[28770:215518]    Payload keys: isPlaying, type, timestamp, senderId, position
2026-01-22 15:23:20.843 RedLemon[28770:215177] ✅ Realtime: Decoded message type: playbackState, sender: 96E01CDB-36C0-4228-A6E4-A29A3C66BC8E
2026-01-22 15:23:20.843 RedLemon[28770:215518] ✅ Realtime: Decoded message type: playbackState, sender: 96E01CDB-36C0-4228-A6E4-A29A3C66BC8E
2026-01-22 15:23:20.862 RedLemon[28770:214542] ⚠️ Received Realtime message with no chat text (Type: playbackState)
2026-01-22 15:23:20.946 RedLemon[28770:215178] 🔐 SupabaseClient: Signing Identity Payload: '1769113400656daa91-33b4-4688-9135-c982ea52d7c9/rpc/room_heartbeat'
2026-01-22 15:23:20.948 RedLemon[28770:215178] 🔐 Signed request to /rpc/room_heartbeat
2026-01-22 15:23:21.363 RedLemon[28770:214542] 📨 Lobby: Received Room UPDATE from Realtime
2026-01-22 15:23:22.831 RedLemon[28770:215177] 📨 Realtime: Received broadcast message
2026-01-22 15:23:22.831 RedLemon[28770:215328] 📨 Realtime: Received broadcast message
2026-01-22 15:23:22.831 RedLemon[28770:215177]    Payload keys: position, type, isPlaying, timestamp, senderId
2026-01-22 15:23:22.831 RedLemon[28770:215328]    Payload keys: position, type, isPlaying, timestamp, senderId
2026-01-22 15:23:22.831 RedLemon[28770:215177] ✅ Realtime: Decoded message type: playbackState, sender: 96E01CDB-36C0-4228-A6E4-A29A3C66BC8E
2026-01-22 15:23:22.831 RedLemon[28770:215328] ✅ Realtime: Decoded message type: playbackState, sender: 96E01CDB-36C0-4228-A6E4-A29A3C66BC8E
2026-01-22 15:23:22.865 RedLemon[28770:214542] ⚠️ Received Realtime message with no chat text (Type: playbackState)
2026-01-22 15:23:23.177 RedLemon[28770:215178] 📝 [PLAYER] Playback State Changed ["state": "Paused"]
2026-01-22 15:23:23.414 RedLemon[28770:214542] ⚠️ PlayerVM: currentWatchPartyRoom set to NIL. Stack Trace unavailable, but check recent logs.
2026-01-22 15:23:24.479 RedLemon[28770:215139] 📝 Realtime: Unregistered observer 'player'
2026-01-22 15:23:24.493 RedLemon[28770:214542] 📨 Lobby: Received Room UPDATE from Realtime
2026-01-22 15:23:24.585 RedLemon[28770:214542] 📨 Lobby: Received Room UPDATE from Realtime
2026-01-22 15:23:24.843 RedLemon[28770:215177] 📨 Realtime: Received broadcast message
2026-01-22 15:23:24.843 RedLemon[28770:215177]    Payload keys: type, isPlaying, senderId, timestamp, position
2026-01-22 15:23:24.844 RedLemon[28770:215177] ✅ Realtime: Decoded message type: playbackState, sender: 96E01CDB-36C0-4228-A6E4-A29A3C66BC8E
2026-01-22 15:23:24.844 RedLemon[28770:214542] ⚠️ Received Realtime message with no chat text (Type: playbackState)
2026-01-22 15:23:26.926 RedLemon[28770:215518] 📨 Realtime: Received broadcast message
2026-01-22 15:23:26.926 RedLemon[28770:215518]    Payload keys: isPlaying, senderId, type, position, timestamp
2026-01-22 15:23:26.927 RedLemon[28770:215518] ✅ Realtime: Decoded message type: playbackState, sender: 96E01CDB-36C0-4228-A6E4-A29A3C66BC8E
2026-01-22 15:23:26.927 RedLemon[28770:214542] ⚠️ Received Realtime message with no chat text (Type: playbackState)
2026-01-22 15:23:28.230 RedLemon[28770:215178] 🔐 Signed request to /rpc/user_heartbeat
2026-01-22 15:23:28.872 RedLemon[28770:215518] 📨 Realtime: Received broadcast message
2026-01-22 15:23:28.872 RedLemon[28770:215518]    Payload keys: timestamp, isPlaying, type, position, senderId
2026-01-22 15:23:28.872 RedLemon[28770:215518] ✅ Realtime: Decoded message type: playbackState, sender: 96E01CDB-36C0-4228-A6E4-A29A3C66BC8E
2026-01-22 15:23:28.873 RedLemon[28770:214542] ⚠️ Received Realtime message with no chat text (Type: playbackState)
2026-01-22 15:23:29.069 RedLemon[28770:214542] 📨 Lobby: Received Room UPDATE from Realtime
2026-01-22 15:23:30.806 RedLemon[28770:215178] 📨 Realtime: Received broadcast message
2026-01-22 15:23:30.806 RedLemon[28770:215178]    Payload keys: isPlaying, position, type, senderId, timestamp
2026-01-22 15:23:30.806 RedLemon[28770:215178] ✅ Realtime: Decoded message type: playbackState, sender: 96E01CDB-36C0-4228-A6E4-A29A3C66BC8E
2026-01-22 15:23:30.807 RedLemon[28770:214542] ⚠️ Received Realtime message with no chat text (Type: playbackState)
2026-01-22 15:23:36.709 RedLemon[28770:214542] 🚪 Joining room: SPSX
2026-01-22 15:23:37.932 RedLemon[28770:214542] 🎬 Room is playing (or Live Event) - joining playback
2026-01-22 15:23:37.932 RedLemon[28770:214542] ✅ PlayerVM: currentWatchPartyRoom set to SPSX
2026-01-22 15:23:38.213 RedLemon[28770:214542] 📡 Fetching metadata for tt6604188...
2026-01-22 15:23:38.271 RedLemon[28770:214542] 🎬 PlayerVM: Using Playlist Metadata: S0E0
2026-01-22 15:23:38.279 RedLemon[28770:215519] ✅ StreamService: Using provided metadata: Tron: Ares
2026-01-22 15:23:38.279 RedLemon[28770:215519] ⚡️ StreamService: Resolving streams via StreamResolver (Bypassing HTTP)...
2026-01-22 15:23:38.279 RedLemon[28770:215518] 📝 [APP] 🎬 StreamService: Starting resolution for: Tron: Ares ["file": "StreamService.swift", "level": "INFO", "line": "105"]
2026-01-22 15:23:38.279 RedLemon[28770:215519] ⚡️ StreamResolver: Resolving streams for tt6604188 (S0E0)
2026-01-22 15:23:38.279 RedLemon[28770:215519] 📝 [APP] New Session Started ["app_version": "1.0.125", "build": "125", "session_id": "C2B3FDE8-AA8B-4254-9136-3329FA0E6A3F", "trigger_source": "manual", "user_id": "656DAA91-33B4-4688-9135-C982EA52D7C9"]
2026-01-22 15:23:38.280 RedLemon[28770:215519] 📝 [APP] Target Content Set ["imdb_id": "tt6604188"]
2026-01-22 15:23:38.281 RedLemon[28770:215519] 📝 [RESOLVER] Started Resolution ["episode": "0", "season": "0", "type": "movie"]
2026-01-22 15:23:38.415 RedLemon[28770:215139]    📅 Filtering by year: 2025
2026-01-22 15:23:38.545 RedLemon[28770:215139] 📝 [RESOLVER] Found Verified Stream ["hash": "11be8a8a7041d6f01a87e23ac16761d2d5fb4ab2", "vote_count": "1"]
📄 Subtitle request: L3N1YnRpdGxlLzM1MzE3... (offset: 0ms)
📥 Downloading subtitle from SubDL CDN: /subtitle/3531742-8453585.zip
✅ Download complete: 31731 bytes
📦 Detected ZIP archive, extracting...
🔍 Calculating compatibility scores for 1 files...
✅ Selected best match by compatibility score (5): Tron Ares (2025) eng.srt
📦 Extracting specific file: Tron Ares (2025) eng.srt
✅ Extraction successful
✅ Subtitle downloaded and converted to VTT
🔄 Lobby: Fetching fresh room state from Supabase...
✅ Lobby: Synced CLEAN stream info, metadata & playlist to AppState
🔄 Lobby: Fetching fresh room state from Supabase...
✅ Lobby: Synced CLEAN stream info, metadata & playlist to AppState
🔄 Lobby: Fetching fresh room state from Supabase...
⏰ AppState: Next schedule update set for Event End: 2026-01-22 21:13:59 +0000
⏰ AppState: Scheduling update in 3038 seconds
✅ Lobby: Synced CLEAN stream info, metadata & playlist to AppState
📋 Fetching rooms from Supabase backend (offset: 0, limit: 20, search: '')...
🔌 RoomListView: Setting up realtime subscription for rooms...
📋 Fetching rooms from Supabase backend (offset: 0, limit: 20, search: '')...
📡 Joined channel: realtime:rooms_updates (interest count: 1)
✅ RoomListView: Connected to rooms realtime updates
DEBUG: MPVPlayerViewModel.cleanup called - forcing cleanup. Reason: VIEW_DISAPPEAR
📡 SocialService: Updated status - Browsing: 
🧹 Cleaning up Realtime channel for room: SPSX
🔄 Untracking presence on realtime:watch-party:SPSX...
📡 Topic realtime:watch-party:SPSX presence still tracked by other managers (count: 1), skipping phx_leave for presence
✅ Presence untracked
🔄 Leaving channel realtime:watch-party:SPSX...
📡 Topic realtime:watch-party:SPSX still in use by other managers (interest count: 1), skipping phx_leave
✅ Channel left
✅ Cache HIT: Metadata[meta_movie_tt6604188]
✅ Loaded 1 rooms (total: 1)
✅ Cache HIT: Metadata[meta_movie_tt6604188]
✅ Loaded 1 rooms (total: 1)
ℹ️ Keeping WebSocket connected (disconnectClient=false)
📡 Connection state: disconnected
✅ Realtime channel cleanup complete
♻️ RealtimeChannelManager deinitialized
🔄 Lobby: Fetching fresh room state from Supabase...
🔄 Lobby: Fetching fresh room state from Supabase...
🔄 Lobby: Fetching fresh room state from Supabase...
⏰ AppState: Next schedule update set for Event End: 2026-01-22 21:13:59 +0000
⏰ AppState: Scheduling update in 3028 seconds
☠️ LobbyViewModel deinit
🧹 LobbyViewModel: Triggering detached cleanup task...
🧹 Cleaning up Realtime channel for room: SPSX
🔄 Untracking presence on realtime:watch-party:SPSX...
✅ Presence untracked
🔄 Leaving channel realtime:watch-party:SPSX...
📡 Left channel: realtime:watch-party:SPSX
✅ Channel left
📨 Unknown event: phx_close on realtime:watch-party:SPSX
ℹ️ Keeping WebSocket connected (disconnectClient=false)
📡 Connection state: disconnected
✅ Realtime channel cleanup complete
♻️ RealtimeChannelManager deinitialized
🚪 Joining room: SPSX
📡 [EventsConfig] Checking server for movie_events config version...
✅ [EventsConfig] Fetched movie_events version 1579 with 405 movies
✅ [EventsConfig] Using cached movie_events config (version 1579, 405 movies)
✅ Cache HIT: Metadata[meta_movie_tt6604188]
✅ Cache HIT: Metadata[meta_movie_tt6604188]
[2026-01-22T20:23:38Z] [INFO] [StreamService.swift:105] 🎬 StreamService: Starting resolution for: Tron: Ares
🎬 StreamService: Resolving movie - trusted pack filtering will be applied server-side
📡 Left channel: realtime:rooms_updates
📨 Unknown event: phx_close on realtime:rooms_updates
🛡️ StreamResolver: Loaded 7 blocked streams from blacklist
⚡️ StreamResolver: Found Community Verified stream with 1 votes!
   ℹ️ Hash: 11be8a8a7041d6f01a87e23ac16761d2d5fb4ab2
   ℹ️ Last Verified: 2026-01-14 23:18:03 +0000
🔍 Searching SubDL: tt6604188 (movie)
✅ Found 10 subtitles from SubDL (Primary)
✅ StreamResolver: Processed subtitles for 1 streams (Attached to 1)
⚡️ StreamResolver: SHORT CIRCUIT - Returning verified stream immediately.
⚡️ StreamService: Testing verified stream viability...
🔓 StreamService: Unlocking with infoHash: 11be8a8a7041...
[ INFO ] POST /api/streams/unlock [request-id: F639CF04-46BC-41B9-9FCD-10FDD6929265]
2026-01-22 15:23:38.771 RedLemon[28770:215518] 🔓 Unlock request: infoHash=11be8a8a7041..., fileIdx=0
2026-01-22 15:23:38.771 RedLemon[28770:215518] ✅ Token found, attempting unlock...
2026-01-22 15:23:38.772 RedLemon[28770:215518] ✅ Unlocked successfully: Tron.Ares.2025.1080p.AMZN.WEB-DL.DDP5.1.H.264-KyoGo.mkv
2026-01-22 15:23:38.774 RedLemon[28770:215519] 📝 [RESOLVER] Stream Unlocked ["filename": "Tron.Ares.2025.1080p.AMZN.WEB-DL.DDP5.1.H.264-KyoGo.mkv", "is_generic": "false", "original_title": "Community Verified Stream (1080p)", "url_host": "chi5-4.download.real-debrid.com"]
2026-01-22 15:23:38.774 RedLemon[28770:215519] 📥 StreamService: Pre-downloading 5 (capped from 10) subtitles...
2026-01-22 15:23:38.774 RedLemon[28770:215519] 🐛 StreamService: downloadSubtitlesInParallel called. Season: nil, Episode: nil, Count: 5
2026-01-22 15:23:38.774 RedLemon[28770:215519] 🔍 DEBUG: Processing subtitle URL: /subtitle/3531424-8453248.zip
2026-01-22 15:23:38.774 RedLemon[28770:215767] 🔍 DEBUG: Processing subtitle URL: /subtitle/3527528-8449313.zip
2026-01-22 15:23:38.774 RedLemon[28770:215518] 🔍 DEBUG: Processing subtitle URL: /subtitle/3531425-8453249.zip
2026-01-22 15:23:38.774 RedLemon[28770:215328] 🔍 DEBUG: Processing subtitle URL: /subtitle/3533496-8455378.zip
2026-01-22 15:23:38.774 RedLemon[28770:215519] ✅ DEBUG: Raw SubDL URL detected, converting to proxy URL
2026-01-22 15:23:38.774 RedLemon[28770:215767] ✅ DEBUG: Raw SubDL URL detected, converting to proxy URL
2026-01-22 15:23:38.774 RedLemon[28770:215518] ✅ DEBUG: Raw SubDL URL detected, converting to proxy URL
2026-01-22 15:23:38.774 RedLemon[28770:215328] ✅ DEBUG: Raw SubDL URL detected, converting to proxy URL
2026-01-22 15:23:38.774 RedLemon[28770:215518] 🔍 DEBUG: Processing subtitle URL: /subtitle/3533512-8455394.zip
2026-01-22 15:23:38.774 RedLemon[28770:215518] ✅ DEBUG: Raw SubDL URL detected, converting to proxy URL
2026-01-22 15:23:38.826 RedLemon[28770:214542] ✅ Stream ready, starting playback...
2026-01-22 15:23:38.840 RedLemon[28770:215328] 📝 Realtime: Registered observer 'player' (Presence: YES, Sync: NO, Status: NO)
2026-01-22 15:23:38.847 RedLemon[28770:215767] 📝 [PLAYER] Resumed
2026-01-22 15:23:38.849 RedLemon[28770:215519] 📝 Realtime: Registered observer 'player' (Presence: NO, Sync: YES, Status: NO)
2026-01-22 15:23:38.887 RedLemon[28770:215139] 📝 [PLAYER] Load Video (Smart) ["url": "https://chi5-4.download.real-debrid.com/d/6EH6GKWKIJPBO123/Tron.Ares.2025.1080p.AMZN.WEB-DL.DDP5.1.H.264-KyoGo.mkv"]
✅ RD cache hit: 11be8a8a7041
✅ StreamService: Stream unlocked successfully!
✅ StreamService: Verified stream is VIABLE. Returning immediately.
!!! MPVWrapper initialized - Build Version: 2026-01-19-GUEST-CACHE-BYPASS-v1 !!!
🔌 Setting up Realtime channel: watch-party:SPSX
   Role: Guest
   User ID: 656DAA91-33B4-4688-9135-C982EA52D7C9
📡 Connection state: connected
📡 Connection state: connecting
📡 Joined channel: realtime:watch-party:SPSX (interest count: 1)
📡 Connection state: connected
✅ Realtime channel setup complete
✅ Cache HIT: Metadata[meta_movie_tt6604188]
[ INFO ] GET /subtitles/subdl/L3N1YnRpdGxlLzM1Mjc1MjgtODQ0OTMxMy56aXA= [request-id: 8CA6103F-3D3F-4E35-8562-072055F41540]
2026-01-22 15:23:39.077 RedLemon[28770:215519] 📝 [PLAYER] Playback State Changed ["state": "Paused"]
2026-01-22 15:23:39.077 RedLemon[28770:215519] 📝 [PLAYER] Buffering Started
📄 Subtitle request: L3N1YnRpdGxlLzM1Mjc1... (offset: 0ms)
📥 Downloading subtitle from SubDL CDN: /subtitle/3527528-8449313.zip
📡 SocialService: Updated status - online: Tron: Ares
⏰ AppState: Next schedule update set for Event End: 2026-01-22 21:13:59 +0000
⏰ AppState: Scheduling update in 3020 seconds
✅ Download complete: 33454 bytes
📦 Detected ZIP archive, extracting...
🔍 Calculating compatibility scores for 1 files...
✅ Selected best match by compatibility score (620): Tron.Ares.2025.1080p.MA.WEB-DL.DDP5.1.Atmos.H.264.srt
📦 Extracting specific file: Tron.Ares.2025.1080p.MA.WEB-DL.DDP5.1.Atmos.H.264.srt
✅ Extraction successful
✅ Subtitle downloaded and converted to VTT
[ INFO ] GET /subtitles/subdl/L3N1YnRpdGxlLzM1MzE0MjUtODQ1MzI0OS56aXA= [request-id: 7F0D0615-3032-4D2B-82FB-60222D584FD6]
📄 Subtitle request: L3N1YnRpdGxlLzM1MzE0... (offset: 0ms)
📥 Downloading subtitle from SubDL CDN: /subtitle/3531425-8453249.zip
✅ Download complete: 37382 bytes
📦 Detected ZIP archive, extracting...
🔍 Calculating compatibility scores for 1 files...
✅ Selected best match by compatibility score (620): Tron.Ares.2025.1080p.AMZN.WEB-DL.DDP5.1.Atmos.H.264-BYNDR_track4_[eng].SDH.srt
📦 Extracting specific file: Tron.Ares.2025.1080p.AMZN.WEB-DL.DDP5.1.Atmos.H.264-BYNDR_track4_\[eng\].SDH.srt
✅ Extraction successful
✅ Subtitle downloaded and converted to VTT
[ INFO ] GET /subtitles/subdl/L3N1YnRpdGxlLzM1MzM0OTYtODQ1NTM3OC56aXA= [request-id: CE1917FC-B9A9-473F-8DFD-D4B94803ECB5]
2026-01-22 15:23:40.846 RedLemon[28770:215765] 📨 Realtime: Received broadcast message
2026-01-22 15:23:40.846 RedLemon[28770:215765]    Payload keys: position, type, timestamp, isPlaying, senderId
2026-01-22 15:23:40.848 RedLemon[28770:215765] ✅ Realtime: Decoded message type: playbackState, sender: 96E01CDB-36C0-4228-A6E4-A29A3C66BC8E
2026-01-22 15:23:40.877 RedLemon[28770:215328] 📝 [PLAYER] File Loaded ["duration": "7198.464"]
2026-01-22 15:23:41.233 RedLemon[28770:214542] [VIDEO_READY] isEvent: false, eventStartTime: nil
2026-01-22 15:23:41.271 RedLemon[28770:215328] 📝 [PLAYER] Playback State Changed ["state": "Playing"]
2026-01-22 15:23:41.310 RedLemon[28770:215328] 📝 [PLAYER] Playback State Changed ["state": "Paused"]
2026-01-22 15:23:42.252 RedLemon[28770:215765] 📝 [PLAYER] Playback State Changed ["state": "Playing"]
2026-01-22 15:23:42.842 RedLemon[28770:215765] 📨 Realtime: Received broadcast message
2026-01-22 15:23:42.842 RedLemon[28770:215765]    Payload keys: position, timestamp, isPlaying, type, senderId
2026-01-22 15:23:42.842 RedLemon[28770:215765] ✅ Realtime: Decoded message type: playbackState, sender: 96E01CDB-36C0-4228-A6E4-A29A3C66BC8E
2026-01-22 15:23:43.239 RedLemon[28770:215767] 📤 Realtime: Sending message type: ready, sender: 656daa91-33b4-4688-9135-c982ea52d7c9
2026-01-22 15:23:43.240 RedLemon[28770:215767]    Payload keys: position, type, timestamp, senderId, isPlaying
2026-01-22 15:23:43.241 RedLemon[28770:215328] ✅ Realtime: Message broadcast complete
2026-01-22 15:23:43.252 RedLemon[28770:215518] 📝 [PLAYER] Playback State Changed ["state": "Paused"]
2026-01-22 15:23:43.368 RedLemon[28770:215765] 📨 Realtime: Received broadcast message
2026-01-22 15:23:43.368 RedLemon[28770:215765]    Payload keys: type, isPlaying, timestamp, senderId, position
2026-01-22 15:23:43.369 RedLemon[28770:215765] ✅ Realtime: Decoded message type: ready, sender: 656daa91-33b4-4688-9135-c982ea52d7c9
2026-01-22 15:23:44.611 RedLemon[28770:215518] 📨 Realtime: Received broadcast message
2026-01-22 15:23:44.611 RedLemon[28770:215518]    Payload keys: type, position, timestamp, isPlaying, senderId
2026-01-22 15:23:44.612 RedLemon[28770:215518] ✅ Realtime: Decoded message type: play, sender: 96e01cdb-36c0-4228-a6e4-a29a3c66bc8e
2026-01-22 15:23:44.659 RedLemon[28770:215765] 📝 [PLAYER] Playback State Changed ["state": "Playing"]
2026-01-22 15:23:44.925 RedLemon[28770:215328] 📨 Realtime: Received broadcast message
2026-01-22 15:23:44.925 RedLemon[28770:215328]    Payload keys: senderId, type, isPlaying, position, timestamp
2026-01-22 15:23:44.925 RedLemon[28770:215328] ✅ Realtime: Decoded message type: playbackState, sender: 96E01CDB-36C0-4228-A6E4-A29A3C66BC8E
2026-01-22 15:23:46.853 RedLemon[28770:215519] 📨 Realtime: Received broadcast message
2026-01-22 15:23:46.853 RedLemon[28770:215519]    Payload keys: position, isPlaying, type, timestamp, senderId
2026-01-22 15:23:46.854 RedLemon[28770:215519] ✅ Realtime: Decoded message type: playbackState, sender: 96E01CDB-36C0-4228-A6E4-A29A3C66BC8E
2026-01-22 15:23:48.914 RedLemon[28770:215767] 🔐 SupabaseClient: Signing Identity Payload: '1769113428656daa91-33b4-4688-9135-c982ea52d7c9/rpc/room_heartbeat'
2026-01-22 15:23:48.915 RedLemon[28770:215767] 🔐 Signed request to /rpc/room_heartbeat
2026-01-22 15:23:49.036 RedLemon[28770:215767] 📨 Realtime: Received broadcast message
2026-01-22 15:23:49.036 RedLemon[28770:215767]    Payload keys: timestamp, type, isPlaying, position, senderId
2026-01-22 15:23:49.036 RedLemon[28770:215767] ✅ Realtime: Decoded message type: returnToLobby, sender: 96e01cdb-36c0-4228-a6e4-a29a3c66bc8e
2026-01-22 15:23:49.139 RedLemon[28770:215518] 📝 [PLAYER] Playback State Changed ["state": "Paused"]
2026-01-22 15:23:50.171 RedLemon[28770:215519] 📨 Realtime: Received broadcast message
2026-01-22 15:23:50.171 RedLemon[28770:215519]    Payload keys: timestamp, senderId, isPlaying, chatText, position, chatUsername, type
2026-01-22 15:23:50.171 RedLemon[28770:215519] ✅ Realtime: Decoded message type: returnToLobby, sender: 96e01cdb-36c0-4228-a6e4-a29a3c66bc8e
2026-01-22 15:23:50.221 RedLemon[28770:215518] 📝 Realtime: Unregistered observer 'player'
2026-01-22 15:23:50.445 RedLemon[28770:214542] [LOBBY_VIEW] onAppear: shouldAutoJoinLobby=false, room=SPSX, timeUntilStart=0
📄 Subtitle request: L3N1YnRpdGxlLzM1MzM0... (offset: 0ms)
📥 Downloading subtitle from SubDL CDN: /subtitle/3533496-8455378.zip
✅ Download complete: 73140 bytes
📦 Detected ZIP archive, extracting...
🔍 Calculating compatibility scores for 2 files...
⚠️ No strong compatibility match (Best: 0 for Tron.Ares.2025.1080p.WEBRip.x264.AAC5.1-[YTS.LT].ass)
⚠️ No specific match found, using first file: Tron.Ares.2025.1080p.WEBRip.x264.AAC5.1-[YTS.LT].ass
📦 Extracting specific file: Tron.Ares.2025.1080p.WEBRip.x264.AAC5.1-\[YTS.LT\].ass
✅ Extraction successful
✅ Detected ASS subtitle format - returning raw content
⏰ AppState: Next schedule update set for Event End: 2026-01-22 21:13:59 +0000
⏰ AppState: Scheduling update in 3018 seconds
DEBUG: MPVPlayerViewModel.cleanup called - forcing cleanup. Reason: RETURN_TO_LOBBY_SIGNAL
🔔 Lobby: Displaying pending message: Host returned the group to the lobby.
🔄 Lobby: Returning from playback - resetting connection status
🎭 Lobby: Connecting to room SPSX...
🚦 Lobby State: connecting
🔄 Lobby: Fetching fresh room state from Supabase...
🔄 Lobby: Fetching fresh room state from Supabase...
[ INFO ] GET /api/metadata/meta/movie/tt6604188 [request-id: 5CB2F2C6-D78E-4237-B5D8-AD21959C6F83]
[ INFO ] GET /api/metadata/meta/movie/tt6604188 [request-id: 6FACF411-27C5-46A0-A868-60B43CDF88FB]
2026-01-22 15:23:50.625 RedLemon[28770:214542] [LOBBY_VIEW] onAppear: shouldAutoJoinLobby=false, room=SPSX, timeUntilStart=0
2026-01-22 15:23:50.731 RedLemon[28770:215519] 📝 Realtime: Registered observer 'lobby' (Presence: YES, Sync: NO, Status: NO)
2026-01-22 15:23:50.731 RedLemon[28770:215518] 📝 Realtime: Registered observer 'lobby' (Presence: YES, Sync: NO, Status: NO)
2026-01-22 15:23:50.821 RedLemon[28770:215518] ❌ [15:23:50.821] [NETWORK] [SupabaseClient.swift:364] Supabase API Error: new row violates row-level security policy (USING expression) for table "room_participants"
2026-01-22 15:23:50.884 RedLemon[28770:214542] ❌ Lobby: Failed to connect - userMessage("new row violates row-level security policy (USING expression) for table \"room_participants\"")
2026-01-22 15:23:50.885 RedLemon[28770:214542]    Guest could not join room in database
2026-01-22 15:23:51.147 RedLemon[28770:215767] 📝 Realtime: Registered observer 'lobby' (Presence: NO, Sync: YES, Status: NO)
2026-01-22 15:23:51.147 RedLemon[28770:215519] 📝 Realtime: Registered observer 'lobby' (Presence: NO, Sync: YES, Status: NO)
2026-01-22 15:23:51.170 RedLemon[28770:215517] 🔐 SupabaseClient: Signing Identity Payload: '1769113431656daa91-33b4-4688-9135-c982ea52d7c9/rpc/room_heartbeat'
2026-01-22 15:23:51.171 RedLemon[28770:215517] 🔐 Signed request to /rpc/room_heartbeat
2026-01-22 15:23:53.615 RedLemon[28770:215517] 🔐 Signed request to /rpc/user_heartbeat
2026-01-22 15:23:54.254 RedLemon[28770:214542] 🛡️ Lobby: User 656daa91-33b4-4688-9135-c982ea52d7c9 remains online (Remaining Refs: 1)
2026-01-22 15:23:54.254 RedLemon[28770:214542] 🛡️ Lobby: User 656daa91-33b4-4688-9135-c982ea52d7c9 remains online (Remaining Refs: 1)
⚠️ Lobby: Connection already in progress - skipping duplicate connect call
📡 SocialService: Updated status - In Lobby: Tron: Ares: Tron: Ares
♻️ Lobby: Room stopped playing. Resetting auto-start session ID.
✅ Lobby: Synced CLEAN stream info, metadata & playlist to AppState
📡 SocialService: Updated status - In Lobby: Tron: Ares: Tron: Ares
✅ Lobby: Loaded metadata for Tron: Ares
✅ Lobby: Loaded metadata for Tron: Ares
🔌 Setting up Realtime channel: watch-party:SPSX
   Role: Guest
   User ID: cb9462ec-8064-40e8-80e8-504eecf5db8e
🔌 Setting up Realtime channel: watch-party:SPSX
   Role: Guest
   User ID: 656daa91-33b4-4688-9135-c982ea52d7c9
📡 Connection state: connected
📡 Connection state: connected
🚦 Lobby State: error("new row violates row-level security policy (USING expression) for table \"room_participants\"")
📡 Connection state: connecting
📡 Connection state: connecting
📡 Topic realtime:watch-party:SPSX already joined (interest count: 2), skipping phx_join
📡 Topic realtime:watch-party:SPSX already joined (interest count: 3), skipping phx_join
✅ Lobby: Synced CLEAN stream info, metadata & playlist to AppState
📡 Connection state: connected
✅ Realtime channel setup complete
📡 Connection state: connected
✅ Realtime channel setup complete
🔄 Lobby: Starting database polling for participants and room state...
💓 Lobby: Starting heartbeat loop...
🔄 LobbyDatabase: Starting room state polling for guests...
✅ Lobby: Connected to Realtime
✅ Lobby: Connected to Realtime
⏰ AppState: Next schedule update set for Event End: 2026-01-22 21:13:59 +0000
⏰ AppState: Scheduling update in 3007 seconds
🛡️ Lobby: Auto-Join safety delay passed (8s). Enabled for late joiners.
🛡️ Lobby: Auto-Join safety delay passed (8s). Enabled for late joiners.
⏰ AppState: Next schedule update set for Event End: 2026-01-22 21:13:59 +0000
⏰ AppState: Scheduling update in 2998 seconds
📡 [EventsConfig] Checking server for movie_events config version...
✅ [EventsConfig] Fetched movie_events version 1579 with 405 movies
✅ [EventsConfig] Using cached movie_events config (version 1579, 405 movies)
⏰ AppState: Next schedule update set for Event End: 2026-01-22 21:13:59 +0000
⏰ AppState: Scheduling update in 2988 seconds
