2026-01-27 15:56:03.321 RedLemon[39042:208055] 🪟 Set initial window to expanded size: (0.0, 150.0, 1366.0, 593.0)
2026-01-27 15:56:03.321 RedLemon[39042:208055] ✅ Cache cleanup timer started (runs every 30 minutes)
2026-01-27 15:56:03.482 RedLemon[39042:208055] 🔄 Resetting playback state to prevent auto-selection...
2026-01-27 15:56:03.485 RedLemon[39042:208055] ⚠️ PlayerVM: currentWatchPartyRoom set to NIL. Stack Trace unavailable, but check recent logs.
2026-01-27 15:56:03.525 RedLemon[39042:208055] ✅ Playback state reset complete - starting in browse view
2026-01-27 15:56:03.525 RedLemon[39042:208055] 🔐 APP STARTUP: Loading stored user credentials...
2026-01-27 15:56:03.525 RedLemon[39042:208055] 🧪 Testing Profile: debug
2026-01-27 15:56:03.532 RedLemon[39042:208141] 📂 Loaded 5 credential(s) from cache
2026-01-27 15:56:03.568 RedLemon[39042:208055] ✅ Keychain: Found stored username: witheredrose
2026-01-27 15:56:03.568 RedLemon[39042:208055] 🔍 Supabase: Looking up user 'witheredrose' in database...
2026-01-27 15:56:03.568 RedLemon[39042:208138] 🔍 SupabaseClient: Looking up user by username 'witheredrose'
2026-01-27 15:56:03.894 RedLemon[39042:208138] 📡 SupabaseClient: User lookup response received (438 bytes)
2026-01-27 15:56:03.919 RedLemon[39042:208138] ✅ SupabaseClient: Decoded 1 users from response
2026-01-27 15:56:03.919 RedLemon[39042:208138] 👤 SupabaseClient: Found user - witheredrose (ID: 4AEF4E1B-BA8E-4D31-8736-BCA3B94F402B)
2026-01-27 15:56:03.966 RedLemon[39042:208055] ✅ AUTH SUCCESS: User authenticated - witheredrose (ID: 4AEF4E1B-BA8E-4D31-8736-BCA3B94F402B)
2026-01-27 15:56:03.966 RedLemon[39042:208055] 🎯 AppState: currentUsername=witheredrose, currentUserId=4AEF4E1B-BA8E-4D31-8736-BCA3B94F402B
2026-01-27 15:56:05.040 RedLemon[39042:208055] 🏁 AUTH COMPLETE: Final state - username=witheredrose, userId=4AEF4E1B-BA8E-4D31-8736-BCA3B94F402B
2026-01-27 15:56:05.043 RedLemon[39042:208156] 🔐 Signed request to /rpc/fetch_user_library
2026-01-27 15:56:05.043 RedLemon[39042:208141] 🔐 Signed request to /rpc/fetch_user_library
2026-01-27 15:56:05.180 RedLemon[39042:208199] 🔐 Signed request to /rpc/fetch_user_watch_history
2026-01-27 15:56:05.321 RedLemon[39042:208055] 🚀 RedLemon: Starting HTTP server...
2026-01-27 15:56:05.321 RedLemon[39042:208055] 📋 RedLemon: Current directory: /Users/danielnoble/Desktop/Redlemon
2026-01-27 15:56:05.344 RedLemon[39042:208055] ✅ RedLemon: HTTPServer instance created
2026-01-27 15:56:05.345 RedLemon[39042:208055] ✅ RedLemon: Server marked as ready (Optimistic)
2026-01-27 15:56:05.345 RedLemon[39042:208199] 📡 RedLemon: Server starting on port 47253...
⏲️ [EventsConfig] Starting polling fallback (every 60s)
🔌 Connecting to Supabase Realtime: wss://151.243.109.243.nip.io/realtime/v1/websocket
✅ Connected to Supabase Realtime
📡 Sparkle requesting feed URL: https://151.243.109.243.nip.io/updates/appcast.xml
✅ Sparkle configured (seamless mode)
   Appcast URL: https://151.243.109.243.nip.io/updates/appcast.xml
   Can check: true
📅 EventsView appeared
🎬 [EventsView] Fetching movie events from centralized config...
📡 [EventsConfig] Checking server for movie_events config version...
🔍 Memory pressure monitoring enabled (safe mode)
🔍 Silent update check (custom implementation)...
🖥️ CacheManager initialized with fixed conservative limits
   Image cache limit: 30 items
📡 Joined channel: realtime:events_config_updates (interest count: 1)
✅ [EventsConfig] Subscribed to realtime schedule updates
📡 Sparkle requesting feed URL: https://151.243.109.243.nip.io/updates/appcast.xml
✅ [EventsConfig] Fetched movie_events version 1586 with 397 movies
✅ [EventsConfig] Using cached movie_events config (version 1586, 397 movies)
✅ [EventsView] Loaded 397 movies from config version 1586
🗓 AppState: Updated schedule epoch to 2026-01-23 22:49:34 +0000
⏰ AppState: Next schedule update set for Event End: 2026-01-27 23:02:34 +0000
⏰ AppState: Scheduling update in 7590 seconds
🖼️ [CACHE] Cached image data for key: https://images.metahub.space/background/medium/tt0395699/img (654929 bytes)
🖼️ [CACHE] Cached image data for key: https://images.metahub.space/background/medium/tt12593682/img (416335 bytes)
⏰ AppState: Next schedule update set for Event End: 2026-01-27 23:02:34 +0000
⏰ AppState: Scheduling update in 7590 seconds
⏰ AppState: Next schedule update set for Event End: 2026-01-27 23:02:34 +0000
⏰ AppState: Scheduling update in 7590 seconds
🖼️ [CACHE] Cached image data for key: https://images.metahub.space/background/medium/tt4154796/img (1018934 bytes)
🔌 SocialService: Connecting to global presence via shared client...
📡 Joined channel: realtime:global-presence (interest count: 1)
✅ SocialService: Connected to global presence
🔌 SocialService: Connecting to social realtime channels via shared client...
📡 Joined channel: realtime:direct_messages (interest count: 1)
📡 Joined channel: realtime:friendships (interest count: 1)
✅ SocialService: Connected to social channels
📈 SocialService: User 96e01cdb-36c0-4228-a6e4-a29a3c66bc8e came online
📈 SocialService: User 4aef4e1b-ba8e-4d31-8736-bca3b94f402b came online
📬 SocialService: Fetched 0 unread messages
✅ Token routes registered:
   POST /tokens/save
   POST /tokens/delete
   GET  /tokens/list
✅ Unlock routes registered:
   POST /api/streams/unlock
✅ Stream routes registered:
   POST /api/streams/resolve
   GET  /api/streams/resolveByQuality
   GET  /api/streams/resolveAll
✅ Proxy routes registered:
   GET /play/rd/:infoHash/:fileIdx
   GET /play/rd/:infoHash
✅ Subtitle routes registered:
   GET /subtitles/search?imdbId=&type=
   GET /subtitles/subdl/:encodedPath
✅ All routes registered
✅ HTTP Server configured on http://127.0.0.1:47253
🚀 Starting HTTP server...
✅ Providers initialized: torrentio, comet, zilean, mediafusion, debridsearch
[ NOTICE ] Server started on http://127.0.0.1:47253
2026-01-27 15:56:05.380 RedLemon[39042:208055] ✅ RedLemon: Server should be running on http://127.0.0.1:47253
2026-01-27 15:56:05.380 RedLemon[39042:208055] 🏥 [AppState] Starting global provider health check...
2026-01-27 15:56:05.381 RedLemon[39042:208055] 🔍 Performing startup checks...
2026-01-27 15:56:05.381 RedLemon[39042:208055] ✅ Username-based authentication ready
2026-01-27 15:56:05.384 RedLemon[39042:208199] 🔐 Signed request to /check-payment
2026-01-27 15:56:05.917 RedLemon[39042:208140] 🎬 Torrentio: Building URL for movie (no season/episode)
2026-01-27 15:56:05.917 RedLemon[39042:208140] 🔗 Torrentio URL (length: 55): https://torrentio.strem.fun/stream/movie/tt0133093.json...
2026-01-27 15:56:06.538 RedLemon[39042:208055] 🔄 Checking for app updates...
2026-01-27 15:56:06.539 RedLemon[39042:208156] 🔐 Signed request to /rpc/get_server_time
2026-01-27 15:56:08.318 RedLemon[39042:208055] ✅ [AppState] Provider health check complete (found 7 services)
2026-01-27 15:56:10.123 RedLemon[39042:208156] 🔐 Signed request to /rpc/user_heartbeat
✅ HTTP server running on http://127.0.0.1:47253

🔗 Available endpoints:
   http://127.0.0.1:47253/health
   http://127.0.0.1:47253/status
   http://127.0.0.1:47253/api/health

💰 LicenseManager: Starting hybrid license check...
👤 LicenseManager: Profile expiry: Optional(2026-01-28 08:11:39 +0000)
🎉 License updated! Expires: 2026-01-28 08:11:39 +0000
🔍 Silent update check (custom implementation)...
⏰ TimeService: Synchronizing clock with server...
✅ TimeService: Synced! Offset: 0.127s (RTT: 125ms)
   Local:  2026-01-27 20:56:06 +0000
   Server: 2026-01-27 20:56:06 +0000
⏰ Time synced with server! AppState should automatically recalculate.
✅ SubDLClient initialized
⏰ AppState: Next schedule update set for Event End: 2026-01-27 23:02:34 +0000
⏰ AppState: Scheduling update in 7580 seconds
🖼️ [CACHE] Cached image data for key: https://images.metahub.space/poster/small/tt0452608/img (39129 bytes)
🖼️ [CACHE] Cached image data for key: https://images.metahub.space/poster/small/tt1323594/img (25230 bytes)
🖼️ [CACHE] Cached image data for key: https://images.metahub.space/poster/small/tt10954984/img (21420 bytes)
🖼️ [CACHE] Cached image data for key: https://m.media-amazon.com/images/M/MV5BYzI2ZmU3MWMtZmRlMi00ZmVlLTkwMDMtZmI1YTg4YzcwMDE0XkEyXkFqcGc@._V1_SX250.jpg (19965 bytes)
🖼️ [CACHE] Cached image data for key: https://images.metahub.space/poster/small/tt1228705/img (31722 bytes)
🖼️ [CACHE] Cached image data for key: https://images.metahub.space/poster/small/tt0172156/img (32093 bytes)
📡 SocialService: Updated status - Browsing: 
⏰ AppState: Next schedule update set for Event End: 2026-01-27 23:02:34 +0000
⏰ AppState: Scheduling update in 7570 seconds
[ INFO ] GET /api/metadata/catalog/movie/popular [request-id: A721471E-CCAC-4F4D-8034-AF106F5E1233]
🔍 [Server] Proxying catalog request to: https://v3-cinemeta.strem.io/catalog/movie/popular.json
💾 Cache SET: Catalog[quick_movie_nfx.json_7] (7 items)
💾 Cache SET: Catalog[catalog_movie_nfx.json] (18 items)
💾 Cache SET: Catalog[quick_movie_top.json_7] (7 items)
💾 Cache SET: Catalog[popular_movies_fixed] (18 items)
💾 Cache SET: Catalog[catalog_movie_top.json] (18 items)
🖼️ [CACHE] Cached image data for key: https://images.metahub.space/poster/small/tt23172090/img (39824 bytes)
🖼️ [CACHE] Cached image data for key: https://images.metahub.space/poster/small/tt31193180/img (27098 bytes)
🖼️ [CACHE] Cached image data for key: https://images.metahub.space/poster/small/tt29780866/img (35175 bytes)
🖼️ [CACHE] Cached image data for key: https://images.metahub.space/poster/small/tt32820897/img (53296 bytes)
🖼️ [CACHE] Cached image data for key: https://images.metahub.space/poster/small/tt32141377/img (20678 bytes)
🖼️ [CACHE] Cached image data for key: https://images.metahub.space/poster/small/tt13186306/img (30978 bytes)
🖼️ [CACHE] Cached image data for key: https://images.metahub.space/poster/small/tt23572848/img (30026 bytes)
🖼️ [CACHE] Cached image data for key: https://images.metahub.space/poster/small/tt27543632/img (31446 bytes)
🖼️ [CACHE] Cached image data for key: https://images.metahub.space/poster/small/tt10799690/img (40967 bytes)
🖼️ [CACHE] Cached image data for key: https://images.metahub.space/poster/small/tt4712810/img (37396 bytes)
🖼️ [CACHE] Cached image data for key: https://images.metahub.space/poster/small/tt30254719/img (39370 bytes)
🖼️ [CACHE] Cached image data for key: https://images.metahub.space/poster/small/tt34610311/img (30787 bytes)
🖼️ [CACHE] Cached image data for key: https://images.metahub.space/poster/small/tt26443597/img (46393 bytes)
🖼️ [CACHE] Cached image data for key: https://images.metahub.space/poster/small/tt1757678/img (45682 bytes)
🖼️ [CACHE] Cached image data for key: https://images.metahub.space/poster/small/tt32642706/img (22671 bytes)
🖼️ [CACHE] Cached image data for key: https://images.metahub.space/poster/small/tt31227572/img (24034 bytes)
🖼️ [CACHE] Cached image data for key: https://images.metahub.space/poster/small/tt31495504/img (34216 bytes)
🖼️ [CACHE] Cached image data for key: https://images.metahub.space/poster/small/tt33479805/img (35005 bytes)
🖼️ [CACHE] Cached image data for key: https://images.metahub.space/poster/small/tt12300742/img (13162 bytes)
🖼️ [CACHE] Cached image data for key: https://images.metahub.space/poster/small/tt10548174/img (25576 bytes)
🖼️ [CACHE] Cached image data for key: https://images.metahub.space/poster/small/tt29768334/img (28877 bytes)
🗑️ Cache evicted 10 items
🖼️ [CACHE] Cached image data for key: https://images.metahub.space/poster/small/tt31193180/img (27098 bytes)
🖼️ [CACHE] Cached image data for key: https://images.metahub.space/poster/small/tt14142060/img (29910 bytes)
🖼️ [CACHE] Cached image data for key: https://images.metahub.space/poster/small/tt16311594/img (10204 bytes)
🖼️ [CACHE] Cached image data for key: https://images.metahub.space/poster/small/tt31923069/img (16983 bytes)
🖼️ [CACHE] Cached image data for key: https://images.metahub.space/poster/small/tt14364480/img (19894 bytes)
🖼️ [CACHE] Cached image data for key: https://images.metahub.space/poster/small/tt32642706/img (22671 bytes)
🖼️ [CACHE] Cached image data for key: https://images.metahub.space/poster/small/tt31050594/img (30111 bytes)
🖼️ [CACHE] Cached image data for key: https://images.metahub.space/poster/small/tt14107334/img (38222 bytes)
🖼️ [CACHE] Cached image data for key: https://images.metahub.space/poster/small/tt27847051/img (13836 bytes)
🖼️ [CACHE] Cached image data for key: https://images.metahub.space/poster/small/tt29567915/img (28516 bytes)
🖼️ [CACHE] Cached image data for key: https://images.metahub.space/poster/small/tt26581740/img (17276 bytes)
🖼️ [CACHE] Cached image data for key: https://images.metahub.space/poster/small/tt30144839/img (35849 bytes)
🗑️ Cache evicted 10 items
🖼️ [CACHE] Cached image data for key: https://images.metahub.space/poster/small/tt27714581/img (30242 bytes)
🖼️ [CACHE] Cached image data for key: https://images.metahub.space/poster/small/tt1312221/img (23730 bytes)
🖼️ [CACHE] Cached image data for key: https://images.metahub.space/poster/small/tt22740896/img (31424 bytes)
🖼️ [CACHE] Cached image data for key: https://images.metahub.space/poster/small/tt33517752/img (19307 bytes)
🖼️ [CACHE] Cached image data for key: https://images.metahub.space/poster/small/tt13186306/img (30978 bytes)
🖼️ [CACHE] Cached image data for key: https://images.metahub.space/poster/small/tt32141377/img (20678 bytes)
🖼️ [CACHE] Cached image data for key: https://images.metahub.space/poster/small/tt27543632/img (31446 bytes)
🖼️ [CACHE] Cached image data for key: https://images.metahub.space/poster/small/tt29780866/img (35175 bytes)
🖼️ [CACHE] Cached image data for key: https://images.metahub.space/poster/small/tt23172090/img (39824 bytes)
🖼️ [CACHE] Cached image data for key: https://images.metahub.space/poster/small/tt23572848/img (30026 bytes)
🗑️ Cache evicted 10 items
🖼️ [CACHE] Cached image data for key: https://images.metahub.space/poster/small/tt30254719/img (39370 bytes)
🖼️ [CACHE] Cached image data for key: https://images.metahub.space/poster/small/tt10799690/img (40967 bytes)
🖼️ [CACHE] Cached image data for key: https://images.metahub.space/poster/small/tt32820897/img (53296 bytes)
🖼️ [CACHE] Cached image data for key: https://images.metahub.space/poster/small/tt34610311/img (30787 bytes)
🖼️ [CACHE] Cached image data for key: https://images.metahub.space/poster/small/tt4712810/img (37396 bytes)
[ INFO ] GET /api/metadata/catalog/series/popular [request-id: 6F192040-0708-4C51-B27F-214703CE42F9]
🔍 [Server] Proxying catalog request to: https://v3-cinemeta.strem.io/catalog/series/popular.json
💾 Cache SET: Catalog[quick_series_nfx.json_7] (7 items)
💾 Cache SET: Catalog[catalog_series_nfx.json] (18 items)
💾 Cache SET: Catalog[popular_shows_fixed] (18 items)
💾 Cache SET: Catalog[quick_series_top.json_7] (7 items)
💾 Cache SET: Catalog[catalog_series_top.json] (18 items)
🖼️ [CACHE] Cached image data for key: https://images.metahub.space/poster/small/tt0413573/img (18220 bytes)
🖼️ [CACHE] Cached image data for key: https://images.metahub.space/poster/small/tt12343534/img (38002 bytes)
🖼️ [CACHE] Cached image data for key: https://images.metahub.space/poster/small/tt0203259/img (15736 bytes)
🖼️ [CACHE] Cached image data for key: https://images.metahub.space/poster/small/tt7587890/img (46240 bytes)
🖼️ [CACHE] Cached image data for key: https://images.metahub.space/poster/small/tt27497448/img (29429 bytes)
🗑️ Cache evicted 10 items
🖼️ [CACHE] Cached image data for key: https://images.metahub.space/poster/small/tt0118933/img (25773 bytes)
🖼️ [CACHE] Cached image data for key: https://images.metahub.space/poster/small/tt0096697/img (38094 bytes)
🖼️ [CACHE] Cached image data for key: https://images.metahub.space/poster/small/tt0364845/img (20660 bytes)
🖼️ [CACHE] Cached image data for key: https://images.metahub.space/poster/small/tt12637874/img (25872 bytes)
🖼️ [CACHE] Cached image data for key: https://images.metahub.space/poster/small/tt29921437/img (37831 bytes)
🖼️ [CACHE] Cached image data for key: https://images.metahub.space/poster/small/tt0452046/img (29762 bytes)
🖼️ [CACHE] Cached image data for key: https://images.metahub.space/poster/small/tt0460681/img (32690 bytes)
🖼️ [CACHE] Cached image data for key: https://images.metahub.space/poster/small/tt0412142/img (10572 bytes)
🖼️ [CACHE] Cached image data for key: https://images.metahub.space/poster/small/tt4574334/img (39579 bytes)
🖼️ [CACHE] Cached image data for key: https://images.metahub.space/poster/small/tt0098844/img (25669 bytes)
🗑️ Cache evicted 10 items
🖼️ [CACHE] Cached image data for key: https://images.metahub.space/poster/small/tt6470478/img (13774 bytes)
🖼️ [CACHE] Cached image data for key: https://images.metahub.space/poster/small/tt0944947/img (20700 bytes)
🖼️ [CACHE] Cached image data for key: https://images.metahub.space/poster/small/tt10394706/img (31907 bytes)
💾 Cache SET: Catalog[quick_series_amp.json_7] (7 items)
🖼️ [CACHE] Cached image data for key: https://images.metahub.space/poster/small/tt4574334/img (39579 bytes)
🖼️ [CACHE] Cached image data for key: https://images.metahub.space/poster/small/tt9169516/img (26576 bytes)
🖼️ [CACHE] Cached image data for key: https://images.metahub.space/poster/small/tt22202452/img (14264 bytes)
🖼️ [CACHE] Cached image data for key: https://images.metahub.space/poster/small/tt12343534/img (38002 bytes)
🖼️ [CACHE] Cached image data for key: https://images.metahub.space/poster/small/tt35495073/img (35960 bytes)
🖼️ [CACHE] Cached image data for key: https://live.metahub.space/poster/small/tt37449205/img (30201 bytes)
🖼️ [CACHE] Cached image data for key: https://images.metahub.space/poster/small/tt0903747/img (35371 bytes)
🖼️ [CACHE] Cached image data for key: https://images.metahub.space/poster/small/tt14186672/img (26538 bytes)
🖼️ [CACHE] Cached image data for key: https://images.metahub.space/poster/small/tt12637874/img (25872 bytes)
🖼️ [CACHE] Cached image data for key: https://images.metahub.space/poster/small/tt31938062/img (19783 bytes)
🗑️ Cache evicted 10 items
🖼️ [CACHE] Cached image data for key: https://images.metahub.space/poster/small/tt33035373/img (23928 bytes)
🖼️ [CACHE] Cached image data for key: https://images.metahub.space/poster/small/tt27497448/img (29429 bytes)
🖼️ [CACHE] Cached image data for key: https://images.metahub.space/poster/small/tt1399664/img (20224 bytes)
🖼️ [CACHE] Cached image data for key: https://images.metahub.space/poster/small/tt31974288/img (39863 bytes)
🖼️ [CACHE] Cached image data for key: https://images.metahub.space/poster/small/tt0944947/img (20700 bytes)
🖼️ [CACHE] Cached image data for key: https://images.metahub.space/poster/small/tt33270420/img (37515 bytes)
🖼️ [CACHE] Cached image data for key: https://images.metahub.space/poster/small/tt32499731/img (21661 bytes)
💾 Cache SET: Catalog[catalog_series_amp.json] (18 items)
💾 Cache SET: Catalog[quick_series_dnp.json_7] (7 items)
💾 Cache SET: Catalog[catalog_series_dnp.json] (18 items)
💾 Cache SET: Catalog[quick_series_hbm.json_7] (7 items)
💾 Cache SET: Catalog[catalog_series_hbm.json] (18 items)
🖼️ [CACHE] Cached image data for key: https://images.justwatch.com/poster/308760567/s332/img (26806 bytes)
🖼️ [CACHE] Cached image data for key: https://images.justwatch.com/poster/300727661/s332/img (26366 bytes)
🖼️ [CACHE] Cached image data for key: https://images.justwatch.com/poster/339094482/s332/img (45680 bytes)
🖼️ [CACHE] Cached image data for key: https://images.justwatch.com/poster/321983100/s332/img (61985 bytes)
🗑️ Cache evicted 10 items
🖼️ [CACHE] Cached image data for key: https://images.justwatch.com/poster/340347839/s332/img (45215 bytes)
🖼️ [CACHE] Cached image data for key: https://images.justwatch.com/poster/339274561/s332/img (42700 bytes)
🖼️ [CACHE] Cached image data for key: https://images.justwatch.com/poster/339843196/s332/img (59166 bytes)
🖼️ [CACHE] Cached image data for key: https://images.justwatch.com/poster/332843762/s332/img (38349 bytes)
🖼️ [CACHE] Cached image data for key: https://images.justwatch.com/poster/305563843/s332/img (43370 bytes)
🖼️ [CACHE] Cached image data for key: https://images.justwatch.com/poster/301988362/s332/img (46214 bytes)
🖼️ [CACHE] Cached image data for key: https://images.justwatch.com/poster/301444843/s332/img (46011 bytes)
🖼️ [CACHE] Cached image data for key: https://images.justwatch.com/poster/304982853/s332/img (29491 bytes)
🖼️ [CACHE] Cached image data for key: https://images.justwatch.com/poster/340682854/s332/img (42467 bytes)
🖼️ [CACHE] Cached image data for key: https://images.justwatch.com/poster/300891503/s332/img (44142 bytes)
🗑️ Cache evicted 10 items
🖼️ [CACHE] Cached image data for key: https://images.justwatch.com/poster/340757417/s332/img (44843 bytes)
🖼️ [CACHE] Cached image data for key: https://images.justwatch.com/poster/325182201/s332/img (40090 bytes)
🖼️ [CACHE] Cached image data for key: https://images.justwatch.com/poster/302132945/s332/img (79996 bytes)
🖼️ [CACHE] Cached image data for key: https://images.justwatch.com/poster/334848715/s332/img (40783 bytes)
💾 Cache SET: Catalog[quick_series_atp.json_7] (7 items)
💾 Cache SET: Catalog[catalog_series_atp.json] (18 items)
💾 Cache SET: Catalog[quick_series_pmp.json_7] (7 items)
💾 Cache SET: Catalog[catalog_series_pmp.json] (18 items)
🗑️ Cache evicted 6 items
💾 Cache SET: Catalog[quick_series_hlu.json_7] (7 items)
💾 Cache SET: Catalog[catalog_series_hlu.json] (18 items)
💾 Cache SET: Catalog[quick_series_pcp.json_7] (7 items)
🖼️ [CACHE] Cached image data for key: https://images.metahub.space/poster/small/tt33517752/img (19307 bytes)
[ INFO ] GET /api/metadata/meta/series/tt33517752 [request-id: E9D422C5-A96B-4004-B8D3-AA3F540DC855]
2026-01-27 15:56:34.762 RedLemon[39042:208356] 📦 Decoded CinemetaMeta - videos count: 11
2026-01-27 15:56:35.576 RedLemon[39042:208198] 🔐 Signed request to /rpc/user_heartbeat
2026-01-27 15:56:36.246 RedLemon[39042:208055] 🎬 Creating Watch Party for: The Beauty
2026-01-27 15:56:36.246 RedLemon[39042:208198] Background: ⏳ Starting room creation (Unstructured Race)...
2026-01-27 15:56:36.247 RedLemon[39042:208198] Background: ▶️ createRoom task started (Direct Singleton Access)
2026-01-27 15:56:36.247 RedLemon[39042:208198] 🎬 SupabaseClient: createRoom called for id: E43S - ENTRY
2026-01-27 15:56:36.249 RedLemon[39042:208198] 🎬 SupabaseClient: Creating room 'E43S' for host 'witheredrose'...
2026-01-27 15:56:36.251 RedLemon[39042:208198] 🔐 Signed request to /rooms
2026-01-27 15:56:36.678 RedLemon[39042:208278] ✅ SupabaseClient: Room creation request completed (received response)
2026-01-27 15:56:36.682 RedLemon[39042:208278] Background: ✅ createRoom task finished
2026-01-27 15:56:36.684 RedLemon[39042:208354] 🔐 Signed request to /room_participants
2026-01-27 15:56:36.833 RedLemon[39042:208055] ✅ PlayerVM: currentWatchPartyRoom set to E43S
2026-01-27 15:56:36.836 RedLemon[39042:208055] ✨ [AppState] Registered new active lobby: E43S
2026-01-27 15:56:37.005 RedLemon[39042:208055] [LOBBY_VIEW] onAppear: shouldAutoJoinLobby=false, room=E43S, timeUntilStart=0
2026-01-27 15:56:37.135 RedLemon[39042:208356] 🔐 Signed request to /room_participants
2026-01-27 15:56:37.135 RedLemon[39042:208137] 🔐 Signed request to /rooms
💾 Cache SET: Metadata[meta_series_tt33517752]
🖼️ [CACHE] Cached image data for key: https://images.metahub.space/poster/small/tt4574334/img (39579 bytes)
🖼️ [CACHE] Cached image data for key: https://images.metahub.space/poster/small/tt12637874/img (25872 bytes)
🖼️ [CACHE] Cached image data for key: https://images.metahub.space/poster/small/tt0460681/img (32690 bytes)
🖼️ [CACHE] Cached image data for key: https://images.metahub.space/poster/small/tt6470478/img (13774 bytes)
🖼️ [CACHE] Cached image data for key: https://images.metahub.space/poster/small/tt7587890/img (46240 bytes)
🗑️ Cache evicted 10 items
🖼️ [CACHE] Cached image data for key: https://images.metahub.space/poster/small/tt0364845/img (20660 bytes)
🖼️ [CACHE] Cached image data for key: https://images.metahub.space/poster/small/tt0203259/img (15736 bytes)
🖼️ [CACHE] Cached image data for key: https://images.metahub.space/poster/small/tt12343534/img (38002 bytes)
🖼️ [CACHE] Cached image data for key: https://images.metahub.space/poster/small/tt0118933/img (25773 bytes)
🖼️ [CACHE] Cached image data for key: https://images.metahub.space/poster/small/tt29921437/img (37831 bytes)
🖼️ [CACHE] Cached image data for key: https://images.metahub.space/poster/small/tt0413573/img (18220 bytes)
🖼️ [CACHE] Cached image data for key: https://images.metahub.space/poster/small/tt0412142/img (10572 bytes)
🖼️ [CACHE] Cached image data for key: https://images.metahub.space/poster/small/tt0096697/img (38094 bytes)
🖼️ [CACHE] Cached image data for key: https://images.metahub.space/poster/small/tt0452046/img (29762 bytes)
🖼️ [CACHE] Cached image data for key: https://images.metahub.space/poster/small/tt0098844/img (25669 bytes)
🗑️ Cache evicted 10 items
🖼️ [CACHE] Cached image data for key: https://images.metahub.space/poster/small/tt10394706/img (31907 bytes)
⏰ AppState: Next schedule update set for Event End: 2026-01-27 23:02:34 +0000
⏰ AppState: Scheduling update in 7559 seconds
🎭 Lobby: Connecting to room E43S...
🚦 Lobby State: connecting
🛑 Lobby: Host explicitly clearing playback state in DB to prevent autoplay loop
🔄 Lobby: Fetching fresh room state from Supabase...
✅ Cache HIT: Metadata[meta_series_tt33517752]
[ INFO ] GET /api/metadata/meta/series/tt33517752 [request-id: C580AC41-E70C-4930-992D-5B24FA791894]
2026-01-27 15:56:37.537 RedLemon[39042:208278] ✅ SupabaseClient: Updated room playback (Playing: false, Pos: 0s, ClearedStream: false)
2026-01-27 15:56:37.546 RedLemon[39042:208055] ✅ Host re-joined room E43S in database (refreshing presence)
2026-01-27 15:56:37.554 RedLemon[39042:208356] 📝 Realtime: Registered observer 'lobby' (Presence: YES, Sync: NO, Status: NO)
2026-01-27 15:56:37.611 RedLemon[39042:208198] 📡 SupabaseClient: updateRoomPlaylist called for room E43S with 1 items, index: 0
2026-01-27 15:56:37.614 RedLemon[39042:208198] 🔐 Signed request to /rooms
2026-01-27 15:56:37.625 RedLemon[39042:208137] 📝 Realtime: Registered observer 'lobby' (Presence: NO, Sync: YES, Status: NO)
2026-01-27 15:56:37.648 RedLemon[39042:208198] 🔐 SupabaseClient: Signing Identity Payload: '17695473974aef4e1b-ba8e-4d31-8736-bca3b94f402b/rpc/room_heartbeat'
2026-01-27 15:56:37.649 RedLemon[39042:208198] 🔐 Signed request to /rpc/room_heartbeat
2026-01-27 15:56:37.751 RedLemon[39042:208356] ✅ SupabaseClient: Playlist updated successfully
2026-01-27 15:56:38.029 RedLemon[39042:208055] 📨 Lobby: Received Room UPDATE from Realtime
2026-01-27 15:56:38.030 RedLemon[39042:208055] 📨 Lobby: Received Room UPDATE from Realtime
2026-01-27 15:56:42.903 RedLemon[39042:208055] 📨 Lobby: Received Room UPDATE from Realtime
2026-01-27 15:56:42.904 RedLemon[39042:208055] 📨 Lobby: Received Room UPDATE from Realtime
2026-01-27 15:56:42.986 RedLemon[39042:208156] 📨 Realtime: Received broadcast message
2026-01-27 15:56:42.986 RedLemon[39042:208156]    Payload keys: position, chatText, timestamp, chatUsername, type, senderId
2026-01-27 15:56:42.987 RedLemon[39042:208156] ✅ Realtime: Decoded message type: chat, sender: 96e01cdb-36c0-4228-a6e4-a29a3c66bc8e
2026-01-27 15:56:42.988 RedLemon[39042:208055] 👋 Host received: Guest 'lemontom' joined room E43S
2026-01-27 15:56:42.988 RedLemon[39042:208055]    Guest ID: 96e01cdb-36c0-4228-a6e4-a29a3c66bc8e, Total participants: 2
2026-01-27 15:56:43.056 RedLemon[39042:208055] 👥 Room status after join: 2 participants, 0 ready
2026-01-27 15:56:43.069 RedLemon[39042:208055] ✅ Lobby: Synced participants to AppState (Count: 2)
2026-01-27 15:56:43.167 RedLemon[39042:208055] 📨 Lobby: Received Room UPDATE from Realtime
2026-01-27 15:56:44.431 RedLemon[39042:208055] 🎬 Host: Starting movie for 2 participants
2026-01-27 15:56:44.506 RedLemon[39042:208137] 📤 Realtime: Sending message type: chat, sender: 4aef4e1b-ba8e-4d31-8736-bca3b94f402b
2026-01-27 15:56:44.507 RedLemon[39042:208137]    Payload keys: chatUsername, position, senderId, timestamp, chatText, type
2026-01-27 15:56:44.508 RedLemon[39042:208156] ✅ Realtime: Message broadcast complete
2026-01-27 15:56:44.560 RedLemon[39042:208156] ✅ StreamService: Using provided metadata: The Beauty
2026-01-27 15:56:44.560 RedLemon[39042:208156] ⚡️ StreamService: Resolving streams via StreamResolver (Bypassing HTTP)...
2026-01-27 15:56:44.561 RedLemon[39042:208156] ⚡️ StreamResolver: Resolving streams for tt33517752 (S1E1)
2026-01-27 15:56:44.562 RedLemon[39042:208137] 📝 [APP] 🎬 StreamService: Starting resolution for: The Beauty ["file": "StreamService.swift", "level": "INFO", "line": "199"]
2026-01-27 15:56:44.563 RedLemon[39042:208137] 📝 [APP] New Session Started ["app_version": "1.0.163", "build": "163", "session_id": "5EEC15B6-9023-48D7-802D-7567C3DCADE1", "trigger_source": "watch_party_resolve", "user_id": "4AEF4E1B-BA8E-4D31-8736-BCA3B94F402B"]
2026-01-27 15:56:44.563 RedLemon[39042:208137] 📝 [APP] Target Content Set ["imdb_id": "tt33517752"]
2026-01-27 15:56:44.565 RedLemon[39042:208354] 📝 [APP] SessionRecorder initialized
2026-01-27 15:56:44.566 RedLemon[39042:208354] 📝 [RESOLVER] Started Resolution ["episode": "1", "season": "1", "type": "series"]
2026-01-27 15:56:44.627 RedLemon[39042:208354] 📨 Realtime: Received broadcast message
2026-01-27 15:56:44.627 RedLemon[39042:208354]    Payload keys: timestamp, senderId, chatText, type, chatUsername, position
2026-01-27 15:56:44.631 RedLemon[39042:208354] ✅ Realtime: Decoded message type: chat, sender: 4aef4e1b-ba8e-4d31-8736-bca3b94f402b
2026-01-27 15:56:44.699 RedLemon[39042:208355]    📅 Filtering by year: 2025–
2026-01-27 15:56:44.830 RedLemon[39042:208354] 📦 StreamResolver: Fetching streams from ProviderManager...
2026-01-27 15:56:44.830 RedLemon[39042:208354] 🔍 ProviderManager: Fetching streams for tt33517752...
2026-01-27 15:56:44.831 RedLemon[39042:208156] ✨ Torrentio: Using Auto-Generated Config (RealDebrid)
2026-01-27 15:56:44.831 RedLemon[39042:208354] 🔍 Zilean: Searching via IMDB ID: tt33517752
2026-01-27 15:56:44.832 RedLemon[39042:208156] 📺 Torrentio: Building URL for S01E01
2026-01-27 15:56:44.832 RedLemon[39042:208156] 🔗 Torrentio URL (length: 125): https://torrentio.strem.fun/realdebrid=K67JV2V4FTUA7RYN6T34BFIUBRUZERBO45A6UL3O7TE5ZHFDQQSA/stream/series/tt33517752:1:1.json...
2026-01-27 15:56:44.832 RedLemon[39042:208156] 🔍 Torrentio: Fetching https://torrentio.strem.fun/realdebrid=K67JV2V4FTUA7RYN6T34BFIUBRUZERBO45A6UL3O7TE5ZHFDQQSA/stream/series/tt33517752:1:1.json
2026-01-27 15:56:44.833 RedLemon[39042:208198] 📺 DebridSearch: Building URL for S01E01
2026-01-27 15:56:44.833 RedLemon[39042:208198] 🔗 DebridSearch URL: https://68d69db7dc40-debrid-search.baby-beamup.club/%7B%22DebridApiKey%22%3A%22***%22,%22DebridProvider%22%3A%22RealDebrid%22%7D/stream/series/tt33517752:1:1.json
2026-01-27 15:56:44.833 RedLemon[39042:208198] 🔍 DebridSearch: Fetching https://68d69db7dc40-debrid-search.baby-beamup.club/%7B%22DebridApiKey%22%3A%22K67JV2V4FTUA7RYN6T34BFIUBRUZERBO45A6UL3O7TE5ZHFDQQSA%22,%22DebridProvider%22%3A%22RealDebrid%22%7D/stream/series/tt33517752:1:1.json
2026-01-27 15:56:44.929 RedLemon[39042:208137] 📡 Torrentio: HTTP 200, received 30848 bytes
2026-01-27 15:56:44.952 RedLemon[39042:208137] ✅ Torrentio: Parsed 60 streams from 60 raw
2026-01-27 15:56:45.261 RedLemon[39042:208137] ✅ Zilean: Got 0 results
2026-01-27 15:56:51.808 RedLemon[39042:208416] ✅ DebridSearch: Parsed 14 streams
2026-01-27 15:56:51.808 RedLemon[39042:208198] ✅ ProviderManager: Fetched 74 raw, returning 74 unique streams
2026-01-27 15:56:51.809 RedLemon[39042:208198] 📦 StreamResolver: Received 74 raw streams, bucketing...
2026-01-27 15:56:51.809 RedLemon[39042:208198] 📝 [RESOLVER] Providers Fetched ["debridsearch": "14", "torrentio": "60"]
2026-01-27 15:56:52.746 RedLemon[39042:208416] 📝 [RESOLVER] Resolution Complete ["1080p": "1", "2160p": "1", "720p": "1", "selected_provider": "debridsearch", "selected_title": "The Beauty S01E01 Beautiful Pilot 1080p DSNP WEB-DL DDP5 1 H 264-FLUX[EZTVx.to].mkv
/The Beauty S01E01 Beautiful Pilot 1080p DSNP WEB-DL DDP5 1 H 264-FLUX[EZTVx.to].mkv
💾 1.64 GB"]
2026-01-27 15:56:52.774 RedLemon[39042:208355] 📝 [APP] 📦 StreamService: Found 29 total streams to try (across all qualities) ["file": "StreamService.swift", "level": "INFO", "line": "406"]
2026-01-27 15:56:54.054 RedLemon[39042:208355] 📥 StreamService: Pre-downloading 1 (capped from 1) subtitles for direct stream...
2026-01-27 15:56:54.054 RedLemon[39042:208355] 🐛 StreamService: downloadSubtitlesInParallel called. Season: Optional(1), Episode: Optional(1), Count: 1
2026-01-27 15:56:54.055 RedLemon[39042:208355] 🔍 DEBUG: Processing subtitle URL: /subtitle/3544880-8466988.zip
2026-01-27 15:56:54.055 RedLemon[39042:208355] ✅ DEBUG: Raw SubDL URL detected, converting to proxy URL
2026-01-27 15:56:54.057 RedLemon[39042:208198] 📥 StreamService: Pre-downloading 1 (capped from 1) subtitles for direct stream...
2026-01-27 15:56:54.057 RedLemon[39042:208198] 🐛 StreamService: downloadSubtitlesInParallel called. Season: Optional(1), Episode: Optional(1), Count: 1
2026-01-27 15:56:54.057 RedLemon[39042:208198] 🔍 DEBUG: Processing subtitle URL: http://127.0.0.1:47253/subtitles/subdl/L3N1YnRpdGxlLzM1NDQ4ODAtODQ2Njk4OC56aXA=?season=1&episode=1&token=9A36AF21-ABDA-4D47-9BD8-34E5C0A9EFFD
2026-01-27 15:56:54.058 RedLemon[39042:208198] ✅ DEBUG: SubDL proxy URL detected, skipping download
2026-01-27 15:56:54.111 RedLemon[39042:208198] 🔄 SupabaseClient: Resetting playback state for room E43S
2026-01-27 15:56:54.112 RedLemon[39042:208198] 🔐 Signed request to /rooms
2026-01-27 15:56:54.258 RedLemon[39042:208156] ✅ Persisted stream selection to room E43S
2026-01-27 15:56:54.258 RedLemon[39042:208055] ✅ Host: Stream resolved and persisted OK
2026-01-27 15:56:54.258 RedLemon[39042:208055] ⏳ Host: Initiating handshake for 1 guests...
2026-01-27 15:56:54.283 RedLemon[39042:208198] 📤 Realtime: Sending message type: chat, sender: 4aef4e1b-ba8e-4d31-8736-bca3b94f402b
2026-01-27 15:56:54.284 RedLemon[39042:208198]    Payload keys: chatUsername, senderId, type, timestamp, position, chatText
2026-01-27 15:56:54.285 RedLemon[39042:208416] ✅ Realtime: Message broadcast complete
2026-01-27 15:56:54.363 RedLemon[39042:208055] 📨 Lobby: Received Room UPDATE from Realtime
2026-01-27 15:56:54.756 RedLemon[39042:208156] 📨 Realtime: Received broadcast message
2026-01-27 15:56:54.756 RedLemon[39042:208156]    Payload keys: chatText, senderId, type, timestamp, position, chatUsername
2026-01-27 15:56:54.757 RedLemon[39042:208156] ✅ Realtime: Decoded message type: chat, sender: 4aef4e1b-ba8e-4d31-8736-bca3b94f402b
2026-01-27 15:57:01.726 RedLemon[39042:208354] 🔐 Signed request to /rpc/user_heartbeat
2026-01-27 15:57:06.318 RedLemon[39042:208416] 📨 Realtime: Received broadcast message
2026-01-27 15:57:06.318 RedLemon[39042:208416]    Payload keys: chatUsername, timestamp, type, position, senderId, chatText
2026-01-27 15:57:06.319 RedLemon[39042:208416] ✅ Realtime: Decoded message type: chat, sender: 96e01cdb-36c0-4228-a6e4-a29a3c66bc8e
2026-01-27 15:57:06.319 RedLemon[39042:208055] ✅ Lobby: Participant 96e01cdb-36c0-4228-a6e4-a29a3c66bc8e is ready for stream
2026-01-27 15:57:07.148 RedLemon[39042:208055] ✅ Host: All guests ready (1/1)! Starting countdown.
2026-01-27 15:57:07.190 RedLemon[39042:208355] 📤 Realtime: Sending message type: chat, sender: 4aef4e1b-ba8e-4d31-8736-bca3b94f402b
2026-01-27 15:57:07.191 RedLemon[39042:208355]    Payload keys: chatUsername, chatText, timestamp, position, senderId, type
2026-01-27 15:57:07.191 RedLemon[39042:208354] ✅ Realtime: Message broadcast complete
2026-01-27 15:57:07.192 RedLemon[39042:208055] ✅ Host: Successfully broadcast LOBBY_START_COUNTDOWN via Realtime
2026-01-27 15:57:07.192 RedLemon[39042:208055] 📡 Realtime delivery confirmed for 2 guests
2026-01-27 15:57:07.193 RedLemon[39042:208198] 🔐 Signed request to /rooms
2026-01-27 15:57:07.315 RedLemon[39042:208156] 📨 Realtime: Received broadcast message
2026-01-27 15:57:07.315 RedLemon[39042:208156]    Payload keys: chatText, senderId, type, timestamp, position, chatUsername
2026-01-27 15:57:07.316 RedLemon[39042:208156] ✅ Realtime: Decoded message type: chat, sender: 4aef4e1b-ba8e-4d31-8736-bca3b94f402b
2026-01-27 15:57:07.330 RedLemon[39042:208055] ✅ Host: Set room playback state in database as fallback
2026-01-27 15:57:07.508 RedLemon[39042:208055] 📨 Lobby: Received Room UPDATE from Realtime
2026-01-27 15:57:10.259 RedLemon[39042:208055] 🎬 Host: Launching player for The Beauty
2026-01-27 15:57:10.260 RedLemon[39042:208055] 🎬 [HOST_START] navigateToPlayer called
2026-01-27 15:57:10.261 RedLemon[39042:208055]    - Stream: The Beauty S01E01 Beautiful Pilot 1080p DSNP WEB-DL DDP5 1 H 264-FLUX[EZTVx.to].mkv
/The Beauty S01E01 Beautiful Pilot 1080p DSNP WEB-DL DDP5 1 H 264-FLUX[EZTVx.to].mkv
💾 1.64 GB
2026-01-27 15:57:10.261 RedLemon[39042:208055]    - Room: E43S
2026-01-27 15:57:10.261 RedLemon[39042:208055]    - Media: The Beauty
2026-01-27 15:57:10.761 RedLemon[39042:208743] 📤 Realtime: Sending message type: chat, sender: 4aef4e1b-ba8e-4d31-8736-bca3b94f402b
2026-01-27 15:57:10.761 RedLemon[39042:208743]    Payload keys: chatUsername, timestamp, senderId, type, position, chatText
2026-01-27 15:57:10.762 RedLemon[39042:208354] 📝 Realtime: Registered observer 'player' (Presence: YES, Sync: NO, Status: NO)
2026-01-27 15:57:10.763 RedLemon[39042:208156] ✅ Realtime: Message broadcast complete
📡 SocialService: Updated status - In Lobby: The Beauty: The Beauty
✅ Lobby: Loaded metadata for The Beauty
✅ Lobby: Synced CLEAN stream info, metadata & playlist to AppState
🆕 Lobby: Auto-adding initial item to playlist: The Beauty
🔌 Setting up Realtime channel: watch-party:E43S
   Role: Host
   User ID: 4aef4e1b-ba8e-4d31-8736-bca3b94f402b
📡 Connection state: connected
📡 Connection state: connecting
📡 Joined channel: realtime:watch-party:E43S (interest count: 1)
📡 Connection state: connected
✅ Realtime channel setup complete
✅ Lobby: Connected to Realtime
🚦 Lobby State: connected
🔄 Lobby: Starting database polling for participants and room state...
💓 Lobby: Starting heartbeat loop...
✅ Lobby: Persisted initial playlist item
🔄 Lobby: Fetching fresh room state from Supabase...
🔄 Lobby: Fetching fresh room state from Supabase...
✅ Lobby: Synced CLEAN stream info, metadata & playlist to AppState
✅ Lobby: Synced CLEAN stream info, metadata & playlist to AppState
🔄 Lobby: Fetching fresh room state from Supabase...
🔄 Lobby: Fetching fresh room state from Supabase...
✅ Lobby: Synced CLEAN stream info, metadata & playlist to AppState
✅ Lobby: Synced CLEAN stream info, metadata & playlist to AppState
🔄 Lobby: Fetching fresh room state from Supabase...
✅ Lobby: Synced CLEAN stream info, metadata & playlist to AppState
✅ Cache HIT: Metadata[meta_series_tt33517752]
[2026-01-27T20:56:44Z] [INFO] [StreamService.swift:199] 🎬 StreamService: Starting resolution for: The Beauty
🎬 StreamService: Resolving series - trusted pack filtering will be applied server-side
⏰ AppState: Next schedule update set for Event End: 2026-01-27 23:02:34 +0000
⏰ AppState: Scheduling update in 7550 seconds
🛡️ StreamResolver: Loaded 8 blocked streams from blacklist
🔍 MediaFusion: Fetching https://mediafusion.elfhosted.com/stream/series/tt33517752:1:1.json
🔍 Comet: Fetching https://comet.elfhosted.com/eyJkZWJyaWRTZXJ2aWNlIjoicmVhbGRlYnJpZCIsInJlbW92ZVRyYXNoIjpmYWxzZSwiZGVi...
🛡️ Lobby: Auto-Join safety delay passed (8s). Enabled for late joiners.
⚠️ MediaFusion: HTTP 418
✅ Comet: Got 1 streams
🔍 Comet: Parsing 1 streams...
⚠️ Comet: Skipping invalid redirect URL: https://comet.elfhosted.com/playback/ep1SyViYX4yKMuaUmOx-eyq...
✅ Comet: Parsed 0 valid streams
📊 StreamResolver: Provider Stats: [debridsearch:14, torrentio:60]
   ✅ RESOLVER KEEPING correct-year series stream: The Beauty S01E01 2026 1080p DSNP WEB-DL DDP5 1 H 264-HHWEB
👤 63 💾 1.64 GB ⚙️ EZTV
   ✅ RESOLVER KEEPING correct-year series stream: Belleza.perfecta.S01E01.2026.WEB-DL.1080p-Dual-Lat
👤 9 💾 1.72 GB ⚙️ Cinecalidad
Dual Audio / 🇲🇽
   ✅ RESOLVER KEEPING correct-year series stream: The Beauty S01E01 2026 1080p DSNP WEB-DL DDP5 1 H 264-HHWEB
👤 2 💾 1.64 GB ⚙️ ThePirateBay
   ✅ RESOLVER KEEPING correct-year series stream: The Beauty S01E01-E03 720p FX - Primewire
The Beauty (2026) Season 1 Episode 1- Beautiful Pilot - PrimeWire.mp4
👤 51 💾 442.59 MB ⚙️ 1337x
   ✅ RESOLVER KEEPING correct-year series stream: The Beauty S01E01 FRENCH HDTV 2026
👤 1485 💾 271.11 MB ⚙️ Torrent9
🇫🇷
   ✅ RESOLVER KEEPING correct-year series stream: Красота / The Beauty / Сезон: 1 / Серии: 1-3 из 11 [2026 WEB-DLRip] MVO (HDrezka Studio) + Original
The.Beauty.S01.E01.Rus.Eng.RG.Anonymous.avi
👤 75 💾 641.32 MB ⚙️ Rutracker
🇬🇧 / 🇷🇺
   ✅ RESOLVER KEEPING correct-year series stream: The Beauty - Stagione 1 (2026) Ep.1 SD H264 Ita Aac 2.0 WEB-DLRip UBi
👤 7 💾 516.43 MB ⚙️ ilCorSaRoNeRo
🇮🇹
   ✅ RESOLVER KEEPING correct-year series stream: Красота / The Beauty / Сезон: 1 / Серии: 1-3 из 11 [2026 WEB-DL 1080p] 3x MVO + Original + Sub (Rus Eng)
The.Beauty.S01E01.1080p.DSNP.WEB-DL.H264.mkv
👤 189 💾 1.89 GB ⚙️ Rutracker
🇬🇧 / 🇷🇺
   ✅ RESOLVER KEEPING correct-year series stream: Красота / The Beauty / Сезон: 1 / Серии: 1-3 из 11 [2026 WEB-DL 1080p] 3x MVO + Original + Sub (Rus Eng)
The.Beauty.E01.WEB-DL.1080p.mkv
👤 1 💾 1.89 GB ⚙️ Rutracker
🇬🇧 / 🇷🇺
   ✅ RESOLVER KEEPING correct-year series stream: The Beauty S01E01 VOSTFR HDTV 2026
👤 145 💾 272.93 MB ⚙️ Torrent9
🇫🇷
   ✅ RESOLVER KEEPING correct-year series stream: The Beauty S01E01 2026 1080p DSNP WEB-DL DDP5 1 H 264-HHWEB[EZTVx.to].mkv
/The Beauty S01E01 2026 1080p DSNP WEB-DL DDP5 1 H 264-HHWEB[EZTVx.to].mkv
💾 1.64 GB
   🚫 RESOLVER BLOCKING AV1: The.Beauty.S01E01.1080p.AV1.10bit-MeGusta
👤 1 💾 286.81 MB ⚙️ ThePirateBay
   🚫 RESOLVER FILTERED AV1: 74 → 73 streams
   🚫 RESOLVER BLOCKING non-English audio: The Beauty [S01E01-E03] [MULTi] [2160p] [DSNP] [WEB-DL] [DV] [HDR] [H265] [DDP5.1-K83] [Lektor PL i Napisy PL]
The.Beauty.S01E01.MULTi.2160p.DSNP.WEB-DL.DV.HDR.H265.DDP5.1-K83.mkv
👤 14 💾 4.63 GB ⚙️ BestTorrents
Multi Audio / 🇬🇧 / 🇵🇱 (Audio)
   🚫 RESOLVER BLOCKING non-English audio: The Beauty [S01E01-E03] [MULTi] [1080p] [DSNP] [WEB-DL] [H264] [DDP5.1-K83] [Lektor PL i Napisy PL]
The.Beauty.S01E01.MULTi.1080p.DSNP.WEB-DL.H264.DDP5.1-K83.mkv
👤 28 💾 1.72 GB ⚙️ BestTorrents
Multi Audio / 🇬🇧 / 🇵🇱 (Audio)
   🚫 RESOLVER BLOCKING non-English audio: The Beauty [S01E01-E03] [MULTi] [720p] [DSNP] [WEB-DL] [H264] [DDP5.1-K83] [Lektor PL i Napisy PL]
The.Beauty.S01E01.MULTi.720p.DSNP.WEB-DL.H264.DDP5.1-K83.mkv
👤 7 💾 931.86 MB ⚙️ BestTorrents
Multi Audio / 🇬🇧 / 🇵🇱 (Audio)
   🚫 RESOLVER BLOCKING non-English audio: The Beauty S01E01 FRENCH HDTV 2026
👤 1485 💾 271.11 MB ⚙️ Torrent9
🇫🇷 (Audio)
   🚫 RESOLVER BLOCKING non-English audio: The Beauty [S01E01-E03] [MULTi] [2160p] [DSNP] [WEB-DL] [DV] [HDR] [H265] [DDP5.1-K83] [Lektor PL i Napisy PL]
The.Beauty.S01E01.MULTi.2160p.DSNP.WEB-DL.DV.HDR.H265.DDP5.1-K83.mkv
👤 3 💾 4.63 GB ⚙️ BestTorrents
Multi Audio / 🇬🇧 / 🇵🇱 (Audio)
   🚫 RESOLVER BLOCKING non-English audio: The Beauty [S01E01-E03] [MULTi] [1080p] [DSNP] [WEB-DL] [H264] [DDP5.1-K83] [Lektor PL i Napisy PL]
The.Beauty.S01E01.MULTi.1080p.DSNP.WEB-DL.H264.DDP5.1-K83.mkv
👤 3 💾 1.72 GB ⚙️ BestTorrents
Multi Audio / 🇬🇧 / 🇵🇱 (Audio)
   🚫 RESOLVER BLOCKING non-English audio: The Beauty [S01E01-E03] [MULTi] [720p] [DSNP] [WEB-DL] [H264] [DDP5.1-K83] [Lektor PL i Napisy PL]
The.Beauty.S01E01.MULTi.720p.DSNP.WEB-DL.H264.DDP5.1-K83.mkv
👤 2 💾 931.86 MB ⚙️ BestTorrents
Multi Audio / 🇬🇧 / 🇵🇱 (Audio)
   🚫 RESOLVER BLOCKING non-English audio: The Beauty S01E01 VOSTFR HDTV 2026
👤 145 💾 272.93 MB ⚙️ Torrent9
🇫🇷 (Audio)
   🎵 RESOLVER FILTERED audio language: 73 → 65 streams
   📺 Episode filter: 65 → 59 streams
🔍 Searching SubDL: tt33517752 (tv) S01E01
   ℹ️ Fallback Name: The Beauty (2025)
✅ Found 3 subtitles from SubDL (Primary)
   ⛔️ Dropped '[𝐂𝐨𝐟𝐟𝐞𝐞𝐏𝐫𝐢𝐬𝐨𝐧] 𝐓𝐇𝐄 𝐁𝐄𝐀𝐔𝐓𝐘 𝐒𝟎𝟏𝐄𝟎𝟐 𝐃𝐒𝐍𝐏 𝐖𝐄𝐁': Metadata mismatch (S1E2)
   ⛔️ Dropped '[𝐂𝐨𝐟𝐟𝐞𝐞𝐏𝐫𝐢𝐬𝐨𝐧] 𝐓𝐇𝐄 𝐁𝐄𝐀𝐔𝐓𝐘 𝐒𝟎𝟏𝐄𝟎𝟑 𝐃𝐒𝐍𝐏 𝐖𝐄𝐁': Metadata mismatch (S1E3)
⚠️ Low subtitle count (1). Attempting supplemental Name Search for 'The Beauty'...
🔍 Attempting API Name Search: The Beauty 2025
⚠️ Supplemental Name Search returned no match.
✅ StreamResolver: Processed subtitles for 59 streams (Attached to 59)
👑 Auto-promoting season pack: Красота / The Beauty / Сезон: 1 / Серии: 1-3 из 11 [2026 WEB-DLRip] MVO (HDrezka Studio) + Original
The.Beauty.S01.E01.Rus.Eng.RG.Anonymous.avi
👤 75 💾 641.32 MB ⚙️ Rutracker
🇬🇧 / 🇷🇺
   --- Processing Bucket: 2160p (Input: 4) ---
   ✅ Bucket 2160p Final Count: 4
   --- Processing Bucket: 1080p (Input: 33) ---
   ✅ Bucket 1080p Final Count: 33
   --- Processing Bucket: 720p (Input: 15) ---
   ✅ Bucket 720p Final Count: 15
   --- Processing Bucket: 480p (Input: 7) ---
   ✅ Bucket 480p Final Count: 7
📦 2160p Primary: The Beauty S01E01 Beautiful Pilot 2160p DSNP WEB-DL DDP5 1 DV H 265-FLUX
👤 5 💾 5.1 GB ⚙️ ThePirateBay
📦 1080p Primary: The Beauty S01E01 Beautiful Pilot 1080p DSNP WEB-DL DDP5 1 H 264-FLUX[EZTVx.to].mkv
/The Beauty S01E01 Beautiful Pilot 1080p DSNP WEB-DL DDP5 1 H 264-FLUX[EZTVx.to].mkv
💾 1.64 GB
📦 720p Primary: The Beauty S01E01 Beautiful Pilot 720p DSNP WEB-DL DDP5 1 H 264-FLUX
👤 110 💾 850.42 MB ⚙️ EZTV
✅ StreamResolver: Quality buckets ready
   ➕ Added 11 720p streams as backup
   ➕ Added 7 480p streams as backup
[2026-01-27T20:56:52Z] [INFO] [StreamService.swift:406] 📦 StreamService: Found 29 total streams to try (across all qualities)
✅ StreamService: Found 27 H.264 streams (Tier 1)
✅ StreamService: Found 24 'Clean' English streams. Deprioritizing 3 localized/dual streams.
📦 StreamService: 24 streams remain after size filter
🔄 StreamService: Trying stream 1/24: The Beauty S01E01 Beautiful Pilot 1080p DSNP WEB-DL DDP5 1 H 264-FLUX[EZTVx.to].mkv
/The Beauty S01E01 Beautiful Pilot 1080p DSNP WEB-DL DDP5 1 H 264-FLUX[EZTVx.to].mkv
💾 1.64 GB
🔍 StreamService: Resolving redirect URL: https://68d69db7dc40-debrid-search.baby-beamup.club/resolve/RealDebrid/K67JV2V4FTUA7RYN6T34BFIUBRUZERBO45A6UL3O7TE5ZHFDQQSA/NUYT7SYYBWPAY/https%3A%2F%2Freal-debrid.com%2Fd%2F2SF35E7WSIIQ2B09
✅ StreamService: Resolved to: https://chi3-4.download.real-debrid.com/d/J6N4F5E676LA241/The%20Beauty%20S01E01%20Beautiful%20Pilot%201080p%20DSNP%20WEB-DL%20DDP5%201%20H%20264-FLUX%5BEZTVx.to%5D.mkv
⚡️ StreamService: Stream is already a direct URL. Skipping backend unlock.
✅ StreamService: Selected stream: The Beauty S01E01 Beautiful Pilot 1080p DSNP WEB-DL DDP5 1 H 264-FLUX[EZTVx.to].mkv
/The Beauty S01E01 Beautiful Pilot 1080p DSNP WEB-DL DDP5 1 H 264-FLUX[EZTVx.to].mkv
💾 1.64 GB
📊 Stream Size: 1.64 GB
📦 StreamService: Appending 5 fallback streams (alternate codecs)
📦 StreamService: Returning 28 candidate streams for fallback
⚡️ StreamService: Stream is already a direct URL. Skipping backend unlock.
🔄 Lobby: Fetching fresh room state from Supabase...
✅ Lobby: Synced CLEAN stream info, metadata & playlist to AppState
⏰ AppState: Next schedule update set for Event End: 2026-01-27 23:02:34 +0000
⏰ AppState: Scheduling update in 7540 seconds
📡 [EventsConfig] Checking server for movie_events config version...
✅ [EventsConfig] Fetched movie_events version 1586 with 397 movies
✅ [EventsConfig] Using cached movie_events config (version 1586, 397 movies)
⏰ AppState: Next schedule update set for Event End: 2026-01-27 23:02:34 +0000
⏰ AppState: Scheduling update in 7530 seconds
🔄 Lobby: Fetching fresh room state from Supabase...
✅ Lobby: Synced CLEAN stream info, metadata & playlist to AppState
🛑 LobbyPresence: Polling stopped
🛑 LobbyDatabase: Polling stopped
🛑 Lobby: Polling stopped (chat via Realtime only)
✅ Host: Updated AppState selection to S1E1
✅ Host: Synced FULL Lobby state to AppState (Participants: 2, Playlist Idx: 0)
!!! MPVWrapper initialized - Build Version: 2026-01-19-GUEST-CACHE-BYPASS-v1 !!!
[ INFO ] GET /subtitles/subdl/L3N1YnRpdGxlLzM1NDQ4ODAtODQ2Njk4OC56aXA= [request-id: EB80F82C-9EAA-493E-B75B-43D388F3759C]
2026-01-27 15:57:10.831 RedLemon[39042:208055] ✅ [HOST_START] Sent LOBBY_PLAYBACK_STARTED signal (0.1s after navigateToPlayer)
2026-01-27 15:57:10.886 RedLemon[39042:208156] 📨 Realtime: Received broadcast message
2026-01-27 15:57:10.886 RedLemon[39042:208156]    Payload keys: chatUsername, chatText, senderId, type, position, timestamp
2026-01-27 15:57:10.904 RedLemon[39042:208198] 📝 [PLAYER] Resumed
2026-01-27 15:57:10.907 RedLemon[39042:208156] ✅ Realtime: Decoded message type: chat, sender: 4aef4e1b-ba8e-4d31-8736-bca3b94f402b
2026-01-27 15:57:10.907 RedLemon[39042:208491] 📝 Realtime: Registered observer 'player' (Presence: NO, Sync: YES, Status: NO)
2026-01-27 15:57:10.887 RedLemon[39042:208416] 📨 Realtime: Received broadcast message
2026-01-27 15:57:10.910 RedLemon[39042:208416]    Payload keys: chatUsername, chatText, senderId, type, position, timestamp
2026-01-27 15:57:10.910 RedLemon[39042:208416] ✅ Realtime: Decoded message type: chat, sender: 4aef4e1b-ba8e-4d31-8736-bca3b94f402b
2026-01-27 15:57:11.008 RedLemon[39042:208779] 📝 [PLAYER] Load Video (Smart) ["url": "https://chi3-4.download.real-debrid.com/d/J6N4F5E676LA241/The%20Beauty%20S01E01%20Beautiful%20Pilot%201080p%20DSNP%20WEB-DL%20DDP5%201%20H%20264-FLUX%5BEZTVx.to%5D.mkv"]
2026-01-27 15:57:11.248 RedLemon[39042:208156] Background: ⏰ Timeout fired! Attempting to fail continuation...
2026-01-27 15:57:11.357 RedLemon[39042:208743] 📝 [PLAYER] Playback State Changed ["state": "Paused"]
2026-01-27 15:57:11.358 RedLemon[39042:208743] 📝 [PLAYER] Buffering Started
2026-01-27 15:57:12.909 RedLemon[39042:208743] 📤 Realtime: Sending message type: playbackState, sender: 4AEF4E1B-BA8E-4D31-8736-BCA3B94F402B
2026-01-27 15:57:12.909 RedLemon[39042:208743]    Payload keys: isPlaying, senderId, type, position, timestamp
2026-01-27 15:57:12.910 RedLemon[39042:208743] ✅ Realtime: Message broadcast complete
2026-01-27 15:57:13.099 RedLemon[39042:208355] 📨 Realtime: Received broadcast message
2026-01-27 15:57:13.099 RedLemon[39042:208156] 📨 Realtime: Received broadcast message
2026-01-27 15:57:13.100 RedLemon[39042:208156]    Payload keys: position, timestamp, type, isPlaying, senderId
2026-01-27 15:57:13.100 RedLemon[39042:208355]    Payload keys: position, timestamp, type, isPlaying, senderId
2026-01-27 15:57:13.100 RedLemon[39042:208156] ✅ Realtime: Decoded message type: playbackState, sender: 4AEF4E1B-BA8E-4D31-8736-BCA3B94F402B
2026-01-27 15:57:13.100 RedLemon[39042:208055] ⚠️ Received Realtime message with no chat text (Type: playbackState)
2026-01-27 15:57:13.101 RedLemon[39042:208355] ✅ Realtime: Decoded message type: playbackState, sender: 4AEF4E1B-BA8E-4D31-8736-BCA3B94F402B
2026-01-27 15:57:13.593 RedLemon[39042:208355] 📝 [PLAYER] File Loaded ["duration": "2687.435"]
2026-01-27 15:57:13.610 RedLemon[39042:208355] 📤 Realtime: Sending message type: ready, sender: 4aef4e1b-ba8e-4d31-8736-bca3b94f402b
2026-01-27 15:57:13.611 RedLemon[39042:208355]    Payload keys: timestamp, position, senderId, isPlaying, type
2026-01-27 15:57:13.612 RedLemon[39042:208355] ✅ Realtime: Message broadcast complete
2026-01-27 15:57:13.732 RedLemon[39042:208781] 📨 Realtime: Received broadcast message
2026-01-27 15:57:13.733 RedLemon[39042:208743] 📨 Realtime: Received broadcast message
2026-01-27 15:57:13.733 RedLemon[39042:208781]    Payload keys: timestamp, position, type, senderId, isPlaying
2026-01-27 15:57:13.733 RedLemon[39042:208743]    Payload keys: timestamp, position, type, senderId, isPlaying
2026-01-27 15:57:13.733 RedLemon[39042:208781] ✅ Realtime: Decoded message type: ready, sender: 4aef4e1b-ba8e-4d31-8736-bca3b94f402b
2026-01-27 15:57:13.734 RedLemon[39042:208743] ✅ Realtime: Decoded message type: ready, sender: 4aef4e1b-ba8e-4d31-8736-bca3b94f402b
2026-01-27 15:57:13.820 RedLemon[39042:208055] ⚠️ Received Realtime message with no chat text (Type: ready)
2026-01-27 15:57:14.909 RedLemon[39042:208355] 📤 Realtime: Sending message type: playbackState, sender: 4AEF4E1B-BA8E-4D31-8736-BCA3B94F402B
2026-01-27 15:57:14.910 RedLemon[39042:208355]    Payload keys: senderId, type, isPlaying, timestamp, position
2026-01-27 15:57:14.911 RedLemon[39042:208355] ✅ Realtime: Message broadcast complete
2026-01-27 15:57:15.028 RedLemon[39042:208354] 📨 Realtime: Received broadcast message
2026-01-27 15:57:15.028 RedLemon[39042:208781] 📨 Realtime: Received broadcast message
2026-01-27 15:57:15.029 RedLemon[39042:208354]    Payload keys: senderId, type, isPlaying, position, timestamp
2026-01-27 15:57:15.029 RedLemon[39042:208781]    Payload keys: senderId, type, isPlaying, position, timestamp
2026-01-27 15:57:15.030 RedLemon[39042:208781] ✅ Realtime: Decoded message type: playbackState, sender: 4AEF4E1B-BA8E-4D31-8736-BCA3B94F402B
2026-01-27 15:57:15.030 RedLemon[39042:208354] ✅ Realtime: Decoded message type: playbackState, sender: 4AEF4E1B-BA8E-4D31-8736-BCA3B94F402B
2026-01-27 15:57:15.030 RedLemon[39042:208055] ⚠️ Received Realtime message with no chat text (Type: playbackState)
2026-01-27 15:57:15.593 RedLemon[39042:208354] 📤 Realtime: Sending message type: ready, sender: 4aef4e1b-ba8e-4d31-8736-bca3b94f402b
2026-01-27 15:57:15.593 RedLemon[39042:208354]    Payload keys: type, senderId, position, timestamp, isPlaying
2026-01-27 15:57:15.594 RedLemon[39042:208781] ✅ Realtime: Message broadcast complete
2026-01-27 15:57:15.719 RedLemon[39042:208779] 📨 Realtime: Received broadcast message
2026-01-27 15:57:15.719 RedLemon[39042:208781] 📨 Realtime: Received broadcast message
2026-01-27 15:57:15.719 RedLemon[39042:208781]    Payload keys: type, position, isPlaying, senderId, timestamp
2026-01-27 15:57:15.720 RedLemon[39042:208779]    Payload keys: type, position, isPlaying, senderId, timestamp
2026-01-27 15:57:15.720 RedLemon[39042:208781] ✅ Realtime: Decoded message type: ready, sender: 4aef4e1b-ba8e-4d31-8736-bca3b94f402b
2026-01-27 15:57:15.721 RedLemon[39042:208055] ⚠️ Received Realtime message with no chat text (Type: ready)
2026-01-27 15:57:15.721 RedLemon[39042:208779] ✅ Realtime: Decoded message type: ready, sender: 4aef4e1b-ba8e-4d31-8736-bca3b94f402b
2026-01-27 15:57:16.909 RedLemon[39042:208198] 📤 Realtime: Sending message type: playbackState, sender: 4AEF4E1B-BA8E-4D31-8736-BCA3B94F402B
2026-01-27 15:57:16.909 RedLemon[39042:208198]    Payload keys: isPlaying, type, position, senderId, timestamp
2026-01-27 15:57:16.910 RedLemon[39042:208198] ✅ Realtime: Message broadcast complete
2026-01-27 15:57:17.048 RedLemon[39042:208781] 📨 Realtime: Received broadcast message
2026-01-27 15:57:17.048 RedLemon[39042:208198] 📨 Realtime: Received broadcast message
2026-01-27 15:57:17.048 RedLemon[39042:208781]    Payload keys: isPlaying, position, senderId, type, timestamp
2026-01-27 15:57:17.048 RedLemon[39042:208198]    Payload keys: isPlaying, position, senderId, type, timestamp
2026-01-27 15:57:17.049 RedLemon[39042:208781] ✅ Realtime: Decoded message type: playbackState, sender: 4AEF4E1B-BA8E-4D31-8736-BCA3B94F402B
2026-01-27 15:57:17.049 RedLemon[39042:208198] ✅ Realtime: Decoded message type: playbackState, sender: 4AEF4E1B-BA8E-4D31-8736-BCA3B94F402B
2026-01-27 15:57:17.049 RedLemon[39042:208055] ⚠️ Received Realtime message with no chat text (Type: playbackState)
2026-01-27 15:57:17.594 RedLemon[39042:208779] 📤 Realtime: Sending message type: ready, sender: 4aef4e1b-ba8e-4d31-8736-bca3b94f402b
2026-01-27 15:57:17.594 RedLemon[39042:208779]    Payload keys: isPlaying, senderId, position, timestamp, type
2026-01-27 15:57:17.595 RedLemon[39042:208198] ✅ Realtime: Message broadcast complete
2026-01-27 15:57:17.775 RedLemon[39042:208781] 📨 Realtime: Received broadcast message
2026-01-27 15:57:17.775 RedLemon[39042:208198] 📨 Realtime: Received broadcast message
2026-01-27 15:57:17.776 RedLemon[39042:208198]    Payload keys: position, type, senderId, timestamp, isPlaying
2026-01-27 15:57:17.776 RedLemon[39042:208781]    Payload keys: position, type, senderId, timestamp, isPlaying
2026-01-27 15:57:17.776 RedLemon[39042:208198] ✅ Realtime: Decoded message type: ready, sender: 4aef4e1b-ba8e-4d31-8736-bca3b94f402b
2026-01-27 15:57:17.776 RedLemon[39042:208781] ✅ Realtime: Decoded message type: ready, sender: 4aef4e1b-ba8e-4d31-8736-bca3b94f402b
2026-01-27 15:57:17.776 RedLemon[39042:208055] ⚠️ Received Realtime message with no chat text (Type: ready)
2026-01-27 15:57:18.720 RedLemon[39042:208354] 📨 Realtime: Received broadcast message
2026-01-27 15:57:18.720 RedLemon[39042:208198] 📨 Realtime: Received broadcast message
2026-01-27 15:57:18.721 RedLemon[39042:208198]    Payload keys: isPlaying, type, senderId, position, timestamp
2026-01-27 15:57:18.721 RedLemon[39042:208354]    Payload keys: isPlaying, type, senderId, position, timestamp
2026-01-27 15:57:18.721 RedLemon[39042:208198] ✅ Realtime: Decoded message type: ready, sender: 96e01cdb-36c0-4228-a6e4-a29a3c66bc8e
2026-01-27 15:57:18.721 RedLemon[39042:208354] ✅ Realtime: Decoded message type: ready, sender: 96e01cdb-36c0-4228-a6e4-a29a3c66bc8e
2026-01-27 15:57:18.731 RedLemon[39042:208055] ⚠️ Received Realtime message with no chat text (Type: ready)
2026-01-27 15:57:18.909 RedLemon[39042:208198] 📤 Realtime: Sending message type: playbackState, sender: 4AEF4E1B-BA8E-4D31-8736-BCA3B94F402B
2026-01-27 15:57:18.909 RedLemon[39042:208198]    Payload keys: isPlaying, senderId, type, position, timestamp
2026-01-27 15:57:18.910 RedLemon[39042:208354] ✅ Realtime: Message broadcast complete
2026-01-27 15:57:19.028 RedLemon[39042:208354] 📨 Realtime: Received broadcast message
2026-01-27 15:57:19.028 RedLemon[39042:208198] 📨 Realtime: Received broadcast message
2026-01-27 15:57:19.028 RedLemon[39042:208354]    Payload keys: isPlaying, senderId, position, timestamp, type
2026-01-27 15:57:19.028 RedLemon[39042:208198]    Payload keys: isPlaying, senderId, position, timestamp, type
2026-01-27 15:57:19.028 RedLemon[39042:208354] ✅ Realtime: Decoded message type: playbackState, sender: 4AEF4E1B-BA8E-4D31-8736-BCA3B94F402B
2026-01-27 15:57:19.028 RedLemon[39042:208198] ✅ Realtime: Decoded message type: playbackState, sender: 4AEF4E1B-BA8E-4D31-8736-BCA3B94F402B
2026-01-27 15:57:19.029 RedLemon[39042:208055] ⚠️ Received Realtime message with no chat text (Type: playbackState)
2026-01-27 15:57:19.594 RedLemon[39042:208198] 📤 Realtime: Sending message type: ready, sender: 4aef4e1b-ba8e-4d31-8736-bca3b94f402b
2026-01-27 15:57:19.594 RedLemon[39042:208198]    Payload keys: timestamp, isPlaying, position, type, senderId
2026-01-27 15:57:19.595 RedLemon[39042:208779] ✅ Realtime: Message broadcast complete
2026-01-27 15:57:19.713 RedLemon[39042:208198] 📨 Realtime: Received broadcast message
2026-01-27 15:57:19.713 RedLemon[39042:208781] 📨 Realtime: Received broadcast message
2026-01-27 15:57:19.713 RedLemon[39042:208198]    Payload keys: type, position, timestamp, isPlaying, senderId
2026-01-27 15:57:19.713 RedLemon[39042:208781]    Payload keys: type, position, timestamp, isPlaying, senderId
2026-01-27 15:57:19.714 RedLemon[39042:208781] ✅ Realtime: Decoded message type: ready, sender: 4aef4e1b-ba8e-4d31-8736-bca3b94f402b
2026-01-27 15:57:19.714 RedLemon[39042:208198] ✅ Realtime: Decoded message type: ready, sender: 4aef4e1b-ba8e-4d31-8736-bca3b94f402b
2026-01-27 15:57:19.723 RedLemon[39042:208055] ⚠️ Received Realtime message with no chat text (Type: ready)
2026-01-27 15:57:19.752 RedLemon[39042:208198] 📤 Realtime: Sending message type: play, sender: 4aef4e1b-ba8e-4d31-8736-bca3b94f402b
2026-01-27 15:57:19.753 RedLemon[39042:208198]    Payload keys: senderId, type, timestamp, position, isPlaying
2026-01-27 15:57:19.754 RedLemon[39042:208198] ✅ Realtime: Message broadcast complete
2026-01-27 15:57:19.766 RedLemon[39042:208355] 📝 [PLAYER] Playback State Changed ["state": "Playing"]
2026-01-27 15:57:19.876 RedLemon[39042:208354] 📨 Realtime: Received broadcast message
2026-01-27 15:57:19.876 RedLemon[39042:208355] 📨 Realtime: Received broadcast message
2026-01-27 15:57:19.877 RedLemon[39042:208355]    Payload keys: senderId, timestamp, isPlaying, position, type
2026-01-27 15:57:19.877 RedLemon[39042:208354]    Payload keys: senderId, timestamp, isPlaying, position, type
2026-01-27 15:57:19.877 RedLemon[39042:208355] ✅ Realtime: Decoded message type: play, sender: 4aef4e1b-ba8e-4d31-8736-bca3b94f402b
2026-01-27 15:57:19.878 RedLemon[39042:208354] ✅ Realtime: Decoded message type: play, sender: 4aef4e1b-ba8e-4d31-8736-bca3b94f402b
2026-01-27 15:57:19.878 RedLemon[39042:208055] ⚠️ Received Realtime message with no chat text (Type: play)
2026-01-27 15:57:20.873 RedLemon[39042:208198] 📤 Realtime: Sending message type: play, sender: 4aef4e1b-ba8e-4d31-8736-bca3b94f402b
2026-01-27 15:57:20.873 RedLemon[39042:208198]    Payload keys: type, isPlaying, position, timestamp, senderId
2026-01-27 15:57:20.875 RedLemon[39042:208354] ✅ Realtime: Message broadcast complete
2026-01-27 15:57:20.962 RedLemon[39042:208198] 📤 Realtime: Sending message type: playbackState, sender: 4AEF4E1B-BA8E-4D31-8736-BCA3B94F402B
2026-01-27 15:57:20.962 RedLemon[39042:208198]    Payload keys: isPlaying, senderId, position, type, timestamp
2026-01-27 15:57:20.963 RedLemon[39042:208355] 🔐 SupabaseClient: Signing Identity Payload: '17695474404aef4e1b-ba8e-4d31-8736-bca3b94f402b/rpc/room_heartbeat'
2026-01-27 15:57:20.964 RedLemon[39042:208355] 🔐 Signed request to /rpc/room_heartbeat
2026-01-27 15:57:20.965 RedLemon[39042:208198] ✅ Realtime: Message broadcast complete
2026-01-27 15:57:20.967 RedLemon[39042:208354] 🔐 Signed request to /rooms
2026-01-27 15:57:20.992 RedLemon[39042:208355] 📨 Realtime: Received broadcast message
2026-01-27 15:57:20.993 RedLemon[39042:208354] 📨 Realtime: Received broadcast message
2026-01-27 15:57:20.993 RedLemon[39042:208354]    Payload keys: senderId, isPlaying, position, type, timestamp
2026-01-27 15:57:20.993 RedLemon[39042:208355]    Payload keys: senderId, isPlaying, position, type, timestamp
2026-01-27 15:57:20.993 RedLemon[39042:208354] ✅ Realtime: Decoded message type: play, sender: 4aef4e1b-ba8e-4d31-8736-bca3b94f402b
2026-01-27 15:57:20.993 RedLemon[39042:208355] ✅ Realtime: Decoded message type: play, sender: 4aef4e1b-ba8e-4d31-8736-bca3b94f402b
2026-01-27 15:57:21.002 RedLemon[39042:208055] ⚠️ Received Realtime message with no chat text (Type: play)
2026-01-27 15:57:21.044 RedLemon[39042:208055] 🛡️ Lobby: User 4aef4e1b-ba8e-4d31-8736-bca3b94f402b remains online (Remaining Refs: 1)
2026-01-27 15:57:21.080 RedLemon[39042:208781] 📨 Realtime: Received broadcast message
2026-01-27 15:57:21.080 RedLemon[39042:208355] 📨 Realtime: Received broadcast message
2026-01-27 15:57:21.080 RedLemon[39042:208781]    Payload keys: type, timestamp, senderId, position, isPlaying
2026-01-27 15:57:21.080 RedLemon[39042:208355]    Payload keys: type, timestamp, senderId, position, isPlaying
2026-01-27 15:57:21.080 RedLemon[39042:208781] ✅ Realtime: Decoded message type: playbackState, sender: 4AEF4E1B-BA8E-4D31-8736-BCA3B94F402B
2026-01-27 15:57:21.080 RedLemon[39042:208355] ✅ Realtime: Decoded message type: playbackState, sender: 4AEF4E1B-BA8E-4D31-8736-BCA3B94F402B
2026-01-27 15:57:21.088 RedLemon[39042:208055] ⚠️ Received Realtime message with no chat text (Type: playbackState)
2026-01-27 15:57:21.107 RedLemon[39042:208355] ✅ SupabaseClient: Updated room playback (Playing: true, Pos: 0s, ClearedStream: false)
2026-01-27 15:57:21.217 RedLemon[39042:208055] 📨 Lobby: Received Room UPDATE from Realtime
2026-01-27 15:57:21.232 RedLemon[39042:208055] 📨 Lobby: Received Room UPDATE from Realtime
2026-01-27 15:57:23.014 RedLemon[39042:208742] 📤 Realtime: Sending message type: playbackState, sender: 4AEF4E1B-BA8E-4D31-8736-BCA3B94F402B
2026-01-27 15:57:23.015 RedLemon[39042:208742]    Payload keys: senderId, isPlaying, timestamp, position, type
2026-01-27 15:57:23.017 RedLemon[39042:208779] ✅ Realtime: Message broadcast complete
2026-01-27 15:57:23.156 RedLemon[39042:208355] 📨 Realtime: Received broadcast message
2026-01-27 15:57:23.156 RedLemon[39042:208779] 📨 Realtime: Received broadcast message
2026-01-27 15:57:23.156 RedLemon[39042:208779]    Payload keys: type, senderId, isPlaying, timestamp, position
2026-01-27 15:57:23.156 RedLemon[39042:208355]    Payload keys: type, senderId, isPlaying, timestamp, position
2026-01-27 15:57:23.157 RedLemon[39042:208355] ✅ Realtime: Decoded message type: playbackState, sender: 4AEF4E1B-BA8E-4D31-8736-BCA3B94F402B
2026-01-27 15:57:23.157 RedLemon[39042:208779] ✅ Realtime: Decoded message type: playbackState, sender: 4AEF4E1B-BA8E-4D31-8736-BCA3B94F402B
2026-01-27 15:57:23.179 RedLemon[39042:208055] ⚠️ Received Realtime message with no chat text (Type: playbackState)
2026-01-27 15:57:24.181 RedLemon[39042:208055] 📨 Lobby: Received Room UPDATE from Realtime
2026-01-27 15:57:25.059 RedLemon[39042:208354] 📤 Realtime: Sending message type: playbackState, sender: 4AEF4E1B-BA8E-4D31-8736-BCA3B94F402B
2026-01-27 15:57:25.059 RedLemon[39042:208354]    Payload keys: timestamp, position, type, isPlaying, senderId
2026-01-27 15:57:25.060 RedLemon[39042:208779] ✅ Realtime: Message broadcast complete
2026-01-27 15:57:25.184 RedLemon[39042:208354] 📨 Realtime: Received broadcast message
2026-01-27 15:57:25.184 RedLemon[39042:208779] 📨 Realtime: Received broadcast message
2026-01-27 15:57:25.184 RedLemon[39042:208354]    Payload keys: isPlaying, senderId, timestamp, position, type
2026-01-27 15:57:25.184 RedLemon[39042:208779]    Payload keys: isPlaying, senderId, timestamp, position, type
2026-01-27 15:57:25.184 RedLemon[39042:208354] ✅ Realtime: Decoded message type: playbackState, sender: 4AEF4E1B-BA8E-4D31-8736-BCA3B94F402B
2026-01-27 15:57:25.184 RedLemon[39042:208779] ✅ Realtime: Decoded message type: playbackState, sender: 4AEF4E1B-BA8E-4D31-8736-BCA3B94F402B
2026-01-27 15:57:25.224 RedLemon[39042:208055] ⚠️ Received Realtime message with no chat text (Type: playbackState)
2026-01-27 15:57:27.017 RedLemon[39042:208742] 📤 Realtime: Sending message type: playbackState, sender: 4AEF4E1B-BA8E-4D31-8736-BCA3B94F402B
2026-01-27 15:57:27.018 RedLemon[39042:208742]    Payload keys: senderId, position, isPlaying, type, timestamp
2026-01-27 15:57:27.019 RedLemon[39042:208354] ✅ Realtime: Message broadcast complete
2026-01-27 15:57:27.104 RedLemon[39042:208198] 🔐 Signed request to /rpc/user_heartbeat
2026-01-27 15:57:27.136 RedLemon[39042:208198] 📨 Realtime: Received broadcast message
2026-01-27 15:57:27.136 RedLemon[39042:208742] 📨 Realtime: Received broadcast message
2026-01-27 15:57:27.136 RedLemon[39042:208198]    Payload keys: type, senderId, timestamp, isPlaying, position
2026-01-27 15:57:27.136 RedLemon[39042:208742]    Payload keys: type, senderId, timestamp, isPlaying, position
2026-01-27 15:57:27.136 RedLemon[39042:208198] ✅ Realtime: Decoded message type: playbackState, sender: 4AEF4E1B-BA8E-4D31-8736-BCA3B94F402B
2026-01-27 15:57:27.137 RedLemon[39042:208742] ✅ Realtime: Decoded message type: playbackState, sender: 4AEF4E1B-BA8E-4D31-8736-BCA3B94F402B
2026-01-27 15:57:27.143 RedLemon[39042:208055] ⚠️ Received Realtime message with no chat text (Type: playbackState)
2026-01-27 15:57:29.020 RedLemon[39042:208354] 📤 Realtime: Sending message type: playbackState, sender: 4AEF4E1B-BA8E-4D31-8736-BCA3B94F402B
2026-01-27 15:57:29.021 RedLemon[39042:208354]    Payload keys: type, senderId, timestamp, position, isPlaying
2026-01-27 15:57:29.023 RedLemon[39042:208742] ✅ Realtime: Message broadcast complete
2026-01-27 15:57:29.140 RedLemon[39042:208779] 📨 Realtime: Received broadcast message
2026-01-27 15:57:29.140 RedLemon[39042:208742] 📨 Realtime: Received broadcast message
2026-01-27 15:57:29.140 RedLemon[39042:208742]    Payload keys: senderId, isPlaying, timestamp, type, position
2026-01-27 15:57:29.140 RedLemon[39042:208779]    Payload keys: senderId, isPlaying, timestamp, type, position
2026-01-27 15:57:29.140 RedLemon[39042:208742] ✅ Realtime: Decoded message type: playbackState, sender: 4AEF4E1B-BA8E-4D31-8736-BCA3B94F402B
2026-01-27 15:57:29.140 RedLemon[39042:208779] ✅ Realtime: Decoded message type: playbackState, sender: 4AEF4E1B-BA8E-4D31-8736-BCA3B94F402B
2026-01-27 15:57:29.147 RedLemon[39042:208055] ⚠️ Received Realtime message with no chat text (Type: playbackState)
2026-01-27 15:57:30.939 RedLemon[39042:208742] 📤 Realtime: Sending message type: playbackState, sender: 4AEF4E1B-BA8E-4D31-8736-BCA3B94F402B
2026-01-27 15:57:30.939 RedLemon[39042:208742]    Payload keys: type, senderId, position, timestamp, isPlaying
2026-01-27 15:57:30.942 RedLemon[39042:208779] ✅ Realtime: Message broadcast complete
2026-01-27 15:57:30.944 RedLemon[39042:208355] 🔐 Signed request to /rooms
2026-01-27 15:57:31.069 RedLemon[39042:208355] 📨 Realtime: Received broadcast message
2026-01-27 15:57:31.069 RedLemon[39042:208354] 📨 Realtime: Received broadcast message
2026-01-27 15:57:31.069 RedLemon[39042:208354]    Payload keys: senderId, timestamp, type, position, isPlaying
2026-01-27 15:57:31.069 RedLemon[39042:208355]    Payload keys: senderId, timestamp, type, position, isPlaying
2026-01-27 15:57:31.070 RedLemon[39042:208354] ✅ Realtime: Decoded message type: playbackState, sender: 4AEF4E1B-BA8E-4D31-8736-BCA3B94F402B
2026-01-27 15:57:31.070 RedLemon[39042:208355] ✅ Realtime: Decoded message type: playbackState, sender: 4AEF4E1B-BA8E-4D31-8736-BCA3B94F402B
2026-01-27 15:57:31.082 RedLemon[39042:208781] ✅ SupabaseClient: Updated room playback (Playing: true, Pos: 10s, ClearedStream: false)
2026-01-27 15:57:31.105 RedLemon[39042:208055] ⚠️ Received Realtime message with no chat text (Type: playbackState)
2026-01-27 15:57:31.313 RedLemon[39042:208055] 📨 Lobby: Received Room UPDATE from Realtime
2026-01-27 15:57:32.983 RedLemon[39042:208355] 📤 Realtime: Sending message type: playbackState, sender: 4AEF4E1B-BA8E-4D31-8736-BCA3B94F402B
2026-01-27 15:57:32.984 RedLemon[39042:208355]    Payload keys: senderId, type, timestamp, position, isPlaying
2026-01-27 15:57:32.985 RedLemon[39042:208355] ✅ Realtime: Message broadcast complete
2026-01-27 15:57:33.101 RedLemon[39042:208354] 📨 Realtime: Received broadcast message
2026-01-27 15:57:33.101 RedLemon[39042:208355] 📨 Realtime: Received broadcast message
2026-01-27 15:57:33.101 RedLemon[39042:208354]    Payload keys: position, type, isPlaying, senderId, timestamp
2026-01-27 15:57:33.101 RedLemon[39042:208355]    Payload keys: position, type, isPlaying, senderId, timestamp
2026-01-27 15:57:33.102 RedLemon[39042:208354] ✅ Realtime: Decoded message type: playbackState, sender: 4AEF4E1B-BA8E-4D31-8736-BCA3B94F402B
2026-01-27 15:57:33.102 RedLemon[39042:208355] ✅ Realtime: Decoded message type: playbackState, sender: 4AEF4E1B-BA8E-4D31-8736-BCA3B94F402B
2026-01-27 15:57:33.107 RedLemon[39042:208055] ⚠️ Received Realtime message with no chat text (Type: playbackState)
2026-01-27 15:57:35.029 RedLemon[39042:208779] 📤 Realtime: Sending message type: playbackState, sender: 4AEF4E1B-BA8E-4D31-8736-BCA3B94F402B
2026-01-27 15:57:35.029 RedLemon[39042:208779]    Payload keys: position, type, senderId, isPlaying, timestamp
2026-01-27 15:57:35.030 RedLemon[39042:208198] ✅ Realtime: Message broadcast complete
2026-01-27 15:57:35.155 RedLemon[39042:208198] 📨 Realtime: Received broadcast message
2026-01-27 15:57:35.155 RedLemon[39042:208779] 📨 Realtime: Received broadcast message
2026-01-27 15:57:35.155 RedLemon[39042:208198]    Payload keys: type, isPlaying, senderId, position, timestamp
2026-01-27 15:57:35.155 RedLemon[39042:208779]    Payload keys: type, isPlaying, senderId, position, timestamp
2026-01-27 15:57:35.155 RedLemon[39042:208198] ✅ Realtime: Decoded message type: playbackState, sender: 4AEF4E1B-BA8E-4D31-8736-BCA3B94F402B
2026-01-27 15:57:35.155 RedLemon[39042:208779] ✅ Realtime: Decoded message type: playbackState, sender: 4AEF4E1B-BA8E-4D31-8736-BCA3B94F402B
2026-01-27 15:57:35.183 RedLemon[39042:208055] ⚠️ Received Realtime message with no chat text (Type: playbackState)
2026-01-27 15:57:36.909 RedLemon[39042:208781] 📤 Realtime: Sending message type: playbackState, sender: 4AEF4E1B-BA8E-4D31-8736-BCA3B94F402B
2026-01-27 15:57:36.910 RedLemon[39042:208781]    Payload keys: type, timestamp, position, isPlaying, senderId
2026-01-27 15:57:36.915 RedLemon[39042:208354] ✅ Realtime: Message broadcast complete
2026-01-27 15:57:37.041 RedLemon[39042:208354] 📨 Realtime: Received broadcast message
2026-01-27 15:57:37.041 RedLemon[39042:208198] 📨 Realtime: Received broadcast message
2026-01-27 15:57:37.041 RedLemon[39042:208198]    Payload keys: timestamp, isPlaying, senderId, type, position
2026-01-27 15:57:37.041 RedLemon[39042:208354]    Payload keys: timestamp, isPlaying, senderId, type, position
2026-01-27 15:57:37.042 RedLemon[39042:208354] ✅ Realtime: Decoded message type: playbackState, sender: 4AEF4E1B-BA8E-4D31-8736-BCA3B94F402B
2026-01-27 15:57:37.042 RedLemon[39042:208198] ✅ Realtime: Decoded message type: playbackState, sender: 4AEF4E1B-BA8E-4D31-8736-BCA3B94F402B
2026-01-27 15:57:37.042 RedLemon[39042:208055] ⚠️ Received Realtime message with no chat text (Type: playbackState)
2026-01-27 15:57:39.001 RedLemon[39042:208198] 📤 Realtime: Sending message type: playbackState, sender: 4AEF4E1B-BA8E-4D31-8736-BCA3B94F402B
2026-01-27 15:57:39.002 RedLemon[39042:208198]    Payload keys: position, isPlaying, type, senderId, timestamp
2026-01-27 15:57:39.003 RedLemon[39042:208198] ✅ Realtime: Message broadcast complete
2026-01-27 15:57:39.127 RedLemon[39042:208198] 📨 Realtime: Received broadcast message
2026-01-27 15:57:39.127 RedLemon[39042:208198]    Payload keys: position, senderId, isPlaying, timestamp, type
2026-01-27 15:57:39.127 RedLemon[39042:208742] 📨 Realtime: Received broadcast message
2026-01-27 15:57:39.127 RedLemon[39042:208742]    Payload keys: position, senderId, isPlaying, timestamp, type
2026-01-27 15:57:39.127 RedLemon[39042:208198] ✅ Realtime: Decoded message type: playbackState, sender: 4AEF4E1B-BA8E-4D31-8736-BCA3B94F402B
2026-01-27 15:57:39.129 RedLemon[39042:208742] ✅ Realtime: Decoded message type: playbackState, sender: 4AEF4E1B-BA8E-4D31-8736-BCA3B94F402B
2026-01-27 15:57:39.168 RedLemon[39042:208055] ⚠️ Received Realtime message with no chat text (Type: playbackState)
2026-01-27 15:57:40.990 RedLemon[39042:208781] 📤 Realtime: Sending message type: playbackState, sender: 4AEF4E1B-BA8E-4D31-8736-BCA3B94F402B
2026-01-27 15:57:40.992 RedLemon[39042:208781]    Payload keys: type, timestamp, isPlaying, senderId, position
2026-01-27 15:57:40.994 RedLemon[39042:208781] ✅ Realtime: Message broadcast complete
2026-01-27 15:57:40.995 RedLemon[39042:208198] 🔐 Signed request to /rooms
2026-01-27 15:57:41.112 RedLemon[39042:208355] 📨 Realtime: Received broadcast message
2026-01-27 15:57:41.112 RedLemon[39042:208781] 📨 Realtime: Received broadcast message
2026-01-27 15:57:41.112 RedLemon[39042:208781]    Payload keys: senderId, type, timestamp, isPlaying, position
2026-01-27 15:57:41.112 RedLemon[39042:208355]    Payload keys: senderId, type, timestamp, isPlaying, position
2026-01-27 15:57:41.113 RedLemon[39042:208355] ✅ Realtime: Decoded message type: playbackState, sender: 4AEF4E1B-BA8E-4D31-8736-BCA3B94F402B
2026-01-27 15:57:41.113 RedLemon[39042:208781] ✅ Realtime: Decoded message type: playbackState, sender: 4AEF4E1B-BA8E-4D31-8736-BCA3B94F402B
2026-01-27 15:57:41.117 RedLemon[39042:208055] ⚠️ Received Realtime message with no chat text (Type: playbackState)
2026-01-27 15:57:41.381 RedLemon[39042:208742] ✅ SupabaseClient: Updated room playback (Playing: true, Pos: 20s, ClearedStream: false)
2026-01-27 15:57:41.533 RedLemon[39042:208055] 📨 Lobby: Received Room UPDATE from Realtime
2026-01-27 15:57:43.033 RedLemon[39042:208355] 📤 Realtime: Sending message type: playbackState, sender: 4AEF4E1B-BA8E-4D31-8736-BCA3B94F402B
2026-01-27 15:57:43.034 RedLemon[39042:208355]    Payload keys: senderId, timestamp, isPlaying, position, type
2026-01-27 15:57:43.036 RedLemon[39042:208355] ✅ Realtime: Message broadcast complete
2026-01-27 15:57:43.161 RedLemon[39042:208779] 📨 Realtime: Received broadcast message
2026-01-27 15:57:43.161 RedLemon[39042:208355] 📨 Realtime: Received broadcast message
2026-01-27 15:57:43.162 RedLemon[39042:208779]    Payload keys: senderId, timestamp, isPlaying, position, type
2026-01-27 15:57:43.162 RedLemon[39042:208355]    Payload keys: senderId, timestamp, isPlaying, position, type
2026-01-27 15:57:43.163 RedLemon[39042:208779] ✅ Realtime: Decoded message type: playbackState, sender: 4AEF4E1B-BA8E-4D31-8736-BCA3B94F402B
2026-01-27 15:57:43.164 RedLemon[39042:208355] ✅ Realtime: Decoded message type: playbackState, sender: 4AEF4E1B-BA8E-4D31-8736-BCA3B94F402B
2026-01-27 15:57:43.200 RedLemon[39042:208055] ⚠️ Received Realtime message with no chat text (Type: playbackState)
2026-01-27 15:57:44.997 RedLemon[39042:208198] 📤 Realtime: Sending message type: playbackState, sender: 4AEF4E1B-BA8E-4D31-8736-BCA3B94F402B
2026-01-27 15:57:44.998 RedLemon[39042:208198]    Payload keys: position, timestamp, senderId, type, isPlaying
2026-01-27 15:57:44.999 RedLemon[39042:208779] ✅ Realtime: Message broadcast complete
2026-01-27 15:57:45.124 RedLemon[39042:208198] 📨 Realtime: Received broadcast message
2026-01-27 15:57:45.124 RedLemon[39042:208742] 📨 Realtime: Received broadcast message
2026-01-27 15:57:45.125 RedLemon[39042:208742]    Payload keys: isPlaying, position, senderId, timestamp, type
2026-01-27 15:57:45.125 RedLemon[39042:208198]    Payload keys: isPlaying, position, senderId, timestamp, type
2026-01-27 15:57:45.125 RedLemon[39042:208198] ✅ Realtime: Decoded message type: playbackState, sender: 4AEF4E1B-BA8E-4D31-8736-BCA3B94F402B
2026-01-27 15:57:45.126 RedLemon[39042:208742] ✅ Realtime: Decoded message type: playbackState, sender: 4AEF4E1B-BA8E-4D31-8736-BCA3B94F402B
2026-01-27 15:57:45.166 RedLemon[39042:208055] ⚠️ Received Realtime message with no chat text (Type: playbackState)
2026-01-27 15:57:47.038 RedLemon[39042:208779] 📤 Realtime: Sending message type: playbackState, sender: 4AEF4E1B-BA8E-4D31-8736-BCA3B94F402B
2026-01-27 15:57:47.039 RedLemon[39042:208779]    Payload keys: position, isPlaying, type, senderId, timestamp
2026-01-27 15:57:47.042 RedLemon[39042:208354] ✅ Realtime: Message broadcast complete
2026-01-27 15:57:47.165 RedLemon[39042:208198] 📨 Realtime: Received broadcast message
2026-01-27 15:57:47.165 RedLemon[39042:208779] 📨 Realtime: Received broadcast message
2026-01-27 15:57:47.165 RedLemon[39042:208198]    Payload keys: position, type, timestamp, senderId, isPlaying
2026-01-27 15:57:47.165 RedLemon[39042:208779]    Payload keys: position, type, timestamp, senderId, isPlaying
2026-01-27 15:57:47.166 RedLemon[39042:208779] ✅ Realtime: Decoded message type: playbackState, sender: 4AEF4E1B-BA8E-4D31-8736-BCA3B94F402B
2026-01-27 15:57:47.166 RedLemon[39042:208198] ✅ Realtime: Decoded message type: playbackState, sender: 4AEF4E1B-BA8E-4D31-8736-BCA3B94F402B
2026-01-27 15:57:47.205 RedLemon[39042:208055] ⚠️ Received Realtime message with no chat text (Type: playbackState)
2026-01-27 15:57:48.914 RedLemon[39042:208779] 📤 Realtime: Sending message type: playbackState, sender: 4AEF4E1B-BA8E-4D31-8736-BCA3B94F402B
2026-01-27 15:57:48.914 RedLemon[39042:208779]    Payload keys: senderId, timestamp, isPlaying, position, type
2026-01-27 15:57:48.915 RedLemon[39042:208781] ✅ Realtime: Message broadcast complete
📄 Subtitle request: L3N1YnRpdGxlLzM1NDQ4... (offset: 0ms)
📥 Downloading subtitle from SubDL CDN: /subtitle/3544880-8466988.zip
✅ Download complete: 30875 bytes
📦 Detected ZIP archive, extracting...
🔌 Setting up Realtime channel: watch-party:E43S
   Role: Host
   User ID: 4AEF4E1B-BA8E-4D31-8736-BCA3B94F402B
📡 Connection state: connected
📡 Connection state: connecting
📡 Topic realtime:watch-party:E43S already joined (interest count: 2), skipping phx_join
📡 Connection state: connected
✅ Realtime channel setup complete
✅ Cache HIT: Metadata[meta_series_tt33517752]
🔍 Looking for S%02dE%02d in zip (%d files)... 1 1 2
✅ Found matching file in zip (Strategy 2 - Pattern s01e01): [CoffeePrison] THE BEAUTY S01E01 DSNP WEB ENG.srt
📦 Extracting specific file: \[CoffeePrison\] THE BEAUTY S01E01 DSNP WEB ENG.srt
✅ Extraction successful
✅ Subtitle downloaded and converted to VTT
📡 SocialService: Updated status - online: The Beauty - S01E01: Beautiful Pilot
⏰ AppState: Next schedule update set for Event End: 2026-01-27 23:02:34 +0000
⏰ AppState: Scheduling update in 7523 seconds
⏰ AppState: Next schedule update set for Event End: 2026-01-27 23:02:34 +0000
⏰ AppState: Scheduling update in 7520 seconds
🔄 Lobby: Fetching fresh room state from Supabase...
🔄 Lobby: Fetching fresh room state from Supabase...
✅ Lobby: Synced CLEAN stream info, metadata & playlist to AppState
✅ Lobby: Synced CLEAN stream info, metadata & playlist to AppState
🔄 Lobby: Fetching fresh room state from Supabase...
✅ Lobby: Synced CLEAN stream info, metadata & playlist to AppState
⏰ AppState: Next schedule update set for Event End: 2026-01-27 23:02:34 +0000
⏰ AppState: Scheduling update in 7510 seconds
🔄 Lobby: Fetching fresh room state from Supabase...
✅ Lobby: Synced CLEAN stream info, metadata & playlist to AppState
⏰ AppState: Next schedule update set for Event End: 2026-01-27 23:02:34 +0000
⏰ AppState: Scheduling update in 7500 seconds
🔄 Lobby: Fetching fresh room state from Supabase...
✅ Lobby: Synced CLEAN stream info, metadata & playlist to AppState
⏰ AppState: Next schedule update set for Event End: 2026-01-27 23:02:34 +0000
⏰ AppState: Scheduling update in 7490 seconds
