2025-12-10 10:22:52.720 RedLemon[8162:61553] 🪟 Set initial window to expanded size: (0.0, 150.0, 1366.0, 593.0)
2025-12-10 10:22:52.721 RedLemon[8162:61553] ✅ Cache cleanup timer started (runs every 30 minutes)
2025-12-10 10:22:52.808 RedLemon[8162:61637] 🔍 KeychainManager: Retrieved username 'ursinho' from UserDefaults
2025-12-10 10:22:52.810 RedLemon[8162:61553] 🔄 Resetting playback state to prevent auto-selection...
2025-12-10 10:22:52.889 RedLemon[8162:61553] ✅ Playback state reset complete - starting in browse view
2025-12-10 10:22:52.889 RedLemon[8162:61553] 🔐 APP STARTUP: Loading stored user credentials...
2025-12-10 10:22:52.889 RedLemon[8162:61553] 🧪 Testing Profile: debug
2025-12-10 10:22:52.889 RedLemon[8162:61622] 🔍 KeychainManager: Retrieved username 'ursinho' from UserDefaults
2025-12-10 10:22:52.890 RedLemon[8162:61553] ✅ Keychain: Found stored username: ursinho
2025-12-10 10:22:52.890 RedLemon[8162:61553] 🔍 Supabase: Looking up user 'ursinho' in database...
2025-12-10 10:22:52.890 RedLemon[8162:61622] 🔍 SupabaseClient: Looking up user by username 'ursinho'
2025-12-10 10:22:53.181 RedLemon[8162:61638] 📡 SupabaseClient: User lookup response received (243 bytes)
2025-12-10 10:22:53.187 RedLemon[8162:61638] ✅ SupabaseClient: Decoded 1 users from response
2025-12-10 10:22:53.187 RedLemon[8162:61638] 👤 SupabaseClient: Found user - ursinho (ID: 656DAA91-33B4-4688-9135-C982EA52D7C9)
2025-12-10 10:22:53.188 RedLemon[8162:61553] ✅ Loaded user: ursinho (ID: 656DAA91-33B4-4688-9135-C982EA52D7C9)
2025-12-10 10:22:53.260 RedLemon[8162:61553] ✅ AUTH SUCCESS: User authenticated - ursinho (ID: 656DAA91-33B4-4688-9135-C982EA52D7C9)
2025-12-10 10:22:53.260 RedLemon[8162:61553] 🎯 AppState: currentUsername=ursinho, currentUserId=656DAA91-33B4-4688-9135-C982EA52D7C9
2025-12-10 10:22:53.261 RedLemon[8162:61553] 🏁 AUTH COMPLETE: Final state - username=ursinho, userId=656DAA91-33B4-4688-9135-C982EA52D7C9
2025-12-10 10:22:53.261 RedLemon[8162:61553] 🚀 RedLemon: Starting HTTP server...
2025-12-10 10:22:53.261 RedLemon[8162:61553] 📋 RedLemon: Current directory: /Users/danielnoble/Desktop/Redlemon
2025-12-10 10:22:53.277 RedLemon[8162:61553] ✅ RedLemon: HTTPServer instance created
2025-12-10 10:22:53.277 RedLemon[8162:61622] 📡 RedLemon: Server starting on port 47253...
✅ Sparkle configured (manual only, no auto-checks)
   Appcast URL: https://raw.githubusercontent.com/orangeapple1272/Redlemon/main/appcast.xml
   Can check: false
📅 EventsView appeared
🎬 [EventsView] Fetching movie events from centralized config...
📡 [EventsConfig] Checking server for movie_events config version...
🔍 Silent update check (custom implementation)...
🔍 Memory pressure monitoring enabled (safe mode)
📂 Loaded 3 credential(s) from cache
🖥️ CacheManager initialized with fixed conservative limits
   Image cache limit: 30 items
✅ Token routes registered:
   POST /tokens/save
   POST /tokens/delete
   GET  /tokens/list
✅ Unlock routes registered:
   POST /api/streams/unlock
✅ Stream routes registered:
   POST /api/streams/resolve
   GET  /api/streams/resolveByQuality
   GET  /api/streams/resolveAll
✅ Proxy routes registered:
   GET /play/rd/:infoHash/:fileIdx
   GET /play/rd/:infoHash
✅ Subtitle routes registered:
   GET /subtitles/search?imdbId=&type=
   GET /subtitles/subdl/:encodedPath
✅ All routes registered
✅ HTTP Server configured on http://127.0.0.1:47253
🚀 Starting HTTP server...
✅ Providers initialized: torrentio, comet, zilean, mediafusion
[ NOTICE ] Server started on http://127.0.0.1:47253
✅ HTTP server running on http://127.0.0.1:47253

🔗 Available endpoints:
   http://127.0.0.1:47253/health
   http://127.0.0.1:47253/status
   http://127.0.0.1:47253/api/health

✅ [EventsConfig] Fetched movie_events version 1211 with 427 movies
✅ [EventsConfig] Using cached movie_events config (version 1211, 427 movies)
✅ [EventsView] Loaded 427 movies from config version 1211
   1. Pacific Rim
   2. Harry Potter and the Sorcerer's Stone
   3. Stigmata
   4. Deadpool 2
   5. Split
   Movie: Pacific Rim | Runtime: 131m | Duration: 8460s
   Movie: Harry Potter and the Sorcerer's Stone | Runtime: 152m | Duration: 9720s
   Movie: Stigmata | Runtime: 103m | Duration: 6780s
   Movie: Deadpool 2 | Runtime: 120m | Duration: 7800s
   Movie: Split | Runtime: 117m | Duration: 7620s
   Movie: Oldboy | Runtime: 104m | Duration: 6840s
   Movie: Pirates of the Caribbean: The Curse of the Black Pearl | Runtime: 143m | Duration: 9180s
   Movie: Goodfellas | Runtime: 145m | Duration: 9300s
   Movie: The Expendables 4 | Runtime: 103m | Duration: 6780s
   Movie: Captain America: Civil War | Runtime: 147m | Duration: 9420s
   Movie: Avengers: Age of Ultron | Runtime: 141m | Duration: 9060s
   Movie: Doctor Strange in the Multiverse of Madness | Runtime: 126m | Duration: 8160s
   Movie: Anaconda | Runtime: 84m | Duration: 5640s
   Movie: Kraven the Hunter | Runtime: 127m | Duration: 8220s
   Movie: Thor: Ragnarok | Runtime: 131m | Duration: 8460s
   Movie: Se7en | Runtime: 127m | Duration: 8220s
   Movie: xXx: Return of Xander Cage | Runtime: 107m | Duration: 7020s
   Movie: The Expendables 3 | Runtime: 126m | Duration: 8160s
   Movie: Indiana Jones and the Dial of Destiny | Runtime: 155m | Duration: 9900s
   Movie: Flubber | Runtime: 93m | Duration: 6180s
   Movie: The Simpsons Movie | Runtime: 87m | Duration: 5820s
   Movie: Black Water | Runtime: 105m | Duration: 6900s
   Movie: Shrek 5 | Runtime: 120m | Duration: 7800s
   Movie: Apocalypse Now | Runtime: 147m | Duration: 9420s
   Movie: Tron: Legacy | Runtime: 126m | Duration: 8160s
   Movie: White Chicks | Runtime: 109m | Duration: 7140s
   Movie: The Mummy Returns | Runtime: 130m | Duration: 8400s
   Movie: Cast Away | Runtime: 143m | Duration: 9180s
   Movie: The Sixth Sense | Runtime: 107m | Duration: 7020s
   Movie: Lucy | Runtime: 89m | Duration: 5940s
   Movie: Aliens | Runtime: 137m | Duration: 8820s
   Movie: The Hunger Games: The Ballad of Songbirds & Snakes | Runtime: 157m | Duration: 10020s
   Movie: Jurassic World: Fallen Kingdom | Runtime: 129m | Duration: 8340s
   Movie: Death Race | Runtime: 105m | Duration: 6900s
   Movie: Silent Hill | Runtime: 125m | Duration: 8100s
   Movie: Monsters, Inc. | Runtime: 92m | Duration: 6120s
   Movie: Bad Boys II | Runtime: 146m | Duration: 9360s
   Movie: The Conjuring 2 | Runtime: 134m | Duration: 8640s
   Movie: Nope | Runtime: 130m | Duration: 8400s
   Movie: Harry Potter and the Goblet of Fire | Runtime: 157m | Duration: 10020s
   Movie: Blind Fury | Runtime: 86m | Duration: 5760s
   Movie: Thor | Runtime: 115m | Duration: 7500s
   Movie: 28 Years Later | Runtime: 115m | Duration: 7500s
   Movie: Despicable Me | Runtime: 95m | Duration: 6300s
   Movie: Black Swan | Runtime: 109m | Duration: 7140s
   Movie: Iron Man 2 | Runtime: 124m | Duration: 8040s
   Movie: Bullet Train | Runtime: 126m | Duration: 8160s
   Movie: The Pacifier | Runtime: 95m | Duration: 6300s
   Movie: Avengers: Endgame | Runtime: 181m | Duration: 11460s
   Movie: Harry Potter and the Deathly Hallows: Part 2 | Runtime: 130m | Duration: 8400s
   Movie: Weapons | Runtime: 129m | Duration: 8340s
   Movie: Anaconda | Runtime: 120m | Duration: 7800s
   Movie: 300: Rise of an Empire | Runtime: 102m | Duration: 6720s
   Movie: V for Vendetta | Runtime: 132m | Duration: 8520s
   Movie: Shrek the Third | Runtime: 93m | Duration: 6180s
   Movie: The Mummy: Tomb of the Dragon Emperor | Runtime: 112m | Duration: 7320s
   Movie: Memento | Runtime: 113m | Duration: 7380s
   Movie: Parasite | Runtime: 133m | Duration: 8580s
   Movie: Hereditary | Runtime: 128m | Duration: 8280s
   Movie: The Amazing Spider-Man 2 | Runtime: 141m | Duration: 9060s
   Movie: Monster | Runtime: 125m | Duration: 8100s
   Movie: Apocalypto | Runtime: 139m | Duration: 8940s
   Movie: Face/Off | Runtime: 139m | Duration: 8940s
   Movie: Jurassic World: Rebirth | Runtime: 134m | Duration: 8640s
   Movie: Top Gun | Runtime: 110m | Duration: 7200s
   Movie: The Menu | Runtime: 107m | Duration: 7020s
   Movie: Terminator Salvation | Runtime: 115m | Duration: 7500s
   Movie: Scouts Guide to the Zombie Apocalypse | Runtime: 93m | Duration: 6180s
   Movie: Civil War | Runtime: 109m | Duration: 7140s
   Movie: American History X | Runtime: 119m | Duration: 7740s
   Movie: We're the Millers | Runtime: 110m | Duration: 7200s
   Movie: Renfield | Runtime: 93m | Duration: 6180s
   Movie: Dracula | Runtime: 130m | Duration: 8400s
   Movie: Kung Fu Hustle | Runtime: 99m | Duration: 6540s
   Movie: Colombiana | Runtime: 108m | Duration: 7080s
   Movie: Night at the Museum | Runtime: 108m | Duration: 7080s
   Movie: MaXXXine | Runtime: 103m | Duration: 6780s
   Movie: Scooby-Doo | Runtime: 87m | Duration: 5820s
   Movie: Get Carter | Runtime: 102m | Duration: 6720s
   Movie: Saltburn | Runtime: 131m | Duration: 8460s
   Movie: Dune: Part Two | Runtime: 167m | Duration: 10620s
   Movie: Spider-Man 3 | Runtime: 139m | Duration: 8940s
   Movie: Turtles All the Way Down | Runtime: 111m | Duration: 7260s
   Movie: Terminator Genisys | Runtime: 126m | Duration: 8160s
   Movie: John Wick: Chapter 2 | Runtime: 122m | Duration: 7920s
   Movie: 8MM | Runtime: 123m | Duration: 7980s
   Movie: Godzilla x Kong: The New Empire | Runtime: 115m | Duration: 7500s
   Movie: Final Destination: Bloodlines | Runtime: 110m | Duration: 7200s
   Movie: Pirates of the Caribbean: Dead Men Tell No Tales | Runtime: 129m | Duration: 8340s
   Movie: Prey | Runtime: 100m | Duration: 6600s
   Movie: It: Chapter Two | Runtime: 169m | Duration: 10740s
   Movie: Shrek | Runtime: 90m | Duration: 6000s
   Movie: Now You See Me | Runtime: 116m | Duration: 7560s
   Movie: Jurassic World | Runtime: 124m | Duration: 8040s
   Movie: Drive | Runtime: 100m | Duration: 6600s
   Movie: The Emperor's New Groove | Runtime: 78m | Duration: 5280s
   Movie: Venom | Runtime: 112m | Duration: 7320s
   Movie: Transformers: Age of Extinction | Runtime: 165m | Duration: 10500s
   Movie: Shaft | Runtime: 99m | Duration: 6540s
   Movie: A Quiet Place: Day One | Runtime: 100m | Duration: 6600s
   Movie: The Hunger Games: Mockingjay - Part 1 | Runtime: 123m | Duration: 7980s
   Movie: Black Hawk Down | Runtime: 145m | Duration: 9300s
   Movie: Oldboy | Runtime: 120m | Duration: 7800s
   Movie: Alien³ | Runtime: 114m | Duration: 7440s
   Movie: The Strangers: Chapter 2 | Runtime: 98m | Duration: 6480s
   Movie: The Hunger Games: Mockingjay - Part 2 | Runtime: 137m | Duration: 8820s
   Movie: Fury | Runtime: 135m | Duration: 8700s
   Movie: Rush Hour 3 | Runtime: 90m | Duration: 6000s
   Movie: Avatar | Runtime: 162m | Duration: 10320s
   Movie: Jumanji: The Next Level | Runtime: 123m | Duration: 7980s
   Movie: The Matrix Reloaded | Runtime: 138m | Duration: 8880s
   Movie: Hostel | Runtime: 94m | Duration: 6240s
   Movie: The Green Mile | Runtime: 189m | Duration: 11940s
   Movie: Gladiator II | Runtime: 148m | Duration: 9480s
   Movie: The Nun II | Runtime: 110m | Duration: 7200s
   Movie: The Conjuring: Last Rites | Runtime: 136m | Duration: 8760s
   Movie: Blade Runner 2049 | Runtime: 164m | Duration: 10440s
   Movie: Deadpool | Runtime: 108m | Duration: 7080s
   Movie: The Lord of the Rings: The Return of the King | Runtime: 201m | Duration: 12660s
   Movie: RED | Runtime: 111m | Duration: 7260s
   Movie: Elf | Runtime: 97m | Duration: 6420s
   Movie: X | Runtime: 106m | Duration: 6960s
   Movie: The Martian | Runtime: 141m | Duration: 9060s
   Movie: Mad Max | Runtime: 91m | Duration: 6060s
   Movie: Ready Player One | Runtime: 140m | Duration: 9000s
   Movie: Waterworld | Runtime: 135m | Duration: 8700s
   Movie: Blue Streak | Runtime: 93m | Duration: 6180s
   Movie: The Lord of the Rings: The Fellowship of the Ring | Runtime: 179m | Duration: 11340s
   Movie: Insidious | Runtime: 102m | Duration: 6720s
   Movie: Harry Potter and the Half-Blood Prince | Runtime: 153m | Duration: 9780s
   Movie: Troy | Runtime: 163m | Duration: 10380s
   Movie: Fargo | Runtime: 98m | Duration: 6480s
   Movie: Final Destination 3 | Runtime: 92m | Duration: 6120s
   Movie: Now You See Me 2 | Runtime: 129m | Duration: 8340s
   Movie: Ninja Assassin | Runtime: 99m | Duration: 6540s
   Movie: Scarface | Runtime: 170m | Duration: 10800s
   Movie: Shrek 2 | Runtime: 92m | Duration: 6120s
   Movie: 24: Redemption | Runtime: 102m | Duration: 6720s
   Movie: Die Hard 2 | Runtime: 124m | Duration: 8040s
   Movie: 28 Days Later | Runtime: 113m | Duration: 7380s
   Movie: Four Brothers | Runtime: 109m | Duration: 7140s
   Movie: Real Steel | Runtime: 127m | Duration: 8220s
   Movie: The Hobbit: The Desolation of Smaug | Runtime: 161m | Duration: 10260s
   Movie: The Terminator | Runtime: 108m | Duration: 7080s
   Movie: Psycho | Runtime: 109m | Duration: 7140s
   Movie: Baghead | Runtime: 95m | Duration: 6300s
   Movie: Carry-On | Runtime: 120m | Duration: 7800s
   Movie: The Suicide Squad | Runtime: 132m | Duration: 8520s
   Movie: 2012 | Runtime: 158m | Duration: 10080s
   Movie: Shutter Island | Runtime: 138m | Duration: 8880s
   Movie: Iron Man | Runtime: 126m | Duration: 8160s
   Movie: Pirates of the Caribbean: At World's End | Runtime: 169m | Duration: 10740s
   Movie: Black Phone 2 | Runtime: 114m | Duration: 7440s
   Movie: District 9 | Runtime: 112m | Duration: 7320s
   Movie: Kingdom of the Planet of the Apes | Runtime: 145m | Duration: 9300s
   Movie: Nobody | Runtime: 91m | Duration: 6060s
   Movie: Edge of Tomorrow | Runtime: 114m | Duration: 7440s
   Movie: Karate Kid: Legends | Runtime: 94m | Duration: 6240s
   Movie: The Fall Guy | Runtime: 127m | Duration: 8220s
   Movie: Harry Potter and the Chamber of Secrets | Runtime: 161m | Duration: 10260s
   Movie: Snatch | Runtime: 90m | Duration: 6000s
   Movie: Venom: The Last Dance | Runtime: 109m | Duration: 7140s
   Movie: The Illusionist | Runtime: 110m | Duration: 7200s
   Movie: Transformers One | Runtime: 104m | Duration: 6840s
   Movie: The Mummy | Runtime: 124m | Duration: 8040s
   Movie: Predator: Badlands | Runtime: 107m | Duration: 7020s
   Movie: Paranormal Activity | Runtime: 86m | Duration: 5760s
   Movie: F1: The Movie | Runtime: 156m | Duration: 9960s
   Movie: John Wick: Chapter 4 | Runtime: 170m | Duration: 10800s
   Movie: Mickey 17 | Runtime: 137m | Duration: 8820s
   Movie: Despicable Me 2 | Runtime: 98m | Duration: 6480s
   Movie: Madagascar: Escape 2 Africa | Runtime: 89m | Duration: 5940s
   Movie: Frankenstein | Runtime: 150m | Duration: 9600s
   Movie: Gattaca | Runtime: 107m | Duration: 7020s
   Movie: The Amazing Spider-Man | Runtime: 136m | Duration: 8760s
   Movie: Furiosa: A Mad Max Saga | Runtime: 149m | Duration: 9540s
   Movie: Nobody 2 | Runtime: 89m | Duration: 5940s
   Movie: Everything Everywhere All at Once | Runtime: 140m | Duration: 9000s
   Movie: The Shining | Runtime: 144m | Duration: 9240s
   Movie: The Hobbit: An Unexpected Journey | Runtime: 169m | Duration: 10740s
   Movie: Dogma | Runtime: 130m | Duration: 8400s
   Movie: Inside Man | Runtime: 129m | Duration: 8340s
   Movie: The Batman | Runtime: 177m | Duration: 11220s
   Movie: Eyes Wide Shut | Runtime: 159m | Duration: 10140s
   Movie: Sinners | Runtime: 138m | Duration: 8880s
   Movie: Alien | Runtime: 117m | Duration: 7620s
   Movie: Mystery Men | Runtime: 121m | Duration: 7860s
   Movie: King Kong | Runtime: 188m | Duration: 11880s
   Movie: Kung Fu Panda 2 | Runtime: 91m | Duration: 6060s
   Movie: Mission: Impossible - Fallout | Runtime: 147m | Duration: 9420s
   Movie: Incredibles 2 | Runtime: 118m | Duration: 7680s
   Movie: The Equalizer 3 | Runtime: 109m | Duration: 7140s
   Movie: Thunderbolts* | Runtime: 127m | Duration: 8220s
   Movie: Get Out | Runtime: 104m | Duration: 6840s
   Movie: Godzilla: King of the Monsters | Runtime: 132m | Duration: 8520s
   Movie: Tron: Ares | Runtime: 119m | Duration: 7740s
   Movie: Jurassic World: Dominion | Runtime: 147m | Duration: 9420s
   Movie: Raiders of the Lost Ark | Runtime: 115m | Duration: 7500s
   Movie: The Negotiator | Runtime: 140m | Duration: 9000s
   Movie: Gladiator | Runtime: 155m | Duration: 9900s
   Movie: Between Worlds | Runtime: 90m | Duration: 6000s
   Movie: Training Day | Runtime: 122m | Duration: 7920s
   Movie: Harry Potter and the Deathly Hallows: Part 1 | Runtime: 146m | Duration: 9360s
   Movie: Smile | Runtime: 115m | Duration: 7500s
   Movie: Constantine | Runtime: 121m | Duration: 7860s
   Movie: Annabelle Comes Home | Runtime: 106m | Duration: 6960s
   Movie: Shaolin Soccer | Runtime: 113m | Duration: 7380s
   Movie: Kill Bill: The Whole Bloody Affair | Runtime: 247m | Duration: 15420s
   Movie: The Marvels | Runtime: 105m | Duration: 6900s
   Movie: The Usual Suspects | Runtime: 106m | Duration: 6960s
   Movie: Mission: Impossible - Dead Reckoning Part One | Runtime: 164m | Duration: 10440s
   Movie: Candyman | Runtime: 91m | Duration: 6060s
   Movie: Thor: Love and Thunder | Runtime: 119m | Duration: 7740s
   Movie: Night at the Museum: Secret of the Tomb | Runtime: 98m | Duration: 6480s
   Movie: Dawn of the Planet of the Apes | Runtime: 130m | Duration: 8400s
   Movie: Harry Potter and the Prisoner of Azkaban | Runtime: 141m | Duration: 9060s
   Movie: Johnny English | Runtime: 87m | Duration: 5820s
   Movie: Scream | Runtime: 112m | Duration: 7320s
   Movie: Little Man | Runtime: 98m | Duration: 6480s
   Movie: Furious 7 | Runtime: 139m | Duration: 8940s
   Movie: Wild Hogs | Runtime: 100m | Duration: 6600s
   Movie: Dune: Part One | Runtime: 155m | Duration: 9900s
   Movie: The Incredible Hulk | Runtime: 114m | Duration: 7440s
   Movie: Batman Begins | Runtime: 140m | Duration: 9000s
   Movie: Man of Steel | Runtime: 143m | Duration: 9180s
   Movie: The Conjuring | Runtime: 112m | Duration: 7320s
   Movie: Five Nights at Freddy's | Runtime: 110m | Duration: 7200s
   Movie: Shrek Forever After | Runtime: 93m | Duration: 6180s
   Movie: M3GAN 2.0 | Runtime: 120m | Duration: 7800s
   Movie: Underworld | Runtime: 122m | Duration: 7920s
   Movie: Pirates of the Caribbean: Dead Man's Chest | Runtime: 151m | Duration: 9660s
   Movie: Iron Man 3 | Runtime: 130m | Duration: 8400s
   Movie: The Departed | Runtime: 151m | Duration: 9660s
   Movie: Mission: Impossible - The Final Reckoning | Runtime: 170m | Duration: 10800s
   Movie: Annabelle | Runtime: 99m | Duration: 6540s
   Movie: Him | Runtime: 96m | Duration: 6360s
   Movie: Van Helsing | Runtime: 132m | Duration: 8520s
   Movie: The Conjuring: The Devil Made Me Do It | Runtime: 111m | Duration: 7260s
   Movie: The Fan | Runtime: 116m | Duration: 7560s
   Movie: Napoleon | Runtime: 158m | Duration: 10080s
   Movie: 1917 | Runtime: 119m | Duration: 7740s
   Movie: I Am Legend | Runtime: 101m | Duration: 6660s
   Movie: Arrival | Runtime: 116m | Duration: 7560s
   Movie: Joker: Folie à Deux | Runtime: 138m | Duration: 8880s
   Movie: Back to the Future Part II | Runtime: 108m | Duration: 7080s
   Movie: Old | Runtime: 108m | Duration: 7080s
   Movie: The Wolf of Wall Street | Runtime: 180m | Duration: 11400s
   Movie: Surrogates | Runtime: 89m | Duration: 5940s
   Movie: The Fifth Element | Runtime: 126m | Duration: 8160s
   Movie: Girls Trip | Runtime: 122m | Duration: 7920s
   Movie: World War Z | Runtime: 116m | Duration: 7560s
   Movie: Heretic | Runtime: 111m | Duration: 7260s
   Movie: Inglourious Basterds | Runtime: 153m | Duration: 9780s
   Movie: Logan | Runtime: 137m | Duration: 8820s
   Movie: Man on Fire | Runtime: 146m | Duration: 9360s
   Movie: Smile 2 | Runtime: 127m | Duration: 8220s
   Movie: Evil Dead Rise | Runtime: 96m | Duration: 6360s
   Movie: Harry Potter and the Order of the Phoenix | Runtime: 138m | Duration: 8880s
   Movie: Predator 2 | Runtime: 108m | Duration: 7080s
   Movie: Saw | Runtime: 103m | Duration: 6780s
   Movie: Abigail | Runtime: 109m | Duration: 7140s
   Movie: Interstellar | Runtime: 169m | Duration: 1072025-12-10 10:22:55.278 RedLemon[8162:61553] ✅ RedLemon: Server marked as ready
2025-12-10 10:22:55.331 RedLemon[8162:61553] ✅ RedLemon: Server should be running on http://127.0.0.1:47253
2025-12-10 10:22:55.331 RedLemon[8162:61553] 🔍 Performing startup checks...
2025-12-10 10:22:55.331 RedLemon[8162:61553] ✅ Username-based authentication ready
2025-12-10 10:22:55.331 RedLemon[8162:61553] 🔍 Performing startup checks...
2025-12-10 10:22:55.331 RedLemon[8162:61553] ✅ Username-based authentication ready
2025-12-10 10:22:55.331 RedLemon[8162:61553] 🔄 Checking for app updates...
40s
   Movie: Taken | Runtime: 94m | Duration: 6240s
   Movie: The Drop | Runtime: 106m | Duration: 6960s
   Movie: Aquaman | Runtime: 143m | Duration: 9180s
   Movie: The Monkey | Runtime: 97m | Duration: 6420s
   Movie: The Faculty | Runtime: 104m | Duration: 6840s
   Movie: Home Alone 2: Lost in New York | Runtime: 120m | Duration: 7800s
   Movie: Cloud Atlas | Runtime: 172m | Duration: 10920s
   Movie: Avengers: Infinity War | Runtime: 149m | Duration: 9540s
   Movie: Scary Movie 2 | Runtime: 82m | Duration: 5520s
   Movie: Chronicle | Runtime: 84m | Duration: 5640s
   Movie: Back to the Future | Runtime: 116m | Duration: 7560s
   Movie: The Black Phone | Runtime: 103m | Duration: 6780s
   Movie: The Mask | Runtime: 101m | Duration: 6660s
   Movie: Meet the Robinsons | Runtime: 95m | Duration: 6300s
   Movie: Orphan | Runtime: 122m | Duration: 7920s
   Movie: Terminator 2: Judgment Day | Runtime: 137m | Duration: 8820s
   Movie: Bad Boys | Runtime: 119m | Duration: 7740s
   Movie: Fast X | Runtime: 142m | Duration: 9120s
   Movie: The Matrix | Runtime: 136m | Duration: 8760s
   Movie: Nosferatu | Runtime: 133m | Duration: 8580s
   Movie: Transformers: Rise of the Beasts | Runtime: 127m | Duration: 8220s
   Movie: It Follows | Runtime: 101m | Duration: 6660s
   Movie: Godzilla | Runtime: 139m | Duration: 8940s
   Movie: Fight Club | Runtime: 139m | Duration: 8940s
   Movie: Jingle All the Way | Runtime: 89m | Duration: 5940s
   Movie: The Super Mario Bros. Movie | Runtime: 93m | Duration: 6180s
   Movie: Candyman | Runtime: 100m | Duration: 6600s
   Movie: A Minecraft Movie | Runtime: 120m | Duration: 7800s
   Movie: The Substance | Runtime: 141m | Duration: 9060s
   Movie: Safe House | Runtime: 90m | Duration: 6000s
   Movie: War of the Worlds | Runtime: 91m | Duration: 6060s
   Movie: Companion | Runtime: 97m | Duration: 6420s
   Movie: Spider-Man | Runtime: 121m | Duration: 7860s
   Movie: Taken 3 | Runtime: 109m | Duration: 7140s
   Movie: Conan the Barbarian | Runtime: 130m | Duration: 8400s
   Movie: Mr. & Mrs. Smith | Runtime: 120m | Duration: 7800s
   Movie: The Maze Runner | Runtime: 113m | Duration: 7380s
   Movie: The Medallion | Runtime: 88m | Duration: 5880s
   Movie: Predator | Runtime: 107m | Duration: 7020s
   Movie: Ballerina | Runtime: 125m | Duration: 8100s
   Movie: Predators | Runtime: 107m | Duration: 7020s
   Movie: Hot Fuzz | Runtime: 121m | Duration: 7860s
   Movie: The Nun | Runtime: 96m | Duration: 6360s
   Movie: Cobweb | Runtime: 88m | Duration: 5880s
   Movie: Wild Things | Runtime: 108m | Duration: 7080s
   Movie: The Matrix Resurrections | Runtime: 147m | Duration: 9420s
   Movie: Riddick | Runtime: 119m | Duration: 7740s
   Movie: Train to Busan | Runtime: 118m | Duration: 7680s
   Movie: War 2 | Runtime: 173m | Duration: 10980s
   Movie: The Big Lebowski | Runtime: 117m | Duration: 7620s
   Movie: The Lord of the Rings: The Two Towers | Runtime: 179m | Duration: 11340s
   Movie: Resident Evil: Red Falls | Runtime: 53m | Duration: 3780s
   Movie: Inside Out 2 | Runtime: 97m | Duration: 6420s
   Movie: Signs | Runtime: 106m | Duration: 6960s
   Movie: The Barbarian | Runtime: 83m | Duration: 5580s
   Movie: The Karate Kid | Runtime: 140m | Duration: 9000s
   Movie: Taxi Driver | Runtime: 114m | Duration: 7440s
   Movie: Inception | Runtime: 148m | Duration: 9480s
   Movie: War | Runtime: 103m | Duration: 6780s
   Movie: Avatar: The Way of Water | Runtime: 192m | Duration: 12120s
   Movie: Code 3 | Runtime: 100m | Duration: 6600s
   Movie: The Hobbit: The Battle of the Five Armies | Runtime: 144m | Duration: 9240s
   Movie: Captain America: Brave New World | Runtime: 119m | Duration: 7740s
   Movie: Exit Wounds | Runtime: 101m | Duration: 6660s
   Movie: Snatch | Runtime: 103m | Duration: 6780s
   Movie: Triangle | Runtime: 98m | Duration: 6480s
   Movie: The Godfather Part III | Runtime: 162m | Duration: 10320s
   Movie: Creed | Runtime: 133m | Duration: 8580s
   Movie: The Godfather Part II | Runtime: 202m | Duration: 12720s
   Movie: Longlegs | Runtime: 101m | Duration: 6660s
   Movie: The Godfather | Runtime: 175m | Duration: 11100s
   Movie: The Last Samurai | Runtime: 154m | Duration: 9840s
   Movie: The Dark Knight | Runtime: 152m | Duration: 9720s
   Movie: Guardians of the Galaxy Vol. 3 | Runtime: 150m | Duration: 9600s
   Movie: The Equalizer | Runtime: 132m | Duration: 8520s
   Movie: The Imitation Game | Runtime: 113m | Duration: 7380s
   Movie: Joe Dirt | Runtime: 91m | Duration: 6060s
   Movie: X-Men: Days of Future Past | Runtime: 132m | Duration: 8520s
   Movie: Rush Hour | Runtime: 97m | Duration: 6420s
   Movie: Guardians of the Galaxy Vol. 2 | Runtime: 137m | Duration: 8820s
   Movie: The Hunger Games: Catching Fire | Runtime: 146m | Duration: 9360s
   Movie: The Parent Trap | Runtime: 128m | Duration: 8280s
   Movie: The Accountant 2 | Runtime: 133m | Duration: 8580s
   Movie: xXx | Runtime: 124m | Duration: 8040s
   Movie: A Haunted House 2 | Runtime: 87m | Duration: 5820s
   Movie: Aliens vs. Predator: Requiem | Runtime: 94m | Duration: 6240s
   Movie: Blade Runner | Runtime: 118m | Duration: 7680s
   Movie: Baby Boy | Runtime: 130m | Duration: 8400s
   Movie: 2001: A Space Odyssey | Runtime: 149m | Duration: 9540s
   Movie: Léon: The Professional | Runtime: 111m | Duration: 7260s
   Movie: The Long Walk | Runtime: 108m | Duration: 7080s
   Movie: Stuber | Runtime: 93m | Duration: 6180s
   Movie: Sinister | Runtime: 110m | Duration: 7200s
   Movie: A.I. Artificial Intelligence | Runtime: 146m | Duration: 9360s
   Movie: Alien: Romulus | Runtime: 119m | Duration: 7740s
   Movie: The Woman in Cabin 10 | Runtime: 95m | Duration: 6300s
   Movie: Wanted | Runtime: 110m | Duration: 7200s
   Movie: Ocean's Eight | Runtime: 111m | Duration: 7260s
   Movie: Joker | Runtime: 122m | Duration: 7920s
   Movie: Catch Me If You Can | Runtime: 141m | Duration: 9060s
   Movie: Evil Dead 2 | Runtime: 96m | Duration: 6360s
   Movie: Cargo | Runtime: 105m | Duration: 6900s
   Movie: Barbie | Runtime: 114m | Duration: 7440s
   Movie: Mad Max: Fury Road | Runtime: 121m | Duration: 7860s
   Movie: Batman Returns | Runtime: 126m | Duration: 8160s
   Movie: The Naked Gun | Runtime: 85m | Duration: 5700s
   Movie: Cool Runnings | Runtime: 98m | Duration: 6480s
   Movie: Fractured | Runtime: 101m | Duration: 6660s
   Movie: Bugonia | Runtime: 119m | Duration: 7740s
   Movie: Shooter | Runtime: 124m | Duration: 8040s
   Movie: Contact | Runtime: 150m | Duration: 9600s
   Movie: Road House | Runtime: 121m | Duration: 7860s
   Movie: Deja Vu | Runtime: 126m | Duration: 8160s
   Movie: Southpaw | Runtime: 123m | Duration: 7980s
   Movie: Silent Night | Runtime: 104m | Duration: 6840s
   Movie: Casino Royale | Runtime: 144m | Duration: 9240s
   Movie: The Running Man | Runtime: 133m | Duration: 8580s
   Movie: The Covenant | Runtime: 123m | Duration: 7980s
   Movie: Bad Boys for Life | Runtime: 124m | Duration: 8040s
   Movie: Blade: Trinity | Runtime: 123m | Duration: 7980s
   Movie: Freaky Tales | Runtime: 107m | Duration: 7020s
   Movie: The Fantastic Four: First Steps | Runtime: 115m | Duration: 7500s
   Movie: Together | Runtime: 102m | Duration: 6720s
   Movie: Fast & Furious Presents: Hobbs & Shaw | Runtime: 137m | Duration: 8820s
   Movie: No Country for Old Men | Runtime: 122m | Duration: 7920s
   Movie: Top Gun: Maverick | Runtime: 131m | Duration: 8460s
   Movie: No Escape | Runtime: 103m | Duration: 6780s
   Movie: The Exorcist | Runtime: 122m | Duration: 7920s
   Movie: Die Hard | Runtime: 132m | Duration: 8520s
   Movie: The Smashing Machine | Runtime: 123m | Duration: 7980s
   Movie: Fruitvale Station | Runtime: 82m | Duration: 5520s
   Movie: Playdate | Runtime: 93m | Duration: 6180s
   Movie: Presence | Runtime: 84m | Duration: 5640s
   Movie: Fracture | Runtime: 113m | Duration: 7380s
   Movie: Plane | Runtime: 107m | Duration: 7020s
   Movie: Venom: Let There Be Carnage | Runtime: 97m | Duration: 6420s
   Movie: Pulp Fiction | Runtime: 154m | Duration: 9840s
   Movie: Men in Black | Runtime: 98m | Duration: 6480s
   Movie: Batman v Superman: Dawn of Justice | Runtime: 152m | Duration: 9720s
   Movie: Thir13en Ghosts | Runtime: 91m | Duration: 6060s
   Movie: Ma | Runtime: 99m | Duration: 6540s
   Movie: Descendants 2 | Runtime: 111m | Duration: 7260s
   Movie: The Orphanage | Runtime: 105m | Duration: 6900s
   Movie: It | Runtime: 135m | Duration: 8700s
   Movie: The Prestige | Runtime: 130m | Duration: 8400s
   Movie: Bring Her Back | Runtime: 104m | Duration: 6840s
   Movie: Tower Heist | Runtime: 104m | Duration: 6840s
   Movie: Pirates of the Caribbean: On Stranger Tides | Runtime: 136m | Duration: 8760s
   Movie: The Dark Knight Rises | Runtime: 165m | Duration: 10500s
   Movie: Escape Room | Runtime: 99m | Duration: 6540s
   Movie: A Bronx Tale | Runtime: 121m | Duration: 7860s
   Movie: Kill Bill: Vol. 1 | Runtime: 111m | Duration: 7260s
   Movie: Wonder Woman | Runtime: 141m | Duration: 9060s
   Movie: Her | Runtime: 126m | Duration: 8160s
   Movie: Deadpool & Wolverine | Runtime: 128m | Duration: 8280s
   Movie: The Prey | Runtime: 102m | Duration: 6720s
   Movie: Smokin' Aces | Runtime: 109m | Duration: 7140s
   Movie: Central Intelligence | Runtime: 107m | Duration: 7020s
   Movie: War of the Worlds | Runtime: 117m | Duration: 7620s
   Movie: The Avengers | Runtime: 143m | Duration: 9180s
   Movie: Borderlands | Runtime: 101m | Duration: 6660s
   Movie: The Jacket | Runtime: 103m | Duration: 6780s
   Movie: John Wick: Chapter 3 - Parabellum | Runtime: 131m | Duration: 8460s
   Movie: Gone Girl | Runtime: 149m | Duration: 9540s
   Movie: Taken 2 | Runtime: 91m | Duration: 6060s
🎬 Live Event: Night at the Museum
   Metadata runtime: 108 min
   Calculated duration: 118 minutes
📅 Schedule Updated:
   Live: Night at the Museum
   Progress: 1013s / 7080s
🔌 SocialService: Connecting to global presence...
🔌 Connecting to Supabase Realtime: wss://nhvsojszwfvcinkyvzmf.supabase.co/realtime/v1/websocket
✅ Connected to Supabase Realtime
🔍 Supabase Response for /rooms: [{"id":"event_tt0477347","name":"Night at the Museum","host_user_id":"96e01cdb-36c0-4228-a6e4-a29a3c66bc8e","host_username":"RedLemon Events","stream_hash":"70533c87ed14974be6a9ccaaf7e8081772619607","imdb_id":"tt0477347","poster_url":"https://images.metahub.space/poster/small/tt0477347/img","backdrop_url":"https://images.metahub.space/background/medium/tt0477347/img","playback_position":0,"is_playing":false,"participants_count":1,"max_participants":50,"is_public":true,"created_at":"2025-12-10T15:09:44.021863","last_activity":"2025-12-10T15:09:44.096748","season":null,"episode":null,"selected_quality":null,"selected_file_idx":null,"unlocked_stream_url":null,"description":null,"current_playlist_index":0,"playlist":[]}]
🔍 Supabase Response for /rooms: []
📡 Joined channel: realtime:global-presence
🔍 Supabase Response for /rooms: []
✅ SocialService: Connected to global presence
🔌 SocialService: Connecting to DM channel...
🔌 Connecting to Supabase Realtime: wss://nhvsojszwfvcinkyvzmf.supabase.co/realtime/v1/websocket
✅ Connected to Supabase Realtime
🔍 Supabase Response for /rooms: []
📨 Received: {"ref":"7E69DC8F-B873-4A49-8A4B-A95DEC4A949F","event":"phx_reply","payload":{"status":"ok","response":{"postgres_changes":[]}},"topic":"realtime:global-presence"}
📨 Received: {"ref":null,"event":"presence_state","payload":{"f4cdc9a2-d5db-11f0-b11f-0a58a9feac02":{"metas":[{"phx_ref":"GH_j3AHqInOO3lMC","last_seen":"2025-12-10T15:21:52Z","status":"online","user_id":"96E01CDB-36C0-4228-A6E4-A29A3C66BC8E","username":"lemontom"}]}},"topic":"realtime:global-presence"}
📨 Received: {"ref":"1","event":"phx_reply","payload":{"status":"ok","response":{}},"topic":"realtime:global-presence"}
📨 Received: {"ref":null,"event":"presence_diff","payload":{"joins":{"191f7364-d5dc-11f0-84ac-0a58a9feac02":{"metas":[{"phx_ref":"GH_j6jJW8UdbNllJ","last_seen":"2025-12-10T15:22:53Z","status":"online","user_id":"656DAA91-33B4-4688-9135-C982EA52D7C9","username":"ursinho"}]}},"leaves":{}},"topic":"realtime:global-presence"}
📡 Joined channel: realtime:direct_messages
✅ SocialService: Connected to DM channel
📨 Received: {"ref":"AEF1027E-E9C0-484F-AE95-A38BA5345127","event":"phx_reply","payload":{"status":"ok","response":{"postgres_changes":[{"id":102443684,"event":"INSERT","filter":"receiver_id=eq.656DAA91-33B4-4688-9135-C982EA52D7C9","schema":"public","table":"direct_messages"},{"id":49850706,"event":"INSERT","filter":"sender_id=eq.656DAA91-33B4-4688-9135-C982EA52D7C9","schema":"public","table":"direct_messages"}]}},"topic":"realtime:direct_messages"}
📨 Received: {"ref":null,"event":"system","payload":{"message":"Subscribed to PostgreSQL","status":"ok","extension":"postgres_changes","channel":"direct_messages"},"topic":"realtime:direct_messages"}
📨 Unknown event: system
📨 Received: {"ref":null,"event":"presence_state","payload":{},"topic":"realtime:direct_messages"}
🔍 Manual update check requested...
⏰ TimeService: Synchronizing clock with server...
✅ TimeService: Synced! Offset: 0.144s (RTT: 71ms)
   Local:  2025-12-10 15:22:55 +0000
   Server: 2025-12-10 15:22:55 +0000
⏰ Time synced with server! Recalculating schedule...
   Movie: Pacific Rim | Runtime: 131m | Duration: 8460s
   Movie: Harry Potter and the Sorcerer's Stone | Runtime: 152m | Duration: 9720s
   Movie: Stigmata | Runtime: 103m | Duration: 6780s
   Movie: Deadpool 2 | Runtime: 120m | Duration: 7800s
   Movie: Split | Runtime: 117m | Duration: 7620s
   Movie: Oldboy | Runtime: 104m | Duration: 6840s
   Movie: Pirates of the Caribbean: The Curse of the Black Pearl | Runtime: 143m | Duration: 9180s
   Movie: Goodfellas | Runtime: 145m | Duration: 9300s
   Movie: The Expendables 4 | Runtime: 103m | Duration: 6780s
   Movie: Captain America: Civil War | Runtime: 147m | Duration: 9420s
   Movie: Avengers: Age of Ultron | Runtime: 141m | Duration: 9060s
   Movie: Doctor Strange in the Multiverse of Madness | Runtime: 126m | Duration: 8160s
   Movie: Anaconda | Runtime: 84m | Duration: 5640s
   Movie: Kraven the Hunter | Runtime: 127m | Duration: 8220s
   Movie: Thor: Ragnarok | Runtime: 131m | Duration: 8460s
   Movie: Se7en | Runtime: 127m | Duration: 8220s
   Movie: xXx: Return of Xander Cage | Runtime: 107m | Duration: 7020s
   Movie: The Expendables 3 | Runtime: 126m | Duration: 8160s
   Movie: Indiana Jones and the Dial of Destiny | Runtime: 155m | Duration: 9900s
   Movie: Flubber | Runtime: 93m | Duration: 6180s
   Movie: The Simpsons Movie | Runtime: 87m | Duration: 5820s
   Movie: Black Water | Runtime: 105m | Duration: 6900s
   Movie: Shrek 5 | Runtime: 120m | Duration: 7800s
   Movie: Apocalypse Now | Runtime: 147m | Duration: 9420s
   Movie: Tron: Legacy | Runtime: 126m | Duration: 8160s
   Movie: White Chicks | Runtime: 109m | Duration: 7140s
   Movie: The Mummy Returns | Runtime: 130m | Duration: 8400s
   Movie: Cast Away | Runtime: 143m | Duration: 9180s
   Movie: The Sixth Sense | Runtime: 107m | Duration: 7020s
   Movie: Lucy | Runtime: 89m | Duration: 5940s
   Movie: Aliens | Runtime: 137m | Duration: 8820s
   Movie: The Hunger Games: The Ballad of Songbirds & Snakes | Runtime: 157m | Duration: 10020s
   Movie: Jurassic World: Fallen Kingdom | Runtime: 129m | Duration: 8340s
   Movie: Death Race | Runtime: 105m | Duration: 6900s
   Movie: Silent Hill | Runtime: 125m | Duration: 8100s
   Movie: Monsters, Inc. | Runtime: 92m | Duration: 6120s
   Movie: Bad Boys II | Runtime: 146m | Duration: 9360s
   Movie: The Conjuring 2 | Runtime: 134m | Duration: 8640s
   Movie: Nope | Runtime: 130m | Duration: 8400s
   Movie: Harry Potter and the Goblet of Fire | Runtime: 157m | Duration: 10020s
   Movie: Blind Fury | Runtime: 86m | Duration: 5760s
   Movie: Thor | Runtime: 115m | Duration: 7500s
   Movie: 28 Years Later | Runtime: 115m | Duration: 7500s
   Movie: Despicable Me | Runtime: 95m | Duration: 6300s
   Movie: Black Swan | Runtime: 109m | Duration: 7140s
   Movie: Iron Man 2 | Runtime: 124m | Duration: 8040s
   Movie: Bullet Train | Runtime: 126m | Duration: 8160s
   Movie: The Pacifier | Runtime: 95m | Duration: 6300s
   Movie: Avengers: Endgame | Runtime: 181m | Duration: 11460s
   Movie: Harry Potter and the Deathly Hallows: Part 2 | Runtime: 130m | Duration: 8400s
   Movie: Weapons | Runtime: 129m | Duration: 8340s
   Movie: Anaconda | Runtime: 120m | Duration: 7800s
   Movie: 300: Rise of an Empire | Runtime: 102m | Duration: 6720s
   Movie: V for Vendetta | Runtime: 132m | Duration: 8520s
   Movie: Shrek the Third | Runtime: 93m | Duration: 6180s
   Movie: The Mummy: Tomb of the Dragon Emperor | Runtime: 112m | Duration: 7320s
   Movie: Memento | Runtime: 113m | Duration: 7380s
   Movie: Parasite | Runtime: 133m | Duration: 8580s
   Movie: Hereditary | Runtime: 128m | Duration: 8280s
   Movie: The Amazing Spider-Man 2 | Runtime: 141m | Duration: 9060s
   Movie: Monster | Runtime: 125m | Duration: 8100s
   Movie: Apocalypto | Runtime: 139m | Duration: 8940s
   Movie: Face/Off | Runtime: 139m | Duration: 8940s
   Movie: Jurassic World: Rebirth | Runtime: 134m | Duration: 8640s
   Movie: Top Gun | Runtime: 110m | Duration: 7200s
   Movie: The Menu | Runtime: 107m | Duration: 7020s
   Movie: Terminator Salvation | Runtime: 115m | Duration: 7500s
   Movie: Scouts Guide to the Zombie Apocalypse | Runtime: 93m | Duration: 6180s
   Movie: Civil War | Runtime: 109m | Duration: 7140s
   Movie: American History X | Runtime: 119m | Duration: 7740s
   Movie: We're the Millers | Runtime: 110m | Duration: 7200s
   Movie: Renfield | Runtime: 93m | Duration: 6180s
   Movie: Dracula | Runtime: 130m | Duration: 8400s
   Movie: Kung Fu Hustle | Runtime: 99m | Duration: 6540s
   Movie: Colombiana | Runtime: 108m | Duration: 7080s
   Movie: Night at the Museum | Runtime: 108m | Duration: 7080s
   Movie: MaXXXine | Runtime: 103m | Duration: 6780s
   Movie: Scooby-Doo | Runtime: 87m | Duration: 5820s
   Movie: Get Carter | Runtime: 102m | Duration: 6720s
   Movie: Saltburn | Runtime: 131m | Duration: 8460s
   Movie: Dune: Part Two | Runtime: 167m | Duration: 10620s
   Movie: Spider-Man 3 | Runtime: 139m | Duration: 8940s
   Movie: Turtles All the Way Down | Runtime: 111m | Duration: 7260s
   Movie: Terminator Genisys | Runtime: 126m | Duration: 8160s
   Movie: John Wick: Chapter 2 | Runtime: 122m | Duration: 7920s
   Movie: 8MM | Runtime: 123m | Duration: 7980s
   Movie: Godzilla x Kong: The New Empire | Runtime: 115m | Duration: 7500s
   Movie: Final Destination: Bloodlines | Runtime: 110m | Duration: 7200s
   Movie: Pirates of the Caribbean: Dead Men Tell No Tales | Runtime: 129m | Duration: 8340s
   Movie: Prey | Runtime: 100m | Duration: 6600s
   Movie: It: Chapter Two | Runtime: 169m | Duration: 10740s
   Movie: Shrek | Runtime: 90m | Duration: 6000s
   Movie: Now You See Me | Runtime: 116m | Duration: 7560s
   Movie: Jurassic World | Runtime: 124m | Duration: 8040s
   Movie: Drive | Runtime: 100m | Duration: 6600s
   Movie: The Emperor's New Groove | Runtime: 78m | Duration: 5280s
   Movie: Venom | Runtime: 112m | Duration: 7320s
   Movie: Transformers: Age of Extinction | Runtime: 165m | Duration: 10500s
   Movie: Shaft | Runtime: 99m | Duration: 6540s
   Movie: A Quiet Place: Day One | Runtime: 100m | Duration: 6600s
   Movie: The Hunger Games: Mockingjay - Part 1 | Runtime: 123m | Duration: 7980s
   Movie: Black Hawk Down | Runtime: 145m | Duration: 9300s
   Movie: Oldboy | Runtime: 120m | Duration: 7800s
   Movie: Alien³ | Runtime: 114m | Duration: 7440s
   Movie: The Strangers: Chapter 2 | Runtime: 98m | Duration: 6480s
   Movie: The Hunger Games: Mockingjay - Part 2 | Runtime: 137m | Duration: 8820s
   Movie: Fury | Runtime: 135m | Duration: 8700s
   Movie: Rush Hour 3 | Runtime: 90m | Duration: 6000s
   Movie: Avatar | Runtime: 162m | Duration: 10320s
   Movie: Jumanji: The Next Level | Runtime: 123m | Duration: 7980s
   Movie: The Matrix Reloaded | Runtime: 138m | Duration: 8880s
   Movie: Hostel | Runtime: 94m | Duration: 6240s
   Movie: The Green Mile | Runtime: 189m | Duration: 11940s
   Movie: Gladiator II | Runtime: 148m | Duration: 9480s
   Movie: The Nun II | Runtime: 110m | Duration: 7200s
   Movie: The Conjuring: Last Rites | Runtime: 136m | Duration: 8760s
   Movie: Blade Runner 2049 | Runtime: 164m | Duration: 10440s
   Movie: Deadpool | Runtime: 108m | Duration: 7080s
   Movie: The Lord of the Rings: The Return of the King | Runtime: 201m | Duration: 12660s
   Movie: RED | Runtime: 111m | Duration: 7260s
   Movie: Elf | Runtime: 97m | Duration: 6420s
   Movie: X | Runtime: 106m | Duration: 6960s
   Movie: The Martian | Runtime: 141m | Duration: 9060s
   Movie: Mad Max | Runtime: 91m | Duration: 6060s
   Movie: Ready Player One | Runtime: 140m | Duration: 9000s
   Movie: Waterworld | Runtime: 135m | Duration: 8700s
   Movie: Blue Streak | Runtime: 93m | Duration: 6180s
   Movie: The Lord of the Rings: The Fellowship of the Ring | Runtime: 179m | Duration: 11340s
   Movie: Insidious | Runtime: 102m | Duration: 6720s
   Movie: Harry Potter and the Half-Blood Prince | Runtime: 153m | Duration: 9780s
   Movie: Troy | Runtime: 163m | Duration: 10380s
   Movie: Fargo | Runtime: 98m | Duration: 6480s
   Movie: Final Destination 3 | Runtime: 92m | Duration: 6120s
   Movie: Now You See Me 2 | Runtime: 129m | Duration: 8340s
   Movie: Ninja Assassin | Runtime: 99m | Duration: 6540s
   Movie: Scarface | Runtime: 170m | Duration: 10800s
   Movie: Shrek 2 | Runtime: 92m | Duration: 6120s
   Movie: 24: Redemption | Runtime: 102m | Duration: 6720s
   Movie: Die Hard 2 | Runtime: 124m | Duration: 8040s
   Movie: 28 Days Later | Runtime: 113m | Duration: 7380s
   Movie: Four Brothers | Runtime: 109m | Duration: 7140s
   Movie: Real Steel | Runtime: 127m | Duration: 8220s
   Movie: The Hobbit: The Desolation of Smaug | Runtime: 161m | Duration: 10260s
   Movie: The Terminator | Runtime: 108m | Duration: 7080s
   Movie: Psycho | Runtime: 109m | Duration: 7140s
   Movie: Baghead | Runtime: 95m | Duration: 6300s
   Movie: Carry-On | Runtime: 120m | Duration: 7800s
   Movie: The Suicide Squad | Runtime: 132m | Duration: 8520s
   Movie: 2012 | Runtime: 158m | Duration: 10080s
   Movie: Shutter Island | Runtime: 138m | Duration: 8880s
   Movie: Iron Man | Runtime: 126m | Duration: 8160s
   Movie: Pirates of the Caribbean: At World's End | Runtime: 169m | Duration: 10740s
   Movie: Black Phone 2 | Runtime: 114m | Duration: 7440s
   Movie: District 9 | Runtime: 112m | Duration: 7320s
   Movie: Kingdom of the Planet of the Apes | Runtime: 145m | Duration: 9300s
   Movie: Nobody | Runtime: 91m | Duration: 6060s
   Movie: Edge of Tomorrow | Runtime: 114m | Duration: 7440s
   Movie: Karate Kid: Legends | Runtime: 94m | Duration: 6240s
   Movie: The Fall Guy | Runtime: 127m | Duration: 8220s
   Movie: Harry Potter and the Chamber of Secrets | Runtime: 161m | Duration: 10260s
   Movie: Snatch | Runtime: 90m | Duration: 6000s
   Movie: Venom: The Last Dance | Runtime: 109m | Duration: 7140s
   Movie: The Illusionist | Runtime: 110m | Duration: 7200s
   Movie: Transformers One | Runtime: 104m | Duration: 6840s
   Movie: The Mummy | Runtime: 124m | Duration: 8040s
   Movie: Predator: Badlands | Runtime: 107m | Duration: 7020s
   Movie: Paranormal Activity | Runtime: 86m | Duration: 5760s
   Movie: F1: The Movie | Runtime: 156m | Duration: 9960s
   Movie: John Wick: Chapter 4 | Runtime: 170m | Duration: 10800s
   Movie: Mickey 17 | Runtime: 137m | Duration: 8820s
   Movie: Despicable Me 2 | Runtime: 98m | Duration: 6480s
   Movie: Madagascar: Escape 2 Africa | Runtime: 89m | Duration: 5940s
   Movie: Frankenstein | Runtime: 150m | Duration: 9600s
   Movie: Gattaca | Runtime: 107m | Duration: 7020s
   Movie: The Amazing Spider-Man | Runtime: 136m | Duration: 8760s
   Movie: Furiosa: A Mad Max Saga | Runtime: 149m | Duration: 9540s
   Movie: Nobody 2 | Runtime: 89m | Duration: 5940s
   Movie: Everything Everywhere All at Once | Runtime: 140m | Duration: 9000s
   Movie: The Shining | Runtime: 144m | Duration: 9240s
   Movie: The Hobbit: An Unexpected Journey | Runtime: 169m | Duration: 10740s
   Movie: Dogma | Runtime: 130m | Duration: 8400s
   Movie: Inside Man | Runtime: 129m | Duration: 8340s
   Movie: The Batman | Runtime: 177m | Duration: 11220s
   Movie: Eyes Wide Shut | Runtime: 159m | Duration: 10140s
   Movie: Sinners | Runtime: 138m | Duration: 8880s
   Movie: Alien | Runtime: 117m | Duration: 7620s
   Movie: Mystery Men | Runtime: 121m | Duration: 7860s
   Movie: King Kong | Runtime: 188m | Duration: 11880s
   Movie: Kung Fu Panda 2 | Runtime: 91m | Duration: 6060s
   Movie: Mission: Impossible - Fallout | Runtime: 147m | Duration: 9420s
   Movie: Incredibles 2 | Runtime: 118m | Duration: 7680s
   Movie: The Equalizer 3 | Runtime: 109m | Duration: 7140s
   Movie: Thunderbolts* | Runtime: 127m | Duration: 8220s
   Movie: Get Out | Runtime: 104m | Duration: 6840s
   Movie: Godzilla: King of the Monsters | Runtime: 132m | Duration: 8520s
   Movie: Tron: Ares | Runtime: 119m | Duration: 7740s
   Movie: Jurassic World: Dominion | Runtime: 147m | Duration: 9420s
   Movie: Raiders of the Lost Ark | Runtime: 115m | Duration: 7500s
   Movie: The Negotiator | Runtime: 140m | Duration: 9000s
   Movie: Gladiator | Runtime: 155m | Duration: 9900s
   Movie: Between Worlds | Runtime: 90m | Duration: 6000s
   Movie: Training Day | Runtime: 122m | Duration: 7920s
   Movie: Harry Potter and the Deathly Hallows: Part 1 | Runtime: 146m | Duration: 9360s
   Movie: Smile | Runtime: 115m | Duration: 7500s
   Movie: Constantine | Runtime: 121m | Duration: 7860s
   Movie: Annabelle Comes Home | Runtime: 106m | Duration: 6960s
   Movie: Shaolin Soccer | Runtime: 113m | Duration: 7380s
   Movie: Kill Bill: The Whole Bloody Affair | Runtime: 247m | Duration: 15420s
   Movie: The Marvels | Runtime: 105m | Duration: 6900s
   Movie: The Usual Suspects | Runtime: 106m | Duration: 6960s
   Movie: Mission: Impossible - Dead Reckoning Part One | Runtime: 164m | Duration: 10440s
   Movie: Candyman | Runtime: 91m | Duration: 6060s
   Movie: Thor: Love and Thunder | Runtime: 119m | Duration: 7740s
   Movie: Night at the Museum: Secret of the Tomb | Runtime: 98m | Duration: 6480s
   Movie: Dawn of the Planet of the Apes | Runtime: 130m | Duration: 8400s
   Movie: Harry Potter and the Prisoner of Azkaban | Runtime: 141m | Duration: 9060s
   Movie: Johnny English | Runtime: 87m | Duration: 5820s
   Movie: Scream | Runtime: 112m | Duration: 7320s
   Movie: Little Man | Runtime: 98m | Duration: 6480s
   Movie: Furious 7 | Runtime: 139m | Duration: 8940s
   Movie: Wild Hogs | Runtime: 100m | Duration: 6600s
   Movie: Dune: Part One | Runtime: 155m | Duration: 9900s
   Movie: The Incredible Hulk | Runtime: 114m | Duration: 7440s
   Movie: Batman Begins | Runtime: 140m | Duration: 9000s
   Movie: Man of Steel | Runtime: 143m | Duration: 9180s
   Movie: The Conjuring | Runtime: 112m | Duration: 7320s
   Movie: Five Nights at Freddy's | Runtime: 110m | Duration: 7200s
   Movie: Shrek Forever After | Runtime: 93m | Duration: 6180s
   Movie: M3GAN 2.0 | Runtime: 120m | Duration: 7800s
   Movie: Underworld | Runtime: 122m | Duration: 7920s
   Movie: Pirates of the Caribbean: Dead Man's Chest | Runtime: 151m | Duration: 9660s
   Movie: Iron Man 3 | Runtime: 130m | Duration: 8400s
   Movie: The Departed | Runtime: 151m | Duration: 9660s
   Movie: Mission: Impossible - The Final Reckoning | Runtime: 170m | Duration: 10800s
   Movie: Annabelle | Runtime: 99m | Duration: 6540s
   Movie: Him | Runtime: 96m | Duration: 6360s
   Movie: Van Helsing | Runtime: 132m | Duration: 8520s
   Movie: The Conjuring: The Devil Made Me Do It | Runtime: 111m | Duration: 7260s
   Movie: The Fan | Runtime: 116m | Duration: 7560s
   Movie: Napoleon | Runtime: 158m | Duration: 10080s
   Movie: 1917 | Runtime: 119m | Duration: 7740s
   Movie: I Am Legend | Runtime: 101m | Duration: 6660s
   Movie: Arrival | Runtime: 116m | Duration: 7560s
   Movie: Joker: Folie à Deux | Runtime: 138m | Duration: 8880s
   Movie: Back to the Future Part II | Runtime: 108m | Duration: 7080s
   Movie: Old | Runtime: 108m | Duration: 7080s
   Movie: The Wolf of Wall Street | Runtime: 180m | Duration: 11400s
   Movie: Surrogates | Runtime: 89m | Duration: 5940s
   Movie: The Fifth Element | Runtime: 126m | Duration: 8160s
   Movie: Girls Trip | Runtime: 122m | Duration: 7920s
   Movie: World War Z | Runtime: 116m | Duration: 7560s
   Movie: Heretic | Runtime: 111m | Duration: 7260s
   Movie: Inglourious Basterds | Runtime: 153m | Duration: 9780s
   Movie: Logan | Runtime: 137m | Duration: 8820s
   Movie: Man on Fire | Runtime: 146m | Duration: 9360s
   Movie: Smile 2 | Runtime: 127m | Duration: 8220s
   Movie: Evil Dead Rise | Runtime: 96m | Duration: 6360s
   Movie: Harry Potter and the Order of the Phoenix | Runtime: 138m | Duration: 8880s
   Movie: Predator 2 | Runtime: 108m | Duration: 7080s
   Movie: Saw | Runtime: 103m | Duration: 6780s
   Movie: Abigail | Runtime: 109m | Duration: 7140s
   Movie: Interstellar | Runtime: 169m | Duration: 10740s
   Movie: Taken | Runtime: 94m | Duration: 6240s
   Movie: The Drop | Runtime: 106m | Duration: 6960s
   Movie: Aquaman | Runtime: 143m | Duration: 9180s
   Movie: The Monkey | Runtime: 97m | Duration: 6420s
   Movie: The Faculty | Runtime: 104m | Duration: 6840s
   Movie: Home Alone 2: Lost in New York | Runtime: 120m | Duration: 7800s
   Movie: Cloud Atlas | Runtime: 172m | Duration: 10920s
   Movie: Avengers: Infinity War | Runtime: 149m | Duration: 9540s
   Movie: Scary Movie 2 | Runtime: 82m | Duration: 5520s
   Movie: Chronicle | Runtime: 84m | Duration: 5640s
   Movie: Back to the Future | Runtime: 116m | Duration: 7560s
   Movie: The Black Phone | Runtime: 103m | Duration: 6780s
   Movie: The Mask | Runtime: 101m | Duration: 6660s
   Movie: Meet the Robinsons | Runtime: 95m | Duration: 6300s
   Movie: Orphan | Runtime: 122m | Duration: 7920s
   Movie: Terminator 2: Judgment Day | Runtime: 137m | Duration: 8820s
   Movie: Bad Boys | Runtime: 119m | Duration: 7740s
   Movie: Fast X | Runtime: 142m | Duration: 9120s
   Movie: The Matrix | Runtime: 136m | Duration: 8760s
   Movie: Nosferatu | Runtime: 133m | Duration: 8580s
   Movie: Transformers: Rise of the Beasts | Runtime: 127m | Duration: 8220s
   Movie: It Follows | Runtime: 101m | Duration: 6660s
   Movie: Godzilla | Runtime: 139m | Duration: 8940s
   Movie: Fight Club | Runtime: 139m | Duration: 8940s
   Movie: Jingle All the Way | Runtime: 89m | Duration: 5940s
   Movie: The Super Mario Bros. Movie | Runtime: 93m | Duration: 6180s
   Movie: Candyman | Runtime: 100m | Duration: 6600s
   Movie: A Minecraft Movie | Runtime: 120m | Duration: 7800s
   Movie: The Substance | Runtime: 141m | Duration: 9060s
   Movie: Safe House | Runtime: 90m | Duration: 6000s
   Movie: War of the Worlds | Runtime: 91m | Duration: 6060s
   Movie: Companion | Runtime: 97m | Duration: 6420s
   Movie: Spider-Man | Runtime: 121m | Duration: 7860s
   Movie: Taken 3 | Runtime: 109m | Duration: 7140s
   Movie: Conan the Barbarian | Runtime: 130m | Duration: 8400s
   Movie: Mr. & Mrs. Smith | Runtime: 120m | Duration: 7800s
   Movie: The Maze Runner | Runtime: 113m | Duration: 7380s
   Movie: The Medallion | Runtime: 88m | Duration: 5880s
   Movie: Predator | Runtime: 107m | Duration: 7020s
   Movie: Ballerina | Runtime: 125m | Duration: 8100s
   Movie: Predators | Runtime: 107m | Duration: 7020s
   Movie: Hot Fuzz | Runtime: 121m | Duration: 7860s
   Movie: The Nun | Runtime: 96m | Duration: 6360s
   Movie: Cobweb | Runtime: 88m | Duration: 5880s
   Movie: Wild Things | Runtime: 108m | Duration: 7080s
   Movie: The Matrix Resurrections | Runtime: 147m | Duration: 9420s
   Movie: Riddick | Runtime: 119m | Duration: 7740s
   Movie: Train to Busan | Runtime: 118m | Duration: 7680s
   Movie: War 2 | Runtime: 173m | Duration: 10980s
   Movie: The Big Lebowski | Runtime: 117m | Duration: 7620s
   Movie: The Lord of the Rings: The Two Towers | Runtime: 179m | Duration: 11340s
   Movie: Resident Evil: Red Falls | Runtime: 53m | Duration: 3780s
   Movie: Inside Out 2 | Runtime: 97m | Duration: 6420s
   Movie: Signs | Runtime: 106m | Duration: 6960s
   Movie: The Barbarian | Runtime: 83m | Duration: 5580s
   Movie: The Karate Kid | Runtime: 140m | Duration: 9000s
   Movie: Taxi Driver | Runtime: 114m | Duration: 7440s
   Movie: Inception | Runtime: 148m | Duration: 9480s
   Movie: War | Runtime: 103m | Duration: 6780s
   Movie: Avatar: The Way of Water | Runtime: 192m | Duration: 12120s
   Movie: Code 3 | Runtime: 100m | Duration: 6600s
   Movie: The Hobbit: The Battle of 2025-12-10 10:23:00.630 RedLemon[8162:61553]    Quality: 1080p
2025-12-10 10:23:00.630 RedLemon[8162:61553]    Mode: watchParty
2025-12-10 10:23:00.630 RedLemon[8162:61553] 📡 Fetching metadata for tt0477347...
the Five Armies | Runtime: 144m | Duration: 9240s
   Movie: Captain America: Brave New World | Runtime: 119m | Duration: 7740s
   Movie: Exit Wounds | Runtime: 101m | Duration: 6660s
   Movie: Snatch | Runtime: 103m | Duration: 6780s
   Movie: Triangle | Runtime: 98m | Duration: 6480s
   Movie: The Godfather Part III | Runtime: 162m | Duration: 10320s
   Movie: Creed | Runtime: 133m | Duration: 8580s
   Movie: The Godfather Part II | Runtime: 202m | Duration: 12720s
   Movie: Longlegs | Runtime: 101m | Duration: 6660s
   Movie: The Godfather | Runtime: 175m | Duration: 11100s
   Movie: The Last Samurai | Runtime: 154m | Duration: 9840s
   Movie: The Dark Knight | Runtime: 152m | Duration: 9720s
   Movie: Guardians of the Galaxy Vol. 3 | Runtime: 150m | Duration: 9600s
   Movie: The Equalizer | Runtime: 132m | Duration: 8520s
   Movie: The Imitation Game | Runtime: 113m | Duration: 7380s
   Movie: Joe Dirt | Runtime: 91m | Duration: 6060s
   Movie: X-Men: Days of Future Past | Runtime: 132m | Duration: 8520s
   Movie: Rush Hour | Runtime: 97m | Duration: 6420s
   Movie: Guardians of the Galaxy Vol. 2 | Runtime: 137m | Duration: 8820s
   Movie: The Hunger Games: Catching Fire | Runtime: 146m | Duration: 9360s
   Movie: The Parent Trap | Runtime: 128m | Duration: 8280s
   Movie: The Accountant 2 | Runtime: 133m | Duration: 8580s
   Movie: xXx | Runtime: 124m | Duration: 8040s
   Movie: A Haunted House 2 | Runtime: 87m | Duration: 5820s
   Movie: Aliens vs. Predator: Requiem | Runtime: 94m | Duration: 6240s
   Movie: Blade Runner | Runtime: 118m | Duration: 7680s
   Movie: Baby Boy | Runtime: 130m | Duration: 8400s
   Movie: 2001: A Space Odyssey | Runtime: 149m | Duration: 9540s
   Movie: Léon: The Professional | Runtime: 111m | Duration: 7260s
   Movie: The Long Walk | Runtime: 108m | Duration: 7080s
   Movie: Stuber | Runtime: 93m | Duration: 6180s
   Movie: Sinister | Runtime: 110m | Duration: 7200s
   Movie: A.I. Artificial Intelligence | Runtime: 146m | Duration: 9360s
   Movie: Alien: Romulus | Runtime: 119m | Duration: 7740s
   Movie: The Woman in Cabin 10 | Runtime: 95m | Duration: 6300s
   Movie: Wanted | Runtime: 110m | Duration: 7200s
   Movie: Ocean's Eight | Runtime: 111m | Duration: 7260s
   Movie: Joker | Runtime: 122m | Duration: 7920s
   Movie: Catch Me If You Can | Runtime: 141m | Duration: 9060s
   Movie: Evil Dead 2 | Runtime: 96m | Duration: 6360s
   Movie: Cargo | Runtime: 105m | Duration: 6900s
   Movie: Barbie | Runtime: 114m | Duration: 7440s
   Movie: Mad Max: Fury Road | Runtime: 121m | Duration: 7860s
   Movie: Batman Returns | Runtime: 126m | Duration: 8160s
   Movie: The Naked Gun | Runtime: 85m | Duration: 5700s
   Movie: Cool Runnings | Runtime: 98m | Duration: 6480s
   Movie: Fractured | Runtime: 101m | Duration: 6660s
   Movie: Bugonia | Runtime: 119m | Duration: 7740s
   Movie: Shooter | Runtime: 124m | Duration: 8040s
   Movie: Contact | Runtime: 150m | Duration: 9600s
   Movie: Road House | Runtime: 121m | Duration: 7860s
   Movie: Deja Vu | Runtime: 126m | Duration: 8160s
   Movie: Southpaw | Runtime: 123m | Duration: 7980s
   Movie: Silent Night | Runtime: 104m | Duration: 6840s
   Movie: Casino Royale | Runtime: 144m | Duration: 9240s
   Movie: The Running Man | Runtime: 133m | Duration: 8580s
   Movie: The Covenant | Runtime: 123m | Duration: 7980s
   Movie: Bad Boys for Life | Runtime: 124m | Duration: 8040s
   Movie: Blade: Trinity | Runtime: 123m | Duration: 7980s
   Movie: Freaky Tales | Runtime: 107m | Duration: 7020s
   Movie: The Fantastic Four: First Steps | Runtime: 115m | Duration: 7500s
   Movie: Together | Runtime: 102m | Duration: 6720s
   Movie: Fast & Furious Presents: Hobbs & Shaw | Runtime: 137m | Duration: 8820s
   Movie: No Country for Old Men | Runtime: 122m | Duration: 7920s
   Movie: Top Gun: Maverick | Runtime: 131m | Duration: 8460s
   Movie: No Escape | Runtime: 103m | Duration: 6780s
   Movie: The Exorcist | Runtime: 122m | Duration: 7920s
   Movie: Die Hard | Runtime: 132m | Duration: 8520s
   Movie: The Smashing Machine | Runtime: 123m | Duration: 7980s
   Movie: Fruitvale Station | Runtime: 82m | Duration: 5520s
   Movie: Playdate | Runtime: 93m | Duration: 6180s
   Movie: Presence | Runtime: 84m | Duration: 5640s
   Movie: Fracture | Runtime: 113m | Duration: 7380s
   Movie: Plane | Runtime: 107m | Duration: 7020s
   Movie: Venom: Let There Be Carnage | Runtime: 97m | Duration: 6420s
   Movie: Pulp Fiction | Runtime: 154m | Duration: 9840s
   Movie: Men in Black | Runtime: 98m | Duration: 6480s
   Movie: Batman v Superman: Dawn of Justice | Runtime: 152m | Duration: 9720s
   Movie: Thir13en Ghosts | Runtime: 91m | Duration: 6060s
   Movie: Ma | Runtime: 99m | Duration: 6540s
   Movie: Descendants 2 | Runtime: 111m | Duration: 7260s
   Movie: The Orphanage | Runtime: 105m | Duration: 6900s
   Movie: It | Runtime: 135m | Duration: 8700s
   Movie: The Prestige | Runtime: 130m | Duration: 8400s
   Movie: Bring Her Back | Runtime: 104m | Duration: 6840s
   Movie: Tower Heist | Runtime: 104m | Duration: 6840s
   Movie: Pirates of the Caribbean: On Stranger Tides | Runtime: 136m | Duration: 8760s
   Movie: The Dark Knight Rises | Runtime: 165m | Duration: 10500s
   Movie: Escape Room | Runtime: 99m | Duration: 6540s
   Movie: A Bronx Tale | Runtime: 121m | Duration: 7860s
   Movie: Kill Bill: Vol. 1 | Runtime: 111m | Duration: 7260s
   Movie: Wonder Woman | Runtime: 141m | Duration: 9060s
   Movie: Her | Runtime: 126m | Duration: 8160s
   Movie: Deadpool & Wolverine | Runtime: 128m | Duration: 8280s
   Movie: The Prey | Runtime: 102m | Duration: 6720s
   Movie: Smokin' Aces | Runtime: 109m | Duration: 7140s
   Movie: Central Intelligence | Runtime: 107m | Duration: 7020s
   Movie: War of the Worlds | Runtime: 117m | Duration: 7620s
   Movie: The Avengers | Runtime: 143m | Duration: 9180s
   Movie: Borderlands | Runtime: 101m | Duration: 6660s
   Movie: The Jacket | Runtime: 103m | Duration: 6780s
   Movie: John Wick: Chapter 3 - Parabellum | Runtime: 131m | Duration: 8460s
   Movie: Gone Girl | Runtime: 149m | Duration: 9540s
   Movie: Taken 2 | Runtime: 91m | Duration: 6060s
🎬 Live Event: Night at the Museum
   Metadata runtime: 108 min
   Calculated duration: 118 minutes
📅 Schedule Updated:
   Live: Night at the Museum
   Progress: 1015s / 7080s
🔍 Supabase Response for /rooms: [{"id":"event_tt0477347","name":"Night at the Museum","host_user_id":"96e01cdb-36c0-4228-a6e4-a29a3c66bc8e","host_username":"RedLemon Events","stream_hash":"70533c87ed14974be6a9ccaaf7e8081772619607","imdb_id":"tt0477347","poster_url":"https://images.metahub.space/poster/small/tt0477347/img","backdrop_url":"https://images.metahub.space/background/medium/tt0477347/img","playback_position":0,"is_playing":false,"participants_count":1,"max_participants":50,"is_public":true,"created_at":"2025-12-10T15:09:44.021863","last_activity":"2025-12-10T15:09:44.096748","season":null,"episode":null,"selected_quality":null,"selected_file_idx":null,"unlocked_stream_url":null,"description":null,"current_playlist_index":0,"playlist":[]}]
🔍 Supabase Response for /rooms: []
🔍 Supabase Response for /rooms: []
🔍 Supabase Response for /rooms: []
🎟️ Joining event: Night at the Museum
   Event start time: 2025-12-10 15:06:00 +0000
   Event duration: 7080.0s
   Current time: 2025-12-10 15:23:00 +0000
   Is Live: true
   Is In Lobby: false
🔍 Supabase Response for /rooms: [{"id":"event_tt0477347","name":"Night at the Museum","host_user_id":"96e01cdb-36c0-4228-a6e4-a29a3c66bc8e","host_username":"RedLemon Events","stream_hash":"70533c87ed14974be6a9ccaaf7e8081772619607","imdb_id":"tt0477347","poster_url":"https://images.metahub.space/poster/small/tt0477347/img","backdrop_url":"https://images.metahub.space/background/medium/tt0477347/img","playback_position":0,"is_playing":false,"participants_count":1,"max_participants":50,"is_public":true,"created_at":"2025-12-10T15:09:44.021863","last_activity":"2025-12-10T15:09:44.096748","season":null,"episode":null,"selected_quality":null,"selected_file_idx":null,"unlocked_stream_url":null,"description":null,"current_playlist_index":0,"playlist":[]}]
✅ Event room already exists: event_tt0477347

✅ [SYNC VERIFICATION] FOUND SERVER KEY 🔑
   UnlockedURL: nil...
   Hash: 70533c87ed14974be6a9ccaaf7e8081772619607
   Quality: nil
   FileIdx: -1
   🔗 Locking to server-provided stream hash: 70533c87ed14974be6a9ccaaf7e8081772619607

🎬 Live event - calculating position: 1020.7127361297607 seconds
   Event start time: 2025-12-10 15:06:00 +0000
   Current time: 2025-12-10 15:23:00 +0000
   Room createdAt: 2025-12-10 15:06:00 +0000
   Room state: playing
   Setting resumeFromTimestamp to: 1020.7127361297607
🎬 Live event - starting playback immediately (no lobby)
🎬 Starting playback for: Night at the Museum
[ INFO ] GET /api/metadata/meta/movie/tt0477347 [request-id: D234719E-1560-4474-8336-1C2CD7881E58]
2025-12-10 10:23:00.839 RedLemon[8162:61668] 📦 Decoded CinemetaMeta - videos count: 0
2025-12-10 10:23:00.863 RedLemon[8162:61553] 🖼️ Loading background art: https://images.metahub.space/background/medium/tt0477347/img
2025-12-10 10:23:00.864 RedLemon[8162:61553] ⏳ Background art loading...
2025-12-10 10:23:00.864 RedLemon[8162:61553] 🎨 Loading logo: https://images.metahub.space/logo/medium/tt0477347/img
2025-12-10 10:23:00.865 RedLemon[8162:61553] ⏳ Logo loading...
2025-12-10 10:23:00.928 RedLemon[8162:61553] ✅ Logo loaded successfully
2025-12-10 10:23:00.932 RedLemon[8162:61637] ✅ StreamService: Using provided metadata: Night at the Museum
2025-12-10 10:23:00.932 RedLemon[8162:61637] ⚡️ StreamService: Resolving streams via StreamResolver (Bypassing HTTP)...
2025-12-10 10:23:00.932 RedLemon[8162:61637] ⚡️ StreamResolver: Resolving streams for tt0477347 (S0E0)
2025-12-10 10:23:00.932 RedLemon[8162:61637]    📅 Filtering by year: 2006
2025-12-10 10:23:00.932 RedLemon[8162:61637] 🔍 ProviderManager: Fetching streams for tt0477347...
2025-12-10 10:23:00.935 RedLemon[8162:61622] 🎬 Torrentio: Building URL for movie (no season/episode)
2025-12-10 10:23:00.935 RedLemon[8162:61622] 🔗 Torrentio URL: https://torrentio.strem.fun/realdebrid/stream/movie/tt0477347.json
2025-12-10 10:23:00.935 RedLemon[8162:61622] 🔍 Torrentio: Fetching https://torrentio.strem.fun/realdebrid/stream/movie/tt0477347.json
2025-12-10 10:23:00.942 RedLemon[8162:61668] 🔍 Zilean: Searching for "Night at the Museum"
2025-12-10 10:23:00.965 RedLemon[8162:61700] ✅ Zilean: Got 10 results
2025-12-10 10:23:00.965 RedLemon[8162:61700] 🔍 Zilean: Filtered to 10 streams
2025-12-10 10:23:01.032 RedLemon[8162:61553] ✅ Background art loaded successfully
2025-12-10 10:23:01.671 RedLemon[8162:61637] ✅ ProviderManager: Fetched 34 raw, returning 32 unique streams
2025-12-10 10:23:01.671 RedLemon[8162:61637] 📦 StreamResolver: Received 32 raw streams, bucketing...
💾 Cache SET: Metadata[meta_movie_tt0477347]


✅ [SYNC VERIFICATION] LOCKING TO SHARED STREAM (HASH ONLY) 🔒
   Hash: 70533c87ed14974be6a9ccaaf7e8081772619607
   Resolving locally with forced selection...

🎬 StreamService: Starting resolution for: Night at the Museum
🎬 StreamService: Resolving movie - trusted pack filtering will be applied server-side
🔍 Comet: Fetching https://comet.elfhosted.com/eyJkZWJyaWRTZXJ2aWNlIjoicmVhbGRlYnJpZCIsInJlbW92ZVRyYXNoIjp0cnVlLCJkZWJy...
🔍 MediaFusion: Fetching https://mediafusion.elfhosted.com/stream/movie/tt0477347.json
✅ MetadataService initialized
📡 Fetching metadata from Cinemeta: https://v3-cinemeta.strem.io/meta/movie/tt0477347.json
✅ Metadata fetched from Cinemeta for tt0477347: Night at the Museum (2006)
✅ MediaFusion: Got 43 streams
✅ Comet: Got 3 streams
🔍 Comet: Parsing 3 streams...
✅ Comet: Parsed 3 valid streams
✅ Metadata cache hit for tt0477347: Night at the Museum
🎯 Target title for matching: Night at the Museum
   📅 Year filter (2006): 32 → 27 streams
✅ SubDLClient initialized
🔍 Searching SubDL: tt0477347 (movie)
✅ Found 10 subtitles from SubDL
📝 SubDL results for movie:
   [1] Night.at.the.Museum.2006.1080p.BrRip.x264.YIFY [EN] (score: 18)
   [2] Night.at.the.Museum.2006.WEB-DL.DSNP [EN] (score: 15)
   [3] Night.at.the.Museum.2006.WEB-DL.DSNP [EN] (score: 15)
   [4] Night.at.the.Museum.2006.720p.BRRip.x264.MkvCage [EN] (score: 10)
   [5] Night.at.the.Museum.2006.720p.BRRip.x264.MkvCage [EN] (score: 10)
   [6] Night.at.the.Museum.(2006) [EN] (score: 5)
   [7] Night at The Museum 2006 BRRip XviD AC3 FLAWL3SS [EN] (score: 5)
   [8] Night.At.The.Museum.2006.BluRay.1080p.DTS-WiKi [EN] (score: 5)
   [9] Night at the Museum 2006 NTSC.ws.dts5.1,dds5.1-en.dd2.0-fr,sp,2endc.sub-uk,sp-01.48.30  7.11GB [EN] (score: 0)
   [10] Night At The Museum [2006]720p-BRrip[Dual-Audio][Eng-Hindi]BONIIN-khd527 [EN] (score: 0)
   --- Processing Bucket: 2160p (Input: 7) ---
   ✅ Bucket 2160p Final Count: 7
   --- Processing Bucket: 1080p (Input: 14) ---
   ✅ Bucket 1080p Final Count: 14
   --- Processing Bucket: 720p (Input: 4) ---
   ✅ Bucket 720p Final Count: 4
   --- Processing Bucket: 480p (Input: 2) ---
   ✅ Bucket 480p Final Count: 2
📦 2160p Primary: Night At The Museum 2006 MULTI 2160p HDR WEB DTS-HDMA 5 1 HEVC-DDR mkv
📦 1080p Primary: Night At The Museum 2006 1080p BluRay REMUX AVC DTS-HD MA 5 1-SonyHD mkv
📦 720p Primary: Night At The Museum 2006 720p BluRay H264 AAC-RARBG mp4
✅ StreamResolver: Quality buckets ready
🔗 StreamService: Attempting to resolve specific stream hash: 70533c87ed14974be6a9ccaaf7e8081772619607
✅ StreamService: Found requested stream hash! Locking selection.
📦 StreamService: Found 1 total streams to try (across all qualities)
✅ StreamService: Found 1 H.264 streams (Tier 1)
🔒 StreamService: Bypassing filters for enforced stream
🔄 StreamService: Trying stream 1/1: Night at the Museum 2006 BluRay 1080p DDP 5 1 x264-hallowed mkv
🔓 StreamService: Unlocking with infoHash: 70533c87ed14...
[ INFO ] POST /api/streams/unlock [request-id: 11DE7D00-A0FC-45C9-BB2A-DD835C3515E8]
2025-12-10 10:23:01.975 RedLemon[8162:61621] 🔓 Unlock request: infoHash=70533c87ed14..., fileIdx=0
2025-12-10 10:23:01.975 RedLemon[8162:61621] ✅ Token found, attempting unlock...
2025-12-10 10:23:03.867 RedLemon[8162:61621] ✅ Unlocked successfully: Night.at.the.Museum.2006.BluRay.1080p.DDP.5.1.x264-hallowed.mkv
2025-12-10 10:23:03.870 RedLemon[8162:61622] 📥 StreamService: Pre-downloading 3 subtitles...
2025-12-10 10:23:03.870 RedLemon[8162:61621] 🔍 DEBUG: Processing subtitle URL: /subtitle/1123707-2499568.zip
2025-12-10 10:23:03.871 RedLemon[8162:61622] 🔍 DEBUG: Processing subtitle URL: /subtitle/1123708-2450648.zip
2025-12-10 10:23:03.871 RedLemon[8162:61701] 🔍 DEBUG: Processing subtitle URL: /subtitle/1123750-2282913.zip
2025-12-10 10:23:03.871 RedLemon[8162:61622] ✅ DEBUG: Raw SubDL URL detected, converting to proxy URL
2025-12-10 10:23:03.871 RedLemon[8162:61701] ✅ DEBUG: Raw SubDL URL detected, converting to proxy URL
2025-12-10 10:23:03.871 RedLemon[8162:61621] ✅ DEBUG: Raw SubDL URL detected, converting to proxy URL
2025-12-10 10:23:03.884 RedLemon[8162:61553] 🎬🎬🎬 MPVPlayerView INIT called - streamURL: https://chi9-4.download.real-debrid.com/d/2BATFWFDHIFRQ122/N, subtitles: 3
2025-12-10 10:23:03.953 RedLemon[8162:61553] ✅ Stream ready, starting playback...
2025-12-10 10:23:03.953 RedLemon[8162:61553] 🖥️ WindowManager: enterFullscreen() called
2025-12-10 10:23:03.954 RedLemon[8162:61553]    Window: <SwiftUI.SwiftUIWindow: 0x7fdf26afd490>
2025-12-10 10:23:03.954 RedLemon[8162:61553]    Is fullscreen: 0
2025-12-10 10:23:03.954 RedLemon[8162:61553]    ✅ WindowManager: Toggling fullscreen ON
2025-12-10 10:23:04.030 RedLemon[8162:61553] 🖼️ Setting up MPV with native macOS video output...
2025-12-10 10:23:04.039 RedLemon[8162:61553] ✅ MPV initialized with native GPU rendering
2025-12-10 10:23:04.053 RedLemon[8162:61553] 🎬🎬🎬 MPVPlayerView .task starting
2025-12-10 10:23:04.053 RedLemon[8162:61553] 🎉 Starting watch party sync - Room: event_tt0477347, Host: NO
2025-12-10 10:23:04.053 RedLemon[8162:61553] 🎉 Watch Party Mode ENABLED. isInWatchParty = YES
2025-12-10 10:23:04.115 RedLemon[8162:61553] 👋 Watch Party: Sending INITIAL READY signal and starting loop
2025-12-10 10:23:04.119 RedLemon[8162:61701] 📤 Realtime: Sending message type: ready, sender: 656DAA91-33B4-4688-9135-C982EA52D7C9
2025-12-10 10:23:04.120 RedLemon[8162:61701]    Payload keys: senderId, timestamp, isPlaying, position, type
2025-12-10 10:23:04.321 RedLemon[8162:61667] ✅ Realtime: Message broadcast complete
2025-12-10 10:23:04.321 RedLemon[8162:61553] ✅ Watch Party: READY signal sent successfully
2025-12-10 10:23:04.322 RedLemon[8162:61553] 🔄 Starting chat polling for room: event_tt0477347
2025-12-10 10:23:04.323 RedLemon[8162:61553] ✅ Watch party sync started successfully - isInWatchParty is now TRUE
2025-12-10 10:23:04.323 RedLemon[8162:61553] 🎬🎬🎬 About to call loadStream - isInWatchParty: YES
2025-12-10 10:23:04.323 RedLemon[8162:61553] 🎬🎬🎬 Subtitles: 3
2025-12-10 10:23:04.323 RedLemon[8162:61553] 🎬🎬🎬 LOADSTREAM CALLED - streamTitle: Night at the Museum
2025-12-10 10:23:04.324 RedLemon[8162:61553] 🎬🎬🎬 streamURL: https://chi9-4.download.real-debrid.com/d/2BATFWFDHIFRQ122/N
2025-12-10 10:23:04.324 RedLemon[8162:61553] 🎬🎬🎬 subtitles: 3
2025-12-10 10:23:04.325 RedLemon[8162:61553] 🎬🎬🎬 MPVPlayerView .task completed
2025-12-10 10:23:04.338 RedLemon[8162:61667] 🎬 MPV loadVideo called with URL: https://chi9-4.download.real-debrid.com/d/2BATFWFDHIFRQ122/Night.at.the.Museum.2006.BluRay.1080p.DDP, autoplay: true
2025-12-10 10:23:04.338 RedLemon[8162:61701] ℹ️ SubDL subtitles detected - downloading to local files in background...
2025-12-10 10:23:04.338 RedLemon[8162:61701] 🔍 SubtitleService: Downloading http://127.0.0.1:47253/subtitles/subdl/L3N1YnRpdGxlLzExMjM3MDgtMjQ1MDY0OC56aXA=
2025-12-10 10:23:04.338 RedLemon[8162:61667] 🎬 MPV executing command: loadfile "https://chi9-4.download.real-debrid.com/d/2BATFWFDHIFRQ122/Night.at.the.Museum.2006.BluRay.1080p.DDP.5.1.x264-hallowed.mkv"
2025-12-10 10:23:04.339 RedLemon[8162:61667] 🎬 MPV loadfile result: 0
2025-12-10 10:23:04.339 RedLemon[8162:61667] ✅ MPV loadfile succeeded, isPlaying set to true
✅ RD addMagnet: WCNOWDJJCJZ5M
🎬 Movie: Found matching file for title 'Night at the Museum': /Night.at.the.Museum.2006.BluRay.1080p.DDP.5.1.x264-hallowed.mkv
📝 RD: Selecting file ID 1 for torrent WCNOWDJJCJZ5M
📊 RD poll 1/2: status=downloaded, links=1
🔗 Unrestricting link: https://real-debrid.com/d/XCNOSIGQWSESK6CF
✅ StreamService: Stream unlocked successfully!
✅ StreamService: Selected stream: Night at the Museum 2006 BluRay 1080p DDP 5 1 x264-hallowed mkv
📊 Stream Size: 8.11 GB
 Using provided room ID: event_tt0477347
🎬 RedLemon: Creating MPVPlayerView
   Stream URL: https://chi9-4.download.real-debrid.com/d/2BATFWFDHIFRQ122/N
   Display Title: Night at the Museum
   Subtitle URLs: 3
      [0] Night.at.the.Museum.2006.WEB-DL.DSNP
      [1] Night.at.the.Museum.2006.1080p.BrRip.x264.YIFY
      [2] Night.at.the.Museum.2006.WEB-DL.DSNP
🎬 MPVWrapper: Creating embedded MPV with render context...
✅ MPV handle created
✅ MPV handle created
🎬 MPVLayerHostView initialized
🎬 Event playback detected - starting auto-exit monitor
🎬 Created CGL pixel format (Core Profile 3.2)
🎬 Created CGL context with vsync enabled
🎬 MPVViewLayer initialized with async rendering
🎬 Video layer assigned to host view
🎬 Creating MPV render context with OpenGL (IINA method)...
🎬 MPV: Frame ready! Calling layer.update() (throttled)
✅ Render context created successfully (IINA method)
🎬 Layer.update() called - forceDraw:false needsFlip:true (throttled)
🎬 CVDisplayLink started
🎉 Starting watch party: roomId=event_tt0477347, isHost=false
🎬 DisplayLink: reportSwap() (throttled)
🔌 Setting up Realtime channel: watch-party:event_tt0477347
   Role: Guest
   User ID: 656DAA91-33B4-4688-9135-C982EA52D7C9
📡 Connection state: connecting
🔌 Connecting to Supabase Realtime: wss://nhvsojszwfvcinkyvzmf.supabase.co/realtime/v1/websocket
✅ Connected to Supabase Realtime
📡 Connection state: connected
⏯️ MPV: Pause state changed to false -> isPlaying = true
✅ Video ready - hiding poster
👋 Watch Party: Video ready (playing), sending READY signal as fallback
🔄 Resuming playback from 1020s (appState.resumeFromTimestamp = 1020.7127361297607)
👥 Resuming inside watch party - will sync resume time to guests
⏸️ Pausing immediately for resume...
📝 Started watch history tracking
✅ MPVPlayerViewModel: Enhancing UI - Buffering finished (hide spinner)
🎯 IMMEDIATE RESUME: Seeking to 1020s without delay
📡 Joined channel: realtime:watch-party:event_tt0477347
📡 Connection state: connected
✅ Realtime channel setup complete
✅ Watch party sync initialized with Realtime
🎬 Loading stream: Night at the Museum
   IMDB: tt0477347
   URL: https://chi9-4.download.real-debrid.com/d/2BATFWFDHIFRQ122/N...
💬 Added mock chat messages for testing
🎉 EVENT MODE: Autoplaying immediately (ignoring watch party gates)
📡 Fetching metadata for tt0477347 as movie...
✅ Cache HIT: Metadata[meta_movie_tt0477347]
✅ Got background: https://images.metahub.space/background/medium/tt0477347/img...
✅ Got poster URL: https://images.metahub.space/poster/small/tt0477347/img...
✅ Got logo: https://images.metahub.space/logo/medium/tt0477347/img...
📡 SocialService: Updated status - Watching: Night at the Museum
✅ Video ready - hiding poster
🔄 Resuming playback from 1020s (appState.resumeFromTimestamp = 1020.7127361297607)
👥 Resuming inside watch party - will sync resume time to guests
⏸️ Pausing immediately for resume...
📝 Started watch history tracking
⏳ MPVPlayerViewModel: Enhancing UI - Buffering started (show spinner)
[ INFO ] GET /subtitles/subdl/L3N1YnRpdGxlLzExMjM3MDgtMjQ1MDY0OC56aXA= [request-id: 664CD8CE-C0BF-4625-BA8B-B71483928DCB]
2025-12-10 10:23:04.388 RedLemon[8162:61667] 📨 Realtime: Received broadcast message
2025-12-10 10:23:04.388 RedLemon[8162:61667]    Payload keys: type, isPlaying, position, senderId, timestamp
2025-12-10 10:23:04.389 RedLemon[8162:61667] ✅ Realtime: Decoded message type: ready, sender: 656DAA91-33B4-4688-9135-C982EA52D7C9
2025-12-10 10:23:04.389 RedLemon[8162:61667] 📞 Realtime: Invoking syncCallback for message type: ready
2025-12-10 10:23:04.389 RedLemon[8162:61667] ✅ Realtime: syncCallback invoked successfully
2025-12-10 10:23:04.389 RedLemon[8162:61553] 🔍 DEBUG: Received sync message - type: ready, sender: 656DAA91-33B4-4688-9135-C982EA52D7C9
2025-12-10 10:23:04.389 RedLemon[8162:61553] ✅ Received READY signal from 656DAA91-33B4-4688-9135-C982EA52D7C9
2025-12-10 10:23:04.598 RedLemon[8162:61553] 👥 MPVPlayer: Updated participants list via polling: 2
2025-12-10 10:23:04.929 RedLemon[8162:61621] ✅ Subtitle 1 downloaded to: /var/folders/3v/s3d75ntd4v90_pg0mb6rmlz40000gn/T/sub_C0B32E8E-98C1-4698-BA2E-C483197AEDAD.vtt
2025-12-10 10:23:04.929 RedLemon[8162:61621] 📝 Loading subtitle from: /var/folders/3v/s3d75ntd4v90_pg0mb6rmlz40000gn/T/sub_C0B32E8E-98C1-4698-BA2E-C48
2025-12-10 10:23:04.950 RedLemon[8162:61621] ✅ External subtitle added to track list (not auto-selected)
2025-12-10 10:23:04.950 RedLemon[8162:61621] 🔍 SubtitleService: Downloading http://127.0.0.1:47253/subtitles/subdl/L3N1YnRpdGxlLzExMjM3NTAtMjI4MjkxMy56aXA=
📄 Subtitle request: L3N1YnRpdGxlLzExMjM3... (offset: 0ms)
📥 Downloading subtitle from SubDL CDN: /subtitle/1123708-2450648.zip
📨 Received: {"ref":"B7A9D7CE-C072-46E9-B43E-17A226B75F22","event":"phx_reply","payload":{"status":"ok","response":{"postgres_changes":[]}},"topic":"realtime:watch-party:event_tt0477347"}
📨 Received: {"ref":null,"event":"presence_state","payload":{},"topic":"realtime:watch-party:event_tt0477347"}
📨 Received: {"ref":null,"event":"broadcast","payload":{"event":"sync","payload":{"isPlaying":false,"position":0,"senderId":"656DAA91-33B4-4688-9135-C982EA52D7C9","timestamp":1765380184.115829,"type":"ready"},"type":"broadcast"},"topic":"realtime:watch-party:event_tt0477347"}
📨 Received: {"ref":null,"event":"presence_diff","payload":{"joins":{"1f69d2b4-d5dc-11f0-97c6-0a58a9feac02":{"metas":[{"phx_ref":"GH_j7KcX_tNTXPJP","is_host":false,"joined_at":1765380184.3215241,"user_id":"656DAA91-33B4-4688-9135-C982EA52D7C9","username":"ursinho"}]}},"leaves":{}},"topic":"realtime:watch-party:event_tt0477347"}
📨 Received: {"ref":"2","event":"phx_reply","payload":{"status":"ok","response":{}},"topic":"realtime:watch-party:event_tt0477347"}
📨 Received: {"ref":"2","event":"phx_reply","payload":{"status":"ok","response":{}},"topic":"realtime:global-presence"}
📨 Received: {"ref":null,"event":"presence_diff","payload":{"joins":{"191f7364-d5dc-11f0-84ac-0a58a9feac02":{"metas":[{"phx_ref":"GH_j7Kft4WpbNv_C","phx_ref_prev":"GH_j6jJW8UdbNllJ","last_seen":"2025-12-10T15:23:04Z","room_id":"event_tt0477347","started_at":"2025-12-10T15:23:04Z","status":"online","user_id":"656DAA91-33B4-4688-9135-C982EA52D7C9","username":"ursinho","watching_id":"tt0477347","watching_title":"Night at the Museum","watching_type":"movie"}]}},"leaves":{"191f7364-d5dc-11f0-84ac-0a58a9feac02":{"metas":[{"phx_ref":"GH_j6jJW8UdbNllJ","last_seen":"2025-12-10T15:22:53Z","status":"online","user_id":"656DAA91-33B4-4688-9135-C982EA52D7C9","username":"ursinho"}]}}},"topic":"realtime:global-presence"}
🎯 IMMEDIATE RESUME: Seeking to 1020s without delay
✅ Download complete: 51760 bytes
📦 Detected ZIP archive, extracting...
⚠️ No specific episode match found, using first file: Night.at.the.Museum.2006.WEB-DL.DSNP.srt
✅ Extraction successful
⚠️ Video duration not available yet (0.0s), retrying...
✅ Subtitle downloaded and converted to VTT
[ INFO ] GET /subtitles/subdl/L3N1YnRpdGxlLzExMjM3NTAtMjI4MjkxMy56aXA= [request-id: 90FB1973-8E24-4A61-BF24-074A7E69DB9F]
2025-12-10 10:23:05.290 RedLemon[8162:61637] ✅ Subtitle 2 downloaded to: /var/folders/3v/s3d75ntd4v90_pg0mb6rmlz40000gn/T/sub_7EA2008A-B2EE-4CC4-A597-F34B052FF94A.vtt
2025-12-10 10:23:05.290 RedLemon[8162:61637] 📝 Loading subtitle from: /var/folders/3v/s3d75ntd4v90_pg0mb6rmlz40000gn/T/sub_7EA2008A-B2EE-4CC4-A597-F34
2025-12-10 10:23:05.300 RedLemon[8162:61637] ✅ External subtitle added to track list (not auto-selected)
2025-12-10 10:23:05.300 RedLemon[8162:61637] 🔍 SubtitleService: Downloading http://127.0.0.1:47253/subtitles/subdl/L3N1YnRpdGxlLzExMjM3MDctMjQ5OTU2OC56aXA=
📄 Subtitle request: L3N1YnRpdGxlLzExMjM3... (offset: 0ms)
📥 Downloading subtitle from SubDL CDN: /subtitle/1123750-2282913.zip
📨 Received: {"ref":null,"event":"presence_diff","payload":{"joins":{"1f0bb9d6-d5dc-11f0-95d2-0a58a9feac02":{"metas":[{"phx_ref":"GH_j7IIlEftFx1mI","is_host":false,"joined_at":1765380183.7831202,"user_id":"96E01CDB-36C0-4228-A6E4-A29A3C66BC8E","username":"lemontom"}]}},"leaves":{}},"topic":"realtime:watch-party:event_tt0477347"}
🎬 DisplayLink: reportSwap() (throttled)
⚠️ Video duration not available yet (0.0s), retrying...
✅ Download complete: 36218 bytes
📦 Detected ZIP archive, extracting...
⚠️ No specific episode match found, using first file: Night.at.the.Museum.2006.1080p.BrRip.x264.YIFY.srt
✅ Extraction successful
✅ Subtitle downloaded and converted to VTT
[ INFO ] GET /subtitles/subdl/L3N1YnRpdGxlLzExMjM3MDctMjQ5OTU2OC56aXA= [request-id: E3F132D8-8AF7-4368-88C1-FEA6721C45FB]
2025-12-10 10:23:05.760 RedLemon[8162:61637] ✅ Subtitle 3 downloaded to: /var/folders/3v/s3d75ntd4v90_pg0mb6rmlz40000gn/T/sub_94A0329A-BD7D-4F6E-87FB-2C3B1671A390.vtt
2025-12-10 10:23:05.760 RedLemon[8162:61637] 📝 Loading subtitle from: /var/folders/3v/s3d75ntd4v90_pg0mb6rmlz40000gn/T/sub_94A0329A-BD7D-4F6E-87FB-2C3
2025-12-10 10:23:05.768 RedLemon[8162:61637] ✅ External subtitle added to track list (not auto-selected)
2025-12-10 10:23:05.768 RedLemon[8162:61637] 🔍 MPV track-list/count: 3
2025-12-10 10:23:05.768 RedLemon[8162:61637] 🔍 Track 0 type: sub
2025-12-10 10:23:05.768 RedLemon[8162:61637] ✅ Found subtitle track: ID=1, lang=en, title=Night.at.the.Museum.2006.WEB-DL.DSNP
2025-12-10 10:23:05.769 RedLemon[8162:61637] 🔍 Track 1 type: sub
2025-12-10 10:23:05.769 RedLemon[8162:61637] ✅ Found subtitle track: ID=2, lang=en, title=Night.at.the.Museum.2006.1080p.BrRip.x264.YIFY
2025-12-10 10:23:05.769 RedLemon[8162:61637] 🔍 Track 2 type: sub
2025-12-10 10:23:05.769 RedLemon[8162:61637] ✅ Found subtitle track: ID=3, lang=en, title=Night.at.the.Museum.2006.WEB-DL.DSNP
2025-12-10 10:23:05.769 RedLemon[8162:61637] 📊 Total subtitle tracks found: 4 (including Off if needed)
2025-12-10 10:23:05.770 RedLemon[8162:61637] ✅ SubtitleService: Scanned 4 tracks
📄 Subtitle request: L3N1YnRpdGxlLzExMjM3... (offset: 0ms)
📥 Downloading subtitle from SubDL CDN: /subtitle/1123707-2499568.zip
🎯 IMMEDIATE RESUME: Seeking to 1020s without delay
📨 Received: {"ref":null,"event":"presence_diff","payload":{"joins":{"f4cdc9a2-d5db-11f0-b11f-0a58a9feac02":{"metas":[{"phx_ref":"GH_j7IKloMeO3kbL","phx_ref_prev":"GH_j3AHqInOO3lMC","last_seen":"2025-12-10T15:23:03Z","room_id":"event_tt0477347","started_at":"2025-12-10T15:23:03Z","status":"online","user_id":"96E01CDB-36C0-4228-A6E4-A29A3C66BC8E","username":"lemontom","watching_id":"tt0477347","watching_title":"Night at the Museum","watching_type":"movie"}]}},"leaves":{"f4cdc9a2-d5db-11f0-b11f-0a58a9feac02":{"metas":[{"phx_ref":"GH_j3AHqInOO3lMC","last_seen":"2025-12-10T15:21:52Z","status":"online","user_id":"96E01CDB-36C0-4228-A6E4-A29A3C66BC8E","username":"lemontom"}]}}},"topic":"realtime:global-presence"}
✅ Download complete: 36745 bytes
📦 Detected ZIP archive, extracting...
🎯 IMMEDIATE RESUME: Seeking to 1020s without delay
⚠️ No specific episode match found, using first file: Night.at.the.Museum.2006.WEB-DL.DSNP.srt
✅ Extraction successful
✅ Subtitle downloaded and converted to VTT
⚠️ Video duration not available yet (0.0s), retrying...
🎬 DisplayLink: reportSwap() (throttled)
⚠️ Video duration not available yet (0.0s), retrying...
🎯 IMMEDIATE RESUME: Seeking to 1020s without delay
[MPV] (+) Video --vid=1 (*) '' (h264 1920x1038 23.976fps)
[MPV] (+) Audio --aid=1 --alang=en (*) 'E-AC-3 5.1' (eac3 6ch 48000Hz)
[MPV] (+) Subs  --sid=1 --slang=en 'Night.at.the.Museum.2006.WEB-DL.DSNP' (webvtt) (external)
[MPV] Subs  --sid=2 --slang=en 'Night.at.the.Museum.2006.1080p.BrRip.x264.YIFY' (webvtt) (external)
[MPV] Subs  --sid=3 --slang=en 'Night.at.the.Museum.2006.WEB-DL.DSNP' (webvtt) (external)
[MPV] Subs  --sid=4 --slang=en 'English [SRT]' (subrip)
[MPV] Subs  --sid=5 --slang=en 'English [SDH]' (hdmv_pgs_subtitle)
[MPV] Subs  --sid=6 --slang=es 'Spanish' (hdmv_pgs_subtitle)
[MPV] File tags:
[MPV] Title:
🎯 IMMEDIATE RESUME: Seeking to 1020s without delay
 MPV Event: 18
 MPV Event: 18
🔍 AUDIO AUTO-SELECT: Starting smart audio track scan
🎬 MPV: Frame ready! Calling layer.update() (throttled)
🎬 Layer.update() called - forceDraw:false needsFlip:true (throttled)
🎬 DisplayLink: reportSwap() (throttled)
🔍 Track 1: E-AC-3 5.1 | 6ch | English: true | Commentary: false -> Score: 1065
🏆 Selected best audio track: E-AC-3 5.1 (ID: 1, Score: 1065)
🔍 AUTO-SELECT: Starting subtitle scan during FILE_LOADED event
🔍 AUTO-SELECT: Found 8 total tracks
🔍 AUTO-SELECT: Track 0 - ID: 1, lang: 'en', title: 'Night.at.the.Museum.2006.WEB-DL.DSNP', forced: false, default: false
🔍 AUTO-SELECT: Track 1 - ID: 2, lang: 'en', title: 'Night.at.the.Museum.2006.1080p.BrRip.x264.YIFY', forced: false, default: false
🔍 AUTO-SELECT: Track 2 - ID: 3, lang: 'en', title: 'Night.at.the.Museum.2006.WEB-DL.DSNP', forced: false, default: false
🔍 AUTO-SELECT: Track 5 - ID: 4, lang: 'en', title: 'English [SRT]', forced: false, default: false
🔍 AUTO-SELECT: Track 6 - ID: 5, lang: 'en', title: 'English [SDH]', forced: false, default: false
🔍 AUTO-SELECT: Track 7 - ID: 6, lang: 'es', title: 'Spanish', forced: false, default: false
✅ Auto-selecting BEST English subtitle: English [SDH] (ID: 5) [External: false, Forced: false, Default: false]
🎯 Executing immediate seek to 1020s...
 MPV Event: 18
🎬 canDraw() = true (forceDraw:false, hasFrame:true) (throttled)
🎬 draw() - Rendering frame! (throttled)
 MPV Event: 17
🎯 Executing immediate seek to 1020s...
 MPV Event: 17
[MPV] Using hardware decoding (videotoolbox).
[MPV] AO: [coreaudio] 48000Hz stereo 2ch floatp
[MPV] VO: [libmpv] 1920x1038 videotoolbox[nv12]
[MPV] Track switched:
[MPV] (+) Video --vid=1 (*) '' (h264 [High] 1920x1038 23.976fps)
[MPV] (+) Audio --aid=1 --alang=en (*) 'E-AC-3 5.1' (eac3 6ch 48000Hz)
[MPV] (+) Subs  --sid=1 --slang=en 'Night.at.the.Museum.2006.WEB-DL.DSNP' (webvtt) (external)
[MPV] Subs  --sid=2 --slang=en 'Night.at.the.Museum.2006.1080p.BrRip.x264.YIFY' (webvtt) (external)
[MPV] Subs  --sid=3 --slang=en 'Night.at.the.Museum.2006.WEB-DL.DSNP' (webvtt) (external)
[MPV] Subs  --sid=4 --slang=en 'English [SRT]' (subrip)
[MPV] Subs  --sid=5 --slang=en 'English [SDH]' (hdmv_pgs_subtitle)
[MPV] Subs  --sid=6 --slang=es 'Spanish' (hdmv_pgs_subtitle)
[MPV] Track switched:
[MPV] (+) Video --vid=1 (*) '' (h264 [High] 1920x1038 23.976fps)
[MPV] (+) Audio --aid=1 --alang=en (*) 'E-AC-3 5.1' (eac3 6ch 48000Hz)
[MPV] Subs  --sid=1 --slang=en 'Night.at.the.Museum.2006.WEB-DL.DSNP' (webvtt) (external)
[MPV] Subs  --sid=2 --slang=en 'Night.at.the.Museum.2006.1080p.BrRip.x264.YIFY' (webvtt) (external)
[MPV] Subs  --sid=3 --slang=en 'Night.at.the.Museum.2006.WEB-DL.DSNP' (webvtt) (external)
[MPV] Subs  --sid=4 --slang=en 'English [SRT]' (subrip)
[MPV] (+) Subs  --sid=5 --slang=en 'English [SDH]' (hdmv_pgs_subtitle)
[MPV] Subs  --sid=6 --slang=es 'Spanish' (hdmv_pgs_subtitle)
 MPV Event: 20
✅ MPVPlayerViewModel: Enhancing UI - Buffering finished (hide spinner)
 MPV Event: 20
✅ Resumed playback after seek to 1020s
✅ Resumed playback after seek to 1020s
🎬 DisplayLink: reportSwap() (throttled)
🎬 MPV: Frame ready! Calling layer.update() (throttled)
🎬 DisplayLink: reportSwap() (throttled)
✅ MPVPlayerViewModel: Enhancing UI - Buffering finished (hide spinner)
🎬 Layer.update() called - forceDraw:false needsFlip:true (throttled)
🎬 DisplayLink: reportSwap() (throttled)
🎬 MPV: Frame ready! Calling layer.update() (throttled)
🎬 DisplayLink: reportSwap() (throttled)
🎬 DisplayLink: reportSwap() (throttled)
🎬 canDraw() = true (forceDraw:false, hasFrame:true) (throttled)
🎬 draw() - Rendering frame! (throttled)
🎬 MPV: Frame ready! Calling layer.update() (throttled)
🎬 Layer.update() called - forceDraw:false needsFlip:true (throttled)
🎬 DisplayLink: reportSwap() (throttled)
🎬 DisplayLink: reportSwap() (throttled)
🎬 MPV: Frame ready! Calling layer.update() (throttled)
🎬 DisplayLink: reportSwap() (throttled)
🎬 Layer.update() called - forceDraw:false needsFlip:true (throttled)
🎬 DisplayLink: reportSwap() (throttled)
🎬 MPV: Frame ready! Calling layer.update() (throttled)
🎬 canDraw() = true (forceDraw:false, hasFrame:true) (throttled)
🎬 draw() - Rendering frame! (throttled)
🎬 DisplayLink: reportSwap() (throttled)
🎬 DisplayLink: reportSwap() (throttled)
🎬 Layer.update() called - forceDraw:false needsFlip:true (throttled)
🎬 MPV: Frame ready! Calling layer.update() (throttled)
🎬 DisplayLink: reportSwap() (throttled)
