2026-01-09 15:24:54.536 RedLemon[48337:265941] 🪟 Set initial window to expanded size: (0.0, 141.0, 1280.0, 634.0)
2026-01-09 15:24:54.536 RedLemon[48337:265941] ✅ Cache cleanup timer started (runs every 30 minutes)
2026-01-09 15:24:54.583 RedLemon[48337:265941] 🔄 Resetting playback state to prevent auto-selection...
2026-01-09 15:24:54.631 RedLemon[48337:265941] ✅ Playback state reset complete - starting in browse view
2026-01-09 15:24:54.631 RedLemon[48337:265941] 🔐 APP STARTUP: Loading stored user credentials...
2026-01-09 15:24:54.631 RedLemon[48337:265941] 🧪 Testing Profile: debug
2026-01-09 15:24:54.644 RedLemon[48337:265947] 🔍 KeychainManager.getUsername() - iCloud: 'nil' Local: 'lemontom'
2026-01-09 15:24:54.644 RedLemon[48337:265941] ✅ Keychain: Found stored username: lemontom
2026-01-09 15:24:54.680 RedLemon[48337:265946] 🔐 KeychainManager.getKeyPair() - private_key: MISSING public_key: MISSING
2026-01-09 15:24:54.680 RedLemon[48337:265941] ⚠️ KEYCHAIN ERROR: Username 'lemontom' found but Signing Keys are missing!
2026-01-09 15:24:54.680 RedLemon[48337:265941]    This results in a 'Zombie' session where presence fails.
2026-01-09 15:24:54.680 RedLemon[48337:265946] 🗑️ KeychainManager: Deleting username from UserDefaults
2026-01-09 15:24:54.681 RedLemon[48337:265946] ✅ KeychainManager: Username deleted successfully
2026-01-09 15:24:54.682 RedLemon[48337:265941] ✅ CLEARED: Removed invalid username to force re-authentication.
2026-01-09 15:24:54.682 RedLemon[48337:265941] 🚀 RedLemon: Starting HTTP server...
2026-01-09 15:24:54.682 RedLemon[48337:265941] 📋 RedLemon: Current directory: /Users/danielnoble/Desktop/RedLemon-Native
2026-01-09 15:24:54.705 RedLemon[48337:265941] ✅ RedLemon: HTTPServer instance created
2026-01-09 15:24:54.705 RedLemon[48337:265949] 📡 RedLemon: Server starting on port 47253...
⏲️ [EventsConfig] Starting polling fallback (every 60s)
🔌 Connecting to Supabase Realtime: wss://151.243.109.243.nip.io/realtime/v1/websocket
✅ Connected to Supabase Realtime
✅ Sparkle configured (manual only, no auto-checks)
   Appcast URL: https://raw.githubusercontent.com/orangeapple1272/Redlemon/main/appcast.xml
   Can check: false
📅 EventsView appeared
🎬 [EventsView] Fetching movie events from centralized config...
📡 [EventsConfig] Checking server for movie_events config version...
🔍 Memory pressure monitoring enabled (safe mode)
🔍 Silent update check (custom implementation)...
🖥️ CacheManager initialized with fixed conservative limits
   Image cache limit: 30 items
📂 Loaded 3 credential(s) from cache: [subdl, realdebrid, user_id]
✅ Token routes registered:
   POST /tokens/save
   POST /tokens/delete
   GET  /tokens/list
✅ Unlock routes registered:
   POST /api/streams/unlock
✅ Stream routes registered:
   POST /api/streams/resolve
   GET  /api/streams/resolveByQuality
   GET  /api/streams/resolveAll
✅ Proxy routes registered:
   GET /play/rd/:infoHash/:fileIdx
   GET /play/rd/:infoHash
✅ Subtitle routes registered:
   GET /subtitles/search?imdbId=&type=
   GET /subtitles/subdl/:encodedPath
✅ All routes registered
✅ HTTP Server configured on http://127.0.0.1:47253
🚀 Starting HTTP server...
✅ Providers initialized: torrentio, comet, zilean, mediafusion, debridsearch
[ NOTICE ] Server started on http://127.0.0.1:47253
2026-01-09 15:24:56.721 RedLemon[48337:265941] ✅ RedLemon: Server marked as ready
2026-01-09 15:24:56.776 RedLemon[48337:265941] ✅ RedLemon: Server should be running on http://127.0.0.1:47253
2026-01-09 15:24:56.776 RedLemon[48337:265941] 🔍 Performing startup checks...
2026-01-09 15:24:56.776 RedLemon[48337:265941] ✅ Username-based authentication ready
2026-01-09 15:24:57.750 RedLemon[48337:265941] 🔍 Performing startup checks...
2026-01-09 15:24:57.750 RedLemon[48337:265941] ✅ Username-based authentication ready
2026-01-09 15:24:58.194 RedLemon[48337:265941] 🔄 Checking for app updates...
2026-01-09 15:25:06.389 RedLemon[48337:265947] 💾 KeychainManager: Saving username 'lemontom' to UserDefaults
2026-01-09 15:25:06.389 RedLemon[48337:265947] ✅ KeychainManager: Username saved - Local: 'lemontom' iCloud: 'nil'
2026-01-09 15:25:10.500 RedLemon[48337:265998] 🎬 Torrentio: Building URL for movie (no season/episode)
2026-01-09 15:25:10.500 RedLemon[48337:265998] 🔗 Torrentio URL (length: 55): https://torrentio.strem.fun/stream/movie/tt0133093.json...
✅ HTTP server running on http://127.0.0.1:47253

🔗 Available endpoints:
   http://127.0.0.1:47253/health
   http://127.0.0.1:47253/status
   http://127.0.0.1:47253/api/health

📡 Joined channel: realtime:events_config_updates
✅ [EventsConfig] Subscribed to realtime schedule updates
📨 Received: {"ref":"CD3EF35B-7F0C-4BBA-A3A5-E6B05178073B","event":"phx_reply","payload":{"status":"ok","response":{"postgres_changes":[{"id":53636278,"event":"INSERT","filter":"config_type=eq.movie_events","schema":"public","table":"events_config"}]}},"topic":"realtime:events_config_updates"}
📨 Received: {"ref":null,"event":"system","payload":{"message":"Subscribed to PostgreSQL","status":"ok","extension":"postgres_changes","channel":"events_config_updates"},"topic":"realtime:events_config_updates"}
📨 Received: {"ref":null,"event":"presence_state","payload":{},"topic":"realtime:events_config_updates"}
✅ [EventsConfig] Fetched movie_events version 1492 with 412 movies
✅ [EventsConfig] Using cached movie_events config (version 1492, 412 movies)
✅ [EventsView] Loaded 412 movies from config version 1492
🗓 AppState: Updated schedule epoch to 2026-01-07 16:47:45 +0000
⏰ AppState: Next schedule update set for Event End: 2026-01-09 21:50:45 +0000
⏰ AppState: Scheduling update in 5149 seconds
🖼️ [CACHE] Cached image data for key: https://images.metahub.space/background/medium/tt1591095/img (651299 bytes)
💰 LicenseManager: Starting hybrid subscription check...
⏰ AppState: Next schedule update set for Event End: 2026-01-09 21:50:45 +0000
⏰ AppState: Scheduling update in 5149 seconds
⏰ AppState: Next schedule update set for Event End: 2026-01-09 21:50:45 +0000
⏰ AppState: Scheduling update in 5148 seconds
⚠️ LicenseManager: Payment sweep failed (non-fatal): httpError(400, "{\"error\":\"Unauthorized: No Token or User ID provided\"}")
🚫 Subscription revoked or inactive.
💰 LicenseManager: Starting hybrid subscription check...
⚠️ LicenseManager: Payment sweep failed (non-fatal): httpError(400, "{\"error\":\"Unauthorized: No Token or User ID provided\"}")
🚫 Subscription revoked or inactive.
🔍 Manual update check requested...
⏰ TimeService: Synchronizing clock with server...
✅ TimeService: Synced! Offset: 0.138s (RTT: 166ms)
   Local:  2026-01-09 20:24:58 +0000
   Server: 2026-01-09 20:24:58 +0000
⏰ Time synced with server! AppState should automatically recalculate.
⚠️ iCloud Keychain save failed, trying local: saveFailed(status: -34018)
✅ Saved user_id credential to cache
⚠️ iCloud Keychain save failed, trying local: saveFailed(status: -34018)
✅ Saved realdebrid credential to cache
⚠️ iCloud Keychain save failed, trying local: saveFailed(status: -34018)
✅ Saved subdl credential to cache
⏰ AppState: Next schedule update set for Event End: 2026-01-09 21:50:45 +0000
⏰ AppState: Scheduling update in 5138 seconds
🔌 SocialService: Connecting to global presence...
🔌 Connecting to Supabase Realtime: wss://151.243.109.243.nip.io/realtime/v1/websocket
✅ Connected to Supabase Realtime
✅ SocialService: Presence connected
📡 Joined channel: realtime:global-presence
✅ SocialService: Connected to global presence
🔌 SocialService: Connecting to DM channel...
🔌 Connecting to Supabase Realtime: wss://151.243.109.243.nip.io/realtime/v1/websocket
✅ Connected to Supabase Realtime
✅ SocialService: DM channel connected
📨 Received: {"ref":"01445E9B-A379-49AE-AF93-84D88E0B7E1C","event":"phx_reply","payload":{"status":"ok","response":{"postgres_changes":[]}},"topic":"realtime:global-presence"}
📨 Received: {"ref":null,"event":"presence_state","payload":{},"topic":"realtime:global-presence"}
📨 Received: {"ref":"1","event":"phx_reply","payload":{"status":"ok","response":{}},"topic":"realtime:global-presence"}
📨 Received: {"ref":null,"event":"presence_diff","payload":{"joins":{"4aae8710-ed99-11f0-8fe8-9ee62e3b7bba":{"metas":[{"phx_ref":"GIkp0Y3FGvs6AoWC","last_seen":"2026-01-09T20:25:08.499Z","status":"online","user_id":"96E01CDB-36C0-4228-A6E4-A29A3C66BC8E","username":"lemontom"}]}},"leaves":{}},"topic":"realtime:global-presence"}
📈 SocialService: User 96e01cdb-36c0-4228-a6e4-a29a3c66bc8e came online
📡 Joined channel: realtime:direct_messages
✅ SocialService: Connected to DM channel
📨 Received: {"ref":"B5D72A4C-4B5A-409B-9A68-A9092A7861AE","event":"phx_reply","payload":{"status":"ok","response":{"postgres_changes":[{"id":6798732,"event":"INSERT","filter":"receiver_id=eq.96e01cdb-36c0-4228-a6e4-a29a3c66bc8e","schema":"public","table":"direct_messages"},{"id":83853945,"event":"INSERT","filter":"sender_id=eq.96e01cdb-36c0-4228-a6e4-a29a3c66bc8e","schema":"public","table":"direct_messages"}]}},"topic":"realtime:direct_messages"}
📨 Received: {"ref":null,"event":"system","payload":{"message":"Subscribed to PostgreSQL","status":"ok","extension":"postgres_changes","channel":"direct_messages"},"topic":"realtime:direct_messages"}
📬 SocialService: Fetched 0 unread messages
📨 Received: {"ref":null,"event":"presence_state","payload":{},"topic":"realtime:direct_messages"}
🔄 SocialService: Syncing 50 items to cloud...
🔄 SocialService: Syncing 50 items to cloud (serial)...
⚠️ checkFreeTierLimit: No current user ID
🎉 Subscription updated! Expires: 2026-01-18 17:23:32 +0000
