2026-01-18 20:46:35.596 RedLemon[45212:325286] 🪟 Set initial window to expanded size: (0.0, 148.0, 1366.0, 595.0)
2026-01-18 20:46:35.596 RedLemon[45212:325286] ✅ Cache cleanup timer started (runs every 30 minutes)
2026-01-18 20:46:35.694 RedLemon[45212:325286] 🔄 Resetting playback state to prevent auto-selection...
2026-01-18 20:46:35.703 RedLemon[45212:325286] ⚠️ PlayerVM: currentWatchPartyRoom set to NIL. Stack Trace unavailable, but check recent logs.
2026-01-18 20:46:35.737 RedLemon[45212:325286] ✅ Playback state reset complete - starting in browse view
2026-01-18 20:46:35.738 RedLemon[45212:325286] 🔐 APP STARTUP: Loading stored user credentials...
2026-01-18 20:46:35.738 RedLemon[45212:325286] 🧪 Testing Profile: debug
2026-01-18 20:46:35.747 RedLemon[45212:325348] 📂 Loaded 5 credential(s) from cache
2026-01-18 20:46:35.754 RedLemon[45212:325286] ✅ Keychain: Found stored username: ursinho
2026-01-18 20:46:35.755 RedLemon[45212:325286] 🔍 Supabase: Looking up user 'ursinho' in database...
2026-01-18 20:46:35.755 RedLemon[45212:325348] 🔍 SupabaseClient: Looking up user by username 'ursinho'
2026-01-18 20:46:37.455 RedLemon[45212:325347] 📡 SupabaseClient: User lookup response received (399 bytes)
2026-01-18 20:46:37.476 RedLemon[45212:325347] ✅ SupabaseClient: Decoded 1 users from response
2026-01-18 20:46:37.476 RedLemon[45212:325347] 👤 SupabaseClient: Found user - ursinho (ID: 656DAA91-33B4-4688-9135-C982EA52D7C9)
2026-01-18 20:46:37.508 RedLemon[45212:325286] ✅ AUTH SUCCESS: User authenticated - ursinho (ID: 656DAA91-33B4-4688-9135-C982EA52D7C9)
2026-01-18 20:46:37.508 RedLemon[45212:325286] 🎯 AppState: currentUsername=ursinho, currentUserId=656DAA91-33B4-4688-9135-C982EA52D7C9
2026-01-18 20:46:38.837 RedLemon[45212:325438] 📝 [APP] 🎟️ Joining event: Talladega Nights: The Ballad of Ricky Bobby (Live: true) ["file": "EventsView.swift", "level": "INFO", "line": "253"]
2026-01-18 20:46:38.837 RedLemon[45212:325438] 📝 [APP] SessionRecorder initialized
2026-01-18 20:46:39.463 RedLemon[45212:325286] ✅ PlayerVM: currentWatchPartyRoom set to event_tt0415306
2026-01-18 20:46:39.755 RedLemon[45212:325286] 📡 Fetching metadata for tt0415306...
2026-01-18 20:46:39.918 RedLemon[45212:325286] 🏁 AUTH COMPLETE: Final state - username=ursinho, userId=656DAA91-33B4-4688-9135-C982EA52D7C9
2026-01-18 20:46:39.922 RedLemon[45212:325286] 🚀 RedLemon: Starting HTTP server...
2026-01-18 20:46:39.922 RedLemon[45212:325286] 📋 RedLemon: Current directory: /Users/danielnoble/Desktop/Redlemon
2026-01-18 20:46:39.942 RedLemon[45212:325286] ✅ RedLemon: HTTPServer instance created
2026-01-18 20:46:39.942 RedLemon[45212:325286] ✅ RedLemon: Server marked as ready (Optimistic)
2026-01-18 20:46:39.943 RedLemon[45212:325349] 📡 RedLemon: Server starting on port 47253...
⏲️ [EventsConfig] Starting polling fallback (every 60s)
🔌 Connecting to Supabase Realtime: wss://151.243.109.243.nip.io/realtime/v1/websocket
✅ Connected to Supabase Realtime
📡 Sparkle requesting feed URL: https://151.243.109.243.nip.io/updates/appcast.xml
✅ Sparkle configured (seamless mode)
   Appcast URL: https://151.243.109.243.nip.io/updates/appcast.xml
   Can check: true
📅 EventsView appeared
📡 Joined channel: realtime:events_config_updates (interest count: 1)
✅ [EventsConfig] Subscribed to realtime schedule updates
🎬 [EventsView] Fetching movie events from centralized config...
📡 [EventsConfig] Checking server for movie_events config version...
🔍 Memory pressure monitoring enabled (safe mode)
🔍 Silent update check (custom implementation)...
🖥️ CacheManager initialized with fixed conservative limits
   Image cache limit: 30 items
📡 Sparkle requesting feed URL: https://151.243.109.243.nip.io/updates/appcast.xml
📦 Current build: 122, Latest build: 122
✅ App is up to date (current: 122, latest: 122)
✅ [EventsConfig] Fetched movie_events version 1546 with 401 movies
✅ [EventsConfig] Using cached movie_events config (version 1546, 401 movies)
✅ [EventsView] Loaded 401 movies from config version 1546
🗓 AppState: Updated schedule epoch to 2026-01-18 22:58:18 +0000
⏰ AppState: Next schedule update set for Event End: 2026-01-19 03:12:18 +0000
⏰ AppState: Scheduling update in 5140 seconds
🖼️ [CACHE] Cached image data for key: https://images.metahub.space/background/medium/tt30274401/img (120617 bytes)
🖼️ [CACHE] Cached image data for key: https://images.metahub.space/background/medium/tt12921446/img (746448 bytes)
🖼️ [CACHE] Cached image data for key: https://images.metahub.space/background/medium/tt0415306/img (451442 bytes)
🔌 SocialService: Connecting to global presence...
🔌 Connecting to Supabase Realtime: wss://151.243.109.243.nip.io/realtime/v1/websocket
✅ Connected to Supabase Realtime
✅ SocialService: Presence connected
[2026-01-19T01:46:38Z] [INFO] [EventsView.swift:253] 🎟️ Joining event: Talladega Nights: The Ballad of Ricky Bobby (Live: true)
   Event start time: 2026-01-19 01:14:18 +0000
   Event duration: 7080.0s
   Current time: 2026-01-19 01:46:38 +0000
   Is Live: true
   Is In Lobby: false
✅ Event room already exists: event_tt0415306

✅ [SYNC VERIFICATION] FOUND SERVER URL (No Hash) 🔑
   UnlockedURL: https://chi7-4.download.real-d...
   Quality: nil
   FileIdx: -1
   🔗 Locking to server-provided unlocked URL

📊 AppState: Polled participant counts - Active: ["tt0415306": 1]
⏰ AppState: Next schedule update set for Event End: 2026-01-19 03:12:18 +0000
⏰ AppState: Scheduling update in 5139 seconds
📡 Joined channel: realtime:global-presence (interest count: 1)
📊 AppState: Polled participant counts - Active: ["tt0415306": 1]
⏰ AppState: Next schedule update set for Event End: 2026-01-19 03:12:18 +0000
⏰ AppState: Scheduling update in 5139 seconds
✅ SocialService: Connected to global presence
🔌 SocialService: Connecting to DM channel...
🔌 Connecting to Supabase Realtime: wss://151.243.109.243.nip.io/realtime/v1/websocket
✅ Connected to Supabase Realtime
✅ SocialService: DM channel connected
📈 SocialService: User 96e01cdb-36c0-4228-a6e4-a29a3c66bc8e came online
📈 SocialService: User 656daa91-33b4-4688-9135-c982ea52d7c9 came online
📡 [EventsConfig] Checking server for movie_events config version...
🎬 Live event - calculating position: 1941.4626250267029 seconds
   Event start time: 2026-01-19 01:14:18 +0000
   Current time: 2026-01-19 01:46:39 +0000
   Room createdAt: 2026-01-19 01:14:18 +0000
   Room state: playing
   Setting resumeFromTimestamp to: 1941.4626250267029
🎬 Live event - starting playback immediately (no lobby)
📡 Joined channel: realtime:direct_messages (interest count: 1)
✅ SocialService: Connected to DM channel
🔍 [DEBUG] Network attempt 1 failed: Error Domain=NSURLErrorDomain Code=-1004 "Could not connect to the server." UserInfo={_kCFStreamErrorCodeKey=61, NSUnderlyingError=0x7fd8f9f46c40 {Error Domain=kCFErrorDomainCFNetwork Code=-1004 "(null)" UserInfo={_NSURLErrorNWPathKey=satisfied (Path is satisfied), viable, interface: lo0, _kCFStreamErrorCodeKey=61, _kCFStreamErrorDomainKey=1}}, _NSURLErrorFailingURLSessionTaskErrorKey=LocalDataTask <2EC6675F-A651-4EFC-B4EE-EB6542040CBE>.<1>, _NSURLErrorRelatedURLSessionTaskErrorKey=(
    "LocalDataTask <2EC6675F-A651-4EFC-B4EE-EB6542040CBE>.<1>"
), NSLocalizedDescription=Could not connect to the server., NSErrorFailingURLStringKey=http://127.0.0.1:47253/api/metadata/meta/movie/tt0415306, NSErrorFailingURLKey=http://127.0.0.1:47253/api/metadata/meta/movie/tt0415306, _kCFStreamErrorDomainKey=1}
✅ [EventsConfig] Fetched movie_events version 1546 with 401 movies
✅ [EventsConfig] Using cached movie_events config (version 1546, 401 movies)
✅ SocialService: Event event_tt0415306 is JOINABLE (Live or Next Up) - allowing join
📬 SocialService: Fetched 0 unread messages
🔄 SocialService: Syncing 50 items to cloud...
🔄 SocialService: Syncing 50 items to cloud (serial)...
✅ Token routes registered:
   POST /tokens/save
   POST /tokens/delete
   GET  /tokens/list
✅ Unlock routes registered:
   POST /api/streams/unlock
✅ Stream routes registered:
   POST /api/streams/resolve
   GET  /api/streams/resolveByQuality
   GET  /api/streams/resolveAll
✅ Proxy routes registered:
   GET /play/rd/:infoHash/:fileIdx
   GET /play/rd/:infoHash
✅ Subtitle routes registered:
   GET /subtitles/search?imdbId=&type=
   GET /subtitles/subdl/:encodedPath
✅ All routes registered
✅ HTTP Server configured on http://127.0.0.1:47253
🚀 Starting HTTP server...
✅ Providers initialized: torrentio, comet, zilean, mediafusion, debridsearch
[ NOTICE ] Server started on http://127.0.0.1:47253
2026-01-18 20:46:39.989 RedLemon[45212:325286] ✅ RedLemon: Server should be running on http://127.0.0.1:47253
2026-01-18 20:46:39.989 RedLemon[45212:325286] 🏥 [AppState] Starting global provider health check...
2026-01-18 20:46:39.989 RedLemon[45212:325286] 🔍 Performing startup checks...
2026-01-18 20:46:39.989 RedLemon[45212:325286] ✅ Username-based authentication ready
2026-01-18 20:46:39.990 RedLemon[45212:325438] 🔐 Signed request to /check-payment
2026-01-18 20:46:40.515 RedLemon[45212:325368] 🎬 Torrentio: Building URL for movie (no season/episode)
2026-01-18 20:46:40.515 RedLemon[45212:325368] 🔗 Torrentio URL (length: 55): https://torrentio.strem.fun/stream/movie/tt0133093.json...
2026-01-18 20:46:41.639 RedLemon[45212:325286] 🔄 Checking for app updates...
✅ HTTP server running on http://127.0.0.1:47253

🔗 Available endpoints:
   http://127.0.0.1:47253/health
   http://127.0.0.1:47253/status
   http://127.0.0.1:47253/api/health

💰 LicenseManager: Starting hybrid license check...
📡 [EventsConfig] Checking server for movie_events config version...
📡 [EventsConfig] Checking server for movie_events config version...
✅ SubDLClient initialized
✅ [EventsConfig] Fetched movie_events version 1546 with 401 movies
✅ [EventsConfig] Using cached movie_events config (version 1546, 401 movies)
✅ SocialService: Event event_tt0415306 is JOINABLE (Live or Next Up) - allowing join
👤 LicenseManager: Profile expiry: Optional(2026-02-11 06:00:30 +0000)
🔍 Silent update check (custom implementation)...
⏰ TimeService: Synchronizing clock with server...
🎉 License updated! Expires: 2026-02-11 06:00:30 +0000
📦 Current build: 122, Latest build: 122
✅ App is up to date (current: 122, latest: 122)
✅ [EventsConfig] Fetched movie_events version 1546 with 401 movies
✅ [EventsConfig] Using cached movie_events config (version 1546, 401 movies)
✅ SocialService: Event event_tt0415306 is JOINABLE (Live or Next Up) - allowing join
🔍 [DEBUG] Network attempt 2/5 for tt0415306
[ INFO ] GET /api/metadata/meta/movie/tt0415306 [request-id: 0B52FEF3-4096-4E3E-B738-7E119662554F]
2026-01-18 20:46:41.828 RedLemon[45212:325286] ✅ [AppState] Provider health check complete (found 7 services)
2026-01-18 20:46:42.058 RedLemon[45212:325348] 📦 Decoded CinemetaMeta - videos count: 0
2026-01-18 20:46:42.090 RedLemon[45212:325348] ✅ StreamService: Using provided metadata: Talladega Nights: The Ballad of Ricky Bobby
2026-01-18 20:46:42.090 RedLemon[45212:325348] ⚡️ StreamService: Resolving streams via StreamResolver (Bypassing HTTP)...
2026-01-18 20:46:42.090 RedLemon[45212:325438] 📝 [APP] 🎬 StreamService: Starting resolution for: Talladega Nights: The Ballad of Ricky Bobby ["file": "StreamService.swift", "level": "INFO", "line": "104"]
2026-01-18 20:46:42.090 RedLemon[45212:325348] ⚡️ StreamResolver: Resolving streams for tt0415306 (S0E0)
2026-01-18 20:46:42.091 RedLemon[45212:325348] 📝 [APP] New Session Started ["app_version": "1.0.122", "build": "122", "session_id": "49EC47D9-6152-4E4F-A608-2364E019E5F1", "trigger_source": "manual", "user_id": "656DAA91-33B4-4688-9135-C982EA52D7C9"]
2026-01-18 20:46:42.091 RedLemon[45212:325348] 📝 [APP] Target Content Set ["imdb_id": "tt0415306"]
2026-01-18 20:46:42.091 RedLemon[45212:325348] 📝 [RESOLVER] Started Resolution ["episode": "0", "season": "0", "type": "movie"]
2026-01-18 20:46:42.328 RedLemon[45212:325348]    📅 Filtering by year: 2006
2026-01-18 20:46:42.453 RedLemon[45212:325348] 📦 StreamResolver: Fetching streams from ProviderManager...
2026-01-18 20:46:42.453 RedLemon[45212:325348] 🔍 ProviderManager: Fetching streams for tt0415306...
2026-01-18 20:46:42.454 RedLemon[45212:325438] ✨ Torrentio: Using Auto-Generated Config (RealDebrid)
2026-01-18 20:46:42.455 RedLemon[45212:325438] 🎬 Torrentio: Building URL for movie (no season/episode)
2026-01-18 20:46:42.455 RedLemon[45212:325348] 🔍 Zilean: Searching via IMDB ID: tt0415306
2026-01-18 20:46:42.455 RedLemon[45212:325349] 🎬 DebridSearch: Building URL for movie (no season/episode)
2026-01-18 20:46:42.455 RedLemon[45212:325438] 🔗 Torrentio URL (length: 119): https://torrentio.strem.fun/realdebrid=K67JV2V4FTUA7RYN6T34BFIUBRUZERBO45A6UL3O7TE5ZHFDQQSA/stream/movie/tt0415306.json...
2026-01-18 20:46:42.455 RedLemon[45212:325349] 🔗 DebridSearch URL: https://68d69db7dc40-debrid-search.baby-beamup.club/%7B%22DebridApiKey%22%3A%22***%22,%22DebridProvider%22%3A%22RealDebrid%22%7D/stream/movie/tt0415306.json
2026-01-18 20:46:42.455 RedLemon[45212:325349] 🔍 DebridSearch: Fetching https://68d69db7dc40-debrid-search.baby-beamup.club/%7B%22DebridApiKey%22%3A%22K67JV2V4FTUA7RYN6T34BFIUBRUZERBO45A6UL3O7TE5ZHFDQQSA%22,%22DebridProvider%22%3A%22RealDebrid%22%7D/stream/movie/tt0415306.json
2026-01-18 20:46:42.455 RedLemon[45212:325438] 🔍 Torrentio: Fetching https://torrentio.strem.fun/realdebrid=K67JV2V4FTUA7RYN6T34BFIUBRUZERBO45A6UL3O7TE5ZHFDQQSA/stream/movie/tt0415306.json
2026-01-18 20:46:42.540 RedLemon[45212:325346] 📡 Torrentio: HTTP 200, received 9419 bytes
2026-01-18 20:46:42.550 RedLemon[45212:325346] ✅ Torrentio: Parsed 17 streams from 17 raw
2026-01-18 20:46:43.565 RedLemon[45212:325346] ✅ Zilean: Got 27 results
2026-01-18 20:46:50.502 RedLemon[45212:325368] ❌ Provider debridsearch failed: Error Domain=NSURLErrorDomain Code=-1001 "The request timed out." UserInfo={_kCFStreamErrorCodeKey=-2102, NSUnderlyingError=0x7fd8fdafb570 {Error Domain=kCFErrorDomainCFNetwork Code=-1001 "(null)" UserInfo={_kCFStreamErrorCodeKey=-2102, _kCFStreamErrorDomainKey=4}}, _NSURLErrorFailingURLSessionTaskErrorKey=LocalDataTask <C993C884-3D3C-4439-91D1-B40D8722264C>.<11>, _NSURLErrorRelatedURLSessionTaskErrorKey=(
    "LocalDataTask <C993C884-3D3C-4439-91D1-B40D8722264C>.<11>"
), NSLocalizedDescription=The request timed out., NSErrorFailingURLStringKey=https://68d69db7dc40-debrid-search.baby-beamup.club/%7B%22DebridApiKey%22%3A%22K67JV2V4FTUA7RYN6T34BFIUBRUZERBO45A6UL3O7TE5ZHFDQQSA%22,%22DebridProvider%22%3A%22RealDebrid%22%7D/stream/movie/tt0415306.json, NSErrorFailingURLKey=https://68d69db7dc40-debrid-search.baby-beamup.club/%7B%22DebridApiKey%22%3A%22K67JV2V4FTUA7RYN6T34BFIUBRUZERBO45A6UL3O7TE5ZHFDQQSA%22,%22DebridProvider%22%3A%22RealDebrid%22%7D/stream/movie/tt0415306.json, _kCFStreamErrorDomainKey=4}
2026-01-18 20:46:50.503 RedLemon[45212:325349] ✅ ProviderManager: Fetched 44 raw, returning 34 unique streams
2026-01-18 20:46:50.504 RedLemon[45212:325349] 📦 StreamResolver: Received 34 raw streams, bucketing...
2026-01-18 20:46:50.504 RedLemon[45212:325349] 📝 [RESOLVER] Providers Fetched ["torrentio": "17", "zilean": "17"]
2026-01-18 20:46:51.053 RedLemon[45212:325349] 📝 [RESOLVER] Resolution Complete ["1080p": "1", "2160p": "1", "720p": "1", "selected_provider": "torrentio", "selected_title": "Talladega.Nights.The.Ballad.Of.Ricky.Bobby.2006.UNRATED.1080p.BluRay.x264-MAiN
👤 3 💾 7.95 GB ⚙️ RARBG"]
2026-01-18 20:46:51.054 RedLemon[45212:325346] 📝 [APP] 📦 StreamService: Found 16 total streams to try (across all qualities) ["file": "StreamService.swift", "level": "INFO", "line": "279"]
✅ TimeService: Synced! Offset: 0.207s (RTT: 253ms)
   Local:  2026-01-19 01:46:41 +0000
   Server: 2026-01-19 01:46:42 +0000
💾 Cache SET: Metadata[meta_movie_tt0415306]
[2026-01-19T01:46:42Z] [INFO] [StreamService.swift:104] 🎬 StreamService: Starting resolution for: Talladega Nights: The Ballad of Ricky Bobby
🎬 StreamService: Resolving movie - trusted pack filtering will be applied server-side
🛡️ StreamResolver: Loaded 5 blocked streams from blacklist
🔍 MediaFusion: Fetching https://mediafusion.elfhosted.com/stream/movie/tt0415306.json
🔍 Comet: Fetching https://comet.elfhosted.com/eyJkZWJyaWRTZXJ2aWNlIjoicmVhbGRlYnJpZCIsInJlbW92ZVRyYXNoIjpmYWxzZSwiZGVi...
✅ Comet: Got 1 streams
🔍 Comet: Parsing 1 streams...
⚠️ Comet: Skipping invalid redirect URL: https://comet.elfhosted.com/playback/kOrBjokJSSb9AwVCij6oKoh...
✅ Comet: Parsed 0 valid streams
⚠️ MediaFusion: HTTP 418
📊 AppState: Polled participant counts - Active: ["tt0415306": 2]
⏰ AppState: Next schedule update set for Event End: 2026-01-19 03:12:18 +0000
⏰ AppState: Scheduling update in 5129 seconds
📊 StreamResolver: Provider Stats: [torrentio:17, zilean:17]
✅ MetadataService initialized
📡 Fetching metadata from Cinemeta: https://v3-cinemeta.strem.io/meta/movie/tt0415306.json
✅ Metadata fetched from Cinemeta for tt0415306: Talladega Nights: The Ballad of Ricky Bobby (2006)
🎯 Target title for matching: Talladega Nights: The Ballad of Ricky Bobby
   📅 Year filter (2006): 34 → 34 streams
   🚫 RESOLVER BLOCKING MPEG-2: Talladega Nights The Ballad of Ricky Bobby 2006 UNRATED Remux 1080p BluRay 
👤 0 💾 22.73 GB ⚙️ ThePirateBay
   🚫 RESOLVER BLOCKING MPEG-2: Talladega Nights The Ballad of Ricky Bobby 2006 UNRATED Remux 1080p BluRay MPEG-2 DTS-HD MA 5 1-LEGi0N mkv
   🚫 RESOLVER FILTERED MPEG-2: 34 → 32 streams
   🚫 RESOLVER BLOCKING non-English audio: Talladega Nights The Ballad of Ricky Bobby (2006) UNRATED MULTi VF2 [1080p] BluRay x264-PopHD mkv (Audio)
   🚫 RESOLVER BLOCKING non-English audio: Talladega Nights The Ballad of Ricky Bobby (2006) Theatrical MULTi VF2 [1080p] BluRay x264-PopHD mkv (Audio)
   🎵 RESOLVER FILTERED audio language: 32 → 30 streams
🔍 Searching SubDL: tt0415306 (movie)
   ℹ️ Fallback Name: Talladega Nights: The Ballad of Ricky Bobby (2006)
✅ Found 10 subtitles from SubDL (Primary)
✅ StreamResolver: Processed subtitles for 30 streams (Attached to 30)
   --- Processing Bucket: 2160p (Input: 6) ---
   📉 Penalized 1 Ad-Supported Releases (YTS/MX)
   ✅ Bucket 2160p Final Count: 6
   --- Processing Bucket: 1080p (Input: 19) ---
   📉 Penalized 2 Ad-Supported Releases (YTS/MX)
   ✅ Bucket 1080p Final Count: 19
   --- Processing Bucket: 720p (Input: 4) ---
   ✅ Bucket 720p Final Count: 4
   --- Processing Bucket: 480p (Input: 1) ---
   ✅ Bucket 480p Final Count: 1
📦 2160p Primary: Talladega.Nights.The.Ballad.of.Ricky.Bobby.2006.BluRay.2160p.Ai.DD5.1.H265-KC
👤 2 💾 37.86 GB ⚙️ ThePirateBay
📦 1080p Primary: Talladega.Nights.The.Ballad.Of.Ricky.Bobby.2006.UNRATED.1080p.BluRay.x264-MAiN
👤 3 💾 7.95 GB ⚙️ RARBG
📦 720p Primary: Talladega Nights The Ballad of Ricky Bobby (2006) 720p BrRip x26
👤 2 💾 704.94 MB ⚙️ ThePirateBay
✅ StreamResolver: Quality buckets ready
   ➕ Added 4 720p streams as backup
   ➕ Added 1 480p streams as backup
[2026-01-19T01:46:51Z] [INFO] [StreamService.swift:279] 📦 StreamService: Found 16 total streams to try (across all qualities)
✅ StreamService: Found 12 H.264 streams (Tier 1)
✅ StreamService: Found 10 'Clean' English streams. Deprioritizing 1 localized/dual streams.
📦 StreamService: 10 streams remain after size filter
🔄 StreamService: Trying stream 1/10: Talladega.Nights.The.Ballad.Of.Ricky.Bobby.2006.UNRATED.1080p.BluRay.x264-MAiN
👤 3 💾 7.95 GB ⚙️ RARBG
🔒 StreamService: Has infoHash - forcing proper unlock flow (bypass redirect)
🔓 StreamService: Unlocking with infoHash: 861cbd44794a...
[ INFO ] POST /api/streams/unlock [request-id: 2645C8D1-C518-4EB4-84DE-0C34B7BC81AD]
2026-01-18 20:46:51.067 RedLemon[45212:325346] 🔓 Unlock request: infoHash=861cbd44794a..., fileIdx=0
2026-01-18 20:46:51.067 RedLemon[45212:325346] ✅ Token found, attempting unlock...
2026-01-18 20:46:52.827 RedLemon[45212:325349] ✅ Unlocked successfully: Talladega.Nights.The.Ballad.Of.Ricky.Bobby.2006.UNRATED.1080p.BluRay.x264-MAiN.mkv
2026-01-18 20:46:52.832 RedLemon[45212:325347] 📝 [RESOLVER] Stream Unlocked ["filename": "Talladega.Nights.The.Ballad.Of.Ricky.Bobby.2006.UNRATED.1080p.BluRay.x264-MAiN.mkv", "is_generic": "false", "original_title": "Talladega.Nights.The.Ballad.Of.Ricky.Bobby.2006.UNRATED.1080p.BluRay.x264-MAiN
👤 3 💾 7.95 GB ⚙️ RARBG", "url_host": "chi2-4.download.real-debrid.com"]
2026-01-18 20:46:52.832 RedLemon[45212:325347] 📥 StreamService: Pre-downloading 5 (capped from 10) subtitles...
2026-01-18 20:46:52.832 RedLemon[45212:325347] 🐛 StreamService: downloadSubtitlesInParallel called. Season: nil, Episode: nil, Count: 5
2026-01-18 20:46:52.833 RedLemon[45212:325347] 🔍 DEBUG: Processing subtitle URL: /subtitle/3300477-3323203.zip
2026-01-18 20:46:52.833 RedLemon[45212:325349] 🔍 DEBUG: Processing subtitle URL: /subtitle/3514844-8437459.zip
2026-01-18 20:46:52.833 RedLemon[45212:325348] 🔍 DEBUG: Processing subtitle URL: /subtitle/825254-270651.zip
2026-01-18 20:46:52.833 RedLemon[45212:325347] ✅ DEBUG: Raw SubDL URL detected, converting to proxy URL
2026-01-18 20:46:52.833 RedLemon[45212:325349] ✅ DEBUG: Raw SubDL URL detected, converting to proxy URL
2026-01-18 20:46:52.833 RedLemon[45212:325346] 🔍 DEBUG: Processing subtitle URL: /subtitle/825245-1363625.zip
2026-01-18 20:46:52.833 RedLemon[45212:325348] ✅ DEBUG: Raw SubDL URL detected, converting to proxy URL
2026-01-18 20:46:52.833 RedLemon[45212:325346] ✅ DEBUG: Raw SubDL URL detected, converting to proxy URL
2026-01-18 20:46:52.834 RedLemon[45212:325348] 🔍 DEBUG: Processing subtitle URL: /subtitle/825249-556352.zip
2026-01-18 20:46:52.834 RedLemon[45212:325348] ✅ DEBUG: Raw SubDL URL detected, converting to proxy URL
2026-01-18 20:46:52.934 RedLemon[45212:325286] ✅ Stream ready, starting playback...
2026-01-18 20:46:52.998 RedLemon[45212:325347] 📝 Realtime: Registered observer 'player' (Presence: YES, Sync: NO, Status: NO)
2026-01-18 20:46:53.005 RedLemon[45212:325368] 📝 [PLAYER] Resumed
2026-01-18 20:46:53.005 RedLemon[45212:325347] 📝 Realtime: Registered observer 'player' (Presence: NO, Sync: YES, Status: NO)
2026-01-18 20:46:53.012 RedLemon[45212:325346] 📝 [PLAYER] Load Video (Smart) ["url": "https://chi2-4.download.real-debrid.com/d/AZWTZZCC3IZJU111/Talladega.Nights.The.Ballad.Of.Ricky.Bobby.2006.UNRATED.1080p.BluRay.x264-MAiN.mkv"]
✅ RD addMagnet: GIZ2TI624BV6U
🎬 Movie: Found matching file for title 'Talladega Nights: The Ballad of Ricky Bobby': /Talladega.Nights.The.Ballad.Of.Ricky.Bobby.2006.UNRATED.1080p.BluRay.x264-MAiN.mkv
📝 RD: Selecting file ID 2 for torrent GIZ2TI624BV6U
📊 RD poll 1/2: status=downloaded, links=1
🔗 Unrestricting link: https://real-debrid.com/d/YTXYCVA4BQKKU4EE
✅ StreamService: Stream unlocked successfully!
✅ StreamService: Selected stream: Talladega.Nights.The.Ballad.Of.Ricky.Bobby.2006.UNRATED.1080p.BluRay.x264-MAiN
👤 3 💾 7.95 GB ⚙️ RARBG
📊 Stream Size: 7.95 GB
📦 StreamService: Appending 6 fallback streams (alternate codecs)
📦 StreamService: Returning 15 candidate streams for fallback
🔌 Setting up Realtime channel: watch-party:event_tt0415306
   Role: Guest
   User ID: 656DAA91-33B4-4688-9135-C982EA52D7C9
📡 Connection state: connected
📡 Connection state: connecting
📡 Joined channel: realtime:watch-party:event_tt0415306 (interest count: 1)
📡 Connection state: connected
✅ Realtime channel setup complete
✅ Cache HIT: Metadata[meta_movie_tt0415306]
[ INFO ] GET /subtitles/subdl/L3N1YnRpdGxlLzgyNTI1NC0yNzA2NTEuemlw [request-id: 5CCC5D63-DC42-4512-8847-F03E2C82B92F]
2026-01-18 20:46:53.158 RedLemon[45212:325545] 📝 [PLAYER] Load Video (Event) ["url": "https://chi2-4.download.real-debrid.com/d/AZWTZZCC3IZJU111/Talladega.Nights.The.Ballad.Of.Ricky.Bobby.2006.UNRATED.1080p.BluRay.x264-MAiN.mkv"]
2026-01-18 20:46:53.294 RedLemon[45212:325348] 📝 [PLAYER] Playback State Changed ["state": "Paused"]
2026-01-18 20:46:53.294 RedLemon[45212:325348] 📝 [PLAYER] Buffering Started
📄 Subtitle request: L3N1YnRpdGxlLzgyNTI1... (offset: 0ms)
📥 Downloading subtitle from SubDL CDN: /subtitle/825254-270651.zip
📡 SocialService: Updated status - online: Talladega Nights: The Ballad of Ricky Bobby
⏰ AppState: Next schedule update set for Event End: 2026-01-19 03:12:18 +0000
⏰ AppState: Scheduling update in 5125 seconds
📡 [EventsConfig] Checking server for movie_events config version...
📡 [EventsConfig] Checking server for movie_events config version...
✅ Download complete: 56933 bytes
📦 Detected ZIP archive, extracting...
🔍 Calculating compatibility scores for 1 files...
✅ Selected best match by compatibility score (605): Talladega.Nights.1080p.BluRay.WMV-HD.BD9-KOADIC.ENG.srt
📦 Extracting specific file: Talladega.Nights.1080p.BluRay.WMV-HD.BD9-KOADIC.ENG.srt
✅ Extraction successful
✅ Subtitle downloaded and converted to VTT
[ INFO ] GET /subtitles/subdl/L3N1YnRpdGxlLzMzMDA0NzctMzMyMzIwMy56aXA= [request-id: 8F61473B-EEEC-437A-9EF0-121BBF9F549A]
2026-01-18 20:46:54.339 RedLemon[45212:325545] 📝 [PLAYER] File Loaded ["duration": "7286.304"]
📄 Subtitle request: L3N1YnRpdGxlLzMzMDA0... (offset: 0ms)
📥 Downloading subtitle from SubDL CDN: /subtitle/3300477-3323203.zip
✅ [EventsConfig] Fetched movie_events version 1546 with 401 movies
✅ [EventsConfig] Fetched movie_events version 1546 with 401 movies
✅ [EventsConfig] Using cached movie_events config (version 1546, 401 movies)
✅ [EventsConfig] Using cached movie_events config (version 1546, 401 movies)
✅ SocialService: Event event_tt0415306 is JOINABLE (Live or Next Up) - allowing join
✅ SocialService: Event event_tt0415306 is JOINABLE (Live or Next Up) - allowing join
✅ Download complete: 54071 bytes
📦 Detected ZIP archive, extracting...
🔍 Calculating compatibility scores for 1 files...
✅ Selected best match by compatibility score (613): Talladega.Nights.The.Ballad.Of.Ricky.Bobby.2006.1080p.BluRay.x264.AAC5.1-[YTS.MX].srt
📦 Extracting specific file: Talladega.Nights.The.Ballad.Of.Ricky.Bobby.2006.1080p.BluRay.x264.AAC5.1-\[YTS.MX\].srt
✅ Extraction successful
✅ Subtitle downloaded and converted to VTT
[ INFO ] GET /subtitles/subdl/L3N1YnRpdGxlLzM1MTQ4NDQtODQzNzQ1OS56aXA= [request-id: 457FA905-CBC4-4A8F-969A-5AE7523DA032]
2026-01-18 20:46:55.135 RedLemon[45212:325348] 📝 [PLAYER] Playback State Changed ["state": "Playing"]
2026-01-18 20:47:03.067 RedLemon[45212:325347] 🔐 SupabaseClient: Signing Identity Payload: '1768787223656daa91-33b4-4688-9135-c982ea52d7c9/rpc/room_heartbeat'
2026-01-18 20:47:03.068 RedLemon[45212:325347] 🔐 Signed request to /rpc/room_heartbeat
2026-01-18 20:47:31.804 RedLemon[45212:325349] 📨 Realtime: Received broadcast message
2026-01-18 20:47:31.804 RedLemon[45212:325349]    Payload keys: chatText, senderId, type, timestamp, isPremium, position, chatUsername
2026-01-18 20:47:31.805 RedLemon[45212:325349] ✅ Realtime: Decoded message type: chat, sender: 96E01CDB-36C0-4228-A6E4-A29A3C66BC8E
2026-01-18 20:47:33.418 RedLemon[45212:325546] 🔐 SupabaseClient: Signing Identity Payload: '1768787253656daa91-33b4-4688-9135-c982ea52d7c9/rpc/room_heartbeat'
2026-01-18 20:47:33.419 RedLemon[45212:325546] 🔐 Signed request to /rpc/room_heartbeat
2026-01-18 20:47:55.624 RedLemon[45212:325286] 🚪 Joining room: 8XSP
2026-01-18 20:47:56.731 RedLemon[45212:325286] 🚪 Room is in lobby
📄 Subtitle request: L3N1YnRpdGxlLzM1MTQ4... (offset: 0ms)
📥 Downloading subtitle from SubDL CDN: /subtitle/3514844-8437459.zip
✅ Download complete: 61611 bytes
📦 Detected ZIP archive, extracting...
🔍 Calculating compatibility scores for 1 files...
✅ Selected best match by compatibility score (605): Talladega Nights The Ballad of Ricky Bobby.2006.Bluray-1080p-DON.en.srt
📦 Extracting specific file: Talladega Nights The Ballad of Ricky Bobby.2006.Bluray-1080p-DON.en.srt
✅ Extraction successful
✅ Subtitle downloaded and converted to VTT
📊 AppState: Polled participant counts - Active: ["tt0415306": 2]
⏰ AppState: Next schedule update set for Event End: 2026-01-19 03:12:18 +0000
⏰ AppState: Scheduling update in 5119 seconds
📡 [EventsConfig] Checking server for movie_events config version...
📡 [EventsConfig] Checking server for movie_events config version...
✅ [EventsConfig] Fetched movie_events version 1546 with 401 movies
✅ [EventsConfig] Fetched movie_events version 1546 with 401 movies
✅ [EventsConfig] Using cached movie_events config (version 1546, 401 movies)
✅ [EventsConfig] Using cached movie_events config (version 1546, 401 movies)
✅ SocialService: Event event_tt0415306 is JOINABLE (Live or Next Up) - allowing join
✅ SocialService: Event event_tt0415306 is JOINABLE (Live or Next Up) - allowing join
📊 AppState: Polled participant counts - Active: ["tt0415306": 2]
⏰ AppState: Next schedule update set for Event End: 2026-01-19 03:12:18 +0000
⏰ AppState: Scheduling update in 5109 seconds
📡 [EventsConfig] Checking server for movie_events config version...
📡 [EventsConfig] Checking server for movie_events config version...
✅ [EventsConfig] Fetched movie_events version 1546 with 401 movies
✅ [EventsConfig] Using cached movie_events config (version 1546, 401 movies)
✅ SocialService: Event event_tt0415306 is JOINABLE (Live or Next Up) - allowing join
✅ [EventsConfig] Fetched movie_events version 1546 with 401 movies
✅ [EventsConfig] Using cached movie_events config (version 1546, 401 movies)
✅ SocialService: Event event_tt0415306 is JOINABLE (Live or Next Up) - allowing join
📊 AppState: Polled participant counts - Active: ["tt0415306": 2]
⏰ AppState: Next schedule update set for Event End: 2026-01-19 03:12:18 +0000
⏰ AppState: Scheduling update in 5099 seconds
📊 AppState: Polled participant counts - Active: ["tt0415306": 2]
⏰ AppState: Next schedule update set for Event End: 2026-01-19 03:12:18 +0000
⏰ AppState: Scheduling update in 5089 seconds
📉 SocialService: User 96e01cdb-36c0-4228-a6e4-a29a3c66bc8e went offline (No active refs)
📈 SocialService: User 96e01cdb-36c0-4228-a6e4-a29a3c66bc8e came online
📡 [EventsConfig] Checking server for movie_events config version...
✅ [EventsConfig] Fetched movie_events version 1546 with 401 movies
✅ [EventsConfig] Using cached movie_events config (version 1546, 401 movies)
✅ SocialService: Event event_tt0415306 is JOINABLE (Live or Next Up) - allowing join
📡 [EventsConfig] Checking server for movie_events config version...
📡 [EventsConfig] Checking server for movie_events config version...
✅ [EventsConfig] Fetched movie_events version 1546 with 401 movies
✅ [EventsConfig] Fetched movie_events version 1546 with 401 movies
✅ [EventsConfig] Using cached movie_events config (version 1546, 401 movies)
📡 [EventsConfig] Checking server for movie_events config version...
✅ [EventsConfig] Using cached movie_events config (version 1546, 401 movies)
✅ SocialService: Event event_tt0415306 is JOINABLE (Live or Next Up) - allowing join
✅ SocialService: Event event_tt0415306 is JOINABLE (Live or Next Up) - allowing join
✅ [EventsConfig] Fetched movie_events version 1546 with 401 movies
✅ [EventsConfig] Using cached movie_events config (version 1546, 401 movies)
📊 AppState: Polled participant counts - Active: ["tt0415306": 1]
⏰ AppState: Next schedule update set for Event End: 2026-01-19 03:12:18 +0000
⏰ AppState: Scheduling update in 5079 seconds
📊 AppState: Polled participant counts - Active: ["tt0415306": 1]
⏰ AppState: Next schedule update set for Event End: 2026-01-19 03:12:18 +0000
⏰ AppState: Scheduling update in 5069 seconds
📡 [EventsConfig] Checking server for movie_events config version...
✅ [EventsConfig] Fetched movie_events version 1546 with 401 movies
✅ [EventsConfig] Using cached movie_events config (version 1546, 401 movies)
🎭 Lobby: Connecting to room 8XSP...
🚦 Lobby State: connecting
🔄 Lobby: Fetching fresh room state from Supabase...
[ INFO ] GET /api/metadata/meta/movie/tt26581740 [request-id: D463633B-45C4-4ED4-AD15-15C7237CE518]
[ INFO ] GET /api/metadata/meta/movie/tt26581740 [request-id: 3B4B6E49-509D-44FD-9CF4-CA274233A35C]
2026-01-18 20:47:57.092 RedLemon[45212:325689] 📝 Realtime: Registered observer 'lobby' (Presence: YES, Sync: NO, Status: NO)
2026-01-18 20:47:57.094 RedLemon[45212:325689] 📝 Realtime: Unregistered observer 'player'
2026-01-18 20:47:57.104 RedLemon[45212:325546] 📝 Realtime: Registered observer 'lobby' (Presence: NO, Sync: YES, Status: NO)
2026-01-18 20:47:57.193 RedLemon[45212:325347] 📦 Decoded CinemetaMeta - videos count: -1
2026-01-18 20:47:57.322 RedLemon[45212:325286] ✅ Guest joined room 8XSP in database
2026-01-18 20:47:57.421 RedLemon[45212:325286] 📨 Lobby: Received Room UPDATE from Realtime
2026-01-18 20:47:57.422 RedLemon[45212:325286] 📨 Lobby: Received Room UPDATE from Realtime
2026-01-18 20:47:57.583 RedLemon[45212:325347] 📝 Realtime: Registered observer 'lobby' (Presence: YES, Sync: NO, Status: NO)
2026-01-18 20:47:57.613 RedLemon[45212:325347] 📝 Realtime: Registered observer 'lobby' (Presence: NO, Sync: YES, Status: NO)
2026-01-18 20:47:57.624 RedLemon[45212:325347] 📤 Realtime: Sending message type: chat, sender: 656daa91-33b4-4688-9135-c982ea52d7c9
2026-01-18 20:47:57.624 RedLemon[45212:325347]    Payload keys: chatUsername, senderId, timestamp, chatText, type, position
2026-01-18 20:47:57.625 RedLemon[45212:325349] ✅ Realtime: Message broadcast complete
2026-01-18 20:47:57.638 RedLemon[45212:325347] 🔐 SupabaseClient: Signing Identity Payload: '1768787277656daa91-33b4-4688-9135-c982ea52d7c9/rpc/room_heartbeat'
2026-01-18 20:47:57.638 RedLemon[45212:325347] 🔐 Signed request to /rpc/room_heartbeat
2026-01-18 20:47:57.750 RedLemon[45212:325689] 📨 Realtime: Received broadcast message
2026-01-18 20:47:57.750 RedLemon[45212:325689]    Payload keys: type, chatUsername, chatText, position, senderId, timestamp
2026-01-18 20:47:57.751 RedLemon[45212:325689] ✅ Realtime: Decoded message type: chat, sender: 656daa91-33b4-4688-9135-c982ea52d7c9
2026-01-18 20:47:57.751 RedLemon[45212:325286] 👋 Received: Guest 'ursinho' joined room 8XSP
2026-01-18 20:47:57.913 RedLemon[45212:325286] 📨 Lobby: Received Room UPDATE from Realtime
2026-01-18 20:48:05.699 RedLemon[45212:325545] 📨 Realtime: Received broadcast message
2026-01-18 20:48:05.699 RedLemon[45212:325545]    Payload keys: chatText, senderId, type, timestamp, chatUsername, position
2026-01-18 20:48:05.700 RedLemon[45212:325545] ✅ Realtime: Decoded message type: chat, sender: 96e01cdb-36c0-4228-a6e4-a29a3c66bc8e
2026-01-18 20:48:05.700 RedLemon[45212:325286] 🎬 Guest: Received RESOLVING signal
2026-01-18 20:48:08.727 RedLemon[45212:325286] 📨 Lobby: Received Room UPDATE from Realtime
2026-01-18 20:48:08.743 RedLemon[45212:325349] 📨 Realtime: Received broadcast message
2026-01-18 20:48:08.744 RedLemon[45212:325349]    Payload keys: chatUsername, timestamp, chatText, senderId, type, position
2026-01-18 20:48:08.744 RedLemon[45212:325349] ✅ Realtime: Decoded message type: chat, sender: 96e01cdb-36c0-4228-a6e4-a29a3c66bc8e
2026-01-18 20:48:08.744 RedLemon[45212:325286] 🎬 Guest: Received PREPARE signal: LOBBY_PREPARE_PLAYBACK|4dc447b080ffdfee04789e338e3e7435c894d27b|0
2026-01-18 20:48:08.745 RedLemon[45212:325286] ✅ Guest: Extracted Hash from Payload: 4dc447b080ffdfee04789e338e3e7435c894d27b
2026-01-18 20:48:09.003 RedLemon[45212:325546] ✅ StreamService: Using provided metadata: Weapons
2026-01-18 20:48:09.003 RedLemon[45212:325546] ⚡️ StreamService: Resolving streams via StreamResolver (Bypassing HTTP)...
2026-01-18 20:48:09.004 RedLemon[45212:325546] ⚡️ StreamResolver: Resolving streams for tt26581740 (S0E0)
2026-01-18 20:48:09.004 RedLemon[45212:325347] 📝 [APP] 🎬 StreamService: Starting resolution for: Weapons ["file": "StreamService.swift", "level": "INFO", "line": "104"]
2026-01-18 20:48:09.004 RedLemon[45212:325347] 📝 [APP] New Session Started ["app_version": "1.0.122", "build": "122", "session_id": "E94D9F1B-6370-43EC-B2C3-9E04385AC021", "trigger_source": "preload", "user_id": "656DAA91-33B4-4688-9135-C982EA52D7C9"]
2026-01-18 20:48:09.004 RedLemon[45212:325347] 📝 [APP] Target Content Set ["imdb_id": "tt26581740"]
2026-01-18 20:48:09.004 RedLemon[45212:325347] 📝 [RESOLVER] Started Resolution ["episode": "0", "season": "0", "type": "movie"]
2026-01-18 20:48:09.196 RedLemon[45212:325347]    📅 Filtering by year: 2025
2026-01-18 20:48:09.451 RedLemon[45212:325349] 📝 [RESOLVER] Found Verified Stream ["hash": "4dc447b080ffdfee04789e338e3e7435c894d27b", "vote_count": "8"]
DEBUG: MPVPlayerViewModel.cleanup called - forcing cleanup
📡 SocialService: Updated status - In Lobby: Weapons: Weapons
🔌 Setting up Realtime channel: watch-party:8XSP
   Role: Guest
   User ID: 656daa91-33b4-4688-9135-c982ea52d7c9
📡 Connection state: connected
📡 Connection state: connecting
📡 Joined channel: realtime:watch-party:8XSP (interest count: 1)
📡 Connection state: connected
✅ Realtime channel setup complete
✅ Lobby: Connected to Realtime
✅ Lobby: Synced CLEAN stream info, metadata & playlist to AppState
💾 Cache SET: Metadata[meta_movie_tt26581740]
✅ Lobby: Loaded metadata for Weapons
🔄 Lobby: Fetching fresh room state from Supabase...
🔄 Lobby: Fetching fresh room state from Supabase...
✅ Lobby: Refreshed room state. isPlaying: false
🛡️ Lobby: Ensuring local media state is fresh before auto-start check...
✅ Lobby: Synced CLEAN stream info, metadata & playlist to AppState
✅ Lobby: Synced CLEAN stream info, metadata & playlist to AppState
ℹ️ RealtimeChannelManager: Already setup for room 8XSP, filtering duplicate setup call.
📡 Connection state: connected
✅ Lobby: Connected to Realtime
🚦 Lobby State: connected
🔄 Lobby: Starting database polling for participants and room state...
💓 Lobby: Starting heartbeat loop...
🔄 LobbyDatabase: Starting room state polling for guests...
🔄 Lobby: Fetching fresh room state from Supabase...
✅ Lobby: Synced CLEAN stream info, metadata & playlist to AppState
📊 AppState: Polled participant counts - Active: ["tt0415306": 1]
⏰ AppState: Next schedule update set for Event End: 2026-01-19 03:12:18 +0000
⏰ AppState: Scheduling update in 5059 seconds
🛡️ Lobby: Auto-Join safety delay passed (8s). Enabled for late joiners.
📊 AppState: Polled participant counts - Active: ["tt0415306": 1]
⏰ AppState: Next schedule update set for Event End: 2026-01-19 03:12:18 +0000
⏰ AppState: Scheduling update in 5050 seconds
🔄 Lobby: Fetching fresh room state from Supabase...
✅ Lobby: Synced CLEAN stream info, metadata & playlist to AppState
✅ Cache HIT: Metadata[meta_movie_tt26581740]
[2026-01-19T01:48:09Z] [INFO] [StreamService.swift:104] 🎬 StreamService: Starting resolution for: Weapons
🎬 StreamService: Resolving movie - trusted pack filtering will be applied server-side
🛡️ StreamResolver: Loaded 5 blocked streams from blacklist
⚡️ StreamResolver: Found Community Verified stream with 8 votes!
   ℹ️ Hash: 4dc447b080ffdfee04789e338e3e7435c894d27b
   ℹ️ Last Verified: 2026-01-12 23:32:37 +0000
🔍 Searching SubDL: tt26581740 (movie)
✅ Found 9 subtitles from SubDL (Primary)
✅ StreamResolver: Processed subtitles for 1 streams (Attached to 1)
⚡️ StreamResolver: SHORT CIRCUIT - Returning verified stream immediately.
⚡️ StreamService: Testing verified stream viability...
🔓 StreamService: Unlocking with infoHash: 4dc447b080ff...
[ INFO ] POST /api/streams/unlock [request-id: 4F9BC831-9853-4A77-A56D-112769CC41C0]
2026-01-18 20:48:09.671 RedLemon[45212:325347] 🔓 Unlock request: infoHash=4dc447b080ff..., fileIdx=0
2026-01-18 20:48:09.671 RedLemon[45212:325347] ✅ Token found, attempting unlock...
2026-01-18 20:48:11.480 RedLemon[45212:325347] ✅ Unlocked successfully: Weapons.2025.1080p.WEBRip.x264.AAC5.1-[YTS.MX].mp4
2026-01-18 20:48:11.483 RedLemon[45212:325545] 📝 [RESOLVER] Stream Unlocked ["filename": "Weapons.2025.1080p.WEBRip.x264.AAC5.1-[YTS.MX].mp4", "is_generic": "false", "original_title": "Community Verified Stream (1080p)", "url_host": "chi8-4.download.real-debrid.com"]
2026-01-18 20:48:11.483 RedLemon[45212:325545] 📥 StreamService: Pre-downloading 5 (capped from 9) subtitles...
2026-01-18 20:48:11.483 RedLemon[45212:325545] 🐛 StreamService: downloadSubtitlesInParallel called. Season: nil, Episode: nil, Count: 5
2026-01-18 20:48:11.484 RedLemon[45212:325545] 🔍 DEBUG: Processing subtitle URL: /subtitle/3512599-8435170.zip
2026-01-18 20:48:11.484 RedLemon[45212:325886] 🔍 DEBUG: Processing subtitle URL: /subtitle/3503437-8425905.zip
2026-01-18 20:48:11.484 RedLemon[45212:325546] 🔍 DEBUG: Processing subtitle URL: /subtitle/3500312-8422735.zip
2026-01-18 20:48:11.484 RedLemon[45212:325349] 🔍 DEBUG: Processing subtitle URL: /subtitle/3512601-8435171.zip
2026-01-18 20:48:11.484 RedLemon[45212:325545] ✅ DEBUG: Raw SubDL URL detected, converting to proxy URL
2026-01-18 20:48:11.484 RedLemon[45212:325886] ✅ DEBUG: Raw SubDL URL detected, converting to proxy URL
2026-01-18 20:48:11.484 RedLemon[45212:325546] ✅ DEBUG: Raw SubDL URL detected, converting to proxy URL
2026-01-18 20:48:11.484 RedLemon[45212:325349] ✅ DEBUG: Raw SubDL URL detected, converting to proxy URL
2026-01-18 20:48:11.485 RedLemon[45212:325545] 🔍 DEBUG: Processing subtitle URL: /subtitle/3500311-8422736.zip
2026-01-18 20:48:11.485 RedLemon[45212:325545] ✅ DEBUG: Raw SubDL URL detected, converting to proxy URL
2026-01-18 20:48:11.486 RedLemon[45212:325286] ✅ Guest: Stream preloaded with URL: https://chi8-4.download.real-debrid.com/d/F4KFJV5M66NCS20/Weapons.2025.1080p.WEB
2026-01-18 20:48:11.486 RedLemon[45212:325286] ✅ Guest: Stream preloaded. Sending READY signal.
2026-01-18 20:48:11.486 RedLemon[45212:325545] 📤 Realtime: Sending message type: chat, sender: 656daa91-33b4-4688-9135-c982ea52d7c9
2026-01-18 20:48:11.487 RedLemon[45212:325545]    Payload keys: chatText, senderId, type, timestamp, position, chatUsername
2026-01-18 20:48:11.489 RedLemon[45212:325546] ✅ Realtime: Message broadcast complete
2026-01-18 20:48:11.614 RedLemon[45212:325545] 📨 Realtime: Received broadcast message
2026-01-18 20:48:11.614 RedLemon[45212:325545]    Payload keys: senderId, chatText, chatUsername, type, timestamp, position
2026-01-18 20:48:11.615 RedLemon[45212:325545] ✅ Realtime: Decoded message type: chat, sender: 656daa91-33b4-4688-9135-c982ea52d7c9
2026-01-18 20:48:12.060 RedLemon[45212:325886] 📨 Realtime: Received broadcast message
2026-01-18 20:48:12.060 RedLemon[45212:325886]    Payload keys: senderId, timestamp, chatUsername, chatText, position, type
2026-01-18 20:48:12.060 RedLemon[45212:325886] ✅ Realtime: Decoded message type: chat, sender: 96e01cdb-36c0-4228-a6e4-a29a3c66bc8e
2026-01-18 20:48:12.061 RedLemon[45212:325286] 🎬 Guest: Received LOBBY_START_COUNTDOWN signal
2026-01-18 20:48:12.061 RedLemon[45212:325286] 🎬 Guest: Received LOBBY_START_COUNTDOWN signal processing
2026-01-18 20:48:12.198 RedLemon[45212:325286] ✅ Guest: Synced stream info from Host (Hash: 4dc447b0) - URL cleared for fresh unlock
2026-01-18 20:48:12.199 RedLemon[45212:325286] 🛡️ Guest: preResolvedStream cleared to force fresh RD link
2026-01-18 20:48:12.267 RedLemon[45212:325286] 🗑️ Guest: RD cache cleared for hash: 4dc447b0...
2026-01-18 20:48:12.311 RedLemon[45212:325286] 📨 Lobby: Received Room UPDATE from Realtime
2026-01-18 20:48:15.234 RedLemon[45212:325347] 📨 Realtime: Received broadcast message
2026-01-18 20:48:15.235 RedLemon[45212:325347]    Payload keys: chatText, senderId, type, timestamp, chatUsername, position
2026-01-18 20:48:15.235 RedLemon[45212:325347] ✅ Realtime: Decoded message type: chat, sender: 96e01cdb-36c0-4228-a6e4-a29a3c66bc8e
2026-01-18 20:48:15.236 RedLemon[45212:325286] 🎬 Guest: Received LOBBY_PLAYBACK_STARTED signal from Host
2026-01-18 20:48:15.236 RedLemon[45212:325286] 🎬 Guest: Launching player for Weapons (Synced Start)
2026-01-18 20:48:15.331 RedLemon[45212:325286] 📡 Fetching metadata for tt26581740...
2026-01-18 20:48:15.331 RedLemon[45212:325286] 🎬 Guest: Fetch took 0.206s, finished countdown loop
2026-01-18 20:48:15.367 RedLemon[45212:325286] 🎬 PlayerVM: Using Playlist Metadata: S0E0
2026-01-18 20:48:15.368 RedLemon[45212:325286] 🚀 PlayerVM: Using DIRECT UNLOCK path (Guest Optimization)
2026-01-18 20:48:15.368 RedLemon[45212:325286]    Hash: 4dc447b080ff...
2026-01-18 20:48:15.368 RedLemon[45212:325286] 🗑️ PlayerVM: RD cache cleared for direct unlock
✅ RD addMagnet: Z7V4BGCYKYSPK
🎬 Movie: Found matching file for title 'Weapons': /Weapons.2025.1080p.WEBRip.x264.AAC5.1-[YTS.MX].mp4
📝 RD: Selecting file ID 4 for torrent Z7V4BGCYKYSPK
📊 RD poll 1/2: status=downloaded, links=1
🔗 Unrestricting link: https://real-debrid.com/d/D5LTHFJDOKVLE377
✅ StreamService: Stream unlocked successfully!
✅ StreamService: Verified stream is VIABLE. Returning immediately.
📝 Guest: Marked session as started (Idempotency Lock): 4dc447b0
🗑️ RD cache cleared for hash: 4dc447b080ff... (1 entries)
🔄 Lobby: Fetching fresh room state from Supabase...
✅ Lobby: Synced CLEAN stream info, metadata & playlist to AppState
✅ Cache HIT: Metadata[meta_movie_tt26581740]
🔓 StreamService: Unlocking with infoHash: 4dc447b080ff...
[ INFO ] POST /api/streams/unlock [request-id: B0E9D241-9DC0-4041-84FA-18173696823D]
2026-01-18 20:48:15.371 RedLemon[45212:325546] 🔓 Unlock request: infoHash=4dc447b080ff..., fileIdx=0
2026-01-18 20:48:15.371 RedLemon[45212:325546] ✅ Token found, attempting unlock...
2026-01-18 20:48:15.463 RedLemon[45212:325286] 🎬 Guest: Countdown finished. Waiting for Host PLAYBACK_STARTED signal...
2026-01-18 20:48:16.777 RedLemon[45212:325349] ✅ Unlocked successfully: Weapons.2025.1080p.WEBRip.x264.AAC5.1-[YTS.MX].mp4
2026-01-18 20:48:16.780 RedLemon[45212:325886] 📝 [RESOLVER] Stream Unlocked ["filename": "Weapons.2025.1080p.WEBRip.x264.AAC5.1-[YTS.MX].mp4", "is_generic": "false", "original_title": "Shared Stream (Direct)", "url_host": "chi8-4.download.real-debrid.com"]
2026-01-18 20:48:16.780 RedLemon[45212:325286] ✅ PlayerVM: Direct unlock succeeded! URL: https://chi8-4.download.real-debrid.com/d/F4KFJV5M66NCS20/We
✅ RD addMagnet: 62RVD63WDWG5G
🎬 Movie: Found matching file for title 'Weapons': /Weapons.2025.1080p.WEBRip.x264.AAC5.1-[YTS.MX].mp4
📝 RD: Selecting file ID 4 for torrent 62RVD63WDWG5G
📊 RD poll 1/2: status=downloaded, links=1
🔗 Unrestricting link: https://real-debrid.com/d/D5LTHFJDOKVLE377
✅ StreamService: Stream unlocked successfully!
[ INFO ] GET /subtitles/search [request-id: 6F04175B-0ABC-4F90-82EB-6D5E419BD983]
2026-01-18 20:48:17.001 RedLemon[45212:325286] ✅ Direct Unlock: Found 9 SubDL subtitles
2026-01-18 20:48:17.003 RedLemon[45212:325286] ✅ Direct Unlock: Attached 9 SubDL subtitles to stream
2026-01-18 20:48:17.052 RedLemon[45212:325286] ✅ Stream ready, starting playback...
2026-01-18 20:48:17.064 RedLemon[45212:325546] 📝 Realtime: Registered observer 'player' (Presence: YES, Sync: NO, Status: NO)
2026-01-18 20:48:17.069 RedLemon[45212:325347] 📝 [PLAYER] Resumed
2026-01-18 20:48:17.069 RedLemon[45212:325546] 📝 Realtime: Registered observer 'player' (Presence: NO, Sync: YES, Status: NO)
2026-01-18 20:48:17.105 RedLemon[45212:326091] 📝 [PLAYER] Load Video (Smart) ["url": "https://chi8-4.download.real-debrid.com/d/F4KFJV5M66NCS20/Weapons.2025.1080p.WEBRip.x264.AAC5.1-%5BYTS.MX%5D.mp4"]
🔍 Searching SubDL: tt26581740 (movie)
   ℹ️ Fallback Name: Weapons (2025)
✅ Found 9 subtitles from SubDL (Primary)
🔌 Setting up Realtime channel: watch-party:8XSP
   Role: Guest
   User ID: 656DAA91-33B4-4688-9135-C982EA52D7C9
📡 Connection state: connected
📡 Connection state: connecting
📡 Topic realtime:watch-party:8XSP already joined (interest count: 2), skipping phx_join
📡 Connection state: connected
✅ Realtime channel setup complete
✅ Cache HIT: Metadata[meta_movie_tt26581740]
[ INFO ] GET /subtitles/subdl/L3N1YnRpdGxlLzM1MDI3ODctODQyNTIzNC56aXA= [request-id: 3D4240E8-014E-475B-BD5F-B9478A302585]
2026-01-18 20:48:17.204 RedLemon[45212:325546] 📝 [PLAYER] Playback State Changed ["state": "Paused"]
2026-01-18 20:48:17.204 RedLemon[45212:325546] 📝 [PLAYER] Buffering Started
2026-01-18 20:48:17.270 RedLemon[45212:325546] 📨 Realtime: Received broadcast message
2026-01-18 20:48:17.270 RedLemon[45212:325349] 📨 Realtime: Received broadcast message
2026-01-18 20:48:17.270 RedLemon[45212:325546]    Payload keys: senderId, type, timestamp, position, isPlaying
2026-01-18 20:48:17.271 RedLemon[45212:325349]    Payload keys: senderId, type, timestamp, position, isPlaying
2026-01-18 20:48:17.271 RedLemon[45212:325546] ✅ Realtime: Decoded message type: ready, sender: 96e01cdb-36c0-4228-a6e4-a29a3c66bc8e
2026-01-18 20:48:17.271 RedLemon[45212:325349] ✅ Realtime: Decoded message type: ready, sender: 96e01cdb-36c0-4228-a6e4-a29a3c66bc8e
2026-01-18 20:48:17.271 RedLemon[45212:325286] ⚠️ Received Realtime message with no chat text
2026-01-18 20:48:17.366 RedLemon[45212:325546] 📨 Realtime: Received broadcast message
2026-01-18 20:48:17.366 RedLemon[45212:325545] 📨 Realtime: Received broadcast message
2026-01-18 20:48:17.367 RedLemon[45212:325545]    Payload keys: type, isPlaying, timestamp, position, senderId
2026-01-18 20:48:17.367 RedLemon[45212:325546]    Payload keys: type, isPlaying, timestamp, position, senderId
2026-01-18 20:48:17.367 RedLemon[45212:325546] ✅ Realtime: Decoded message type: playbackState, sender: 8XSP
2026-01-18 20:48:17.367 RedLemon[45212:325545] ✅ Realtime: Decoded message type: playbackState, sender: 8XSP
2026-01-18 20:48:17.367 RedLemon[45212:325286] ⚠️ Received Realtime message with no chat text
📄 Subtitle request: L3N1YnRpdGxlLzM1MDI3... (offset: 0ms)
📥 Downloading subtitle from SubDL CDN: /subtitle/3502787-8425234.zip
📡 SocialService: Updated status - online: Weapons
⏰ AppState: Next schedule update set for Event End: 2026-01-19 03:12:18 +0000
⏰ AppState: Scheduling update in 5041 seconds
✅ Download complete: 40716 bytes
📦 Detected ZIP archive, extracting...
🔍 Calculating compatibility scores for 1 files...
✅ Selected best match by compatibility score (5): Weapons.(2025) eng.srt
📦 Extracting specific file: Weapons.(2025) eng.srt
✅ Extraction successful
✅ Subtitle downloaded and converted to VTT
[ INFO ] GET /subtitles/subdl/L3N1YnRpdGxlLzM1MTI2MDEtODQzNTE3MS56aXA= [request-id: 7B2FAA12-88D6-4EAF-BAE9-23B32D9FBC17]
📄 Subtitle request: L3N1YnRpdGxlLzM1MTI2... (offset: 0ms)
📥 Downloading subtitle from SubDL CDN: /subtitle/3512601-8435171.zip
✅ Download complete: 36126 bytes
📦 Detected ZIP archive, extracting...
🔍 Calculating compatibility scores for 1 files...
✅ Selected best match by compatibility score (20): Weapons.2025.1080p.BluRay.x265-YAWNTiC_eng.srt
📦 Extracting specific file: Weapons.2025.1080p.BluRay.x265-YAWNTiC_eng.srt
✅ Extraction successful
✅ Subtitle downloaded and converted to VTT
[ INFO ] GET /subtitles/subdl/L3N1YnRpdGxlLzM1MTI1OTktODQzNTE3MC56aXA= [request-id: 33E42470-7954-4ED9-9558-5AE89D28816E]
2026-01-18 20:48:18.273 RedLemon[45212:325286] 🛡️ Lobby: User 96e01cdb-36c0-4228-a6e4-a29a3c66bc8e remains online (Remaining Refs: 1)
2026-01-18 20:48:18.897 RedLemon[45212:325545] 📝 [PLAYER] File Loaded ["duration": "7709.599999999999"]
2026-01-18 20:48:19.143 RedLemon[45212:325886] 📤 Realtime: Sending message type: ready, sender: 656daa91-33b4-4688-9135-c982ea52d7c9
2026-01-18 20:48:19.144 RedLemon[45212:325886]    Payload keys: position, type, senderId, timestamp, isPlaying
2026-01-18 20:48:19.144 RedLemon[45212:325886] ✅ Realtime: Message broadcast complete
2026-01-18 20:48:19.188 RedLemon[45212:325546] 📨 Realtime: Received broadcast message
2026-01-18 20:48:19.188 RedLemon[45212:325546]    Payload keys: type, isPlaying, position, senderId, timestamp
2026-01-18 20:48:19.188 RedLemon[45212:325545] 📨 Realtime: Received broadcast message
2026-01-18 20:48:19.189 RedLemon[45212:325545]    Payload keys: type, isPlaying, position, senderId, timestamp
2026-01-18 20:48:19.189 RedLemon[45212:325546] ✅ Realtime: Decoded message type: playbackState, sender: 8XSP
2026-01-18 20:48:19.189 RedLemon[45212:325545] ✅ Realtime: Decoded message type: playbackState, sender: 8XSP
2026-01-18 20:48:19.240 RedLemon[45212:325286] ⚠️ Received Realtime message with no chat text
2026-01-18 20:48:19.269 RedLemon[45212:325349] 📨 Realtime: Received broadcast message
2026-01-18 20:48:19.269 RedLemon[45212:325349]    Payload keys: position, type, timestamp, isPlaying, senderId
2026-01-18 20:48:19.270 RedLemon[45212:325349] ✅ Realtime: Decoded message type: ready, sender: 656daa91-33b4-4688-9135-c982ea52d7c9
2026-01-18 20:48:19.270 RedLemon[45212:325349] 📨 Realtime: Received broadcast message
2026-01-18 20:48:19.270 RedLemon[45212:325349]    Payload keys: position, type, timestamp, isPlaying, senderId
2026-01-18 20:48:19.270 RedLemon[45212:325349] ✅ Realtime: Decoded message type: ready, sender: 656daa91-33b4-4688-9135-c982ea52d7c9
2026-01-18 20:48:19.289 RedLemon[45212:325286] ⚠️ Received Realtime message with no chat text
2026-01-18 20:48:20.208 RedLemon[45212:325286] 🛡️ Lobby: User 656daa91-33b4-4688-9135-c982ea52d7c9 remains online (Remaining Refs: 1)
2026-01-18 20:48:20.493 RedLemon[45212:326075] 📨 Realtime: Received broadcast message
2026-01-18 20:48:20.493 RedLemon[45212:325349] 📨 Realtime: Received broadcast message
2026-01-18 20:48:20.493 RedLemon[45212:325349]    Payload keys: senderId, position, type, timestamp, isPlaying
2026-01-18 20:48:20.493 RedLemon[45212:326075]    Payload keys: senderId, position, type, timestamp, isPlaying
2026-01-18 20:48:20.493 RedLemon[45212:326075] ✅ Realtime: Decoded message type: play, sender: 96e01cdb-36c0-4228-a6e4-a29a3c66bc8e
2026-01-18 20:48:20.493 RedLemon[45212:325349] ✅ Realtime: Decoded message type: play, sender: 96e01cdb-36c0-4228-a6e4-a29a3c66bc8e
2026-01-18 20:48:20.494 RedLemon[45212:325286] ⚠️ Received Realtime message with no chat text
2026-01-18 20:48:20.619 RedLemon[45212:325886] 📝 [PLAYER] Playback State Changed ["state": "Playing"]
2026-01-18 20:48:21.277 RedLemon[45212:325349] 📨 Realtime: Received broadcast message
2026-01-18 20:48:21.277 RedLemon[45212:325886] 📨 Realtime: Received broadcast message
2026-01-18 20:48:21.277 RedLemon[45212:325349]    Payload keys: isPlaying, senderId, type, position, timestamp
2026-01-18 20:48:21.277 RedLemon[45212:325886]    Payload keys: isPlaying, senderId, type, position, timestamp
2026-01-18 20:48:21.277 RedLemon[45212:325349] ✅ Realtime: Decoded message type: playbackState, sender: 8XSP
2026-01-18 20:48:21.278 RedLemon[45212:325886] ✅ Realtime: Decoded message type: playbackState, sender: 8XSP
2026-01-18 20:48:21.303 RedLemon[45212:325286] ⚠️ Received Realtime message with no chat text
2026-01-18 20:48:23.182 RedLemon[45212:325545] 📨 Realtime: Received broadcast message
2026-01-18 20:48:23.182 RedLemon[45212:325349] 📨 Realtime: Received broadcast message
2026-01-18 20:48:23.182 RedLemon[45212:325545]    Payload keys: position, senderId, timestamp, type, isPlaying
2026-01-18 20:48:23.182 RedLemon[45212:325349]    Payload keys: position, senderId, timestamp, type, isPlaying
2026-01-18 20:48:23.183 RedLemon[45212:325349] ✅ Realtime: Decoded message type: playbackState, sender: 8XSP
2026-01-18 20:48:23.183 RedLemon[45212:325545] ✅ Realtime: Decoded message type: playbackState, sender: 8XSP
2026-01-18 20:48:23.193 RedLemon[45212:325286] ⚠️ Received Realtime message with no chat text
2026-01-18 20:48:24.763 RedLemon[45212:325286] 📨 Lobby: Received Room UPDATE from Realtime
2026-01-18 20:48:24.785 RedLemon[45212:325349] 📨 Realtime: Received broadcast message
2026-01-18 20:48:24.785 RedLemon[45212:325546] 📨 Realtime: Received broadcast message
2026-01-18 20:48:24.785 RedLemon[45212:325546]    Payload keys: isPlaying, type, senderId, timestamp, position
2026-01-18 20:48:24.785 RedLemon[45212:325349]    Payload keys: isPlaying, type, senderId, timestamp, position
2026-01-18 20:48:24.786 RedLemon[45212:325349] ✅ Realtime: Decoded message type: returnToLobby, sender: 96e01cdb-36c0-4228-a6e4-a29a3c66bc8e
2026-01-18 20:48:24.786 RedLemon[45212:325546] ✅ Realtime: Decoded message type: returnToLobby, sender: 96e01cdb-36c0-4228-a6e4-a29a3c66bc8e
2026-01-18 20:48:24.804 RedLemon[45212:325286] ⚠️ Received Realtime message with no chat text
2026-01-18 20:48:24.874 RedLemon[45212:325545] 📝 [PLAYER] Playback State Changed ["state": "Paused"]
2026-01-18 20:48:25.407 RedLemon[45212:325886] 📝 Realtime: Unregistered observer 'player'
2026-01-18 20:48:25.796 RedLemon[45212:325349] 📨 Realtime: Received broadcast message
2026-01-18 20:48:25.796 RedLemon[45212:325545] 📨 Realtime: Received broadcast message
2026-01-18 20:48:25.796 RedLemon[45212:325349]    Payload keys: position, type, chatText, chatUsername, timestamp, isPlaying, senderId
2026-01-18 20:48:25.796 RedLemon[45212:325545]    Payload keys: position, type, chatText, chatUsername, timestamp, isPlaying, senderId
2026-01-18 20:48:25.796 RedLemon[45212:325545] ✅ Realtime: Decoded message type: returnToLobby, sender: 96e01cdb-36c0-4228-a6e4-a29a3c66bc8e
2026-01-18 20:48:25.796 RedLemon[45212:325349] ✅ Realtime: Decoded message type: returnToLobby, sender: 96e01cdb-36c0-4228-a6e4-a29a3c66bc8e
2026-01-18 20:48:25.874 RedLemon[45212:325286] ⚠️ Unknown lobby command received: 'LOBBY_RETURN' from Host (Hex: 4c 4f 42 42 59 5f 52 45 54 55 52 4e)
2026-01-18 20:48:25.875 RedLemon[45212:325286] 📨 Lobby: Received Room UPDATE from Realtime
2026-01-18 20:48:26.155 RedLemon[45212:325886] ❌ [20:48:26.154] [NETWORK] [SupabaseClient.swift:336] Supabase API Error: duplicate key value violates unique constraint "room_participants_pkey"
2026-01-18 20:48:26.155 RedLemon[45212:325886] ⚠️ SupabaseClient: User already in room (Caught: duplicate key value violates unique constraint "room_participants_pkey"), proceeding...
2026-01-18 20:48:26.155 RedLemon[45212:325286] ✅ Guest joined room 8XSP in database
2026-01-18 20:48:26.224 RedLemon[45212:325286] 📨 Lobby: Received Room UPDATE from Realtime
2026-01-18 20:48:26.302 RedLemon[45212:325349] 📝 Realtime: Registered observer 'lobby' (Presence: YES, Sync: NO, Status: NO)
2026-01-18 20:48:26.303 RedLemon[45212:325349] 📝 Realtime: Registered observer 'lobby' (Presence: NO, Sync: YES, Status: NO)
2026-01-18 20:48:26.324 RedLemon[45212:325349] 📤 Realtime: Sending message type: chat, sender: 656daa91-33b4-4688-9135-c982ea52d7c9
2026-01-18 20:48:26.324 RedLemon[45212:325349]    Payload keys: chatText, type, timestamp, chatUsername, senderId, position
2026-01-18 20:48:26.324 RedLemon[45212:325886] ✅ Realtime: Message broadcast complete
2026-01-18 20:48:26.339 RedLemon[45212:325886] 🔐 SupabaseClient: Signing Identity Payload: '1768787306656daa91-33b4-4688-9135-c982ea52d7c9/rpc/room_heartbeat'
2026-01-18 20:48:26.340 RedLemon[45212:325886] 🔐 Signed request to /rpc/room_heartbeat
2026-01-18 20:48:26.453 RedLemon[45212:325545] 📨 Realtime: Received broadcast message
2026-01-18 20:48:26.453 RedLemon[45212:325546] 📨 Realtime: Received broadcast message
2026-01-18 20:48:26.453 RedLemon[45212:325545]    Payload keys: position, type, senderId, chatText, timestamp, chatUsername
2026-01-18 20:48:26.453 RedLemon[45212:325546]    Payload keys: position, type, senderId, chatText, timestamp, chatUsername
2026-01-18 20:48:26.453 RedLemon[45212:325546] ✅ Realtime: Decoded message type: chat, sender: 656daa91-33b4-4688-9135-c982ea52d7c9
2026-01-18 20:48:26.453 RedLemon[45212:325545] ✅ Realtime: Decoded message type: chat, sender: 656daa91-33b4-4688-9135-c982ea52d7c9
2026-01-18 20:48:26.453 RedLemon[45212:325286] 👋 Received: Guest 'ursinho' joined room 8XSP
2026-01-18 20:48:26.613 RedLemon[45212:325286] 📨 Lobby: Received Room UPDATE from Realtime
2026-01-18 20:48:27.932 RedLemon[45212:325349] 📨 Realtime: Received broadcast message
2026-01-18 20:48:27.932 RedLemon[45212:325545] 📨 Realtime: Received broadcast message
2026-01-18 20:48:27.932 RedLemon[45212:325349]    Payload keys: chatText, senderId, chatUsername, timestamp, type, position
2026-01-18 20:48:27.932 RedLemon[45212:325545]    Payload keys: chatText, senderId, chatUsername, timestamp, type, position
2026-01-18 20:48:27.933 RedLemon[45212:325349] ✅ Realtime: Decoded message type: chat, sender: 96e01cdb-36c0-4228-a6e4-a29a3c66bc8e
2026-01-18 20:48:27.933 RedLemon[45212:325545] ✅ Realtime: Decoded message type: chat, sender: 96e01cdb-36c0-4228-a6e4-a29a3c66bc8e
2026-01-18 20:48:27.933 RedLemon[45212:325286] 🎬 Guest: Received RESOLVING signal
2026-01-18 20:48:29.058 RedLemon[45212:325286] 📨 Lobby: Received Room UPDATE from Realtime
2026-01-18 20:48:29.098 RedLemon[45212:325545] 📨 Realtime: Received broadcast message
2026-01-18 20:48:29.098 RedLemon[45212:325349] 📨 Realtime: Received broadcast message
2026-01-18 20:48:29.098 RedLemon[45212:325545]    Payload keys: type, position, chatUsername, timestamp, chatText, senderId
2026-01-18 20:48:29.098 RedLemon[45212:325349]    Payload keys: type, position, chatUsername, timestamp, chatText, senderId
2026-01-18 20:48:29.099 RedLemon[45212:325545] ✅ Realtime: Decoded message type: chat, sender: 96e01cdb-36c0-4228-a6e4-a29a3c66bc8e
2026-01-18 20:48:29.099 RedLemon[45212:325349] ✅ Realtime: Decoded message type: chat, sender: 96e01cdb-36c0-4228-a6e4-a29a3c66bc8e
2026-01-18 20:48:29.100 RedLemon[45212:325286] 🎬 Guest: Received PREPARE signal: LOBBY_PREPARE_PLAYBACK|4dc447b080ffdfee04789e338e3e7435c894d27b|0
2026-01-18 20:48:29.101 RedLemon[45212:325286] ✅ Guest: Extracted Hash from Payload: 4dc447b080ffdfee04789e338e3e7435c894d27b
2026-01-18 20:48:29.361 RedLemon[45212:325349] ✅ StreamService: Using provided metadata: Weapons
2026-01-18 20:48:29.361 RedLemon[45212:325349] ⚡️ StreamService: Resolving streams via StreamResolver (Bypassing HTTP)...
2026-01-18 20:48:29.362 RedLemon[45212:325349] ⚡️ StreamResolver: Resolving streams for tt26581740 (S0E0)
2026-01-18 20:48:29.362 RedLemon[45212:325347] 📝 [APP] 🎬 StreamService: Starting resolution for: Weapons ["file": "StreamService.swift", "level": "INFO", "line": "104"]
2026-01-18 20:48:29.362 RedLemon[45212:325347] 📝 [APP] New Session Started ["app_version": "1.0.122", "build": "122", "session_id": "E92C9CA8-7451-4DBD-8056-476297DB3F84", "trigger_source": "preload", "user_id": "656DAA91-33B4-4688-9135-C982EA52D7C9"]
2026-01-18 20:48:29.362 RedLemon[45212:325347] 📝 [APP] Target Content Set ["imdb_id": "tt26581740"]
2026-01-18 20:48:29.362 RedLemon[45212:325347] 📝 [RESOLVER] Started Resolution ["episode": "0", "season": "0", "type": "movie"]
2026-01-18 20:48:29.502 RedLemon[45212:325347]    📅 Filtering by year: 2025
2026-01-18 20:48:29.641 RedLemon[45212:325349] 📝 [RESOLVER] Found Verified Stream ["hash": "4dc447b080ffdfee04789e338e3e7435c894d27b", "vote_count": "8"]
📄 Subtitle request: L3N1YnRpdGxlLzM1MTI1... (offset: 0ms)
📥 Downloading subtitle from SubDL CDN: /subtitle/3512599-8435170.zip
✅ Download complete: 42012 bytes
📦 Detected ZIP archive, extracting...
🔍 Calculating compatibility scores for 1 files...
✅ Selected best match by compatibility score (20): Weapons.2025.1080p.BluRay.x265-YAWNTiC_eng SDH.srt
📦 Extracting specific file: Weapons.2025.1080p.BluRay.x265-YAWNTiC_eng SDH.srt
✅ Extraction successful
✅ Subtitle downloaded and converted to VTT
📊 AppState: Polled participant counts - Active: ["tt0415306": 1]
⏰ AppState: Next schedule update set for Event End: 2026-01-19 03:12:18 +0000
⏰ AppState: Scheduling update in 5040 seconds
🔄 Lobby: Fetching fresh room state from Supabase...
♻️ Lobby: Room stopped playing. Resetting auto-start session ID.
✅ Lobby: Synced CLEAN stream info, metadata & playlist to AppState
DEBUG: MPVPlayerViewModel.cleanup called - forcing cleanup
🔄 Lobby: markPlaybackEnded - resetting connection status for reconnection
🔔 Lobby: Displaying pending message: Host returned the group to the lobby.
🔄 Lobby: Returning from playback - resetting connection status
🎭 Lobby: Connecting to room 8XSP...
🚦 Lobby State: connecting
🔄 Lobby: Fetching fresh room state from Supabase...
📡 SocialService: Updated status - In Lobby: Weapons: Weapons
✅ Lobby: Synced CLEAN stream info, metadata & playlist to AppState
🔄 Lobby: Fetching fresh room state from Supabase...
✅ Lobby: Refreshed room state. isPlaying: false
🛡️ Lobby: Ensuring local media state is fresh before auto-start check...
🛑 Lobby: Ignoring auto-start on connect - Grace Period active
ℹ️ RealtimeChannelManager: Already setup for room 8XSP, filtering duplicate setup call.
📡 Connection state: connected
✅ Lobby: Connected to Realtime
🚦 Lobby State: connected
🔄 Lobby: Starting database polling for participants and room state...
💓 Lobby: Starting heartbeat loop...
🔄 LobbyDatabase: Starting room state polling for guests...
✅ Lobby: Synced CLEAN stream info, metadata & playlist to AppState
🔄 Lobby: Fetching fresh room state from Supabase...
✅ Lobby: Synced CLEAN stream info, metadata & playlist to AppState
📊 AppState: Polled participant counts - Active: ["tt0415306": 1]
⏰ AppState: Next schedule update set for Event End: 2026-01-19 03:12:18 +0000
⏰ AppState: Scheduling update in 5030 seconds
🔄 Lobby: Fetching fresh room state from Supabase...
✅ Lobby: Synced CLEAN stream info, metadata & playlist to AppState
✅ Cache HIT: Metadata[meta_movie_tt26581740]
[2026-01-19T01:48:29Z] [INFO] [StreamService.swift:104] 🎬 StreamService: Starting resolution for: Weapons
🎬 StreamService: Resolving movie - trusted pack filtering will be applied server-side
🛡️ StreamResolver: Loaded 5 blocked streams from blacklist
⚡️ StreamResolver: Found Community Verified stream with 8 votes!
   ℹ️ Hash: 4dc447b080ffdfee04789e338e3e7435c894d27b
   ℹ️ Last Verified: 2026-01-12 23:32:37 +0000
🔍 Searching SubDL: tt26581740 (movie)
✅ Found 9 subtitles from SubDL (Primary)
✅ StreamResolver: Processed subtitles for 1 streams (Attached to 1)
⚡️ StreamResolver: SHORT CIRCUIT - Returning verified stream immediately.
⚡️ StreamService: Testing verified stream viability...
🔓 StreamService: Unlocking with infoHash: 4dc447b080ff...
[ INFO ] POST /api/streams/unlock [request-id: E4C2492B-D88E-4283-B8FE-AB9F85E83C90]
2026-01-18 20:48:29.865 RedLemon[45212:325347] 🔓 Unlock request: infoHash=4dc447b080ff..., fileIdx=0
2026-01-18 20:48:29.865 RedLemon[45212:325347] ✅ Token found, attempting unlock...
2026-01-18 20:48:29.865 RedLemon[45212:325347] ✅ Unlocked successfully: Weapons.2025.1080p.WEBRip.x264.AAC5.1-[YTS.MX].mp4
2026-01-18 20:48:29.867 RedLemon[45212:325545] 📝 [RESOLVER] Stream Unlocked ["filename": "Weapons.2025.1080p.WEBRip.x264.AAC5.1-[YTS.MX].mp4", "is_generic": "false", "original_title": "Community Verified Stream (1080p)", "url_host": "chi8-4.download.real-debrid.com"]
2026-01-18 20:48:29.867 RedLemon[45212:325545] 📥 StreamService: Pre-downloading 5 (capped from 9) subtitles...
2026-01-18 20:48:29.867 RedLemon[45212:325545] 🐛 StreamService: downloadSubtitlesInParallel called. Season: nil, Episode: nil, Count: 5
2026-01-18 20:48:29.867 RedLemon[45212:325545] 🔍 DEBUG: Processing subtitle URL: /subtitle/3512601-8435171.zip
2026-01-18 20:48:29.867 RedLemon[45212:325347] 🔍 DEBUG: Processing subtitle URL: /subtitle/3503437-8425905.zip
2026-01-18 20:48:29.867 RedLemon[45212:325546] 🔍 DEBUG: Processing subtitle URL: /subtitle/3512599-8435170.zip
2026-01-18 20:48:29.867 RedLemon[45212:325349] 🔍 DEBUG: Processing subtitle URL: /subtitle/3500312-8422735.zip
2026-01-18 20:48:29.867 RedLemon[45212:325545] ✅ DEBUG: Raw SubDL URL detected, converting to proxy URL
2026-01-18 20:48:29.867 RedLemon[45212:325347] ✅ DEBUG: Raw SubDL URL detected, converting to proxy URL
2026-01-18 20:48:29.868 RedLemon[45212:325546] ✅ DEBUG: Raw SubDL URL detected, converting to proxy URL
2026-01-18 20:48:29.868 RedLemon[45212:325349] ✅ DEBUG: Raw SubDL URL detected, converting to proxy URL
2026-01-18 20:48:29.868 RedLemon[45212:325545] 🔍 DEBUG: Processing subtitle URL: /subtitle/3500311-8422736.zip
2026-01-18 20:48:29.868 RedLemon[45212:325545] ✅ DEBUG: Raw SubDL URL detected, converting to proxy URL
2026-01-18 20:48:29.868 RedLemon[45212:325286] ✅ Guest: Stream preloaded with URL: https://chi8-4.download.real-debrid.com/d/F4KFJV5M66NCS20/Weapons.2025.1080p.WEB
2026-01-18 20:48:29.869 RedLemon[45212:325286] ✅ Guest: Stream preloaded. Sending READY signal.
2026-01-18 20:48:29.875 RedLemon[45212:325546] 📤 Realtime: Sending message type: chat, sender: 656daa91-33b4-4688-9135-c982ea52d7c9
2026-01-18 20:48:29.876 RedLemon[45212:325546]    Payload keys: timestamp, position, senderId, chatText, type, chatUsername
2026-01-18 20:48:29.877 RedLemon[45212:325545] ✅ Realtime: Message broadcast complete
2026-01-18 20:48:30.001 RedLemon[45212:325349] 📨 Realtime: Received broadcast message
2026-01-18 20:48:30.001 RedLemon[45212:325546] 📨 Realtime: Received broadcast message
2026-01-18 20:48:30.002 RedLemon[45212:325349]    Payload keys: timestamp, senderId, position, type, chatUsername, chatText
2026-01-18 20:48:30.002 RedLemon[45212:325546]    Payload keys: timestamp, senderId, position, type, chatUsername, chatText
2026-01-18 20:48:30.002 RedLemon[45212:325349] ✅ Realtime: Decoded message type: chat, sender: 656daa91-33b4-4688-9135-c982ea52d7c9
2026-01-18 20:48:30.002 RedLemon[45212:325546] ✅ Realtime: Decoded message type: chat, sender: 656daa91-33b4-4688-9135-c982ea52d7c9
2026-01-18 20:48:31.227 RedLemon[45212:325545] 📨 Realtime: Received broadcast message
2026-01-18 20:48:31.227 RedLemon[45212:325546] 📨 Realtime: Received broadcast message
2026-01-18 20:48:31.227 RedLemon[45212:325545]    Payload keys: chatUsername, timestamp, chatText, type, position, senderId
2026-01-18 20:48:31.227 RedLemon[45212:325546]    Payload keys: chatUsername, timestamp, chatText, type, position, senderId
2026-01-18 20:48:31.227 RedLemon[45212:325545] ✅ Realtime: Decoded message type: chat, sender: 96e01cdb-36c0-4228-a6e4-a29a3c66bc8e
2026-01-18 20:48:31.227 RedLemon[45212:325546] ✅ Realtime: Decoded message type: chat, sender: 96e01cdb-36c0-4228-a6e4-a29a3c66bc8e
2026-01-18 20:48:31.228 RedLemon[45212:325286] 🎬 Guest: Received LOBBY_START_COUNTDOWN signal
2026-01-18 20:48:31.228 RedLemon[45212:325286] 🎬 Guest: Received LOBBY_START_COUNTDOWN signal processing
2026-01-18 20:48:31.377 RedLemon[45212:325286] ✅ Guest: Synced stream info from Host (Hash: 4dc447b0) - URL cleared for fresh unlock
2026-01-18 20:48:31.377 RedLemon[45212:325286] 🛡️ Guest: preResolvedStream cleared to force fresh RD link
2026-01-18 20:48:31.447 RedLemon[45212:325286] 🗑️ Guest: RD cache cleared for hash: 4dc447b0...
2026-01-18 20:48:31.620 RedLemon[45212:325286] 📨 Lobby: Received Room UPDATE from Realtime
2026-01-18 20:48:34.444 RedLemon[45212:325349] 📨 Realtime: Received broadcast message
2026-01-18 20:48:34.444 RedLemon[45212:325886] 📨 Realtime: Received broadcast message
2026-01-18 20:48:34.444 RedLemon[45212:325349]    Payload keys: type, position, chatUsername, senderId, chatText, timestamp
2026-01-18 20:48:34.444 RedLemon[45212:325886]    Payload keys: type, position, chatUsername, senderId, chatText, timestamp
2026-01-18 20:48:34.444 RedLemon[45212:325886] ✅ Realtime: Decoded message type: chat, sender: 96e01cdb-36c0-4228-a6e4-a29a3c66bc8e
2026-01-18 20:48:34.444 RedLemon[45212:325349] ✅ Realtime: Decoded message type: chat, sender: 96e01cdb-36c0-4228-a6e4-a29a3c66bc8e
2026-01-18 20:48:34.445 RedLemon[45212:325286] 🎬 Guest: Received LOBBY_PLAYBACK_STARTED signal from Host
2026-01-18 20:48:34.445 RedLemon[45212:325286] 🎬 Guest: Launching player for Weapons (Synced Start)
2026-01-18 20:48:34.629 RedLemon[45212:325286] 📡 Fetching metadata for tt26581740...
2026-01-18 20:48:34.642 RedLemon[45212:325286] 🎬 Guest: Fetch took 0.220s, finished countdown loop
2026-01-18 20:48:34.711 RedLemon[45212:325286] 🎬 PlayerVM: Using Playlist Metadata: S0E0
2026-01-18 20:48:34.711 RedLemon[45212:325286] 🚀 PlayerVM: Using DIRECT UNLOCK path (Guest Optimization)
2026-01-18 20:48:34.711 RedLemon[45212:325286]    Hash: 4dc447b080ff...
2026-01-18 20:48:34.738 RedLemon[45212:325286] 🗑️ PlayerVM: RD cache cleared for direct unlock
✅ RD cache hit: 4dc447b080ff
✅ StreamService: Stream unlocked successfully!
✅ StreamService: Verified stream is VIABLE. Returning immediately.
📝 Guest: Marked session as started (Idempotency Lock): 4dc447b0
🗑️ RD cache cleared for hash: 4dc447b080ff... (1 entries)
🔄 Lobby: Fetching fresh room state from Supabase...
✅ Lobby: Synced CLEAN stream info, metadata & playlist to AppState
✅ Cache HIT: Metadata[meta_movie_tt26581740]
🔓 StreamService: Unlocking with infoHash: 4dc447b080ff...
[ INFO ] POST /api/streams/unlock [request-id: 8839BBC5-9B74-4916-9144-478560D7EB83]
2026-01-18 20:48:34.746 RedLemon[45212:326075] 🔓 Unlock request: infoHash=4dc447b080ff..., fileIdx=0
2026-01-18 20:48:34.746 RedLemon[45212:326075] ✅ Token found, attempting unlock...
2026-01-18 20:48:34.919 RedLemon[45212:325286] 🎬 Guest: Countdown finished. Waiting for Host PLAYBACK_STARTED signal...
2026-01-18 20:48:36.357 RedLemon[45212:325349] 📨 Realtime: Received broadcast message
2026-01-18 20:48:36.357 RedLemon[45212:325347] 📨 Realtime: Received broadcast message
2026-01-18 20:48:36.357 RedLemon[45212:325347]    Payload keys: isPlaying, timestamp, type, position, senderId
2026-01-18 20:48:36.357 RedLemon[45212:325349]    Payload keys: isPlaying, timestamp, type, position, senderId
2026-01-18 20:48:36.358 RedLemon[45212:325347] ✅ Realtime: Decoded message type: ready, sender: 96e01cdb-36c0-4228-a6e4-a29a3c66bc8e
2026-01-18 20:48:36.358 RedLemon[45212:325349] ✅ Realtime: Decoded message type: ready, sender: 96e01cdb-36c0-4228-a6e4-a29a3c66bc8e
2026-01-18 20:48:36.358 RedLemon[45212:325286] ⚠️ Received Realtime message with no chat text
2026-01-18 20:48:36.463 RedLemon[45212:326075] 📨 Realtime: Received broadcast message
2026-01-18 20:48:36.463 RedLemon[45212:326075]    Payload keys: type, senderId, timestamp, isPlaying, position
2026-01-18 20:48:36.463 RedLemon[45212:325546] 📨 Realtime: Received broadcast message
2026-01-18 20:48:36.463 RedLemon[45212:325546]    Payload keys: type, senderId, timestamp, isPlaying, position
2026-01-18 20:48:36.464 RedLemon[45212:325546] ✅ Realtime: Decoded message type: playbackState, sender: 8XSP
2026-01-18 20:48:36.464 RedLemon[45212:326075] ✅ Realtime: Decoded message type: playbackState, sender: 8XSP
2026-01-18 20:48:36.464 RedLemon[45212:325286] ⚠️ Received Realtime message with no chat text
2026-01-18 20:48:36.498 RedLemon[45212:326075] ✅ Unlocked successfully: Weapons.2025.1080p.WEBRip.x264.AAC5.1-[YTS.MX].mp4
2026-01-18 20:48:36.501 RedLemon[45212:325546] 📝 [RESOLVER] Stream Unlocked ["filename": "Weapons.2025.1080p.WEBRip.x264.AAC5.1-[YTS.MX].mp4", "is_generic": "false", "original_title": "Shared Stream (Direct)", "url_host": "chi8-4.download.real-debrid.com"]
2026-01-18 20:48:36.501 RedLemon[45212:325286] ✅ PlayerVM: Direct unlock succeeded! URL: https://chi8-4.download.real-debrid.com/d/F4KFJV5M66NCS20/We
✅ RD addMagnet: ELYHFARL2UFGK
🎬 Movie: Found matching file for title 'Weapons': /Weapons.2025.1080p.WEBRip.x264.AAC5.1-[YTS.MX].mp4
📝 RD: Selecting file ID 4 for torrent ELYHFARL2UFGK
📡 [EventsConfig] Checking server for movie_events config version...
📊 RD poll 1/2: status=downloaded, links=1
🔗 Unrestricting link: https://real-debrid.com/d/D5LTHFJDOKVLE377
✅ [EventsConfig] Fetched movie_events version 1546 with 401 movies
✅ [EventsConfig] Using cached movie_events config (version 1546, 401 movies)
✅ StreamService: Stream unlocked successfully!
[ INFO ] GET /subtitles/search [request-id: 8F5F2BE4-3D37-4B52-AFE9-49D08CB07846]
2026-01-18 20:48:36.714 RedLemon[45212:325286] ✅ Direct Unlock: Found 9 SubDL subtitles
2026-01-18 20:48:36.716 RedLemon[45212:325286] ✅ Direct Unlock: Attached 9 SubDL subtitles to stream
2026-01-18 20:48:36.762 RedLemon[45212:325286] ✅ Stream ready, starting playback...
2026-01-18 20:48:36.778 RedLemon[45212:326075] 📝 Realtime: Registered observer 'player' (Presence: YES, Sync: NO, Status: NO)
2026-01-18 20:48:36.786 RedLemon[45212:326075] 📝 Realtime: Registered observer 'player' (Presence: NO, Sync: YES, Status: NO)
2026-01-18 20:48:36.787 RedLemon[45212:325546] 📝 [PLAYER] Resumed
2026-01-18 20:48:36.823 RedLemon[45212:326091] 📝 [PLAYER] Load Video (Smart) ["url": "https://chi8-4.download.real-debrid.com/d/F4KFJV5M66NCS20/Weapons.2025.1080p.WEBRip.x264.AAC5.1-%5BYTS.MX%5D.mp4"]
🔍 Searching SubDL: tt26581740 (movie)
   ℹ️ Fallback Name: Weapons (2025)
✅ Found 9 subtitles from SubDL (Primary)
🔌 Setting up Realtime channel: watch-party:8XSP
   Role: Guest
   User ID: 656DAA91-33B4-4688-9135-C982EA52D7C9
📡 Connection state: connected
📡 Connection state: connecting
📡 Topic realtime:watch-party:8XSP already joined (interest count: 3), skipping phx_join
📡 Connection state: connected
✅ Realtime channel setup complete
✅ Cache HIT: Metadata[meta_movie_tt26581740]
[ INFO ] GET /subtitles/subdl/L3N1YnRpdGxlLzM1MDI3ODctODQyNTIzNC56aXA= [request-id: 9D5883A7-588E-4E31-BE5B-349EA37EDEE6]
2026-01-18 20:48:36.922 RedLemon[45212:326266] 📝 [PLAYER] Playback State Changed ["state": "Paused"]
2026-01-18 20:48:36.922 RedLemon[45212:326266] 📝 [PLAYER] Buffering Started
📄 Subtitle request: L3N1YnRpdGxlLzM1MDI3... (offset: 0ms)
📥 Downloading subtitle from SubDL CDN: /subtitle/3502787-8425234.zip
📡 SocialService: Updated status - online: Weapons
⏰ AppState: Next schedule update set for Event End: 2026-01-19 03:12:18 +0000
⏰ AppState: Scheduling update in 5021 seconds
✅ Download complete: 40716 bytes
📦 Detected ZIP archive, extracting...
🔍 Calculating compatibility scores for 1 files...
✅ Selected best match by compatibility score (5): Weapons.(2025) eng.srt
📦 Extracting specific file: Weapons.(2025) eng.srt
✅ Extraction successful
✅ Subtitle downloaded and converted to VTT
[ INFO ] GET /subtitles/subdl/L3N1YnRpdGxlLzM1MTI2MDEtODQzNTE3MS56aXA= [request-id: 7205F57E-28F4-4177-BD62-94040B1FC167]
2026-01-18 20:48:37.563 RedLemon[45212:325286] 🛡️ Lobby: User 96e01cdb-36c0-4228-a6e4-a29a3c66bc8e remains online (Remaining Refs: 1)
📄 Subtitle request: L3N1YnRpdGxlLzM1MTI2... (offset: 0ms)
📥 Downloading subtitle from SubDL CDN: /subtitle/3512601-8435171.zip
✅ Download complete: 36126 bytes
📦 Detected ZIP archive, extracting...
🔍 Calculating compatibility scores for 1 files...
✅ Selected best match by compatibility score (20): Weapons.2025.1080p.BluRay.x265-YAWNTiC_eng.srt
📦 Extracting specific file: Weapons.2025.1080p.BluRay.x265-YAWNTiC_eng.srt
✅ Extraction successful
✅ Subtitle downloaded and converted to VTT
[ INFO ] GET /subtitles/subdl/L3N1YnRpdGxlLzM1MTI1OTktODQzNTE3MC56aXA= [request-id: 8713F29F-E1D2-45A6-B3ED-754735ED20A0]
2026-01-18 20:48:38.122 RedLemon[45212:326091] 📨 Realtime: Received broadcast message
2026-01-18 20:48:38.123 RedLemon[45212:325546] 📨 Realtime: Received broadcast message
2026-01-18 20:48:38.123 RedLemon[45212:326266] 📨 Realtime: Received broadcast message
2026-01-18 20:48:38.123 RedLemon[45212:326091]    Payload keys: isPlaying, type, position, senderId, timestamp
2026-01-18 20:48:38.123 RedLemon[45212:325546]    Payload keys: isPlaying, type, position, senderId, timestamp
2026-01-18 20:48:38.123 RedLemon[45212:326266]    Payload keys: isPlaying, type, position, senderId, timestamp
2026-01-18 20:48:38.123 RedLemon[45212:326091] ✅ Realtime: Decoded message type: ready, sender: 96e01cdb-36c0-4228-a6e4-a29a3c66bc8e
2026-01-18 20:48:38.123 RedLemon[45212:325546] ✅ Realtime: Decoded message type: ready, sender: 96e01cdb-36c0-4228-a6e4-a29a3c66bc8e
2026-01-18 20:48:38.123 RedLemon[45212:326266] ✅ Realtime: Decoded message type: ready, sender: 96e01cdb-36c0-4228-a6e4-a29a3c66bc8e
2026-01-18 20:48:38.123 RedLemon[45212:325286] ⚠️ Received Realtime message with no chat text
2026-01-18 20:48:38.451 RedLemon[45212:326091] 📝 [PLAYER] File Loaded ["duration": "7709.599999999999"]
2026-01-18 20:48:38.462 RedLemon[45212:325886] 📨 Realtime: Received broadcast message
2026-01-18 20:48:38.462 RedLemon[45212:326075] 📨 Realtime: Received broadcast message
2026-01-18 20:48:38.462 RedLemon[45212:326091] 📨 Realtime: Received broadcast message
2026-01-18 20:48:38.462 RedLemon[45212:326075]    Payload keys: timestamp, isPlaying, senderId, type, position
2026-01-18 20:48:38.462 RedLemon[45212:325886]    Payload keys: timestamp, isPlaying, senderId, type, position
2026-01-18 20:48:38.462 RedLemon[45212:326091]    Payload keys: timestamp, isPlaying, senderId, type, position
2026-01-18 20:48:38.462 RedLemon[45212:325886] ✅ Realtime: Decoded message type: playbackState, sender: 8XSP
2026-01-18 20:48:38.462 RedLemon[45212:326091] ✅ Realtime: Decoded message type: playbackState, sender: 8XSP
2026-01-18 20:48:38.462 RedLemon[45212:326075] ✅ Realtime: Decoded message type: playbackState, sender: 8XSP
2026-01-18 20:48:38.687 RedLemon[45212:326266] 📤 Realtime: Sending message type: ready, sender: 656daa91-33b4-4688-9135-c982ea52d7c9
2026-01-18 20:48:38.687 RedLemon[45212:325286] ⚠️ Received Realtime message with no chat text
2026-01-18 20:48:38.688 RedLemon[45212:326266]    Payload keys: type, senderId, position, isPlaying, timestamp
2026-01-18 20:48:38.689 RedLemon[45212:325886] ✅ Realtime: Message broadcast complete
2026-01-18 20:48:38.818 RedLemon[45212:325349] 📨 Realtime: Received broadcast message
2026-01-18 20:48:38.818 RedLemon[45212:325886] 📨 Realtime: Received broadcast message
2026-01-18 20:48:38.818 RedLemon[45212:326266] 📨 Realtime: Received broadcast message
2026-01-18 20:48:38.819 RedLemon[45212:325349]    Payload keys: timestamp, isPlaying, senderId, position, type
2026-01-18 20:48:38.819 RedLemon[45212:326266]    Payload keys: timestamp, isPlaying, senderId, position, type
2026-01-18 20:48:38.819 RedLemon[45212:325886]    Payload keys: timestamp, isPlaying, senderId, position, type
2026-01-18 20:48:38.819 RedLemon[45212:325349] ✅ Realtime: Decoded message type: ready, sender: 656daa91-33b4-4688-9135-c982ea52d7c9
2026-01-18 20:48:38.819 RedLemon[45212:326266] ✅ Realtime: Decoded message type: ready, sender: 656daa91-33b4-4688-9135-c982ea52d7c9
2026-01-18 20:48:38.819 RedLemon[45212:325286] ⚠️ Received Realtime message with no chat text
2026-01-18 20:48:38.820 RedLemon[45212:325886] ✅ Realtime: Decoded message type: ready, sender: 656daa91-33b4-4688-9135-c982ea52d7c9
2026-01-18 20:48:39.989 RedLemon[45212:325349] 📨 Realtime: Received broadcast message
2026-01-18 20:48:39.989 RedLemon[45212:326091] 📨 Realtime: Received broadcast message
2026-01-18 20:48:39.989 RedLemon[45212:325886] 📨 Realtime: Received broadcast message
2026-01-18 20:48:39.989 RedLemon[45212:325349]    Payload keys: position, timestamp, isPlaying, senderId, type
2026-01-18 20:48:39.989 RedLemon[45212:325886]    Payload keys: position, timestamp, isPlaying, senderId, type
2026-01-18 20:48:39.989 RedLemon[45212:326091]    Payload keys: position, timestamp, isPlaying, senderId, type
2026-01-18 20:48:39.989 RedLemon[45212:325349] ✅ Realtime: Decoded message type: play, sender: 96e01cdb-36c0-4228-a6e4-a29a3c66bc8e
2026-01-18 20:48:39.989 RedLemon[45212:325886] ✅ Realtime: Decoded message type: play, sender: 96e01cdb-36c0-4228-a6e4-a29a3c66bc8e
2026-01-18 20:48:39.990 RedLemon[45212:326091] ✅ Realtime: Decoded message type: play, sender: 96e01cdb-36c0-4228-a6e4-a29a3c66bc8e
2026-01-18 20:48:40.004 RedLemon[45212:325286] ⚠️ Received Realtime message with no chat text
2026-01-18 20:48:40.005 RedLemon[45212:325286] 🛡️ Lobby: User 656daa91-33b4-4688-9135-c982ea52d7c9 remains online (Remaining Refs: 2)
2026-01-18 20:48:40.012 RedLemon[45212:326266] 📝 [PLAYER] Playback State Changed ["state": "Playing"]
2026-01-18 20:48:40.303 RedLemon[45212:326091] 📝 [PLAYER] Playback Finished (EOF)
2026-01-18 20:48:40.474 RedLemon[45212:326075] 📨 Realtime: Received broadcast message
2026-01-18 20:48:40.474 RedLemon[45212:326075]    Payload keys: senderId, isPlaying, position, type, timestamp
2026-01-18 20:48:40.474 RedLemon[45212:326091] 📨 Realtime: Received broadcast message
2026-01-18 20:48:40.474 RedLemon[45212:325886] 📨 Realtime: Received broadcast message
2026-01-18 20:48:40.474 RedLemon[45212:326091]    Payload keys: senderId, isPlaying, position, type, timestamp
2026-01-18 20:48:40.474 RedLemon[45212:325886]    Payload keys: senderId, isPlaying, position, type, timestamp
2026-01-18 20:48:40.475 RedLemon[45212:326075] ✅ Realtime: Decoded message type: playbackState, sender: 8XSP
2026-01-18 20:48:40.475 RedLemon[45212:326091] ✅ Realtime: Decoded message type: playbackState, sender: 8XSP
2026-01-18 20:48:40.475 RedLemon[45212:325886] ✅ Realtime: Decoded message type: playbackState, sender: 8XSP
2026-01-18 20:48:40.542 RedLemon[45212:325286] ⚠️ Received Realtime message with no chat text
2026-01-18 20:48:40.542 RedLemon[45212:326091] 📝 [PLAYER] Playback State Changed ["state": "Paused"]
2026-01-18 20:48:40.562 RedLemon[45212:326075] 📝 [PLAYER] Playback State Changed ["state": "Playing"]
2026-01-18 20:48:41.143 RedLemon[45212:326091] 📝 Realtime: Unregistered observer 'player'
2026-01-18 20:48:41.146 RedLemon[45212:325886] 📝 [PLAYER] Playback State Changed ["state": "Paused"]
2026-01-18 20:48:41.364 RedLemon[45212:326091] ❌ [20:48:41.363] [SUBTITLES] [MPVWrapper.swift:779] getSubtitleTracks: MPV not initialized
2026-01-18 20:48:41.436 RedLemon[45212:326091] ❌ [20:48:41.436] [NETWORK] [SupabaseClient.swift:336] Supabase API Error: duplicate key value violates unique constraint "room_participants_pkey"
2026-01-18 20:48:41.436 RedLemon[45212:326091] ⚠️ SupabaseClient: User already in room (Caught: duplicate key value violates unique constraint "room_participants_pkey"), proceeding...
2026-01-18 20:48:41.436 RedLemon[45212:325286] ✅ Guest joined room 8XSP in database
2026-01-18 20:48:41.711 RedLemon[45212:325349] 📝 Realtime: Registered observer 'lobby' (Presence: YES, Sync: NO, Status: NO)
2026-01-18 20:48:41.712 RedLemon[45212:325546] 📝 Realtime: Registered observer 'lobby' (Presence: NO, Sync: YES, Status: NO)
2026-01-18 20:48:41.741 RedLemon[45212:325349] 📤 Realtime: Sending message type: chat, sender: 656daa91-33b4-4688-9135-c982ea52d7c9
2026-01-18 20:48:41.742 RedLemon[45212:325349]    Payload keys: type, chatUsername, chatText, timestamp, position, senderId
2026-01-18 20:48:41.742 RedLemon[45212:325546] ✅ Realtime: Message broadcast complete
2026-01-18 20:48:41.757 RedLemon[45212:325286] ⚠️ LobbyDatabase: Failed to poll room state: Error Domain=NSURLErrorDomain Code=-999 "cancelled" UserInfo={NSErrorFailingURLStringKey=https://151.243.109.243.nip.io/rest/v1/rooms?id=eq.8XSP&select=*, NSErrorFailingURLKey=https://151.243.109.243.nip.io/rest/v1/rooms?id=eq.8XSP&select=*, _NSURLErrorRelatedURLSessionTaskErrorKey=(
    "LocalDataTask <3790BA8A-DED4-419E-8C72-B73FC99CE454>.<289>"
), _NSURLErrorFailingURLSessionTaskErrorKey=LocalDataTask <3790BA8A-DED4-419E-8C72-B73FC99CE454>.<289>, NSLocalizedDescription=cancelled}
2026-01-18 20:48:41.757 RedLemon[45212:326075] 🔐 SupabaseClient: Signing Identity Payload: '1768787321656daa91-33b4-4688-9135-c982ea52d7c9/rpc/room_heartbeat'
2026-01-18 20:48:41.758 RedLemon[45212:326075] 🔐 Signed request to /rpc/room_heartbeat
2026-01-18 20:48:41.866 RedLemon[45212:325347] 📨 Realtime: Received broadcast message
2026-01-18 20:48:41.866 RedLemon[45212:325349] 📨 Realtime: Received broadcast message
2026-01-18 20:48:41.866 RedLemon[45212:326075] 📨 Realtime: Received broadcast message
2026-01-18 20:48:41.866 RedLemon[45212:325347]    Payload keys: position, senderId, chatText, type, chatUsername, timestamp
2026-01-18 20:48:41.866 RedLemon[45212:325349]    Payload keys: position, senderId, chatText, type, chatUsername, timestamp
2026-01-18 20:48:41.866 RedLemon[45212:326075]    Payload keys: position, senderId, chatText, type, chatUsername, timestamp
2026-01-18 20:48:41.866 RedLemon[45212:325349] ✅ Realtime: Decoded message type: chat, sender: 656daa91-33b4-4688-9135-c982ea52d7c9
2026-01-18 20:48:41.866 RedLemon[45212:325347] ✅ Realtime: Decoded message type: chat, sender: 656daa91-33b4-4688-9135-c982ea52d7c9
2026-01-18 20:48:41.866 RedLemon[45212:326075] ✅ Realtime: Decoded message type: chat, sender: 656daa91-33b4-4688-9135-c982ea52d7c9
2026-01-18 20:48:41.866 RedLemon[45212:325286] 👋 Received: Guest 'ursinho' joined room 8XSP
2026-01-18 20:48:41.946 RedLemon[45212:325286] 🛑 Guest: Ignoring playback signal - just finished playback (Grace Period)
2026-01-18 20:48:41.946 RedLemon[45212:325286] 🛑 Guest: Ignoring playback signal - just finished playback (Grace Period)
2026-01-18 20:48:42.113 RedLemon[45212:325286] 📨 Lobby: Received Room UPDATE from Realtime
2026-01-18 20:48:42.411 RedLemon[45212:325347] ❌ [20:48:42.411] [SUBTITLES] [MPVWrapper.swift:779] getSubtitleTracks: MPV not initialized
2026-01-18 20:48:42.539 RedLemon[45212:325349] 📨 Realtime: Received broadcast message
2026-01-18 20:48:42.539 RedLemon[45212:325347] 📨 Realtime: Received broadcast message
2026-01-18 20:48:42.539 RedLemon[45212:325546] 📨 Realtime: Received broadcast message
2026-01-18 20:48:42.539 RedLemon[45212:325347]    Payload keys: type, position, senderId, timestamp, isPlaying
2026-01-18 20:48:42.539 RedLemon[45212:325546]    Payload keys: type, position, senderId, timestamp, isPlaying
2026-01-18 20:48:42.539 RedLemon[45212:325349]    Payload keys: type, position, senderId, timestamp, isPlaying
2026-01-18 20:48:42.539 RedLemon[45212:325546] ✅ Realtime: Decoded message type: playbackState, sender: 8XSP
2026-01-18 20:48:42.540 RedLemon[45212:325347] ✅ Realtime: Decoded message type: playbackState, sender: 8XSP
2026-01-18 20:48:42.540 RedLemon[45212:325286] ⚠️ Received Realtime message with no chat text
2026-01-18 20:48:42.540 RedLemon[45212:325349] ✅ Realtime: Decoded message type: playbackState, sender: 8XSP
2026-01-18 20:48:44.235 RedLemon[45212:325286] 🛑 Guest: Ignoring playback signal - just finished playback (Grace Period)
2026-01-18 20:48:44.235 RedLemon[45212:325286] 🛑 Guest: Ignoring playback signal - just finished playback (Grace Period)
2026-01-18 20:48:44.520 RedLemon[45212:325347] 📨 Realtime: Received broadcast message
2026-01-18 20:48:44.520 RedLemon[45212:326091] 📨 Realtime: Received broadcast message
2026-01-18 20:48:44.520 RedLemon[45212:325349] 📨 Realtime: Received broadcast message
2026-01-18 20:48:44.521 RedLemon[45212:326091]    Payload keys: position, timestamp, senderId, isPlaying, type
2026-01-18 20:48:44.521 RedLemon[45212:325349]    Payload keys: position, timestamp, senderId, isPlaying, type
2026-01-18 20:48:44.521 RedLemon[45212:325347]    Payload keys: position, timestamp, senderId, isPlaying, type
2026-01-18 20:48:44.521 RedLemon[45212:326091] ✅ Realtime: Decoded message type: playbackState, sender: 8XSP
2026-01-18 20:48:44.521 RedLemon[45212:325349] ✅ Realtime: Decoded message type: playbackState, sender: 8XSP
2026-01-18 20:48:44.521 RedLemon[45212:325286] ⚠️ Received Realtime message with no chat text
2026-01-18 20:48:44.521 RedLemon[45212:325347] ✅ Realtime: Decoded message type: playbackState, sender: 8XSP
2026-01-18 20:48:44.828 RedLemon[45212:325286] 📨 Lobby: Received Room UPDATE from Realtime
2026-01-18 20:48:44.829 RedLemon[45212:325286] 📨 Lobby: Received Room UPDATE from Realtime
2026-01-18 20:48:46.444 RedLemon[45212:325286] 🛑 Guest: Blocking auto-start loop. Already played stream: 4dc447b0
📄 Subtitle request: L3N1YnRpdGxlLzM1MTI1... (offset: 0ms)
📥 Downloading subtitle from SubDL CDN: /subtitle/3512599-8435170.zip
✅ Download complete: 42012 bytes
📦 Detected ZIP archive, extracting...
🔍 Calculating compatibility scores for 1 files...
✅ Selected best match by compatibility score (20): Weapons.2025.1080p.BluRay.x265-YAWNTiC_eng SDH.srt
📦 Extracting specific file: Weapons.2025.1080p.BluRay.x265-YAWNTiC_eng SDH.srt
✅ Extraction successful
✅ Subtitle downloaded and converted to VTT
📊 AppState: Polled participant counts - Active: ["tt0415306": 1]
⏰ AppState: Next schedule update set for Event End: 2026-01-19 03:12:18 +0000
⏰ AppState: Scheduling update in 5019 seconds
🔄 Lobby: markPlaybackEnded - resetting connection status for reconnection
DEBUG: MPVPlayerViewModel.cleanup called - forcing cleanup
🎭 Lobby: Connecting to room 8XSP...
🚦 Lobby State: connecting
📡 SocialService: Updated status - In Lobby: Weapons: Weapons
✅ Lobby: Refreshed room state. isPlaying: true
🛡️ Lobby: Ensuring local media state is fresh before auto-start check...
🛑 Lobby: Ignoring auto-start on connect - Grace Period active
ℹ️ RealtimeChannelManager: Already setup for room 8XSP, filtering duplicate setup call.
📡 Connection state: connected
✅ Lobby: Connected to Realtime
🚦 Lobby State: connected
🔄 Lobby: Starting database polling for participants and room state...
💓 Lobby: Starting heartbeat loop...
🔄 LobbyDatabase: Starting room state polling for guests...
🔄 Lobby: Fetching fresh room state from Supabase...
✅ Lobby: Synced CLEAN stream info, metadata & playlist to AppState
🔄 Lobby: Fetching fresh room state from Supabase...
🔄 Lobby: Fetching fresh room state from Supabase...
✅ Lobby: Synced CLEAN stream info, metadata & playlist to AppState
✅ Lobby: Synced CLEAN stream info, metadata & playlist to AppState
📉 SocialService: User 96e01cdb-36c0-4228-a6e4-a29a3c66bc8e went offline (No active refs)
