2026-01-21 17:41:59.583 RedLemon[72324:322871] 🪟 Set initial window to expanded size: (0.0, 121.0, 1280.0, 654.0)
2026-01-21 17:41:59.583 RedLemon[72324:322871] ✅ Cache cleanup timer started (runs every 30 minutes)
2026-01-21 17:41:59.815 RedLemon[72324:322871] 🔄 Resetting playback state to prevent auto-selection...
2026-01-21 17:41:59.819 RedLemon[72324:322871] ⚠️ PlayerVM: currentWatchPartyRoom set to NIL. Stack Trace unavailable, but check recent logs.
2026-01-21 17:41:59.854 RedLemon[72324:322871] ✅ Playback state reset complete - starting in browse view
2026-01-21 17:41:59.854 RedLemon[72324:322871] 🔐 APP STARTUP: Loading stored user credentials...
2026-01-21 17:41:59.854 RedLemon[72324:322871] 🧪 Testing Profile: debug
2026-01-21 17:41:59.856 RedLemon[72324:323024] 📂 Loaded 5 credential(s) from cache
2026-01-21 17:41:59.857 RedLemon[72324:322871] ✅ Keychain: Found stored username: lemontom
2026-01-21 17:41:59.857 RedLemon[72324:322871] 🔍 Supabase: Looking up user 'lemontom' in database...
2026-01-21 17:41:59.858 RedLemon[72324:323024] 🔍 SupabaseClient: Looking up user by username 'lemontom'
2026-01-21 17:42:00.562 RedLemon[72324:322994] 📡 SupabaseClient: User lookup response received (400 bytes)
2026-01-21 17:42:00.569 RedLemon[72324:322994] ✅ SupabaseClient: Decoded 1 users from response
2026-01-21 17:42:00.569 RedLemon[72324:322994] 👤 SupabaseClient: Found user - lemontom (ID: 96E01CDB-36C0-4228-A6E4-A29A3C66BC8E)
2026-01-21 17:42:00.630 RedLemon[72324:322871] ✅ AUTH SUCCESS: User authenticated - lemontom (ID: 96E01CDB-36C0-4228-A6E4-A29A3C66BC8E)
2026-01-21 17:42:00.630 RedLemon[72324:322871] 🎯 AppState: currentUsername=lemontom, currentUserId=96E01CDB-36C0-4228-A6E4-A29A3C66BC8E
2026-01-21 17:42:00.633 RedLemon[72324:322871] 🛡️ AdminRealtimeService: Starting authenticated listeners...
2026-01-21 17:42:02.080 RedLemon[72324:322871] ✅ AdminRealtimeService: Subscribed to reported_streams, feedback_reports, and broadcast alerts
2026-01-21 17:42:02.228 RedLemon[72324:322871] 📊 AdminRealtimeService: Initial sync complete. Reports: 0, Feedback: 0
2026-01-21 17:42:03.165 RedLemon[72324:322993] 📝 [APP] SessionRecorder initialized
2026-01-21 17:42:03.167 RedLemon[72324:322993] 📝 [APP] 🎟️ Joining event: Hall Pass (Live: false) ["file": "EventsView.swift", "level": "INFO", "line": "253"]
2026-01-21 17:42:03.187 RedLemon[72324:322871] 🏁 AUTH COMPLETE: Final state - username=lemontom, userId=96E01CDB-36C0-4228-A6E4-A29A3C66BC8E
2026-01-21 17:42:03.203 RedLemon[72324:322871] 🚀 RedLemon: Starting HTTP server...
2026-01-21 17:42:03.203 RedLemon[72324:322871] 📋 RedLemon: Current directory: /Users/danielnoble/Desktop/RedLemon-Native
2026-01-21 17:42:03.232 RedLemon[72324:322871] ✅ RedLemon: HTTPServer instance created
2026-01-21 17:42:03.232 RedLemon[72324:323012] 📡 RedLemon: Server starting on port 47253...
2026-01-21 17:42:03.235 RedLemon[72324:322871] ✅ RedLemon: Server marked as ready (Optimistic)
⏲️ [EventsConfig] Starting polling fallback (every 60s)
🔌 Connecting to Supabase Realtime: wss://151.243.109.243.nip.io/realtime/v1/websocket
✅ Connected to Supabase Realtime
📡 Sparkle requesting feed URL: https://151.243.109.243.nip.io/updates/appcast.xml
✅ Sparkle configured (seamless mode)
   Appcast URL: https://151.243.109.243.nip.io/updates/appcast.xml
   Can check: true
📅 EventsView appeared
🎬 [EventsView] Fetching movie events from centralized config...
📡 [EventsConfig] Checking server for movie_events config version...
🔍 Memory pressure monitoring enabled (safe mode)
🔍 Silent update check (custom implementation)...
🖥️ CacheManager initialized with fixed conservative limits
   Image cache limit: 30 items
📡 Sparkle requesting feed URL: https://151.243.109.243.nip.io/updates/appcast.xml
📦 Current build: 124, Latest build: 124
✅ App is up to date (current: 124, latest: 124)
📡 Joined channel: realtime:events_config_updates (interest count: 1)
✅ [EventsConfig] Subscribed to realtime schedule updates
🔌 Connecting to Supabase Realtime: wss://151.243.109.243.nip.io/realtime/v1/websocket
✅ Connected to Supabase Realtime
✅ [EventsConfig] Fetched movie_events version 1569 with 405 movies
📡 Joined channel: realtime:reported_streams (interest count: 1)
✅ [EventsConfig] Using cached movie_events config (version 1569, 405 movies)
✅ [EventsView] Loaded 405 movies from config version 1569
🔌 Connecting to Supabase Realtime: wss://151.243.109.243.nip.io/realtime/v1/websocket
✅ Connected to Supabase Realtime
🗓 AppState: Updated schedule epoch to 2026-01-21 05:03:55 +0000
⏰ AppState: Next schedule update set for Next Event Start: 2026-01-21 22:50:55 +0000
⏰ AppState: Scheduling update in 534 seconds
🖼️ [CACHE] Cached image data for key: https://images.metahub.space/background/medium/tt0480687/img (901283 bytes)
🖼️ [CACHE] Cached image data for key: https://images.metahub.space/background/medium/tt0266915/img (786827 bytes)
❌ Realtime System Error (realtime:reported_streams): Unable to subscribe to changes with given parameters. Please check Realtime is enabled for the given connect parameters: [schema: public, table: reported_streams, filters: []]
📡 Joined channel: realtime:feedback_reports (interest count: 1)
🔌 Connecting to Supabase Realtime: wss://151.243.109.243.nip.io/realtime/v1/websocket
✅ Connected to Supabase Realtime
❌ Realtime System Error (realtime:feedback_reports): Unable to subscribe to changes with given parameters. Please check Realtime is enabled for the given connect parameters: [schema: public, table: feedback_reports, filters: []]
📡 Joined channel: realtime:admin:alerts (interest count: 1)
🔌 SocialService: Connecting to global presence...
🔌 Connecting to Supabase Realtime: wss://151.243.109.243.nip.io/realtime/v1/websocket
✅ Connected to Supabase Realtime
✅ SocialService: Presence connected
📊 AppState: Polled participant counts - Active: ["tt0480687": 2]
⏰ AppState: Next schedule update set for Next Event Start: 2026-01-21 22:50:55 +0000
⏰ AppState: Scheduling update in 533 seconds
📊 AppState: Polled participant counts - Active: ["tt0480687": 2]
📡 Joined channel: realtime:global-presence (interest count: 1)
⏰ AppState: Next schedule update set for Next Event Start: 2026-01-21 22:50:55 +0000
⏰ AppState: Scheduling update in 533 seconds
✅ SocialService: Connected to global presence
🔌 SocialService: Connecting to social realtime channels...
🔌 Connecting to Supabase Realtime: wss://151.243.109.243.nip.io/realtime/v1/websocket
✅ Connected to Supabase Realtime
✅ SocialService: DM channel connected
📈 SocialService: User 96e01cdb-36c0-4228-a6e4-a29a3c66bc8e came online
📡 Joined channel: realtime:direct_messages (interest count: 1)
📡 Joined channel: realtime:friendships (interest count: 1)
✅ SocialService: Connected to social channels
[2026-01-21T22:42:03Z] [INFO] [EventsView.swift:253] 🎟️ Joining event: Hall Pass (Live: false)
   Event start time: 2026-01-21 22:50:55 +0000
   Event duration: 6900.0s
   Current time: 2026-01-21 22:42:03 +0000
   Is Live: false
   Is In Lobby: true
📬 SocialService: Fetched 0 unread messages
🔄 SocialService: Syncing 50 items to cloud...
🔄 SocialService: Syncing 50 items to cloud (serial)...
✅ Token routes registered:
   POST /tokens/save
   POST /tokens/delete
   GET  /tokens/list
✅ Unlock routes registered:
   POST /api/streams/unlock
✅ Stream routes registered:
   POST /api/streams/resolve
   GET  /api/streams/resolveByQuality
   GET  /api/streams/resolveAll
✅ Proxy routes registered:
   GET /play/rd/:infoHash/:fileIdx
   GET /play/rd/:infoHash
✅ Subtitle routes registered:
   GET /subtitles/search?imdbId=&type=
   GET /subtitles/subdl/:encodedPath
✅ All routes registered
✅ HTTP Server configured on http://127.0.0.1:47253
🚀 Starting HTTP server...
✅ Providers initialized: torrentio, comet, zilean, mediafusion, debridsearch
[ NOTICE ] Server started on http://127.0.0.1:47253
2026-01-21 17:42:03.352 RedLemon[72324:322871] ✅ RedLemon: Server should be running on http://127.0.0.1:47253
2026-01-21 17:42:03.353 RedLemon[72324:322871] 🏥 [AppState] Starting global provider health check...
2026-01-21 17:42:03.353 RedLemon[72324:322871] 🔍 Performing startup checks...
2026-01-21 17:42:03.353 RedLemon[72324:322871] ✅ Username-based authentication ready
2026-01-21 17:42:03.354 RedLemon[72324:323012] 📡 StreamService: Fetching metadata for tt0480687...
2026-01-21 17:42:03.354 RedLemon[72324:322992] 📝 [APP] 🎬 StreamService: Starting resolution for: Hall Pass ["file": "StreamService.swift", "level": "INFO", "line": "105"]
2026-01-21 17:42:03.355 RedLemon[72324:322994] 🔐 Signed request to /check-payment
✅ HTTP server running on http://127.0.0.1:47253

🔗 Available endpoints:
   http://127.0.0.1:47253/health
   http://127.0.0.1:47253/status
   http://127.0.0.1:47253/api/health

💰 LicenseManager: Starting hybrid license check...
✅ Event room already exists: event_tt0480687

✅ [SYNC VERIFICATION] FOUND SERVER KEY - Re-unlocking for fresh URL 🔑
   Stored Hash: 8def6e7d4180dab0cb77174bca8868c67adc08e8
   Cached URL: https://chi9-4.download.real-d...
[2026-01-21T22:42:03Z] [INFO] [StreamService.swift:105] 🎬 StreamService: Starting resolution for: Hall Pass
[ INFO ] GET /api/metadata/meta/movie/tt0480687 [request-id: F276668F-4C51-4146-B29F-C7660E9C4659]
2026-01-21 17:42:03.591 RedLemon[72324:322992] 📦 Decoded CinemetaMeta - videos count: 0
2026-01-21 17:42:03.591 RedLemon[72324:322992] ✅ StreamService: Metadata loaded: Hall Pass
2026-01-21 17:42:03.591 RedLemon[72324:322992] ⚡️ StreamService: Resolving streams via StreamResolver (Bypassing HTTP)...
2026-01-21 17:42:03.592 RedLemon[72324:322992] ⚡️ StreamResolver: Resolving streams for tt0480687 (S0E0)
2026-01-21 17:42:03.593 RedLemon[72324:322992] 📝 [APP] New Session Started ["app_version": "1.0.124", "build": "124", "session_id": "B314AC3D-5FEF-465B-A28F-9144453B387F", "trigger_source": "manual", "user_id": "96E01CDB-36C0-4228-A6E4-A29A3C66BC8E"]
2026-01-21 17:42:03.593 RedLemon[72324:322992] 📝 [APP] Target Content Set ["imdb_id": "tt0480687"]
2026-01-21 17:42:03.594 RedLemon[72324:322992] 📝 [RESOLVER] Started Resolution ["episode": "0", "season": "0", "type": "movie"]
2026-01-21 17:42:03.816 RedLemon[72324:323024]    📅 Filtering by year: 2011
2026-01-21 17:42:03.883 RedLemon[72324:322994] 🎬 Torrentio: Building URL for movie (no season/episode)
2026-01-21 17:42:03.883 RedLemon[72324:322994] 🔗 Torrentio URL (length: 55): https://torrentio.strem.fun/stream/movie/tt0133093.json...
2026-01-21 17:42:03.958 RedLemon[72324:322992] 📝 [RESOLVER] Found Verified Stream ["hash": "8def6e7d4180dab0cb77174bca8868c67adc08e8", "vote_count": "10"]
💾 Cache SET: Metadata[meta_movie_tt0480687]
🎬 StreamService: Resolving movie - trusted pack filtering will be applied server-side
🛡️ StreamResolver: Loaded 7 blocked streams from blacklist
⚡️ StreamResolver: Found Community Verified stream with 10 votes!
   ℹ️ Hash: 8def6e7d4180dab0cb77174bca8868c67adc08e8
   ℹ️ Last Verified: 2026-01-21 03:13:29 +0000
✅ SubDLClient initialized
🔍 Searching SubDL: tt0480687 (movie)
✅ Found 10 subtitles from SubDL (Primary)
✅ StreamResolver: Processed subtitles for 1 streams (Attached to 1)
⚡️ StreamResolver: SHORT CIRCUIT - Returning verified stream immediately.
⚡️ StreamService: Testing verified stream viability...
🔓 StreamService: Unlocking with infoHash: 8def6e7d4180...
[ INFO ] POST /api/streams/unlock [request-id: E658DF0A-BD92-4DCE-BDF4-AB075B63A787]
2026-01-21 17:42:04.199 RedLemon[72324:322991] 🔓 Unlock request: infoHash=8def6e7d4180..., fileIdx=0
2026-01-21 17:42:04.199 RedLemon[72324:322991] ✅ Token found, attempting unlock...
2026-01-21 17:42:05.083 RedLemon[72324:322871] ✅ [AppState] Provider health check complete (found 7 services)
2026-01-21 17:42:05.423 RedLemon[72324:322871] 🔄 Checking for app updates...
2026-01-21 17:42:05.867 RedLemon[72324:322994] ✅ Unlocked successfully: Hall.Pass.2011.EXTENDED.CUT.1080p.BluRay.H264.AAC-RARBG.mp4
2026-01-21 17:42:05.870 RedLemon[72324:322993] 📝 [RESOLVER] Stream Unlocked ["filename": "Hall.Pass.2011.EXTENDED.CUT.1080p.BluRay.H264.AAC-RARBG.mp4", "is_generic": "false", "original_title": "Community Verified Stream (1080p)", "url_host": "chi9-4.download.real-debrid.com"]
2026-01-21 17:42:05.870 RedLemon[72324:322993] 📥 StreamService: Pre-downloading 5 (capped from 10) subtitles...
2026-01-21 17:42:05.870 RedLemon[72324:322993] 🐛 StreamService: downloadSubtitlesInParallel called. Season: nil, Episode: nil, Count: 5
2026-01-21 17:42:05.870 RedLemon[72324:322992] 🔍 DEBUG: Processing subtitle URL: /subtitle/628606-441925.zip
2026-01-21 17:42:05.870 RedLemon[72324:322993] 🔍 DEBUG: Processing subtitle URL: /subtitle/628616-547834.zip
2026-01-21 17:42:05.870 RedLemon[72324:322994] 🔍 DEBUG: Processing subtitle URL: /subtitle/3536921-8458847.zip
2026-01-21 17:42:05.870 RedLemon[72324:323012] 🔍 DEBUG: Processing subtitle URL: /subtitle/3536917-8458846.zip
2026-01-21 17:42:05.870 RedLemon[72324:322992] ✅ DEBUG: Raw SubDL URL detected, converting to proxy URL
2026-01-21 17:42:05.870 RedLemon[72324:323012] ✅ DEBUG: Raw SubDL URL detected, converting to proxy URL
2026-01-21 17:42:05.870 RedLemon[72324:322993] ✅ DEBUG: Raw SubDL URL detected, converting to proxy URL
2026-01-21 17:42:05.870 RedLemon[72324:322994] ✅ DEBUG: Raw SubDL URL detected, converting to proxy URL
2026-01-21 17:42:05.871 RedLemon[72324:322993] 🔍 DEBUG: Processing subtitle URL: /subtitle/628612-615054.zip
2026-01-21 17:42:05.871 RedLemon[72324:322993] ✅ DEBUG: Raw SubDL URL detected, converting to proxy URL
2026-01-21 17:42:06.208 RedLemon[72324:322994] ✅ Persisted stream selection to room event_tt0480687
2026-01-21 17:42:06.492 RedLemon[72324:323013] ❌ [17:42:06.492] [NETWORK] [SupabaseClient.swift:364] Supabase API Error: duplicate key value violates unique constraint "room_participants_pkey"
2026-01-21 17:42:06.493 RedLemon[72324:323013] ⚠️ SupabaseClient: User already in room (Caught: duplicate key value violates unique constraint "room_participants_pkey"), proceeding...
2026-01-21 17:42:06.623 RedLemon[72324:322871] ✅ PlayerVM: currentWatchPartyRoom set to event_tt0480687
2026-01-21 17:42:06.697 RedLemon[72324:322871] [LOBBY_VIEW] onAppear: shouldAutoJoinLobby=false, room=event_tt0480687, timeUntilStart=0
✅ RD addMagnet: EG3OTGWSVOKPS
🎬 Movie: Found matching file for title 'Hall Pass': /Hall.Pass.2011.EXTENDED.CUT.1080p.BluRay.H264.AAC-RARBG.mp4
📝 RD: Selecting file ID 1 for torrent EG3OTGWSVOKPS
👤 LicenseManager: Profile expiry: Optional(2026-04-18 17:23:32 +0000)
🔍 Silent update check (custom implementation)...
⏰ TimeService: Synchronizing clock with server...
🎉 License updated! Expires: 2026-04-18 17:23:32 +0000
📦 Current build: 124, Latest build: 124
✅ App is up to date (current: 124, latest: 124)
📊 RD poll 1/2: status=downloaded, links=1
🔗 Unrestricting link: https://real-debrid.com/d/WGL2LQ6QNUFPM65B
✅ TimeService: Synced! Offset: 0.152s (RTT: 265ms)
   Local:  2026-01-21 22:42:05 +0000
   Server: 2026-01-21 22:42:05 +0000
⏰ Time synced with server! AppState should automatically recalculate.
✅ StreamService: Stream unlocked successfully!
✅ StreamService: Verified stream is VIABLE. Returning immediately.
   ✅ Fresh URL obtained: https://chi9-4.download.real-debrid.com/...
   ✅ Database updated with fresh URL

🎭 Upcoming event - position: 0
   Room createdAt: 2026-01-21 22:50:55 +0000
   Room state: lobby
🎭 Upcoming event - going to lobby
🎭 Lobby: Connecting to room event_tt0480687...
🚦 Lobby State: connecting
🔄 Lobby: Fetching fresh room state from Supabase...
[ INFO ] GET /api/metadata/meta/movie/tt0480687 [request-id: 674EF9EE-22A0-467A-9CC4-B17A1969F66C]
2026-01-21 17:42:06.835 RedLemon[72324:322871] [LOBBY_VIEW] onAppear: shouldAutoJoinLobby=false, room=event_tt0480687, timeUntilStart=0
2026-01-21 17:42:06.916 RedLemon[72324:323013] 📝 Realtime: Registered observer 'lobby' (Presence: YES, Sync: NO, Status: NO)
2026-01-21 17:42:07.047 RedLemon[72324:323065] ❌ [17:42:07.047] [NETWORK] [SupabaseClient.swift:364] Supabase API Error: duplicate key value violates unique constraint "room_participants_pkey"
2026-01-21 17:42:07.047 RedLemon[72324:323065] ⚠️ SupabaseClient: User already in room (Caught: duplicate key value violates unique constraint "room_participants_pkey"), proceeding...
2026-01-21 17:42:07.124 RedLemon[72324:322871] ✅ Guest joined room event_tt0480687 in database
2026-01-21 17:42:07.177 RedLemon[72324:322991] 📝 Realtime: Registered observer 'lobby' (Presence: NO, Sync: YES, Status: NO)
2026-01-21 17:42:07.549 RedLemon[72324:322871] [COUNTDOWN] timeUntilStart set to 527s - UI should show countdown
2026-01-21 17:42:07.565 RedLemon[72324:323024] 📝 Realtime: Registered observer 'lobby' (Presence: YES, Sync: NO, Status: NO)
2026-01-21 17:42:07.569 RedLemon[72324:322991] 📝 Realtime: Registered observer 'lobby' (Presence: NO, Sync: YES, Status: NO)
2026-01-21 17:42:07.577 RedLemon[72324:322991] 📤 Realtime: Sending message type: chat, sender: 96e01cdb-36c0-4228-a6e4-a29a3c66bc8e
2026-01-21 17:42:07.578 RedLemon[72324:322991]    Payload keys: chatText, senderId, timestamp, type, chatUsername, position
2026-01-21 17:42:07.580 RedLemon[72324:323012] ✅ Realtime: Message broadcast complete
2026-01-21 17:42:07.600 RedLemon[72324:323024] 🔐 SupabaseClient: Signing Identity Payload: '176903532796e01cdb-36c0-4228-a6e4-a29a3c66bc8e/rpc/room_heartbeat'
2026-01-21 17:42:07.600 RedLemon[72324:323024] 🔐 Signed request to /rpc/room_heartbeat
2026-01-21 17:42:07.704 RedLemon[72324:322991] 📨 Realtime: Received broadcast message
2026-01-21 17:42:07.704 RedLemon[72324:322991]    Payload keys: type, chatText, position, senderId, timestamp, chatUsername
2026-01-21 17:42:07.705 RedLemon[72324:322991] ✅ Realtime: Decoded message type: chat, sender: 96e01cdb-36c0-4228-a6e4-a29a3c66bc8e
2026-01-21 17:42:07.707 RedLemon[72324:322871] 👋 Received: Guest 'lemontom' joined room event_tt0480687
2026-01-21 17:42:07.999 RedLemon[72324:322871] 📨 Lobby: Received Room UPDATE from Realtime
2026-01-21 17:42:14.774 RedLemon[72324:322871] [COUNTDOWN] Updated to 520s
⚠️ Lobby: Connection already in progress - skipping duplicate connect call
📡 SocialService: Updated status - In Lobby: Hall Pass: Hall Pass
📡 SocialService: Updated status - In Lobby: Hall Pass: Hall Pass
📡 [EventsConfig] Checking server for movie_events config version...
📡 [EventsConfig] Checking server for movie_events config version...
✅ Lobby: Loaded metadata for Hall Pass
🔌 Setting up Realtime channel: watch-party:event_tt0480687
   Role: Guest
   User ID: 96e01cdb-36c0-4228-a6e4-a29a3c66bc8e
✅ Lobby: Synced CLEAN stream info, metadata & playlist to AppState
📡 Connection state: connected
📡 Connection state: connecting
📡 Joined channel: realtime:watch-party:event_tt0480687 (interest count: 1)
📡 Connection state: connected
✅ Realtime channel setup complete
📡 [EventsConfig] Checking server for movie_events config version...
📡 [EventsConfig] Checking server for movie_events config version...
✅ Lobby: Connected to Realtime
✅ Lobby: Refreshed room state. isPlaying: false
🛡️ Lobby: Ensuring local media state is fresh before auto-start check...
⏳ Lobby: Event start time from local room. Time until start: 527.4506750106812
🎬 Event room detected - auto-starting playback
🤖 Lobby: Checking auto-start for system event
🕐 DEBUG: room.createdAt = 2026-01-21 22:50:55 +0000
🕐 DEBUG: now = 2026-01-21 22:42:07 +0000
🕐 DEBUG: timeUntilStart = 527s
🕐 DEBUG: Event start time is 527s in the future
🕐 DEBUG: dwellTime = 0s, minDwellTime = 10s
⏳ Lobby: Event starts in 527s. Waiting...
ℹ️ RealtimeChannelManager: Already setup for room event_tt0480687, filtering duplicate setup call.
📡 Connection state: connected
✅ Lobby: Connected to Realtime
🚦 Lobby State: connected
🔄 Lobby: Starting database polling for participants and room state...
💓 Lobby: Starting heartbeat loop...
🔄 LobbyDatabase: Starting room state polling for guests...
✅ [EventsConfig] Fetched movie_events version 1569 with 405 movies
✅ [EventsConfig] Using cached movie_events config (version 1569, 405 movies)
✅ SocialService: Event event_tt0480687 is JOINABLE (Live or Next Up) - allowing join
📡 [EventsConfig] Checking server for movie_events config version...
📡 [EventsConfig] Checking server for movie_events config version...
✅ [EventsConfig] Fetched movie_events version 1569 with 405 movies
✅ [EventsConfig] Fetched movie_events version 1569 with 405 movies
✅ [EventsConfig] Fetched movie_events version 1569 with 405 movies
✅ [EventsConfig] Using cached movie_events config (version 1569, 405 movies)
✅ [EventsConfig] Using cached movie_events config (version 1569, 405 movies)
✅ [EventsConfig] Using cached movie_events config (version 1569, 405 movies)
✅ SocialService: Event event_tt0480687 is JOINABLE (Live or Next Up) - allowing join
✅ SocialService: Event event_tt0480687 is JOINABLE (Live or Next Up) - allowing join
✅ SocialService: Event event_tt0480687 is JOINABLE (Live or Next Up) - allowing join
✅ [EventsConfig] Fetched movie_events version 1569 with 405 movies
✅ [EventsConfig] Fetched movie_events version 1569 with 405 movies
🔄 Lobby: Fetching fresh room state from Supabase...
✅ [EventsConfig] Using cached movie_events config (version 1569, 405 movies)
✅ [EventsConfig] Using cached movie_events config (version 1569, 405 movies)
✅ SocialService: Event event_tt0480687 is JOINABLE (Live or Next Up) - allowing join
✅ SocialService: Event event_tt0480687 is JOINABLE (Live or Next Up) - allowing join
✅ Lobby: Synced CLEAN stream info, metadata & playlist to AppState
📊 AppState: Polled participant counts - Active: ["tt0480687": 2]
⏰ AppState: Next schedule update set for Next Event Start: 2026-01-21 22:50:55 +0000
⏰ AppState: Scheduling update in 522 seconds
🛡️ Lobby: Auto-Join safety delay passed (8s). Enabled for late joiners.
