2026-01-07 14:15:57.804 RedLemon[7198:71783] 🪟 Set initial window to expanded size: (0.0, 150.0, 1366.0, 593.0)
2026-01-07 14:15:57.804 RedLemon[7198:71783] ✅ Cache cleanup timer started (runs every 30 minutes)
2026-01-07 14:15:57.880 RedLemon[7198:71783] 🔄 Resetting playback state to prevent auto-selection...
2026-01-07 14:15:57.880 RedLemon[7198:71881] 🔍 KeychainManager: Retrieved username 'ursinho' from UserDefaults
2026-01-07 14:15:57.937 RedLemon[7198:71783] ✅ Playback state reset complete - starting in browse view
2026-01-07 14:15:57.937 RedLemon[7198:71783] 🔐 APP STARTUP: Loading stored user credentials...
2026-01-07 14:15:57.937 RedLemon[7198:71783] 🧪 Testing Profile: debug
2026-01-07 14:15:57.937 RedLemon[7198:71868] 🔍 KeychainManager: Retrieved username 'ursinho' from UserDefaults
2026-01-07 14:15:57.938 RedLemon[7198:71783] ✅ Keychain: Found stored username: ursinho
2026-01-07 14:15:57.938 RedLemon[7198:71783] 🔍 Supabase: Looking up user 'ursinho' in database...
2026-01-07 14:15:57.938 RedLemon[7198:71868] 🔍 SupabaseClient: Looking up user by username 'ursinho'
2026-01-07 14:15:58.289 RedLemon[7198:71867] 📡 SupabaseClient: User lookup response received (358 bytes)
2026-01-07 14:15:58.297 RedLemon[7198:71867] ✅ SupabaseClient: Decoded 1 users from response
2026-01-07 14:15:58.298 RedLemon[7198:71867] 👤 SupabaseClient: Found user - ursinho (ID: 656DAA91-33B4-4688-9135-C982EA52D7C9)
2026-01-07 14:15:58.322 RedLemon[7198:71783] ✅ AUTH SUCCESS: User authenticated - ursinho (ID: 656DAA91-33B4-4688-9135-C982EA52D7C9)
2026-01-07 14:15:58.323 RedLemon[7198:71783] 🎯 AppState: currentUsername=ursinho, currentUserId=656DAA91-33B4-4688-9135-C982EA52D7C9
2026-01-07 14:15:58.323 RedLemon[7198:71783] 🏁 AUTH COMPLETE: Final state - username=ursinho, userId=656DAA91-33B4-4688-9135-C982EA52D7C9
2026-01-07 14:15:58.323 RedLemon[7198:71783] 🚀 RedLemon: Starting HTTP server...
2026-01-07 14:15:58.324 RedLemon[7198:71783] 📋 RedLemon: Current directory: /Users/danielnoble/Desktop/Redlemon
2026-01-07 14:15:58.343 RedLemon[7198:71783] ✅ RedLemon: HTTPServer instance created
2026-01-07 14:15:58.343 RedLemon[7198:71868] 📡 RedLemon: Server starting on port 47253...
⏲️ [EventsConfig] Starting polling fallback (every 60s)
🔌 Connecting to Supabase Realtime: wss://151.243.109.243.nip.io/realtime/v1/websocket
✅ Connected to Supabase Realtime
✅ Sparkle configured (manual only, no auto-checks)
   Appcast URL: https://raw.githubusercontent.com/orangeapple1272/Redlemon/main/appcast.xml
   Can check: false
📅 EventsView appeared
🎬 [EventsView] Fetching movie events from centralized config...
📡 [EventsConfig] Checking server for movie_events config version...
🔍 Silent update check (custom implementation)...
🔍 Memory pressure monitoring enabled (safe mode)
📂 Loaded 5 credential(s) from cache
🖥️ CacheManager initialized with fixed conservative limits
   Image cache limit: 30 items
📡 Joined channel: realtime:events_config_updates
✅ [EventsConfig] Subscribed to realtime schedule updates
📨 Received: {"ref":"CDF93A36-BD17-4ECD-85C6-70AE9670DB4D","event":"phx_reply","payload":{"status":"ok","response":{"postgres_changes":[{"id":53636278,"event":"INSERT","filter":"config_type=eq.movie_events","schema":"public","table":"events_config"}]}},"topic":"realtime:events_config_updates"}
📨 Received: {"ref":null,"event":"system","payload":{"message":"Subscribed to PostgreSQL","status":"ok","extension":"postgres_changes","channel":"events_config_updates"},"topic":"realtime:events_config_updates"}
📨 Received: {"ref":null,"event":"presence_state","payload":{},"topic":"realtime:events_config_updates"}
✅ Token routes registered:
   POST /tokens/save
   POST /tokens/delete
   GET  /tokens/list
✅ Unlock routes registered:
   POST /api/streams/unlock
✅ Stream routes registered:
   POST /api/streams/resolve
   GET  /api/streams/resolveByQuality
   GET  /api/streams/resolveAll
✅ Proxy routes registered:
   GET /play/rd/:infoHash/:fileIdx
   GET /play/rd/:infoHash
✅ Subtitle routes registered:
   GET /subtitles/search?imdbId=&type=
   GET /subtitles/subdl/:encodedPath
✅ All routes registered
✅ HTTP Server configured on http://127.0.0.1:47253
🚀 Starting HTTP server...
✅ Providers initialized: torrentio, comet, zilean, mediafusion, debridsearch
[ NOTICE ] Server started on http://127.0.0.1:47253
2026-01-07 14:15:58.635 RedLemon[7198:71783] ✅ Loaded user: ursinho (ID: 656DAA91-33B4-4688-9135-C982EA52D7C9)
2026-01-07 14:16:00.429 RedLemon[7198:71783] ✅ RedLemon: Server marked as ready
2026-01-07 14:16:00.462 RedLemon[7198:71783] ✅ RedLemon: Server should be running on http://127.0.0.1:47253
2026-01-07 14:16:00.462 RedLemon[7198:71783] 🔍 Performing startup checks...
2026-01-07 14:16:00.462 RedLemon[7198:71783] ✅ Username-based authentication ready
2026-01-07 14:16:01.300 RedLemon[7198:71783] 🔍 Performing startup checks...
2026-01-07 14:16:01.300 RedLemon[7198:71783] ✅ Username-based authentication ready
2026-01-07 14:16:01.867 RedLemon[7198:71783] 🔄 Checking for app updates...
2026-01-07 14:16:06.908 RedLemon[7198:71783] 🖼️ Loading background art: https://images.metahub.space/background/medium/tt1104001/img
2026-01-07 14:16:06.909 RedLemon[7198:71783] ⏳ Background art loading...
2026-01-07 14:16:06.909 RedLemon[7198:71783] 🎨 Loading logo: https://images.metahub.space/logo/medium/tt1104001/img
2026-01-07 14:16:06.910 RedLemon[7198:71783] ⏳ Logo loading...
2026-01-07 14:16:06.944 RedLemon[7198:71783]    Quality: 1080p
2026-01-07 14:16:06.945 RedLemon[7198:71783]    Mode: watchParty
2026-01-07 14:16:06.945 RedLemon[7198:71783] 📡 Fetching metadata for tt1104001...
✅ HTTP server running on http://127.0.0.1:47253

🔗 Available endpoints:
   http://127.0.0.1:47253/health
   http://127.0.0.1:47253/status
   http://127.0.0.1:47253/api/health

✅ [EventsConfig] Fetched movie_events version 1485 with 412 movies
✅ [EventsConfig] Using cached movie_events config (version 1485, 412 movies)
✅ [EventsView] Loaded 412 movies from config version 1485
🗓 AppState: Updated schedule epoch to 2026-01-04 23:43:30 +0000
⏰ AppState: Next schedule update set for Event End: 2026-01-07 19:55:30 +0000
⏰ AppState: Scheduling update in 2372 seconds
🖼️ [CACHE] Cached image data for key: https://images.metahub.space/background/medium/tt1104001/img (1015623 bytes)
❌ Supabase error (404): {"code":"PGRST205","details":null,"hint":"Perhaps you meant the table 'public.users'","message":"Could not find the table 'public.user_blocks' in the schema cache"}
⚠️ Failed to load blocked users: httpError(404, "{\"code\":\"PGRST205\",\"details\":null,\"hint\":\"Perhaps you meant the table \'public.users\'\",\"message\":\"Could not find the table \'public.user_blocks\' in the schema cache\"}")
❌ Supabase error (404): {"code":"PGRST205","details":null,"hint":"Perhaps you meant the table 'public.users'","message":"Could not find the table 'public.user_blocks' in the schema cache"}
⚠️ Failed to load blocked users: httpError(404, "{\"code\":\"PGRST205\",\"details\":null,\"hint\":\"Perhaps you meant the table \'public.users\'\",\"message\":\"Could not find the table \'public.user_blocks\' in the schema cache\"}")
🔌 SocialService: Connecting to global presence...
🔌 Connecting to Supabase Realtime: wss://151.243.109.243.nip.io/realtime/v1/websocket
✅ Connected to Supabase Realtime
✅ SocialService: Presence connected
📡 Joined channel: realtime:global-presence
✅ SocialService: Connected to global presence
🔌 SocialService: Connecting to DM channel...
🔌 Connecting to Supabase Realtime: wss://151.243.109.243.nip.io/realtime/v1/websocket
✅ Connected to Supabase Realtime
✅ SocialService: DM channel connected
📨 Received: {"ref":"C480A23E-4626-4A22-B751-7DA8B0C845B4","event":"phx_reply","payload":{"status":"ok","response":{"postgres_changes":[]}},"topic":"realtime:global-presence"}
📨 Received: {"ref":null,"event":"presence_state","payload":{"402615ee-ebfd-11f0-823d-9ee62e3b7bba":{"metas":[{"phx_ref":"GIiI4iOFYgE6ApZh","phx_ref_prev":"GIiI3sCIjio6ApXB","last_seen":"2026-01-07T19:15:58.485Z","room_id":"event_tt1104001","started_at":"2026-01-07T19:15:43.933Z","status":"online","user_id":"96e01cdb-36c0-4228-a6e4-a29a3c66bc8e","username":"lemontom","watching_id":"tt1104001","watching_title":"Tron: Legacy","watching_type":"movie"}]}},"topic":"realtime:global-presence"}
📨 Received: {"ref":"1","event":"phx_reply","payload":{"status":"ok","response":{}},"topic":"realtime:global-presence"}
📈 SocialService: User 96e01cdb-36c0-4228-a6e4-a29a3c66bc8e came online
📨 Received: {"ref":null,"event":"presence_diff","payload":{"joins":{"4cfe77f2-ebfd-11f0-ae06-9ee62e3b7bba":{"metas":[{"phx_ref":"GIiI4nT1Z3o6Apdh","last_seen":"2026-01-07T19:15:59.735Z","status":"online","user_id":"656DAA91-33B4-4688-9135-C982EA52D7C9","username":"ursinho"}]}},"leaves":{}},"topic":"realtime:global-presence"}
📈 SocialService: User 656daa91-33b4-4688-9135-c982ea52d7c9 came online
📡 Joined channel: realtime:direct_messages
✅ SocialService: Connected to DM channel
📨 Received: {"ref":"32C54790-9B81-49F0-B610-0DFDA9266D5C","event":"phx_reply","payload":{"status":"ok","response":{"postgres_changes":[{"id":44215242,"event":"INSERT","filter":"receiver_id=eq.656daa91-33b4-4688-9135-c982ea52d7c9","schema":"public","table":"direct_messages"},{"id":13418599,"event":"INSERT","filter":"sender_id=eq.656daa91-33b4-4688-9135-c982ea52d7c9","schema":"public","table":"direct_messages"}]}},"topic":"realtime:direct_messages"}
📬 SocialService: Fetched 0 unread messages
🔄 SocialService: Syncing 32 items to cloud...
🔄 SocialService: Syncing 32 items to cloud (serial)...
📨 Received: {"ref":null,"event":"system","payload":{"message":"Subscribed to PostgreSQL","status":"ok","extension":"postgres_changes","channel":"direct_messages"},"topic":"realtime:direct_messages"}
📨 Received: {"ref":null,"event":"presence_state","payload":{},"topic":"realtime:direct_messages"}
💰 LicenseManager: Checking for background crypto payments...
💰 Check Payment Response: {"success":false,"message":"No new payments detected","debug":{"checked_count":1,"assets_found":[{"chain":"base","currency":"ETH","amount":66191878437,"amountFloat":6.6191878437e-8}],"prices":{"btc":90734,"eth":3134.965},"logs":[],"rpc_logs":["Scanning evm address: 0xde969b58087D2B2C4C79C2234dE8A9E2A503E1FD","eth eth_getBalance: undefined","opt eth_getBalance: undefined","poly eth_getBalance: undefined","base eth_getBalance: 0xf6957e925","arb eth_getBalance: 0x0"]}}
🚫 Subscription revoked or inactive.
💰 LicenseManager: Checking for background crypto payments...
💰 Check Payment Response: {"success":false,"message":"No new payments detected","debug":{"checked_count":1,"assets_found":[{"chain":"base","currency":"ETH","amount":66191878437,"amountFloat":6.6191878437e-8}],"prices":{"btc":90734,"eth":3134.965},"logs":[],"rpc_logs":["Scanning evm address: 0xde969b58087D2B2C4C79C2234dE8A9E2A503E1FD","eth eth_getBalance: undefined","opt eth_getBalance: undefined","poly eth_getBalance: undefined","base eth_getBalance: 0xf6957e925","arb eth_getBalance: 0x0"]}}
🚫 Subscription revoked or inactive.
🔍 Manual update check requested...
⏰ TimeService: Synchronizing clock with server...
✅ TimeService: Synced! Offset: 0.149s (RTT: 131ms)
   Local:  2026-01-07 19:16:01 +0000
   Server: 2026-01-07 19:16:02 +0000
⏰ Time synced with server! AppState should automatically recalculate.
[2026-01-07T19:16:06Z] [INFO] [EventsView.swift:253] 🎟️ Joining event: Tron: Legacy (Live: true)
   Event start time: 2026-01-07 17:39:30 +0000
   Event duration: 8160.0s
   Current time: 2026-01-07 19:16:06 +0000
   Is Live: true
   Is In Lobby: false
✅ Event room already exists: event_tt1104001

✅ [SYNC VERIFICATION] FOUND SERVER KEY 🔑
   UnlockedURL: https://chi3-4.downl...
   Hash: 38d7c6358c1bfb522b1c78125c5cf84931f79764
   Quality: nil
   FileIdx: -1
   🔗 Locking to server-provided stream hash: 38d7c6358c1bfb522b1c78125c5cf84931f79764

🎬 Live event - calculating position: 5796.96290242672 seconds
   Event start time: 2026-01-07 17:39:30 +0000
   Current time: 2026-01-07 19:16:06 +0000
   Room createdAt: 2026-01-07 17:39:30 +0000
   Room state: playing
   Setting resumeFromTimestamp to: 5796.96290242672
🎬 Live event - starting playback immediately (no lobby)
🎬 PlayerVM: Starting playback for: Tron: Legacy
[ INFO ] GET /api/metadata/meta/movie/tt1104001 [request-id: 1266208E-A201-49A1-974A-6F1310F5DCBF]
2026-01-07 14:16:07.000 RedLemon[7198:71783] ✅ Logo loaded successfully
2026-01-07 14:16:07.017 RedLemon[7198:71783] ✅ Background art loaded successfully
2026-01-07 14:16:07.141 RedLemon[7198:71868] 📦 Decoded CinemetaMeta - videos count: 0
2026-01-07 14:16:07.172 RedLemon[7198:71783] 🎬 GUEST: Using host's stream selection (skipping resolution)
2026-01-07 14:16:07.172 RedLemon[7198:71783] ⚠️ GUEST: Detected quality from filename: 1080p
💾 Cache SET: Metadata[meta_movie_tt1104001]


✅ [SYNC VERIFICATION] LOCKING TO SHARED STREAM (SYSTEM/HOST) 🔒
[ INFO ] GET /subtitles/search [request-id: E1ED9D6E-20D8-4EED-8F5F-95F4FC010CD1]
2026-01-07 14:16:07.428 RedLemon[7198:71783] ✅ GUEST: Found 10 subtitles
2026-01-07 14:16:07.452 RedLemon[7198:71783] 🎬🎬🎬 MPVPlayerView INIT called - streamURL: https://chi3-4.download.real-debrid.com/d/THWH32FUYGOUG22/TR, subtitles: 10
2026-01-07 14:16:07.510 RedLemon[7198:71783] ✅ Stream ready, starting playback...
2026-01-07 14:16:07.511 RedLemon[7198:71783] 🖥️ WindowManager: enterFullscreen() called
2026-01-07 14:16:07.511 RedLemon[7198:71783]    Window: <SwiftUI.SwiftUIWindow: 0x7fc38aa07630>
2026-01-07 14:16:07.511 RedLemon[7198:71783]    Is fullscreen: 0
2026-01-07 14:16:07.511 RedLemon[7198:71783]    ✅ WindowManager: Toggling fullscreen ON
2026-01-07 14:16:07.574 RedLemon[7198:71783] 🖼️ Setting up MPV with native macOS video output...
2026-01-07 14:16:07.580 RedLemon[7198:71783] ✅ MPV initialized with native GPU rendering
2026-01-07 14:16:07.602 RedLemon[7198:71783] 🎬🎬🎬 MPVPlayerView .task starting
2026-01-07 14:16:07.603 RedLemon[7198:71783] 🎉 Starting watch party sync - Room: event_tt1104001, Host: NO
2026-01-07 14:16:07.607 RedLemon[7198:71783] 🎉 Watch Party Mode ENABLED. isInWatchParty = YES
2026-01-07 14:16:07.680 RedLemon[7198:71783] 🔄 Starting chat polling for room: event_tt1104001
2026-01-07 14:16:07.680 RedLemon[7198:71783] 💓 Started playback heartbeat loop
2026-01-07 14:16:07.680 RedLemon[7198:71783] ✅ Watch party sync started successfully - isInWatchParty is now TRUE
2026-01-07 14:16:07.680 RedLemon[7198:71783] 🎬🎬🎬 About to call loadStream - isInWatchParty: YES
2026-01-07 14:16:07.680 RedLemon[7198:71783] 🎬🎬🎬 Subtitles: 10
2026-01-07 14:16:07.681 RedLemon[7198:71783] 🎬🎬🎬 LOADSTREAM CALLED - streamTitle: Tron: Legacy
2026-01-07 14:16:07.681 RedLemon[7198:71783] 🎬🎬🎬 streamURL: https://chi3-4.download.real-debrid.com/d/THWH32FUYGOUG22/TR
2026-01-07 14:16:07.682 RedLemon[7198:71783] 🎬🎬🎬 subtitles: 10
2026-01-07 14:16:07.683 RedLemon[7198:71783] 🎬🎬🎬 MPVPlayerView .task completed
2026-01-07 14:16:07.692 RedLemon[7198:71881] ℹ️ SubDL subtitles detected - downloading to local files in background...
2026-01-07 14:16:07.693 RedLemon[7198:71900] 🎬 MPV: Current video filename set to: 
2026-01-07 14:16:07.693 RedLemon[7198:71881] 🔍 SubtitleService: Downloading http://127.0.0.1:47253/subtitles/subdl/L3N1YnRpdGxlLzMxNDkwMTAtMzE2MzM2MC56aXA=?token=274BCBC0-220B-4E82-9BAE-A21875FE3D0E
2026-01-07 14:16:07.693 RedLemon[7198:71900] 🎬 MPV loadVideo called with URL: https://chi3-4.download.real-debrid.com/d/THWH32FU (Encoded: https://chi3-4.download.real-debrid.com/d/THWH32FU), autoplay: false, expectedSubs: 3
2026-01-07 14:16:07.693 RedLemon[7198:71900] 🎬 MPV executing: loadfile "https://chi3-4.download.real-debrid.com/d/THWH32FUYGOUG22/TRON.Legacy.2010.1080p.BluRay.x264.AAC5.1-%5BYTS.MX%5D.mp4"
2026-01-07 14:16:07.694 RedLemon[7198:71900] ✅ MPV loadfile succeeded (Started Paused, waiting for Smart Load)
✅ SubDLClient initialized
🔍 Searching SubDL: tt1104001 (movie)
   ℹ️ Fallback Name: Tron: Legacy (2010)
✅ Found 10 subtitles from SubDL (Primary)
🎬 RedLemon: Creating MPVPlayerView
   Stream URL: https://chi3-4.download.real-debrid.com/d/THWH32FUYGOUG22/TR
   Display Title: Tron: Legacy
   Subtitle URLs: 10
      [0] Tron.Legacy.2010.REPACK.BluRay.1080p.DTS-HD.MA.7.1.AVC.REMUX-FraMeSToR
      [1] Tron.Legacy.2010.REPACK.BluRay.1080p.DTS-HD.MA.7.1.AVC.REMUX-FraMeSToR
      [2] Tron.Legacy.2010.REPACK.BluRay.1080p.DTS-HD.MA.7.1.AVC.REMUX-FraMeSToR
      [3] TRON.Legacy.2010.UHD.BluRay.2160p.TrueHD.Atmos.7.1.DV.HEVC.REMUX-FraMeSToR.en-US
      [4] TRON.Legacy.2010.UHD.BluRay.2160p.TrueHD.Atmos.7.1.DV.HEVC.REMUX-FraMeSToR.en-UK
      [5] TRON.Legacy.2010.UHD.BluRay.2160p.TrueHD.Atmos.7.1.DV.HEVC.REMUX-FraMeSToR.sdh.en-US
      [6] Tron.Legacy.2010.2160p.4K.BluRay.x265.10bit.AAC5.1-[YTS.MX].en
      [7] Tron.Legacy.2010.OPEN.MATTE.1080p.WEB-DL
      [8] Tron.Legacy.2010.OPEN.MATTE.1080p.WEB-DL
      [9] Tron.Legacy.2010.WEB-DL.DSNP
🎬 MPVWrapper: Creating embedded MPV with render context...
✅ MPV handle created
🎬 MPVLayerHostView initialized
🎬 Event playback detected - starting auto-exit monitor
🧠 StreamService: Marked hash 38d7c635 as attempted for tt1104001
🎬 Created CGL pixel format (Core Profile 3.2)
🎬 Created CGL context with vsync enabled
🎬 MPVViewLayer initialized with async rendering
🎬 Video layer assigned to host view
🎬 Creating MPV render context with OpenGL (IINA method)...
🎬 MPV: Frame ready! Calling layer.update() (throttled)
✅ Render context created successfully (IINA method)
🎬 Layer.update() called - forceDraw:false needsFlip:true (throttled)
🎬 CVDisplayLink started
🎉 Starting watch party: roomId=event_tt1104001, isHost=false
🎬 DisplayLink: reportSwap() (throttled)
🔌 Setting up Realtime channel: watch-party:event_tt1104001
   Role: Guest
   User ID: 656DAA91-33B4-4688-9135-C982EA52D7C9
📡 Connection state: connecting
📡 Joined channel: realtime:watch-party:event_tt1104001
📡 Connection state: connected
✅ Realtime channel setup complete
✅ Watch party sync initialized with Realtime
🎬 Loading stream: Tron: Legacy
   IMDB: tt1104001
   URL: https://chi3-4.download.real-debrid.com/d/THWH32FUYGOUG22/TR...
   Hash: 38d7c635...
   Source: BluRay
💬 Added mock chat messages for testing
🎉 EVENT MODE: Loading PAUSED to seek first (preventing flash)
⏯️ MPV: Pause state changed to false -> isPlaying = true
⚡️ PlaybackService: creating sleep assertion (preventing idle sleep)
📡 Fetching metadata for tt1104001 as movie...
📝 Pre-loading external subtitles (Top 3)...
✅ Cache HIT: Metadata[meta_movie_tt1104001]
⚡️ PlaybackService: releasing sleep assertion
[ INFO ] GET /subtitles/subdl/L3N1YnRpdGxlLzMxNDkwMTAtMzE2MzM2MC56aXA= [request-id: C96E41CD-045A-4144-B541-ECEE98F7732A]
2026-01-07 14:16:07.838 RedLemon[7198:71783] 💓 Playback heartbeat sent for room: event_tt1104001
📄 Subtitle request: L3N1YnRpdGxlLzMxNDkw... (offset: 0ms)
📥 Downloading subtitle from SubDL CDN: /subtitle/3149010-3163360.zip
👁️ ChatOverlayView appeared - UI UPDATE ROUND 6
⌨️ ChatOverlayView: Triggering input focus (showChat=true)
📨 Received: {"ref":"A8E9483F-8146-4B36-9790-456481806D99","event":"phx_reply","payload":{"status":"ok","response":{"postgres_changes":[]}},"topic":"realtime:watch-party:event_tt1104001"}
📨 Received: {"ref":null,"event":"presence_state","payload":{"4380d9f4-ebfd-11f0-8364-9ee62e3b7bba":{"metas":[{"phx_ref":"GIiI3sAa2Ts6ApWh","is_host":false,"joined_at":1767813343.9264011,"user_id":"96E01CDB-36C0-4228-A6E4-A29A3C66BC8E","username":"lemontom"}]}},"topic":"realtime:watch-party:event_tt1104001"}
📨 Received: {"ref":"1","event":"phx_reply","payload":{"status":"ok","response":{}},"topic":"realtime:watch-party:event_tt1104001"}
📨 Received: {"ref":null,"event":"presence_diff","payload":{"joins":{"51ba692c-ebfd-11f0-8819-9ee62e3b7bba":{"metas":[{"phx_ref":"GIiI5E5iNuc6AobC","is_host":false,"joined_at":1767813367.6757889,"user_id":"656DAA91-33B4-4688-9135-C982EA52D7C9","username":"ursinho"}]}},"leaves":{}},"topic":"realtime:watch-party:event_tt1104001"}
📨 Received: {"ref":"2","event":"phx_reply","payload":{"status":"ok","response":{}},"topic":"realtime:global-presence"}
📨 Received: {"ref":null,"event":"presence_diff","payload":{"joins":{"4cfe77f2-ebfd-11f0-ae06-9ee62e3b7bba":{"metas":[{"phx_ref":"GIiI5E8Euho6Aobi","phx_ref_prev":"GIiI4nT1Z3o6Apdh","last_seen":"2026-01-07T19:16:07.692Z","room_id":"event_tt1104001","started_at":"2026-01-07T19:16:07.692Z","status":"online","user_id":"656daa91-33b4-4688-9135-c982ea52d7c9","username":"ursinho","watching_id":"tt1104001","watching_title":"Tron: Legacy","watching_type":"movie"}]}},"leaves":{"4cfe77f2-ebfd-11f0-ae06-9ee62e3b7bba":{"metas":[{"phx_ref":"GIiI4nT1Z3o6Apdh","last_seen":"2026-01-07T19:15:59.735Z","status":"online","user_id":"656DAA91-33B4-4688-9135-C982EA52D7C9","username":"ursinho"}]}}},"topic":"realtime:global-presence"}
✅ Got background: https://images.metahub.space/background/medium/tt1104001/img...
✅ Got poster URL: https://images.metahub.space/poster/small/tt1104001/img...
✅ Got logo: https://images.metahub.space/logo/medium/tt1104001/img...
📡 SocialService: Updated status - online: Tron: Legacy
➕ Added new participant 96e01cdb-36c0-4228-a6e4-a29a3c66bc8e (Ref: GIiI3sAa2Ts6ApWh)
⚠️ Self (656daa91-33b4-4688-9135-c982ea52d7c9) was missing from list - restoring.
🔄 Updated existing participant 656daa91-33b4-4688-9135-c982ea52d7c9 with Ref: GIiI5E5iNuc6AobC
⏰ AppState: Next schedule update set for Event End: 2026-01-07 19:55:30 +0000
⏰ AppState: Scheduling update in 2362 seconds
[ WARNING ] Abort.503: SubDL download failed [request-id: C96E41CD-045A-4144-B541-ECEE98F7732A]
2026-01-07 14:16:07.913 RedLemon[7198:71868] ✅ Subtitle 1 downloaded to: /var/folders/3v/s3d75ntd4v90_pg0mb6rmlz40000gn/T/sub_CA82C546-F7B1-4AF3-B841-2E8EE1992178.vtt
2026-01-07 14:16:07.913 RedLemon[7198:71868] 📝 Loading subtitle from: /var/folders/3v/s3d75ntd4v90_pg0mb6rmlz40000gn/T/sub_CA82C546-F7B1-4AF3-B841-2E8
2026-01-07 14:16:07.943 RedLemon[7198:71868] ✅ External subtitle added to track list (not auto-selected)
2026-01-07 14:16:07.943 RedLemon[7198:71868] 🔍 SubtitleService: Downloading http://127.0.0.1:47253/subtitles/subdl/L3N1YnRpdGxlLzMxNDkwMDktMzE2MzM2MS56aXA=?token=274BCBC0-220B-4E82-9BAE-A21875FE3D0E
[ INFO ] GET /subtitles/subdl/L3N1YnRpdGxlLzMxNDkwMDktMzE2MzM2MS56aXA= [request-id: 6EDD7EF7-F1FB-4D6B-B5C1-36FC3B000CD4]
📄 Subtitle request: L3N1YnRpdGxlLzMxNDkw... (offset: 0ms)
📥 Downloading subtitle from SubDL CDN: /subtitle/3149009-3163361.zip
⏳ EVENT: Waiting for duration to start playback...
⏳ MPVPlayerViewModel: Enhancing UI - Buffering started (show spinner)
[ WARNING ] Abort.503: SubDL download failed [request-id: 6EDD7EF7-F1FB-4D6B-B5C1-36FC3B000CD4]
2026-01-07 14:16:08.484 RedLemon[7198:72019] ✅ Subtitle 2 downloaded to: /var/folders/3v/s3d75ntd4v90_pg0mb6rmlz40000gn/T/sub_06266796-90FE-4A7F-AC44-F4683EABD254.vtt
2026-01-07 14:16:08.484 RedLemon[7198:72019] 📝 Loading subtitle from: /var/folders/3v/s3d75ntd4v90_pg0mb6rmlz40000gn/T/sub_06266796-90FE-4A7F-AC44-F46
2026-01-07 14:16:08.490 RedLemon[7198:72019] ✅ External subtitle added to track list (not auto-selected)
2026-01-07 14:16:08.490 RedLemon[7198:72019] 🔍 SubtitleService: Downloading http://127.0.0.1:47253/subtitles/subdl/L3N1YnRpdGxlLzMxNDkwMDgtMzE2MzM2Mi56aXA=?token=274BCBC0-220B-4E82-9BAE-A21875FE3D0E
[ INFO ] GET /subtitles/subdl/L3N1YnRpdGxlLzMxNDkwMDgtMzE2MzM2Mi56aXA= [request-id: 9D0072E3-B200-4542-BBCB-4BD48107EEEE]
📄 Subtitle request: L3N1YnRpdGxlLzMxNDkw... (offset: 0ms)
📥 Downloading subtitle from SubDL CDN: /subtitle/3149008-3163362.zip
🎬 DisplayLink: reportSwap() (throttled)
[ WARNING ] Abort.503: SubDL download failed [request-id: 9D0072E3-B200-4542-BBCB-4BD48107EEEE]
2026-01-07 14:16:08.732 RedLemon[7198:71868] ✅ Subtitle 3 downloaded to: /var/folders/3v/s3d75ntd4v90_pg0mb6rmlz40000gn/T/sub_E03CAAF6-8E6E-49D2-B5EB-518483CBCF6E.vtt
2026-01-07 14:16:08.732 RedLemon[7198:71868] 📝 Loading subtitle from: /var/folders/3v/s3d75ntd4v90_pg0mb6rmlz40000gn/T/sub_E03CAAF6-8E6E-49D2-B5EB-518
2026-01-07 14:16:08.736 RedLemon[7198:71868] ✅ External subtitle added to track list (not auto-selected)
2026-01-07 14:16:08.736 RedLemon[7198:71868] 🔍 MPV track-list/count: 3
2026-01-07 14:16:08.737 RedLemon[7198:71868] 🔍 Track 0 type: sub
2026-01-07 14:16:08.737 RedLemon[7198:71868] ✅ Found subtitle track: ID=1, lang=en, title=Tron.Legacy.2010.REPACK.BluRay.1080p.DTS-HD.MA.7.1.AVC.REMUX-FraMeSToR, external=1
2026-01-07 14:16:08.737 RedLemon[7198:71868] 🔍 Track 1 type: sub
2026-01-07 14:16:08.738 RedLemon[7198:71868] ✅ Found subtitle track: ID=2, lang=en, title=Tron.Legacy.2010.REPACK.BluRay.1080p.DTS-HD.MA.7.1.AVC.REMUX-FraMeSToR, external=1
2026-01-07 14:16:08.738 RedLemon[7198:71868] 🔍 Track 2 type: sub
2026-01-07 14:16:08.738 RedLemon[7198:71868] ✅ Found subtitle track: ID=3, lang=en, title=Tron.Legacy.2010.REPACK.BluRay.1080p.DTS-HD.MA.7.1.AVC.REMUX-FraMeSToR, external=1
2026-01-07 14:16:08.738 RedLemon[7198:71868] 📊 Total subtitle tracks found: 4 (including Off if needed)
2026-01-07 14:16:08.738 RedLemon[7198:71868]    Start[0]: ID=0, Title='Off', Lang='nil', Ext=0
2026-01-07 14:16:08.738 RedLemon[7198:71868]    Start[1]: ID=1, Title='Tron.Legacy.2010.REPACK.BluRay.1080p.DTS-HD.MA.7.1.AVC.REMUX-FraMeSToR', Lang='en', Ext=1
2026-01-07 14:16:08.739 RedLemon[7198:71868]    Start[2]: ID=2, Title='Tron.Legacy.2010.REPACK.BluRay.1080p.DTS-HD.MA.7.1.AVC.REMUX-FraMeSToR', Lang='en', Ext=1
2026-01-07 14:16:08.739 RedLemon[7198:71868]    Start[3]: ID=3, Title='Tron.Legacy.2010.REPACK.BluRay.1080p.DTS-HD.MA.7.1.AVC.REMUX-FraMeSToR', Lang='en', Ext=1
2026-01-07 14:16:08.739 RedLemon[7198:71868] ✅ SubtitleService: Scanned 4 tracks (Attempt 1/5)
2026-01-07 14:16:08.739 RedLemon[7198:71868]    Track: ID=0, Title=Off, External=0
2026-01-07 14:16:08.740 RedLemon[7198:71868]    Track: ID=1, Title=Tron.Legacy.2010.REPACK.BluRay.1080p.DTS-HD.MA.7.1.AVC.REMUX-FraMeSToR, External=1
2026-01-07 14:16:08.740 RedLemon[7198:71868]    Track: ID=2, Title=Tron.Legacy.2010.REPACK.BluRay.1080p.DTS-HD.MA.7.1.AVC.REMUX-FraMeSToR, External=1
2026-01-07 14:16:08.741 RedLemon[7198:71868]    Track: ID=3, Title=Tron.Legacy.2010.REPACK.BluRay.1080p.DTS-HD.MA.7.1.AVC.REMUX-FraMeSToR, External=1
2026-01-07 14:16:09.240 RedLemon[7198:71783] ⏩ Watch Party: Room already playing, skipping Ready Gate (Late Join)
2026-01-07 14:16:09.511 RedLemon[7198:71881] 🔍 MPV track-list/count: 5
2026-01-07 14:16:09.576 RedLemon[7198:71881] 🔍 Track 0 type: sub
2026-01-07 14:16:09.577 RedLemon[7198:71881] ✅ Found subtitle track: ID=1, lang=en, title=Tron.Legacy.2010.REPACK.BluRay.1080p.DTS-HD.MA.7.1.AVC.REMUX-FraMeSToR, external=1
2026-01-07 14:16:09.577 RedLemon[7198:71881] 🔍 Track 1 type: sub
2026-01-07 14:16:09.577 RedLemon[7198:71881] ✅ Found subtitle track: ID=2, lang=en, title=Tron.Legacy.2010.REPACK.BluRay.1080p.DTS-HD.MA.7.1.AVC.REMUX-FraMeSToR, external=1
2026-01-07 14:16:09.578 RedLemon[7198:71881] 🔍 Track 2 type: sub
2026-01-07 14:16:09.578 RedLemon[7198:71881] ✅ Found subtitle track: ID=3, lang=en, title=Tron.Legacy.2010.REPACK.BluRay.1080p.DTS-HD.MA.7.1.AVC.REMUX-FraMeSToR, external=1
2026-01-07 14:16:09.578 RedLemon[7198:71881] 🔍 Track 3 type: video
2026-01-07 14:16:09.578 RedLemon[7198:71881] 🔍 Track 4 type: audio
2026-01-07 14:16:09.578 RedLemon[7198:71881] 📊 Total subtitle tracks found: 4 (including Off if needed)
2026-01-07 14:16:09.578 RedLemon[7198:71881]    Start[0]: ID=0, Title='Off', Lang='nil', Ext=0
2026-01-07 14:16:09.578 RedLemon[7198:71881]    Start[1]: ID=1, Title='Tron.Legacy.2010.REPACK.BluRay.1080p.DTS-HD.MA.7.1.AVC.REMUX-FraMeSToR', Lang='en', Ext=1
2026-01-07 14:16:09.578 RedLemon[7198:71881]    Start[2]: ID=2, Title='Tron.Legacy.2010.REPACK.BluRay.1080p.DTS-HD.MA.7.1.AVC.REMUX-FraMeSToR', Lang='en', Ext=1
2026-01-07 14:16:09.578 RedLemon[7198:71881]    Start[3]: ID=3, Title='Tron.Legacy.2010.REPACK.BluRay.1080p.DTS-HD.MA.7.1.AVC.REMUX-FraMeSToR', Lang='en', Ext=1
2026-01-07 14:16:09.578 RedLemon[7198:71881] ✅ SubtitleService: Scanned 4 tracks (Attempt 1/5)
2026-01-07 14:16:09.579 RedLemon[7198:71881]    Track: ID=0, Title=Off, External=0
2026-01-07 14:16:09.579 RedLemon[7198:71881]    Track: ID=1, Title=Tron.Legacy.2010.REPACK.BluRay.1080p.DTS-HD.MA.7.1.AVC.REMUX-FraMeSToR, External=1
2026-01-07 14:16:09.579 RedLemon[7198:71881]    Track: ID=2, Title=Tron.Legacy.2010.REPACK.BluRay.1080p.DTS-HD.MA.7.1.AVC.REMUX-FraMeSToR, External=1
2026-01-07 14:16:09.580 RedLemon[7198:71881]    Track: ID=3, Title=Tron.Legacy.2010.REPACK.BluRay.1080p.DTS-HD.MA.7.1.AVC.REMUX-FraMeSToR, External=1
2026-01-07 14:16:09.741 RedLemon[7198:72020] 🔍 MPV track-list/count: 5
2026-01-07 14:16:09.741 RedLemon[7198:72020] 🔍 Track 0 type: sub
2026-01-07 14:16:09.741 RedLemon[7198:72020] ✅ Found subtitle track: ID=1, lang=en, title=Tron.Legacy.2010.REPACK.BluRay.1080p.DTS-HD.MA.7.1.AVC.REMUX-FraMeSToR, external=1
2026-01-07 14:16:09.742 RedLemon[7198:72020] 🔍 Track 1 type: sub
2026-01-07 14:16:09.742 RedLemon[7198:72020] ✅ Found subtitle track: ID=2, lang=en, title=Tron.Legacy.2010.REPACK.BluRay.1080p.DTS-HD.MA.7.1.AVC.REMUX-FraMeSToR, external=1
2026-01-07 14:16:09.742 RedLemon[7198:72020] 🔍 Track 2 type: sub
2026-01-07 14:16:09.742 RedLemon[7198:72020] ✅ Found subtitle track: ID=3, lang=en, title=Tron.Legacy.2010.REPACK.BluRay.1080p.DTS-HD.MA.7.1.AVC.REMUX-FraMeSToR, external=1
2026-01-07 14:16:09.742 RedLemon[7198:72020] 🔍 Track 3 type: video
2026-01-07 14:16:09.743 RedLemon[7198:72020] 🔍 Track 4 type: audio
2026-01-07 14:16:09.743 RedLemon[7198:72020] 📊 Total subtitle tracks found: 4 (including Off if needed)
2026-01-07 14:16:09.743 RedLemon[7198:72020]    Start[0]: ID=0, Title='Off', Lang='nil', Ext=0
2026-01-07 14:16:09.743 RedLemon[7198:72020]    Start[1]: ID=1, Title='Tron.Legacy.2010.REPACK.BluRay.1080p.DTS-HD.MA.7.1.AVC.REMUX-FraMeSToR', Lang='en', Ext=1
2026-01-07 14:16:09.743 RedLemon[7198:72020]    Start[2]: ID=2, Title='Tron.Legacy.2010.REPACK.BluRay.1080p.DTS-HD.MA.7.1.AVC.REMUX-FraMeSToR', Lang='en', Ext=1
2026-01-07 14:16:09.743 RedLemon[7198:72020]    Start[3]: ID=3, Title='Tron.Legacy.2010.REPACK.BluRay.1080p.DTS-HD.MA.7.1.AVC.REMUX-FraMeSToR', Lang='en', Ext=1
2026-01-07 14:16:09.744 RedLemon[7198:72020] ✅ SubtitleService: Scanned 4 tracks (Attempt 2/5)
2026-01-07 14:16:09.744 RedLemon[7198:72020]    Track: ID=0, Title=Off, External=0
2026-01-07 14:16:09.744 RedLemon[7198:72020]    Track: ID=1, Title=Tron.Legacy.2010.REPACK.BluRay.1080p.DTS-HD.MA.7.1.AVC.REMUX-FraMeSToR, External=1
2026-01-07 14:16:09.745 RedLemon[7198:72020]    Track: ID=2, Title=Tron.Legacy.2010.REPACK.BluRay.1080p.DTS-HD.MA.7.1.AVC.REMUX-FraMeSToR, External=1
2026-01-07 14:16:09.745 RedLemon[7198:72020]    Track: ID=3, Title=Tron.Legacy.2010.REPACK.BluRay.1080p.DTS-HD.MA.7.1.AVC.REMUX-FraMeSToR, External=1
2026-01-07 14:16:10.623 RedLemon[7198:71881] 🔍 MPV track-list/count: 5
2026-01-07 14:16:10.628 RedLemon[7198:71881] 🔍 Track 0 type: sub
2026-01-07 14:16:10.628 RedLemon[7198:71881] ✅ Found subtitle track: ID=1, lang=en, title=Tron.Legacy.2010.REPACK.BluRay.1080p.DTS-HD.MA.7.1.AVC.REMUX-FraMeSToR, external=1
2026-01-07 14:16:10.628 RedLemon[7198:71881] 🔍 Track 1 type: sub
2026-01-07 14:16:10.629 RedLemon[7198:71881] ✅ Found subtitle track: ID=2, lang=en, title=Tron.Legacy.2010.REPACK.BluRay.1080p.DTS-HD.MA.7.1.AVC.REMUX-FraMeSToR, external=1
2026-01-07 14:16:10.629 RedLemon[7198:71881] 🔍 Track 2 type: sub
2026-01-07 14:16:10.632 RedLemon[7198:71881] ✅ Found subtitle track: ID=3, lang=en, title=Tron.Legacy.2010.REPACK.BluRay.1080p.DTS-HD.MA.7.1.AVC.REMUX-FraMeSToR, external=1
2026-01-07 14:16:10.632 RedLemon[7198:71881] 🔍 Track 3 type: video
2026-01-07 14:16:10.632 RedLemon[7198:71881] 🔍 Track 4 type: audio
2026-01-07 14:16:10.632 RedLemon[7198:71881] 📊 Total subtitle tracks found: 4 (including Off if needed)
2026-01-07 14:16:10.632 RedLemon[7198:71881]    Start[0]: ID=0, Title='Off', Lang='nil', Ext=0
2026-01-07 14:16:10.632 RedLemon[7198:71881]    Start[1]: ID=1, Title='Tron.Legacy.2010.REPACK.BluRay.1080p.DTS-HD.MA.7.1.AVC.REMUX-FraMeSToR', Lang='en', Ext=1
2026-01-07 14:16:10.633 RedLemon[7198:71881]    Start[2]: ID=2, Title='Tron.Legacy.2010.REPACK.BluRay.1080p.DTS-HD.MA.7.1.AVC.REMUX-FraMeSToR', Lang='en', Ext=1
2026-01-07 14:16:10.633 RedLemon[7198:71881]    Start[3]: ID=3, Title='Tron.Legacy.2010.REPACK.BluRay.1080p.DTS-HD.MA.7.1.AVC.REMUX-FraMeSToR', Lang='en', Ext=1
2026-01-07 14:16:10.644 RedLemon[7198:71881] ✅ SubtitleService: Scanned 4 tracks (Attempt 2/5)
2026-01-07 14:16:10.645 RedLemon[7198:71881]    Track: ID=0, Title=Off, External=0
2026-01-07 14:16:10.645 RedLemon[7198:71881]    Track: ID=1, Title=Tron.Legacy.2010.REPACK.BluRay.1080p.DTS-HD.MA.7.1.AVC.REMUX-FraMeSToR, External=1
2026-01-07 14:16:10.645 RedLemon[7198:71881]    Track: ID=2, Title=Tron.Legacy.2010.REPACK.BluRay.1080p.DTS-HD.MA.7.1.AVC.REMUX-FraMeSToR, External=1
2026-01-07 14:16:10.645 RedLemon[7198:71881]    Track: ID=3, Title=Tron.Legacy.2010.REPACK.BluRay.1080p.DTS-HD.MA.7.1.AVC.REMUX-FraMeSToR, External=1
2026-01-07 14:16:10.755 RedLemon[7198:71868] 🔍 MPV track-list/count: 5
2026-01-07 14:16:10.756 RedLemon[7198:71868] 🔍 Track 0 type: sub
2026-01-07 14:16:10.813 RedLemon[7198:71868] ✅ Found subtitle track: ID=1, lang=en, title=Tron.Legacy.2010.REPACK.BluRay.1080p.DTS-HD.MA.7.1.AVC.REMUX-FraMeSToR, external=1
2026-01-07 14:16:10.927 RedLemon[7198:71868] 🔍 Track 1 type: sub
2026-01-07 14:16:10.927 RedLemon[7198:71868] ✅ Found subtitle track: ID=2, lang=en, title=Tron.Legacy.2010.REPACK.BluRay.1080p.DTS-HD.MA.7.1.AVC.REMUX-FraMeSToR, external=1
2026-01-07 14:16:10.933 RedLemon[7198:71868] 🔍 Track 2 type: sub
2026-01-07 14:16:10.944 RedLemon[7198:71868] ✅ Found subtitle track: ID=3, lang=en, title=Tron.Legacy.2010.REPACK.BluRay.1080p.DTS-HD.MA.7.1.AVC.REMUX-FraMeSToR, external=1
2026-01-07 14:16:10.944 RedLemon[7198:71868] 🔍 Track 3 type: video
2026-01-07 14:16:10.944 RedLemon[7198:71868] 🔍 Track 4 type: audio
2026-01-07 14:16:10.944 RedLemon[7198:71868] 📊 Total subtitle tracks found: 4 (including Off if needed)
2026-01-07 14:16:10.944 RedLemon[7198:71868]    Start[0]: ID=0, Title='Off', Lang='nil', Ext=0
2026-01-07 14:16:10.945 RedLemon[7198:71868]    Start[1]: ID=1, Title='Tron.Legacy.2010.REPACK.BluRay.1080p.DTS-HD.MA.7.1.AVC.REMUX-FraMeSToR', Lang='en', Ext=1
2026-01-07 14:16:10.945 RedLemon[7198:71868]    Start[2]: ID=2, Title='Tron.Legacy.2010.REPACK.BluRay.1080p.DTS-HD.MA.7.1.AVC.REMUX-FraMeSToR', Lang='en', Ext=1
2026-01-07 14:16:10.945 RedLemon[7198:71868]    Start[3]: ID=3, Title='Tron.Legacy.2010.REPACK.BluRay.1080p.DTS-HD.MA.7.1.AVC.REMUX-FraMeSToR', Lang='en', Ext=1
2026-01-07 14:16:10.945 RedLemon[7198:71868] ✅ SubtitleService: Scanned 4 tracks (Attempt 3/5)
2026-01-07 14:16:10.945 RedLemon[7198:71868]    Track: ID=0, Title=Off, External=0
2026-01-07 14:16:10.945 RedLemon[7198:71868]    Track: ID=1, Title=Tron.Legacy.2010.REPACK.BluRay.1080p.DTS-HD.MA.7.1.AVC.REMUX-FraMeSToR, External=1
2026-01-07 14:16:10.946 RedLemon[7198:71868]    Track: ID=2, Title=Tron.Legacy.2010.REPACK.BluRay.1080p.DTS-HD.MA.7.1.AVC.REMUX-FraMeSToR, External=1
2026-01-07 14:16:10.946 RedLemon[7198:71868]    Track: ID=3, Title=Tron.Legacy.2010.REPACK.BluRay.1080p.DTS-HD.MA.7.1.AVC.REMUX-FraMeSToR, External=1
2026-01-07 14:16:11.722 RedLemon[7198:71881] 🔍 MPV track-list/count: 5
2026-01-07 14:16:11.722 RedLemon[7198:71881] 🔍 Track 0 type: sub
2026-01-07 14:16:11.723 RedLemon[7198:71881] ✅ Found subtitle track: ID=1, lang=en, title=Tron.Legacy.2010.REPACK.BluRay.1080p.DTS-HD.MA.7.1.AVC.REMUX-FraMeSToR, external=1
2026-01-07 14:16:11.723 RedLemon[7198:71881] 🔍 Track 1 type: sub
2026-01-07 14:16:11.723 RedLemon[7198:71881] ✅ Found subtitle track: ID=2, lang=en, title=Tron.Legacy.2010.REPACK.BluRay.1080p.DTS-HD.MA.7.1.AVC.REMUX-FraMeSToR, external=1
2026-01-07 14:16:11.723 RedLemon[7198:71881] 🔍 Track 2 type: sub
2026-01-07 14:16:11.723 RedLemon[7198:71881] ✅ Found subtitle track: ID=3, lang=en, title=Tron.Legacy.2010.REPACK.BluRay.1080p.DTS-HD.MA.7.1.AVC.REMUX-FraMeSToR, external=1
2026-01-07 14:16:11.723 RedLemon[7198:71881] 🔍 Track 3 type: video
2026-01-07 14:16:11.723 RedLemon[7198:71881] 🔍 Track 4 type: audio
2026-01-07 14:16:11.724 RedLemon[7198:71881] 📊 Total subtitle tracks found: 4 (including Off if needed)
2026-01-07 14:16:11.724 RedLemon[7198:71881]    Start[0]: ID=0, Title='Off', Lang='nil', Ext=0
2026-01-07 14:16:11.724 RedLemon[7198:71881]    Start[1]: ID=1, Title='Tron.Legacy.2010.REPACK.BluRay.1080p.DTS-HD.MA.7.1.AVC.REMUX-FraMeSToR', Lang='en', Ext=1
2026-01-07 14:16:11.724 RedLemon[7198:71881]    Start[2]: ID=2, Title='Tron.Legacy.2010.REPACK.BluRay.1080p.DTS-HD.MA.7.1.AVC.REMUX-FraMeSToR', Lang='en', Ext=1
2026-01-07 14:16:11.724 RedLemon[7198:71881]    Start[3]: ID=3, Title='Tron.Legacy.2010.REPACK.BluRay.1080p.DTS-HD.MA.7.1.AVC.REMUX-FraMeSToR', Lang='en', Ext=1
2026-01-07 14:16:11.725 RedLemon[7198:71881] ✅ SubtitleService: Scanned 4 tracks (Attempt 3/5)
2026-01-07 14:16:11.725 RedLemon[7198:71881]    Track: ID=0, Title=Off, External=0
2026-01-07 14:16:11.725 RedLemon[7198:71881]    Track: ID=1, Title=Tron.Legacy.2010.REPACK.BluRay.1080p.DTS-HD.MA.7.1.AVC.REMUX-FraMeSToR, External=1
2026-01-07 14:16:11.725 RedLemon[7198:71881]    Track: ID=2, Title=Tron.Legacy.2010.REPACK.BluRay.1080p.DTS-HD.MA.7.1.AVC.REMUX-FraMeSToR, External=1
2026-01-07 14:16:11.726 RedLemon[7198:71881]    Track: ID=3, Title=Tron.Legacy.2010.REPACK.BluRay.1080p.DTS-HD.MA.7.1.AVC.REMUX-FraMeSToR, External=1
2026-01-07 14:16:12.032 RedLemon[7198:71881] 🔍 MPV track-list/count: 5
2026-01-07 14:16:12.032 RedLemon[7198:71881] 🔍 Track 0 type: sub
2026-01-07 14:16:12.033 RedLemon[7198:71881] ✅ Found subtitle track: ID=1, lang=en, title=Tron.Legacy.2010.REPACK.BluRay.1080p.DTS-HD.MA.7.1.AVC.REMUX-FraMeSToR, external=1
2026-01-07 14:16:12.033 RedLemon[7198:71881] 🔍 Track 1 type: sub
2026-01-07 14:16:12.033 RedLemon[7198:71881] ✅ Found subtitle track: ID=2, lang=en, title=Tron.Legacy.2010.REPACK.BluRay.1080p.DTS-HD.MA.7.1.AVC.REMUX-FraMeSToR, external=1
2026-01-07 14:16:12.033 RedLemon[7198:71881] 🔍 Track 2 type: sub
2026-01-07 14:16:12.034 RedLemon[7198:71881] ✅ Found subtitle track: ID=3, lang=en, title=Tron.Legacy.2010.REPACK.BluRay.1080p.DTS-HD.MA.7.1.AVC.REMUX-FraMeSToR, external=1
2026-01-07 14:16:12.034 RedLemon[7198:71881] 🔍 Track 3 type: video
2026-01-07 14:16:12.034 RedLemon[7198:71881] 🔍 Track 4 type: audio
2026-01-07 14:16:12.034 RedLemon[7198:71881] 📊 Total subtitle tracks found: 4 (including Off if needed)
2026-01-07 14:16:12.034 RedLemon[7198:71881]    Start[0]: ID=0, Title='Off', Lang='nil', Ext=0
2026-01-07 14:16:12.035 RedLemon[7198:71881]    Start[1]: ID=1, Title='Tron.Legacy.2010.REPACK.BluRay.1080p.DTS-HD.MA.7.1.AVC.REMUX-FraMeSToR', Lang='en', Ext=1
2026-01-07 14:16:12.035 RedLemon[7198:71881]    Start[2]: ID=2, Title='Tron.Legacy.2010.REPACK.BluRay.1080p.DTS-HD.MA.7.1.AVC.REMUX-FraMeSToR', Lang='en', Ext=1
2026-01-07 14:16:12.035 RedLemon[7198:71881]    Start[3]: ID=3, Title='Tron.Legacy.2010.REPACK.BluRay.1080p.DTS-HD.MA.7.1.AVC.REMUX-FraMeSToR', Lang='en', Ext=1
2026-01-07 14:16:12.035 RedLemon[7198:71881] ✅ SubtitleService: Scanned 4 tracks (Attempt 4/5)
2026-01-07 14:16:12.035 RedLemon[7198:71881]    Track: ID=0, Title=Off, External=0
2026-01-07 14:16:12.036 RedLemon[7198:71881]    Track: ID=1, Title=Tron.Legacy.2010.REPACK.BluRay.1080p.DTS-HD.MA.7.1.AVC.REMUX-FraMeSToR, External=1
2026-01-07 14:16:12.036 RedLemon[7198:71881]    Track: ID=2, Title=Tron.Legacy.2010.REPACK.BluRay.1080p.DTS-HD.MA.7.1.AVC.REMUX-FraMeSToR, External=1
2026-01-07 14:16:12.036 RedLemon[7198:71881]    Track: ID=3, Title=Tron.Legacy.2010.REPACK.BluRay.1080p.DTS-HD.MA.7.1.AVC.REMUX-FraMeSToR, External=1
2026-01-07 14:16:12.726 RedLemon[7198:71867] 🔍 MPV track-list/count: 5
2026-01-07 14:16:12.727 RedLemon[7198:71867] 🔍 Track 0 type: sub
2026-01-07 14:16:12.727 RedLemon[7198:71867] ✅ Found subtitle track: ID=1, lang=en, title=Tron.Legacy.2010.REPACK.BluRay.1080p.DTS-HD.MA.7.1.AVC.REMUX-FraMeSToR, external=1
2026-01-07 14:16:12.727 RedLemon[7198:71867] 🔍 Track 1 type: sub
2026-01-07 14:16:12.727 RedLemon[7198:71867] ✅ Found subtitle track: ID=2, lang=en, title=Tron.Legacy.2010.REPACK.BluRay.1080p.DTS-HD.MA.7.1.AVC.REMUX-FraMeSToR, external=1
2026-01-07 14:16:12.727 RedLemon[7198:71867] 🔍 Track 2 type: sub
2026-01-07 14:16:12.727 RedLemon[7198:71867] ✅ Found subtitle track: ID=3, lang=en, title=Tron.Legacy.2010.REPACK.BluRay.1080p.DTS-HD.MA.7.1.AVC.REMUX-FraMeSToR, external=1
2026-01-07 14:16:12.727 RedLemon[7198:71867] 🔍 Track 3 type: video
2026-01-07 14:16:12.727 RedLemon[7198:71867] 🔍 Track 4 type: audio
2026-01-07 14:16:12.728 RedLemon[7198:71867] 📊 Total subtitle tracks found: 4 (including Off if needed)
2026-01-07 14:16:12.728 RedLemon[7198:71867]    Start[0]: ID=0, Title='Off', Lang='nil', Ext=0
2026-01-07 14:16:12.728 RedLemon[7198:71867]    Start[1]: ID=1, Title='Tron.Legacy.2010.REPACK.BluRay.1080p.DTS-HD.MA.7.1.AVC.REMUX-FraMeSToR', Lang='en', Ext=1
2026-01-07 14:16:12.728 RedLemon[7198:71867]    Start[2]: ID=2, Title='Tron.Legacy.2010.REPACK.BluRay.1080p.DTS-HD.MA.7.1.AVC.REMUX-FraMeSToR', Lang='en', Ext=1
2026-01-07 14:16:12.728 RedLemon[7198:71867]    Start[3]: ID=3, Title='Tron.Legacy.2010.REPACK.BluRay.1080p.DTS-HD.MA.7.1.AVC.REMUX-FraMeSToR', Lang='en', Ext=1
2026-01-07 14:16:12.728 RedLemon[7198:71867] ✅ SubtitleService: Scanned 4 tracks (Attempt 4/5)
2026-01-07 14:16:12.728 RedLemon[7198:71867]    Track: ID=0, Title=Off, External=0
2026-01-07 14:16:12.728 RedLemon[7198:71867]    Track: ID=1, Title=Tron.Legacy.2010.REPACK.BluRay.1080p.DTS-HD.MA.7.1.AVC.REMUX-FraMeSToR, External=1
2026-01-07 14:16:12.729 RedLemon[7198:71867]    Track: ID=2, Title=Tron.Legacy.2010.REPACK.BluRay.1080p.DTS-HD.MA.7.1.AVC.REMUX-FraMeSToR, External=1
2026-01-07 14:16:12.729 RedLemon[7198:71867]    Track: ID=3, Title=Tron.Legacy.2010.REPACK.BluRay.1080p.DTS-HD.MA.7.1.AVC.REMUX-FraMeSToR, External=1
2026-01-07 14:16:12.926 RedLemon[7198:71783] 🖱️ Mouse: x=432/1366 y=84/768 | Exit: 0 Controls: 1 Chat: 0
2026-01-07 14:16:13.131 RedLemon[7198:72020] 🔍 MPV track-list/count: 5
2026-01-07 14:16:13.131 RedLemon[7198:72020] 🔍 Track 0 type: sub
2026-01-07 14:16:13.131 RedLemon[7198:72020] ✅ Found subtitle track: ID=1, lang=en, title=Tron.Legacy.2010.REPACK.BluRay.1080p.DTS-HD.MA.7.1.AVC.REMUX-FraMeSToR, external=1
2026-01-07 14:16:13.132 RedLemon[7198:72020] 🔍 Track 1 type: sub
2026-01-07 14:16:13.133 RedLemon[7198:72020] ✅ Found subtitle track: ID=2, lang=en, title=Tron.Legacy.2010.REPACK.BluRay.1080p.DTS-HD.MA.7.1.AVC.REMUX-FraMeSToR, external=1
2026-01-07 14:16:13.133 RedLemon[7198:72020] 🔍 Track 2 type: sub
2026-01-07 14:16:13.134 RedLemon[7198:72020] ✅ Found subtitle track: ID=3, lang=en, title=Tron.Legacy.2010.REPACK.BluRay.1080p.DTS-HD.MA.7.1.AVC.REMUX-FraMeSToR, external=1
2026-01-07 14:16:13.134 RedLemon[7198:72020] 🔍 Track 3 type: video
2026-01-07 14:16:13.134 RedLemon[7198:72020] 🔍 Track 4 type: audio
2026-01-07 14:16:13.134 RedLemon[7198:72020] 📊 Total subtitle tracks found: 4 (including Off if needed)
2026-01-07 14:16:13.134 RedLemon[7198:72020]    Start[0]: ID=0, Title='Off', Lang='nil', Ext=0
2026-01-07 14:16:13.134 RedLemon[7198:72020]    Start[1]: ID=1, Title='Tron.Legacy.2010.REPACK.BluRay.1080p.DTS-HD.MA.7.1.AVC.REMUX-FraMeSToR', Lang='en', Ext=1
2026-01-07 14:16:13.134 RedLemon[7198:72020]    Start[2]: ID=2, Title='Tron.Legacy.2010.REPACK.BluRay.1080p.DTS-HD.MA.7.1.AVC.REMUX-FraMeSToR', Lang='en', Ext=1
2026-01-07 14:16:13.135 RedLemon[7198:72020]    Start[3]: ID=3, Title='Tron.Legacy.2010.REPACK.BluRay.1080p.DTS-HD.MA.7.1.AVC.REMUX-FraMeSToR', Lang='en', Ext=1
2026-01-07 14:16:13.135 RedLemon[7198:72020] ✅ SubtitleService: Scanned 4 tracks (Attempt 5/5)
2026-01-07 14:16:13.136 RedLemon[7198:72020]    Track: ID=0, Title=Off, External=0
2026-01-07 14:16:13.137 RedLemon[7198:72020]    Track: ID=1, Title=Tron.Legacy.2010.REPACK.BluRay.1080p.DTS-HD.MA.7.1.AVC.REMUX-FraMeSToR, External=1
2026-01-07 14:16:13.140 RedLemon[7198:72020]    Track: ID=2, Title=Tron.Legacy.2010.REPACK.BluRay.1080p.DTS-HD.MA.7.1.AVC.REMUX-FraMeSToR, External=1
2026-01-07 14:16:13.142 RedLemon[7198:72020]    Track: ID=3, Title=Tron.Legacy.2010.REPACK.BluRay.1080p.DTS-HD.MA.7.1.AVC.REMUX-FraMeSToR, External=1
2026-01-07 14:16:13.729 RedLemon[7198:71867] 🔍 MPV track-list/count: 5
2026-01-07 14:16:13.729 RedLemon[7198:71867] 🔍 Track 0 type: sub
2026-01-07 14:16:13.730 RedLemon[7198:71867] ✅ Found subtitle track: ID=1, lang=en, title=Tron.Legacy.2010.REPACK.BluRay.1080p.DTS-HD.MA.7.1.AVC.REMUX-FraMeSToR, external=1
2026-01-07 14:16:13.730 RedLemon[7198:71867] 🔍 Track 1 type: sub
2026-01-07 14:16:13.730 RedLemon[7198:71867] ✅ Found subtitle track: ID=2, lang=en, title=Tron.Legacy.2010.REPACK.BluRay.1080p.DTS-HD.MA.7.1.AVC.REMUX-FraMeSToR, external=1
2026-01-07 14:16:13.730 RedLemon[7198:71867] 🔍 Track 2 type: sub
2026-01-07 14:16:13.731 RedLemon[7198:71867] ✅ Found subtitle track: ID=3, lang=en, title=Tron.Legacy.2010.REPACK.BluRay.1080p.DTS-HD.MA.7.1.AVC.REMUX-FraMeSToR, external=1
2026-01-07 14:16:13.731 RedLemon[7198:71867] 🔍 Track 3 type: video
2026-01-07 14:16:13.731 RedLemon[7198:71867] 🔍 Track 4 type: audio
2026-01-07 14:16:13.731 RedLemon[7198:71867] 📊 Total subtitle tracks found: 4 (including Off if needed)
2026-01-07 14:16:13.731 RedLemon[7198:71867]    Start[0]: ID=0, Title='Off', Lang='nil', Ext=0
2026-01-07 14:16:13.731 RedLemon[7198:71867]    Start[1]: ID=1, Title='Tron.Legacy.2010.REPACK.BluRay.1080p.DTS-HD.MA.7.1.AVC.REMUX-FraMeSToR', Lang='en', Ext=1
2026-01-07 14:16:13.732 RedLemon[7198:71867]    Start[2]: ID=2, Title='Tron.Legacy.2010.REPACK.BluRay.1080p.DTS-HD.MA.7.1.AVC.REMUX-FraMeSToR', Lang='en', Ext=1
2026-01-07 14:16:13.732 RedLemon[7198:71867]    Start[3]: ID=3, Title='Tron.Legacy.2010.REPACK.BluRay.1080p.DTS-HD.MA.7.1.AVC.REMUX-FraMeSToR', Lang='en', Ext=1
2026-01-07 14:16:13.732 RedLemon[7198:71867] ✅ SubtitleService: Scanned 4 tracks (Attempt 5/5)
2026-01-07 14:16:13.732 RedLemon[7198:71867]    Track: ID=0, Title=Off, External=0
2026-01-07 14:16:13.733 RedLemon[7198:71867]    Track: ID=1, Title=Tron.Legacy.2010.REPACK.BluRay.1080p.DTS-HD.MA.7.1.AVC.REMUX-FraMeSToR, External=1
2026-01-07 14:16:13.733 RedLemon[7198:71867]    Track: ID=2, Title=Tron.Legacy.2010.REPACK.BluRay.1080p.DTS-HD.MA.7.1.AVC.REMUX-FraMeSToR, External=1
2026-01-07 14:16:13.734 RedLemon[7198:71867]    Track: ID=3, Title=Tron.Legacy.2010.REPACK.BluRay.1080p.DTS-HD.MA.7.1.AVC.REMUX-FraMeSToR, External=1
2026-01-07 14:16:18.259 RedLemon[7198:71868] 🔍 MPV track-list/count: 5
2026-01-07 14:16:18.260 RedLemon[7198:71868] 🔍 Track 0 type: sub
2026-01-07 14:16:18.260 RedLemon[7198:71868] ✅ Found subtitle track: ID=1, lang=en, title=Tron.Legacy.2010.REPACK.BluRay.1080p.DTS-HD.MA.7.1.AVC.REMUX-FraMeSToR, external=1
2026-01-07 14:16:18.260 RedLemon[7198:71868] 🔍 Track 1 type: sub
2026-01-07 14:16:18.261 RedLemon[7198:71868] ✅ Found subtitle track: ID=2, lang=en, title=Tron.Legacy.2010.REPACK.BluRay.1080p.DTS-HD.MA.7.1.AVC.REMUX-FraMeSToR, external=1
2026-01-07 14:16:18.261 RedLemon[7198:71868] 🔍 Track 2 type: sub
2026-01-07 14:16:18.261 RedLemon[7198:71868] ✅ Found subtitle track: ID=3, lang=en, title=Tron.Legacy.2010.REPACK.BluRay.1080p.DTS-HD.MA.7.1.AVC.REMUX-FraMeSToR, external=1
2026-01-07 14:16:18.261 RedLemon[7198:71868] 🔍 Track 3 type: video
2026-01-07 14:16:18.262 RedLemon[7198:71868] 🔍 Track 4 type: audio
2026-01-07 14:16:18.262 RedLemon[7198:71868] 📊 Total subtitle tracks found: 4 (including Off if needed)
2026-01-07 14:16:18.262 RedLemon[7198:71868]    Start[0]: ID=0, Title='Off', Lang='nil', Ext=0
2026-01-07 14:16:18.262 RedLemon[7198:71868]    Start[1]: ID=1, Title='Tron.Legacy.2010.REPACK.BluRay.1080p.DTS-HD.MA.7.1.AVC.REMUX-FraMeSToR', Lang='en', Ext=1
2026-01-07 14:16:18.263 RedLemon[7198:71868]    Start[2]: ID=2, Title='Tron.Legacy.2010.REPACK.BluRay.1080p.DTS-HD.MA.7.1.AVC.REMUX-FraMeSToR', Lang='en', Ext=1
2026-01-07 14:16:18.263 RedLemon[7198:71868]    Start[3]: ID=3, Title='Tron.Legacy.2010.REPACK.BluRay.1080p.DTS-HD.MA.7.1.AVC.REMUX-FraMeSToR', Lang='en', Ext=1
2026-01-07 14:16:18.264 RedLemon[7198:71868] ✅ SubtitleService: Scanned 4 tracks (Attempt 1/5)
2026-01-07 14:16:18.265 RedLemon[7198:71868]    Track: ID=0, Title=Off, External=0
2026-01-07 14:16:18.270 RedLemon[7198:71868]    Track: ID=1, Title=Tron.Legacy.2010.REPACK.BluRay.1080p.DTS-HD.MA.7.1.AVC.REMUX-FraMeSToR, External=1
2026-01-07 14:16:18.270 RedLemon[7198:71868]    Track: ID=2, Title=Tron.Legacy.2010.REPACK.BluRay.1080p.DTS-HD.MA.7.1.AVC.REMUX-FraMeSToR, External=1
2026-01-07 14:16:18.271 RedLemon[7198:71868]    Track: ID=3, Title=Tron.Legacy.2010.REPACK.BluRay.1080p.DTS-HD.MA.7.1.AVC.REMUX-FraMeSToR, External=1
2026-01-07 14:16:19.314 RedLemon[7198:72019] 🔍 MPV track-list/count: 5
2026-01-07 14:16:19.314 RedLemon[7198:72019] 🔍 Track 0 type: sub
2026-01-07 14:16:19.314 RedLemon[7198:72019] ✅ Found subtitle track: ID=1, lang=en, title=Tron.Legacy.2010.REPACK.BluRay.1080p.DTS-HD.MA.7.1.AVC.REMUX-FraMeSToR, external=1
2026-01-07 14:16:19.315 RedLemon[7198:72019] 🔍 Track 1 type: sub
2026-01-07 14:16:19.315 RedLemon[7198:72019] ✅ Found subtitle track: ID=2, lang=en, title=Tron.Legacy.2010.REPACK.BluRay.1080p.DTS-HD.MA.7.1.AVC.REMUX-FraMeSToR, external=1
2026-01-07 14:16:19.315 RedLemon[7198:72019] 🔍 Track 2 type: sub
2026-01-07 14:16:19.316 RedLemon[7198:72019] ✅ Found subtitle track: ID=3, lang=en, title=Tron.Legacy.2010.REPACK.BluRay.1080p.DTS-HD.MA.7.1.AVC.REMUX-FraMeSToR, external=1
2026-01-07 14:16:19.317 RedLemon[7198:72019] 🔍 Track 3 type: video
2026-01-07 14:16:19.318 RedLemon[7198:72019] 🔍 Track 4 type: audio
2026-01-07 14:16:19.318 RedLemon[7198:72019] 📊 Total subtitle tracks found: 4 (including Off if needed)
2026-01-07 14:16:19.319 RedLemon[7198:72019]    Start[0]: ID=0, Title='Off', Lang='nil', Ext=0
2026-01-07 14:16:19.319 RedLemon[7198:72019]    Start[1]: ID=1, Title='Tron.Legacy.2010.REPACK.BluRay.1080p.DTS-HD.MA.7.1.AVC.REMUX-FraMeSToR', Lang='en', Ext=1
2026-01-07 14:16:19.321 RedLemon[7198:72019]    Start[2]: ID=2, Title='Tron.Legacy.2010.REPACK.BluRay.1080p.DTS-HD.MA.7.1.AVC.REMUX-FraMeSToR', Lang='en', Ext=1
2026-01-07 14:16:19.322 RedLemon[7198:72019]    Start[3]: ID=3, Title='Tron.Legacy.2010.REPACK.BluRay.1080p.DTS-HD.MA.7.1.AVC.REMUX-FraMeSToR', Lang='en', Ext=1
2026-01-07 14:16:19.323 RedLemon[7198:72019] ✅ SubtitleService: Scanned 4 tracks (Attempt 2/5)
2026-01-07 14:16:19.323 RedLemon[7198:72019]    Track: ID=0, Title=Off, External=0
2026-01-07 14:16:19.324 RedLemon[7198:72019]    Track: ID=1, Title=Tron.Legacy.2010.REPACK.BluRay.1080p.DTS-HD.MA.7.1.AVC.REMUX-FraMeSToR, External=1
2026-01-07 14:16:19.324 RedLemon[7198:72019]    Track: ID=2, Title=Tron.Legacy.2010.REPACK.BluRay.1080p.DTS-HD.MA.7.1.AVC.REMUX-FraMeSToR, External=1
2026-01-07 14:16:19.324 RedLemon[7198:72019]    Track: ID=3, Title=Tron.Legacy.2010.REPACK.BluRay.1080p.DTS-HD.MA.7.1.AVC.REMUX-FraMeSToR, External=1
2026-01-07 14:16:19.523 RedLemon[7198:72019] 🔍 MPV track-list/count: 5
2026-01-07 14:16:19.523 RedLemon[7198:72019] 🔍 Track 0 type: sub
2026-01-07 14:16:19.523 RedLemon[7198:72019] ✅ Found subtitle track: ID=1, lang=en, title=Tron.Legacy.2010.REPACK.BluRay.1080p.DTS-HD.MA.7.1.AVC.REMUX-FraMeSToR, external=1
2026-01-07 14:16:19.524 RedLemon[7198:72019] 🔍 Track 1 type: sub
2026-01-07 14:16:19.524 RedLemon[7198:72019] ✅ Found subtitle track: ID=2, lang=en, title=Tron.Legacy.2010.REPACK.BluRay.1080p.DTS-HD.MA.7.1.AVC.REMUX-FraMeSToR, external=1
2026-01-07 14:16:19.525 RedLemon[7198:72019] 🔍 Track 2 type: sub
2026-01-07 14:16:19.525 RedLemon[7198:72019] ✅ Found subtitle track: ID=3, lang=en, title=Tron.Legacy.2010.REPACK.BluRay.1080p.DTS-HD.MA.7.1.AVC.REMUX-FraMeSToR, external=1
2026-01-07 14:16:19.525 RedLemon[7198:72019] 🔍 Track 3 type: video
2026-01-07 14:16:19.525 RedLemon[7198:72019] 🔍 Track 4 type: audio
2026-01-07 14:16:19.525 RedLemon[7198:72019] 📊 Total subtitle tracks found: 4 (including Off if needed)
2026-01-07 14:16:19.526 RedLemon[7198:72019]    Start[0]: ID=0, Title='Off', Lang='nil', Ext=0
2026-01-07 14:16:19.526 RedLemon[7198:72019]    Start[1]: ID=1, Title='Tron.Legacy.2010.REPACK.BluRay.1080p.DTS-HD.MA.7.1.AVC.REMUX-FraMeSToR', Lang='en', Ext=1
2026-01-07 14:16:19.526 RedLemon[7198:72019]    Start[2]: ID=2, Title='Tron.Legacy.2010.REPACK.BluRay.1080p.DTS-HD.MA.7.1.AVC.REMUX-FraMeSToR', Lang='en', Ext=1
2026-01-07 14:16:19.526 RedLemon[7198:72019]    Start[3]: ID=3, Title='Tron.Legacy.2010.REPACK.BluRay.1080p.DTS-HD.MA.7.1.AVC.REMUX-FraMeSToR', Lang='en', Ext=1
2026-01-07 14:16:19.526 RedLemon[7198:72019] ✅ SubtitleService: Scanned 4 tracks (Attempt 1/5)
2026-01-07 14:16:19.527 RedLemon[7198:72019]    Track: ID=0, Title=Off, External=0
2026-01-07 14:16:19.527 RedLemon[7198:72019]    Track: ID=1, Title=Tron.Legacy.2010.REPACK.BluRay.1080p.DTS-HD.MA.7.1.AVC.REMUX-FraMeSToR, External=1
2026-01-07 14:16:19.527 RedLemon[7198:72019]    Track: ID=2, Title=Tron.Legacy.2010.REPACK.BluRay.1080p.DTS-HD.MA.7.1.AVC.REMUX-FraMeSToR, External=1
2026-01-07 14:16:19.528 RedLemon[7198:72019]    Track: ID=3, Title=Tron.Legacy.2010.REPACK.BluRay.1080p.DTS-HD.MA.7.1.AVC.REMUX-FraMeSToR, External=1
2026-01-07 14:16:20.221 RedLemon[7198:71783] 🖱️ Mouse: x=569/1366 y=224/768 | Exit: 0 Controls: 0 Chat: 0
2026-01-07 14:16:20.266 RedLemon[7198:71783] 🖱️ Mouse: x=568/1366 y=217/768 | Exit: 0 Controls: 0 Chat: 0
2026-01-07 14:16:20.325 RedLemon[7198:71882] 🔍 MPV track-list/count: 5
2026-01-07 14:16:20.325 RedLemon[7198:71882] 🔍 Track 0 type: sub
2026-01-07 14:16:20.325 RedLemon[7198:71882] ✅ Found subtitle track: ID=1, lang=en, title=Tron.Legacy.2010.REPACK.BluRay.1080p.DTS-HD.MA.7.1.AVC.REMUX-FraMeSToR, external=1
2026-01-07 14:16:20.325 RedLemon[7198:71882] 🔍 Track 1 type: sub
2026-01-07 14:16:20.325 RedLemon[7198:71882] ✅ Found subtitle track: ID=2, lang=en, title=Tron.Legacy.2010.REPACK.BluRay.1080p.DTS-HD.MA.7.1.AVC.REMUX-FraMeSToR, external=1
2026-01-07 14:16:20.325 RedLemon[7198:71882] 🔍 Track 2 type: sub
2026-01-07 14:16:20.326 RedLemon[7198:71882] ✅ Found subtitle track: ID=3, lang=en, title=Tron.Legacy.2010.REPACK.BluRay.1080p.DTS-HD.MA.7.1.AVC.REMUX-FraMeSToR, external=1
2026-01-07 14:16:20.326 RedLemon[7198:71882] 🔍 Track 3 type: video
2026-01-07 14:16:20.326 RedLemon[7198:71882] 🔍 Track 4 type: audio
2026-01-07 14:16:20.326 RedLemon[7198:71882] 📊 Total subtitle tracks found: 4 (including Off if needed)
2026-01-07 14:16:20.326 RedLemon[7198:71882]    Start[0]: ID=0, Title='Off', Lang='nil', Ext=0
2026-01-07 14:16:20.327 RedLemon[7198:71882]    Start[1]: ID=1, Title='Tron.Legacy.2010.REPACK.BluRay.1080p.DTS-HD.MA.7.1.AVC.REMUX-FraMeSToR', Lang='en', Ext=1
2026-01-07 14:16:20.327 RedLemon[7198:71882]    Start[2]: ID=2, Title='Tron.Legacy.2010.REPACK.BluRay.1080p.DTS-HD.MA.7.1.AVC.REMUX-FraMeSToR', Lang='en', Ext=1
2026-01-07 14:16:20.327 RedLemon[7198:71882]    Start[3]: ID=3, Title='Tron.Legacy.2010.REPACK.BluRay.1080p.DTS-HD.MA.7.1.AVC.REMUX-FraMeSToR', Lang='en', Ext=1
2026-01-07 14:16:20.327 RedLemon[7198:71882] ✅ SubtitleService: Scanned 4 tracks (Attempt 3/5)
2026-01-07 14:16:20.328 RedLemon[7198:71882]    Track: ID=0, Title=Off, External=0
2026-01-07 14:16:20.328 RedLemon[7198:71882]    Track: ID=1, Title=Tron.Legacy.2010.REPACK.BluRay.1080p.DTS-HD.MA.7.1.AVC.REMUX-FraMeSToR, External=1
2026-01-07 14:16:20.328 RedLemon[7198:71882]    Track: ID=2, Title=Tron.Legacy.2010.REPACK.BluRay.1080p.DTS-HD.MA.7.1.AVC.REMUX-FraMeSToR, External=1
2026-01-07 14:16:20.328 RedLemon[7198:71882]    Track: ID=3, Title=Tron.Legacy.2010.REPACK.BluRay.1080p.DTS-HD.MA.7.1.AVC.REMUX-FraMeSToR, External=1
2026-01-07 14:16:20.614 RedLemon[7198:71882] 🔍 MPV track-list/count: 5
2026-01-07 14:16:20.614 RedLemon[7198:71882] 🔍 Track 0 type: sub
2026-01-07 14:16:20.616 RedLemon[7198:71882] ✅ Found subtitle track: ID=1, lang=en, title=Tron.Legacy.2010.REPACK.BluRay.1080p.DTS-HD.MA.7.1.AVC.REMUX-FraMeSToR, external=1
2026-01-07 14:16:20.616 RedLemon[7198:71882] 🔍 Track 1 type: sub
2026-01-07 14:16:20.616 RedLemon[7198:71882] ✅ Found subtitle track: ID=2, lang=en, title=Tron.Legacy.2010.REPACK.BluRay.1080p.DTS-HD.MA.7.1.AVC.REMUX-FraMeSToR, external=1
2026-01-07 14:16:20.617 RedLemon[7198:71882] 🔍 Track 2 type: sub
2026-01-07 14:16:20.617 RedLemon[7198:71882] ✅ Found subtitle track: ID=3, lang=en, title=Tron.Legacy.2010.REPACK.BluRay.1080p.DTS-HD.MA.7.1.AVC.REMUX-FraMeSToR, external=1
2026-01-07 14:16:20.618 RedLemon[7198:71882] 🔍 Track 3 type: video
2026-01-07 14:16:20.619 RedLemon[7198:71882] 🔍 Track 4 type: audio
2026-01-07 14:16:20.619 RedLemon[7198:71882] 📊 Total subtitle tracks found: 4 (including Off if needed)
2026-01-07 14:16:20.619 RedLemon[7198:71882]    Start[0]: ID=0, Title='Off', Lang='nil', Ext=0
2026-01-07 14:16:20.619 RedLemon[7198:71882]    Start[1]: ID=1, Title='Tron.Legacy.2010.REPACK.BluRay.1080p.DTS-HD.MA.7.1.AVC.REMUX-FraMeSToR', Lang='en', Ext=1
2026-01-07 14:16:20.620 RedLemon[7198:71882]    Start[2]: ID=2, Title='Tron.Legacy.2010.REPACK.BluRay.1080p.DTS-HD.MA.7.1.AVC.REMUX-FraMeSToR', Lang='en', Ext=1
2026-01-07 14:16:20.621 RedLemon[7198:71882]    Start[3]: ID=3, Title='Tron.Legacy.2010.REPACK.BluRay.1080p.DTS-HD.MA.7.1.AVC.REMUX-FraMeSToR', Lang='en', Ext=1
2026-01-07 14:16:20.621 RedLemon[7198:71882] ✅ SubtitleService: Scanned 4 tracks (Attempt 2/5)
2026-01-07 14:16:20.622 RedLemon[7198:71882]    Track: ID=0, Title=Off, External=0
2026-01-07 14:16:20.622 RedLemon[7198:71882]    Track: ID=1, Title=Tron.Legacy.2010.REPACK.BluRay.1080p.DTS-HD.MA.7.1.AVC.REMUX-FraMeSToR, External=1
2026-01-07 14:16:20.623 RedLemon[7198:71882]    Track: ID=2, Title=Tron.Legacy.2010.REPACK.BluRay.1080p.DTS-HD.MA.7.1.AVC.REMUX-FraMeSToR, External=1
2026-01-07 14:16:20.623 RedLemon[7198:71882]    Track: ID=3, Title=Tron.Legacy.2010.REPACK.BluRay.1080p.DTS-HD.MA.7.1.AVC.REMUX-FraMeSToR, External=1
2026-01-07 14:16:20.721 RedLemon[7198:71868] 🔍 MPV track-list/count: 5
2026-01-07 14:16:20.721 RedLemon[7198:71868] 🔍 Track 0 type: sub
2026-01-07 14:16:20.721 RedLemon[7198:71868] ✅ Found subtitle track: ID=1, lang=en, title=Tron.Legacy.2010.REPACK.BluRay.1080p.DTS-HD.MA.7.1.AVC.REMUX-FraMeSToR, external=1
2026-01-07 14:16:20.721 RedLemon[7198:71868] 🔍 Track 1 type: sub
2026-01-07 14:16:20.722 RedLemon[7198:71868] ✅ Found subtitle track: ID=2, lang=en, title=Tron.Legacy.2010.REPACK.BluRay.1080p.DTS-HD.MA.7.1.AVC.REMUX-FraMeSToR, external=1
2026-01-07 14:16:20.722 RedLemon[7198:71868] 🔍 Track 2 type: sub
2026-01-07 14:16:20.722 RedLemon[7198:71868] ✅ Found subtitle track: ID=3, lang=en, title=Tron.Legacy.2010.REPACK.BluRay.1080p.DTS-HD.MA.7.1.AVC.REMUX-FraMeSToR, external=1
2026-01-07 14:16:20.722 RedLemon[7198:71868] 🔍 Track 3 type: video
2026-01-07 14:16:20.723 RedLemon[7198:71868] 🔍 Track 4 type: audio
2026-01-07 14:16:20.723 RedLemon[7198:71868] 📊 Total subtitle tracks found: 4 (including Off if needed)
2026-01-07 14:16:20.723 RedLemon[7198:71868]    Start[0]: ID=0, Title='Off', Lang='nil', Ext=0
2026-01-07 14:16:20.723 RedLemon[7198:71868]    Start[1]: ID=1, Title='Tron.Legacy.2010.REPACK.BluRay.1080p.DTS-HD.MA.7.1.AVC.REMUX-FraMeSToR', Lang='en', Ext=1
2026-01-07 14:16:20.723 RedLemon[7198:71868]    Start[2]: ID=2, Title='Tron.Legacy.2010.REPACK.BluRay.1080p.DTS-HD.MA.7.1.AVC.REMUX-FraMeSToR', Lang='en', Ext=1
2026-01-07 14:16:20.723 RedLemon[7198:71868]    Start[3]: ID=3, Title='Tron.Legacy.2010.REPACK.BluRay.1080p.DTS-HD.MA.7.1.AVC.REMUX-FraMeSToR', Lang='en', Ext=1
2026-01-07 14:16:20.724 RedLemon[7198:71868] ✅ SubtitleService: Scanned 4 tracks (Attempt 1/5)
2026-01-07 14:16:20.724 RedLemon[7198:71868]    Track: ID=0, Title=Off, External=0
2026-01-07 14:16:20.725 RedLemon[7198:71868]    Track: ID=1, Title=Tron.Legacy.2010.REPACK.BluRay.1080p.DTS-HD.MA.7.1.AVC.REMUX-FraMeSToR, External=1
2026-01-07 14:16:20.725 RedLemon[7198:71868]    Track: ID=2, Title=Tron.Legacy.2010.REPACK.BluRay.1080p.DTS-HD.MA.7.1.AVC.REMUX-FraMeSToR, External=1
2026-01-07 14:16:20.726 RedLemon[7198:71868]    Track: ID=3, Title=Tron.Legacy.2010.REPACK.BluRay.1080p.DTS-HD.MA.7.1.AVC.REMUX-FraMeSToR, External=1
2026-01-07 14:16:21.366 RedLemon[7198:72020] 🔍 MPV track-list/count: 5
2026-01-07 14:16:21.366 RedLemon[7198:72020] 🔍 Track 0 type: sub
2026-01-07 14:16:21.367 RedLemon[7198:72020] ✅ Found subtitle track: ID=1, lang=en, title=Tron.Legacy.2010.REPACK.BluRay.1080p.DTS-HD.MA.7.1.AVC.REMUX-FraMeSToR, external=1
2026-01-07 14:16:21.367 RedLemon[7198:72020] 🔍 Track 1 type: sub
2026-01-07 14:16:21.367 RedLemon[7198:72020] ✅ Found subtitle track: ID=2, lang=en, title=Tron.Legacy.2010.REPACK.BluRay.1080p.DTS-HD.MA.7.1.AVC.REMUX-FraMeSToR, external=1
2026-01-07 14:16:21.367 RedLemon[7198:72020] 🔍 Track 2 type: sub
2026-01-07 14:16:21.367 RedLemon[7198:72020] ✅ Found subtitle track: ID=3, lang=en, title=Tron.Legacy.2010.REPACK.BluRay.1080p.DTS-HD.MA.7.1.AVC.REMUX-FraMeSToR, external=1
2026-01-07 14:16:21.368 RedLemon[7198:72020] 🔍 Track 3 type: video
2026-01-07 14:16:21.368 RedLemon[7198:72020] 🔍 Track 4 type: audio
2026-01-07 14:16:21.368 RedLemon[7198:72020] 📊 Total subtitle tracks found: 4 (including Off if needed)
2026-01-07 14:16:21.368 RedLemon[7198:72020]    Start[0]: ID=0, Title='Off', Lang='nil', Ext=0
2026-01-07 14:16:21.369 RedLemon[7198:72020]    Start[1]: ID=1, Title='Tron.Legacy.2010.REPACK.BluRay.1080p.DTS-HD.MA.7.1.AVC.REMUX-FraMeSToR', Lang='en', Ext=1
2026-01-07 14:16:21.369 RedLemon[7198:72020]    Start[2]: ID=2, Title='Tron.Legacy.2010.REPACK.BluRay.1080p.DTS-HD.MA.7.1.AVC.REMUX-FraMeSToR', Lang='en', Ext=1
2026-01-07 14:16:21.369 RedLemon[7198:72020]    Start[3]: ID=3, Title='Tron.Legacy.2010.REPACK.BluRay.1080p.DTS-HD.MA.7.1.AVC.REMUX-FraMeSToR', Lang='en', Ext=1
2026-01-07 14:16:21.369 RedLemon[7198:72020] ✅ SubtitleService: Scanned 4 tracks (Attempt 4/5)
2026-01-07 14:16:21.369 RedLemon[7198:72020]    Track: ID=0, Title=Off, External=0
2026-01-07 14:16:21.370 RedLemon[7198:72020]    Track: ID=1, Title=Tron.Legacy.2010.REPACK.BluRay.1080p.DTS-HD.MA.7.1.AVC.REMUX-FraMeSToR, External=1
2026-01-07 14:16:21.370 RedLemon[7198:72020]    Track: ID=2, Title=Tron.Legacy.2010.REPACK.BluRay.1080p.DTS-HD.MA.7.1.AVC.REMUX-FraMeSToR, External=1
2026-01-07 14:16:21.370 RedLemon[7198:72020]    Track: ID=3, Title=Tron.Legacy.2010.REPACK.BluRay.1080p.DTS-HD.MA.7.1.AVC.REMUX-FraMeSToR, External=1
2026-01-07 14:16:21.674 RedLemon[7198:71867] 🔍 MPV track-list/count: 5
2026-01-07 14:16:21.674 RedLemon[7198:71867] 🔍 Track 0 type: sub
2026-01-07 14:16:21.674 RedLemon[7198:71867] ✅ Found subtitle track: ID=1, lang=en, title=Tron.Legacy.2010.REPACK.BluRay.1080p.DTS-HD.MA.7.1.AVC.REMUX-FraMeSToR, external=1
2026-01-07 14:16:21.674 RedLemon[7198:71867] 🔍 Track 1 type: sub
2026-01-07 14:16:21.674 RedLemon[7198:71867] ✅ Found subtitle track: ID=2, lang=en, title=Tron.Legacy.2010.REPACK.BluRay.1080p.DTS-HD.MA.7.1.AVC.REMUX-FraMeSToR, external=1
2026-01-07 14:16:21.675 RedLemon[7198:71867] 🔍 Track 2 type: sub
2026-01-07 14:16:21.675 RedLemon[7198:71867] ✅ Found subtitle track: ID=3, lang=en, title=Tron.Legacy.2010.REPACK.BluRay.1080p.DTS-HD.MA.7.1.AVC.REMUX-FraMeSToR, external=1
2026-01-07 14:16:21.675 RedLemon[7198:71867] 🔍 Track 3 type: video
2026-01-07 14:16:21.675 RedLemon[7198:71867] 🔍 Track 4 type: audio
2026-01-07 14:16:21.675 RedLemon[7198:71867] 📊 Total subtitle tracks found: 4 (including Off if needed)
2026-01-07 14:16:21.675 RedLemon[7198:71867]    Start[0]: ID=0, Title='Off', Lang='nil', Ext=0
2026-01-07 14:16:21.675 RedLemon[7198:71867]    Start[1]: ID=1, Title='Tron.Legacy.2010.REPACK.BluRay.1080p.DTS-HD.MA.7.1.AVC.REMUX-FraMeSToR', Lang='en', Ext=1
2026-01-07 14:16:21.675 RedLemon[7198:71867]    Start[2]: ID=2, Title='Tron.Legacy.2010.REPACK.BluRay.1080p.DTS-HD.MA.7.1.AVC.REMUX-FraMeSToR', Lang='en', Ext=1
2026-01-07 14:16:21.676 RedLemon[7198:71867]    Start[3]: ID=3, Title='Tron.Legacy.2010.REPACK.BluRay.1080p.DTS-HD.MA.7.1.AVC.REMUX-FraMeSToR', Lang='en', Ext=1
2026-01-07 14:16:21.676 RedLemon[7198:71867] ✅ SubtitleService: Scanned 4 tracks (Attempt 3/5)
2026-01-07 14:16:21.676 RedLemon[7198:71867]    Track: ID=0, Title=Off, External=0
2026-01-07 14:16:21.676 RedLemon[7198:71867]    Track: ID=1, Title=Tron.Legacy.2010.REPACK.BluRay.1080p.DTS-HD.MA.7.1.AVC.REMUX-FraMeSToR, External=1
2026-01-07 14:16:21.677 RedLemon[7198:71867]    Track: ID=2, Title=Tron.Legacy.2010.REPACK.BluRay.1080p.DTS-HD.MA.7.1.AVC.REMUX-FraMeSToR, External=1
2026-01-07 14:16:21.677 RedLemon[7198:71867]    Track: ID=3, Title=Tron.Legacy.2010.REPACK.BluRay.1080p.DTS-HD.MA.7.1.AVC.REMUX-FraMeSToR, External=1
2026-01-07 14:16:21.727 RedLemon[7198:71867] 🔍 MPV track-list/count: 5
2026-01-07 14:16:21.727 RedLemon[7198:71867] 🔍 Track 0 type: sub
2026-01-07 14:16:21.727 RedLemon[7198:71867] ✅ Found subtitle track: ID=1, lang=en, title=Tron.Legacy.2010.REPACK.BluRay.1080p.DTS-HD.MA.7.1.AVC.REMUX-FraMeSToR, external=1
2026-01-07 14:16:21.727 RedLemon[7198:71867] 🔍 Track 1 type: sub
2026-01-07 14:16:21.728 RedLemon[7198:71867] ✅ Found subtitle track: ID=2, lang=en, title=Tron.Legacy.2010.REPACK.BluRay.1080p.DTS-HD.MA.7.1.AVC.REMUX-FraMeSToR, external=1
2026-01-07 14:16:21.728 RedLemon[7198:71867] 🔍 Track 2 type: sub
2026-01-07 14:16:21.728 RedLemon[7198:71867] ✅ Found subtitle track: ID=3, lang=en, title=Tron.Legacy.2010.REPACK.BluRay.1080p.DTS-HD.MA.7.1.AVC.REMUX-FraMeSToR, external=1
2026-01-07 14:16:21.729 RedLemon[7198:71867] 🔍 Track 3 type: video
2026-01-07 14:16:21.729 RedLemon[7198:71867] 🔍 Track 4 type: audio
2026-01-07 14:16:21.729 RedLemon[7198:71867] 📊 Total subtitle tracks found: 4 (including Off if needed)
2026-01-07 14:16:21.729 RedLemon[7198:71867]    Start[0]: ID=0, Title='Off', Lang='nil', Ext=0
2026-01-07 14:16:21.729 RedLemon[7198:71867]    Start[1]: ID=1, Title='Tron.Legacy.2010.REPACK.BluRay.1080p.DTS-HD.MA.7.1.AVC.REMUX-FraMeSToR', Lang='en', Ext=1
2026-01-07 14:16:21.729 RedLemon[7198:71867]    Start[2]: ID=2, Title='Tron.Legacy.2010.REPACK.BluRay.1080p.DTS-HD.MA.7.1.AVC.REMUX-FraMeSToR', Lang='en', Ext=1
2026-01-07 14:16:21.730 RedLemon[7198:71867]    Start[3]: ID=3, Title='Tron.Legacy.2010.REPACK.BluRay.1080p.DTS-HD.MA.7.1.AVC.REMUX-FraMeSToR', Lang='en', Ext=1
2026-01-07 14:16:21.730 RedLemon[7198:71867] ✅ SubtitleService: Scanned 4 tracks (Attempt 2/5)
2026-01-07 14:16:21.731 RedLemon[7198:71867]    Track: ID=0, Title=Off, External=0
2026-01-07 14:16:21.734 RedLemon[7198:71867]    Track: ID=1, Title=Tron.Legacy.2010.REPACK.BluRay.1080p.DTS-HD.MA.7.1.AVC.REMUX-FraMeSToR, External=1
2026-01-07 14:16:21.735 RedLemon[7198:71867]    Track: ID=2, Title=Tron.Legacy.2010.REPACK.BluRay.1080p.DTS-HD.MA.7.1.AVC.REMUX-FraMeSToR, External=1
2026-01-07 14:16:21.735 RedLemon[7198:71867]    Track: ID=3, Title=Tron.Legacy.2010.REPACK.BluRay.1080p.DTS-HD.MA.7.1.AVC.REMUX-FraMeSToR, External=1
2026-01-07 14:16:22.464 RedLemon[7198:71882] 🔍 MPV track-list/count: 5
2026-01-07 14:16:22.464 RedLemon[7198:71882] 🔍 Track 0 type: sub
2026-01-07 14:16:22.464 RedLemon[7198:71882] ✅ Found subtitle track: ID=1, lang=en, title=Tron.Legacy.2010.REPACK.BluRay.1080p.DTS-HD.MA.7.1.AVC.REMUX-FraMeSToR, external=1
2026-01-07 14:16:22.465 RedLemon[7198:71882] 🔍 Track 1 type: sub
2026-01-07 14:16:22.465 RedLemon[7198:71882] ✅ Found subtitle track: ID=2, lang=en, title=Tron.Legacy.2010.REPACK.BluRay.1080p.DTS-HD.MA.7.1.AVC.REMUX-FraMeSToR, external=1
2026-01-07 14:16:22.465 RedLemon[7198:71882] 🔍 Track 2 type: sub
2026-01-07 14:16:22.465 RedLemon[7198:71882] ✅ Found subtitle track: ID=3, lang=en, title=Tron.Legacy.2010.REPACK.BluRay.1080p.DTS-HD.MA.7.1.AVC.REMUX-FraMeSToR, external=1
2026-01-07 14:16:22.466 RedLemon[7198:71882] 🔍 Track 3 type: video
2026-01-07 14:16:22.466 RedLemon[7198:71882] 🔍 Track 4 type: audio
2026-01-07 14:16:22.466 RedLemon[7198:71882] 📊 Total subtitle tracks found: 4 (including Off if needed)
2026-01-07 14:16:22.466 RedLemon[7198:71882]    Start[0]: ID=0, Title='Off', Lang='nil', Ext=0
2026-01-07 14:16:22.466 RedLemon[7198:71882]    Start[1]: ID=1, Title='Tron.Legacy.2010.REPACK.BluRay.1080p.DTS-HD.MA.7.1.AVC.REMUX-FraMeSToR', Lang='en', Ext=1
2026-01-07 14:16:22.466 RedLemon[7198:71882]    Start[2]: ID=2, Title='Tron.Legacy.2010.REPACK.BluRay.1080p.DTS-HD.MA.7.1.AVC.REMUX-FraMeSToR', Lang='en', Ext=1
2026-01-07 14:16:22.467 RedLemon[7198:71882]    Start[3]: ID=3, Title='Tron.Legacy.2010.REPACK.BluRay.1080p.DTS-HD.MA.7.1.AVC.REMUX-FraMeSToR', Lang='en', Ext=1
2026-01-07 14:16:22.467 RedLemon[7198:71882] ✅ SubtitleService: Scanned 4 tracks (Attempt 5/5)
2026-01-07 14:16:22.467 RedLemon[7198:71882]    Track: ID=0, Title=Off, External=0
2026-01-07 14:16:22.468 RedLemon[7198:71882]    Track: ID=1, Title=Tron.Legacy.2010.REPACK.BluRay.1080p.DTS-HD.MA.7.1.AVC.REMUX-FraMeSToR, External=1
2026-01-07 14:16:22.468 RedLemon[7198:71882]    Track: ID=2, Title=Tron.Legacy.2010.REPACK.BluRay.1080p.DTS-HD.MA.7.1.AVC.REMUX-FraMeSToR, External=1
2026-01-07 14:16:22.471 RedLemon[7198:71882]    Track: ID=3, Title=Tron.Legacy.2010.REPACK.BluRay.1080p.DTS-HD.MA.7.1.AVC.REMUX-FraMeSToR, External=1
2026-01-07 14:16:22.749 RedLemon[7198:71867] 🔍 MPV track-list/count: 5
2026-01-07 14:16:22.749 RedLemon[7198:71867] 🔍 Track 0 type: sub
2026-01-07 14:16:22.749 RedLemon[7198:71867] ✅ Found subtitle track: ID=1, lang=en, title=Tron.Legacy.2010.REPACK.BluRay.1080p.DTS-HD.MA.7.1.AVC.REMUX-FraMeSToR, external=1
2026-01-07 14:16:22.750 RedLemon[7198:71867] 🔍 Track 1 type: sub
2026-01-07 14:16:22.750 RedLemon[7198:71867] ✅ Found subtitle track: ID=2, lang=en, title=Tron.Legacy.2010.REPACK.BluRay.1080p.DTS-HD.MA.7.1.AVC.REMUX-FraMeSToR, external=1
2026-01-07 14:16:22.750 RedLemon[7198:71867] 🔍 Track 2 type: sub
2026-01-07 14:16:22.750 RedLemon[7198:71867] ✅ Found subtitle track: ID=3, lang=en, title=Tron.Legacy.2010.REPACK.BluRay.1080p.DTS-HD.MA.7.1.AVC.REMUX-FraMeSToR, external=1
2026-01-07 14:16:22.751 RedLemon[7198:71867] 🔍 Track 3 type: video
2026-01-07 14:16:22.751 RedLemon[7198:71867] 🔍 Track 4 type: audio
2026-01-07 14:16:22.751 RedLemon[7198:71867] 📊 Total subtitle tracks found: 4 (including Off if needed)
2026-01-07 14:16:22.751 RedLemon[7198:71867]    Start[0]: ID=0, Title='Off', Lang='nil', Ext=0
2026-01-07 14:16:22.751 RedLemon[7198:71867]    Start[1]: ID=1, Title='Tron.Legacy.2010.REPACK.BluRay.1080p.DTS-HD.MA.7.1.AVC.REMUX-FraMeSToR', Lang='en', Ext=1
2026-01-07 14:16:22.751 RedLemon[7198:71867]    Start[2]: ID=2, Title='Tron.Legacy.2010.REPACK.BluRay.1080p.DTS-HD.MA.7.1.AVC.REMUX-FraMeSToR', Lang='en', Ext=1
2026-01-07 14:16:22.752 RedLemon[7198:71867]    Start[3]: ID=3, Title='Tron.Legacy.2010.REPACK.BluRay.1080p.DTS-HD.MA.7.1.AVC.REMUX-FraMeSToR', Lang='en', Ext=1
2026-01-07 14:16:22.752 RedLemon[7198:71867] ✅ SubtitleService: Scanned 4 tracks (Attempt 3/5)
2026-01-07 14:16:22.752 RedLemon[7198:71867]    Track: ID=0, Title=Off, External=0
2026-01-07 14:16:22.752 RedLemon[7198:71867]    Track: ID=1, Title=Tron.Legacy.2010.REPACK.BluRay.1080p.DTS-HD.MA.7.1.AVC.REMUX-FraMeSToR, External=1
2026-01-07 14:16:22.753 RedLemon[7198:71867]    Track: ID=2, Title=Tron.Legacy.2010.REPACK.BluRay.1080p.DTS-HD.MA.7.1.AVC.REMUX-FraMeSToR, External=1
2026-01-07 14:16:22.753 RedLemon[7198:71867]    Track: ID=3, Title=Tron.Legacy.2010.REPACK.BluRay.1080p.DTS-HD.MA.7.1.AVC.REMUX-FraMeSToR, External=1
2026-01-07 14:16:22.753 RedLemon[7198:71867] 🔍 MPV track-list/count: 5
2026-01-07 14:16:22.753 RedLemon[7198:71867] 🔍 Track 0 type: sub
2026-01-07 14:16:22.754 RedLemon[7198:71867] ✅ Found subtitle track: ID=1, lang=en, title=Tron.Legacy.2010.REPACK.BluRay.1080p.DTS-HD.MA.7.1.AVC.REMUX-FraMeSToR, external=1
2026-01-07 14:16:22.754 RedLemon[7198:71867] 🔍 Track 1 type: sub
2026-01-07 14:16:22.754 RedLemon[7198:71867] ✅ Found subtitle track: ID=2, lang=en, title=Tron.Legacy.2010.REPACK.BluRay.1080p.DTS-HD.MA.7.1.AVC.REMUX-FraMeSToR, external=1
2026-01-07 14:16:22.754 RedLemon[7198:71867] 🔍 Track 2 type: sub
2026-01-07 14:16:22.754 RedLemon[7198:71867] ✅ Found subtitle track: ID=3, lang=en, title=Tron.Legacy.2010.REPACK.BluRay.1080p.DTS-HD.MA.7.1.AVC.REMUX-FraMeSToR, external=1
2026-01-07 14:16:22.754 RedLemon[7198:71867] 🔍 Track 3 type: video
2026-01-07 14:16:22.755 RedLemon[7198:71867] 🔍 Track 4 type: audio
2026-01-07 14:16:22.755 RedLemon[7198:71867] 📊 Total subtitle tracks found: 4 (including Off if needed)
2026-01-07 14:16:22.755 RedLemon[7198:71867]    Start[0]: ID=0, Title='Off', Lang='nil', Ext=0
2026-01-07 14:16:22.755 RedLemon[7198:71867]    Start[1]: ID=1, Title='Tron.Legacy.2010.REPACK.BluRay.1080p.DTS-HD.MA.7.1.AVC.REMUX-FraMeSToR', Lang='en', Ext=1
2026-01-07 14:16:22.755 RedLemon[7198:71867]    Start[2]: ID=2, Title='Tron.Legacy.2010.REPACK.BluRay.1080p.DTS-HD.MA.7.1.AVC.REMUX-FraMeSToR', Lang='en', Ext=1
2026-01-07 14:16:22.755 RedLemon[7198:71867]    Start[3]: ID=3, Title='Tron.Legacy.2010.REPACK.BluRay.1080p.DTS-HD.MA.7.1.AVC.REMUX-FraMeSToR', Lang='en', Ext=1
2026-01-07 14:16:22.756 RedLemon[7198:71867] ✅ SubtitleService: Scanned 4 tracks (Attempt 4/5)
2026-01-07 14:16:22.756 RedLemon[7198:71867]    Track: ID=0, Title=Off, External=0
2026-01-07 14:16:22.756 RedLemon[7198:71867]    Track: ID=1, Title=Tron.Legacy.2010.REPACK.BluRay.1080p.DTS-HD.MA.7.1.AVC.REMUX-FraMeSToR, External=1
2026-01-07 14:16:22.757 RedLemon[7198:71867]    Track: ID=2, Title=Tron.Legacy.2010.REPACK.BluRay.1080p.DTS-HD.MA.7.1.AVC.REMUX-FraMeSToR, External=1
2026-01-07 14:16:22.757 RedLemon[7198:71867]    Track: ID=3, Title=Tron.Legacy.2010.REPACK.BluRay.1080p.DTS-HD.MA.7.1.AVC.REMUX-FraMeSToR, External=1
2026-01-07 14:16:23.754 RedLemon[7198:71867] 🔍 MPV track-list/count: 5
2026-01-07 14:16:23.755 RedLemon[7198:71867] 🔍 Track 0 type: sub
2026-01-07 14:16:23.755 RedLemon[7198:71867] ✅ Found subtitle track: ID=1, lang=en, title=Tron.Legacy.2010.REPACK.BluRay.1080p.DTS-HD.MA.7.1.AVC.REMUX-FraMeSToR, external=1
2026-01-07 14:16:23.755 RedLemon[7198:71867] 🔍 Track 1 type: sub
2026-01-07 14:16:23.755 RedLemon[7198:71867] ✅ Found subtitle track: ID=2, lang=en, title=Tron.Legacy.2010.REPACK.BluRay.1080p.DTS-HD.MA.7.1.AVC.REMUX-FraMeSToR, external=1
2026-01-07 14:16:23.755 RedLemon[7198:71867] 🔍 Track 2 type: sub
2026-01-07 14:16:23.755 RedLemon[7198:71867] ✅ Found subtitle track: ID=3, lang=en, title=Tron.Legacy.2010.REPACK.BluRay.1080p.DTS-HD.MA.7.1.AVC.REMUX-FraMeSToR, external=1
2026-01-07 14:16:23.755 RedLemon[7198:71867] 🔍 Track 3 type: video
2026-01-07 14:16:23.756 RedLemon[7198:71867] 🔍 Track 4 type: audio
2026-01-07 14:16:23.756 RedLemon[7198:71867] 📊 Total subtitle tracks found: 4 (including Off if needed)
2026-01-07 14:16:23.756 RedLemon[7198:71867]    Start[0]: ID=0, Title='Off', Lang='nil', Ext=0
2026-01-07 14:16:23.756 RedLemon[7198:71867]    Start[1]: ID=1, Title='Tron.Legacy.2010.REPACK.BluRay.1080p.DTS-HD.MA.7.1.AVC.REMUX-FraMeSToR', Lang='en', Ext=1
2026-01-07 14:16:23.757 RedLemon[7198:71867]    Start[2]: ID=2, Title='Tron.Legacy.2010.REPACK.BluRay.1080p.DTS-HD.MA.7.1.AVC.REMUX-FraMeSToR', Lang='en', Ext=1
2026-01-07 14:16:23.757 RedLemon[7198:71867]    Start[3]: ID=3, Title='Tron.Legacy.2010.REPACK.BluRay.1080p.DTS-HD.MA.7.1.AVC.REMUX-FraMeSToR', Lang='en', Ext=1
2026-01-07 14:16:23.760 RedLemon[7198:71867] ✅ SubtitleService: Scanned 4 tracks (Attempt 4/5)
2026-01-07 14:16:23.761 RedLemon[7198:71867]    Track: ID=0, Title=Off, External=0
2026-01-07 14:16:23.761 RedLemon[7198:71867]    Track: ID=1, Title=Tron.Legacy.2010.REPACK.BluRay.1080p.DTS-HD.MA.7.1.AVC.REMUX-FraMeSToR, External=1
2026-01-07 14:16:23.761 RedLemon[7198:71867]    Track: ID=2, Title=Tron.Legacy.2010.REPACK.BluRay.1080p.DTS-HD.MA.7.1.AVC.REMUX-FraMeSToR, External=1
2026-01-07 14:16:23.761 RedLemon[7198:71867]    Track: ID=3, Title=Tron.Legacy.2010.REPACK.BluRay.1080p.DTS-HD.MA.7.1.AVC.REMUX-FraMeSToR, External=1
2026-01-07 14:16:23.762 RedLemon[7198:71867] 🔍 MPV track-list/count: 5
2026-01-07 14:16:23.762 RedLemon[7198:71867] 🔍 Track 0 type: sub
2026-01-07 14:16:23.762 RedLemon[7198:71867] ✅ Found subtitle track: ID=1, lang=en, title=Tron.Legacy.2010.REPACK.BluRay.1080p.DTS-HD.MA.7.1.AVC.REMUX-FraMeSToR, external=1
2026-01-07 14:16:23.762 RedLemon[7198:71867] 🔍 Track 1 type: sub
2026-01-07 14:16:23.762 RedLemon[7198:71867] ✅ Found subtitle track: ID=2, lang=en, title=Tron.Legacy.2010.REPACK.BluRay.1080p.DTS-HD.MA.7.1.AVC.REMUX-FraMeSToR, external=1
2026-01-07 14:16:23.762 RedLemon[7198:71867] 🔍 Track 2 type: sub
2026-01-07 14:16:23.762 RedLemon[7198:71867] ✅ Found subtitle track: ID=3, lang=en, title=Tron.Legacy.2010.REPACK.BluRay.1080p.DTS-HD.MA.7.1.AVC.REMUX-FraMeSToR, external=1
2026-01-07 14:16:23.762 RedLemon[7198:71867] 🔍 Track 3 type: video
2026-01-07 14:16:23.763 RedLemon[7198:71867] 🔍 Track 4 type: audio
2026-01-07 14:16:23.763 RedLemon[7198:71867] 📊 Total subtitle tracks found: 4 (including Off if needed)
2026-01-07 14:16:23.763 RedLemon[7198:71867]    Start[0]: ID=0, Title='Off', Lang='nil', Ext=0
2026-01-07 14:16:23.763 RedLemon[7198:71867]    Start[1]: ID=1, Title='Tron.Legacy.2010.REPACK.BluRay.1080p.DTS-HD.MA.7.1.AVC.REMUX-FraMeSToR', Lang='en', Ext=1
2026-01-07 14:16:23.763 RedLemon[7198:71867]    Start[2]: ID=2, Title='Tron.Legacy.2010.REPACK.BluRay.1080p.DTS-HD.MA.7.1.AVC.REMUX-FraMeSToR', Lang='en', Ext=1
2026-01-07 14:16:23.763 RedLemon[7198:71867]    Start[3]: ID=3, Title='Tron.Legacy.2010.REPACK.BluRay.1080p.DTS-HD.MA.7.1.AVC.REMUX-FraMeSToR', Lang='en', Ext=1
2026-01-07 14:16:23.763 RedLemon[7198:71867] ✅ SubtitleService: Scanned 4 tracks (Attempt 5/5)
2026-01-07 14:16:23.763 RedLemon[7198:71867]    Track: ID=0, Title=Off, External=0
2026-01-07 14:16:23.763 RedLemon[7198:71867]    Track: ID=1, Title=Tron.Legacy.2010.REPACK.BluRay.1080p.DTS-HD.MA.7.1.AVC.REMUX-FraMeSToR, External=1
2026-01-07 14:16:23.764 RedLemon[7198:71867]    Track: ID=2, Title=Tron.Legacy.2010.REPACK.BluRay.1080p.DTS-HD.MA.7.1.AVC.REMUX-FraMeSToR, External=1
2026-01-07 14:16:23.764 RedLemon[7198:71867]    Track: ID=3, Title=Tron.Legacy.2010.REPACK.BluRay.1080p.DTS-HD.MA.7.1.AVC.REMUX-FraMeSToR, External=1
2026-01-07 14:16:24.762 RedLemon[7198:72020] 🔍 MPV track-list/count: 5
2026-01-07 14:16:24.762 RedLemon[7198:72020] 🔍 Track 0 type: sub
2026-01-07 14:16:24.763 RedLemon[7198:72020] ✅ Found subtitle track: ID=1, lang=en, title=Tron.Legacy.2010.REPACK.BluRay.1080p.DTS-HD.MA.7.1.AVC.REMUX-FraMeSToR, external=1
2026-01-07 14:16:24.763 RedLemon[7198:72020] 🔍 Track 1 type: sub
2026-01-07 14:16:24.763 RedLemon[7198:72020] ✅ Found subtitle track: ID=2, lang=en, title=Tron.Legacy.2010.REPACK.BluRay.1080p.DTS-HD.MA.7.1.AVC.REMUX-FraMeSToR, external=1
2026-01-07 14:16:24.763 RedLemon[7198:72020] 🔍 Track 2 type: sub
2026-01-07 14:16:24.763 RedLemon[7198:72020] ✅ Found subtitle track: ID=3, lang=en, title=Tron.Legacy.2010.REPACK.BluRay.1080p.DTS-HD.MA.7.1.AVC.REMUX-FraMeSToR, external=1
2026-01-07 14:16:24.763 RedLemon[7198:72020] 🔍 Track 3 type: video
2026-01-07 14:16:24.764 RedLemon[7198:72020] 🔍 Track 4 type: audio
2026-01-07 14:16:24.764 RedLemon[7198:72020] 📊 Total subtitle tracks found: 4 (including Off if needed)
2026-01-07 14:16:24.764 RedLemon[7198:72020]    Start[0]: ID=0, Title='Off', Lang='nil', Ext=0
2026-01-07 14:16:24.764 RedLemon[7198:72020]    Start[1]: ID=1, Title='Tron.Legacy.2010.REPACK.BluRay.1080p.DTS-HD.MA.7.1.AVC.REMUX-FraMeSToR', Lang='en', Ext=1
2026-01-07 14:16:24.764 RedLemon[7198:72020]    Start[2]: ID=2, Title='Tron.Legacy.2010.REPACK.BluRay.1080p.DTS-HD.MA.7.1.AVC.REMUX-FraMeSToR', Lang='en', Ext=1
2026-01-07 14:16:24.764 RedLemon[7198:72020]    Start[3]: ID=3, Title='Tron.Legacy.2010.REPACK.BluRay.1080p.DTS-HD.MA.7.1.AVC.REMUX-FraMeSToR', Lang='en', Ext=1
2026-01-07 14:16:24.764 RedLemon[7198:72020] ✅ SubtitleService: Scanned 4 tracks (Attempt 5/5)
2026-01-07 14:16:24.764 RedLemon[7198:72020]    Track: ID=0, Title=Off, External=0
2026-01-07 14:16:24.764 RedLemon[7198:72020]    Track: ID=1, Title=Tron.Legacy.2010.REPACK.BluRay.1080p.DTS-HD.MA.7.1.AVC.REMUX-FraMeSToR, External=1
2026-01-07 14:16:24.764 RedLemon[7198:72020]    Track: ID=2, Title=Tron.Legacy.2010.REPACK.BluRay.1080p.DTS-HD.MA.7.1.AVC.REMUX-FraMeSToR, External=1
2026-01-07 14:16:24.765 RedLemon[7198:72020]    Track: ID=3, Title=Tron.Legacy.2010.REPACK.BluRay.1080p.DTS-HD.MA.7.1.AVC.REMUX-FraMeSToR, External=1
🔍 SubtitleService: Starting embedded track scan (polling 5s)...
📊 Current subtitle track: 3
[MPV] (+) Video --vid=1 (*) (h264 1920x816 23.976fps)
[MPV] (+) Audio --aid=1 (*) (aac 6ch 48000Hz)
[MPV] Subs  --sid=1 --slang=en 'Tron.Legacy.2010.REPACK.BluRay.1080p.DTS-HD.MA.7.1.AVC.REMUX-FraMeSToR' (webvtt) (external)
[MPV] Subs  --sid=2 --slang=en 'Tron.Legacy.2010.REPACK.BluRay.1080p.DTS-HD.MA.7.1.AVC.REMUX-FraMeSToR' (webvtt) (external)
[MPV] (+) Subs  --sid=3 --slang=en 'Tron.Legacy.2010.REPACK.BluRay.1080p.DTS-HD.MA.7.1.AVC.REMUX-FraMeSToR' (webvtt) (external)
 MPV Event: 18
 MPV Event: 18
🔍 SMART-LOAD: Starting track polling loop...
🔍 SMART-LOAD: Expecting 3 external subtitles to prevent race condition
🎉 EVENT: File loaded/Duration ready (7508.614550240537s), preparing to seek...
   Seeking to live edge: 5799s
🎉 EVENT: File loaded/Duration ready (7508.614550240537s), preparing to seek...
   Seeking to live edge: 5799s
✅ SMART-LOAD: Found 5 tracks including 3/3 external subs.
✅ SMART-LOAD: All tracks ready! Proceeding to selection.
📂 MPVPlayerViewModel: File Loaded - Re-scanning embedded tracks...
🔍 SubtitleService: Starting embedded track scan (polling 5s)...
🎉 EVENT: File loaded/Duration ready (7508.614550240537s), preparing to seek...
   Seeking to live edge: 5799s
🔍 AUDIO AUTO-SELECT: Starting smart audio track scan
🔍 Track 1: Track 1 | 6ch | English: false | Commentary: false -> Score: 65
🏆 Selected best audio track: Track 1 (ID: 1, Score: 65)
🔍 AUDIO AUTO-SELECT: Starting smart audio track scan
🔍 Track 1: Track 1 | 6ch | English: false | Commentary: false -> Score: 65
🏆 Selected best audio track: Track 1 (ID: 1, Score: 65)
🔍 AUTO-SELECT: Starting subtitle scan & selection refresh
🔍 AUTO-SELECT: Found 5 total tracks
🔍 AUTO-SELECT: Track 0 - ID: 1, lang: 'en', title: 'Tron.Legacy.2010.REPACK.BluRay.1080p.DTS-HD.MA.7.1.AVC.REMUX-FraMeSToR', forced: false, default: false, HI: false, Ext: true
🔍 AUTO-SELECT: Track 1 - ID: 2, lang: 'en', title: 'Tron.Legacy.2010.REPACK.BluRay.1080p.DTS-HD.MA.7.1.AVC.REMUX-FraMeSToR', forced: false, default: false, HI: false, Ext: true
🔍 AUTO-SELECT: Track 2 - ID: 3, lang: 'en', title: 'Tron.Legacy.2010.REPACK.BluRay.1080p.DTS-HD.MA.7.1.AVC.REMUX-FraMeSToR', forced: false, default: false, HI: false, Ext: true
📊 Current subtitle track: 3
✅ Auto-selecting BEST English subtitle: Tron.Legacy.2010.REPACK.BluRay.1080p.DTS-HD.MA.7.1.AVC.REMUX-FraMeSToR (ID: 3) [External: true, Forced: false, Default: false, HI: false]
   🏆 Final Score: 0 (Embedded: 0, Match: 0, Clean: 0, SDH: 0)
 MPV Event: 18
 MPV Event: 17
 MPV Event: 20
[MPV] Using hardware decoding (videotoolbox).
[MPV] AO: [coreaudio] 48000Hz stereo 2ch floatp
[MPV] Track switched:
[MPV] (+) Video --vid=1 (*) (h264 [High] 1920x816 23.976fps)
[MPV] (+) Audio --aid=1 (*) (aac [LC] 6ch 48000Hz)
[MPV] Subs  --sid=1 --slang=en 'Tron.Legacy.2010.REPACK.BluRay.1080p.DTS-HD.MA.7.1.AVC.REMUX-FraMeSToR' (webvtt) (external)
[MPV] Subs  --sid=2 --slang=en 'Tron.Legacy.2010.REPACK.BluRay.1080p.DTS-HD.MA.7.1.AVC.REMUX-FraMeSToR' (webvtt) (external)
[MPV] (+) Subs  --sid=3 --slang=en 'Tron.Legacy.2010.REPACK.BluRay.1080p.DTS-HD.MA.7.1.AVC.REMUX-FraMeSToR' (webvtt) (external)
🎬 DisplayLink: reportSwap() (throttled)
⏸️ SMART-LOAD: Staying paused (Watch Party / User Request)
⚡️ PlaybackService: creating sleep assertion (preventing idle sleep)
✅ Video ready - hiding poster
🎉 EVENT: Video ready, drift is small (0.47s), skipping redundant seek
📝 Started watch history tracking
⚠️ onVideoReady called again - ignoring to prevent loops
⚠️ onVideoReady called again - ignoring to prevent loops
📊 Current subtitle track: 3
 MPV Event: 20
📊 Current subtitle track: 3
🎬 DisplayLink: reportSwap() (throttled)
[MPV] VO: [libmpv] 1920x816 videotoolbox[nv12]
 MPV Event: 17
🎬 MPV: Frame ready! Calling layer.update() (throttled)
🎬 Layer.update() called - forceDraw:false needsFlip:true (throttled)
🎬 canDraw() = true (forceDraw:false, hasFrame:true) (throttled)
🎬 draw() - Rendering frame! (throttled)
⏳ MPVPlayerViewModel: Buffering finished during Event Seek - Starting 500ms Render Stabilization Timer...
📊 Current subtitle track: 3
✅ MPVPlayerViewModel: Render Stabilization Complete - Releasing UI
🎬 DisplayLink: reportSwap() (throttled)
📊 Current subtitle track: 3
📊 Current subtitle track: 3
🎬 DisplayLink: reportSwap() (throttled)
📊 Current subtitle track: 3
🎬 MPV: Frame ready! Calling layer.update() (throttled)
📊 Current subtitle track: 3
🔍 AUTO-SELECT: Starting subtitle scan & selection refresh
🔍 AUTO-SELECT: Found 5 total tracks
🔍 AUTO-SELECT: Track 0 - ID: 1, lang: 'en', title: 'Tron.Legacy.2010.REPACK.BluRay.1080p.DTS-HD.MA.7.1.AVC.REMUX-FraMeSToR', forced: false, default: false, HI: false, Ext: true
🔍 AUTO-SELECT: Track 1 - ID: 2, lang: 'en', title: 'Tron.Legacy.2010.REPACK.BluRay.1080p.DTS-HD.MA.7.1.AVC.REMUX-FraMeSToR', forced: false, default: false, HI: false, Ext: true
🔍 AUTO-SELECT: Track 2 - ID: 3, lang: 'en', title: 'Tron.Legacy.2010.REPACK.BluRay.1080p.DTS-HD.MA.7.1.AVC.REMUX-FraMeSToR', forced: false, default: false, HI: false, Ext: true
✅ Auto-selecting BEST English subtitle: Tron.Legacy.2010.REPACK.BluRay.1080p.DTS-HD.MA.7.1.AVC.REMUX-FraMeSToR (ID: 3) [External: true, Forced: false, Default: false, HI: false]
   🏆 Final Score: 0 (Embedded: 0, Match: 0, Clean: 0, SDH: 0)
🎬 DisplayLink: reportSwap() (throttled)
📊 Current subtitle track: 3
🎬 Layer.update() called - forceDraw:false needsFlip:true (throttled)
🎬 DisplayLink: reportSwap() (throttled)
🎬 MPV: Frame ready! Calling layer.update() (throttled)
🎬 DisplayLink: reportSwap() (throttled)
🎬 canDraw() = true (forceDraw:false, hasFrame:true) (throttled)
🎬 draw() - Rendering frame! (throttled)
🎬 DisplayLink: reportSwap() (throttled)
🎬 Layer.update() called - forceDraw:false needsFlip:true (throttled)
🎬 MPV: Frame ready! Calling layer.update() (throttled)
🎬 DisplayLink: reportSwap() (throttled)
📝 Set subtitle track to: 2 (async, visibility enabled)
[MPV] Track switched:
[MPV] (+) Video --vid=1 (*) (h264 [High] 1920x816 23.976fps)
🔍 SubtitleService: Starting embedded track scan (polling 5s)...
📊 Current subtitle track: 2
[MPV] (+) Audio --aid=1 (*) (aac [LC] 6ch 48000Hz)
[MPV] Subs  --sid=1 --slang=en 'Tron.Legacy.2010.REPACK.BluRay.1080p.DTS-HD.MA.7.1.AVC.REMUX-FraMeSToR' (webvtt) (external)
[MPV] (+) Subs  --sid=2 --slang=en 'Tron.Legacy.2010.REPACK.BluRay.1080p.DTS-HD.MA.7.1.AVC.REMUX-FraMeSToR' (webvtt) (external)
📨 Received: {"ref":null,"event":"presence_diff","payload":{"joins":{"402615ee-ebfd-11f0-823d-9ee62e3b7bba":{"metas":[{"phx_ref":"GIiI5sWCkfM6Apnh","phx_ref_prev":"GIiI4iOFYgE6ApZh","last_seen":"2026-01-07T19:16:18.383Z","room_id":"event_tt1104001","started_at":"2026-01-07T19:15:43.933Z","status":"online","user_id":"96e01cdb-36c0-4228-a6e4-a29a3c66bc8e","username":"lemontom","watching_id":"tt1104001","watching_title":"Tron: Legacy","watching_type":"movie"}]}},"leaves":{"402615ee-ebfd-11f0-823d-9ee62e3b7bba":{"metas":[{"phx_ref":"GIiI4iOFYgE6ApZh","phx_ref_prev":"GIiI3sCIjio6ApXB","last_seen":"2026-01-07T19:15:58.485Z","room_id":"event_tt1104001","started_at":"2026-01-07T19:15:43.933Z","status":"online","user_id":"96e01cdb-36c0-4228-a6e4-a29a3c66bc8e","username":"lemontom","watching_id":"tt1104001","watching_title":"Tron: Legacy","watching_type":"movie"}]}}},"topic":"realtime:global-presence"}
[MPV] Subs  --sid=3 --slang=en 'Tron.Legacy.2010.REPACK.BluRay.1080p.DTS-HD.MA.7.1.AVC.REMUX-FraMeSToR' (webvtt) (external)
🎬 DisplayLink: reportSwap() (throttled)
🎬 MPV: Frame ready! Calling layer.update() (throttled)
📊 Current subtitle track: 2
📝 Set subtitle track to: 1 (async, visibility enabled)
[MPV] Track switched:
🔍 SubtitleService: Starting embedded track scan (polling 5s)...
📊 Current subtitle track: 1
[MPV] (+) Video --vid=1 (*) (h264 [High] 1920x816 23.976fps)
[MPV] (+) Audio --aid=1 (*) (aac [LC] 6ch 48000Hz)
[MPV] (+) Subs  --sid=1 --slang=en 'Tron.Legacy.2010.REPACK.BluRay.1080p.DTS-HD.MA.7.1.AVC.REMUX-FraMeSToR' (webvtt) (external)
[MPV] Subs  --sid=2 --slang=en 'Tron.Legacy.2010.REPACK.BluRay.1080p.DTS-HD.MA.7.1.AVC.REMUX-FraMeSToR' (webvtt) (external)
[MPV] Subs  --sid=3 --slang=en 'Tron.Legacy.2010.REPACK.BluRay.1080p.DTS-HD.MA.7.1.AVC.REMUX-FraMeSToR' (webvtt) (external)
🎬 DisplayLink: reportSwap() (throttled)
🎬 Layer.update() called - forceDraw:false needsFlip:true (throttled)
📨 Received: {"ref":"3","event":"phx_reply","payload":{"status":"ok","response":{}},"topic":"realtime:global-presence"}
📨 Received: {"ref":null,"event":"presence_diff","payload":{"joins":{"4cfe77f2-ebfd-11f0-ae06-9ee62e3b7bba":{"metas":[{"phx_ref":"GIiI5yNxB0s6ApoB","phx_ref_prev":"GIiI5E8Euho6Aobi","last_seen":"2026-01-07T19:16:19.845Z","room_id":"event_tt1104001","started_at":"2026-01-07T19:16:07.692Z","status":"online","user_id":"656daa91-33b4-4688-9135-c982ea52d7c9","username":"ursinho","watching_id":"tt1104001","watching_title":"Tron: Legacy","watching_type":"movie"}]}},"leaves":{"4cfe77f2-ebfd-11f0-ae06-9ee62e3b7bba":{"metas":[{"phx_ref":"GIiI5E8Euho6Aobi","phx_ref_prev":"GIiI4nT1Z3o6Apdh","last_seen":"2026-01-07T19:16:07.692Z","room_id":"event_tt1104001","started_at":"2026-01-07T19:16:07.692Z","status":"online","user_id":"656daa91-33b4-4688-9135-c982ea52d7c9","username":"ursinho","watching_id":"tt1104001","watching_title":"Tron: Legacy","watching_type":"movie"}]}}},"topic":"realtime:global-presence"}
📊 Current subtitle track: 1
📊 Current subtitle track: 1
📝 Set subtitle track to: 3 (async, visibility enabled)
[MPV] Track switched:
🎬 DisplayLink: reportSwap() (throttled)
🔍 SubtitleService: Starting embedded track scan (polling 5s)...
[MPV] (+) Video --vid=1 (*) (h264 [High] 1920x816 23.976fps)
📊 Current subtitle track: 3
[MPV] (+) Audio --aid=1 (*) (aac [LC] 6ch 48000Hz)
[MPV] Subs  --sid=1 --slang=en 'Tron.Legacy.2010.REPACK.BluRay.1080p.DTS-HD.MA.7.1.AVC.REMUX-FraMeSToR' (webvtt) (external)
🎬 canDraw() = true (forceDraw:false, hasFrame:true) (throttled)
🎬 draw() - Rendering frame! (throttled)
[MPV] Subs  --sid=2 --slang=en 'Tron.Legacy.2010.REPACK.BluRay.1080p.DTS-HD.MA.7.1.AVC.REMUX-FraMeSToR' (webvtt) (external)
🎬 MPV: Frame ready! Calling layer.update() (throttled)
[MPV] (+) Subs  --sid=3 --slang=en 'Tron.Legacy.2010.REPACK.BluRay.1080p.DTS-HD.MA.7.1.AVC.REMUX-FraMeSToR' (webvtt) (external)
📊 Current subtitle track: 3
📊 Current subtitle track: 3
🎬 DisplayLink: reportSwap() (throttled)
📊 Current subtitle track: 3
📊 Current subtitle track: 3
🎬 DisplayLink: reportSwap() (throttled)
📊 Current subtitle track: 3
📊 Current subtitle track: 3
🎬 Layer.update() called - forceDraw:false needsFlip:true (throttled)
🎬 MPV: Frame ready! Calling layer.update() (throttled)
🎬 DisplayLink: reportSwap() (throttled)
📊 Current subtitle track: 3
📊 Current subtitle track: 3
🎬 DisplayLink: reportSwap() (throttled)
📊 Current subtitle track: 3
🎬 MPV: Frame ready! Calling layer.update() (throttled)
🎬 Layer.update() called - forceDraw:false needsFlip:true (throttled)
🎬 DisplayLink: reportSwap() (throttled)
🎬 canDraw() = true (forceDraw:false, hasFrame:true) (throttled)
🎬 draw() - Rendering frame! (throttled)
🎬 DisplayLink: reportSwap() (throttled)
🎬 MPV: Frame ready! Calling layer.update() (throttled)
💓 Heartbeat sent
📨 Received: {"ref":"2","event":"phx_reply","payload":{"status":"ok","response":{}},"topic":"phoenix"}
🎬 DisplayLink: reportSwap() (throttled)
