2026-01-05 13:14:54.880 RedLemon[4844:35721] 🪟 Set initial window to expanded size: (0.0, 150.0, 1366.0, 593.0)
2026-01-05 13:14:54.880 RedLemon[4844:35721] ✅ Cache cleanup timer started (runs every 30 minutes)
2026-01-05 13:14:54.968 RedLemon[4844:35721] 🔄 Resetting playback state to prevent auto-selection...
2026-01-05 13:14:54.968 RedLemon[4844:35788] 🔍 KeychainManager: Retrieved username 'ursinho' from UserDefaults
2026-01-05 13:14:55.004 RedLemon[4844:35721] ✅ Playback state reset complete - starting in browse view
2026-01-05 13:14:55.004 RedLemon[4844:35721] 🔐 APP STARTUP: Loading stored user credentials...
2026-01-05 13:14:55.004 RedLemon[4844:35721] 🧪 Testing Profile: debug
2026-01-05 13:14:55.005 RedLemon[4844:35787] 🔍 KeychainManager: Retrieved username 'ursinho' from UserDefaults
2026-01-05 13:14:55.036 RedLemon[4844:35721] ✅ Keychain: Found stored username: ursinho
2026-01-05 13:14:55.037 RedLemon[4844:35721] 🔍 Supabase: Looking up user 'ursinho' in database...
2026-01-05 13:14:55.037 RedLemon[4844:35790] 🔍 SupabaseClient: Looking up user by username 'ursinho'
2026-01-05 13:14:55.197 RedLemon[4844:35790] 📡 SupabaseClient: User lookup response received (358 bytes)
2026-01-05 13:14:55.208 RedLemon[4844:35790] ✅ SupabaseClient: Decoded 1 users from response
2026-01-05 13:14:55.208 RedLemon[4844:35790] 👤 SupabaseClient: Found user - ursinho (ID: 656DAA91-33B4-4688-9135-C982EA52D7C9)
2026-01-05 13:14:55.235 RedLemon[4844:35721] ✅ AUTH SUCCESS: User authenticated - ursinho (ID: 656DAA91-33B4-4688-9135-C982EA52D7C9)
2026-01-05 13:14:55.235 RedLemon[4844:35721] 🎯 AppState: currentUsername=ursinho, currentUserId=656DAA91-33B4-4688-9135-C982EA52D7C9
2026-01-05 13:14:55.235 RedLemon[4844:35721] 🏁 AUTH COMPLETE: Final state - username=ursinho, userId=656DAA91-33B4-4688-9135-C982EA52D7C9
2026-01-05 13:14:55.235 RedLemon[4844:35721] 🚀 RedLemon: Starting HTTP server...
2026-01-05 13:14:55.235 RedLemon[4844:35721] 📋 RedLemon: Current directory: /Users/danielnoble/Desktop/Redlemon
2026-01-05 13:14:55.256 RedLemon[4844:35721] ✅ RedLemon: HTTPServer instance created
2026-01-05 13:14:55.257 RedLemon[4844:35792] 📡 RedLemon: Server starting on port 47253...
⏲️ [EventsConfig] Starting polling fallback (every 60s)
🔌 Connecting to Supabase Realtime: wss://nhvsojszwfvcinkyvzmf.supabase.co/realtime/v1/websocket
✅ Connected to Supabase Realtime
✅ Sparkle configured (manual only, no auto-checks)
   Appcast URL: https://raw.githubusercontent.com/orangeapple1272/Redlemon/main/appcast.xml
   Can check: false
📅 EventsView appeared
📡 Joined channel: realtime:events_config_updates
✅ [EventsConfig] Subscribed to realtime schedule updates
📨 Received: {"ref":"70ADC181-3FAC-4C7C-9949-C41EAB17E9EA","event":"phx_reply","payload":{"status":"ok","response":{"postgres_changes":[{"id":53636278,"event":"INSERT","filter":"config_type=eq.movie_events","schema":"public","table":"events_config"}]}},"topic":"realtime:events_config_updates"}
📨 Received: {"ref":null,"event":"system","payload":{"message":"Subscribed to PostgreSQL","status":"ok","extension":"postgres_changes","channel":"events_config_updates"},"topic":"realtime:events_config_updates"}
📨 Received: {"ref":null,"event":"presence_state","payload":{},"topic":"realtime:events_config_updates"}
🎬 [EventsView] Fetching movie events from centralized config...
📡 [EventsConfig] Checking server for movie_events config version...
🔍 Memory pressure monitoring enabled (safe mode)
🔍 Silent update check (custom implementation)...
🖥️ CacheManager initialized with fixed conservative limits
   Image cache limit: 30 items
📂 Loaded 5 credential(s) from cache
✅ Token routes registered:
   POST /tokens/save
   POST /tokens/delete
   GET  /tokens/list
✅ Unlock routes registered:
   POST /api/streams/unlock
✅ Stream routes registered:
   POST /api/streams/resolve
   GET  /api/streams/resolveByQuality
   GET  /api/streams/resolveAll
✅ Proxy routes registered:
   GET /play/rd/:infoHash/:fileIdx
   GET /play/rd/:infoHash
✅ Subtitle routes registered:
   GET /subtitles/search?imdbId=&type=
   GET /subtitles/subdl/:encodedPath
✅ All routes registered
✅ HTTP Server configured on http://127.0.0.1:47253
🚀 Starting HTTP server...
✅ Providers initialized: torrentio, comet, zilean, mediafusion, debridsearch
[ NOTICE ] Server started on http://127.0.0.1:47253
2026-01-05 13:14:55.329 RedLemon[4844:35721] ✅ Loaded user: ursinho (ID: 656DAA91-33B4-4688-9135-C982EA52D7C9)
2026-01-05 13:14:57.298 RedLemon[4844:35721] ✅ RedLemon: Server marked as ready
2026-01-05 13:14:57.334 RedLemon[4844:35721] ✅ RedLemon: Server should be running on http://127.0.0.1:47253
2026-01-05 13:14:57.334 RedLemon[4844:35721] 🔍 Performing startup checks...
2026-01-05 13:14:57.334 RedLemon[4844:35721] ✅ Username-based authentication ready
2026-01-05 13:14:58.642 RedLemon[4844:35721] 🔍 Performing startup checks...
2026-01-05 13:14:58.642 RedLemon[4844:35721] ✅ Username-based authentication ready
2026-01-05 13:15:00.175 RedLemon[4844:35721] 🔄 Checking for app updates...
2026-01-05 13:15:06.878 RedLemon[4844:35790] 📡 StreamService: Fetching metadata for tt0413300...
✅ HTTP server running on http://127.0.0.1:47253

🔗 Available endpoints:
   http://127.0.0.1:47253/health
   http://127.0.0.1:47253/status
   http://127.0.0.1:47253/api/health

✅ [EventsConfig] Fetched movie_events version 1468 with 428 movies
✅ [EventsConfig] Using cached movie_events config (version 1468, 428 movies)
✅ [EventsView] Loaded 428 movies from config version 1468
🗓 AppState: Updated schedule epoch to 2025-12-28 18:59:27 +0000
⏰ AppState: Next schedule update set for Event End: 2026-01-05 18:42:27 +0000
⏰ AppState: Scheduling update in 1652 seconds
🖼️ [CACHE] Cached image data for key: https://images.metahub.space/background/medium/tt0413300/img (809602 bytes)
❌ Supabase error (404): {"code":"PGRST205","details":null,"hint":"Perhaps you meant the table 'public.users'","message":"Could not find the table 'public.user_blocks' in the schema cache"}
⚠️ Failed to load blocked users: httpError(404, "{\"code\":\"PGRST205\",\"details\":null,\"hint\":\"Perhaps you meant the table \'public.users\'\",\"message\":\"Could not find the table \'public.user_blocks\' in the schema cache\"}")
❌ Supabase error (404): {"code":"PGRST205","details":null,"hint":"Perhaps you meant the table 'public.users'","message":"Could not find the table 'public.user_blocks' in the schema cache"}
⚠️ Failed to load blocked users: httpError(404, "{\"code\":\"PGRST205\",\"details\":null,\"hint\":\"Perhaps you meant the table \'public.users\'\",\"message\":\"Could not find the table \'public.user_blocks\' in the schema cache\"}")
🔌 SocialService: Connecting to global presence...
🔌 Connecting to Supabase Realtime: wss://nhvsojszwfvcinkyvzmf.supabase.co/realtime/v1/websocket
✅ Connected to Supabase Realtime
✅ SocialService: Presence connected
📡 Joined channel: realtime:global-presence
✅ SocialService: Connected to global presence
🔌 SocialService: Connecting to DM channel...
🔌 Connecting to Supabase Realtime: wss://nhvsojszwfvcinkyvzmf.supabase.co/realtime/v1/websocket
✅ Connected to Supabase Realtime
✅ SocialService: DM channel connected
📨 Received: {"ref":"ADBFB075-AECB-445F-B563-61CC792F7952","event":"phx_reply","payload":{"status":"ok","response":{"postgres_changes":[]}},"topic":"realtime:global-presence"}
📨 Received: {"ref":null,"event":"presence_state","payload":{"146dae5e-ea62-11f0-86e8-0a58a9feac02":{"metas":[{"phx_ref":"GIfoYPhnYkoRUtXK","phx_ref_prev":"GIfoXFInEJURUtvG","last_seen":"2026-01-05T18:14:41.811Z","room_id":"event_tt0413300","started_at":"2026-01-05T18:13:01.936Z","status":"online","user_id":"96e01cdb-36c0-4228-a6e4-a29a3c66bc8e","username":"lemontom","watching_id":"tt0413300","watching_title":"Spider-Man 3","watching_type":"movie"}]}},"topic":"realtime:global-presence"}
📈 SocialService: User 96e01cdb-36c0-4228-a6e4-a29a3c66bc8e came online
📨 Received: {"ref":"1","event":"phx_reply","payload":{"status":"ok","response":{}},"topic":"realtime:global-presence"}
📨 Received: {"ref":null,"event":"presence_diff","payload":{"joins":{"7083c854-ea62-11f0-9a32-0a58a9feac02":{"metas":[{"phx_ref":"GIfoZFV3AJ3dTqmM","last_seen":"2026-01-05T18:14:56.035Z","status":"online","user_id":"656DAA91-33B4-4688-9135-C982EA52D7C9","username":"ursinho"}]}},"leaves":{}},"topic":"realtime:global-presence"}
📈 SocialService: User 656daa91-33b4-4688-9135-c982ea52d7c9 came online
📡 Joined channel: realtime:direct_messages
✅ SocialService: Connected to DM channel
📨 Received: {"ref":"DBBD0C7A-3C50-4098-AA30-D091932CA5F4","event":"phx_reply","payload":{"status":"ok","response":{"postgres_changes":[{"id":44215242,"event":"INSERT","filter":"receiver_id=eq.656daa91-33b4-4688-9135-c982ea52d7c9","schema":"public","table":"direct_messages"},{"id":13418599,"event":"INSERT","filter":"sender_id=eq.656daa91-33b4-4688-9135-c982ea52d7c9","schema":"public","table":"direct_messages"}]}},"topic":"realtime:direct_messages"}
📨 Received: {"ref":null,"event":"system","payload":{"message":"Subscribed to PostgreSQL","status":"ok","extension":"postgres_changes","channel":"direct_messages"},"topic":"realtime:direct_messages"}
📨 Received: {"ref":null,"event":"presence_state","payload":{},"topic":"realtime:direct_messages"}
📬 SocialService: Fetched 0 unread messages
🔄 SocialService: Syncing 7 items to cloud...
🔄 SocialService: Syncing 7 items to cloud (serial)...
💰 LicenseManager: Checking for background crypto payments...
💰 Check Payment Response: {"success":false,"message":"No new payments detected","debug":{"checked_count":1,"assets_found":[{"chain":"base","currency":"ETH","amount":66191878437,"amountFloat":6.6191878437e-8}],"prices":{"btc":94124,"eth":3205.91},"logs":[],"rpc_logs":["Scanning evm address: 0xde969b58087D2B2C4C79C2234dE8A9E2A503E1FD","arb eth_getBalance: 0x0","base eth_getBalance: 0xf6957e925","opt eth_getBalance: undefined","eth eth_getBalance: undefined","poly eth_getBalance: undefined"]}}
🚫 Subscription revoked or inactive.
💰 LicenseManager: Checking for background crypto payments...
💰 Check Payment Response: {"success":false,"message":"No new payments detected","debug":{"checked_count":1,"assets_found":[{"chain":"base","currency":"ETH","amount":66191878437,"amountFloat":6.6191878437e-8}],"prices":{"btc":94124,"eth":3209.105},"logs":[],"rpc_logs":["Scanning evm address: 0xde969b58087D2B2C4C79C2234dE8A9E2A503E1FD","base eth_getBalance: 0xf6957e925","arb eth_getBalance: 0x0","opt eth_getBalance: undefined","eth eth_getBalance: undefined","poly eth_getBalance: undefined"]}}
🚫 Subscription revoked or inactive.
🔍 Manual update check requested...
⏰ TimeService: Synchronizing clock with server...
✅ TimeService: Synced! Offset: 0.340s (RTT: 88ms)
   Local:  2026-01-05 18:15:00 +0000
   Server: 2026-01-05 18:15:00 +0000
⏰ Time synced with server! AppState should automatically recalculate.
📨 Received: {"ref":null,"event":"presence_diff","payload":{"joins":{"146dae5e-ea62-11f0-86e8-0a58a9feac02":{"metas":[{"phx_ref":"GIfoZaJmadsRUibO","phx_ref_prev":"GIfoYPhnYkoRUtXK","last_seen":"2026-01-05T18:15:01.834Z","room_id":"event_tt0413300","started_at":"2026-01-05T18:13:01.936Z","status":"online","user_id":"96e01cdb-36c0-4228-a6e4-a29a3c66bc8e","username":"lemontom","watching_id":"tt0413300","watching_title":"Spider-Man 3","watching_type":"movie"}]}},"leaves":{"146dae5e-ea62-11f0-86e8-0a58a9feac02":{"metas":[{"phx_ref":"GIfoYPhnYkoRUtXK","phx_ref_prev":"GIfoXFInEJURUtvG","last_seen":"2026-01-05T18:14:41.811Z","room_id":"event_tt0413300","started_at":"2026-01-05T18:13:01.936Z","status":"online","user_id":"96e01cdb-36c0-4228-a6e4-a29a3c66bc8e","username":"lemontom","watching_id":"tt0413300","watching_title":"Spider-Man 3","watching_type":"movie"}]}}},"topic":"realtime:global-presence"}
[2026-01-05T18:15:06Z] [INFO] [EventsView.swift:253] 🎟️ Joining event: Spider-Man 3 (Live: true)
   Event start time: 2026-01-05 16:13:27 +0000
   Event duration: 8940.0s
   Current time: 2026-01-05 18:15:07 +0000
   Is Live: true
   Is In Lobby: false
✅ Event room already exists: event_tt0413300
⚠️ Room exists but has no stream_hash - repairing...
[2026-01-05T18:15:06Z] [INFO] [StreamService.swift:47] 🎬 StreamService: Starting resolution for: Spider-Man 3
[ INFO ] GET /api/metadata/meta/movie/tt0413300 [request-id: 31A53C3A-C599-4CE3-A604-2BEBFC58896D]
2026-01-05 13:15:07.106 RedLemon[4844:35791] 📦 Decoded CinemetaMeta - videos count: -1
2026-01-05 13:15:07.107 RedLemon[4844:35791] ✅ StreamService: Metadata loaded: Spider-Man 3
2026-01-05 13:15:07.107 RedLemon[4844:35791] ⚡️ StreamService: Resolving streams via StreamResolver (Bypassing HTTP)...
2026-01-05 13:15:07.108 RedLemon[4844:35791] ⚡️ StreamResolver: Resolving streams for tt0413300 (S0E0)
2026-01-05 13:15:07.109 RedLemon[4844:35791]    📅 Filtering by year: 2007
2026-01-05 13:15:07.185 RedLemon[4844:35790] 📦 StreamResolver: Fetching streams from ProviderManager...
2026-01-05 13:15:07.185 RedLemon[4844:35790] 🔍 ProviderManager: Fetching streams for tt0413300...
2026-01-05 13:15:07.189 RedLemon[4844:35792] ✨ Torrentio: Using Auto-Generated Config (realdebrid/KEY)
2026-01-05 13:15:07.189 RedLemon[4844:35788] 🎬 DebridSearch: Building URL for movie (no season/episode)
2026-01-05 13:15:07.189 RedLemon[4844:35788] 🔗 DebridSearch URL: https://68d69db7dc40-debrid-search.baby-beamup.club/7                     0ebridApiKey23A222,                     0ebridProvider23A2ealDebrid27D/stream/movie/tt0413300.json
2026-01-05 13:15:07.190 RedLemon[4844:35792] 🎬 Torrentio: Building URL for movie (no season/episode)
2026-01-05 13:15:07.190 RedLemon[4844:35788] 🔍 DebridSearch: Fetching https://68d69db7dc40-debrid-search.baby-beamup.club/7                     0ebridApiKey23A267JV2V4FTUA7RYN6T34BFIUBRUZERBO45A6UL3O7TE5ZHFDQQSA2                     0ebridProvider23A2ealDebrid27D/stream/movie/tt0413300.json
2026-01-05 13:15:07.190 RedLemon[4844:35792] 🔗 Torrentio URL: https://torrentio.strem.fun/realdebrid/K67JV2V4FTUA7RYN6T34BFIUBRUZERBO45A6UL3O7TE5ZHFDQQSA/stream/movie/tt0413300.json
2026-01-05 13:15:07.190 RedLemon[4844:35792] 🔍 Torrentio: Fetching https://torrentio.strem.fun/realdebrid/K67JV2V4FTUA7RYN6T34BFIUBRUZERBO45A6UL3O7TE5ZHFDQQSA/stream/movie/tt0413300.json
2026-01-05 13:15:07.202 RedLemon[4844:35788] 🔍 Zilean: Searching for "Spider-Man 3"
2026-01-05 13:15:07.218 RedLemon[4844:35790] ❌ Provider zilean failed: httpError(statusCode: 404)
2026-01-05 13:15:07.318 RedLemon[4844:35792] ❌ Provider torrentio failed: httpError(statusCode: 404)
2026-01-05 13:15:10.007 RedLemon[4844:35792] ✅ DebridSearch: Parsed 1 streams
2026-01-05 13:15:10.008 RedLemon[4844:35792] ✅ ProviderManager: Fetched 41 raw, returning 41 unique streams
2026-01-05 13:15:10.008 RedLemon[4844:35792] 📦 StreamResolver: Received 41 raw streams, bucketing...
2026-01-05 13:15:11.312 RedLemon[4844:35790] 📥 StreamService: Pre-downloading 5 (capped from 10) subtitles for direct stream...
2026-01-05 13:15:11.312 RedLemon[4844:35790] 🐛 StreamService: downloadSubtitlesInParallel called. Season: nil, Episode: nil, Count: 5
2026-01-05 13:15:11.313 RedLemon[4844:35787] 🔍 DEBUG: Processing subtitle URL: /subtitle/992901-2627859.zip
2026-01-05 13:15:11.313 RedLemon[4844:35790] 🔍 DEBUG: Processing subtitle URL: /subtitle/3328321-3154938.zip
2026-01-05 13:15:11.313 RedLemon[4844:35788] 🔍 DEBUG: Processing subtitle URL: /subtitle/3359791-2917332.zip
2026-01-05 13:15:11.313 RedLemon[4844:35792] 🔍 DEBUG: Processing subtitle URL: /subtitle/3023426-3027313.zip
2026-01-05 13:15:11.313 RedLemon[4844:35790] ✅ DEBUG: Raw SubDL URL detected, converting to proxy URL
2026-01-05 13:15:11.313 RedLemon[4844:35788] ✅ DEBUG: Raw SubDL URL detected, converting to proxy URL
2026-01-05 13:15:11.313 RedLemon[4844:35792] ✅ DEBUG: Raw SubDL URL detected, converting to proxy URL
2026-01-05 13:15:11.313 RedLemon[4844:35787] ✅ DEBUG: Raw SubDL URL detected, converting to proxy URL
2026-01-05 13:15:11.314 RedLemon[4844:35787] 🐛 StreamService: Constructed Proxy URL: http://127.0.0.1:47253/subtitles/subdl/L3N1YnRpdGxlLzk5MjkwMS0yNjI3ODU5LnppcA==?token=30A773DB-B57A-4312-B1D3-220D57438E14
2026-01-05 13:15:11.314 RedLemon[4844:35787] 🔍 DEBUG: Processing subtitle URL: /subtitle/992900-2660631.zip
2026-01-05 13:15:11.314 RedLemon[4844:35788] 🐛 StreamService: Constructed Proxy URL: http://127.0.0.1:47253/subtitles/subdl/L3N1YnRpdGxlLzMzNTk3OTEtMjkxNzMzMi56aXA=?token=30A773DB-B57A-4312-B1D3-220D57438E14
2026-01-05 13:15:11.314 RedLemon[4844:35787] ✅ DEBUG: Raw SubDL URL detected, converting to proxy URL
2026-01-05 13:15:11.314 RedLemon[4844:35792] 🐛 StreamService: Constructed Proxy URL: http://127.0.0.1:47253/subtitles/subdl/L3N1YnRpdGxlLzMwMjM0MjYtMzAyNzMxMy56aXA=?token=30A773DB-B57A-4312-B1D3-220D57438E14
2026-01-05 13:15:11.314 RedLemon[4844:35787] 🐛 StreamService: Constructed Proxy URL: http://127.0.0.1:47253/subtitles/subdl/L3N1YnRpdGxlLzk5MjkwMC0yNjYwNjMxLnppcA==?token=30A773DB-B57A-4312-B1D3-220D57438E14
2026-01-05 13:15:11.315 RedLemon[4844:35790] 🐛 StreamService: Constructed Proxy URL: http://127.0.0.1:47253/subtitles/subdl/L3N1YnRpdGxlLzMzMjgzMjEtMzE1NDkzOC56aXA=?token=30A773DB-B57A-4312-B1D3-220D57438E14
2026-01-05 13:15:11.391 RedLemon[4844:35792] ✅ Persisted stream selection to room event_tt0413300
2026-01-05 13:15:11.484 RedLemon[4844:35790] ⚠️ SupabaseClient: User already in room (409), proceeding...
2026-01-05 13:15:11.715 RedLemon[4844:35721] 🖼️ Loading background art: https://images.metahub.space/background/medium/tt0413300/img
2026-01-05 13:15:11.716 RedLemon[4844:35721] ⏳ Background art loading...
2026-01-05 13:15:11.716 RedLemon[4844:35721] 🎨 Loading logo: https://images.metahub.space/logo/medium/tt0413300/img
2026-01-05 13:15:11.716 RedLemon[4844:35721] ⏳ Logo loading...
2026-01-05 13:15:11.765 RedLemon[4844:35721] ✅ Background art loaded successfully
2026-01-05 13:15:11.767 RedLemon[4844:35721]    Quality: 1080p
2026-01-05 13:15:11.767 RedLemon[4844:35721]    Mode: watchParty
2026-01-05 13:15:11.767 RedLemon[4844:35721] 📡 Fetching metadata for tt0413300...
2026-01-05 13:15:11.854 RedLemon[4844:35721] ✅ Logo loaded successfully
2026-01-05 13:15:11.856 RedLemon[4844:35721] 🎬 GUEST: Using host's stream selection (skipping resolution)
💾 Cache SET: Metadata[meta_movie_tt0413300]
🎬 StreamService: Resolving movie - trusted pack filtering will be applied server-side
✅ MetadataService initialized
🔍 MediaFusion: Fetching https://mediafusion.elfhosted.com/stream/movie/tt0413300.json
📡 Fetching metadata from Cinemeta: https://v3-cinemeta.strem.io/meta/movie/tt0413300.json
🔍 Comet: Fetching https://comet.elfhosted.com/eyJkZWJyaWRTZXJ2aWNlIjoicmVhbGRlYnJpZCIsInJlbW92ZVRyYXNoIjp0cnVlLCJkZWJy...
✅ Metadata fetched from Cinemeta for tt0413300: Spider-Man 3 (2007)
⚠️ MediaFusion: HTTP 418
✅ Comet: Got 40 streams
🔍 Comet: Parsing 40 streams...
✅ Comet: Parsed 40 valid streams
✅ Metadata cache hit for tt0413300: Spider-Man 3
🎯 Target title for matching: Spider-Man 3
   📅 Year filter (2007): 41 → 1 streams
✅ SubDLClient initialized
🔍 Searching SubDL: tt0413300 (movie)
   ℹ️ Fallback Name: Spider-Man 3 (2007)
⚠️ SubDL API returned empty subtitles list
⚠️ Testing API-provided fallback for: Spider-Man 3
⚠️ Retrying with TMDB ID: 559
✅ Found 10 subtitles from SubDL (Final)
✅ StreamResolver: Attached best sub for 'Spider-Man.3.2007.1080p.BluRay...': Spider.Man.3.2007.1080p.BluRay...
   --- Processing Bucket: 2160p (Input: 0) ---
   ✅ Bucket 2160p Final Count: 0
   --- Processing Bucket: 1080p (Input: 1) ---
   ✅ Bucket 1080p Final Count: 1
   --- Processing Bucket: 720p (Input: 0) ---
   ✅ Bucket 720p Final Count: 0
   --- Processing Bucket: 480p (Input: 0) ---
   ✅ Bucket 480p Final Count: 0
📦 1080p Primary: Spider-Man.3.2007.1080p.BluRay.DDP5.1.x265.10bit-GalaxyRG265.mkv
💾 4.39 GB
✅ StreamResolver: Quality buckets ready
   🚫 StreamService: Skipping 720p backup streams (Event Mode - Strict 1080p)
   🚫 StreamService: Skipping 480p backup streams (Event Mode - Strict 1080p)
[2026-01-05T18:15:10Z] [INFO] [StreamService.swift:208] 📦 StreamService: Found 1 total streams to try (across all qualities)
✅ StreamService: Found 1 H.264 streams (Tier 1)
🚫 StreamService: Applying Extended Cut Filter (Event Mode)
✅ StreamService: Found 1 'Clean' English streams. Deprioritizing 0 localized/dual streams.
📦 StreamService: 1 streams remain after size filter
🔄 StreamService: Trying stream 1/1: Spider-Man.3.2007.1080p.BluRay.DDP5.1.x265.10bit-GalaxyRG265.mkv
💾 4.39 GB
🔍 StreamService: Resolving redirect URL: https://68d69db7dc40-debrid-search.baby-beamup.club/resolve/RealDebrid/K67JV2V4FTUA7RYN6T34BFIUBRUZERBO45A6UL3O7TE5ZHFDQQSA/IP2JGDRFKA6BG/https%3A%2F%2Freal-debrid.com%2Fd%2FF62NHV6Q75HOEE52
✅ StreamService: Resolved to: https://chi9-4.download.real-debrid.com/d/4WMUJ4JA73R5420/Spider-Man.3.2007.1080p.BluRay.DDP5.1.x265.10bit-GalaxyRG265.mkv
⚡️ StreamService: Stream is already a direct URL. Skipping backend unlock.
✅ StreamService: Selected stream: Spider-Man.3.2007.1080p.BluRay.DDP5.1.x265.10bit-GalaxyRG265.mkv
💾 4.39 GB
📊 Stream Size: 4.39 GB
📦 StreamService: Returning 0 candidate streams for fallback
✅ Room repaired with stream_hash: nil
❌ Supabase error (409): {"code":"23505","details":null,"hint":null,"message":"duplicate key value violates unique constraint \"room_participants_pkey\""}
🎬 Live event - calculating position: 7304.955376029015 seconds
   Event start time: 2026-01-05 16:13:27 +0000
   Current time: 2026-01-05 18:15:11 +0000
   Room createdAt: 2026-01-05 16:13:27 +0000
   Room state: playing
   Setting resumeFromTimestamp to: 7304.955376029015
🎬 Live event - starting playback immediately (no lobby)
🎬 PlayerVM: Starting playback for: Spider-Man 3
✅ Cache HIT: Metadata[meta_movie_tt0413300]


✅ [SYNC VERIFICATION] LOCKING TO SHARED STREAM (SYSTEM/HOST) 🔒
[ INFO ] GET /subtitles/search [request-id: FBE1108B-CB9C-4AF2-B1DD-FAB8309F940B]
2026-01-05 13:15:12.337 RedLemon[4844:35721] ✅ GUEST: Found 10 subtitles
2026-01-05 13:15:12.351 RedLemon[4844:35721] 🎬🎬🎬 MPVPlayerView INIT called - streamURL: https://chi9-4.download.real-debrid.com/d/4WMUJ4JA73R5420/Sp, subtitles: 10
2026-01-05 13:15:12.424 RedLemon[4844:35721] ✅ Stream ready, starting playback...
2026-01-05 13:15:12.424 RedLemon[4844:35721] 🖥️ WindowManager: enterFullscreen() called
2026-01-05 13:15:12.424 RedLemon[4844:35721]    Window: <SwiftUI.SwiftUIWindow: 0x7fecf68d50f0>
2026-01-05 13:15:12.424 RedLemon[4844:35721]    Is fullscreen: 0
2026-01-05 13:15:12.424 RedLemon[4844:35721]    ✅ WindowManager: Toggling fullscreen ON
2026-01-05 13:15:12.538 RedLemon[4844:35721] 🖼️ Setting up MPV with native macOS video output...
2026-01-05 13:15:12.543 RedLemon[4844:35721] ✅ MPV initialized with native GPU rendering
2026-01-05 13:15:12.554 RedLemon[4844:35721] 🎬🎬🎬 MPVPlayerView .task starting
2026-01-05 13:15:12.554 RedLemon[4844:35721] 🎉 Starting watch party sync - Room: event_tt0413300, Host: NO
2026-01-05 13:15:12.554 RedLemon[4844:35721] 🎉 Watch Party Mode ENABLED. isInWatchParty = YES
2026-01-05 13:15:12.621 RedLemon[4844:35721] 🔄 Starting chat polling for room: event_tt0413300
2026-01-05 13:15:12.622 RedLemon[4844:35721] ✅ Watch party sync started successfully - isInWatchParty is now TRUE
2026-01-05 13:15:12.622 RedLemon[4844:35721] 🎬🎬🎬 About to call loadStream - isInWatchParty: YES
2026-01-05 13:15:12.622 RedLemon[4844:35721] 🎬🎬🎬 Subtitles: 10
2026-01-05 13:15:12.622 RedLemon[4844:35721] 🎬🎬🎬 LOADSTREAM CALLED - streamTitle: Spider-Man 3
2026-01-05 13:15:12.622 RedLemon[4844:35721] 🎬🎬🎬 streamURL: https://chi9-4.download.real-debrid.com/d/4WMUJ4JA73R5420/Sp
2026-01-05 13:15:12.622 RedLemon[4844:35721] 🎬🎬🎬 subtitles: 10
2026-01-05 13:15:12.623 RedLemon[4844:35721] 🎬🎬🎬 MPVPlayerView .task completed
2026-01-05 13:15:12.635 RedLemon[4844:35792] ℹ️ SubDL subtitles detected - downloading to local files in background...
2026-01-05 13:15:12.636 RedLemon[4844:35790] 🎬 MPV: Current video filename set to: Spider-Man.3.2007.1080p.BluRay.DDP5.1.x265.10bit-GalaxyRG265.mkv
2026-01-05 13:15:12.636 RedLemon[4844:35790] 🎬 MPV loadVideo called with URL: https://chi9-4.download.real-debrid.com/d/4WMUJ4JA73R5420/Spider-Man.3.2007.1080p.BluRay.DDP5.1.x265, autoplay: false, expectedSubs: 3
2026-01-05 13:15:12.636 RedLemon[4844:35790] 🎬 MPV executing: loadfile "https://chi9-4.download.real-debrid.com/d/4WMUJ4JA73R5420/Spider-Man.3.2007.1080p.BluRay.DDP5.1.x265.10bit-GalaxyRG265.mkv"
2026-01-05 13:15:12.636 RedLemon[4844:35790] ✅ MPV loadfile succeeded (Started Paused, waiting for Smart Load)
2026-01-05 13:15:12.636 RedLemon[4844:35792] 🔍 SubtitleService: Downloading http://127.0.0.1:47253/subtitles/subdl/L3N1YnRpdGxlLzk5MjkwMS0yNjI3ODU5LnppcA==?token=30A773DB-B57A-4312-B1D3-220D57438E14
🔍 Searching SubDL: tt0413300 (movie)
   ℹ️ Fallback Name: Spider-Man 3 (2007)
⚠️ SubDL API returned empty subtitles list
⚠️ Testing API-provided fallback for: Spider-Man 3
⚠️ Retrying with TMDB ID: 559
✅ Found 10 subtitles from SubDL (Final)
🎬 RedLemon: Creating MPVPlayerView
   Stream URL: https://chi9-4.download.real-debrid.com/d/4WMUJ4JA73R5420/Sp
   Display Title: Spider-Man 3
   Subtitle URLs: 10
      [0] Spider.Man.3.2007.1080p.BluRay.x264.YIFY
      [1] Spider-Man.3.2007.REPACK.UHD.BluRay.2160p.TrueHD.Atmos.7.1.DV.HEVC.HYBRID.REMUX-FraMeSToR
      [2] Spider-Man3(2007)720pBluRay-[LRXSTORE]
      [3] Spiderman.3.2007.720p.BluRay.H264.AAC-RARBG
      [4] Spider-Man.3.2007.WEB-DL.TUBI
      [5] Spider-Man.3.2007.WEB-DL.DSNP
      [6] Spider-Man.3.2007.ALL.BluRay
      [7] Spider-Man.3.2007.PROPER.2160p.BluRay.REMUX.HEVC.DTS-HD.MA.TrueHD.7.1.Atmos-FGT_eng
      [8] Spider-Man.3.2007.Editors.Cut.1080p.BluRay.REMUX.AVC.DTS-HD.MA.5.1
      [9] Spider-Man.3.2007.HYBRiD.2160p.BluRay.REMUX.HEVC.DV.TrueHD.Atmos.7.1-Flights
🎬 MPVWrapper: Creating embedded MPV with render context...
✅ MPV handle created
🎬 MPVLayerHostView initialized
🎬 Event playback detected - starting auto-exit monitor
🎬 Created CGL pixel format (Core Profile 3.2)
🎬 Created CGL context with vsync enabled
🎬 MPVViewLayer initialized with async rendering
🎬 Video layer assigned to host view
🎬 Creating MPV render context with OpenGL (IINA method)...
🎬 MPV: Frame ready! Calling layer.update() (throttled)
✅ Render context created successfully (IINA method)
🎬 Layer.update() called - forceDraw:false needsFlip:true (throttled)
🎬 CVDisplayLink started
🎉 Starting watch party: roomId=event_tt0413300, isHost=false
🎬 DisplayLink: reportSwap() (throttled)
🔌 Setting up Realtime channel: watch-party:event_tt0413300
   Role: Guest
   User ID: 656DAA91-33B4-4688-9135-C982EA52D7C9
📡 Connection state: connecting
📡 Joined channel: realtime:watch-party:event_tt0413300
📡 Connection state: connected
✅ Realtime channel setup complete
✅ Watch party sync initialized with Realtime
🎬 Loading stream: Spider-Man 3
   IMDB: tt0413300
   URL: https://chi9-4.download.real-debrid.com/d/4WMUJ4JA73R5420/Sp...
   Source: BluRay
💬 Added mock chat messages for testing
🎉 EVENT MODE: Loading PAUSED to seek first (preventing flash)
⏯️ MPV: Pause state changed to false -> isPlaying = true
⚡️ PlaybackService: creating sleep assertion (preventing idle sleep)
📡 Fetching metadata for tt0413300 as movie...
📝 Pre-loading external subtitles (Top 3)...
✅ Cache HIT: Metadata[meta_movie_tt0413300]
⚡️ PlaybackService: releasing sleep assertion
[ INFO ] GET /subtitles/subdl/L3N1YnRpdGxlLzk5MjkwMS0yNjI3ODU5LnppcA== [request-id: 27DE7144-49F9-4497-AB7B-C897D4603EA0]
2026-01-05 13:15:13.232 RedLemon[4844:35787] ✅ Subtitle 1 downloaded to: /var/folders/3v/s3d75ntd4v90_pg0mb6rmlz40000gn/T/sub_BE16C0CE-EF92-464C-8E21-D772D3E02777.vtt
2026-01-05 13:15:13.232 RedLemon[4844:35787] 📝 Loading subtitle from: /var/folders/3v/s3d75ntd4v90_pg0mb6rmlz40000gn/T/sub_BE16C0CE-EF92-464C-8E21-D77
2026-01-05 13:15:13.263 RedLemon[4844:35787] ✅ External subtitle added to track list (not auto-selected)
2026-01-05 13:15:13.263 RedLemon[4844:35787] 🔍 SubtitleService: Downloading http://127.0.0.1:47253/subtitles/subdl/L3N1YnRpdGxlLzMzNTk3OTEtMjkxNzMzMi56aXA=?token=30A773DB-B57A-4312-B1D3-220D57438E14
📄 Subtitle request: L3N1YnRpdGxlLzk5Mjkw... (offset: 0ms)
📥 Downloading subtitle from SubDL CDN: /subtitle/992901-2627859.zip
📨 Received: {"ref":"5CB96EDF-081F-4189-9039-F67BCFFF0CA7","event":"phx_reply","payload":{"status":"ok","response":{"postgres_changes":[]}},"topic":"realtime:watch-party:event_tt0413300"}
📨 Received: {"ref":null,"event":"presence_state","payload":{"2c5e2a20-ea62-11f0-b6ca-0a58a9feac02":{"metas":[{"phx_ref":"GIfoSbZQek2I0X3F","is_host":false,"joined_at":1767636781.9133701,"user_id":"96E01CDB-36C0-4228-A6E4-A29A3C66BC8E","username":"lemontom"}]}},"topic":"realtime:watch-party:event_tt0413300"}
📨 Received: {"ref":"1","event":"phx_reply","payload":{"status":"ok","response":{}},"topic":"realtime:watch-party:event_tt0413300"}
📨 Received: {"ref":null,"event":"presence_diff","payload":{"joins":{"7a65ca8e-ea62-11f0-ac1b-0a58a9feac02":{"metas":[{"phx_ref":"GIfoaDGJnF7zcw8Q","is_host":false,"joined_at":1767636912.618772,"user_id":"656DAA91-33B4-4688-9135-C982EA52D7C9","username":"ursinho"}]}},"leaves":{}},"topic":"realtime:watch-party:event_tt0413300"}
📨 Received: {"ref":"2","event":"phx_reply","payload":{"status":"ok","response":{}},"topic":"realtime:global-presence"}
📨 Received: {"ref":null,"event":"presence_diff","payload":{"joins":{"7083c854-ea62-11f0-9a32-0a58a9feac02":{"metas":[{"phx_ref":"GIfoaDInNPzdTl6I","phx_ref_prev":"GIfoZFV3AJ3dTqmM","last_seen":"2026-01-05T18:15:12.634Z","room_id":"event_tt0413300","started_at":"2026-01-05T18:15:12.635Z","status":"online","user_id":"656daa91-33b4-4688-9135-c982ea52d7c9","username":"ursinho","watching_id":"tt0413300","watching_title":"Spider-Man 3","watching_type":"movie"}]}},"leaves":{"7083c854-ea62-11f0-9a32-0a58a9feac02":{"metas":[{"phx_ref":"GIfoZFV3AJ3dTqmM","last_seen":"2026-01-05T18:14:56.035Z","status":"online","user_id":"656DAA91-33B4-4688-9135-C982EA52D7C9","username":"ursinho"}]}}},"topic":"realtime:global-presence"}
👁️ ChatOverlayView appeared - UI UPDATE ROUND 6
⌨️ ChatOverlayView: Triggering input focus (showChat=true)
✅ Download complete: 32035 bytes
📦 Detected ZIP archive, extracting...
✅ Got background: https://images.metahub.space/background/medium/tt0413300/img...
✅ Got poster URL: https://images.metahub.space/poster/small/tt0413300/img...
✅ Got logo: https://images.metahub.space/logo/medium/tt0413300/img...
📡 SocialService: Updated status - online: Spider-Man 3
➕ Added new participant 96e01cdb-36c0-4228-a6e4-a29a3c66bc8e (Ref: GIfoSbZQek2I0X3F)
⚠️ Self (656daa91-33b4-4688-9135-c982ea52d7c9) was missing from list - restoring.
🔄 Updated existing participant 656daa91-33b4-4688-9135-c982ea52d7c9 with Ref: GIfoaDGJnF7zcw8Q
⚠️ No specific episode match found, using first file: Spider-Man 3 (2007) [1080p BluRay x265].srt
📦 Extracting specific file: Spider-Man 3 (2007) \[1080p BluRay x265\].srt
✅ Extraction successful
⏰ AppState: Next schedule update set for Event End: 2026-01-05 18:42:27 +0000
⏰ AppState: Scheduling update in 1634 seconds
✅ Subtitle downloaded and converted to VTT
[ INFO ] GET /subtitles/subdl/L3N1YnRpdGxlLzMzNTk3OTEtMjkxNzMzMi56aXA= [request-id: 9A3DC6A0-DAEB-4885-958C-3C1942A9D7A7]
2026-01-05 13:15:13.281 RedLemon[4844:35721] 👥 MPVPlayer: Merged participants list via polling (Count: 3)
2026-01-05 13:15:13.631 RedLemon[4844:35721] ⏩ Watch Party: Room already playing, skipping Ready Gate (Late Join)
2026-01-05 13:15:14.187 RedLemon[4844:35855] ✅ Subtitle 2 downloaded to: /var/folders/3v/s3d75ntd4v90_pg0mb6rmlz40000gn/T/sub_72909CB1-92B8-4F38-8CB3-5B7D94121D84.vtt
2026-01-05 13:15:14.187 RedLemon[4844:35855] 📝 Loading subtitle from: /var/folders/3v/s3d75ntd4v90_pg0mb6rmlz40000gn/T/sub_72909CB1-92B8-4F38-8CB3-5B7
2026-01-05 13:15:14.206 RedLemon[4844:35855] ✅ External subtitle added to track list (not auto-selected)
2026-01-05 13:15:14.206 RedLemon[4844:35855] 🔍 SubtitleService: Downloading http://127.0.0.1:47253/subtitles/subdl/L3N1YnRpdGxlLzMwMjM0MjYtMzAyNzMxMy56aXA=?token=30A773DB-B57A-4312-B1D3-220D57438E14
📄 Subtitle request: L3N1YnRpdGxlLzMzNTk3... (offset: 0ms)
📥 Downloading subtitle from SubDL CDN: /subtitle/3359791-2917332.zip
[MPV] (+) Video --vid=1 (*) 'GalaxyRG265 - Spider-Man.3.2007.1080p.BluRay.DDP5.1.x265.10bit-GalaxyRG265' (hevc 1920x800 23.976fps)
 MPV Event: 18
 MPV Event: 18
⏳ EVENT: Waiting for duration to start playback...
⏳ MPVPlayerViewModel: Enhancing UI - Buffering started (show spinner)
🎬 DisplayLink: reportSwap() (throttled)
🔍 SMART-LOAD: Starting track polling loop...
🔍 SMART-LOAD: Expecting 3 external subtitles to prevent race condition
🎉 EVENT: File loaded/Duration ready (8351.302s), preparing to seek...
   Seeking to live edge: 7306s
🎉 EVENT: File loaded/Duration ready (8351.302s), preparing to seek...
   Seeking to live edge: 7306s
✅ Download complete: 31747 bytes
📦 Detected ZIP archive, extracting...
⚠️ No specific episode match found, using first file: Spider-Man.3.2007.REPACK.UHD.BluRay.2160p.TrueHD.Atmos.7.1.DV.HEVC.HYBRID.REMUX-FraMeSToR.srt
📦 Extracting specific file: Spider-Man.3.2007.REPACK.UHD.BluRay.2160p.TrueHD.Atmos.7.1.DV.HEVC.HYBRID.REMUX-FraMeSToR.srt
✅ Extraction successful
 MPV Event: 18
🎉 EVENT: File loaded/Duration ready (8351.302s), preparing to seek...
   Seeking to live edge: 7307s
 MPV Event: 17
 MPV Event: 17
[MPV] (+) Audio --aid=1 --alang=eng (*) 'GalaxyRG265 - Spider-Man.3.2007.1080p.BluRay.DDP5.1.x265.10bit-GalaxyRG265' (eac3 6ch 48000Hz)
[MPV] (+) Subs  --sid=1 --slang=en 'Spider.Man.3.2007.1080p.BluRay.x264.YIFY' (webvtt) (external)
[MPV] Subs  --sid=2 --slang=eng (*) 'GalaxyRG256 - Spider-Man.3.2007.1080p.BluRay.DDP5.1.x265.10bit-GalaxyRG265' (hdmv_pgs_subtitle)
[MPV] File tags:
[MPV] Comment: GalaxyRG265 - Spider-Man.3.2007.1080p.BluRay.DDP5.1.x265.10bit-GalaxyRG265
⏳ SMART-LOAD: Waiting for subtitles... (Found 1/3)
[MPV] Title: GalaxyRG265 - Spider-Man.3.2007.1080p.BluRay.DDP5.1.x265.10bit-GalaxyRG265
🎬 canDraw() = true (forceDraw:false, hasFrame:true) (throttled)
🎬 draw() - Rendering frame! (throttled)
✅ Subtitle downloaded and converted to VTT
[MPV] Using hardware decoding (videotoolbox).
 MPV Event: 20
[MPV] AO: [coreaudio] 48000Hz stereo 2ch floatp
[MPV] VO: [libmpv] 1920x800 videotoolbox[p010]
[MPV] Track added:
[MPV] (+) Video --vid=1 (*) 'GalaxyRG265 - Spider-Man.3.2007.1080p.BluRay.DDP5.1.x265.10bit-GalaxyRG265' (hevc [Main 10] 1920x800 23.976fps)
[MPV] (+) Audio --aid=1 --alang=eng (*) 'GalaxyRG265 - Spider-Man.3.2007.1080p.BluRay.DDP5.1.x265.10bit-GalaxyRG265' (eac3 6ch 48000Hz)
[MPV] Subs  --sid=1 --slang=en 'Spider.Man.3.2007.1080p.BluRay.x264.YIFY' (webvtt) (external)
[MPV] Subs  --sid=2 --slang=eng (*) 'GalaxyRG256 - Spider-Man.3.2007.1080p.BluRay.DDP5.1.x265.10bit-GalaxyRG265' (hdmv_pgs_subtitle)
[MPV] (+) Subs  --sid=3 --slang=en 'Spider-Man.3.2007.REPACK.UHD.BluRay.2160p.TrueHD.Atmos.7.1.DV.HEVC.HYBRID.REMUX-FraMeSToR' (webvtt) (external)
[ INFO ] GET /subtitles/subdl/L3N1YnRpdGxlLzMwMjM0MjYtMzAyNzMxMy56aXA= [request-id: B4828594-6B9F-4CC8-85EC-5D173126C997]
2026-01-05 13:15:14.916 RedLemon[4844:35855] ✅ Subtitle 3 downloaded to: /var/folders/3v/s3d75ntd4v90_pg0mb6rmlz40000gn/T/sub_BF599452-F42E-4707-8C64-065DB923DD92.vtt
2026-01-05 13:15:14.916 RedLemon[4844:35855] 📝 Loading subtitle from: /var/folders/3v/s3d75ntd4v90_pg0mb6rmlz40000gn/T/sub_BF599452-F42E-4707-8C64-065
2026-01-05 13:15:14.933 RedLemon[4844:35855] ✅ External subtitle added to track list (not auto-selected)
2026-01-05 13:15:14.934 RedLemon[4844:35855] 🔍 MPV track-list/count: 6
2026-01-05 13:15:14.934 RedLemon[4844:35855] 🔍 Track 0 type: sub
2026-01-05 13:15:14.934 RedLemon[4844:35855] ✅ Found subtitle track: ID=1, lang=en, title=Spider.Man.3.2007.1080p.BluRay.x264.YIFY, external=1
2026-01-05 13:15:14.934 RedLemon[4844:35855] 🔍 Track 1 type: video
2026-01-05 13:15:14.934 RedLemon[4844:35855] 🔍 Track 2 type: audio
2026-01-05 13:15:14.934 RedLemon[4844:35855] 🔍 Track 3 type: sub
2026-01-05 13:15:14.934 RedLemon[4844:35855] ✅ Found subtitle track: ID=2, lang=eng, title=GalaxyRG256 - Spider-Man.3.2007.1080p.BluRay.DDP5.1.x265.10bit-GalaxyRG265, external=0
2026-01-05 13:15:14.934 RedLemon[4844:35855] 🔍 Track 4 type: sub
2026-01-05 13:15:14.935 RedLemon[4844:35855] ✅ Found subtitle track: ID=3, lang=en, title=Spider-Man.3.2007.REPACK.UHD.BluRay.2160p.TrueHD.Atmos.7.1.DV.HEVC.HYBRID.REMUX-FraMeSToR, external=1
2026-01-05 13:15:14.935 RedLemon[4844:35855] 🔍 Track 5 type: sub
2026-01-05 13:15:14.935 RedLemon[4844:35855] ✅ Found subtitle track: ID=4, lang=en, title=Spider-Man3(2007)720pBluRay-[LRXSTORE], external=1
2026-01-05 13:15:14.935 RedLemon[4844:35855] 📊 Total subtitle tracks found: 5 (including Off if needed)
2026-01-05 13:15:14.935 RedLemon[4844:35855]    Start[0]: ID=0, Title='Off', Lang='nil', Ext=0
2026-01-05 13:15:14.935 RedLemon[4844:35855]    Start[1]: ID=1, Title='Spider.Man.3.2007.1080p.BluRay.x264.YIFY', Lang='en', Ext=1
2026-01-05 13:15:14.935 RedLemon[4844:35855]    Start[2]: ID=2, Title='GalaxyRG256 - Spider-Man.3.2007.1080p.BluRay.DDP5.1.x265.10bit-GalaxyRG265', Lang='eng', Ext=0
2026-01-05 13:15:14.935 RedLemon[4844:35855]    Start[3]: ID=3, Title='Spider-Man.3.2007.REPACK.UHD.BluRay.2160p.TrueHD.Atmos.7.1.DV.HEVC.HYBRID.REMUX-FraMeSToR', Lang='en', Ext=1
2026-01-05 13:15:14.935 RedLemon[4844:35855]    Start[4]: ID=4, Title='Spider-Man3(2007)720pBluRay-[LRXSTORE]', Lang='en', Ext=1
2026-01-05 13:15:14.936 RedLemon[4844:35855] ✅ SubtitleService: Scanned 5 tracks (Attempt 1/5)
2026-01-05 13:15:14.937 RedLemon[4844:35855]    Track: ID=0, Title=Off, External=0
2026-01-05 13:15:14.937 RedLemon[4844:35855]    Track: ID=1, Title=Spider.Man.3.2007.1080p.BluRay.x264.YIFY, External=1
2026-01-05 13:15:14.938 RedLemon[4844:35855]    Track: ID=2, Title=GalaxyRG256 - Spider-Man.3.2007.1080p.BluRay.DDP5.1.x265.10bit-GalaxyRG265, External=0
2026-01-05 13:15:14.938 RedLemon[4844:35855]    Track: ID=3, Title=Spider-Man.3.2007.REPACK.UHD.BluRay.2160p.TrueHD.Atmos.7.1.DV.HEVC.HYBRID.REMUX-FraMeSToR, External=1
2026-01-05 13:15:14.939 RedLemon[4844:35855]    Track: ID=4, Title=Spider-Man3(2007)720pBluRay-[LRXSTORE], External=1
2026-01-05 13:15:16.129 RedLemon[4844:35790] 🔍 MPV track-list/count: 6
2026-01-05 13:15:16.149 RedLemon[4844:35790] 🔍 Track 0 type: sub
2026-01-05 13:15:16.310 RedLemon[4844:35790] ✅ Found subtitle track: ID=1, lang=en, title=Spider.Man.3.2007.1080p.BluRay.x264.YIFY, external=1
2026-01-05 13:15:16.310 RedLemon[4844:35790] 🔍 Track 1 type: video
2026-01-05 13:15:16.310 RedLemon[4844:35790] 🔍 Track 2 type: audio
2026-01-05 13:15:16.311 RedLemon[4844:35790] 🔍 Track 3 type: sub
2026-01-05 13:15:16.311 RedLemon[4844:35790] ✅ Found subtitle track: ID=2, lang=eng, title=GalaxyRG256 - Spider-Man.3.2007.1080p.BluRay.DDP5.1.x265.10bit-GalaxyRG265, external=0
2026-01-05 13:15:16.311 RedLemon[4844:35790] 🔍 Track 4 type: sub
2026-01-05 13:15:16.355 RedLemon[4844:35790] ✅ Found subtitle track: ID=3, lang=en, title=Spider-Man.3.2007.REPACK.UHD.BluRay.2160p.TrueHD.Atmos.7.1.DV.HEVC.HYBRID.REMUX-FraMeSToR, external=1
2026-01-05 13:15:16.355 RedLemon[4844:35790] 🔍 Track 5 type: sub
2026-01-05 13:15:16.355 RedLemon[4844:35790] ✅ Found subtitle track: ID=4, lang=en, title=Spider-Man3(2007)720pBluRay-[LRXSTORE], external=1
2026-01-05 13:15:16.355 RedLemon[4844:35790] 📊 Total subtitle tracks found: 5 (including Off if needed)
2026-01-05 13:15:16.355 RedLemon[4844:35790]    Start[0]: ID=0, Title='Off', Lang='nil', Ext=0
2026-01-05 13:15:16.355 RedLemon[4844:35790]    Start[1]: ID=1, Title='Spider.Man.3.2007.1080p.BluRay.x264.YIFY', Lang='en', Ext=1
2026-01-05 13:15:16.356 RedLemon[4844:35790]    Start[2]: ID=2, Title='GalaxyRG256 - Spider-Man.3.2007.1080p.BluRay.DDP5.1.x265.10bit-GalaxyRG265', Lang='eng', Ext=0
2026-01-05 13:15:16.356 RedLemon[4844:35790]    Start[3]: ID=3, Title='Spider-Man.3.2007.REPACK.UHD.BluRay.2160p.TrueHD.Atmos.7.1.DV.HEVC.HYBRID.REMUX-FraMeSToR', Lang='en', Ext=1
2026-01-05 13:15:16.356 RedLemon[4844:35790]    Start[4]: ID=4, Title='Spider-Man3(2007)720pBluRay-[LRXSTORE]', Lang='en', Ext=1
2026-01-05 13:15:16.356 RedLemon[4844:35790] ✅ SubtitleService: Scanned 5 tracks (Attempt 2/5)
2026-01-05 13:15:16.356 RedLemon[4844:35790]    Track: ID=0, Title=Off, External=0
2026-01-05 13:15:16.358 RedLemon[4844:35790]    Track: ID=1, Title=Spider.Man.3.2007.1080p.BluRay.x264.YIFY, External=1
2026-01-05 13:15:16.358 RedLemon[4844:35790]    Track: ID=2, Title=GalaxyRG256 - Spider-Man.3.2007.1080p.BluRay.DDP5.1.x265.10bit-GalaxyRG265, External=0
2026-01-05 13:15:16.358 RedLemon[4844:35790]    Track: ID=3, Title=Spider-Man.3.2007.REPACK.UHD.BluRay.2160p.TrueHD.Atmos.7.1.DV.HEVC.HYBRID.REMUX-FraMeSToR, External=1
2026-01-05 13:15:16.359 RedLemon[4844:35790]    Track: ID=4, Title=Spider-Man3(2007)720pBluRay-[LRXSTORE], External=1
2026-01-05 13:15:17.461 RedLemon[4844:35855] 🔍 MPV track-list/count: 6
2026-01-05 13:15:17.461 RedLemon[4844:35855] 🔍 Track 0 type: sub
2026-01-05 13:15:17.461 RedLemon[4844:35855] ✅ Found subtitle track: ID=1, lang=en, title=Spider.Man.3.2007.1080p.BluRay.x264.YIFY, external=1
2026-01-05 13:15:17.461 RedLemon[4844:35855] 🔍 Track 1 type: video
2026-01-05 13:15:17.461 RedLemon[4844:35855] 🔍 Track 2 type: audio
2026-01-05 13:15:17.461 RedLemon[4844:35855] 🔍 Track 3 type: sub
2026-01-05 13:15:17.462 RedLemon[4844:35855] ✅ Found subtitle track: ID=2, lang=eng, title=GalaxyRG256 - Spider-Man.3.2007.1080p.BluRay.DDP5.1.x265.10bit-GalaxyRG265, external=0
2026-01-05 13:15:17.462 RedLemon[4844:35855] 🔍 Track 4 type: sub
2026-01-05 13:15:17.462 RedLemon[4844:35855] ✅ Found subtitle track: ID=3, lang=en, title=Spider-Man.3.2007.REPACK.UHD.BluRay.2160p.TrueHD.Atmos.7.1.DV.HEVC.HYBRID.REMUX-FraMeSToR, external=1
2026-01-05 13:15:17.462 RedLemon[4844:35855] 🔍 Track 5 type: sub
2026-01-05 13:15:17.462 RedLemon[4844:35855] ✅ Found subtitle track: ID=4, lang=en, title=Spider-Man3(2007)720pBluRay-[LRXSTORE], external=1
2026-01-05 13:15:17.462 RedLemon[4844:35855] 📊 Total subtitle tracks found: 5 (including Off if needed)
2026-01-05 13:15:17.462 RedLemon[4844:35855]    Start[0]: ID=0, Title='Off', Lang='nil', Ext=0
2026-01-05 13:15:17.462 RedLemon[4844:35855]    Start[1]: ID=1, Title='Spider.Man.3.2007.1080p.BluRay.x264.YIFY', Lang='en', Ext=1
2026-01-05 13:15:17.462 RedLemon[4844:35855]    Start[2]: ID=2, Title='GalaxyRG256 - Spider-Man.3.2007.1080p.BluRay.DDP5.1.x265.10bit-GalaxyRG265', Lang='eng', Ext=0
2026-01-05 13:15:17.463 RedLemon[4844:35855]    Start[3]: ID=3, Title='Spider-Man.3.2007.REPACK.UHD.BluRay.2160p.TrueHD.Atmos.7.1.DV.HEVC.HYBRID.REMUX-FraMeSToR', Lang='en', Ext=1
2026-01-05 13:15:17.463 RedLemon[4844:35855]    Start[4]: ID=4, Title='Spider-Man3(2007)720pBluRay-[LRXSTORE]', Lang='en', Ext=1
2026-01-05 13:15:17.463 RedLemon[4844:35855] ✅ SubtitleService: Scanned 5 tracks (Attempt 3/5)
2026-01-05 13:15:17.463 RedLemon[4844:35855]    Track: ID=0, Title=Off, External=0
2026-01-05 13:15:17.463 RedLemon[4844:35855]    Track: ID=1, Title=Spider.Man.3.2007.1080p.BluRay.x264.YIFY, External=1
2026-01-05 13:15:17.464 RedLemon[4844:35855]    Track: ID=2, Title=GalaxyRG256 - Spider-Man.3.2007.1080p.BluRay.DDP5.1.x265.10bit-GalaxyRG265, External=0
2026-01-05 13:15:17.467 RedLemon[4844:35855]    Track: ID=3, Title=Spider-Man.3.2007.REPACK.UHD.BluRay.2160p.TrueHD.Atmos.7.1.DV.HEVC.HYBRID.REMUX-FraMeSToR, External=1
2026-01-05 13:15:17.468 RedLemon[4844:35855]    Track: ID=4, Title=Spider-Man3(2007)720pBluRay-[LRXSTORE], External=1
2026-01-05 13:15:18.558 RedLemon[4844:35792] 🔍 MPV track-list/count: 6
2026-01-05 13:15:18.558 RedLemon[4844:35792] 🔍 Track 0 type: sub
2026-01-05 13:15:18.558 RedLemon[4844:35792] ✅ Found subtitle track: ID=1, lang=en, title=Spider.Man.3.2007.1080p.BluRay.x264.YIFY, external=1
2026-01-05 13:15:18.558 RedLemon[4844:35792] 🔍 Track 1 type: video
2026-01-05 13:15:18.558 RedLemon[4844:35792] 🔍 Track 2 type: audio
2026-01-05 13:15:18.559 RedLemon[4844:35792] 🔍 Track 3 type: sub
2026-01-05 13:15:18.559 RedLemon[4844:35792] ✅ Found subtitle track: ID=2, lang=eng, title=GalaxyRG256 - Spider-Man.3.2007.1080p.BluRay.DDP5.1.x265.10bit-GalaxyRG265, external=0
2026-01-05 13:15:18.559 RedLemon[4844:35792] 🔍 Track 4 type: sub
2026-01-05 13:15:18.559 RedLemon[4844:35792] ✅ Found subtitle track: ID=3, lang=en, title=Spider-Man.3.2007.REPACK.UHD.BluRay.2160p.TrueHD.Atmos.7.1.DV.HEVC.HYBRID.REMUX-FraMeSToR, external=1
2026-01-05 13:15:18.559 RedLemon[4844:35792] 🔍 Track 5 type: sub
2026-01-05 13:15:18.560 RedLemon[4844:35792] ✅ Found subtitle track: ID=4, lang=en, title=Spider-Man3(2007)720pBluRay-[LRXSTORE], external=1
2026-01-05 13:15:18.560 RedLemon[4844:35792] 📊 Total subtitle tracks found: 5 (including Off if needed)
2026-01-05 13:15:18.560 RedLemon[4844:35792]    Start[0]: ID=0, Title='Off', Lang='nil', Ext=0
2026-01-05 13:15:18.560 RedLemon[4844:35792]    Start[1]: ID=1, Title='Spider.Man.3.2007.1080p.BluRay.x264.YIFY', Lang='en', Ext=1
2026-01-05 13:15:18.560 RedLemon[4844:35792]    Start[2]: ID=2, Title='GalaxyRG256 - Spider-Man.3.2007.1080p.BluRay.DDP5.1.x265.10bit-GalaxyRG265', Lang='eng', Ext=0
2026-01-05 13:15:18.560 RedLemon[4844:35792]    Start[3]: ID=3, Title='Spider-Man.3.2007.REPACK.UHD.BluRay.2160p.TrueHD.Atmos.7.1.DV.HEVC.HYBRID.REMUX-FraMeSToR', Lang='en', Ext=1
2026-01-05 13:15:18.560 RedLemon[4844:35792]    Start[4]: ID=4, Title='Spider-Man3(2007)720pBluRay-[LRXSTORE]', Lang='en', Ext=1
2026-01-05 13:15:18.561 RedLemon[4844:35792] ✅ SubtitleService: Scanned 5 tracks (Attempt 4/5)
2026-01-05 13:15:18.561 RedLemon[4844:35792]    Track: ID=0, Title=Off, External=0
2026-01-05 13:15:18.561 RedLemon[4844:35792]    Track: ID=1, Title=Spider.Man.3.2007.1080p.BluRay.x264.YIFY, External=1
2026-01-05 13:15:18.561 RedLemon[4844:35792]    Track: ID=2, Title=GalaxyRG256 - Spider-Man.3.2007.1080p.BluRay.DDP5.1.x265.10bit-GalaxyRG265, External=0
2026-01-05 13:15:18.562 RedLemon[4844:35792]    Track: ID=3, Title=Spider-Man.3.2007.REPACK.UHD.BluRay.2160p.TrueHD.Atmos.7.1.DV.HEVC.HYBRID.REMUX-FraMeSToR, External=1
2026-01-05 13:15:18.562 RedLemon[4844:35792]    Track: ID=4, Title=Spider-Man3(2007)720pBluRay-[LRXSTORE], External=1
2026-01-05 13:15:19.667 RedLemon[4844:35790] 🔍 MPV track-list/count: 6
2026-01-05 13:15:19.667 RedLemon[4844:35790] 🔍 Track 0 type: sub
2026-01-05 13:15:19.668 RedLemon[4844:35790] ✅ Found subtitle track: ID=1, lang=en, title=Spider.Man.3.2007.1080p.BluRay.x264.YIFY, external=1
2026-01-05 13:15:19.668 RedLemon[4844:35790] 🔍 Track 1 type: video
2026-01-05 13:15:19.668 RedLemon[4844:35790] 🔍 Track 2 type: audio
2026-01-05 13:15:19.668 RedLemon[4844:35790] 🔍 Track 3 type: sub
2026-01-05 13:15:19.668 RedLemon[4844:35790] ✅ Found subtitle track: ID=2, lang=eng, title=GalaxyRG256 - Spider-Man.3.2007.1080p.BluRay.DDP5.1.x265.10bit-GalaxyRG265, external=0
2026-01-05 13:15:19.668 RedLemon[4844:35790] 🔍 Track 4 type: sub
2026-01-05 13:15:19.668 RedLemon[4844:35790] ✅ Found subtitle track: ID=3, lang=en, title=Spider-Man.3.2007.REPACK.UHD.BluRay.2160p.TrueHD.Atmos.7.1.DV.HEVC.HYBRID.REMUX-FraMeSToR, external=1
2026-01-05 13:15:19.668 RedLemon[4844:35790] 🔍 Track 5 type: sub
2026-01-05 13:15:19.668 RedLemon[4844:35790] ✅ Found subtitle track: ID=4, lang=en, title=Spider-Man3(2007)720pBluRay-[LRXSTORE], external=1
2026-01-05 13:15:19.668 RedLemon[4844:35790] 📊 Total subtitle tracks found: 5 (including Off if needed)
2026-01-05 13:15:19.669 RedLemon[4844:35790]    Start[0]: ID=0, Title='Off', Lang='nil', Ext=0
2026-01-05 13:15:19.669 RedLemon[4844:35790]    Start[1]: ID=1, Title='Spider.Man.3.2007.1080p.BluRay.x264.YIFY', Lang='en', Ext=1
2026-01-05 13:15:19.669 RedLemon[4844:35790]    Start[2]: ID=2, Title='GalaxyRG256 - Spider-Man.3.2007.1080p.BluRay.DDP5.1.x265.10bit-GalaxyRG265', Lang='eng', Ext=0
2026-01-05 13:15:19.669 RedLemon[4844:35790]    Start[3]: ID=3, Title='Spider-Man.3.2007.REPACK.UHD.BluRay.2160p.TrueHD.Atmos.7.1.DV.HEVC.HYBRID.REMUX-FraMeSToR', Lang='en', Ext=1
2026-01-05 13:15:19.669 RedLemon[4844:35790]    Start[4]: ID=4, Title='Spider-Man3(2007)720pBluRay-[LRXSTORE]', Lang='en', Ext=1
2026-01-05 13:15:19.669 RedLemon[4844:35790] ✅ SubtitleService: Scanned 5 tracks (Attempt 5/5)
2026-01-05 13:15:19.669 RedLemon[4844:35790]    Track: ID=0, Title=Off, External=0
2026-01-05 13:15:19.669 RedLemon[4844:35790]    Track: ID=1, Title=Spider.Man.3.2007.1080p.BluRay.x264.YIFY, External=1
2026-01-05 13:15:19.669 RedLemon[4844:35790]    Track: ID=2, Title=GalaxyRG256 - Spider-Man.3.2007.1080p.BluRay.DDP5.1.x265.10bit-GalaxyRG265, External=0
2026-01-05 13:15:19.670 RedLemon[4844:35790]    Track: ID=3, Title=Spider-Man.3.2007.REPACK.UHD.BluRay.2160p.TrueHD.Atmos.7.1.DV.HEVC.HYBRID.REMUX-FraMeSToR, External=1
2026-01-05 13:15:19.670 RedLemon[4844:35790]    Track: ID=4, Title=Spider-Man3(2007)720pBluRay-[LRXSTORE], External=1
2026-01-05 13:15:25.102 RedLemon[4844:35790] 📤 Realtime: Sending message type: chat, sender: 656DAA91-33B4-4688-9135-C982EA52D7C9
2026-01-05 13:15:25.103 RedLemon[4844:35790]    Payload keys: chatText, timestamp, position, type, senderId, chatUsername
2026-01-05 13:15:25.103 RedLemon[4844:35791] ✅ Realtime: Message broadcast complete
2026-01-05 13:15:25.144 RedLemon[4844:35791] 📨 Realtime: Received broadcast message
2026-01-05 13:15:25.144 RedLemon[4844:35791]    Payload keys: chatText, type, timestamp, senderId, position, chatUsername
2026-01-05 13:15:25.145 RedLemon[4844:35791] ✅ Realtime: Decoded message type: chat, sender: 656DAA91-33B4-4688-9135-C982EA52D7C9
2026-01-05 13:15:25.145 RedLemon[4844:35791] 📞 Realtime: Invoking syncCallback for message type: chat
2026-01-05 13:15:25.145 RedLemon[4844:35791] ✅ Realtime: syncCallback invoked successfully
2026-01-05 13:15:25.165 RedLemon[4844:35721] 🔍 DEBUG: Received sync message - type: chat, sender: 656DAA91-33B4-4688-9135-C982EA52D7C9
2026-01-05 13:15:29.052 RedLemon[4844:35855] 📨 Realtime: Received broadcast message
2026-01-05 13:15:29.052 RedLemon[4844:35855]    Payload keys: position, chatText, chatUsername, timestamp, type, senderId
2026-01-05 13:15:29.052 RedLemon[4844:35855] ✅ Realtime: Decoded message type: chat, sender: 96E01CDB-36C0-4228-A6E4-A29A3C66BC8E
2026-01-05 13:15:29.053 RedLemon[4844:35855] 📞 Realtime: Invoking syncCallback for message type: chat
2026-01-05 13:15:29.053 RedLemon[4844:35855] ✅ Realtime: syncCallback invoked successfully
2026-01-05 13:15:29.088 RedLemon[4844:35721] 🔍 DEBUG: Received sync message - type: chat, sender: 96E01CDB-36C0-4228-A6E4-A29A3C66BC8E
2026-01-05 13:15:38.102 RedLemon[4844:35856] 📨 Realtime: Received broadcast message
2026-01-05 13:15:38.102 RedLemon[4844:35856]    Payload keys: position, senderId, chatText, chatUsername, timestamp, type
2026-01-05 13:15:38.103 RedLemon[4844:35856] ✅ Realtime: Decoded message type: chat, sender: 96E01CDB-36C0-4228-A6E4-A29A3C66BC8E
2026-01-05 13:15:38.103 RedLemon[4844:35856] 📞 Realtime: Invoking syncCallback for message type: chat
2026-01-05 13:15:38.103 RedLemon[4844:35856] ✅ Realtime: syncCallback invoked successfully
2026-01-05 13:15:38.134 RedLemon[4844:35721] 🔍 DEBUG: Received sync message - type: chat, sender: 96E01CDB-36C0-4228-A6E4-A29A3C66BC8E
2026-01-05 13:15:40.434 RedLemon[4844:35787] 📨 Realtime: Received broadcast message
2026-01-05 13:15:40.435 RedLemon[4844:35787]    Payload keys: chatUsername, senderId, position, timestamp, chatText, type
2026-01-05 13:15:40.436 RedLemon[4844:35787] ✅ Realtime: Decoded message type: chat, sender: 96E01CDB-36C0-4228-A6E4-A29A3C66BC8E
2026-01-05 13:15:40.437 RedLemon[4844:35787] 📞 Realtime: Invoking syncCallback for message type: chat
2026-01-05 13:15:40.437 RedLemon[4844:35787] ✅ Realtime: syncCallback invoked successfully
2026-01-05 13:15:40.470 RedLemon[4844:35721] 🔍 DEBUG: Received sync message - type: chat, sender: 96E01CDB-36C0-4228-A6E4-A29A3C66BC8E
⚡️ PlaybackService: creating sleep assertion (preventing idle sleep)
📄 Subtitle request: L3N1YnRpdGxlLzMwMjM0... (offset: 0ms)
📥 Downloading subtitle from SubDL CDN: /subtitle/3023426-3027313.zip
✅ Video ready - hiding poster
🎉 EVENT: Video ready, drift is small (0.18s), skipping redundant seek
📝 Started watch history tracking
⚠️ onVideoReady called again - ignoring to prevent loops
🎬 DisplayLink: reportSwap() (throttled)
✅ Download complete: 33412 bytes
📦 Detected ZIP archive, extracting...
⚠️ No specific episode match found, using first file: Spider-Man_3_English-[LRXSTORE].srt
📦 Extracting specific file: Spider-Man_3_English-\[LRXSTORE\].srt
✅ Extraction successful
✅ Subtitle downloaded and converted to VTT
[MPV] Track added:
🎬 MPV: Frame ready! Calling layer.update() (throttled)
[MPV] (+) Video --vid=1 (*) 'GalaxyRG265 - Spider-Man.3.2007.1080p.BluRay.DDP5.1.x265.10bit-GalaxyRG265' (hevc [Main 10] 1920x800 23.976fps)
🔍 SubtitleService: Starting embedded track scan (polling 5s)...
📊 Current subtitle track: 4
[MPV] (+) Audio --aid=1 --alang=eng (*) 'GalaxyRG265 - Spider-Man.3.2007.1080p.BluRay.DDP5.1.x265.10bit-GalaxyRG265' (eac3 6ch 48000Hz)
[MPV] Subs  --sid=1 --slang=en 'Spider.Man.3.2007.1080p.BluRay.x264.YIFY' (webvtt) (external)
[MPV] Subs  --sid=2 --slang=eng (*) 'GalaxyRG256 - Spider-Man.3.2007.1080p.BluRay.DDP5.1.x265.10bit-GalaxyRG265' (hdmv_pgs_subtitle)
[MPV] Subs  --sid=3 --slang=en 'Spider-Man.3.2007.REPACK.UHD.BluRay.2160p.TrueHD.Atmos.7.1.DV.HEVC.HYBRID.REMUX-FraMeSToR' (webvtt) (external)
[MPV] (+) Subs  --sid=4 --slang=en 'Spider-Man3(2007)720pBluRay-[LRXSTORE]' (webvtt) (external)
✅ SMART-LOAD: Found 6 tracks including 3/3 external subs.
✅ SMART-LOAD: All tracks ready! Proceeding to selection.
🔍 AUDIO AUTO-SELECT: Starting smart audio track scan
🔍 Track 1: GalaxyRG265 - Spider-Man.3.2007.1080p.BluRay.DDP5.1.x265.10bit-GalaxyRG265 | 6ch | English: true | Commentary: false -> Score: 1065
🏆 Selected best audio track: GalaxyRG265 - Spider-Man.3.2007.1080p.BluRay.DDP5.1.x265.10bit-GalaxyRG265 (ID: 1, Score: 1065)
🔍 AUDIO AUTO-SELECT: Starting smart audio track scan
🔍 Track 1: GalaxyRG265 - Spider-Man.3.2007.1080p.BluRay.DDP5.1.x265.10bit-GalaxyRG265 | 6ch | English: true | Commentary: false -> Score: 1065
🏆 Selected best audio track: GalaxyRG265 - Spider-Man.3.2007.1080p.BluRay.DDP5.1.x265.10bit-GalaxyRG265 (ID: 1, Score: 1065)
🔍 AUTO-SELECT: Starting subtitle scan & selection refresh
🔍 AUTO-SELECT: Found 6 total tracks
🔍 AUTO-SELECT: Track 0 - ID: 1, lang: 'en', title: 'Spider.Man.3.2007.1080p.BluRay.x264.YIFY', forced: false, default: false, HI: false, Ext: true
🔍 AUTO-SELECT: Track 3 - ID: 2, lang: 'eng', title: 'GalaxyRG256 - Spider-Man.3.2007.1080p.BluRay.DDP5.1.x265.10bit-GalaxyRG265', forced: false, default: true, HI: false, Ext: false
🔍 AUTO-SELECT: Track 4 - ID: 3, lang: 'en', title: 'Spider-Man.3.2007.REPACK.UHD.BluRay.2160p.TrueHD.Atmos.7.1.DV.HEVC.HYBRID.REMUX-FraMeSToR', forced: false, default: false, HI: false, Ext: true
🔍 AUTO-SELECT: Track 5 - ID: 4, lang: 'en', title: 'Spider-Man3(2007)720pBluRay-[LRXSTORE]', forced: false, default: false, HI: false, Ext: true
✅ Auto-selecting BEST English subtitle: GalaxyRG256 - Spider-Man.3.2007.1080p.BluRay.DDP5.1.x265.10bit-GalaxyRG265 (ID: 2) [External: false, Forced: false, Default: true, HI: false]
   🏆 Final Score: 3690 (Embedded: 3000, Match: 700, Clean: 0, SDH: 0)
[MPV] Track switched:
[MPV] (+) Video --vid=1 (*) 'GalaxyRG265 - Spider-Man.3.2007.1080p.BluRay.DDP5.1.x265.10bit-GalaxyRG265' (hevc [Main 10] 1920x800 23.976fps)
[MPV] (+) Audio --aid=1 --alang=eng (*) 'GalaxyRG265 - Spider-Man.3.2007.1080p.BluRay.DDP5.1.x265.10bit-GalaxyRG265' (eac3 6ch 48000Hz)
[MPV] Subs  --sid=1 --slang=en 'Spider.Man.3.2007.1080p.BluRay.x264.YIFY' (webvtt) (external)
[MPV] Subs  --sid=2 --slang=eng (*) 'GalaxyRG256 - Spider-Man.3.2007.1080p.BluRay.DDP5.1.x265.10bit-GalaxyRG265' (hdmv_pgs_subtitle)
[MPV] Subs  --sid=3 --slang=en 'Spider-Man.3.2007.REPACK.UHD.BluRay.2160p.TrueHD.Atmos.7.1.DV.HEVC.HYBRID.REMUX-FraMeSToR' (webvtt) (external)
[MPV] (+) Subs  --sid=4 --slang=en 'Spider-Man3(2007)720pBluRay-[LRXSTORE]' (webvtt) (external)
[MPV] Track switched:
[MPV] (+) Video --vid=1 (*) 'GalaxyRG265 - Spider-Man.3.2007.1080p.BluRay.DDP5.1.x265.10bit-GalaxyRG265' (hevc [Main 10] 1920x800 23.976fps)
[MPV] (+) Audio --aid=1 --alang=eng (*) 'GalaxyRG265 - Spider-Man.3.2007.1080p.BluRay.DDP5.1.x265.10bit-GalaxyRG265' (eac3 6ch 48000Hz)
[MPV] Subs  --sid=1 --slang=en 'Spider.Man.3.2007.1080p.BluRay.x264.YIFY' (webvtt) (external)
[MPV] (+) Subs  --sid=2 --slang=eng (*) 'GalaxyRG256 - Spider-Man.3.2007.1080p.BluRay.DDP5.1.x265.10bit-GalaxyRG265' (hdmv_pgs_subtitle)
[MPV] Subs  --sid=3 --slang=en 'Spider-Man.3.2007.REPACK.UHD.BluRay.2160p.TrueHD.Atmos.7.1.DV.HEVC.HYBRID.REMUX-FraMeSToR' (webvtt) (external)
[MPV] Subs  --sid=4 --slang=en 'Spider-Man3(2007)720pBluRay-[LRXSTORE]' (webvtt) (external)
⏸️ SMART-LOAD: Staying paused (Watch Party / User Request)
🎬 DisplayLink: reportSwap() (throttled)
🎬 Layer.update() called - forceDraw:false needsFlip:true (throttled)
📨 Received: {"ref":"3","event":"phx_reply","payload":{"status":"ok","response":{}},"topic":"realtime:global-presence"}
📨 Received: {"ref":null,"event":"presence_diff","payload":{"joins":{"7083c854-ea62-11f0-9a32-0a58a9feac02":{"metas":[{"phx_ref":"GIfoaQKh_NndTlzN","phx_ref_prev":"GIfoaDInNPzdTl6I","last_seen":"2026-01-05T18:15:16.129Z","room_id":"event_tt0413300","started_at":"2026-01-05T18:15:12.635Z","status":"online","user_id":"656daa91-33b4-4688-9135-c982ea52d7c9","username":"ursinho","watching_id":"tt0413300","watching_title":"Spider-Man 3","watching_type":"movie"}]}},"leaves":{"7083c854-ea62-11f0-9a32-0a58a9feac02":{"metas":[{"phx_ref":"GIfoaDInNPzdTl6I","phx_ref_prev":"GIfoZFV3AJ3dTqmM","last_seen":"2026-01-05T18:15:12.634Z","room_id":"event_tt0413300","started_at":"2026-01-05T18:15:12.635Z","status":"online","user_id":"656daa91-33b4-4688-9135-c982ea52d7c9","username":"ursinho","watching_id":"tt0413300","watching_title":"Spider-Man 3","watching_type":"movie"}]}}},"topic":"realtime:global-presence"}
⏳ MPVPlayerViewModel: Buffering finished during Event Seek - Starting 500ms Render Stabilization Timer...
📊 Current subtitle track: 2
🎬 DisplayLink: reportSwap() (throttled)
✅ MPVPlayerViewModel: Render Stabilization Complete - Releasing UI
🎬 MPV: Frame ready! Calling layer.update() (throttled)
📊 Current subtitle track: 2
🎬 DisplayLink: reportSwap() (throttled)
📊 Current subtitle track: 2
🎬 DisplayLink: reportSwap() (throttled)
🎬 Layer.update() called - forceDraw:false needsFlip:true (throttled)
🎬 MPV: Frame ready! Calling layer.update() (throttled)
🎬 canDraw() = true (forceDraw:false, hasFrame:true) (throttled)
🎬 draw() - Rendering frame! (throttled)
📊 Current subtitle track: 2
🔍 AUTO-SELECT: Starting subtitle scan & selection refresh
🔍 AUTO-SELECT: Found 6 total tracks
🔍 AUTO-SELECT: Track 0 - ID: 1, lang: 'en', title: 'Spider.Man.3.2007.1080p.BluRay.x264.YIFY', forced: false, default: false, HI: false, Ext: true
🔍 AUTO-SELECT: Track 3 - ID: 2, lang: 'eng', title: 'GalaxyRG256 - Spider-Man.3.2007.1080p.BluRay.DDP5.1.x265.10bit-GalaxyRG265', forced: false, default: true, HI: false, Ext: false
🔍 AUTO-SELECT: Track 4 - ID: 3, lang: 'en', title: 'Spider-Man.3.2007.REPACK.UHD.BluRay.2160p.TrueHD.Atmos.7.1.DV.HEVC.HYBRID.REMUX-FraMeSToR', forced: false, default: false, HI: false, Ext: true
🔍 AUTO-SELECT: Track 5 - ID: 4, lang: 'en', title: 'Spider-Man3(2007)720pBluRay-[LRXSTORE]', forced: false, default: false, HI: false, Ext: true
✅ Auto-selecting BEST English subtitle: GalaxyRG256 - Spider-Man.3.2007.1080p.BluRay.DDP5.1.x265.10bit-GalaxyRG265 (ID: 2) [External: false, Forced: false, Default: true, HI: false]
   🏆 Final Score: 3690 (Embedded: 3000, Match: 700, Clean: 0, SDH: 0)
🎬 DisplayLink: reportSwap() (throttled)
🎬 DisplayLink: reportSwap() (throttled)
🎬 MPV: Frame ready! Calling layer.update() (throttled)
🎬 DisplayLink: reportSwap() (throttled)
🎬 Layer.update() called - forceDraw:false needsFlip:true (throttled)
📨 Received: {"ref":null,"event":"presence_diff","payload":{"joins":{"146dae5e-ea62-11f0-86e8-0a58a9feac02":{"metas":[{"phx_ref":"GIfoaklv81gRUoFC","phx_ref_prev":"GIfoZaJmadsRUibO","last_seen":"2026-01-05T18:15:21.810Z","room_id":"event_tt0413300","started_at":"2026-01-05T18:13:01.936Z","status":"online","user_id":"96e01cdb-36c0-4228-a6e4-a29a3c66bc8e","username":"lemontom","watching_id":"tt0413300","watching_title":"Spider-Man 3","watching_type":"movie"}]}},"leaves":{"146dae5e-ea62-11f0-86e8-0a58a9feac02":{"metas":[{"phx_ref":"GIfoZaJmadsRUibO","phx_ref_prev":"GIfoYPhnYkoRUtXK","last_seen":"2026-01-05T18:15:01.834Z","room_id":"event_tt0413300","started_at":"2026-01-05T18:13:01.936Z","status":"online","user_id":"96e01cdb-36c0-4228-a6e4-a29a3c66bc8e","username":"lemontom","watching_id":"tt0413300","watching_title":"Spider-Man 3","watching_type":"movie"}]}}},"topic":"realtime:global-presence"}
🎬 DisplayLink: reportSwap() (throttled)
🎬 MPV: Frame ready! Calling layer.update() (throttled)
🎬 DisplayLink: reportSwap() (throttled)
🎬 canDraw() = true (forceDraw:false, hasFrame:true) (throttled)
🎬 draw() - Rendering frame! (throttled)
💓 Heartbeat sent
📨 Received: {"ref":"2","event":"phx_reply","payload":{"status":"ok","response":{}},"topic":"phoenix"}
🎬 DisplayLink: reportSwap() (throttled)
🎬 Layer.update() called - forceDraw:false needsFlip:true (throttled)
🎬 MPV: Frame ready! Calling layer.update() (throttled)
💬 Sent: hey
✅ Chat message sent via Realtime
📨 Received: {"ref":null,"event":"broadcast","payload":{"event":"sync","payload":{"chatText":"hey","chatUsername":"ursinho","position":0,"senderId":"656DAA91-33B4-4688-9135-C982EA52D7C9","timestamp":1767636925.102099,"type":"chat"},"type":"broadcast"},"topic":"realtime:watch-party:event_tt0413300"}
💬 Skipping own message (already displayed locally)
🎬 DisplayLink: reportSwap() (throttled)
💓 Heartbeat sent
📨 Received: {"ref":"4","event":"phx_reply","payload":{"status":"ok","response":{}},"topic":"phoenix"}
💓 Heartbeat sent
📨 Received: {"ref":"1","event":"phx_reply","payload":{"status":"ok","response":{}},"topic":"phoenix"}
🎬 DisplayLink: reportSwap() (throttled)
🎬 MPV: Frame ready! Calling layer.update() (throttled)
🎬 DisplayLink: reportSwap() (throttled)
🎬 Layer.update() called - forceDraw:false needsFlip:true (throttled)
🎬 DisplayLink: reportSwap() (throttled)
🎬 MPV: Frame ready! Calling layer.update() (throttled)
📨 Received: {"ref":null,"event":"broadcast","payload":{"event":"sync","payload":{"chatText":"hey","chatUsername":"lemontom","position":0,"senderId":"96E01CDB-36C0-4228-A6E4-A29A3C66BC8E","timestamp":1767636929.1399899,"type":"chat"},"type":"broadcast"},"topic":"realtime:watch-party:event_tt0413300"}
🎬 canDraw() = true (forceDraw:false, hasFrame:true) (throttled)
🎬 draw() - Rendering frame! (throttled)
💬 Received chat from lemontom: hey
🎬 DisplayLink: reportSwap() (throttled)
🎬 DisplayLink: reportSwap() (throttled)
🎬 Layer.update() called - forceDraw:false needsFlip:true (throttled)
🎬 MPV: Frame ready! Calling layer.update() (throttled)
🎬 DisplayLink: reportSwap() (throttled)
🎬 DisplayLink: reportSwap() (throttled)
🎬 MPV: Frame ready! Calling layer.update() (throttled)
🎬 DisplayLink: reportSwap() (throttled)
🎬 Layer.update() called - forceDraw:false needsFlip:true (throttled)
🎬 canDraw() = true (forceDraw:false, hasFrame:true) (throttled)
🎬 draw() - Rendering frame! (throttled)
🎬 DisplayLink: reportSwap() (throttled)
🎬 MPV: Frame ready! Calling layer.update() (throttled)
🎬 DisplayLink: reportSwap() (throttled)
📨 Received: {"ref":"5","event":"phx_reply","payload":{"status":"ok","response":{}},"topic":"realtime:global-presence"}
📨 Received: {"ref":null,"event":"presence_diff","payload":{"joins":{"7083c854-ea62-11f0-9a32-0a58a9feac02":{"metas":[{"phx_ref":"GIfobakOuxzdThkO","phx_ref_prev":"GIfoaQKh_NndTlzN","last_seen":"2026-01-05T18:15:36.092Z","room_id":"event_tt0413300","started_at":"2026-01-05T18:15:12.635Z","status":"online","user_id":"656daa91-33b4-4688-9135-c982ea52d7c9","username":"ursinho","watching_id":"tt0413300","watching_title":"Spider-Man 3","watching_type":"movie"}]}},"leaves":{"7083c854-ea62-11f0-9a32-0a58a9feac02":{"metas":[{"phx_ref":"GIfoaQKh_NndTlzN","phx_ref_prev":"GIfoaDInNPzdTl6I","last_seen":"2026-01-05T18:15:16.129Z","room_id":"event_tt0413300","started_at":"2026-01-05T18:15:12.635Z","status":"online","user_id":"656daa91-33b4-4688-9135-c982ea52d7c9","username":"ursinho","watching_id":"tt0413300","watching_title":"Spider-Man 3","watching_type":"movie"}]}}},"topic":"realtime:global-presence"}
🎬 DisplayLink: reportSwap() (throttled)
🎬 Layer.update() called - forceDraw:false needsFlip:true (throttled)
🎬 MPV: Frame ready! Calling layer.update() (throttled)
🎬 DisplayLink: reportSwap() (throttled)
📨 Received: {"ref":null,"event":"broadcast","payload":{"event":"sync","payload":{"chatText":"hi","chatUsername":"lemontom","position":0,"senderId":"96E01CDB-36C0-4228-A6E4-A29A3C66BC8E","timestamp":1767636938.264485,"type":"chat"},"type":"broadcast"},"topic":"realtime:watch-party:event_tt0413300"}
💬 Received chat from lemontom: hi
🎬 DisplayLink: reportSwap() (throttled)
🎬 canDraw() = true (forceDraw:false, hasFrame:true) (throttled)
🎬 draw() - Rendering frame! (throttled)
🎬 MPV: Frame ready! Calling layer.update() (throttled)
🎬 DisplayLink: reportSwap() (throttled)
🎬 Layer.update() called - forceDraw:false needsFlip:true (throttled)
📨 Received: {"ref":null,"event":"broadcast","payload":{"event":"sync","payload":{"chatText":"yo","chatUsername":"lemontom","position":0,"senderId":"96E01CDB-36C0-4228-A6E4-A29A3C66BC8E","timestamp":1767636940.5986562,"type":"chat"},"type":"broadcast"},"topic":"realtime:watch-party:event_tt0413300"}
💬 Received chat from lemontom: yo
🎬 DisplayLink: reportSwap() (throttled)
🎬 MPV: Frame ready! Calling layer.update() (throttled)
🎬 DisplayLink: reportSwap() (throttled)
🎬 DisplayLink: reportSwap() (throttled)
🎬 Layer.update() called - forceDraw:false needsFlip:true (throttled)
📨 Received: {"ref":null,"event":"presence_diff","payload":{"joins":{"146dae5e-ea62-11f0-86e8-0a58a9feac02":{"metas":[{"phx_ref":"GIfobvUVMMYRUknC","phx_ref_prev":"GIfoaklv81gRUoFC","last_seen":"2026-01-05T18:15:41.869Z","room_id":"event_tt0413300","started_at":"2026-01-05T18:13:01.936Z","status":"online","user_id":"96e01cdb-36c0-4228-a6e4-a29a3c66bc8e","username":"lemontom","watching_id":"tt0413300","watching_title":"Spider-Man 3","watching_type":"movie"}]}},"leaves":{"146dae5e-ea62-11f0-86e8-0a58a9feac02":{"metas":[{"phx_ref":"GIfoaklv81gRUoFC","phx_ref_prev":"GIfoZaJmadsRUibO","last_seen":"2026-01-05T18:15:21.810Z","room_id":"event_tt0413300","started_at":"2026-01-05T18:13:01.936Z","status":"online","user_id":"96e01cdb-36c0-4228-a6e4-a29a3c66bc8e","username":"lemontom","watching_id":"tt0413300","watching_title":"Spider-Man 3","watching_type":"movie"}]}}},"topic":"realtime:global-presence"}
🎬 MPV: Frame ready! Calling layer.update() (throttled)
🎬 DisplayLink: reportSwap() (throttled)
🎬 canDraw() = true (forceDraw:false, hasFrame:true) (throttled)
🎬 draw() - Rendering frame! (throttled)
💾 Saved to watch history: Spider-Man 3 at 7334s
🎬 DisplayLink: reportSwap() (throttled)
🎬 MPV: Frame ready! Calling layer.update() (throttled)
🎬 DisplayLink: reportSwap() (throttled)
🎬 Layer.update() called - forceDraw:false needsFlip:true (throttled)
🎬 DisplayLink: reportSwap() (throttled)
🎬 MPV: Frame ready! Calling layer.update() (throttled)
🎬 DisplayLink: reportSwap() (throttled)
🎬 DisplayLink: reportSwap() (throttled)
🎬 Layer.update() called - forceDraw:false needsFlip:true (throttled)
🎬 canDraw() = true (forceDraw:false, hasFrame:true) (throttled)
🎬 draw() - Rendering frame! (throttled)
🎬 MPV: Frame ready! Calling layer.update() (throttled)
🎬 DisplayLink: reportSwap() (throttled)
❌ Supabase error (404): {"code":"PGRST205","details":null,"hint":"Perhaps you meant the table 'public.2026-01-05 13:15:54.158 RedLemon[4844:35791] 📨 Realtime: Received broadcast message
2026-01-05 13:15:54.158 RedLemon[4844:35791]    Payload keys: type, senderId, chatUsername, position, timestamp, chatText
2026-01-05 13:15:54.159 RedLemon[4844:35791] ✅ Realtime: Decoded message type: chat, sender: 96E01CDB-36C0-4228-A6E4-A29A3C66BC8E
2026-01-05 13:15:54.159 RedLemon[4844:35791] 📞 Realtime: Invoking syncCallback for message type: chat
2026-01-05 13:15:54.159 RedLemon[4844:35791] ✅ Realtime: syncCallback invoked successfully
2026-01-05 13:15:54.193 RedLemon[4844:35721] 🔍 DEBUG: Received sync message - type: chat, sender: 96E01CDB-36C0-4228-A6E4-A29A3C66BC8E
2026-01-05 13:15:57.164 RedLemon[4844:35721] 🖱️ Mouse: x=1180/1366 y=128/768 | Exit: 0 Controls: 0 Chat: 1
2026-01-05 13:16:02.085 RedLemon[4844:35792] 📨 Realtime: Received broadcast message
2026-01-05 13:16:02.086 RedLemon[4844:35792]    Payload keys: chatText, senderId, position, chatUsername, type, timestamp
2026-01-05 13:16:02.086 RedLemon[4844:35792] ✅ Realtime: Decoded message type: chat, sender: 96E01CDB-36C0-4228-A6E4-A29A3C66BC8E
2026-01-05 13:16:02.086 RedLemon[4844:35792] 📞 Realtime: Invoking syncCallback for message type: chat
2026-01-05 13:16:02.086 RedLemon[4844:35792] ✅ Realtime: syncCallback invoked successfully
2026-01-05 13:16:02.119 RedLemon[4844:35721] 🔍 DEBUG: Received sync message - type: chat, sender: 96E01CDB-36C0-4228-A6E4-A29A3C66BC8E
users'","message":"Could not find the table 'public.user_blocks' in the schema cache"}
❌ SocialService: Backend block failed: httpError(404, "{\"code\":\"PGRST205\",\"details\":null,\"hint\":\"Perhaps you meant the table \'public.users\'\",\"message\":\"Could not find the table \'public.user_blocks\' in the schema cache\"}"). Using local fallback.
🎬 DisplayLink: reportSwap() (throttled)
🎬 MPV: Frame ready! Calling layer.update() (throttled)
🎬 DisplayLink: reportSwap() (throttled)
🎬 Layer.update() called - forceDraw:false needsFlip:true (throttled)
🎬 DisplayLink: reportSwap() (throttled)
🎬 MPV: Frame ready! Calling layer.update() (throttled)
🎬 DisplayLink: reportSwap() (throttled)
📨 Received: {"ref":null,"event":"broadcast","payload":{"event":"sync","payload":{"chatText":"come on","chatUsername":"lemontom","position":0,"senderId":"96E01CDB-36C0-4228-A6E4-A29A3C66BC8E","timestamp":1767636954.322672,"type":"chat"},"type":"broadcast"},"topic":"realtime:watch-party:event_tt0413300"}
💓 Heartbeat sent
📨 Received: {"ref":"4","event":"phx_reply","payload":{"status":"ok","response":{}},"topic":"phoenix"}
💬 Received chat from lemontom: come on
🎬 canDraw() = true (forceDraw:false, hasFrame:true) (throttled)
🎬 draw() - Rendering frame! (throttled)
🎬 DisplayLink: reportSwap() (throttled)
🎬 Layer.update() called - forceDraw:false needsFlip:true (throttled)
📡 [EventsConfig] Checking server for movie_events config version...
✅ [EventsConfig] Fetched movie_events version 1468 with 428 movies
✅ [EventsConfig] Using cached movie_events config (version 1468, 428 movies)
🎬 MPV: Frame ready! Calling layer.update() (throttled)
🎬 DisplayLink: reportSwap() (throttled)
💓 Heartbeat sent
📨 Received: {"ref":"6","event":"phx_reply","payload":{"status":"ok","response":{}},"topic":"phoenix"}
📨 Received: {"ref":"7","event":"phx_reply","payload":{"status":"ok","response":{}},"topic":"realtime:global-presence"}
📨 Received: {"ref":null,"event":"presence_diff","payload":{"joins":{"7083c854-ea62-11f0-9a32-0a58a9feac02":{"metas":[{"phx_ref":"GIfoclI9cKHdTjcM","phx_ref_prev":"GIfobakOuxzdThkO","last_seen":"2026-01-05T18:15:56.118Z","room_id":"event_tt0413300","started_at":"2026-01-05T18:15:12.635Z","status":"online","user_id":"656daa91-33b4-4688-9135-c982ea52d7c9","username":"ursinho","watching_id":"tt0413300","watching_title":"Spider-Man 3","watching_type":"movie"}]}},"leaves":{"7083c854-ea62-11f0-9a32-0a58a9feac02":{"metas":[{"phx_ref":"GIfobakOuxzdThkO","phx_ref_prev":"GIfoaQKh_NndTlzN","last_seen":"2026-01-05T18:15:36.092Z","room_id":"event_tt0413300","started_at":"2026-01-05T18:15:12.635Z","status":"online","user_id":"656daa91-33b4-4688-9135-c982ea52d7c9","username":"ursinho","watching_id":"tt0413300","watching_title":"Spider-Man 3","watching_type":"movie"}]}}},"topic":"realtime:global-presence"}
💓 Heartbeat sent
📨 Received: {"ref":"2","event":"phx_reply","payload":{"status":"ok","response":{}},"topic":"phoenix"}
🎬 DisplayLink: reportSwap() (throttled)
🎬 MPV: Frame ready! Calling layer.update() (throttled)
🎬 Layer.update() called - forceDraw:false needsFlip:true (throttled)
🎬 DisplayLink: reportSwap() (throttled)
🎬 DisplayLink: reportSwap() (throttled)
🎬 canDraw() = true (forceDraw:false, hasFrame:true) (throttled)
🎬 draw() - Rendering frame! (throttled)
🎬 MPV: Frame ready! Calling layer.update() (throttled)
❌ Supabase error (404): {"code":"PGRST205","details":null,"hint":"Perhaps you meant the table 'public.users'","message":"Could not find the table 'public.user_blocks' in the schema cache"}
❌ SocialService: Backend block failed: httpError(404, "{\"code\":\"PGRST205\",\"details\":null,\"hint\":\"Perhaps you meant the table \'public.users\'\",\"message\":\"Could not find the table \'public.user_blocks\' in the schema cache\"}"). Using local fallback.
🎬 DisplayLink: reportSwap() (throttled)
🎬 Layer.update() called - forceDraw:false needsFlip:true (throttled)
🎬 DisplayLink: reportSwap() (throttled)
🎬 MPV: Frame ready! Calling layer.update() (throttled)
🎬 DisplayLink: reportSwap() (throttled)
📨 Received: {"ref":null,"event":"broadcast","payload":{"event":"sync","payload":{"chatText":"hey","chatUsername":"lemontom","position":0,"senderId":"96E01CDB-36C0-4228-A6E4-A29A3C66BC8E","timestamp":1767636962.250826,"type":"chat"},"type":"broadcast"},"topic":"realtime:watch-party:event_tt0413300"}
💬 Received chat from lemontom: hey
📨 Received: {"ref":null,"event":"presence_diff","payload":{"joins":{"146dae5e-ea62-11f0-86e8-0a58a9feac02":{"metas":[{"phx_ref":"GIfoc54Ze-IRUqbL","phx_ref_prev":"GIfobvUVMMYRUknC","last_seen":"2026-01-05T18:16:01.892Z","room_id":"event_tt0413300","started_at":"2026-01-05T18:13:01.936Z","status":"online","user_id":"96e01cdb-36c0-4228-a6e4-a29a3c66bc8e","username":"lemontom","watching_id":"tt0413300","watching_title":"Spider-Man 3","watching_type":"movie"}]}},"leaves":{"146dae5e-ea62-11f0-86e8-0a58a9feac02":{"metas":[{"phx_ref":"GIfobvUVMMYRUknC","phx_ref_prev":"GIfoaklv81gRUoFC","last_seen":"2026-01-05T18:15:41.869Z","room_id":"event_tt0413300","started_at":"2026-01-05T18:13:01.936Z","status":"online","user_id":"96e01cdb-36c0-4228-a6e4-a29a3c66bc8e","username":"lemontom","watching_id":"tt0413300","watching_title":"Spider-Man 3","watching_type":"movie"}]}}},"topic":"realtime:global-presence"}
🎬 DisplayLink: reportSwap() (throttled)
🎬 MPV: Frame ready! Calling layer.update() (throttled)
🎬 Layer.update() called - forceDraw:false needsFlip:true (throttled)
🎬 DisplayLink: reportSwap() (throttled)
🎬 canDraw() = true (forceDraw:false, hasFrame:true) (throttled)
🎬 draw() - Rendering frame! (throttled)
🎬 DisplayLink: reportSwap() (throttled)
🎬 MPV: Frame ready! Calling layer.update() (throttled)
🎬 DisplayLink: reportSwap() (throttled)
🎬 Layer.update() called - forceDraw:false needsFlip:true (throttled)
🎬 DisplayLink: reportSwap() (throttled)
🎬 MPV: Frame ready! Calling layer.update() (throttled)
🎬 DisplayLink: reportSwap() (throttled)
🎬 DisplayLink: reportSwap() (throttled)
🎬 canDraw() = true (forceDraw:false, hasFrame:true) (throttled)
🎬 draw() - Rendering frame! (throttled)
🎬 MPV: Frame ready! Calling layer.update() (throttled)
🎬 Layer.update() called - forceDraw:false needsFlip:true (throttled)
🎬 DisplayLink: reportSwap() (throttled)
