2026-01-19 21:39:24.310 RedLemon[38612:380673] 🪟 Set initial window to expanded size: (0.0, 148.0, 1366.0, 595.0)
2026-01-19 21:39:24.310 RedLemon[38612:380673] ✅ Cache cleanup timer started (runs every 30 minutes)
2026-01-19 21:39:24.390 RedLemon[38612:380673] 🔄 Resetting playback state to prevent auto-selection...
2026-01-19 21:39:24.392 RedLemon[38612:380673] ⚠️ PlayerVM: currentWatchPartyRoom set to NIL. Stack Trace unavailable, but check recent logs.
2026-01-19 21:39:24.422 RedLemon[38612:380673] ✅ Playback state reset complete - starting in browse view
2026-01-19 21:39:24.422 RedLemon[38612:380673] 🔐 APP STARTUP: Loading stored user credentials...
2026-01-19 21:39:24.422 RedLemon[38612:380673] 🧪 Testing Profile: debug
2026-01-19 21:39:24.429 RedLemon[38612:380752] 📂 Loaded 5 credential(s) from cache
2026-01-19 21:39:24.431 RedLemon[38612:380673] ✅ Keychain: Found stored username: ursinho
2026-01-19 21:39:24.431 RedLemon[38612:380673] 🔍 Supabase: Looking up user 'ursinho' in database...
2026-01-19 21:39:24.431 RedLemon[38612:380752] 🔍 SupabaseClient: Looking up user by username 'ursinho'
2026-01-19 21:39:25.040 RedLemon[38612:380731] 📡 SupabaseClient: User lookup response received (399 bytes)
2026-01-19 21:39:25.049 RedLemon[38612:380731] ✅ SupabaseClient: Decoded 1 users from response
2026-01-19 21:39:25.050 RedLemon[38612:380731] 👤 SupabaseClient: Found user - ursinho (ID: 656DAA91-33B4-4688-9135-C982EA52D7C9)
2026-01-19 21:39:25.098 RedLemon[38612:380673] ✅ AUTH SUCCESS: User authenticated - ursinho (ID: 656DAA91-33B4-4688-9135-C982EA52D7C9)
2026-01-19 21:39:25.098 RedLemon[38612:380673] 🎯 AppState: currentUsername=ursinho, currentUserId=656DAA91-33B4-4688-9135-C982EA52D7C9
2026-01-19 21:39:27.303 RedLemon[38612:380673] 🏁 AUTH COMPLETE: Final state - username=ursinho, userId=656DAA91-33B4-4688-9135-C982EA52D7C9
2026-01-19 21:39:27.309 RedLemon[38612:380673] 🚀 RedLemon: Starting HTTP server...
2026-01-19 21:39:27.310 RedLemon[38612:380673] 📋 RedLemon: Current directory: /Users/danielnoble/Desktop/Redlemon
2026-01-19 21:39:27.332 RedLemon[38612:380673] ✅ RedLemon: HTTPServer instance created
2026-01-19 21:39:27.332 RedLemon[38612:380673] ✅ RedLemon: Server marked as ready (Optimistic)
2026-01-19 21:39:27.333 RedLemon[38612:380729] 📡 RedLemon: Server starting on port 47253...
⏲️ [EventsConfig] Starting polling fallback (every 60s)
🔌 Connecting to Supabase Realtime: wss://151.243.109.243.nip.io/realtime/v1/websocket
✅ Connected to Supabase Realtime
📡 Sparkle requesting feed URL: https://151.243.109.243.nip.io/updates/appcast.xml
✅ Sparkle configured (seamless mode)
   Appcast URL: https://151.243.109.243.nip.io/updates/appcast.xml
   Can check: true
📅 EventsView appeared
🎬 [EventsView] Fetching movie events from centralized config...
📡 [EventsConfig] Checking server for movie_events config version...
🔍 Memory pressure monitoring enabled (safe mode)
🔍 Silent update check (custom implementation)...
🖥️ CacheManager initialized with fixed conservative limits
   Image cache limit: 30 items
📡 Joined channel: realtime:events_config_updates (interest count: 1)
✅ [EventsConfig] Subscribed to realtime schedule updates
📡 Sparkle requesting feed URL: https://151.243.109.243.nip.io/updates/appcast.xml
📦 Current build: 123, Latest build: 123
✅ App is up to date (current: 123, latest: 123)
✅ [EventsConfig] Fetched movie_events version 1546 with 401 movies
✅ [EventsConfig] Using cached movie_events config (version 1546, 401 movies)
✅ [EventsView] Loaded 401 movies from config version 1546
🗓 AppState: Updated schedule epoch to 2026-01-18 22:58:18 +0000
⏰ AppState: Next schedule update set for Event End: 2026-01-20 03:09:18 +0000
⏰ AppState: Scheduling update in 1793 seconds
🖼️ [CACHE] Cached image data for key: https://images.metahub.space/background/medium/tt3291150/img (520934 bytes)
🖼️ [CACHE] Cached image data for key: https://images.metahub.space/background/medium/tt4972582/img (612990 bytes)
🖼️ [CACHE] Cached image data for key: https://images.metahub.space/background/medium/tt0325980/img (841062 bytes)
🔌 SocialService: Connecting to global presence...
🔌 Connecting to Supabase Realtime: wss://151.243.109.243.nip.io/realtime/v1/websocket
✅ Connected to Supabase Realtime
✅ SocialService: Presence connected
📡 Joined channel: realtime:global-presence (interest count: 1)
✅ SocialService: Connected to global presence
🔌 SocialService: Connecting to DM channel...
🔌 Connecting to Supabase Realtime: wss://151.243.109.243.nip.io/realtime/v1/websocket
✅ Connected to Supabase Realtime
✅ SocialService: DM channel connected
⏰ AppState: Next schedule update set for Event End: 2026-01-20 03:09:18 +0000
⏰ AppState: Scheduling update in 1792 seconds
📈 SocialService: User 96e01cdb-36c0-4228-a6e4-a29a3c66bc8e came online
📈 SocialService: User 1a66707b-45f0-4f89-b14f-9b764aba9592 came online
📈 SocialService: User 656daa91-33b4-4688-9135-c982ea52d7c9 came online
📡 [EventsConfig] Checking server for movie_events config version...
⏰ AppState: Next schedule update set for Event End: 2026-01-20 03:09:18 +0000
⏰ AppState: Scheduling update in 1792 seconds
📡 Joined channel: realtime:direct_messages (interest count: 1)
✅ SocialService: Connected to DM channel
✅ [EventsConfig] Fetched movie_events version 1546 with 401 movies
✅ [EventsConfig] Using cached movie_events config (version 1546, 401 movies)
✅ SocialService: Event event_tt4972582 is JOINABLE (Live or Next Up) - allowing join
📬 SocialService: Fetched 0 unread messages
🔄 SocialService: Syncing 50 items to cloud...
🔄 SocialService: Syncing 50 items to cloud (serial)...
✅ Token routes registered:
   POST /tokens/save
   POST /tokens/delete
   GET  /tokens/list
✅ Unlock routes registered:
   POST /api/streams/unlock
✅ Stream routes registered:
   POST /api/streams/resolve
   GET  /api/streams/resolveByQuality
   GET  /api/streams/resolveAll
✅ Proxy routes registered:
   GET /play/rd/:infoHash/:fileIdx
   GET /play/rd/:infoHash
✅ Subtitle routes registered:
   GET /subtitles/search?imdbId=&type=
   GET /subtitles/subdl/:encodedPath
✅ All routes registered
✅ HTTP Server configured on http://127.0.0.1:47253
🚀 Starting HTTP server...
✅ Providers initialized: torrentio, comet, zilean, mediafusion, debridsearch
[ NOTICE ] Server started on http://127.0.0.1:47253
2026-01-19 21:39:27.373 RedLemon[38612:380673] ✅ RedLemon: Server should be running on http://127.0.0.1:47253
2026-01-19 21:39:27.373 RedLemon[38612:380673] 🏥 [AppState] Starting global provider health check...
2026-01-19 21:39:27.373 RedLemon[38612:380673] 🔍 Performing startup checks...
2026-01-19 21:39:27.373 RedLemon[38612:380673] ✅ Username-based authentication ready
2026-01-19 21:39:27.374 RedLemon[38612:380729] 🔐 Signed request to /check-payment
2026-01-19 21:39:27.876 RedLemon[38612:380725] 🎬 Torrentio: Building URL for movie (no season/episode)
2026-01-19 21:39:27.876 RedLemon[38612:380725] 🔗 Torrentio URL (length: 55): https://torrentio.strem.fun/stream/movie/tt0133093.json...
2026-01-19 21:39:29.201 RedLemon[38612:380673] ✅ [AppState] Provider health check complete (found 7 services)
2026-01-19 21:39:29.792 RedLemon[38612:380673] 🔄 Checking for app updates...
✅ HTTP server running on http://127.0.0.1:47253

🔗 Available endpoints:
   http://127.0.0.1:47253/health
   http://127.0.0.1:47253/status
   http://127.0.0.1:47253/api/health

💰 LicenseManager: Starting hybrid license check...
✅ SubDLClient initialized
👤 LicenseManager: Profile expiry: Optional(2026-02-11 06:00:30 +0000)
🔍 Silent update check (custom implementation)...
⏰ TimeService: Synchronizing clock with server...
🎉 License updated! Expires: 2026-02-11 06:00:30 +0000
📦 Current build: 123, Latest build: 123
✅ App is up to date (current: 123, latest: 123)
✅ TimeService: Synced! Offset: 0.050s (RTT: 140ms)
   Local:  2026-01-20 02:39:29 +0000
   Server: 2026-01-20 02:39:29 +0000
⏰ Time synced with server! AppState should automatically recalculate.
🔌 RoomListView: Setting up realtime subscription for rooms...
📋 Fetching rooms from Supabase backend (offset: 0, limit: 20, search: '')...
📋 Fetching rooms from Supabase backend (offset: 0, limit: 20, search: '')...
📡 Joined channel: realtime:rooms_updates (interest count: 1)
✅ RoomListView: Connected to rooms realtime updates
[ INFO ] GET /api/metadata/meta/movie/tt26581740 [request-id: 9B7BD4D1-AD4E-4A7F-9B3A-0B89567C1E49]
[ INFO ] GET /api/metadata/meta/movie/tt26581740 [request-id: 0647CE15-5D25-4732-A3DB-E95F419D2EDC]
2026-01-19 21:39:35.306 RedLemon[38612:380752] 📦 Decoded CinemetaMeta - videos count: -1
2026-01-19 21:39:35.306 RedLemon[38612:380725] 📦 Decoded CinemetaMeta - videos count: -1
2026-01-19 21:39:35.925 RedLemon[38612:380673] 🚪 Joining room: PLB8
2026-01-19 21:39:37.306 RedLemon[38612:380673] 🚪 Room is in lobby
2026-01-19 21:39:37.306 RedLemon[38612:380673] ✅ PlayerVM: currentWatchPartyRoom set to PLB8
💾 Cache SET: Metadata[meta_movie_tt26581740]
💾 Cache SET: Metadata[meta_movie_tt26581740]
✅ Loaded 1 rooms (total: 1)
🖼️ [CACHE] Cached image data for key: https://images.metahub.space/background/medium/tt26581740/img (117146 bytes)
✅ Loaded 1 rooms (total: 1)
📡 [EventsConfig] Checking server for movie_events config version...
📡 [EventsConfig] Checking server for movie_events config version...
✅ [EventsConfig] Fetched movie_events version 1546 with 401 movies
✅ [EventsConfig] Fetched movie_events version 1546 with 401 movies
✅ [EventsConfig] Using cached movie_events config (version 1546, 401 movies)
✅ [EventsConfig] Using cached movie_events config (version 1546, 401 movies)
✅ SocialService: Event event_tt4972582 is JOINABLE (Live or Next Up) - allowing join
✅ SocialService: Event event_tt4972582 is JOINABLE (Live or Next Up) - allowing join
🚪 Joining room: PLB8
📡 [EventsConfig] Checking server for movie_events config version...
⏰ AppState: Next schedule update set for Event End: 2026-01-20 03:09:18 +0000
⏰ AppState: Scheduling update in 1781 seconds
✅ [EventsConfig] Fetched movie_events version 1546 with 401 movies
✅ [EventsConfig] Using cached movie_events config (version 1546, 401 movies)
🎭 Lobby: Connecting to room PLB8...
🚦 Lobby State: connecting
✅ Cache HIT: Metadata[meta_movie_tt26581740]
🔄 Lobby: Fetching fresh room state from Supabase...
[ INFO ] GET /api/metadata/meta/movie/tt26581740 [request-id: 44B2C05F-C0C1-43DA-9485-7E00F70F2CC6]
2026-01-19 21:39:37.491 RedLemon[38612:380752] 📝 Realtime: Registered observer 'lobby' (Presence: YES, Sync: NO, Status: NO)
2026-01-19 21:39:37.577 RedLemon[38612:380752] 📝 Realtime: Registered observer 'lobby' (Presence: NO, Sync: YES, Status: NO)
2026-01-19 21:39:37.721 RedLemon[38612:380673] ✅ Guest joined room PLB8 in database
2026-01-19 21:39:37.931 RedLemon[38612:380673] 📨 Lobby: Received Room UPDATE from Realtime
2026-01-19 21:39:37.932 RedLemon[38612:380673] 📨 Lobby: Received Room UPDATE from Realtime
2026-01-19 21:39:38.341 RedLemon[38612:380729] 📝 Realtime: Registered observer 'lobby' (Presence: YES, Sync: NO, Status: NO)
2026-01-19 21:39:38.341 RedLemon[38612:380731] 📝 Realtime: Registered observer 'lobby' (Presence: NO, Sync: YES, Status: NO)
2026-01-19 21:39:38.361 RedLemon[38612:380752] 📤 Realtime: Sending message type: chat, sender: 656daa91-33b4-4688-9135-c982ea52d7c9
2026-01-19 21:39:38.362 RedLemon[38612:380752]    Payload keys: type, chatUsername, position, chatText, timestamp, senderId
2026-01-19 21:39:38.362 RedLemon[38612:380729] ✅ Realtime: Message broadcast complete
2026-01-19 21:39:38.409 RedLemon[38612:380726] 🔐 SupabaseClient: Signing Identity Payload: '1768876778656daa91-33b4-4688-9135-c982ea52d7c9/rpc/room_heartbeat'
2026-01-19 21:39:38.409 RedLemon[38612:380726] 🔐 Signed request to /rpc/room_heartbeat
2026-01-19 21:39:38.490 RedLemon[38612:380752] 📨 Realtime: Received broadcast message
2026-01-19 21:39:38.490 RedLemon[38612:380752]    Payload keys: chatText, position, senderId, chatUsername, type, timestamp
2026-01-19 21:39:38.491 RedLemon[38612:380752] ✅ Realtime: Decoded message type: chat, sender: 656daa91-33b4-4688-9135-c982ea52d7c9
2026-01-19 21:39:38.491 RedLemon[38612:380673] 👋 Received: Guest 'ursinho' joined room PLB8
2026-01-19 21:39:39.841 RedLemon[38612:380673] 📨 Lobby: Received Room UPDATE from Realtime
2026-01-19 21:39:40.169 RedLemon[38612:380729] 📨 Realtime: Received broadcast message
2026-01-19 21:39:40.169 RedLemon[38612:380729]    Payload keys: chatText, type, chatUsername, senderId, timestamp, position
2026-01-19 21:39:40.170 RedLemon[38612:380729] ✅ Realtime: Decoded message type: chat, sender: 96e01cdb-36c0-4228-a6e4-a29a3c66bc8e
2026-01-19 21:39:40.170 RedLemon[38612:380673] 🎬 Guest: Received RESOLVING signal
2026-01-19 21:39:43.443 RedLemon[38612:380673] 📨 Lobby: Received Room UPDATE from Realtime
2026-01-19 21:39:43.579 RedLemon[38612:380731] 📨 Realtime: Received broadcast message
2026-01-19 21:39:43.579 RedLemon[38612:380731]    Payload keys: chatText, type, chatUsername, senderId, timestamp, position
2026-01-19 21:39:43.580 RedLemon[38612:380731] ✅ Realtime: Decoded message type: chat, sender: 96e01cdb-36c0-4228-a6e4-a29a3c66bc8e
2026-01-19 21:39:43.580 RedLemon[38612:380673] 🎬 Guest: Received PREPARE signal: LOBBY_PREPARE_PLAYBACK|4dc447b080ffdfee04789e338e3e7435c894d27b|0
2026-01-19 21:39:43.581 RedLemon[38612:380673] ✅ Guest: Extracted Hash from Payload: 4dc447b080ffdfee04789e338e3e7435c894d27b
2026-01-19 21:39:43.804 RedLemon[38612:380725] ✅ StreamService: Using provided metadata: Weapons
2026-01-19 21:39:43.804 RedLemon[38612:380725] ⚡️ StreamService: Resolving streams via StreamResolver (Bypassing HTTP)...
2026-01-19 21:39:43.805 RedLemon[38612:380752] 📝 [APP] 🎬 StreamService: Starting resolution for: Weapons ["file": "StreamService.swift", "level": "INFO", "line": "104"]
2026-01-19 21:39:43.806 RedLemon[38612:380752] 📝 [APP] SessionRecorder initialized
2026-01-19 21:39:43.806 RedLemon[38612:380725] ⚡️ StreamResolver: Resolving streams for tt26581740 (S0E0)
2026-01-19 21:39:43.807 RedLemon[38612:380725] 📝 [APP] New Session Started ["app_version": "1.0.123", "build": "123", "session_id": "AD4C63BE-B920-40C8-90DC-A9582B27B629", "trigger_source": "preload", "user_id": "656DAA91-33B4-4688-9135-C982EA52D7C9"]
2026-01-19 21:39:43.807 RedLemon[38612:380725] 📝 [APP] Target Content Set ["imdb_id": "tt26581740"]
2026-01-19 21:39:43.807 RedLemon[38612:380725] 📝 [RESOLVER] Started Resolution ["episode": "0", "season": "0", "type": "movie"]
2026-01-19 21:39:44.012 RedLemon[38612:380726]    📅 Filtering by year: 2025
2026-01-19 21:39:44.286 RedLemon[38612:380726] 📝 [RESOLVER] Found Verified Stream ["hash": "4dc447b080ffdfee04789e338e3e7435c894d27b", "vote_count": "7"]
📡 SocialService: Updated status - In Lobby: Weapons: Weapons
📡 Left channel: realtime:rooms_updates
✅ Lobby: Loaded metadata for Weapons
🔌 Setting up Realtime channel: watch-party:PLB8
   Role: Guest
   User ID: 656daa91-33b4-4688-9135-c982ea52d7c9
📡 Connection state: connected
📡 Connection state: connecting
📡 Joined channel: realtime:watch-party:PLB8 (interest count: 1)
📡 Connection state: connected
✅ Realtime channel setup complete
✅ Lobby: Connected to Realtime
📨 Unknown event: phx_close on realtime:rooms_updates
✅ Lobby: Synced CLEAN stream info, metadata & playlist to AppState
🔄 Lobby: Fetching fresh room state from Supabase...
🔄 Lobby: Fetching fresh room state from Supabase...
✅ Lobby: Synced CLEAN stream info, metadata & playlist to AppState
✅ Lobby: Refreshed room state. isPlaying: false
🛡️ Lobby: Ensuring local media state is fresh before auto-start check...
ℹ️ RealtimeChannelManager: Already setup for room PLB8, filtering duplicate setup call.
📡 Connection state: connected
✅ Lobby: Connected to Realtime
🚦 Lobby State: connected
✅ Lobby: Synced CLEAN stream info, metadata & playlist to AppState
🔄 Lobby: Starting database polling for participants and room state...
💓 Lobby: Starting heartbeat loop...
🔄 LobbyDatabase: Starting room state polling for guests...
🔄 Lobby: Fetching fresh room state from Supabase...
✅ Lobby: Synced CLEAN stream info, metadata & playlist to AppState
🔄 Lobby: Fetching fresh room state from Supabase...
✅ Lobby: Synced CLEAN stream info, metadata & playlist to AppState
✅ Cache HIT: Metadata[meta_movie_tt26581740]
[2026-01-20T02:39:43Z] [INFO] [StreamService.swift:104] 🎬 StreamService: Starting resolution for: Weapons
🎬 StreamService: Resolving movie - trusted pack filtering will be applied server-side
🛡️ StreamResolver: Loaded 5 blocked streams from blacklist
⚡️ StreamResolver: Found Community Verified stream with 7 votes!
   ℹ️ Hash: 4dc447b080ffdfee04789e338e3e7435c894d27b
   ℹ️ Last Verified: 2026-01-19 03:24:51 +0000
🔍 Searching SubDL: tt26581740 (movie)
✅ Found 9 subtitles from SubDL (Primary)
✅ StreamResolver: Processed subtitles for 1 streams (Attached to 1)
⚡️ StreamResolver: SHORT CIRCUIT - Returning verified stream immediately.
⚡️ StreamService: Testing verified stream viability...
🔓 StreamService: Unlocking with infoHash: 4dc447b080ff...
[ INFO ] POST /api/streams/unlock [request-id: E5DF85D8-4D9D-42C1-AD30-6D0761AD4779]
2026-01-19 21:39:44.508 RedLemon[38612:380726] 🔓 Unlock request: infoHash=4dc447b080ff..., fileIdx=0
2026-01-19 21:39:44.508 RedLemon[38612:380726] ✅ Token found, attempting unlock...
2026-01-19 21:39:46.255 RedLemon[38612:380731] ✅ Unlocked successfully: Weapons.2025.1080p.WEBRip.x264.AAC5.1-[YTS.MX].mp4
2026-01-19 21:39:46.258 RedLemon[38612:380726] 📝 [RESOLVER] Stream Unlocked ["filename": "Weapons.2025.1080p.WEBRip.x264.AAC5.1-[YTS.MX].mp4", "is_generic": "false", "original_title": "Community Verified Stream (1080p)", "url_host": "chi9-4.download.real-debrid.com"]
2026-01-19 21:39:46.258 RedLemon[38612:380726] 📥 StreamService: Pre-downloading 5 (capped from 9) subtitles...
2026-01-19 21:39:46.258 RedLemon[38612:380726] 🐛 StreamService: downloadSubtitlesInParallel called. Season: nil, Episode: nil, Count: 5
2026-01-19 21:39:46.259 RedLemon[38612:380731] 🔍 DEBUG: Processing subtitle URL: /subtitle/3503437-8425905.zip
2026-01-19 21:39:46.259 RedLemon[38612:380752] 🔍 DEBUG: Processing subtitle URL: /subtitle/3512601-8435171.zip
2026-01-19 21:39:46.259 RedLemon[38612:380726] 🔍 DEBUG: Processing subtitle URL: /subtitle/3512599-8435170.zip
2026-01-19 21:39:46.259 RedLemon[38612:380731] ✅ DEBUG: Raw SubDL URL detected, converting to proxy URL
2026-01-19 21:39:46.259 RedLemon[38612:380725] 🔍 DEBUG: Processing subtitle URL: /subtitle/3500312-8422735.zip
2026-01-19 21:39:46.259 RedLemon[38612:380752] ✅ DEBUG: Raw SubDL URL detected, converting to proxy URL
2026-01-19 21:39:46.259 RedLemon[38612:380726] ✅ DEBUG: Raw SubDL URL detected, converting to proxy URL
2026-01-19 21:39:46.259 RedLemon[38612:380725] ✅ DEBUG: Raw SubDL URL detected, converting to proxy URL
2026-01-19 21:39:46.261 RedLemon[38612:380731] 🔍 DEBUG: Processing subtitle URL: /subtitle/3500311-8422736.zip
2026-01-19 21:39:46.262 RedLemon[38612:380731] ✅ DEBUG: Raw SubDL URL detected, converting to proxy URL
2026-01-19 21:39:46.264 RedLemon[38612:380673] ✅ Guest: Stream preloaded with URL: https://chi9-4.download.real-debrid.com/d/HNW4JUHRKCF6E44/Weapons.2025.1080p.WEB
2026-01-19 21:39:46.264 RedLemon[38612:380673] ✅ Guest: Stream preloaded. Sending READY signal.
2026-01-19 21:39:46.265 RedLemon[38612:380752] 📤 Realtime: Sending message type: chat, sender: 656daa91-33b4-4688-9135-c982ea52d7c9
2026-01-19 21:39:46.266 RedLemon[38612:380752]    Payload keys: position, type, chatText, senderId, timestamp, chatUsername
2026-01-19 21:39:46.270 RedLemon[38612:380726] ✅ Realtime: Message broadcast complete
2026-01-19 21:39:46.397 RedLemon[38612:380752] 📨 Realtime: Received broadcast message
2026-01-19 21:39:46.397 RedLemon[38612:380752]    Payload keys: chatUsername, senderId, type, timestamp, position, chatText
2026-01-19 21:39:46.398 RedLemon[38612:380752] ✅ Realtime: Decoded message type: chat, sender: 656daa91-33b4-4688-9135-c982ea52d7c9
2026-01-19 21:39:46.923 RedLemon[38612:380726] 📨 Realtime: Received broadcast message
2026-01-19 21:39:46.923 RedLemon[38612:380726]    Payload keys: type, position, senderId, timestamp, chatUsername, chatText
2026-01-19 21:39:46.923 RedLemon[38612:380726] ✅ Realtime: Decoded message type: chat, sender: 96e01cdb-36c0-4228-a6e4-a29a3c66bc8e
2026-01-19 21:39:46.923 RedLemon[38612:380673] 🎬 Guest: Received LOBBY_START_COUNTDOWN signal
2026-01-19 21:39:46.924 RedLemon[38612:380673] 🎬 Guest: Received LOBBY_START_COUNTDOWN signal processing
2026-01-19 21:39:47.068 RedLemon[38612:380673] ✅ Guest: Synced stream info from Host (Hash: 4dc447b0) - URL cleared for fresh unlock
2026-01-19 21:39:47.069 RedLemon[38612:380673] 🛡️ Guest: preResolvedStream cleared to force fresh RD link
2026-01-19 21:39:47.142 RedLemon[38612:380673] 🗑️ Guest: RD cache cleared for hash: 4dc447b0...
2026-01-19 21:39:47.142 RedLemon[38612:380673] 📨 Lobby: Received Room UPDATE from Realtime
2026-01-19 21:39:50.200 RedLemon[38612:380752] 📨 Realtime: Received broadcast message
2026-01-19 21:39:50.200 RedLemon[38612:380752]    Payload keys: senderId, chatText, chatUsername, position, type, timestamp
2026-01-19 21:39:50.201 RedLemon[38612:380752] ✅ Realtime: Decoded message type: chat, sender: 96e01cdb-36c0-4228-a6e4-a29a3c66bc8e
2026-01-19 21:39:50.201 RedLemon[38612:380673] 🎬 Guest: Launching player for Weapons (Synced Start)
2026-01-19 21:39:50.315 RedLemon[38612:380673] 🎬 Guest: Fetch took 0.218s, finished countdown loop
2026-01-19 21:39:50.462 RedLemon[38612:380673] 📡 Fetching metadata for tt26581740...
2026-01-19 21:39:50.466 RedLemon[38612:380673] 🎬 Guest: Countdown finished. Waiting for Host PLAYBACK_STARTED signal...
2026-01-19 21:39:50.530 RedLemon[38612:380673] 🎬 PlayerVM: Using Playlist Metadata: S0E0
2026-01-19 21:39:50.530 RedLemon[38612:380673] 🚀 PlayerVM: Using DIRECT UNLOCK path (Guest Optimization)
2026-01-19 21:39:50.530 RedLemon[38612:380673]    Hash: 4dc447b080ff...
2026-01-19 21:39:50.531 RedLemon[38612:380673] 🗑️ PlayerVM: RD cache cleared for direct unlock
✅ RD addMagnet: 3G6MRHQV72IS2
🛡️ Lobby: Auto-Join safety delay passed (8s). Enabled for late joiners.
🎬 Movie: Found matching file for title 'Weapons': /Weapons.2025.1080p.WEBRip.x264.AAC5.1-[YTS.MX].mp4
📝 RD: Selecting file ID 4 for torrent 3G6MRHQV72IS2
📊 RD poll 1/2: status=downloaded, links=1
🔗 Unrestricting link: https://real-debrid.com/d/D5LTHFJDOKVLE377
✅ StreamService: Stream unlocked successfully!
✅ StreamService: Verified stream is VIABLE. Returning immediately.
⏰ AppState: Next schedule update set for Event End: 2026-01-20 03:09:18 +0000
⏰ AppState: Scheduling update in 1772 seconds
📝 Guest: Marked session as started (Idempotency Lock): 4dc447b0
🗑️ RD cache cleared for hash: 4dc447b080ff... (1 entries)
🔄 Lobby: Fetching fresh room state from Supabase...
✅ Lobby: Synced CLEAN stream info, metadata & playlist to AppState
✅ Cache HIT: Metadata[meta_movie_tt26581740]
🔓 StreamService: Unlocking with infoHash: 4dc447b080ff...
[ INFO ] POST /api/streams/unlock [request-id: 093277D7-5E9A-422D-A17D-D93F75B5A840]
2026-01-19 21:39:50.544 RedLemon[38612:380730] 🔓 Unlock request: infoHash=4dc447b080ff..., fileIdx=0
2026-01-19 21:39:50.545 RedLemon[38612:380730] ✅ Token found, attempting unlock...
2026-01-19 21:39:51.942 RedLemon[38612:380904] ✅ Unlocked successfully: Weapons.2025.1080p.WEBRip.x264.AAC5.1-[YTS.MX].mp4
2026-01-19 21:39:51.944 RedLemon[38612:380731] 📝 [RESOLVER] Stream Unlocked ["filename": "Weapons.2025.1080p.WEBRip.x264.AAC5.1-[YTS.MX].mp4", "is_generic": "false", "original_title": "Shared Stream (Direct)", "url_host": "chi9-4.download.real-debrid.com"]
2026-01-19 21:39:51.945 RedLemon[38612:380673] ✅ PlayerVM: Direct unlock succeeded! URL: https://chi9-4.download.real-debrid.com/d/HNW4JUHRKCF6E44/We
✅ RD addMagnet: UOI6ANJRR765U
🎬 Movie: Found matching file for title 'Weapons': /Weapons.2025.1080p.WEBRip.x264.AAC5.1-[YTS.MX].mp4
📝 RD: Selecting file ID 4 for torrent UOI6ANJRR765U
📊 RD poll 1/2: status=downloaded, links=1
🔗 Unrestricting link: https://real-debrid.com/d/D5LTHFJDOKVLE377
✅ StreamService: Stream unlocked successfully!
[ INFO ] GET /subtitles/search [request-id: C0F6D3AA-C46D-47A5-A84F-08710A81AAB7]
2026-01-19 21:39:52.170 RedLemon[38612:380673] ✅ Direct Unlock: Found 9 SubDL subtitles
2026-01-19 21:39:52.172 RedLemon[38612:380673] ✅ Direct Unlock: Attached 9 SubDL subtitles to stream
2026-01-19 21:39:52.238 RedLemon[38612:380730] 📨 Realtime: Received broadcast message
2026-01-19 21:39:52.238 RedLemon[38612:380730]    Payload keys: timestamp, isPlaying, senderId, position, type
2026-01-19 21:39:52.238 RedLemon[38612:380730] ✅ Realtime: Decoded message type: playbackState, sender: 96E01CDB-36C0-4228-A6E4-A29A3C66BC8E
2026-01-19 21:39:52.248 RedLemon[38612:380731] 📨 Realtime: Received broadcast message
2026-01-19 21:39:52.248 RedLemon[38612:380731]    Payload keys: senderId, isPlaying, type, timestamp, position
2026-01-19 21:39:52.248 RedLemon[38612:380731] ✅ Realtime: Decoded message type: ready, sender: 96e01cdb-36c0-4228-a6e4-a29a3c66bc8e
2026-01-19 21:39:52.258 RedLemon[38612:380673] ✅ Stream ready, starting playback...
2026-01-19 21:39:52.296 RedLemon[38612:380673] ⚠️ Received Realtime message with no chat text
2026-01-19 21:39:52.296 RedLemon[38612:380731] 📝 Realtime: Registered observer 'player' (Presence: YES, Sync: NO, Status: NO)
2026-01-19 21:39:52.297 RedLemon[38612:380673] ⚠️ Received Realtime message with no chat text
2026-01-19 21:39:52.302 RedLemon[38612:380731] 📝 Realtime: Registered observer 'player' (Presence: NO, Sync: YES, Status: NO)
2026-01-19 21:39:52.304 RedLemon[38612:380730] 📝 [PLAYER] Resumed
2026-01-19 21:39:52.339 RedLemon[38612:380731] 📝 [PLAYER] Load Video (Smart) ["url": "https://chi9-4.download.real-debrid.com/d/HNW4JUHRKCF6E44/Weapons.2025.1080p.WEBRip.x264.AAC5.1-%5BYTS.MX%5D.mp4"]
🔍 Searching SubDL: tt26581740 (movie)
   ℹ️ Fallback Name: Weapons (2025)
✅ Found 9 subtitles from SubDL (Primary)
!!! MPVWrapper initialized - Build Version: 2026-01-19-GUEST-CACHE-BYPASS-v1 !!!
🔌 Setting up Realtime channel: watch-party:PLB8
   Role: Guest
   User ID: 656DAA91-33B4-4688-9135-C982EA52D7C9
📡 Connection state: connected
📡 Connection state: connecting
📡 Topic realtime:watch-party:PLB8 already joined (interest count: 2), skipping phx_join
📡 Connection state: connected
✅ Realtime channel setup complete
✅ Cache HIT: Metadata[meta_movie_tt26581740]
[ INFO ] GET /subtitles/subdl/L3N1YnRpdGxlLzM1MDI3ODctODQyNTIzNC56aXA= [request-id: 312D1AD7-97EC-4CBB-9410-97F5DC6F1A46]
2026-01-19 21:39:52.558 RedLemon[38612:380725] 📝 [PLAYER] Playback State Changed ["state": "Paused"]
2026-01-19 21:39:52.558 RedLemon[38612:380725] 📝 [PLAYER] Buffering Started
📄 Subtitle request: L3N1YnRpdGxlLzM1MDI3... (offset: 0ms)
📥 Downloading subtitle from SubDL CDN: /subtitle/3502787-8425234.zip
📡 SocialService: Updated status - online: Weapons
⏰ AppState: Next schedule update set for Event End: 2026-01-20 03:09:18 +0000
⏰ AppState: Scheduling update in 1766 seconds
✅ Download complete: 40716 bytes
📦 Detected ZIP archive, extracting...
🔍 Calculating compatibility scores for 1 files...
✅ Selected best match by compatibility score (5): Weapons.(2025) eng.srt
📦 Extracting specific file: Weapons.(2025) eng.srt
✅ Extraction successful
✅ Subtitle downloaded and converted to VTT
[ INFO ] GET /subtitles/subdl/L3N1YnRpdGxlLzM1MTI2MDEtODQzNTE3MS56aXA= [request-id: 37EE9F63-4B85-462A-81A1-71015EE95559]
2026-01-19 21:39:53.268 RedLemon[38612:380673] 🛡️ Lobby: User 96e01cdb-36c0-4228-a6e4-a29a3c66bc8e remains online (Remaining Refs: 1)
📄 Subtitle request: L3N1YnRpdGxlLzM1MTI2... (offset: 0ms)
📥 Downloading subtitle from SubDL CDN: /subtitle/3512601-8435171.zip
✅ Download complete: 36126 bytes
📦 Detected ZIP archive, extracting...
🔍 Calculating compatibility scores for 1 files...
✅ Selected best match by compatibility score (20): Weapons.2025.1080p.BluRay.x265-YAWNTiC_eng.srt
📦 Extracting specific file: Weapons.2025.1080p.BluRay.x265-YAWNTiC_eng.srt
✅ Extraction successful
✅ Subtitle downloaded and converted to VTT
[ INFO ] GET /subtitles/subdl/L3N1YnRpdGxlLzM1MTI1OTktODQzNTE3MC56aXA= [request-id: 306DB482-DD27-4F07-83CF-5DCFE19533F1]
2026-01-19 21:39:54.291 RedLemon[38612:380726] 📨 Realtime: Received broadcast message
2026-01-19 21:39:54.291 RedLemon[38612:380725] 📨 Realtime: Received broadcast message
2026-01-19 21:39:54.291 RedLemon[38612:380725]    Payload keys: isPlaying, senderId, timestamp, position, type
2026-01-19 21:39:54.291 RedLemon[38612:380726]    Payload keys: isPlaying, senderId, timestamp, position, type
2026-01-19 21:39:54.291 RedLemon[38612:380725] ✅ Realtime: Decoded message type: playbackState, sender: 96E01CDB-36C0-4228-A6E4-A29A3C66BC8E
2026-01-19 21:39:54.291 RedLemon[38612:380726] ✅ Realtime: Decoded message type: playbackState, sender: 96E01CDB-36C0-4228-A6E4-A29A3C66BC8E
2026-01-19 21:39:54.332 RedLemon[38612:380726] 📝 [PLAYER] File Loaded ["duration": "7709.599999999999"]
2026-01-19 21:39:54.390 RedLemon[38612:380673] ⚠️ Received Realtime message with no chat text
2026-01-19 21:39:54.424 RedLemon[38612:380904] 📤 Realtime: Sending message type: ready, sender: 656daa91-33b4-4688-9135-c982ea52d7c9
2026-01-19 21:39:54.424 RedLemon[38612:380904]    Payload keys: isPlaying, type, position, senderId, timestamp
2026-01-19 21:39:54.425 RedLemon[38612:380904] ✅ Realtime: Message broadcast complete
2026-01-19 21:39:54.543 RedLemon[38612:380730] 📨 Realtime: Received broadcast message
2026-01-19 21:39:54.543 RedLemon[38612:380904] 📨 Realtime: Received broadcast message
2026-01-19 21:39:54.543 RedLemon[38612:380730]    Payload keys: position, timestamp, isPlaying, type, senderId
2026-01-19 21:39:54.543 RedLemon[38612:380904]    Payload keys: position, timestamp, isPlaying, type, senderId
2026-01-19 21:39:54.544 RedLemon[38612:380904] ✅ Realtime: Decoded message type: ready, sender: 656daa91-33b4-4688-9135-c982ea52d7c9
2026-01-19 21:39:54.544 RedLemon[38612:380730] ✅ Realtime: Decoded message type: ready, sender: 656daa91-33b4-4688-9135-c982ea52d7c9
2026-01-19 21:39:54.634 RedLemon[38612:380673] ⚠️ Received Realtime message with no chat text
2026-01-19 21:39:55.322 RedLemon[38612:380726] 📝 [PLAYER] Playback State Changed ["state": "Playing"]
2026-01-19 21:39:55.599 RedLemon[38612:380673] 🛡️ Lobby: User 656daa91-33b4-4688-9135-c982ea52d7c9 remains online (Remaining Refs: 1)
2026-01-19 21:39:55.793 RedLemon[38612:380725] 📨 Realtime: Received broadcast message
2026-01-19 21:39:55.793 RedLemon[38612:380904] 📨 Realtime: Received broadcast message
2026-01-19 21:39:55.793 RedLemon[38612:380904]    Payload keys: position, timestamp, senderId, isPlaying, type
2026-01-19 21:39:55.794 RedLemon[38612:380725]    Payload keys: position, timestamp, senderId, isPlaying, type
2026-01-19 21:39:55.794 RedLemon[38612:380904] ✅ Realtime: Decoded message type: play, sender: 96e01cdb-36c0-4228-a6e4-a29a3c66bc8e
2026-01-19 21:39:55.794 RedLemon[38612:380725] ✅ Realtime: Decoded message type: play, sender: 96e01cdb-36c0-4228-a6e4-a29a3c66bc8e
2026-01-19 21:39:55.805 RedLemon[38612:380673] ⚠️ Received Realtime message with no chat text
2026-01-19 21:39:56.339 RedLemon[38612:380730] 📨 Realtime: Received broadcast message
2026-01-19 21:39:56.339 RedLemon[38612:380731] 📨 Realtime: Received broadcast message
2026-01-19 21:39:56.339 RedLemon[38612:380730]    Payload keys: senderId, position, type, timestamp, isPlaying
2026-01-19 21:39:56.339 RedLemon[38612:380731]    Payload keys: senderId, position, type, timestamp, isPlaying
2026-01-19 21:39:56.340 RedLemon[38612:380731] ✅ Realtime: Decoded message type: playbackState, sender: 96E01CDB-36C0-4228-A6E4-A29A3C66BC8E
2026-01-19 21:39:56.340 RedLemon[38612:380730] ✅ Realtime: Decoded message type: playbackState, sender: 96E01CDB-36C0-4228-A6E4-A29A3C66BC8E
2026-01-19 21:39:56.356 RedLemon[38612:380673] ⚠️ Received Realtime message with no chat text
2026-01-19 21:39:56.884 RedLemon[38612:380726] 📝 [PLAYER] Playback State Changed ["state": "Paused"]
2026-01-19 21:39:58.289 RedLemon[38612:381028] 📨 Realtime: Received broadcast message
2026-01-19 21:39:58.289 RedLemon[38612:380730] 📨 Realtime: Received broadcast message
2026-01-19 21:39:58.289 RedLemon[38612:381028]    Payload keys: type, position, senderId, timestamp, isPlaying
2026-01-19 21:39:58.289 RedLemon[38612:380730]    Payload keys: type, position, senderId, timestamp, isPlaying
2026-01-19 21:39:58.290 RedLemon[38612:380730] ✅ Realtime: Decoded message type: playbackState, sender: 96E01CDB-36C0-4228-A6E4-A29A3C66BC8E
2026-01-19 21:39:58.290 RedLemon[38612:381028] ✅ Realtime: Decoded message type: playbackState, sender: 96E01CDB-36C0-4228-A6E4-A29A3C66BC8E
2026-01-19 21:39:58.290 RedLemon[38612:380673] ⚠️ Received Realtime message with no chat text
2026-01-19 21:39:58.309 RedLemon[38612:380731] 📝 [PLAYER] Playback State Changed ["state": "Playing"]
2026-01-19 21:40:00.439 RedLemon[38612:380730] 📨 Realtime: Received broadcast message
2026-01-19 21:40:00.439 RedLemon[38612:380731] 📨 Realtime: Received broadcast message
2026-01-19 21:40:00.439 RedLemon[38612:380731]    Payload keys: isPlaying, position, senderId, type, timestamp
2026-01-19 21:40:00.439 RedLemon[38612:380730]    Payload keys: isPlaying, position, senderId, type, timestamp
2026-01-19 21:40:00.439 RedLemon[38612:380730] ✅ Realtime: Decoded message type: playbackState, sender: 96E01CDB-36C0-4228-A6E4-A29A3C66BC8E
2026-01-19 21:40:00.439 RedLemon[38612:380731] ✅ Realtime: Decoded message type: playbackState, sender: 96E01CDB-36C0-4228-A6E4-A29A3C66BC8E
2026-01-19 21:40:00.467 RedLemon[38612:380673] ⚠️ Received Realtime message with no chat text
2026-01-19 21:40:00.582 RedLemon[38612:380673] 📨 Lobby: Received Room UPDATE from Realtime
2026-01-19 21:40:00.582 RedLemon[38612:380673] 📨 Lobby: Received Room UPDATE from Realtime
2026-01-19 21:40:02.216 RedLemon[38612:380725] 📨 Realtime: Received broadcast message
2026-01-19 21:40:02.216 RedLemon[38612:380730] 📨 Realtime: Received broadcast message
2026-01-19 21:40:02.217 RedLemon[38612:380730]    Payload keys: timestamp, senderId, type, position, isPlaying
2026-01-19 21:40:02.217 RedLemon[38612:380725]    Payload keys: timestamp, senderId, type, position, isPlaying
2026-01-19 21:40:02.217 RedLemon[38612:380730] ✅ Realtime: Decoded message type: playbackState, sender: 96E01CDB-36C0-4228-A6E4-A29A3C66BC8E
2026-01-19 21:40:02.223 RedLemon[38612:380725] ✅ Realtime: Decoded message type: playbackState, sender: 96E01CDB-36C0-4228-A6E4-A29A3C66BC8E
2026-01-19 21:40:02.252 RedLemon[38612:380673] ⚠️ Received Realtime message with no chat text
2026-01-19 21:40:02.333 RedLemon[38612:380725] 🔐 SupabaseClient: Signing Identity Payload: '1768876802656daa91-33b4-4688-9135-c982ea52d7c9/rpc/room_heartbeat'
2026-01-19 21:40:02.335 RedLemon[38612:380725] 🔐 Signed request to /rpc/room_heartbeat
2026-01-19 21:40:02.728 RedLemon[38612:380673] 📨 Lobby: Received Room UPDATE from Realtime
2026-01-19 21:40:04.184 RedLemon[38612:380725] 📨 Realtime: Received broadcast message
2026-01-19 21:40:04.184 RedLemon[38612:380730] 📨 Realtime: Received broadcast message
2026-01-19 21:40:04.184 RedLemon[38612:380730]    Payload keys: isPlaying, timestamp, position, type, senderId
2026-01-19 21:40:04.184 RedLemon[38612:380725]    Payload keys: isPlaying, timestamp, position, type, senderId
2026-01-19 21:40:04.185 RedLemon[38612:380725] ✅ Realtime: Decoded message type: playbackState, sender: 96E01CDB-36C0-4228-A6E4-A29A3C66BC8E
2026-01-19 21:40:04.185 RedLemon[38612:380730] ✅ Realtime: Decoded message type: playbackState, sender: 96E01CDB-36C0-4228-A6E4-A29A3C66BC8E
2026-01-19 21:40:04.207 RedLemon[38612:380673] ⚠️ Received Realtime message with no chat text
2026-01-19 21:40:06.223 RedLemon[38612:381028] 📨 Realtime: Received broadcast message
2026-01-19 21:40:06.223 RedLemon[38612:381029] 📨 Realtime: Received broadcast message
2026-01-19 21:40:06.223 RedLemon[38612:381028]    Payload keys: timestamp, position, type, senderId, isPlaying
2026-01-19 21:40:06.223 RedLemon[38612:381029]    Payload keys: timestamp, position, type, senderId, isPlaying
2026-01-19 21:40:06.223 RedLemon[38612:381029] ✅ Realtime: Decoded message type: playbackState, sender: 96E01CDB-36C0-4228-A6E4-A29A3C66BC8E
2026-01-19 21:40:06.224 RedLemon[38612:381028] ✅ Realtime: Decoded message type: playbackState, sender: 96E01CDB-36C0-4228-A6E4-A29A3C66BC8E
2026-01-19 21:40:06.269 RedLemon[38612:380673] ⚠️ Received Realtime message with no chat text
2026-01-19 21:40:08.222 RedLemon[38612:380730] 📨 Realtime: Received broadcast message
2026-01-19 21:40:08.222 RedLemon[38612:380731] 📨 Realtime: Received broadcast message
2026-01-19 21:40:08.222 RedLemon[38612:380730]    Payload keys: timestamp, position, type, isPlaying, senderId
2026-01-19 21:40:08.222 RedLemon[38612:380731]    Payload keys: timestamp, position, type, isPlaying, senderId
2026-01-19 21:40:08.223 RedLemon[38612:380731] ✅ Realtime: Decoded message type: playbackState, sender: 96E01CDB-36C0-4228-A6E4-A29A3C66BC8E
2026-01-19 21:40:08.223 RedLemon[38612:380730] ✅ Realtime: Decoded message type: playbackState, sender: 96E01CDB-36C0-4228-A6E4-A29A3C66BC8E
2026-01-19 21:40:08.268 RedLemon[38612:380673] ⚠️ Received Realtime message with no chat text
📄 Subtitle request: L3N1YnRpdGxlLzM1MTI1... (offset: 0ms)
📥 Downloading subtitle from SubDL CDN: /subtitle/3512599-8435170.zip
✅ Download complete: 42012 bytes
📦 Detected ZIP archive, extracting...
🔍 Calculating compatibility scores for 1 files...
✅ Selected best match by compatibility score (20): Weapons.2025.1080p.BluRay.x265-YAWNTiC_eng SDH.srt
📦 Extracting specific file: Weapons.2025.1080p.BluRay.x265-YAWNTiC_eng SDH.srt
✅ Extraction successful
✅ Subtitle downloaded and converted to VTT
⏰ AppState: Next schedule update set for Event End: 2026-01-20 03:09:18 +0000
⏰ AppState: Scheduling update in 1762 seconds
📡 [EventsConfig] Checking server for movie_events config version...
📡 [EventsConfig] Checking server for movie_events config version...
🔄 Lobby: Fetching fresh room state from Supabase...
🔄 Lobby: Fetching fresh room state from Supabase...
✅ [EventsConfig] Fetched movie_events version 1546 with 401 movies
✅ [EventsConfig] Fetched movie_events version 1546 with 401 movies
✅ Lobby: Synced CLEAN stream info, metadata & playlist to AppState
✅ Lobby: Synced CLEAN stream info, metadata & playlist to AppState
✅ [EventsConfig] Using cached movie_events config (version 1546, 401 movies)
✅ [EventsConfig] Using cached movie_events config (version 1546, 401 movies)
✅ SocialService: Event event_tt4972582 is JOINABLE (Live or Next Up) - allowing join
✅ SocialService: Event event_tt4972582 is JOINABLE (Live or Next Up) - allowing join
🔄 Lobby: Fetching fresh room state from Supabase...
✅ Lobby: Synced CLEAN stream info, metadata & playlist to AppState
⏰ AppState: Next schedule update set for Event End: 2026-01-20 03:09:18 +0000
⏰ AppState: Scheduling update in 1752 seconds
