2026-01-08 00:25:37.113 RedLemon[31010:307412] 🪟 Set initial window to expanded size: (0.0, 150.0, 1366.0, 593.0)
2026-01-08 00:25:37.113 RedLemon[31010:307412] ✅ Cache cleanup timer started (runs every 30 minutes)
2026-01-08 00:25:37.238 RedLemon[31010:307412] 🔄 Resetting playback state to prevent auto-selection...
2026-01-08 00:25:37.254 RedLemon[31010:307532] 🔍 KeychainManager: Retrieved username 'ursinho' from UserDefaults
2026-01-08 00:25:37.283 RedLemon[31010:307412] ✅ Playback state reset complete - starting in browse view
2026-01-08 00:25:37.283 RedLemon[31010:307412] 🔐 APP STARTUP: Loading stored user credentials...
2026-01-08 00:25:37.283 RedLemon[31010:307412] 🧪 Testing Profile: debug
2026-01-08 00:25:37.283 RedLemon[31010:307479] 🔍 KeychainManager: Retrieved username 'ursinho' from UserDefaults
2026-01-08 00:25:37.319 RedLemon[31010:307412] ✅ Keychain: Found stored username: ursinho
2026-01-08 00:25:37.319 RedLemon[31010:307412] 🔍 Supabase: Looking up user 'ursinho' in database...
2026-01-08 00:25:37.319 RedLemon[31010:307532] 🔍 SupabaseClient: Looking up user by username 'ursinho'
2026-01-08 00:25:37.638 RedLemon[31010:307481] 📡 SupabaseClient: User lookup response received (332 bytes)
2026-01-08 00:25:37.644 RedLemon[31010:307481] ✅ SupabaseClient: Decoded 1 users from response
2026-01-08 00:25:37.644 RedLemon[31010:307481] 👤 SupabaseClient: Found user - ursinho (ID: 656DAA91-33B4-4688-9135-C982EA52D7C9)
2026-01-08 00:25:37.674 RedLemon[31010:307412] ✅ AUTH SUCCESS: User authenticated - ursinho (ID: 656DAA91-33B4-4688-9135-C982EA52D7C9)
2026-01-08 00:25:37.674 RedLemon[31010:307412] 🎯 AppState: currentUsername=ursinho, currentUserId=656DAA91-33B4-4688-9135-C982EA52D7C9
2026-01-08 00:25:37.674 RedLemon[31010:307412] 🏁 AUTH COMPLETE: Final state - username=ursinho, userId=656DAA91-33B4-4688-9135-C982EA52D7C9
2026-01-08 00:25:37.674 RedLemon[31010:307412] 🚀 RedLemon: Starting HTTP server...
2026-01-08 00:25:37.674 RedLemon[31010:307412] 📋 RedLemon: Current directory: /Users/danielnoble/Desktop/Redlemon
2026-01-08 00:25:37.700 RedLemon[31010:307412] ✅ RedLemon: HTTPServer instance created
2026-01-08 00:25:37.701 RedLemon[31010:307481] 📡 RedLemon: Server starting on port 47253...
⏲️ [EventsConfig] Starting polling fallback (every 60s)
🔌 Connecting to Supabase Realtime: wss://151.243.109.243.nip.io/realtime/v1/websocket
✅ Connected to Supabase Realtime
✅ Sparkle configured (manual only, no auto-checks)
   Appcast URL: https://raw.githubusercontent.com/orangeapple1272/Redlemon/main/appcast.xml
   Can check: false
📅 EventsView appeared
📡 Joined channel: realtime:events_config_updates
✅ [EventsConfig] Subscribed to realtime schedule updates
📨 Received: {"ref":"576A61DA-F2BF-415A-A316-0CE7A28B6C14","event":"phx_reply","payload":{"status":"ok","response":{"postgres_changes":[{"id":53636278,"event":"INSERT","filter":"config_type=eq.movie_events","schema":"public","table":"events_config"}]}},"topic":"realtime:events_config_updates"}
📨 Received: {"ref":null,"event":"system","payload":{"message":"Subscribed to PostgreSQL","status":"ok","extension":"postgres_changes","channel":"events_config_updates"},"topic":"realtime:events_config_updates"}
📨 Received: {"ref":null,"event":"presence_state","payload":{},"topic":"realtime:events_config_updates"}
🎬 [EventsView] Fetching movie events from centralized config...
📡 [EventsConfig] Checking server for movie_events config version...
🔍 Silent update check (custom implementation)...
🔍 Memory pressure monitoring enabled (safe mode)
🖥️ CacheManager initialized with fixed conservative limits
   Image cache limit: 30 items
📂 Loaded 5 credential(s) from cache
✅ Token routes registered:
   POST /tokens/save
   POST /tokens/delete
   GET  /tokens/list
✅ Unlock routes registered:
   POST /api/streams/unlock
✅ Stream routes registered:
   POST /api/streams/resolve
   GET  /api/streams/resolveByQuality
   GET  /api/streams/resolveAll
✅ Proxy routes registered:
   GET /play/rd/:infoHash/:fileIdx
   GET /play/rd/:infoHash
✅ Subtitle routes registered:
   GET /subtitles/search?imdbId=&type=
   GET /subtitles/subdl/:encodedPath
✅ All routes registered
✅ HTTP Server configured on http://127.0.0.1:47253
🚀 Starting HTTP server...
✅ Providers initialized: torrentio, comet, zilean, mediafusion, debridsearch
[ NOTICE ] Server started on http://127.0.0.1:47253
2026-01-08 00:25:37.996 RedLemon[31010:307412] ✅ Loaded user: ursinho (ID: 656DAA91-33B4-4688-9135-C982EA52D7C9)
2026-01-08 00:25:39.795 RedLemon[31010:307412] ✅ RedLemon: Server marked as ready
2026-01-08 00:25:39.832 RedLemon[31010:307412] ✅ RedLemon: Server should be running on http://127.0.0.1:47253
2026-01-08 00:25:39.832 RedLemon[31010:307412] 🔍 Performing startup checks...
2026-01-08 00:25:39.832 RedLemon[31010:307412] ✅ Username-based authentication ready
2026-01-08 00:25:40.817 RedLemon[31010:307412] 🔍 Performing startup checks...
2026-01-08 00:25:40.817 RedLemon[31010:307412] ✅ Username-based authentication ready
2026-01-08 00:25:41.335 RedLemon[31010:307412] 🔄 Checking for app updates...
2026-01-08 00:25:48.868 RedLemon[31010:307481] 🎬 Torrentio: Building URL for movie (no season/episode)
2026-01-08 00:25:48.868 RedLemon[31010:307481] 🔗 Torrentio URL (length: 55): https://torrentio.strem.fun/stream/movie/tt0133093.json...
2026-01-08 00:26:20.314 RedLemon[31010:307720] 🎬 Torrentio: Building URL for movie (no season/episode)
2026-01-08 00:26:20.314 RedLemon[31010:307720] 🔗 Torrentio URL (length: 55): https://torrentio.strem.fun/stream/movie/tt0133093.json...
✅ HTTP server running on http://127.0.0.1:47253

🔗 Available endpoints:
   http://127.0.0.1:47253/health
   http://127.0.0.1:47253/status
   http://127.0.0.1:47253/api/health

✅ [EventsConfig] Fetched movie_events version 1486 with 411 movies
✅ [EventsConfig] Using cached movie_events config (version 1486, 411 movies)
✅ [EventsView] Loaded 411 movies from config version 1486
🗓 AppState: Updated schedule epoch to 2026-01-04 23:43:30 +0000
⏰ AppState: Next schedule update set for Event End: 2026-01-08 07:11:30 +0000
⏰ AppState: Scheduling update in 6352 seconds
🖼️ [CACHE] Cached image data for key: https://images.metahub.space/background/medium/tt10545296/img (770130 bytes)
❌ Supabase error (404): {"code":"PGRST205","details":null,"hint":"Perhaps you meant the table 'public.users'","message":"Could not find the table 'public.user_blocks' in the schema cache"}
⚠️ Failed to load blocked users: httpError(404, "{\"code\":\"PGRST205\",\"details\":null,\"hint\":\"Perhaps you meant the table \'public.users\'\",\"message\":\"Could not find the table \'public.user_blocks\' in the schema cache\"}")
❌ Supabase error (404): {"code":"PGRST205","details":null,"hint":"Perhaps you meant the table 'public.users'","message":"Could not find the table 'public.user_blocks' in the schema cache"}
⚠️ Failed to load blocked users: httpError(404, "{\"code\":\"PGRST205\",\"details\":null,\"hint\":\"Perhaps you meant the table \'public.users\'\",\"message\":\"Could not find the table \'public.user_blocks\' in the schema cache\"}")
🔌 SocialService: Connecting to global presence...
🔌 Connecting to Supabase Realtime: wss://151.243.109.243.nip.io/realtime/v1/websocket
✅ Connected to Supabase Realtime
✅ SocialService: Presence connected
⏰ AppState: Next schedule update set for Event End: 2026-01-08 07:11:30 +0000
⏰ AppState: Scheduling update in 6352 seconds
⏰ AppState: Next schedule update set for Event End: 2026-01-08 07:11:30 +0000
⏰ AppState: Scheduling update in 6352 seconds
📡 Joined channel: realtime:global-presence
✅ SocialService: Connected to global presence
🔌 SocialService: Connecting to DM channel...
🔌 Connecting to Supabase Realtime: wss://151.243.109.243.nip.io/realtime/v1/websocket
✅ Connected to Supabase Realtime
✅ SocialService: DM channel connected
📨 Received: {"ref":"773F2CF9-E1E3-4234-8B18-49F8738256FE","event":"phx_reply","payload":{"status":"ok","response":{"postgres_changes":[]}},"topic":"realtime:global-presence"}
📨 Received: {"ref":null,"event":"presence_state","payload":{"ff66de68-ec50-11f0-9e86-9ee62e3b7bba":{"metas":[{"phx_ref":"GIiqJIG5mS86Amlh","phx_ref_prev":"GIiqH9m2q306Amjh","last_seen":"2026-01-08T05:25:27.372Z","status":"online","user_id":"96e01cdb-36c0-4228-a6e4-a29a3c66bc8e","username":"lemontom"}]}},"topic":"realtime:global-presence"}
📨 Received: {"ref":"1","event":"phx_reply","payload":{"status":"ok","response":{}},"topic":"realtime:global-presence"}
📈 SocialService: User 96e01cdb-36c0-4228-a6e4-a29a3c66bc8e came online
📨 Received: {"ref":null,"event":"presence_diff","payload":{"joins":{"77ffc8e8-ec52-11f0-829d-9ee62e3b7bba":{"metas":[{"phx_ref":"GIiqJ0F5k_c6Ahki","last_seen":"2026-01-08T05:25:39.090Z","status":"online","user_id":"656DAA91-33B4-4688-9135-C982EA52D7C9","username":"ursinho"}]}},"leaves":{}},"topic":"realtime:global-presence"}
📈 SocialService: User 656daa91-33b4-4688-9135-c982ea52d7c9 came online
📨 Received: {"ref":null,"event":"presence_diff","payload":{"joins":{},"leaves":{"ff66de68-ec50-11f0-9e86-9ee62e3b7bba":{"metas":[{"phx_ref":"GIiqJIG5mS86Amlh","phx_ref_prev":"GIiqH9m2q306Amjh","last_seen":"2026-01-08T05:25:27.372Z","status":"online","user_id":"96e01cdb-36c0-4228-a6e4-a29a3c66bc8e","username":"lemontom"}]}}},"topic":"realtime:global-presence"}
📉 SocialService: User 96e01cdb-36c0-4228-a6e4-a29a3c66bc8e went offline (No active refs)
📡 Joined channel: realtime:direct_messages
✅ SocialService: Connected to DM channel
📬 SocialService: Fetched 0 unread messages
📨 Received: {"ref":"EE69C74C-4931-4D89-8F99-5991658EC625","event":"phx_reply","payload":{"status":"ok","response":{"postgres_changes":[{"id":44215242,"event":"INSERT","filter":"receiver_id=eq.656daa91-33b4-4688-9135-c982ea52d7c9","schema":"public","table":"direct_messages"},{"id":13418599,"event":"INSERT","filter":"sender_id=eq.656daa91-33b4-4688-9135-c982ea52d7c9","schema":"public","table":"direct_messages"}]}},"topic":"realtime:direct_messages"}
🔄 SocialService: Syncing 40 items to cloud...
🔄 SocialService: Syncing 40 items to cloud (serial)...
📨 Received: {"ref":null,"event":"system","payload":{"message":"Subscribed to PostgreSQL","status":"ok","extension":"postgres_changes","channel":"direct_messages"},"topic":"realtime:direct_messages"}
📨 Received: {"ref":null,"event":"presence_state","payload":{},"topic":"realtime:direct_messages"}
💰 LicenseManager: Checking for background crypto payments...
💰 Check Payment Response: {"success":false,"message":"No new payments detected","debug":{"checked_count":1,"assets_found":[{"chain":"base","currency":"ETH","amount":1300066191878437,"amountFloat":0.001300066191878437}],"prices":{"btc":90987,"eth":3152.665},"logs":[],"rpc_logs":["Scanning evm address: 0xde969b58087D2B2C4C79C2234dE8A9E2A503E1FD","eth eth_getBalance: undefined","opt eth_getBalance: undefined","poly eth_getBalance: undefined","base eth_getBalance: 0x49e673f8d2925","arb eth_getBalance: 0x0"]}}
🚫 Subscription revoked or inactive.
💰 LicenseManager: Checking for background crypto payments...
💰 Check Payment Response: {"success":false,"message":"No new payments detected","debug":{"checked_count":1,"assets_found":[{"chain":"base","currency":"ETH","amount":1300066191878437,"amountFloat":0.001300066191878437}],"prices":{"btc":90987,"eth":3152.665},"logs":[],"rpc_logs":["Scanning evm address: 0xde969b58087D2B2C4C79C2234dE8A9E2A503E1FD","eth eth_getBalance: undefined","opt eth_getBalance: undefined","poly eth_getBalance: undefined","base eth_getBalance: 0x49e673f8d2925","arb eth_getBalance: 0x0"]}}
🚫 Subscription revoked or inactive.
🔍 Manual update check requested...
⏰ TimeService: Synchronizing clock with server...
✅ TimeService: Synced! Offset: 0.165s (RTT: 130ms)
   Local:  2026-01-08 05:25:41 +0000
   Server: 2026-01-08 05:25:41 +0000
⏰ Time synced with server! AppState should automatically recalculate.
⚠️ Zilean Health Check returned status: 404
⏰ AppState: Next schedule update set for Event End: 2026-01-08 07:11:30 +0000
⏰ AppState: Scheduling update in 6341 seconds
🚫 Subscription revoked or inactive.
🚫 Subscription revoked or inactive.
⏰ AppState: Next schedule update set for Event End: 2026-01-08 07:11:30 +0000
⏰ AppState: Scheduling update in 6331 seconds
📨 Received: {"ref":"2","event":"phx_reply","payload":{"status":"ok","response":{}},"topic":"realtime:global-presence"}
📨 Received: {"ref":null,"event":"presence_diff","payload":{"joins":{"77ffc8e8-ec52-11f0-829d-9ee62e3b7bba":{"metas":[{"phx_ref":"GIiqK-mn9sU6Ahpi","phx_ref_prev":"GIiqJ0F5k_c6Ahki","last_seen":"2026-01-08T05:25:59.092Z","status":"online","user_id":"656daa91-33b4-4688-9135-c982ea52d7c9","username":"ursinho"}]}},"leaves":{"77ffc8e8-ec52-11f0-829d-9ee62e3b7bba":{"metas":[{"phx_ref":"GIiqJ0F5k_c6Ahki","last_seen":"2026-01-08T05:25:39.090Z","status":"online","user_id":"656DAA91-33B4-4688-9135-C982EA52D7C9","username":"ursinho"}]}}},"topic":"realtime:global-presence"}
💰 Check Payment Response: {"success":false,"message":"No new payments detected","debug":{"checked_count":1,"assets_found":[{"chain":"base","currency":"ETH","amount":1300066191878437,"amountFloat":0.001300066191878437}],"prices":{"btc":90987,"eth":3152.525},"logs":[],"rpc_logs":["Scanning evm address: 0xde969b58087D2B2C4C79C2234dE8A9E2A503E1FD","eth eth_getBalance: undefined","opt eth_getBalance: undefined","poly eth_getBalance: undefined","base eth_getBalance: 0x49e673f8d2925","arb eth_getBalance: 0x0"]}}
💰 Check Payment Response: {"success":false,"message":"No new payments detected","debug":{"checked_count":1,"assets_found":[{"chain":"base","currency":"ETH","amount":1300066191878437,"amountFloat":0.001300066191878437}],"prices":{"btc":90987,"eth":3152.525},"logs":[],"rpc_logs":["Scanning evm address: 0xde969b58087D2B2C4C79C2234dE8A9E2A503E1FD","eth eth_getBalance: undefined","opt eth_getBalance: undefined","poly eth_getBalance: undefined","base eth_getBalance: 0x49e673f8d2925","arb eth_getBalance: 0x0"]}}
💓 Heartbeat sent
💰 Check Payment Response: {"success":false,"message":"No new payments detected","debug":{"checked_count":1,"assets_found":[{"chain":"base","currency":"ETH","amount":1300066191878437,"amountFloat":0.001300066191878437}],"prices":{"btc":90987,"eth":3152.525},"logs":[],"rpc_logs":["Scanning evm address: 0xde969b58087D2B2C4C79C2234dE8A9E2A503E1FD","eth eth_getBalance: undefined","opt eth_getBalance: undefined","poly eth_getBalance: undefined","base eth_getBalance: 0x49e673f8d2925","arb eth_getBalance: 0x0"]}}
📨 Received: {"ref":"1","event":"phx_reply","payload":{"status":"ok","response":{}},"topic":"phoenix"}
🚫 Subscription revoked or inactive.
💓 Heartbeat sent
📨 Received: {"ref":"3","event":"phx_reply","payload":{"status":"ok","response":{}},"topic":"phoenix"}
⏰ AppState: Next schedule update set for Event End: 2026-01-08 07:11:30 +0000
⏰ AppState: Scheduling update in 6321 seconds
💓 Heartbeat sent
📨 Received: {"ref":"1","event":"phx_reply","payload":{"status":"ok","response":{}},"topic":"phoenix"}
🔍 Fetching catalog: https://7a82163c306e-stremio-netflix-catalog-addon.baby-beamup.club/bmZ4LGRucCxhbXAsYXRwLGhibSxwbXAscGNwLGhsdSxjcnUsZHBlLHN0eixzc3Q6OjoxNzYzMjQxMzc5ODky/catalog/movie/nfx.json
📊 Loaded 100 items from Netflix
✅ Displaying 100 total items
🖼️ [CACHE] Cached image data for key: https://images.justwatch.com/poster/336393313/s332/img (35742 bytes)
🖼️ [CACHE] Cached image data for key: https://images.justwatch.com/poster/332101041/s332/img (37735 bytes)
🖼️ [CACHE] Cached image data for key: https://images.justwatch.com/poster/335474178/s332/img (42733 bytes)
🖼️ [CACHE] Cached image data for key: https://images.justwatch.com/poster/336611434/s332/img (44231 bytes)
🖼️ [CACHE] Cached image data for key: https://images.justwatch.com/poster/312291378/s332/img (26090 bytes)
🖼️ [CACHE] Cached image data for key: https://images.justwatch.com/poster/328335894/s332/img (39916 bytes)
🖼️ [CACHE] Cached image data for key: https://images.justwatch.com/poster/315672113/s332/img (80512 bytes)
🖼️ [CACHE] Cached image data for key: https://images.justwatch.com/poster/301552189/s332/img (59500 bytes)
🖼️ [CACHE] Cached image data for key: https://images.justwatch.com/poster/167545815/s332/img (32823 bytes)
🖼️ [CACHE] Cached image data for key: https://images.justwatch.com/poster/336279675/s332/img (26223 bytes)
🖼️ [CACHE] Cached image data for key: https://images.justwatch.com/poster/261001423/s332/img (60240 bytes)
🖼️ [CACHE] Cached image data for key: https://images.justwatch.com/poster/153749975/s332/img (55476 bytes)
🖼️ [CACHE] Cached image data for key: https://images.justwatch.com/poster/177780982/s332/img (43398 bytes)
🖼️ [CACHE] Cached image data for key: https://images.justwatch.com/poster/148612387/s332/img (48104 bytes)
🖼️ [CACHE] Cached image data for key: https://images.justwatch.com/poster/176677346/s332/img (63974 bytes)
🖼️ [CACHE] Cached image data for key: https://images.justwatch.com/poster/340561362/s332/img (38476 bytes)
🖼️ [CACHE] Cached image data for key: https://images.justwatch.com/poster/305252655/s332/img (61185 bytes)
🖼️ [CACHE] Cached image data for key: https://images.justwatch.com/poster/334487782/s332/img (48412 bytes)
⏰ AppState: Next schedule update set for Event End: 2026-01-08 07:11:30 +0000
⏰ AppState: Scheduling update in 6311 seconds
📨 Received: {"ref":"4","event":"phx_reply","payload":{"status":"ok","response":{}},"topic":"realtime:global-presence"}
📨 Received: {"ref":null,"event":"presence_diff","payload":{"joins":{"77ffc8e8-ec52-11f0-829d-9ee62e3b7bba":{"metas":[{"phx_ref":"GIiqMJFtcDI6AhrC","phx_ref_prev":"GIiqK-mn9sU6Ahpi","last_seen":"2026-01-08T05:26:19.092Z","status":"online","user_id":"656daa91-33b4-4688-9135-c982ea52d7c9","username":"ursinho"}]}},"leaves":{"77ffc8e8-ec52-11f0-829d-9ee62e3b7bba":{"metas":[{"phx_ref":"GIiqK-mn9sU6Ahpi","phx_ref_prev":"GIiqJ0F5k_c6Ahki","last_seen":"2026-01-08T05:25:59.092Z","status":"online","user_id":"656daa91-33b4-4688-9135-c982ea52d7c9","username":"ursinho"}]}}},"topic":"realtime:global-presence"}
⚠️ Zilean Health Check returned status: 404
🚫 Subscription revoked or inactive.
⏰ AppState: Next schedule update set for Event End: 2026-01-08 07:11:30 +0000
⏰ AppState: Scheduling update in 6301 seconds
