2026-01-21 15:24:33.644 RedLemon[51688:229906] 🪟 Set initial window to expanded size: (0.0, 121.0, 1280.0, 654.0)
2026-01-21 15:24:33.644 RedLemon[51688:229906] ✅ Cache cleanup timer started (runs every 30 minutes)
2026-01-21 15:24:33.694 RedLemon[51688:229906] 🔄 Resetting playback state to prevent auto-selection...
2026-01-21 15:24:33.696 RedLemon[51688:229906] ⚠️ PlayerVM: currentWatchPartyRoom set to NIL. Stack Trace unavailable, but check recent logs.
2026-01-21 15:24:33.723 RedLemon[51688:229906] ✅ Playback state reset complete - starting in browse view
2026-01-21 15:24:33.724 RedLemon[51688:229906] 🔐 APP STARTUP: Loading stored user credentials...
2026-01-21 15:24:33.724 RedLemon[51688:229906] 🧪 Testing Profile: debug
2026-01-21 15:24:33.833 RedLemon[51688:229912] 📂 Loaded 5 credential(s) from cache
2026-01-21 15:24:33.834 RedLemon[51688:229906] ✅ Keychain: Found stored username: lemontom
2026-01-21 15:24:33.834 RedLemon[51688:229906] 🔍 Supabase: Looking up user 'lemontom' in database...
2026-01-21 15:24:33.834 RedLemon[51688:229912] 🔍 SupabaseClient: Looking up user by username 'lemontom'
2026-01-21 15:24:34.491 RedLemon[51688:229910] 📡 SupabaseClient: User lookup response received (400 bytes)
2026-01-21 15:24:34.495 RedLemon[51688:229910] ✅ SupabaseClient: Decoded 1 users from response
2026-01-21 15:24:34.495 RedLemon[51688:229910] 👤 SupabaseClient: Found user - lemontom (ID: 96E01CDB-36C0-4228-A6E4-A29A3C66BC8E)
2026-01-21 15:24:34.536 RedLemon[51688:229906] ✅ AUTH SUCCESS: User authenticated - lemontom (ID: 96E01CDB-36C0-4228-A6E4-A29A3C66BC8E)
2026-01-21 15:24:34.536 RedLemon[51688:229906] 🎯 AppState: currentUsername=lemontom, currentUserId=96E01CDB-36C0-4228-A6E4-A29A3C66BC8E
2026-01-21 15:24:34.538 RedLemon[51688:229906] 🛡️ AdminRealtimeService: Starting authenticated listeners...
2026-01-21 15:24:35.718 RedLemon[51688:229906] ✅ AdminRealtimeService: Subscribed to reported_streams, feedback_reports, and broadcast alerts
2026-01-21 15:24:35.999 RedLemon[51688:229906] 📊 AdminRealtimeService: Initial sync complete. Reports: 0, Feedback: 0
2026-01-21 15:24:37.261 RedLemon[51688:229906] 🏁 AUTH COMPLETE: Final state - username=lemontom, userId=96E01CDB-36C0-4228-A6E4-A29A3C66BC8E
2026-01-21 15:24:37.265 RedLemon[51688:229906] 🚀 RedLemon: Starting HTTP server...
2026-01-21 15:24:37.265 RedLemon[51688:229906] 📋 RedLemon: Current directory: /Users/danielnoble/Desktop/RedLemon-Native
2026-01-21 15:24:37.368 RedLemon[51688:229906] ✅ RedLemon: HTTPServer instance created
2026-01-21 15:24:37.368 RedLemon[51688:229982] 📡 RedLemon: Server starting on port 47253...
2026-01-21 15:24:37.368 RedLemon[51688:229906] ✅ RedLemon: Server marked as ready (Optimistic)
⏲️ [EventsConfig] Starting polling fallback (every 60s)
🔌 Connecting to Supabase Realtime: wss://151.243.109.243.nip.io/realtime/v1/websocket
✅ Connected to Supabase Realtime
📡 Sparkle requesting feed URL: https://151.243.109.243.nip.io/updates/appcast.xml
✅ Sparkle configured (seamless mode)
   Appcast URL: https://151.243.109.243.nip.io/updates/appcast.xml
   Can check: true
📅 EventsView appeared
📡 Joined channel: realtime:events_config_updates (interest count: 1)
✅ [EventsConfig] Subscribed to realtime schedule updates
🎬 [EventsView] Fetching movie events from centralized config...
📡 [EventsConfig] Checking server for movie_events config version...
🔍 Memory pressure monitoring enabled (safe mode)
🔍 Silent update check (custom implementation)...
🖥️ CacheManager initialized with fixed conservative limits
   Image cache limit: 30 items
📦 Current build: 124, Latest build: 124
✅ App is up to date (current: 124, latest: 124)
📡 Sparkle requesting feed URL: https://151.243.109.243.nip.io/updates/appcast.xml
🔌 Connecting to Supabase Realtime: wss://151.243.109.243.nip.io/realtime/v1/websocket
✅ Connected to Supabase Realtime
📡 Joined channel: realtime:reported_streams (interest count: 1)
🔌 Connecting to Supabase Realtime: wss://151.243.109.243.nip.io/realtime/v1/websocket
✅ Connected to Supabase Realtime
✅ [EventsConfig] Fetched movie_events version 1568 with 405 movies
✅ [EventsConfig] Using cached movie_events config (version 1568, 405 movies)
✅ [EventsView] Loaded 405 movies from config version 1568
🗓 AppState: Updated schedule epoch to 2026-01-21 03:31:30 +0000
⏰ AppState: Next schedule update set for Event End: 2026-01-21 21:18:30 +0000
⏰ AppState: Scheduling update in 3235 seconds
❌ Realtime System Error (realtime:reported_streams): Unable to subscribe to changes with given parameters. Please check Realtime is enabled for the given connect parameters: [schema: public, table: reported_streams, filters: []]
🖼️ [CACHE] Cached image data for key: https://images.metahub.space/background/medium/tt0480687/img (901283 bytes)
🖼️ [CACHE] Cached image data for key: https://images.metahub.space/background/medium/tt0266915/img (786827 bytes)
📡 Joined channel: realtime:feedback_reports (interest count: 1)
🔌 Connecting to Supabase Realtime: wss://151.243.109.243.nip.io/realtime/v1/websocket
✅ Connected to Supabase Realtime
❌ Realtime System Error (realtime:feedback_reports): Unable to subscribe to changes with given parameters. Please check Realtime is enabled for the given connect parameters: [schema: public, table: feedback_reports, filters: []]
📡 Joined channel: realtime:admin:alerts (interest count: 1)
🔌 SocialService: Connecting to global presence...
🔌 Connecting to Supabase Realtime: wss://151.243.109.243.nip.io/realtime/v1/websocket
✅ Connected to Supabase Realtime
✅ SocialService: Presence connected
⏰ AppState: Next schedule update set for Event End: 2026-01-21 21:18:30 +0000
⏰ AppState: Scheduling update in 3234 seconds
⏰ AppState: Next schedule update set for Event End: 2026-01-21 21:18:30 +0000
⏰ AppState: Scheduling update in 3234 seconds
📡 Joined channel: realtime:global-presence (interest count: 1)
✅ SocialService: Connected to global presence
🔌 SocialService: Connecting to social realtime channels...
🔌 Connecting to Supabase Realtime: wss://151.243.109.243.nip.io/realtime/v1/websocket
✅ Connected to Supabase Realtime
✅ SocialService: DM channel connected
📈 SocialService: User 96e01cdb-36c0-4228-a6e4-a29a3c66bc8e came online
📡 Joined channel: realtime:direct_messages (interest count: 1)
📡 Joined channel: realtime:friendships (interest count: 1)
✅ SocialService: Connected to social channels
📬 SocialService: Fetched 0 unread messages
🔄 SocialService: Syncing 50 items to cloud...
🔄 SocialService: Syncing 50 items to cloud (serial)...
✅ Token routes registered:
   POST /tokens/save
   POST /tokens/delete
   GET  /tokens/list
✅ Unlock routes registered:
   POST /api/streams/unlock
✅ Stream routes registered:
   POST /api/streams/resolve
   GET  /api/streams/resolveByQuality
   GET  /api/streams/resolveAll
✅ Proxy routes registered:
   GET /play/rd/:infoHash/:fileIdx
   GET /play/rd/:infoHash
✅ Subtitle routes registered:
   GET /subtitles/search?imdbId=&type=
   GET /subtitles/subdl/:encodedPath
✅ All routes registered
✅ HTTP Server configured on http://127.0.0.1:47253
🚀 Starting HTTP server...
✅ Providers initialized: torrentio, comet, zilean, mediafusion, debridsearch
[ NOTICE ] Server started on http://127.0.0.1:47253
2026-01-21 15:24:37.417 RedLemon[51688:229906] ✅ RedLemon: Server should be running on http://127.0.0.1:47253
2026-01-21 15:24:37.417 RedLemon[51688:229906] 🏥 [AppState] Starting global provider health check...
2026-01-21 15:24:37.418 RedLemon[51688:229906] 🔍 Performing startup checks...
2026-01-21 15:24:37.418 RedLemon[51688:229906] ✅ Username-based authentication ready
2026-01-21 15:24:37.420 RedLemon[51688:229913] 🔐 Signed request to /check-payment
2026-01-21 15:24:37.656 RedLemon[51688:229982] 📝 [APP] 🎟️ Joining event: Rush Hour 2 (Live: true) ["file": "EventsView.swift", "level": "INFO", "line": "253"]
2026-01-21 15:24:37.656 RedLemon[51688:229910] 📝 [APP] SessionRecorder initialized
2026-01-21 15:24:37.875 RedLemon[51688:229911] 📡 StreamService: Fetching metadata for tt0266915...
2026-01-21 15:24:37.876 RedLemon[51688:229910] 📝 [APP] 🎬 StreamService: Starting resolution for: Rush Hour 2 ["file": "StreamService.swift", "level": "INFO", "line": "104"]
✅ HTTP server running on http://127.0.0.1:47253

🔗 Available endpoints:
   http://127.0.0.1:47253/health
   http://127.0.0.1:47253/status
   http://127.0.0.1:47253/api/health

💰 LicenseManager: Starting hybrid license check...
[2026-01-21T20:24:37Z] [INFO] [EventsView.swift:253] 🎟️ Joining event: Rush Hour 2 (Live: true)
   Event start time: 2026-01-21 19:38:30 +0000
   Event duration: 6000.0s
   Current time: 2026-01-21 20:24:37 +0000
   Is Live: true
   Is In Lobby: false
✅ Event room already exists: event_tt0266915

✅ [SYNC VERIFICATION] FOUND SERVER KEY - Re-unlocking for fresh URL 🔑
   Stored Hash: f640a1d6786d91d6ba6a265129e3c1a74a66d229
   Cached URL: https://chi4-4.download.real-d...
[2026-01-21T20:24:37Z] [INFO] [StreamService.swift:104] 🎬 StreamService: Starting resolution for: Rush Hour 2
[ INFO ] GET /api/metadata/meta/movie/tt0266915 [request-id: 755B5CA9-6415-44DE-91F9-FB9A7A4FC83C]
2026-01-21 15:24:37.921 RedLemon[51688:229982] 🎬 Torrentio: Building URL for movie (no season/episode)
2026-01-21 15:24:37.921 RedLemon[51688:229982] 🔗 Torrentio URL (length: 55): https://torrentio.strem.fun/stream/movie/tt0133093.json...
2026-01-21 15:24:38.273 RedLemon[51688:229911] 📦 Decoded CinemetaMeta - videos count: -1
2026-01-21 15:24:38.274 RedLemon[51688:229911] ✅ StreamService: Metadata loaded: Rush Hour 2
2026-01-21 15:24:38.274 RedLemon[51688:229911] ⚡️ StreamService: Resolving streams via StreamResolver (Bypassing HTTP)...
2026-01-21 15:24:38.274 RedLemon[51688:229911] ⚡️ StreamResolver: Resolving streams for tt0266915 (S0E0)
2026-01-21 15:24:38.274 RedLemon[51688:229911] 📝 [APP] New Session Started ["app_version": "1.0.124", "build": "124", "session_id": "8D956ADD-C47E-483F-8501-C83D088C24F3", "trigger_source": "manual", "user_id": "96E01CDB-36C0-4228-A6E4-A29A3C66BC8E"]
2026-01-21 15:24:38.274 RedLemon[51688:229911] 📝 [APP] Target Content Set ["imdb_id": "tt0266915"]
2026-01-21 15:24:38.274 RedLemon[51688:229911] 📝 [RESOLVER] Started Resolution ["episode": "0", "season": "0", "type": "movie"]
2026-01-21 15:24:38.437 RedLemon[51688:229910]    📅 Filtering by year: 2001
2026-01-21 15:24:38.704 RedLemon[51688:229910] 📝 [RESOLVER] Found Verified Stream ["hash": "f640a1d6786d91d6ba6a265129e3c1a74a66d229", "vote_count": "13"]
💾 Cache SET: Metadata[meta_movie_tt0266915]
🎬 StreamService: Resolving movie - trusted pack filtering will be applied server-side
🛡️ StreamResolver: Loaded 7 blocked streams from blacklist
⚡️ StreamResolver: Found Community Verified stream with 13 votes!
   ℹ️ Hash: f640a1d6786d91d6ba6a265129e3c1a74a66d229
   ℹ️ Last Verified: 2026-01-21 18:51:29 +0000
✅ SubDLClient initialized
🔍 Searching SubDL: tt0266915 (movie)
✅ Found 10 subtitles from SubDL (Primary)
✅ StreamResolver: Processed subtitles for 1 streams (Attached to 1)
⚡️ StreamResolver: SHORT CIRCUIT - Returning verified stream immediately.
⚡️ StreamService: Testing verified stream viability...
🔓 StreamService: Unlocking with infoHash: f640a1d6786d...
[ INFO ] POST /api/streams/unlock [request-id: 5469D780-2C2C-46DE-A06E-C691E003684E]
2026-01-21 15:24:38.903 RedLemon[51688:229912] 🔓 Unlock request: infoHash=f640a1d6786d..., fileIdx=0
2026-01-21 15:24:38.903 RedLemon[51688:229912] ✅ Token found, attempting unlock...
2026-01-21 15:24:39.330 RedLemon[51688:229906] ✅ [AppState] Provider health check complete (found 7 services)
2026-01-21 15:24:40.124 RedLemon[51688:229906] 🔄 Checking for app updates...
2026-01-21 15:24:40.841 RedLemon[51688:229982] ✅ Unlocked successfully: Rush.Hour.2.2001.1080p.BluRay.X264-AMIABLE.mkv
2026-01-21 15:24:40.844 RedLemon[51688:229910] 📝 [RESOLVER] Stream Unlocked ["filename": "Rush.Hour.2.2001.1080p.BluRay.X264-AMIABLE.mkv", "is_generic": "false", "original_title": "Community Verified Stream (1080p)", "url_host": "chi7-4.download.real-debrid.com"]
2026-01-21 15:24:40.844 RedLemon[51688:229910] 📥 StreamService: Pre-downloading 5 (capped from 10) subtitles...
2026-01-21 15:24:40.844 RedLemon[51688:229910] 🐛 StreamService: downloadSubtitlesInParallel called. Season: nil, Episode: nil, Count: 5
2026-01-21 15:24:40.844 RedLemon[51688:229912] 🔍 DEBUG: Processing subtitle URL: /subtitle/484106-223557.zip
2026-01-21 15:24:40.844 RedLemon[51688:229913] 🔍 DEBUG: Processing subtitle URL: /subtitle/484098-8015.zip
2026-01-21 15:24:40.844 RedLemon[51688:229982] 🔍 DEBUG: Processing subtitle URL: /subtitle/484072-1225068.zip
2026-01-21 15:24:40.844 RedLemon[51688:229910] 🔍 DEBUG: Processing subtitle URL: /subtitle/484090-366499.zip
2026-01-21 15:24:40.844 RedLemon[51688:229913] ✅ DEBUG: Raw SubDL URL detected, converting to proxy URL
2026-01-21 15:24:40.844 RedLemon[51688:229982] ✅ DEBUG: Raw SubDL URL detected, converting to proxy URL
2026-01-21 15:24:40.844 RedLemon[51688:229912] ✅ DEBUG: Raw SubDL URL detected, converting to proxy URL
2026-01-21 15:24:40.844 RedLemon[51688:229910] ✅ DEBUG: Raw SubDL URL detected, converting to proxy URL
2026-01-21 15:24:40.845 RedLemon[51688:229982] 🔍 DEBUG: Processing subtitle URL: /subtitle/484085-65035.zip
2026-01-21 15:24:40.845 RedLemon[51688:229982] ✅ DEBUG: Raw SubDL URL detected, converting to proxy URL
2026-01-21 15:24:41.249 RedLemon[51688:229982] ✅ Persisted stream selection to room event_tt0266915
2026-01-21 15:24:42.071 RedLemon[51688:229906] ✅ PlayerVM: currentWatchPartyRoom set to event_tt0266915
2026-01-21 15:24:42.390 RedLemon[51688:229906] 📡 Fetching metadata for tt0266915...
2026-01-21 15:24:42.483 RedLemon[51688:229911] ✅ StreamService: Using provided metadata: Rush Hour 2
2026-01-21 15:24:42.483 RedLemon[51688:229911] ⚡️ StreamService: Resolving streams via StreamResolver (Bypassing HTTP)...
2026-01-21 15:24:42.483 RedLemon[51688:229982] 📝 [APP] 🎬 StreamService: Starting resolution for: Rush Hour 2 ["file": "StreamService.swift", "level": "INFO", "line": "104"]
2026-01-21 15:24:42.483 RedLemon[51688:229911] ⚡️ StreamResolver: Resolving streams for tt0266915 (S0E0)
2026-01-21 15:24:42.483 RedLemon[51688:229911] 📝 [APP] New Session Started ["app_version": "1.0.124", "build": "124", "session_id": "C9C7280A-F464-40EA-ADDF-4A7B17A0A101", "trigger_source": "manual", "user_id": "96E01CDB-36C0-4228-A6E4-A29A3C66BC8E"]
2026-01-21 15:24:42.483 RedLemon[51688:229911] 📝 [APP] Target Content Set ["imdb_id": "tt0266915"]
2026-01-21 15:24:42.483 RedLemon[51688:229911] 📝 [RESOLVER] Started Resolution ["episode": "0", "season": "0", "type": "movie"]
2026-01-21 15:24:42.890 RedLemon[51688:229911]    📅 Filtering by year: 2001
2026-01-21 15:24:43.093 RedLemon[51688:229911] 📝 [RESOLVER] Found Verified Stream ["hash": "f640a1d6786d91d6ba6a265129e3c1a74a66d229", "vote_count": "13"]
✅ RD addMagnet: MQPAKYA2TBH2I
🎬 Movie: Found matching file for title 'Rush Hour 2': /Rush.Hour.2.2001.1080p.BluRay.X264-AMIABLE.mkv
📝 RD: Selecting file ID 2 for torrent MQPAKYA2TBH2I
👤 LicenseManager: Profile expiry: Optional(2026-04-18 17:23:32 +0000)
🔍 Silent update check (custom implementation)...
⏰ TimeService: Synchronizing clock with server...
🎉 License updated! Expires: 2026-04-18 17:23:32 +0000
📦 Current build: 124, Latest build: 124
✅ App is up to date (current: 124, latest: 124)
✅ TimeService: Synced! Offset: 0.343s (RTT: 340ms)
   Local:  2026-01-21 20:24:40 +0000
   Server: 2026-01-21 20:24:40 +0000
⏰ Time synced with server! AppState should automatically recalculate.
📊 RD poll 1/2: status=downloaded, links=1
🔗 Unrestricting link: https://real-debrid.com/d/HXOHC3B2ETAVG2CD
✅ StreamService: Stream unlocked successfully!
✅ StreamService: Verified stream is VIABLE. Returning immediately.
   ✅ Fresh URL obtained: https://chi7-4.download.real-debrid.com/...
   ✅ Database updated with fresh URL

🎬 Live event - calculating position: 2772.4135224819183 seconds
   Event start time: 2026-01-21 19:38:30 +0000
   Current time: 2026-01-21 20:24:42 +0000
   Room createdAt: 2026-01-21 19:38:30 +0000
   Room state: playing
   Setting resumeFromTimestamp to: 2772.4135224819183
🎬 Live event - starting playback immediately (no lobby)
✅ Cache HIT: Metadata[meta_movie_tt0266915]
[2026-01-21T20:24:42Z] [INFO] [StreamService.swift:104] 🎬 StreamService: Starting resolution for: Rush Hour 2
🎬 StreamService: Resolving movie - trusted pack filtering will be applied server-side
🛡️ StreamResolver: Loaded 7 blocked streams from blacklist
⚡️ StreamResolver: Found Community Verified stream with 13 votes!
   ℹ️ Hash: f640a1d6786d91d6ba6a265129e3c1a74a66d229
   ℹ️ Last Verified: 2026-01-21 18:51:29 +0000
🔍 Searching SubDL: tt0266915 (movie)
✅ Found 10 subtitles from SubDL (Primary)
✅ StreamResolver: Processed subtitles for 1 streams (Attached to 1)
⚡️ StreamResolver: SHORT CIRCUIT - Returning verified stream immediately.
⚡️ StreamService: Testing verified stream viability...
🔓 StreamService: Unlocking with infoHash: f640a1d6786d...
[ INFO ] POST /api/streams/unlock [request-id: 9D8FA6D3-E9E0-48B7-AA68-4FB06600E968]
2026-01-21 15:24:43.297 RedLemon[51688:229911] 🔓 Unlock request: infoHash=f640a1d6786d..., fileIdx=0
2026-01-21 15:24:43.297 RedLemon[51688:229911] ✅ Token found, attempting unlock...
2026-01-21 15:24:43.297 RedLemon[51688:229911] ✅ Unlocked successfully: Rush.Hour.2.2001.1080p.BluRay.X264-AMIABLE.mkv
2026-01-21 15:24:43.299 RedLemon[51688:229912] 📝 [RESOLVER] Stream Unlocked ["filename": "Rush.Hour.2.2001.1080p.BluRay.X264-AMIABLE.mkv", "is_generic": "false", "original_title": "Community Verified Stream (1080p)", "url_host": "chi7-4.download.real-debrid.com"]
2026-01-21 15:24:43.299 RedLemon[51688:229912] 📥 StreamService: Pre-downloading 5 (capped from 10) subtitles...
2026-01-21 15:24:43.299 RedLemon[51688:229912] 🐛 StreamService: downloadSubtitlesInParallel called. Season: nil, Episode: nil, Count: 5
2026-01-21 15:24:43.300 RedLemon[51688:229912] 🔍 DEBUG: Processing subtitle URL: /subtitle/484090-366499.zip
2026-01-21 15:24:43.300 RedLemon[51688:229911] 🔍 DEBUG: Processing subtitle URL: /subtitle/484072-1225068.zip
2026-01-21 15:24:43.300 RedLemon[51688:229913] 🔍 DEBUG: Processing subtitle URL: /subtitle/484098-8015.zip
2026-01-21 15:24:43.300 RedLemon[51688:229982] 🔍 DEBUG: Processing subtitle URL: /subtitle/484106-223557.zip
2026-01-21 15:24:43.300 RedLemon[51688:229912] ✅ DEBUG: Raw SubDL URL detected, converting to proxy URL
2026-01-21 15:24:43.300 RedLemon[51688:229913] ✅ DEBUG: Raw SubDL URL detected, converting to proxy URL
2026-01-21 15:24:43.300 RedLemon[51688:229911] ✅ DEBUG: Raw SubDL URL detected, converting to proxy URL
2026-01-21 15:24:43.300 RedLemon[51688:229982] ✅ DEBUG: Raw SubDL URL detected, converting to proxy URL
2026-01-21 15:24:43.300 RedLemon[51688:229913] 🔍 DEBUG: Processing subtitle URL: /subtitle/484085-65035.zip
2026-01-21 15:24:43.300 RedLemon[51688:229913] ✅ DEBUG: Raw SubDL URL detected, converting to proxy URL
2026-01-21 15:24:43.373 RedLemon[51688:229906] ✅ Stream ready, starting playback...
2026-01-21 15:24:43.414 RedLemon[51688:229913] 📝 Realtime: Registered observer 'player' (Presence: YES, Sync: NO, Status: NO)
2026-01-21 15:24:43.422 RedLemon[51688:229982] 📝 Realtime: Registered observer 'player' (Presence: NO, Sync: YES, Status: NO)
2026-01-21 15:24:43.422 RedLemon[51688:229913] 📝 [PLAYER] Resumed
2026-01-21 15:24:43.428 RedLemon[51688:229932] 📝 [PLAYER] Load Video (Smart) ["url": "https://chi7-4.download.real-debrid.com/d/VZEJBNWSBF7PO119/Rush.Hour.2.2001.1080p.BluRay.X264-AMIABLE.mkv"]
✅ RD cache hit: f640a1d6786d
✅ StreamService: Stream unlocked successfully!
✅ StreamService: Verified stream is VIABLE. Returning immediately.
!!! MPVWrapper initialized - Build Version: 2026-01-19-GUEST-CACHE-BYPASS-v1 !!!
🔌 Setting up Realtime channel: watch-party:event_tt0266915
   Role: Guest
   User ID: 96E01CDB-36C0-4228-A6E4-A29A3C66BC8E
📡 Connection state: connected
📡 Connection state: connecting
📡 Joined channel: realtime:watch-party:event_tt0266915 (interest count: 1)
📡 Connection state: connected
✅ Realtime channel setup complete
✅ Cache HIT: Metadata[meta_movie_tt0266915]
[ INFO ] GET /subtitles/subdl/L3N1YnRpdGxlLzQ4NDA5OC04MDE1LnppcA== [request-id: 91C80F0A-8941-40D2-9958-BB687E7E9A45]
2026-01-21 15:24:43.546 RedLemon[51688:229911] 📝 [PLAYER] Load Video (Event) ["url": "https://chi7-4.download.real-debrid.com/d/VZEJBNWSBF7PO119/Rush.Hour.2.2001.1080p.BluRay.X264-AMIABLE.mkv"]
2026-01-21 15:24:43.712 RedLemon[51688:229912] 📝 [PLAYER] Playback State Changed ["state": "Paused"]
2026-01-21 15:24:43.712 RedLemon[51688:229912] 📝 [PLAYER] Buffering Started
  End-of-central-directory signature not found.  Either this file is not
  a zipfile, or it constitutes one disk of a multi-part archive.  In the
  latter case the central directory and zipfile comment will be found on
  the last disk(s) of this archive.
unzip:  cannot find zipfile directory in one of /var/folders/jc/l80q3kbs1sd9bjsvc347d22r0000gn/T/1ADB8369-9CF8-48A5-97CF-20FD28D4A27D.zip or
        /var/folders/jc/l80q3kbs1sd9bjsvc347d22r0000gn/T/1ADB8369-9CF8-48A5-97CF-20FD28D4A27D.zip.zip, and cannot find /var/folders/jc/l80q3kbs1sd9bjsvc347d22r0000gn/T/1ADB8369-9CF8-48A5-97CF-20FD28D4A27D.zip.ZIP, period.
📄 Subtitle request: L3N1YnRpdGxlLzQ4NDA5... (offset: 0ms)
📥 Downloading subtitle from SubDL CDN: /subtitle/484098-8015.zip
📡 SocialService: Updated status - online: Rush Hour 2
⏰ AppState: Next schedule update set for Event End: 2026-01-21 21:18:30 +0000
⏰ AppState: Scheduling update in 3227 seconds
📡 [EventsConfig] Checking server for movie_events config version...
📡 [EventsConfig] Checking server for movie_events config version...
✅ Download complete: 39796 bytes
📦 Detected ZIP archive, extracting...
⚠️ No subtitle files found in zip list output:
Archive:  /var/folders/jc/l80q3kbs1sd9bjsvc347d22r0000gn/T/1ADB8369-9CF8-48A5-97CF-20FD28D4A27D.zip

🔍 Calculating compatibility scores for 0 files...
[ WARNING ] Abort.404: No subtitle files found in zip [request-id: 91C80F0A-8941-40D2-9958-BB687E7E9A45]
[ INFO ] GET /subtitles/subdl/L3N1YnRpdGxlLzQ4NDA5MC0zNjY0OTkuemlw [request-id: 5C6916D8-708D-44C4-A3EC-AF118C6FE33B]
📄 Subtitle request: L3N1YnRpdGxlLzQ4NDA5... (offset: 0ms)
📥 Downloading subtitle from SubDL CDN: /subtitle/484090-366499.zip
✅ Download complete: 32787 bytes
📦 Detected ZIP archive, extracting...
🔍 Calculating compatibility scores for 1 files...
⚠️ No strong compatibility match (Best: 0 for Rush.Hour.2.2001.720p.HDTV.x264-aZA.srt)
⚠️ No specific match found, using first file: Rush.Hour.2.2001.720p.HDTV.x264-aZA.srt
📦 Extracting specific file: Rush.Hour.2.2001.720p.HDTV.x264-aZA.srt
✅ Extraction successful
✅ Subtitle downloaded and converted to VTT
[ INFO ] GET /subtitles/subdl/L3N1YnRpdGxlLzQ4NDA3Mi0xMjI1MDY4LnppcA== [request-id: 5695EC8F-9D2B-4E99-A25F-EF5D0BE0A33A]
2026-01-21 15:24:44.350 RedLemon[51688:229906] [AUTO_EXIT_CHECK] isEventPlayback: true
2026-01-21 15:24:44.350 RedLemon[51688:229906] [AUTO_EXIT_CHECK] isLoading: true, isResolvingStream: false
2026-01-21 15:24:44.351 RedLemon[51688:229906] [AUTO_EXIT_CHECK] playbackFinished: false, isPlaying: false
2026-01-21 15:24:44.351 RedLemon[51688:229906] [AUTO_EXIT_CHECK] Position: 0.0s / Duration: 0.0s
2026-01-21 15:24:44.351 RedLemon[51688:229906] [AUTO_EXIT_CHECK] BLOCKED: isLoading=true or isResolvingStream=false
2026-01-21 15:24:44.528 RedLemon[51688:229982] 📝 [PLAYER] File Loaded ["duration": "5406.99"]
2026-01-21 15:24:45.233 RedLemon[51688:229906] [VIDEO_READY] isEvent: true, eventStartTime: 2026-01-21 19:38:30 +0000
2026-01-21 15:24:45.233 RedLemon[51688:229906] [VIDEO_READY] Event seek check - elapsed: 2775s, seekTime: 2775s, drift: 0.66s
2026-01-21 15:24:45.240 RedLemon[51688:229911] 📝 [PLAYER] Playback State Changed ["state": "Playing"]
2026-01-21 15:24:45.349 RedLemon[51688:229906] [AUTO_EXIT_CHECK] isEventPlayback: true
2026-01-21 15:24:45.349 RedLemon[51688:229906] [AUTO_EXIT_CHECK] isLoading: true, isResolvingStream: false
2026-01-21 15:24:45.349 RedLemon[51688:229906] [AUTO_EXIT_CHECK] playbackFinished: false, isPlaying: true
2026-01-21 15:24:45.349 RedLemon[51688:229906] [AUTO_EXIT_CHECK] Position: 2774.5776410102844s / Duration: 5406.99s
2026-01-21 15:24:45.350 RedLemon[51688:229906] [AUTO_EXIT_CHECK] BLOCKED: isLoading=true or isResolvingStream=false
2026-01-21 15:24:46.350 RedLemon[51688:229906] [AUTO_EXIT_CHECK] isEventPlayback: true
2026-01-21 15:24:46.350 RedLemon[51688:229906] [AUTO_EXIT_CHECK] isLoading: true, isResolvingStream: false
2026-01-21 15:24:46.350 RedLemon[51688:229906] [AUTO_EXIT_CHECK] playbackFinished: false, isPlaying: true
2026-01-21 15:24:46.350 RedLemon[51688:229906] [AUTO_EXIT_CHECK] Position: 2774.5776410102844s / Duration: 5406.99s
2026-01-21 15:24:46.350 RedLemon[51688:229906] [AUTO_EXIT_CHECK] BLOCKED: isLoading=true or isResolvingStream=false
2026-01-21 15:24:47.350 RedLemon[51688:229906] [AUTO_EXIT_CHECK] isEventPlayback: true
2026-01-21 15:24:47.350 RedLemon[51688:229906] [AUTO_EXIT_CHECK] isLoading: true, isResolvingStream: false
2026-01-21 15:24:47.350 RedLemon[51688:229906] [AUTO_EXIT_CHECK] playbackFinished: false, isPlaying: true
2026-01-21 15:24:47.350 RedLemon[51688:229906] [AUTO_EXIT_CHECK] Position: 2774.5776410102844s / Duration: 5406.99s
2026-01-21 15:24:47.350 RedLemon[51688:229906] [AUTO_EXIT_CHECK] BLOCKED: isLoading=true or isResolvingStream=false
2026-01-21 15:24:48.350 RedLemon[51688:229906] [AUTO_EXIT_CHECK] isEventPlayback: true
2026-01-21 15:24:48.350 RedLemon[51688:229906] [AUTO_EXIT_CHECK] isLoading: true, isResolvingStream: false
2026-01-21 15:24:48.350 RedLemon[51688:229906] [AUTO_EXIT_CHECK] playbackFinished: false, isPlaying: true
2026-01-21 15:24:48.350 RedLemon[51688:229906] [AUTO_EXIT_CHECK] Position: 2774.5776410102844s / Duration: 5406.99s
2026-01-21 15:24:48.350 RedLemon[51688:229906] [AUTO_EXIT_CHECK] BLOCKED: isLoading=true or isResolvingStream=false
2026-01-21 15:24:49.359 RedLemon[51688:229906] [AUTO_EXIT_CHECK] isEventPlayback: true
2026-01-21 15:24:49.359 RedLemon[51688:229906] [AUTO_EXIT_CHECK] isLoading: false, isResolvingStream: false
2026-01-21 15:24:49.359 RedLemon[51688:229906] [AUTO_EXIT_CHECK] playbackFinished: false, isPlaying: true
2026-01-21 15:24:49.359 RedLemon[51688:229906] [AUTO_EXIT_CHECK] Position: 2775.3579999999997s / Duration: 5406.99s
2026-01-21 15:24:49.359 RedLemon[51688:229906] [AUTO_EXIT_CHECK] Checking EOF conditions...
2026-01-21 15:24:49.360 RedLemon[51688:229906] [AUTO_EXIT_CHECK] No exit condition met - continuing to monitor...
2026-01-21 15:24:50.363 RedLemon[51688:229906] [AUTO_EXIT_CHECK] isEventPlayback: true
2026-01-21 15:24:50.363 RedLemon[51688:229906] [AUTO_EXIT_CHECK] isLoading: false, isResolvingStream: false
2026-01-21 15:24:50.364 RedLemon[51688:229906] [AUTO_EXIT_CHECK] playbackFinished: false, isPlaying: true
2026-01-21 15:24:50.364 RedLemon[51688:229906] [AUTO_EXIT_CHECK] Position: 2776.1929999999998s / Duration: 5406.99s
2026-01-21 15:24:50.364 RedLemon[51688:229906] [AUTO_EXIT_CHECK] Checking EOF conditions...
2026-01-21 15:24:50.364 RedLemon[51688:229906] [AUTO_EXIT_CHECK] No exit condition met - continuing to monitor...
2026-01-21 15:24:51.364 RedLemon[51688:229906] [AUTO_EXIT_CHECK] isEventPlayback: true
2026-01-21 15:24:51.364 RedLemon[51688:229906] [AUTO_EXIT_CHECK] isLoading: false, isResolvingStream: false
2026-01-21 15:24:51.364 RedLemon[51688:229906] [AUTO_EXIT_CHECK] playbackFinished: false, isPlaying: true
2026-01-21 15:24:51.364 RedLemon[51688:229906] [AUTO_EXIT_CHECK] Position: 2777.3599999999997s / Duration: 5406.99s
2026-01-21 15:24:51.365 RedLemon[51688:229906] [AUTO_EXIT_CHECK] Checking EOF conditions...
2026-01-21 15:24:51.365 RedLemon[51688:229906] [AUTO_EXIT_CHECK] No exit condition met - continuing to monitor...
2026-01-21 15:24:52.366 RedLemon[51688:229906] [AUTO_EXIT_CHECK] isEventPlayback: true
2026-01-21 15:24:52.366 RedLemon[51688:229906] [AUTO_EXIT_CHECK] isLoading: false, isResolvingStream: false
2026-01-21 15:24:52.366 RedLemon[51688:229906] [AUTO_EXIT_CHECK] playbackFinished: false, isPlaying: true
2026-01-21 15:24:52.366 RedLemon[51688:229906] [AUTO_EXIT_CHECK] Position: 2778.236s / Duration: 5406.99s
2026-01-21 15:24:52.366 RedLemon[51688:229906] [AUTO_EXIT_CHECK] Checking EOF conditions...
2026-01-21 15:24:52.366 RedLemon[51688:229906] [AUTO_EXIT_CHECK] No exit condition met - continuing to monitor...
2026-01-21 15:24:53.410 RedLemon[51688:229906] [AUTO_EXIT_CHECK] isEventPlayback: true
2026-01-21 15:24:53.411 RedLemon[51688:229906] [AUTO_EXIT_CHECK] isLoading: false, isResolvingStream: false
2026-01-21 15:24:53.411 RedLemon[51688:229906] [AUTO_EXIT_CHECK] playbackFinished: false, isPlaying: true
2026-01-21 15:24:53.411 RedLemon[51688:229906] [AUTO_EXIT_CHECK] Position: 2779.4049999999997s / Duration: 5406.99s
2026-01-21 15:24:53.411 RedLemon[51688:229906] [AUTO_EXIT_CHECK] Checking EOF conditions...
2026-01-21 15:24:53.411 RedLemon[51688:229906] [AUTO_EXIT_CHECK] No exit condition met - continuing to monitor...
2026-01-21 15:24:53.451 RedLemon[51688:229911] 🔐 SupabaseClient: Signing Identity Payload: '176902709396e01cdb-36c0-4228-a6e4-a29a3c66bc8e/rpc/room_heartbeat'
2026-01-21 15:24:53.451 RedLemon[51688:229911] 🔐 Signed request to /rpc/room_heartbeat
2026-01-21 15:24:54.451 RedLemon[51688:229906] [AUTO_EXIT_CHECK] isEventPlayback: true
2026-01-21 15:24:54.451 RedLemon[51688:229906] [AUTO_EXIT_CHECK] isLoading: false, isResolvingStream: false
2026-01-21 15:24:54.451 RedLemon[51688:229906] [AUTO_EXIT_CHECK] playbackFinished: false, isPlaying: true
2026-01-21 15:24:54.451 RedLemon[51688:229906] [AUTO_EXIT_CHECK] Position: 2780.5719999999997s / Duration: 5406.99s
2026-01-21 15:24:54.451 RedLemon[51688:229906] [AUTO_EXIT_CHECK] Checking EOF conditions...
2026-01-21 15:24:54.452 RedLemon[51688:229906] [AUTO_EXIT_CHECK] No exit condition met - continuing to monitor...
2026-01-21 15:24:55.369 RedLemon[51688:229906] [AUTO_EXIT_CHECK] isEventPlayback: true
2026-01-21 15:24:55.369 RedLemon[51688:229906] [AUTO_EXIT_CHECK] isLoading: false, isResolvingStream: false
2026-01-21 15:24:55.369 RedLemon[51688:229906] [AUTO_EXIT_CHECK] playbackFinished: false, isPlaying: true
2026-01-21 15:24:55.369 RedLemon[51688:229906] [AUTO_EXIT_CHECK] Position: 2781.448s / Duration: 5406.99s
2026-01-21 15:24:55.369 RedLemon[51688:229906] [AUTO_EXIT_CHECK] Checking EOF conditions...
2026-01-21 15:24:55.370 RedLemon[51688:229906] [AUTO_EXIT_CHECK] No exit condition met - continuing to monitor...
2026-01-21 15:24:56.373 RedLemon[51688:229906] [AUTO_EXIT_CHECK] isEventPlayback: true
2026-01-21 15:24:56.373 RedLemon[51688:229906] [AUTO_EXIT_CHECK] isLoading: false, isResolvingStream: false
2026-01-21 15:24:56.373 RedLemon[51688:229906] [AUTO_EXIT_CHECK] playbackFinished: false, isPlaying: true
2026-01-21 15:24:56.373 RedLemon[51688:229906] [AUTO_EXIT_CHECK] Position: 2782.324s / Duration: 5406.99s
2026-01-21 15:24:56.373 RedLemon[51688:229906] [AUTO_EXIT_CHECK] Checking EOF conditions...
2026-01-21 15:24:56.373 RedLemon[51688:229906] [AUTO_EXIT_CHECK] No exit condition met - continuing to monitor...
2026-01-21 15:24:57.369 RedLemon[51688:229906] [AUTO_EXIT_CHECK] isEventPlayback: true
2026-01-21 15:24:57.369 RedLemon[51688:229906] [AUTO_EXIT_CHECK] isLoading: false, isResolvingStream: false
2026-01-21 15:24:57.369 RedLemon[51688:229906] [AUTO_EXIT_CHECK] playbackFinished: false, isPlaying: true
2026-01-21 15:24:57.369 RedLemon[51688:229906] [AUTO_EXIT_CHECK] Position: 2783.2s / Duration: 5406.99s
2026-01-21 15:24:57.369 RedLemon[51688:229906] [AUTO_EXIT_CHECK] Checking EOF conditions...
2026-01-21 15:24:57.369 RedLemon[51688:229906] [AUTO_EXIT_CHECK] No exit condition met - continuing to monitor...
2026-01-21 15:24:58.454 RedLemon[51688:229906] [AUTO_EXIT_CHECK] isEventPlayback: true
2026-01-21 15:24:58.454 RedLemon[51688:229906] [AUTO_EXIT_CHECK] isLoading: false, isResolvingStream: false
2026-01-21 15:24:58.454 RedLemon[51688:229906] [AUTO_EXIT_CHECK] playbackFinished: false, isPlaying: true
2026-01-21 15:24:58.454 RedLemon[51688:229906] [AUTO_EXIT_CHECK] Position: 2784.368s / Duration: 5406.99s
2026-01-21 15:24:58.454 RedLemon[51688:229906] [AUTO_EXIT_CHECK] Checking EOF conditions...
2026-01-21 15:24:58.454 RedLemon[51688:229906] [AUTO_EXIT_CHECK] No exit condition met - continuing to monitor...
2026-01-21 15:24:59.372 RedLemon[51688:229906] [AUTO_EXIT_CHECK] isEventPlayback: true
2026-01-21 15:24:59.372 RedLemon[51688:229906] [AUTO_EXIT_CHECK] isLoading: false, isResolvingStream: false
2026-01-21 15:24:59.372 RedLemon[51688:229906] [AUTO_EXIT_CHECK] playbackFinished: false, isPlaying: true
2026-01-21 15:24:59.372 RedLemon[51688:229906] [AUTO_EXIT_CHECK] Position: 2785.2439999999997s / Duration: 5406.99s
2026-01-21 15:24:59.372 RedLemon[51688:229906] [AUTO_EXIT_CHECK] Checking EOF conditions...
2026-01-21 15:24:59.372 RedLemon[51688:229906] [AUTO_EXIT_CHECK] No exit condition met - continuing to monitor...
2026-01-21 15:25:00.373 RedLemon[51688:229906] [AUTO_EXIT_CHECK] isEventPlayback: true
2026-01-21 15:25:00.373 RedLemon[51688:229906] [AUTO_EXIT_CHECK] isLoading: false, isResolvingStream: false
2026-01-21 15:25:00.373 RedLemon[51688:229906] [AUTO_EXIT_CHECK] playbackFinished: false, isPlaying: true
2026-01-21 15:25:00.373 RedLemon[51688:229906] [AUTO_EXIT_CHECK] Position: 2786.411s / Duration: 5406.99s
2026-01-21 15:25:00.373 RedLemon[51688:229906] [AUTO_EXIT_CHECK] Checking EOF conditions...
2026-01-21 15:25:00.374 RedLemon[51688:229906] [AUTO_EXIT_CHECK] No exit condition met - continuing to monitor...
2026-01-21 15:25:01.375 RedLemon[51688:229906] [AUTO_EXIT_CHECK] isEventPlayback: true
2026-01-21 15:25:01.375 RedLemon[51688:229906] [AUTO_EXIT_CHECK] isLoading: false, isResolvingStream: false
2026-01-21 15:25:01.376 RedLemon[51688:229906] [AUTO_EXIT_CHECK] playbackFinished: false, isPlaying: true
2026-01-21 15:25:01.376 RedLemon[51688:229906] [AUTO_EXIT_CHECK] Position: 2787.288s / Duration: 5406.99s
2026-01-21 15:25:01.376 RedLemon[51688:229906] [AUTO_EXIT_CHECK] Checking EOF conditions...
2026-01-21 15:25:01.376 RedLemon[51688:229906] [AUTO_EXIT_CHECK] No exit condition met - continuing to monitor...
2026-01-21 15:25:02.418 RedLemon[51688:229906] [AUTO_EXIT_CHECK] isEventPlayback: true
2026-01-21 15:25:02.418 RedLemon[51688:229906] [AUTO_EXIT_CHECK] isLoading: false, isResolvingStream: false
2026-01-21 15:25:02.418 RedLemon[51688:229906] [AUTO_EXIT_CHECK] playbackFinished: false, isPlaying: true
2026-01-21 15:25:02.418 RedLemon[51688:229906] [AUTO_EXIT_CHECK] Position: 2788.497s / Duration: 5406.99s
2026-01-21 15:25:02.418 RedLemon[51688:229906] [AUTO_EXIT_CHECK] Checking EOF conditions...
2026-01-21 15:25:02.419 RedLemon[51688:229906] [AUTO_EXIT_CHECK] No exit condition met - continuing to monitor...
2026-01-21 15:25:03.461 RedLemon[51688:229906] [AUTO_EXIT_CHECK] isEventPlayback: true
2026-01-21 15:25:03.461 RedLemon[51688:229906] [AUTO_EXIT_CHECK] isLoading: false, isResolvingStream: false
2026-01-21 15:25:03.461 RedLemon[51688:229906] [AUTO_EXIT_CHECK] playbackFinished: false, isPlaying: true
2026-01-21 15:25:03.461 RedLemon[51688:229906] [AUTO_EXIT_CHECK] Position: 2789.373s / Duration: 5406.99s
2026-01-21 15:25:03.462 RedLemon[51688:229906] [AUTO_EXIT_CHECK] Checking EOF conditions...
2026-01-21 15:25:03.462 RedLemon[51688:229906] [AUTO_EXIT_CHECK] No exit condition met - continuing to monitor...
2026-01-21 15:25:04.378 RedLemon[51688:229906] [AUTO_EXIT_CHECK] isEventPlayback: true
2026-01-21 15:25:04.378 RedLemon[51688:229906] [AUTO_EXIT_CHECK] isLoading: false, isResolvingStream: false
2026-01-21 15:25:04.378 RedLemon[51688:229906] [AUTO_EXIT_CHECK] playbackFinished: false, isPlaying: true
2026-01-21 15:25:04.378 RedLemon[51688:229906] [AUTO_EXIT_CHECK] Position: 2790.249s / Duration: 5406.99s
2026-01-21 15:25:04.378 RedLemon[51688:229906] [AUTO_EXIT_CHECK] Checking EOF conditions...
2026-01-21 15:25:04.379 RedLemon[51688:229906] [AUTO_EXIT_CHECK] No exit condition met - continuing to monitor...
2026-01-21 15:25:05.378 RedLemon[51688:229906] [AUTO_EXIT_CHECK] isEventPlayback: true
2026-01-21 15:25:05.378 RedLemon[51688:229906] [AUTO_EXIT_CHECK] isLoading: false, isResolvingStream: false
2026-01-21 15:25:05.379 RedLemon[51688:229906] [AUTO_EXIT_CHECK] playbackFinished: false, isPlaying: true
2026-01-21 15:25:05.379 RedLemon[51688:229906] [AUTO_EXIT_CHECK] Position: 2791.417s / Duration: 5406.99s
2026-01-21 15:25:05.379 RedLemon[51688:229906] [AUTO_EXIT_CHECK] Checking EOF conditions...
2026-01-21 15:25:05.379 RedLemon[51688:229906] [AUTO_EXIT_CHECK] No exit condition met - continuing to monitor...
2026-01-21 15:25:06.419 RedLemon[51688:229906] [AUTO_EXIT_CHECK] isEventPlayback: true
2026-01-21 15:25:06.419 RedLemon[51688:229906] [AUTO_EXIT_CHECK] isLoading: false, isResolvingStream: false
2026-01-21 15:25:06.419 RedLemon[51688:229906] [AUTO_EXIT_CHECK] playbackFinished: false, isPlaying: true
2026-01-21 15:25:06.419 RedLemon[51688:229906] [AUTO_EXIT_CHECK] Position: 2792.292s / Duration: 5406.99s
2026-01-21 15:25:06.419 RedLemon[51688:229906] [AUTO_EXIT_CHECK] Checking EOF conditions...
2026-01-21 15:25:06.420 RedLemon[51688:229906] [AUTO_EXIT_CHECK] No exit condition met - continuing to monitor...
2026-01-21 15:25:07.424 RedLemon[51688:229906] [AUTO_EXIT_CHECK] isEventPlayback: true
2026-01-21 15:25:07.424 RedLemon[51688:229906] [AUTO_EXIT_CHECK] isLoading: false, isResolvingStream: false
2026-01-21 15:25:07.424 RedLemon[51688:229906] [AUTO_EXIT_CHECK] playbackFinished: false, isPlaying: true
2026-01-21 15:25:07.424 RedLemon[51688:229906] [AUTO_EXIT_CHECK] Position: 2793.46s / Duration: 5406.99s
2026-01-21 15:25:07.424 RedLemon[51688:229906] [AUTO_EXIT_CHECK] Checking EOF conditions...
2026-01-21 15:25:07.424 RedLemon[51688:229906] [AUTO_EXIT_CHECK] No exit condition met - continuing to monitor...
2026-01-21 15:25:08.423 RedLemon[51688:229906] [AUTO_EXIT_CHECK] isEventPlayback: true
2026-01-21 15:25:08.423 RedLemon[51688:229906] [AUTO_EXIT_CHECK] isLoading: false, isResolvingStream: false
2026-01-21 15:25:08.423 RedLemon[51688:229906] [AUTO_EXIT_CHECK] playbackFinished: false, isPlaying: true
2026-01-21 15:25:08.423 RedLemon[51688:229906] [AUTO_EXIT_CHECK] Position: 2794.336s / Duration: 5406.99s
2026-01-21 15:25:08.424 RedLemon[51688:229906] [AUTO_EXIT_CHECK] Checking EOF conditions...
2026-01-21 15:25:08.424 RedLemon[51688:229906] [AUTO_EXIT_CHECK] No exit condition met - continuing to monitor...
2026-01-21 15:25:09.382 RedLemon[51688:229906] [AUTO_EXIT_CHECK] isEventPlayback: true
2026-01-21 15:25:09.383 RedLemon[51688:229906] [AUTO_EXIT_CHECK] isLoading: false, isResolvingStream: false
2026-01-21 15:25:09.383 RedLemon[51688:229906] [AUTO_EXIT_CHECK] playbackFinished: false, isPlaying: true
2026-01-21 15:25:09.383 RedLemon[51688:229906] [AUTO_EXIT_CHECK] Position: 2795.212s / Duration: 5406.99s
2026-01-21 15:25:09.383 RedLemon[51688:229906] [AUTO_EXIT_CHECK] Checking EOF conditions...
2026-01-21 15:25:09.383 RedLemon[51688:229906] [AUTO_EXIT_CHECK] No exit condition met - continuing to monitor...
2026-01-21 15:25:10.385 RedLemon[51688:229906] [AUTO_EXIT_CHECK] isEventPlayback: true
2026-01-21 15:25:10.385 RedLemon[51688:229906] [AUTO_EXIT_CHECK] isLoading: false, isResolvingStream: false
2026-01-21 15:25:10.385 RedLemon[51688:229906] [AUTO_EXIT_CHECK] playbackFinished: false, isPlaying: true
2026-01-21 15:25:10.385 RedLemon[51688:229906] [AUTO_EXIT_CHECK] Position: 2796.3799999999997s / Duration: 5406.99s
2026-01-21 15:25:10.385 RedLemon[51688:229906] [AUTO_EXIT_CHECK] Checking EOF conditions...
2026-01-21 15:25:10.385 RedLemon[51688:229906] [AUTO_EXIT_CHECK] No exit condition met - continuing to monitor...
2026-01-21 15:25:11.384 RedLemon[51688:229906] [AUTO_EXIT_CHECK] isEventPlayback: true
2026-01-21 15:25:11.384 RedLemon[51688:229906] [AUTO_EXIT_CHECK] isLoading: false, isResolvingStream: false
2026-01-21 15:25:11.384 RedLemon[51688:229906] [AUTO_EXIT_CHECK] playbackFinished: false, isPlaying: true
2026-01-21 15:25:11.384 RedLemon[51688:229906] [AUTO_EXIT_CHECK] Position: 2797.256s / Duration: 5406.99s
2026-01-21 15:25:11.385 RedLemon[51688:229906] [AUTO_EXIT_CHECK] Checking EOF conditions...
2026-01-21 15:25:11.385 RedLemon[51688:229906] [AUTO_EXIT_CHECK] No exit condition met - continuing to monitor...
2026-01-21 15:25:12.428 RedLemon[51688:229906] [AUTO_EXIT_CHECK] isEventPlayback: true
2026-01-21 15:25:12.428 RedLemon[51688:229906] [AUTO_EXIT_CHECK] isLoading: false, isResolvingStream: false
2026-01-21 15:25:12.428 RedLemon[51688:229906] [AUTO_EXIT_CHECK] playbackFinished: false, isPlaying: true
2026-01-21 15:25:12.428 RedLemon[51688:229906] [AUTO_EXIT_CHECK] Position: 2798.423s / Duration: 5406.99s
2026-01-21 15:25:12.428 RedLemon[51688:229906] [AUTO_EXIT_CHECK] Checking EOF conditions...
2026-01-21 15:25:12.429 RedLemon[51688:229906] [AUTO_EXIT_CHECK] No exit condition met - continuing to monitor...
2026-01-21 15:25:13.387 RedLemon[51688:229906] [AUTO_EXIT_CHECK] isEventPlayback: true
2026-01-21 15:25:13.388 RedLemon[51688:229906] [AUTO_EXIT_CHECK] isLoading: false, isResolvingStream: false
2026-01-21 15:25:13.388 RedLemon[51688:229906] [AUTO_EXIT_CHECK] playbackFinished: false, isPlaying: true
2026-01-21 15:25:13.388 RedLemon[51688:229906] [AUTO_EXIT_CHECK] Position: 2799.2999999999997s / Duration: 5406.99s
2026-01-21 15:25:13.388 RedLemon[51688:229906] [AUTO_EXIT_CHECK] Checking EOF conditions...
2026-01-21 15:25:13.388 RedLemon[51688:229906] [AUTO_EXIT_CHECK] No exit condition met - continuing to monitor...
2026-01-21 15:25:14.390 RedLemon[51688:229906] [AUTO_EXIT_CHECK] isEventPlayback: true
2026-01-21 15:25:14.390 RedLemon[51688:229906] [AUTO_EXIT_CHECK] isLoading: false, isResolvingStream: false
2026-01-21 15:25:14.391 RedLemon[51688:229906] [AUTO_EXIT_CHECK] playbackFinished: false, isPlaying: true
2026-01-21 15:25:14.391 RedLemon[51688:229906] [AUTO_EXIT_CHECK] Position: 2800.468s / Duration: 5406.99s
2026-01-21 15:25:14.391 RedLemon[51688:229906] [AUTO_EXIT_CHECK] Checking EOF conditions...
2026-01-21 15:25:14.391 RedLemon[51688:229906] [AUTO_EXIT_CHECK] No exit condition met - continuing to monitor...
2026-01-21 15:25:15.389 RedLemon[51688:229906] [AUTO_EXIT_CHECK] isEventPlayback: true
2026-01-21 15:25:15.389 RedLemon[51688:229906] [AUTO_EXIT_CHECK] isLoading: false, isResolvingStream: false
2026-01-21 15:25:15.389 RedLemon[51688:229906] [AUTO_EXIT_CHECK] playbackFinished: false, isPlaying: true
2026-01-21 15:25:15.389 RedLemon[51688:229906] [AUTO_EXIT_CHECK] Position: 2801.343s / Duration: 5406.99s
2026-01-21 15:25:15.389 RedLemon[51688:229906] [AUTO_EXIT_CHECK] Checking EOF conditions...
2026-01-21 15:25:15.390 RedLemon[51688:229906] [AUTO_EXIT_CHECK] No exit condition met - continuing to monitor...
2026-01-21 15:25:16.431 RedLemon[51688:229906] [AUTO_EXIT_CHECK] isEventPlayback: true
2026-01-21 15:25:16.431 RedLemon[51688:229906] [AUTO_EXIT_CHECK] isLoading: false, isResolvingStream: false
2026-01-21 15:25:16.431 RedLemon[51688:229906] [AUTO_EXIT_CHECK] playbackFinished: false, isPlaying: true
2026-01-21 15:25:16.432 RedLemon[51688:229906] [AUTO_EXIT_CHECK] Position: 2802.511s / Duration: 5406.99s
2026-01-21 15:25:16.432 RedLemon[51688:229906] [AUTO_EXIT_CHECK] Checking EOF conditions...
2026-01-21 15:25:16.432 RedLemon[51688:229906] [AUTO_EXIT_CHECK] No exit condition met - continuing to monitor...
2026-01-21 15:25:17.390 RedLemon[51688:229906] [AUTO_EXIT_CHECK] isEventPlayback: true
2026-01-21 15:25:17.390 RedLemon[51688:229906] [AUTO_EXIT_CHECK] isLoading: false, isResolvingStream: false
2026-01-21 15:25:17.390 RedLemon[51688:229906] [AUTO_EXIT_CHECK] playbackFinished: false, isPlaying: true
2026-01-21 15:25:17.390 RedLemon[51688:229906] [AUTO_EXIT_CHECK] Position: 2803.386s / Duration: 5406.99s
2026-01-21 15:25:17.390 RedLemon[51688:229906] [AUTO_EXIT_CHECK] Checking EOF conditions...
2026-01-21 15:25:17.390 RedLemon[51688:229906] [AUTO_EXIT_CHECK] No exit condition met - continuing to monitor...
2026-01-21 15:25:18.391 RedLemon[51688:229906] [AUTO_EXIT_CHECK] isEventPlayback: true
2026-01-21 15:25:18.392 RedLemon[51688:229906] [AUTO_EXIT_CHECK] isLoading: false, isResolvingStream: false
2026-01-21 15:25:18.392 RedLemon[51688:229906] [AUTO_EXIT_CHECK] playbackFinished: false, isPlaying: true
2026-01-21 15:25:18.392 RedLemon[51688:229906] [AUTO_EXIT_CHECK] Position: 2804.2619999999997s / Duration: 5406.99s
2026-01-21 15:25:18.392 RedLemon[51688:229906] [AUTO_EXIT_CHECK] Checking EOF conditions...
2026-01-21 15:25:18.392 RedLemon[51688:229906] [AUTO_EXIT_CHECK] No exit condition met - continuing to monitor...
2026-01-21 15:25:19.392 RedLemon[51688:229906] [AUTO_EXIT_CHECK] isEventPlayback: true
2026-01-21 15:25:19.392 RedLemon[51688:229906] [AUTO_EXIT_CHECK] isLoading: false, isResolvingStream: false
2026-01-21 15:25:19.392 RedLemon[51688:229906] [AUTO_EXIT_CHECK] playbackFinished: false, isPlaying: true
2026-01-21 15:25:19.392 RedLemon[51688:229906] [AUTO_EXIT_CHECK] Position: 2805.43s / Duration: 5406.99s
2026-01-21 15:25:19.392 RedLemon[51688:229906] [AUTO_EXIT_CHECK] Checking EOF conditions...
2026-01-21 15:25:19.393 RedLemon[51688:229906] [AUTO_EXIT_CHECK] No exit condition met - continuing to monitor...
2026-01-21 15:25:20.351 RedLemon[51688:229906] [AUTO_EXIT_CHECK] isEventPlayback: true
2026-01-21 15:25:20.351 RedLemon[51688:229906] [AUTO_EXIT_CHECK] isLoading: false, isResolvingStream: false
2026-01-21 15:25:20.351 RedLemon[51688:229906] [AUTO_EXIT_CHECK] playbackFinished: false, isPlaying: true
2026-01-21 15:25:20.351 RedLemon[51688:229906] [AUTO_EXIT_CHECK] Position: 2806.306s / Duration: 5406.99s
2026-01-21 15:25:20.351 RedLemon[51688:229906] [AUTO_EXIT_CHECK] Checking EOF conditions...
2026-01-21 15:25:20.351 RedLemon[51688:229906] [AUTO_EXIT_CHECK] No exit condition met - continuing to monitor...
2026-01-21 15:25:21.352 RedLemon[51688:229906] [AUTO_EXIT_CHECK] isEventPlayback: true
2026-01-21 15:25:21.352 RedLemon[51688:229906] [AUTO_EXIT_CHECK] isLoading: false, isResolvingStream: false
2026-01-21 15:25:21.352 RedLemon[51688:229906] [AUTO_EXIT_CHECK] playbackFinished: false, isPlaying: true
2026-01-21 15:25:21.352 RedLemon[51688:229906] [AUTO_EXIT_CHECK] Position: 2807.182s / Duration: 5406.99s
2026-01-21 15:25:21.352 RedLemon[51688:229906] [AUTO_EXIT_CHECK] Checking EOF conditions...
2026-01-21 15:25:21.352 RedLemon[51688:229906] [AUTO_EXIT_CHECK] No exit condition met - continuing to monitor...
2026-01-21 15:25:22.394 RedLemon[51688:229906] [AUTO_EXIT_CHECK] isEventPlayback: true
2026-01-21 15:25:22.394 RedLemon[51688:229906] [AUTO_EXIT_CHECK] isLoading: false, isResolvingStream: false
2026-01-21 15:25:22.394 RedLemon[51688:229906] [AUTO_EXIT_CHECK] playbackFinished: false, isPlaying: true
2026-01-21 15:25:22.394 RedLemon[51688:229906] [AUTO_EXIT_CHECK] Position: 2808.35s / Duration: 5406.99s
2026-01-21 15:25:22.394 RedLemon[51688:229906] [AUTO_EXIT_CHECK] Checking EOF conditions...
2026-01-21 15:25:22.394 RedLemon[51688:229906] [AUTO_EXIT_CHECK] No exit condition met - continuing to monitor...
2026-01-21 15:25:23.354 RedLemon[51688:229906] [AUTO_EXIT_CHECK] isEventPlayback: true
2026-01-21 15:25:23.354 RedLemon[51688:229906] [AUTO_EXIT_CHECK] isLoading: false, isResolvingStream: false
2026-01-21 15:25:23.355 RedLemon[51688:229906] [AUTO_EXIT_CHECK] playbackFinished: false, isPlaying: true
2026-01-21 15:25:23.355 RedLemon[51688:229906] [AUTO_EXIT_CHECK] Position: 2809.2259999999997s / Duration: 5406.99s
2026-01-21 15:25:23.355 RedLemon[51688:229906] [AUTO_EXIT_CHECK] Checking EOF conditions...
2026-01-21 15:25:23.355 RedLemon[51688:229906] [AUTO_EXIT_CHECK] No exit condition met - continuing to monitor...
2026-01-21 15:25:23.856 RedLemon[51688:229911] 🔐 SupabaseClient: Signing Identity Payload: '176902712396e01cdb-36c0-4228-a6e4-a29a3c66bc8e/rpc/room_heartbeat'
2026-01-21 15:25:23.857 RedLemon[51688:229911] 🔐 Signed request to /rpc/room_heartbeat
2026-01-21 15:25:24.355 RedLemon[51688:229906] [AUTO_EXIT_CHECK] isEventPlayback: true
2026-01-21 15:25:24.355 RedLemon[51688:229906] [AUTO_EXIT_CHECK] isLoading: false, isResolvingStream: false
2026-01-21 15:25:24.355 RedLemon[51688:229906] [AUTO_EXIT_CHECK] playbackFinished: false, isPlaying: true
2026-01-21 15:25:24.356 RedLemon[51688:229906] [AUTO_EXIT_CHECK] Position: 2810.394s / Duration: 5406.99s
2026-01-21 15:25:24.356 RedLemon[51688:229906] [AUTO_EXIT_CHECK] Checking EOF conditions...
2026-01-21 15:25:24.356 RedLemon[51688:229906] [AUTO_EXIT_CHECK] No exit condition met - continuing to monitor...
2026-01-21 15:25:25.357 RedLemon[51688:229906] [AUTO_EXIT_CHECK] isEventPlayback: true
2026-01-21 15:25:25.357 RedLemon[51688:229906] [AUTO_EXIT_CHECK] isLoading: false, isResolvingStream: false
2026-01-21 15:25:25.357 RedLemon[51688:229906] [AUTO_EXIT_CHECK] playbackFinished: false, isPlaying: true
2026-01-21 15:25:25.357 RedLemon[51688:229906] [AUTO_EXIT_CHECK] Position: 2811.269s / Duration: 5406.99s
2026-01-21 15:25:25.358 RedLemon[51688:229906] [AUTO_EXIT_CHECK] Checking EOF conditions...
2026-01-21 15:25:25.358 RedLemon[51688:229906] [AUTO_EXIT_CHECK] No exit condition met - continuing to monitor...
2026-01-21 15:25:26.399 RedLemon[51688:229906] [AUTO_EXIT_CHECK] isEventPlayback: true
2026-01-21 15:25:26.399 RedLemon[51688:229906] [AUTO_EXIT_CHECK] isLoading: false, isResolvingStream: false
2026-01-21 15:25:26.399 RedLemon[51688:229906] [AUTO_EXIT_CHECK] playbackFinished: false, isPlaying: true
2026-01-21 15:25:26.400 RedLemon[51688:229906] [AUTO_EXIT_CHECK] Position: 2812.4379999999996s / Duration: 5406.99s
2026-01-21 15:25:26.400 RedLemon[51688:229906] [AUTO_EXIT_CHECK] Checking EOF conditions...
2026-01-21 15:25:26.400 RedLemon[51688:229906] [AUTO_EXIT_CHECK] No exit condition met - continuing to monitor...
2026-01-21 15:25:27.359 RedLemon[51688:229906] [AUTO_EXIT_CHECK] isEventPlayback: true
2026-01-21 15:25:27.359 RedLemon[51688:229906] [AUTO_EXIT_CHECK] isLoading: false, isResolvingStream: false
2026-01-21 15:25:27.359 RedLemon[51688:229906] [AUTO_EXIT_CHECK] playbackFinished: false, isPlaying: true
2026-01-21 15:25:27.359 RedLemon[51688:229906] [AUTO_EXIT_CHECK] Position: 2813.3129999999996s / Duration: 5406.99s
2026-01-21 15:25:27.359 RedLemon[51688:229906] [AUTO_EXIT_CHECK] Checking EOF conditions...
2026-01-21 15:25:27.359 RedLemon[51688:229906] [AUTO_EXIT_CHECK] No exit condition met - continuing to monitor...
2026-01-21 15:25:28.361 RedLemon[51688:229906] [AUTO_EXIT_CHECK] isEventPlayback: true
2026-01-21 15:25:28.361 RedLemon[51688:229906] [AUTO_EXIT_CHECK] isLoading: false, isResolvingStream: false
2026-01-21 15:25:28.361 RedLemon[51688:229906] [AUTO_EXIT_CHECK] playbackFinished: false, isPlaying: true
2026-01-21 15:25:28.361 RedLemon[51688:229906] [AUTO_EXIT_CHECK] Position: 2814.2309999999998s / Duration: 5406.99s
2026-01-21 15:25:28.361 RedLemon[51688:229906] [AUTO_EXIT_CHECK] Checking EOF conditions...
2026-01-21 15:25:28.361 RedLemon[51688:229906] [AUTO_EXIT_CHECK] No exit condition met - continuing to monitor...
2026-01-21 15:25:29.360 RedLemon[51688:229906] [AUTO_EXIT_CHECK] isEventPlayback: true
2026-01-21 15:25:29.361 RedLemon[51688:229906] [AUTO_EXIT_CHECK] isLoading: false, isResolvingStream: false
2026-01-21 15:25:29.361 RedLemon[51688:229906] [AUTO_EXIT_CHECK] playbackFinished: false, isPlaying: true
2026-01-21 15:25:29.361 RedLemon[51688:229906] [AUTO_EXIT_CHECK] Position: 2815.399s / Duration: 5406.99s
2026-01-21 15:25:29.361 RedLemon[51688:229906] [AUTO_EXIT_CHECK] Checking EOF conditions...
2026-01-21 15:25:29.361 RedLemon[51688:229906] [AUTO_EXIT_CHECK] No exit condition met - continuing to monitor...
2026-01-21 15:25:30.363 RedLemon[51688:229906] [AUTO_EXIT_CHECK] isEventPlayback: true
2026-01-21 15:25:30.363 RedLemon[51688:229906] [AUTO_EXIT_CHECK] isLoading: false, isResolvingStream: false
2026-01-21 15:25:30.363 RedLemon[51688:229906] [AUTO_EXIT_CHECK] playbackFinished: false, isPlaying: true
2026-01-21 15:25:30.363 RedLemon[51688:229906] [AUTO_EXIT_CHECK] Position: 2816.317s / Duration: 5406.99s
2026-01-21 15:25:30.364 RedLemon[51688:229906] [AUTO_EXIT_CHECK] Checking EOF conditions...
2026-01-21 15:25:30.364 RedLemon[51688:229906] [AUTO_EXIT_CHECK] No exit condition met - continuing to monitor...
2026-01-21 15:25:31.364 RedLemon[51688:229906] [AUTO_EXIT_CHECK] isEventPlayback: true
2026-01-21 15:25:31.365 RedLemon[51688:229906] [AUTO_EXIT_CHECK] isLoading: false, isResolvingStream: false
2026-01-21 15:25:31.365 RedLemon[51688:229906] [AUTO_EXIT_CHECK] playbackFinished: false, isPlaying: true
2026-01-21 15:25:31.365 RedLemon[51688:229906] [AUTO_EXIT_CHECK] Position: 2817.192s / Duration: 5406.99s
2026-01-21 15:25:31.365 RedLemon[51688:229906] [AUTO_EXIT_CHECK] Checking EOF conditions...
2026-01-21 15:25:31.365 RedLemon[51688:229906] [AUTO_EXIT_CHECK] No exit condition met - continuing to monitor...
2026-01-21 15:25:32.363 RedLemon[51688:229906] [AUTO_EXIT_CHECK] isEventPlayback: true
2026-01-21 15:25:32.364 RedLemon[51688:229906] [AUTO_EXIT_CHECK] isLoading: false, isResolvingStream: false
2026-01-21 15:25:32.364 RedLemon[51688:229906] [AUTO_EXIT_CHECK] playbackFinished: false, isPlaying: true
2026-01-21 15:25:32.364 RedLemon[51688:229906] [AUTO_EXIT_CHECK] Position: 2818.3599999999997s / Duration: 5406.99s
2026-01-21 15:25:32.364 RedLemon[51688:229906] [AUTO_EXIT_CHECK] Checking EOF conditions...
2026-01-21 15:25:32.364 RedLemon[51688:229906] [AUTO_EXIT_CHECK] No exit condition met - continuing to monitor...
2026-01-21 15:25:33.364 RedLemon[51688:229906] [AUTO_EXIT_CHECK] isEventPlayback: true
2026-01-21 15:25:33.364 RedLemon[51688:229906] [AUTO_EXIT_CHECK] isLoading: false, isResolvingStream: false
2026-01-21 15:25:33.365 RedLemon[51688:229906] [AUTO_EXIT_CHECK] playbackFinished: false, isPlaying: true
2026-01-21 15:25:33.365 RedLemon[51688:229906] [AUTO_EXIT_CHECK] Position: 2819.236s / Duration: 5406.99s
2026-01-21 15:25:33.365 RedLemon[51688:229906] [AUTO_EXIT_CHECK] Checking EOF conditions...
2026-01-21 15:25:33.365 RedLemon[51688:229906] [AUTO_EXIT_CHECK] No exit condition met - continuing to monitor...
📄 Subtitle request: L3N1YnRpdGxlLzQ4NDA3... (offset: 0ms)
📥 Downloading subtitle from SubDL CDN: /subtitle/484072-1225068.zip
✅ [EventsConfig] Fetched movie_events version 1568 with 405 movies
✅ [EventsConfig] Using cached movie_events config (version 1568, 405 movies)
✅ SocialService: Event event_tt0266915 is JOINABLE (Live or Next Up) - allowing join
✅ [EventsConfig] Fetched movie_events version 1568 with 405 movies
✅ [EventsConfig] Using cached movie_events config (version 1568, 405 movies)
✅ SocialService: Event event_tt0266915 is JOINABLE (Live or Next Up) - allowing join
✅ Download complete: 35457 bytes
📦 Detected ZIP archive, extracting...
🔍 Calculating compatibility scores for 1 files...
✅ Selected best match by compatibility score (55): Rush Hour 2 2001 1080p Blu-ray AVC DTS-HD MA 5.1-AmasyHD.srt
📦 Extracting specific file: Rush Hour 2 2001 1080p Blu-ray AVC DTS-HD MA 5.1-AmasyHD.srt
✅ Extraction successful
✅ Subtitle downloaded and converted to VTT
📊 AppState: Polled participant counts - Active: ["tt0266915": 1]
⏰ AppState: Next schedule update set for Event End: 2026-01-21 21:18:30 +0000
⏰ AppState: Scheduling update in 3224 seconds
📈 SocialService: User 656daa91-33b4-4688-9135-c982ea52d7c9 came online
📡 [EventsConfig] Checking server for movie_events config version...
📡 [EventsConfig] Checking server for movie_events config version...
📊 AppState: Polled participant counts - Active: ["tt0266915": 2]
⏰ AppState: Next schedule update set for Event End: 2026-01-21 21:18:30 +0000
⏰ AppState: Scheduling update in 3214 seconds
✅ [EventsConfig] Fetched movie_events version 1568 with 405 movies
✅ [EventsConfig] Using cached movie_events config (version 1568, 405 movies)
✅ SocialService: Event event_tt0266915 is JOINABLE (Live or Next Up) - allowing join
✅ [EventsConfig] Fetched movie_events version 1568 with 405 movies
✅ [EventsConfig] Using cached movie_events config (version 1568, 405 movies)
✅ SocialService: Event event_tt0266915 is JOINABLE (Live or Next Up) - allowing join
📊 AppState: Polled participant counts - Active: ["tt0266915": 2]
⏰ AppState: Next schedule update set for Event End: 2026-01-21 21:18:30 +0000
⏰ AppState: Scheduling update in 3204 seconds
📡 [EventsConfig] Checking server for movie_events config version...
📡 [EventsConfig] Checking server for movie_events config version...
✅ [EventsConfig] Fetched movie_events version 1568 with 405 movies
✅ [EventsConfig] Using cached movie_events config (version 1568, 405 movies)
✅ SocialService: Event event_tt0266915 is JOINABLE (Live or Next Up) - allowing join
✅ [EventsConfig] Fetched movie_events version 1568 with 405 movies
✅ [EventsConfig] Using cached movie_events config (version 1568, 405 movies)
✅ SocialService: Event event_tt0266915 is JOINABLE (Live or Next Up) - allowing join
📡 [EventsConfig] Checking server for movie_events config version...
📡 [EventsConfig] Checking server for movie_events config version...
✅ [EventsConfig] Fetched movie_events version 1568 with 405 movies
✅ [EventsConfig] Fetched movie_events version 1568 with 405 movies
✅ [EventsConfig] Using cached movie_events config (version 1568, 405 movies)
✅ [EventsConfig] Using cached movie_events config (version 1568, 405 movies)
✅ SocialService: Event event_tt0266915 is JOINABLE (Live or Next Up) - allowing join
✅ SocialService: Event event_tt0266915 is JOINABLE (Live or Next Up) - allowing join
📊 AppState: Polled participant counts - Active: ["tt0266915": 2]
⏰ AppState: Next schedule update set for Event End: 2026-01-21 21:18:30 +0000
⏰ AppState: Scheduling update in 3194 seconds
📡 [EventsConfig] Checking server for movie_events config version...
📡 [EventsConfig] Checking server for movie_events config version...
✅ [EventsConfig] Fetched movie_events version 1568 with 405 movies
✅ [EventsConfig] Fetched movie_events version 1568 with 405 movies
✅ [EventsConfig] Using cached movie_events config (version 1568, 405 movies)
✅ [EventsConfig] Using cached movie_events config (version 1568, 405 movies)
✅ SocialService: Event event_tt0266915 is JOINABLE (Live or Next Up) - allowing join
✅ SocialService: Event event_tt0266915 is JOINABLE (Live or Next Up) - allowing join
📊 AppState: Polled participant counts - Active: ["tt0266915": 1]
⏰ AppState: Next schedule update set for Event End: 2026-01-21 21:18:30 +0000
⏰ AppState: Scheduling update in 3184 seconds
📡 [EventsConfig] Checking server for movie_events config version...
📡 [EventsConfig] Checking server for movie_events config version...
✅ [EventsConfig] Fetched movie_events version 1568 with 405 movies
✅ [EventsConfig] Fetched movie_events version 1568 with 405 movies
✅ [EventsConfig] Using cached movie_events config (version 1568, 405 movies)
✅ [EventsConfig] Using cached movie_events config (version 1568, 405 movies)
✅ SocialService: Event event_tt0266915 is JOINABLE (Live or Next Up) - allowing join
✅ SocialService: Event event_tt0266915 is JOINABLE (Live or Next Up) - allowing join
📡 [EventsConfig] Checking server for movie_events config version...
✅ [EventsConfig] Fetched movie_events version 1568 with 405 movies
