2026-01-20 15:29:39.792 RedLemon[11816:130807] 🪟 Set initial window to expanded size: (0.0, 148.0, 1366.0, 595.0)
2026-01-20 15:29:39.792 RedLemon[11816:130807] ✅ Cache cleanup timer started (runs every 30 minutes)
2026-01-20 15:29:39.859 RedLemon[11816:130807] 🔄 Resetting playback state to prevent auto-selection...
2026-01-20 15:29:39.864 RedLemon[11816:130807] ⚠️ PlayerVM: currentWatchPartyRoom set to NIL. Stack Trace unavailable, but check recent logs.
2026-01-20 15:29:39.896 RedLemon[11816:130807] ✅ Playback state reset complete - starting in browse view
2026-01-20 15:29:39.896 RedLemon[11816:130807] 🔐 APP STARTUP: Loading stored user credentials...
2026-01-20 15:29:39.896 RedLemon[11816:130807] 🧪 Testing Profile: debug
2026-01-20 15:29:39.916 RedLemon[11816:130872] 📂 Loaded 5 credential(s) from cache
2026-01-20 15:29:39.935 RedLemon[11816:130807] ✅ Keychain: Found stored username: ursinho
2026-01-20 15:29:39.935 RedLemon[11816:130807] 🔍 Supabase: Looking up user 'ursinho' in database...
2026-01-20 15:29:39.935 RedLemon[11816:130872] 🔍 SupabaseClient: Looking up user by username 'ursinho'
2026-01-20 15:29:40.648 RedLemon[11816:130871] 📡 SupabaseClient: User lookup response received (399 bytes)
2026-01-20 15:29:40.659 RedLemon[11816:130871] ✅ SupabaseClient: Decoded 1 users from response
2026-01-20 15:29:40.659 RedLemon[11816:130871] 👤 SupabaseClient: Found user - ursinho (ID: 656DAA91-33B4-4688-9135-C982EA52D7C9)
2026-01-20 15:29:40.708 RedLemon[11816:130807] ✅ AUTH SUCCESS: User authenticated - ursinho (ID: 656DAA91-33B4-4688-9135-C982EA52D7C9)
2026-01-20 15:29:40.708 RedLemon[11816:130807] 🎯 AppState: currentUsername=ursinho, currentUserId=656DAA91-33B4-4688-9135-C982EA52D7C9
2026-01-20 15:29:42.411 RedLemon[11816:130807] 🏁 AUTH COMPLETE: Final state - username=ursinho, userId=656DAA91-33B4-4688-9135-C982EA52D7C9
2026-01-20 15:29:42.417 RedLemon[11816:130807] 🚀 RedLemon: Starting HTTP server...
2026-01-20 15:29:42.418 RedLemon[11816:130807] 📋 RedLemon: Current directory: /Users/danielnoble/Desktop/Redlemon
2026-01-20 15:29:42.436 RedLemon[11816:130807] ✅ RedLemon: HTTPServer instance created
2026-01-20 15:29:42.436 RedLemon[11816:130807] ✅ RedLemon: Server marked as ready (Optimistic)
2026-01-20 15:29:42.436 RedLemon[11816:130871] 📡 RedLemon: Server starting on port 47253...
⏲️ [EventsConfig] Starting polling fallback (every 60s)
🔌 Connecting to Supabase Realtime: wss://151.243.109.243.nip.io/realtime/v1/websocket
✅ Connected to Supabase Realtime
📡 Sparkle requesting feed URL: https://151.243.109.243.nip.io/updates/appcast.xml
✅ Sparkle configured (seamless mode)
   Appcast URL: https://151.243.109.243.nip.io/updates/appcast.xml
   Can check: true
📅 EventsView appeared
🎬 [EventsView] Fetching movie events from centralized config...
📡 [EventsConfig] Checking server for movie_events config version...
🔍 Memory pressure monitoring enabled (safe mode)
🔍 Silent update check (custom implementation)...
📦 Current build: 124, Latest build: 124
✅ App is up to date (current: 124, latest: 124)
🖥️ CacheManager initialized with fixed conservative limits
   Image cache limit: 30 items
📡 Joined channel: realtime:events_config_updates (interest count: 1)
✅ [EventsConfig] Subscribed to realtime schedule updates
📡 Sparkle requesting feed URL: https://151.243.109.243.nip.io/updates/appcast.xml
✅ [EventsConfig] Fetched movie_events version 1548 with 400 movies
✅ [EventsConfig] Using cached movie_events config (version 1548, 400 movies)
✅ [EventsView] Loaded 400 movies from config version 1548
🗓 AppState: Updated schedule epoch to 2026-01-19 00:59:05 +0000
⏰ AppState: Next schedule update set for Event End: 2026-01-20 22:03:05 +0000
⏰ AppState: Scheduling update in 5605 seconds
🖼️ [CACHE] Cached image data for key: https://images.metahub.space/background/medium/tt3501632/img (956349 bytes)
🖼️ [CACHE] Cached image data for key: https://images.metahub.space/background/medium/tt0114369/img (143272 bytes)
🖼️ [CACHE] Cached image data for key: https://images.metahub.space/background/medium/tt1591095/img (651299 bytes)
🔌 SocialService: Connecting to global presence...
🔌 Connecting to Supabase Realtime: wss://151.243.109.243.nip.io/realtime/v1/websocket
✅ Connected to Supabase Realtime
✅ SocialService: Presence connected
⏰ AppState: Next schedule update set for Event End: 2026-01-20 22:03:05 +0000
⏰ AppState: Scheduling update in 5604 seconds
⏰ AppState: Next schedule update set for Event End: 2026-01-20 22:03:05 +0000
⏰ AppState: Scheduling update in 5604 seconds
📡 Joined channel: realtime:global-presence (interest count: 1)
✅ SocialService: Connected to global presence
🔌 SocialService: Connecting to social realtime channels...
🔌 Connecting to Supabase Realtime: wss://151.243.109.243.nip.io/realtime/v1/websocket
✅ Connected to Supabase Realtime
✅ SocialService: DM channel connected
📈 SocialService: User 96e01cdb-36c0-4228-a6e4-a29a3c66bc8e came online
📈 SocialService: User 656daa91-33b4-4688-9135-c982ea52d7c9 came online
📡 Joined channel: realtime:direct_messages (interest count: 1)
📡 Joined channel: realtime:friendships (interest count: 1)
✅ SocialService: Connected to social channels
📬 SocialService: Fetched 0 unread messages
🔄 SocialService: Syncing 50 items to cloud...
🔄 SocialService: Syncing 50 items to cloud (serial)...
✅ Token routes registered:
   POST /tokens/save
   POST /tokens/delete
   GET  /tokens/list
✅ Unlock routes registered:
   POST /api/streams/unlock
✅ Stream routes registered:
   POST /api/streams/resolve
   GET  /api/streams/resolveByQuality
   GET  /api/streams/resolveAll
✅ Proxy routes registered:
   GET /play/rd/:infoHash/:fileIdx
   GET /play/rd/:infoHash
✅ Subtitle routes registered:
   GET /subtitles/search?imdbId=&type=
   GET /subtitles/subdl/:encodedPath
✅ All routes registered
✅ HTTP Server configured on http://127.0.0.1:47253
🚀 Starting HTTP server...
✅ Providers initialized: torrentio, comet, zilean, mediafusion, debridsearch
[ NOTICE ] Server started on http://127.0.0.1:47253
2026-01-20 15:29:42.478 RedLemon[11816:130807] ✅ RedLemon: Server should be running on http://127.0.0.1:47253
2026-01-20 15:29:42.479 RedLemon[11816:130807] 🏥 [AppState] Starting global provider health check...
2026-01-20 15:29:42.479 RedLemon[11816:130807] 🔍 Performing startup checks...
2026-01-20 15:29:42.479 RedLemon[11816:130807] ✅ Username-based authentication ready
2026-01-20 15:29:42.481 RedLemon[11816:130887] 🔐 Signed request to /check-payment
2026-01-20 15:29:43.029 RedLemon[11816:130871] 🎬 Torrentio: Building URL for movie (no season/episode)
2026-01-20 15:29:43.029 RedLemon[11816:130871] 🔗 Torrentio URL (length: 55): https://torrentio.strem.fun/stream/movie/tt0133093.json...
2026-01-20 15:29:43.883 RedLemon[11816:130807] ✅ [AppState] Provider health check complete (found 7 services)
2026-01-20 15:29:59.197 RedLemon[11816:130807] 🔄 Checking for app updates...
2026-01-20 15:30:00.158 RedLemon[11816:130887] ❌ [15:30:00.157] [NETWORK] [SupabaseClient.swift:336] Supabase API Error: duplicate key value violates unique constraint "unique_friendship"
2026-01-20 15:30:05.166 RedLemon[11816:130871] ❌ [15:30:05.166] [NETWORK] [SupabaseClient.swift:336] Supabase API Error: duplicate key value violates unique constraint "unique_friendship"
✅ HTTP server running on http://127.0.0.1:47253

🔗 Available endpoints:
   http://127.0.0.1:47253/health
   http://127.0.0.1:47253/status
   http://127.0.0.1:47253/api/health

💰 LicenseManager: Starting hybrid license check...
✅ SubDLClient initialized
📉 SocialService: User 96e01cdb-36c0-4228-a6e4-a29a3c66bc8e went offline (No active refs)
📈 SocialService: User 96e01cdb-36c0-4228-a6e4-a29a3c66bc8e came online
⏰ AppState: Next schedule update set for Event End: 2026-01-20 22:03:05 +0000
⏰ AppState: Scheduling update in 5594 seconds
👤 LicenseManager: Profile expiry: Optional(2026-02-11 06:00:30 +0000)
🔍 Silent update check (custom implementation)...
⏰ TimeService: Synchronizing clock with server...
🎉 License updated! Expires: 2026-02-11 06:00:30 +0000
📦 Current build: 124, Latest build: 124
✅ App is up to date (current: 124, latest: 124)
✅ TimeService: Synced! Offset: 0.322s (RTT: 137ms)
   Local:  2026-01-20 20:29:59 +0000
   Server: 2026-01-20 20:29:59 +0000
⏰ AppState: Next schedule update set for Event End: 2026-01-20 22:03:05 +0000
⏰ AppState: Scheduling update in 5584 seconds
