2026-01-27 23:10:09.512 RedLemon[39819:565196] 🪟 Set initial window to expanded size: (0.0, 121.0, 1280.0, 654.0)
2026-01-27 23:10:09.512 RedLemon[39819:565196] ✅ Cache cleanup timer started (runs every 30 minutes)
2026-01-27 23:10:09.604 RedLemon[39819:565196] 🔄 Resetting playback state to prevent auto-selection...
2026-01-27 23:10:09.607 RedLemon[39819:565196] ⚠️ PlayerVM: currentWatchPartyRoom set to NIL. Stack Trace unavailable, but check recent logs.
2026-01-27 23:10:09.649 RedLemon[39819:565196] ✅ Playback state reset complete - starting in browse view
2026-01-27 23:10:09.650 RedLemon[39819:565196] 🔐 APP STARTUP: Loading stored user credentials...
2026-01-27 23:10:09.650 RedLemon[39819:565196] 🧪 Testing Profile: debug
2026-01-27 23:10:09.654 RedLemon[39819:565206] 📂 Loaded 5 credential(s) from cache
2026-01-27 23:10:09.688 RedLemon[39819:565196] ✅ Keychain: Found stored username: lemontom
2026-01-27 23:10:09.688 RedLemon[39819:565196] 🔍 Supabase: Looking up user 'lemontom' in database...
2026-01-27 23:10:09.689 RedLemon[39819:565205] 🔍 SupabaseClient: Looking up user by username 'lemontom'
2026-01-27 23:10:10.151 RedLemon[39819:565204] 📡 SupabaseClient: User lookup response received (427 bytes)
2026-01-27 23:10:10.159 RedLemon[39819:565204] ✅ SupabaseClient: Decoded 1 users from response
2026-01-27 23:10:10.159 RedLemon[39819:565204] 👤 SupabaseClient: Found user - lemontom (ID: 96E01CDB-36C0-4228-A6E4-A29A3C66BC8E)
2026-01-27 23:10:10.216 RedLemon[39819:565196] ✅ AUTH SUCCESS: User authenticated - lemontom (ID: 96E01CDB-36C0-4228-A6E4-A29A3C66BC8E)
2026-01-27 23:10:10.216 RedLemon[39819:565196] 🎯 AppState: currentUsername=lemontom, currentUserId=96E01CDB-36C0-4228-A6E4-A29A3C66BC8E
2026-01-27 23:10:10.219 RedLemon[39819:565196] 🛡️ AdminRealtimeService: Starting authenticated listeners...
2026-01-27 23:10:10.221 RedLemon[39819:565196] ✅ AdminRealtimeService: Subscribed to reported_streams, feedback_reports, and broadcast alerts via shared client
2026-01-27 23:10:10.514 RedLemon[39819:565196] 📊 AdminRealtimeService: Initial sync complete. Reports: 0, Feedback: 0
2026-01-27 23:10:11.482 RedLemon[39819:565196] 🏁 AUTH COMPLETE: Final state - username=lemontom, userId=96E01CDB-36C0-4228-A6E4-A29A3C66BC8E
2026-01-27 23:10:11.485 RedLemon[39819:565293] 🔐 Signed request to /rpc/fetch_user_library
2026-01-27 23:10:11.485 RedLemon[39819:565209] 🔐 Signed request to /rpc/fetch_user_library
2026-01-27 23:10:11.623 RedLemon[39819:565293] 🔐 Signed request to /rpc/fetch_user_watch_history
2026-01-27 23:10:11.940 RedLemon[39819:565196] 🚀 RedLemon: Starting HTTP server...
2026-01-27 23:10:11.940 RedLemon[39819:565196] 📋 RedLemon: Current directory: /Users/danielnoble/Desktop/RedLemon-Native
2026-01-27 23:10:11.953 RedLemon[39819:565196] ✅ RedLemon: HTTPServer instance created
2026-01-27 23:10:11.953 RedLemon[39819:565293] 📡 RedLemon: Server starting on port 47253...
2026-01-27 23:10:11.953 RedLemon[39819:565196] ✅ RedLemon: Server marked as ready (Optimistic)
⏲️ [EventsConfig] Starting polling fallback (every 60s)
🔌 Connecting to Supabase Realtime: wss://151.243.109.243.nip.io/realtime/v1/websocket
✅ Connected to Supabase Realtime
📡 Sparkle requesting feed URL: https://151.243.109.243.nip.io/updates/appcast.xml
✅ Sparkle configured (seamless mode)
   Appcast URL: https://151.243.109.243.nip.io/updates/appcast.xml
   Can check: true
📅 EventsView appeared
🎬 [EventsView] Fetching movie events from centralized config...
📡 [EventsConfig] Checking server for movie_events config version...
🔍 Memory pressure monitoring enabled (safe mode)
🔍 Silent update check (custom implementation)...
🖥️ CacheManager initialized with fixed conservative limits
   Image cache limit: 1000 items
📡 Sparkle requesting feed URL: https://151.243.109.243.nip.io/updates/appcast.xml
📡 Joined channel: realtime:events_config_updates (interest count: 1)
✅ [EventsConfig] Subscribed to realtime schedule updates
📡 Joined channel: realtime:reported_streams (interest count: 1)
📡 Joined channel: realtime:feedback_reports (interest count: 1)
📡 Joined channel: realtime:admin:alerts (interest count: 1)
❌ Realtime System Error (realtime:reported_streams): Unable to subscribe to changes with given parameters. Please check Realtime is enabled for the given connect parameters: [schema: public, table: reported_streams, filters: []]
❌ Realtime System Error (realtime:feedback_reports): Unable to subscribe to changes with given parameters. Please check Realtime is enabled for the given connect parameters: [schema: public, table: feedback_reports, filters: []]
✅ [EventsConfig] Fetched movie_events version 1586 with 397 movies
✅ [EventsConfig] Using cached movie_events config (version 1586, 397 movies)
✅ [EventsView] Loaded 397 movies from config version 1586
🗓 AppState: Updated schedule epoch to 2026-01-23 22:49:34 +0000
⏰ AppState: Next schedule update set for Event End: 2026-01-28 05:49:34 +0000
⏰ AppState: Scheduling update in 5964 seconds
🖼️ [CACHE] Cached image data for key: https://images.metahub.space/background/medium/tt3235888/img (731836 bytes)
⏰ AppState: Next schedule update set for Event End: 2026-01-28 05:49:34 +0000
⏰ AppState: Scheduling update in 5964 seconds
⏰ AppState: Next schedule update set for Event End: 2026-01-28 05:49:34 +0000
⏰ AppState: Scheduling update in 5964 seconds
🖼️ [CACHE] Cached image data for key: https://images.metahub.space/background/medium/tt26581740/img (127429 bytes)
🔌 SocialService: Connecting to global presence via shared client...
📡 Joined channel: realtime:global-presence (interest count: 1)
✅ SocialService: Connected to global presence
🔌 SocialService: Connecting to social realtime channels via shared client...
📡 Joined channel: realtime:direct_messages (interest count: 1)
📡 Joined channel: realtime:friendships (interest count: 1)
✅ SocialService: Connected to social channels
📬 SocialService: Fetched 0 unread messages
📈 SocialService: User 4aef4e1b-ba8e-4d31-8736-bca3b94f402b came online
📈 SocialService: User 96e01cdb-36c0-4228-a6e4-a29a3c66bc8e came online
✅ Token routes registered:
   POST /tokens/save
   POST /tokens/delete
   GET  /tokens/list
✅ Unlock routes registered:
   POST /api/streams/unlock
✅ Stream routes registered:
   POST /api/streams/resolve
   GET  /api/streams/resolveByQuality
   GET  /api/streams/resolveAll
✅ Proxy routes registered:
   GET /play/rd/:infoHash/:fileIdx
   GET /play/rd/:infoHash
✅ Subtitle routes registered:
   GET /subtitles/search?imdbId=&type=
   GET /subtitles/subdl/:encodedPath
✅ All routes registered
✅ HTTP Server configured on http://127.0.0.1:47253
🚀 Starting HTTP server...
✅ Providers initialized: torrentio, comet, zilean, mediafusion, debridsearch
[ NOTICE ] Server started on http://127.0.0.1:47253
2026-01-27 23:10:11.984 RedLemon[39819:565196] ✅ RedLemon: Server should be running on http://127.0.0.1:47253
2026-01-27 23:10:11.984 RedLemon[39819:565196] 🏥 [AppState] Starting global provider health check...
2026-01-27 23:10:11.984 RedLemon[39819:565196] 🔍 Performing startup checks...
2026-01-27 23:10:11.984 RedLemon[39819:565196] ✅ Username-based authentication ready
2026-01-27 23:10:11.985 RedLemon[39819:565293] 🔐 Signed request to /check-payment
2026-01-27 23:10:12.490 RedLemon[39819:565209] 🎬 Torrentio: Building URL for movie (no season/episode)
2026-01-27 23:10:12.490 RedLemon[39819:565209] 🔗 Torrentio URL (length: 55): https://torrentio.strem.fun/stream/movie/tt0133093.json...
2026-01-27 23:10:13.309 RedLemon[39819:565196] ✅ [AppState] Provider health check complete (found 7 services)
2026-01-27 23:10:14.457 RedLemon[39819:565196] 🔄 Checking for app updates...
2026-01-27 23:10:14.458 RedLemon[39819:565293] 🔐 Signed request to /rpc/get_server_time
✅ HTTP server running on http://127.0.0.1:47253

🔗 Available endpoints:
   http://127.0.0.1:47253/health
   http://127.0.0.1:47253/status
   http://127.0.0.1:47253/api/health

💰 LicenseManager: Starting hybrid license check...
✅ SubDLClient initialized
👤 LicenseManager: Profile expiry: Optional(2026-04-18 17:23:32 +0000)
🎉 License updated! Expires: 2026-04-18 17:23:32 +0000
🔍 Silent update check (custom implementation)...
⏰ TimeService: Synchronizing clock with server...
📋 Fetching rooms from Supabase backend (offset: 0, limit: 20, search: '')...
🔌 RoomListView: Setting up realtime subscription for rooms...
📋 Fetching rooms from Supabase backend (offset: 0, limit: 20, search: '')...
📡 Joined channel: realtime:rooms_updates (interest count: 1)
✅ RoomListView: Connected to rooms realtime updates
✅ TimeService: Synced! Offset: 0.091s (RTT: 188ms)
   Local:  2026-01-28 04:10:14 +0000
   Server: 2026-01-28 04:10:14 +0000
[ INFO ] GET /api/metadata/meta/series/tt33517752 [request-id: 7487A19B-806B-4C01-B2EF-28353753AD63]
[ INFO ] GET /api/metadata/meta/series/tt33517752 [request-id: 7D49ECC3-2154-434F-9B58-DD78744B8CF3]
2026-01-27 23:10:15.421 RedLemon[39819:565206] 📦 Decoded CinemetaMeta - videos count: 11
2026-01-27 23:10:15.430 RedLemon[39819:565293] 📦 Decoded CinemetaMeta - videos count: 11
2026-01-27 23:10:15.976 RedLemon[39819:565196] 🚪 Joining room: WCJ2
2026-01-27 23:10:16.399 RedLemon[39819:565207] 🔐 Signed request to /rpc/user_heartbeat
2026-01-27 23:10:17.386 RedLemon[39819:565196] 🚪 Room is in lobby
2026-01-27 23:10:17.386 RedLemon[39819:565196] ✅ PlayerVM: currentWatchPartyRoom set to WCJ2
2026-01-27 23:10:17.388 RedLemon[39819:565196] ✨ [AppState] Registered new active lobby: WCJ2
2026-01-27 23:10:17.504 RedLemon[39819:565196] 🔑 Lobby: Updated participantId to actual user ID: 96e01cdb-36c0-4228-a6e4-a29a3c66bc8e
2026-01-27 23:10:17.504 RedLemon[39819:565196] [LOBBY_VIEW] onAppear: shouldAutoJoinLobby=false, room=WCJ2, timeUntilStart=0
💾 Cache SET: Metadata[meta_series_tt33517752]
📺 Found episode title for The Beauty S1E1: Beautiful Pilot
✅ Loaded 1 rooms (total: 1)
💾 Cache SET: Metadata[meta_series_tt33517752]
🖼️ [CACHE] Cached image data for key: https://images.metahub.space/background/medium/tt33517752/img (103733 bytes)
📺 Found episode title for The Beauty S1E1: Beautiful Pilot
✅ Loaded 1 rooms (total: 1)
🚪 Joining room: WCJ2
📡 [EventsConfig] Checking server for movie_events config version...
✅ [EventsConfig] Fetched movie_events version 1586 with 397 movies
✅ [EventsConfig] Using cached movie_events config (version 1586, 397 movies)
🎭 Lobby: Connecting to room WCJ2...
🚦 Lobby State: connecting
🔄 Lobby: Fetching fresh room state from Supabase...
✅ Cache HIT: Metadata[meta_series_tt33517752]
[ INFO ] GET /api/metadata/meta/series/tt33517752 [request-id: D6B0485E-BC53-445B-B9CC-1BA94E92194E]
2026-01-27 23:10:17.624 RedLemon[39819:565206] 🔐 Signed request to /room_participants
2026-01-27 23:10:17.767 RedLemon[39819:565196] ✅ Guest joined room WCJ2 in database
2026-01-27 23:10:17.908 RedLemon[39819:565206] 📝 Realtime: Registered observer 'lobby' (Presence: YES, Sync: NO, Status: NO)
2026-01-27 23:10:17.926 RedLemon[39819:565209] 📝 Realtime: Registered observer 'lobby' (Presence: NO, Sync: YES, Status: NO)
2026-01-27 23:10:17.960 RedLemon[39819:565207] 📤 Realtime: Sending message type: chat, sender: 96e01cdb-36c0-4228-a6e4-a29a3c66bc8e
2026-01-27 23:10:17.961 RedLemon[39819:565207]    Payload keys: chatText, position, senderId, type, timestamp, chatUsername
2026-01-27 23:10:17.961 RedLemon[39819:565206] ✅ Realtime: Message broadcast complete
2026-01-27 23:10:18.031 RedLemon[39819:565207] 🔐 SupabaseClient: Signing Identity Payload: '176957341896e01cdb-36c0-4228-a6e4-a29a3c66bc8e/rpc/room_heartbeat'
2026-01-27 23:10:18.032 RedLemon[39819:565207] 🔐 Signed request to /rpc/room_heartbeat
2026-01-27 23:10:18.084 RedLemon[39819:565208] 📨 Realtime: Received broadcast message
2026-01-27 23:10:18.084 RedLemon[39819:565208]    Payload keys: chatText, type, timestamp, chatUsername, position, senderId
2026-01-27 23:10:18.084 RedLemon[39819:565208] ✅ Realtime: Decoded message type: chat, sender: 96e01cdb-36c0-4228-a6e4-a29a3c66bc8e
2026-01-27 23:10:18.085 RedLemon[39819:565196] 👋 Received: Guest 'lemontom' joined room WCJ2
2026-01-27 23:10:18.413 RedLemon[39819:565196] 📨 Lobby: Received Room UPDATE from Realtime
2026-01-27 23:10:18.416 RedLemon[39819:565196] 👋 lemontom synced from database
2026-01-27 23:10:22.234 RedLemon[39819:565293] 📨 Realtime: Received broadcast message
2026-01-27 23:10:22.234 RedLemon[39819:565293]    Payload keys: chatText, type, timestamp, chatUsername, position, senderId
2026-01-27 23:10:22.234 RedLemon[39819:565293] ✅ Realtime: Decoded message type: chat, sender: 4aef4e1b-ba8e-4d31-8736-bca3b94f402b
2026-01-27 23:10:22.235 RedLemon[39819:565196] 🎬 Guest: Received RESOLVING signal
2026-01-27 23:10:33.910 RedLemon[39819:565204] 📨 Realtime: Received broadcast message
2026-01-27 23:10:33.910 RedLemon[39819:565204]    Payload keys: chatText, type, timestamp, chatUsername, position, senderId
2026-01-27 23:10:33.910 RedLemon[39819:565204] ✅ Realtime: Decoded message type: chat, sender: 4aef4e1b-ba8e-4d31-8736-bca3b94f402b
2026-01-27 23:10:33.911 RedLemon[39819:565196] 🎬 Guest: Received PREPARE signal: LOBBY_PREPARE_PLAYBACK|2042bad4a88443d4402e7b5922f33f6359b56f5e|0
2026-01-27 23:10:33.911 RedLemon[39819:565196] ✅ Guest: Extracted Hash from Payload: 2042bad4a88443d4402e7b5922f33f6359b56f5e
2026-01-27 23:10:33.922 RedLemon[39819:565196] 📨 Lobby: Received Room UPDATE from Realtime
2026-01-27 23:10:34.118 RedLemon[39819:565209] ✅ StreamService: Using provided metadata: The Beauty
2026-01-27 23:10:34.119 RedLemon[39819:565209] ⚡️ StreamService: Resolving streams via StreamResolver (Bypassing HTTP)...
2026-01-27 23:10:34.119 RedLemon[39819:565207] 📝 [APP] 🎬 StreamService: Starting resolution for: The Beauty ["file": "StreamService.swift", "level": "INFO", "line": "199"]
2026-01-27 23:10:34.120 RedLemon[39819:565207] 📝 [APP] SessionRecorder initialized
2026-01-27 23:10:34.120 RedLemon[39819:565209] 📝 [APP] New Session Started ["app_version": "1.0.163", "build": "163", "session_id": "498F5813-A7A3-4296-8C3E-F7BD051D0674", "trigger_source": "preload", "user_id": "96E01CDB-36C0-4228-A6E4-A29A3C66BC8E"]
2026-01-27 23:10:34.120 RedLemon[39819:565209] 📝 [APP] Target Content Set ["imdb_id": "tt33517752"]
2026-01-27 23:10:34.120 RedLemon[39819:565209] 📝 [RESOLVER] Started Resolution ["episode": "1", "season": "1", "type": "series"]
2026-01-27 23:10:34.320 RedLemon[39819:565208]    📅 Filtering by year: 2025–
2026-01-27 23:10:34.526 RedLemon[39819:565208] 📦 StreamResolver: Fetching streams from ProviderManager...
2026-01-27 23:10:34.526 RedLemon[39819:565208] 🔍 ProviderManager: Fetching streams for tt33517752...
2026-01-27 23:10:34.527 RedLemon[39819:565293] 🔍 Zilean: Searching via IMDB ID: tt33517752
2026-01-27 23:10:34.528 RedLemon[39819:565204] 📺 DebridSearch: Building URL for S01E01
2026-01-27 23:10:34.528 RedLemon[39819:565204] 🔗 DebridSearch URL: https://68d69db7dc40-debrid-search.baby-beamup.club/%7B%22DebridApiKey%22%3A%22***%22,%22DebridProvider%22%3A%22RealDebrid%22%7D/stream/series/tt33517752:1:1.json
2026-01-27 23:10:34.528 RedLemon[39819:565204] 🔍 DebridSearch: Fetching https://68d69db7dc40-debrid-search.baby-beamup.club/%7B%22DebridApiKey%22%3A%22K67JV2V4FTUA7RYN6T34BFIUBRUZERBO45A6UL3O7TE5ZHFDQQSA%22,%22DebridProvider%22%3A%22RealDebrid%22%7D/stream/series/tt33517752:1:1.json
2026-01-27 23:10:34.528 RedLemon[39819:565209] ✨ Torrentio: Using Auto-Generated Config (RealDebrid)
2026-01-27 23:10:34.528 RedLemon[39819:565209] 📺 Torrentio: Building URL for S01E01
2026-01-27 23:10:34.528 RedLemon[39819:565209] 🔗 Torrentio URL (length: 125): https://torrentio.strem.fun/realdebrid=K67JV2V4FTUA7RYN6T34BFIUBRUZERBO45A6UL3O7TE5ZHFDQQSA/stream/series/tt33517752:1:1.json...
2026-01-27 23:10:34.528 RedLemon[39819:565209] 🔍 Torrentio: Fetching https://torrentio.strem.fun/realdebrid=K67JV2V4FTUA7RYN6T34BFIUBRUZERBO45A6UL3O7TE5ZHFDQQSA/stream/series/tt33517752:1:1.json
2026-01-27 23:10:34.535 RedLemon[39819:565294] 📡 Torrentio: HTTP 200, received 30840 bytes
2026-01-27 23:10:34.554 RedLemon[39819:565294] ✅ Torrentio: Parsed 60 streams from 60 raw
2026-01-27 23:10:34.904 RedLemon[39819:565294] ✅ Zilean: Got 0 results
2026-01-27 23:10:41.194 RedLemon[39819:565207] ✅ DebridSearch: Parsed 29 streams
2026-01-27 23:10:41.194 RedLemon[39819:565209] ✅ ProviderManager: Fetched 89 raw, returning 89 unique streams
2026-01-27 23:10:41.195 RedLemon[39819:565209] 📦 StreamResolver: Received 1 raw streams, bucketing...
2026-01-27 23:10:41.195 RedLemon[39819:565209] 📝 [RESOLVER] Providers Fetched ["torrentio": "1"]
2026-01-27 23:10:41.897 RedLemon[39819:565207] 🔐 Signed request to /rpc/user_heartbeat
2026-01-27 23:10:41.901 RedLemon[39819:565209] 📝 [RESOLVER] Resolution Complete ["1080p": "1", "2160p": "0", "720p": "0", "selected_provider": "torrentio", "selected_title": "The Beauty S01E01 Beautiful Pilot 1080p DSNP WEB-DL DDP5 1 H 264-FLUX
👤 613 💾 1.64 GB ⚙️ EZTV"]
2026-01-27 23:10:41.902 RedLemon[39819:565209] 📝 [RESOLVER] Host Stream Match ["hash": "2042bad4a88443d4402e7b5922f33f6359b56f5e"]
2026-01-27 23:10:41.905 RedLemon[39819:565208] 📝 [APP] 📦 StreamService: Found 1 total streams to try (across all qualities) ["file": "StreamService.swift", "level": "INFO", "line": "406"]
📡 SocialService: Updated status - In Lobby: The Beauty: The Beauty
📡 Left channel: realtime:rooms_updates
✅ Lobby: Loaded metadata for The Beauty
✅ Lobby: Synced CLEAN stream info, metadata & playlist to AppState
📨 Unknown event: phx_close on realtime:rooms_updates
✅ Lobby: Refreshed room state. isPlaying: false
🛡️ Lobby: Ensuring local media state is fresh before auto-start check...
📺 Lobby: Synced season/episode: S1E1
🔌 Setting up Realtime channel: watch-party:WCJ2
   Role: Guest
   User ID: 96e01cdb-36c0-4228-a6e4-a29a3c66bc8e
📡 Connection state: connected
📡 Connection state: connecting
📡 Joined channel: realtime:watch-party:WCJ2 (interest count: 1)
📡 Connection state: connected
✅ Realtime channel setup complete
✅ Lobby: Connected to Realtime
🚦 Lobby State: connected
🔄 Lobby: Starting database polling for participants and room state...
💓 Lobby: Starting heartbeat loop...
🔄 LobbyDatabase: Starting room state polling for guests...
🔄 Lobby: Fetching fresh room state from Supabase...
✅ Lobby: Synced CLEAN stream info, metadata & playlist to AppState
⏰ AppState: Next schedule update set for Event End: 2026-01-28 05:49:34 +0000
⏰ AppState: Scheduling update in 5954 seconds
🛡️ Lobby: Auto-Join safety delay passed (8s). Enabled for late joiners.
⏰ AppState: Next schedule update set for Event End: 2026-01-28 05:49:34 +0000
⏰ AppState: Scheduling update in 5944 seconds
🔄 Lobby: Fetching fresh room state from Supabase...
✅ Cache HIT: Metadata[meta_series_tt33517752]
✅ Lobby: Synced CLEAN stream info, metadata & playlist to AppState
[2026-01-28T04:10:34Z] [INFO] [StreamService.swift:199] 🎬 StreamService: Starting resolution for: The Beauty
🎬 StreamService: Resolving series - trusted pack filtering will be applied server-side
✅ MetadataService initialized
📡 Fetching metadata from TVMaze: https://api.tvmaze.com/lookup/shows?imdb=tt33517752
✅ Metadata fetched from TVMaze for tt33517752: The Beauty (2026)
🎯 Target title for matching: The Beauty
🛡️ StreamResolver: Loaded 8 blocked streams from blacklist
🔍 MediaFusion: Fetching https://mediafusion.elfhosted.com/stream/series/tt33517752:1:1.json
🔍 Comet: Fetching https://comet.elfhosted.com/eyJkZWJyaWRTZXJ2aWNlIjoicmVhbGRlYnJpZCIsInJlbW92ZVRyYXNoIjpmYWxzZSwiZGVi...
⚠️ MediaFusion: HTTP 418
✅ Comet: Got 1 streams
🔍 Comet: Parsing 1 streams...
⚠️ Comet: Skipping invalid redirect URL: https://comet.elfhosted.com/playback/uXcRCtACiDeLdfCP3wR8XPX...
✅ Comet: Parsed 0 valid streams
⏰ AppState: Next schedule update set for Event End: 2026-01-28 05:49:34 +0000
⏰ AppState: Scheduling update in 5934 seconds
⚡️ StreamResolver: Optimizing for preferred hash: 2042bad4a88443d4402e7b5922f33f6359b56f5e
   ✅ Found target stream immediately. Discarding everything else.
📊 StreamResolver: Provider Stats: [torrentio:1]
   📺 Episode filter: 1 → 1 streams
🔍 Searching SubDL: tt33517752 (tv) S01E01
   ℹ️ Fallback Name: The Beauty (2025)
✅ Found 3 subtitles from SubDL (Primary)
   ⛔️ Dropped '[𝐂𝐨𝐟𝐟𝐞𝐞𝐏𝐫𝐢𝐬𝐨𝐧] 𝐓𝐇𝐄 𝐁𝐄𝐀𝐔𝐓𝐘 𝐒𝟎𝟏𝐄𝟎𝟐 𝐃𝐒𝐍𝐏 𝐖𝐄𝐁': Metadata mismatch (S1E2)
   ⛔️ Dropped '[𝐂𝐨𝐟𝐟𝐞𝐞𝐏𝐫𝐢𝐬𝐨𝐧] 𝐓𝐇𝐄 𝐁𝐄𝐀𝐔𝐓𝐘 𝐒𝟎𝟏𝐄𝟎𝟑 𝐃𝐒𝐍𝐏 𝐖𝐄𝐁': Metadata mismatch (S1E3)
⚠️ Low subtitle count (1). Attempting supplemental Name Search for 'The Beauty'...
🔍 Attempting API Name Search: The Beauty 2025
⚠️ Supplemental Name Search returned no match.
✅ StreamResolver: Processed subtitles for 1 streams (Attached to 1)
   --- Processing Bucket: 2160p (Input: 0) ---
   ✅ Bucket 2160p Final Count: 0
   --- Processing Bucket: 1080p (Input: 1) ---
   ✅ Bucket 1080p Final Count: 1
   --- Processing Bucket: 720p (Input: 0) ---
   ✅ Bucket 720p Final Count: 0
   --- Processing Bucket: 480p (Input: 0) ---
   ✅ Bucket 480p Final Count: 0
📦 1080p Primary: The Beauty S01E01 Beautiful Pilot 1080p DSNP WEB-DL DDP5 1 H 264-FLUX
👤 613 💾 1.64 GB ⚙️ EZTV
✅ StreamResolver: Quality buckets ready
🔗 StreamService: Attempting to resolve specific stream hash: 2042bad4a88443d4402e7b5922f33f6359b56f5e
✅ StreamService: Found requested stream hash! Locking selection.
[2026-01-28T04:10:41Z] [INFO] [StreamService.swift:406] 📦 StreamService: Found 1 total streams to try (across all qualities)
✅ StreamService: Found 1 H.264 streams (Tier 1)
✅ StreamService: Found 1 'Clean' English streams. Deprioritizing 0 localized/dual streams.
🔒 StreamService: Bypassing filters for enforced stream
🔄 StreamService: Trying stream 1/1: The Beauty S01E01 Beautiful Pilot 1080p DSNP WEB-DL DDP5 1 H 264-FLUX
👤 613 💾 1.64 GB ⚙️ EZTV
🔒 StreamService: Has infoHash - forcing proper unlock flow (bypass redirect)
🔓 StreamService: Unlocking with infoHash: 2042bad4a884...
[ INFO ] POST /api/streams/unlock [request-id: 1227EF4D-84F9-4558-8B5F-1FFB628BE9CE]
2026-01-27 23:10:41.918 RedLemon[39819:565209] 🔓 Unlock request: infoHash=2042bad4a884..., fileIdx=0
2026-01-27 23:10:41.918 RedLemon[39819:565209]    📺 TV Show: S1E1
2026-01-27 23:10:41.918 RedLemon[39819:565209] ✅ Token found, attempting unlock...
2026-01-27 23:10:42.313 RedLemon[39819:565196] 📨 Lobby: Received Room UPDATE from Realtime
2026-01-27 23:10:42.597 RedLemon[39819:565209] 🔍 Searching for episode patterns: s01e01, s1e1, s01.e01, s01 e01, s1 e1, e01, 1x01
2026-01-27 23:10:42.597 RedLemon[39819:565209] 📁 Torrent has 1 files:
2026-01-27 23:10:42.600 RedLemon[39819:565209] ✅ MATCH FOUND: /The Beauty S01E01 Beautiful Pilot 1080p DSNP WEB-DL DDP5 1 H 264-FLUX[EZTVx.to].mkv → file ID: 1 (1.76 GB)
2026-01-27 23:10:43.386 RedLemon[39819:565209] ✅ Unlocked successfully: The Beauty S01E01 Beautiful Pilot 1080p DSNP WEB-DL DDP5 1 H 264-FLUX[EZTVx.to].mkv
2026-01-27 23:10:43.389 RedLemon[39819:565207] 📝 [RESOLVER] Stream Unlocked ["filename": "The Beauty S01E01 Beautiful Pilot 1080p DSNP WEB-DL DDP5 1 H 264-FLUX[EZTVx.to].mkv", "is_generic": "false", "original_title": "The Beauty S01E01 Beautiful Pilot 1080p DSNP WEB-DL DDP5 1 H 264-FLUX
👤 613 💾 1.64 GB ⚙️ EZTV", "url_host": "chi9-4.download.real-debrid.com"]
2026-01-27 23:10:43.389 RedLemon[39819:565207] 📥 StreamService: Pre-downloading 1 (capped from 1) subtitles...
2026-01-27 23:10:43.389 RedLemon[39819:565207] 🐛 StreamService: downloadSubtitlesInParallel called. Season: Optional(1), Episode: Optional(1), Count: 1
2026-01-27 23:10:43.390 RedLemon[39819:565207] 🔍 DEBUG: Processing subtitle URL: /subtitle/3544880-8466988.zip
2026-01-27 23:10:43.390 RedLemon[39819:565207] ✅ DEBUG: Raw SubDL URL detected, converting to proxy URL
2026-01-27 23:10:43.391 RedLemon[39819:565196] ✅ Guest: Stream preloaded with URL: https://chi9-4.download.real-debrid.com/d/ZBMW7FHFBLSAY44/The%20Beauty%20S01E01%
2026-01-27 23:10:43.391 RedLemon[39819:565196] ✅ Guest: Stream preloaded. Sending READY signal.
2026-01-27 23:10:43.391 RedLemon[39819:565207] 📤 Realtime: Sending message type: chat, sender: 96e01cdb-36c0-4228-a6e4-a29a3c66bc8e
2026-01-27 23:10:43.391 RedLemon[39819:565207]    Payload keys: timestamp, chatUsername, senderId, chatText, type, position
2026-01-27 23:10:43.392 RedLemon[39819:565209] ✅ Realtime: Message broadcast complete
2026-01-27 23:10:43.515 RedLemon[39819:565208] 📨 Realtime: Received broadcast message
2026-01-27 23:10:43.515 RedLemon[39819:565208]    Payload keys: position, chatUsername, type, chatText, senderId, timestamp
2026-01-27 23:10:43.515 RedLemon[39819:565208] ✅ Realtime: Decoded message type: chat, sender: 96e01cdb-36c0-4228-a6e4-a29a3c66bc8e
2026-01-27 23:10:44.565 RedLemon[39819:565208] 📨 Realtime: Received broadcast message
2026-01-27 23:10:44.565 RedLemon[39819:565208]    Payload keys: type, chatText, timestamp, chatUsername, position, senderId
2026-01-27 23:10:44.566 RedLemon[39819:565208] ✅ Realtime: Decoded message type: chat, sender: 4aef4e1b-ba8e-4d31-8736-bca3b94f402b
2026-01-27 23:10:44.566 RedLemon[39819:565196] 🎬 Guest: Received LOBBY_START_COUNTDOWN signal
2026-01-27 23:10:44.566 RedLemon[39819:565196] 🎬 Guest: Received LOBBY_START_COUNTDOWN signal processing
2026-01-27 23:10:44.661 RedLemon[39819:565196] 📨 Lobby: Received Room UPDATE from Realtime
2026-01-27 23:10:44.692 RedLemon[39819:565196] ✅ Guest: Synced stream info from Host (Hash: 2042bad4) - URL cleared for fresh unlock
2026-01-27 23:10:44.692 RedLemon[39819:565196] 🛡️ Guest: preResolvedStream cleared to force fresh RD link
2026-01-27 23:10:44.762 RedLemon[39819:565196] 🗑️ Guest: RD cache cleared for hash: 2042bad4...
2026-01-27 23:10:44.804 RedLemon[39819:565196] 📺 Guest: Set season/episode from DB (Realtime path): S1E1
2026-01-27 23:10:44.804 RedLemon[39819:565196] ⏱️ Step 3: Artificial Delay - Waiting additional 3.01s to ensure Host buffer...
2026-01-27 23:10:47.937 RedLemon[39819:565293] 📨 Realtime: Received broadcast message
2026-01-27 23:10:47.937 RedLemon[39819:565293]    Payload keys: chatText, timestamp, type, position, senderId, chatUsername
2026-01-27 23:10:47.937 RedLemon[39819:565293] ✅ Realtime: Decoded message type: chat, sender: 4aef4e1b-ba8e-4d31-8736-bca3b94f402b
2026-01-27 23:10:47.938 RedLemon[39819:565196] 🎬 Guest: Launching player for The Beauty (Synced Start)
2026-01-27 23:10:47.938 RedLemon[39819:565196] 🤝 PlayerVM: Watch Party playback started. Preserving lobby session for handoff: WCJ2
2026-01-27 23:10:48.027 RedLemon[39819:565196] 📡 Fetching metadata for tt33517752...
2026-01-27 23:10:48.190 RedLemon[39819:565196] 🎬 Guest: Fetch took 0.238s, finished countdown loop
2026-01-27 23:10:48.339 RedLemon[39819:565196] 🎬 PlayerVM: Using Playlist Metadata: S1E1
2026-01-27 23:10:48.339 RedLemon[39819:565196] 🚀 PlayerVM: Using DIRECT UNLOCK path (Guest Optimization)
2026-01-27 23:10:48.339 RedLemon[39819:565196]    Hash: 2042bad4a884...
2026-01-27 23:10:48.342 RedLemon[39819:565196] 🎬 Guest: Countdown finished. Waiting for Host PLAYBACK_STARTED signal...
2026-01-27 23:10:48.353 RedLemon[39819:565196] 🗑️ PlayerVM: RD cache cleared for direct unlock
📉 SocialService: User 96e01cdb-36c0-4228-a6e4-a29a3c66bc8e went offline (No active refs)
📈 SocialService: User 96e01cdb-36c0-4228-a6e4-a29a3c66bc8e came online
🔄 Lobby: Fetching fresh room state from Supabase...
✅ RD addMagnet: HHYJPD63P3UCY
✅ Lobby: Synced CLEAN stream info, metadata & playlist to AppState
   [1] /The Beauty S01E01 Beautiful Pilot 1080p DSNP WEB-DL DDP5 1 H 264-FLUX[EZTVx.to].mkv (1.76 GB)
📺 TV Show: Selected episode S01E01 → file ID: 1, path: /The Beauty S01E01 Beautiful Pilot 1080p DSNP WEB-DL DDP5 1 H 264-FLUX[EZTVx.to].mkv
📝 RD: Selecting file ID 1 for torrent HHYJPD63P3UCY
📊 RD poll 1/2: status=downloaded, links=1
🔗 Unrestricting link: https://real-debrid.com/d/2SF35E7WSIIQ2B09
✅ StreamService: Stream unlocked successfully!
✅ StreamService: Selected stream: The Beauty S01E01 Beautiful Pilot 1080p DSNP WEB-DL DDP5 1 H 264-FLUX
👤 613 💾 1.64 GB ⚙️ EZTV
📊 Stream Size: 1.64 GB
📦 StreamService: Returning 0 candidate streams for fallback
🔄 Lobby: Fetching fresh room state from Supabase...
📝 Guest: Marked session as started (Idempotency Lock): 2042bad4
🗑️ RD cache cleared for hash: 2042bad4a884... (1 entries)
✅ Lobby: Synced CLEAN stream info, metadata & playlist to AppState
✅ Cache HIT: Metadata[meta_series_tt33517752]
🔓 StreamService: Unlocking with infoHash: 2042bad4a884...
[ INFO ] POST /api/streams/unlock [request-id: 92BCE20F-3597-47C3-BE18-D3375C06F424]
2026-01-27 23:10:48.377 RedLemon[39819:565209] 🔓 Unlock request: infoHash=2042bad4a884..., fileIdx=0
2026-01-27 23:10:48.377 RedLemon[39819:565209]    📺 TV Show: S1E1
2026-01-27 23:10:48.385 RedLemon[39819:565209] ✅ Token found, attempting unlock...
2026-01-27 23:10:49.063 RedLemon[39819:565204] 🔍 Searching for episode patterns: s01e01, s1e1, s01.e01, s01 e01, s1 e1, e01, 1x01
2026-01-27 23:10:49.063 RedLemon[39819:565204] 📁 Torrent has 1 files:
2026-01-27 23:10:49.064 RedLemon[39819:565204] ✅ MATCH FOUND: /The Beauty S01E01 Beautiful Pilot 1080p DSNP WEB-DL DDP5 1 H 264-FLUX[EZTVx.to].mkv → file ID: 1 (1.76 GB)
2026-01-27 23:10:49.209 RedLemon[39819:565196] 📨 Lobby: Received Room UPDATE from Realtime
2026-01-27 23:10:49.790 RedLemon[39819:565209] ✅ Unlocked successfully: The Beauty S01E01 Beautiful Pilot 1080p DSNP WEB-DL DDP5 1 H 264-FLUX[EZTVx.to].mkv
2026-01-27 23:10:49.792 RedLemon[39819:565204] 📝 [RESOLVER] Stream Unlocked ["filename": "The Beauty S01E01 Beautiful Pilot 1080p DSNP WEB-DL DDP5 1 H 264-FLUX[EZTVx.to].mkv", "is_generic": "false", "original_title": "Shared Stream (Direct)", "url_host": "chi9-4.download.real-debrid.com"]
2026-01-27 23:10:49.793 RedLemon[39819:565196] ✅ PlayerVM: Direct unlock succeeded! URL: https://chi9-4.download.real-debrid.com/d/ZBMW7FHFBLSAY44/Th
✅ RD addMagnet: YYWM44PVD2LOG
   [1] /The Beauty S01E01 Beautiful Pilot 1080p DSNP WEB-DL DDP5 1 H 264-FLUX[EZTVx.to].mkv (1.76 GB)
📺 TV Show: Selected episode S01E01 → file ID: 1, path: /The Beauty S01E01 Beautiful Pilot 1080p DSNP WEB-DL DDP5 1 H 264-FLUX[EZTVx.to].mkv
📝 RD: Selecting file ID 1 for torrent YYWM44PVD2LOG
🔄 Lobby: Fetching fresh room state from Supabase...
✅ Lobby: Synced CLEAN stream info, metadata & playlist to AppState
📊 RD poll 1/2: status=downloaded, links=1
🔗 Unrestricting link: https://real-debrid.com/d/2SF35E7WSIIQ2B09
✅ StreamService: Stream unlocked successfully!
[ INFO ] GET /subtitles/search [request-id: B99AFD81-8C74-4AEB-9FE4-A0306B338351]
2026-01-27 23:10:50.086 RedLemon[39819:565208] 📨 Realtime: Received broadcast message
2026-01-27 23:10:50.086 RedLemon[39819:565208]    Payload keys: type, timestamp, isPlaying, position, senderId
2026-01-27 23:10:50.086 RedLemon[39819:565208] ✅ Realtime: Decoded message type: playbackState, sender: 4AEF4E1B-BA8E-4D31-8736-BCA3B94F402B
2026-01-27 23:10:50.087 RedLemon[39819:565196] ⚠️ Received Realtime message with no chat text (Type: playbackState)
2026-01-27 23:10:50.924 RedLemon[39819:565196] ✅ Direct Unlock: Found 1 SubDL subtitles
2026-01-27 23:10:50.924 RedLemon[39819:565196] ✅ Direct Unlock: Attached 1 SubDL subtitles to stream
2026-01-27 23:10:50.945 RedLemon[39819:565196] 🛡️ MPVWrapper: Build Version: 2026-01-28-PRESENCE-FIX-v3
2026-01-27 23:10:51.005 RedLemon[39819:565196] ✅ Stream ready, starting playback...
2026-01-27 23:10:51.040 RedLemon[39819:565196] 🎬 MPVPlayerViewModel: Starting watch party: roomId=WCJ2, isHost=false
🔍 Searching SubDL: tt33517752 (tv) S01E01
   ℹ️ Fallback Name: The Beauty (No Year)
✅ Found 3 subtitles from SubDL (Primary)
   ⛔️ Dropped '[𝐂𝐨𝐟𝐟𝐞𝐞𝐏𝐫𝐢𝐬𝐨𝐧] 𝐓𝐇𝐄 𝐁𝐄𝐀𝐔𝐓𝐘 𝐒𝟎𝟏𝐄𝟎𝟐 𝐃𝐒𝐍𝐏 𝐖𝐄𝐁': Metadata mismatch (S1E2)
   ⛔️ Dropped '[𝐂𝐨𝐟𝐟𝐞𝐞𝐏𝐫𝐢𝐬𝐨𝐧] 𝐓𝐇𝐄 𝐁𝐄𝐀𝐔𝐓𝐘 𝐒𝟎𝟏𝐄𝟎𝟑 𝐃𝐒𝐍𝐏 𝐖𝐄𝐁': Metadata mismatch (S1E3)
⚠️ Low subtitle count (1). Attempting supplemental Name Search for 'The Beauty'...
🔍 Attempting API Name Search: The Beauty
   ✅ Exact match found: 'The Beauty'
✅ Supplemental Search found ID: 12684201. Fetching additional subtitles...
⏰ AppState: Next schedule update set for Event End: 2026-01-28 05:49:34 +0000
⏰ AppState: Scheduling update in 5924 seconds
📦 Supplemental Fetch returned 3 raw subtitles
   ⛔️ Dropped '[𝐂𝐨𝐟𝐟𝐞𝐞𝐏𝐫𝐢𝐬𝐨𝐧] 𝐓𝐇𝐄 𝐁𝐄𝐀𝐔𝐓𝐘 𝐒𝟎𝟏𝐄𝟎𝟐 𝐃𝐒𝐍𝐏 𝐖𝐄𝐁': Metadata mismatch (S1E2)
   ⛔️ Dropped '[𝐂𝐨𝐟𝐟𝐞𝐞𝐏𝐫𝐢𝐬𝐨𝐧] 𝐓𝐇𝐄 𝐁𝐄𝐀𝐔𝐓𝐘 𝐒𝟎𝟏𝐄𝟎𝟑 𝐃𝐒𝐍𝐏 𝐖𝐄𝐁': Metadata mismatch (S1E3)
🧹 SubDL: Deduplicated 1 supplemental mirrors
🔗 Merged unique subtitles from supplemental search.
!!! MPVWrapper initialized - Build Version: 2026-01-28-PRESENCE-FIX-v3 !!!
[ INFO ] GET /subtitles/subdl/L3N1YnRpdGxlLzM1NDQ4ODAtODQ2Njk4OC56aXA= [request-id: 7F9314FF-50A0-4491-B62F-C1F9D51470C9]
2026-01-27 23:10:51.046 RedLemon[39819:565196] 🛡️ Transition Sync: Processing 2 participants from AppState
2026-01-27 23:10:51.046 RedLemon[39819:565196] 🛡️ Transition Sync: Marked 2 users as transitioning (120s window)
2026-01-27 23:10:51.046 RedLemon[39819:565196] 🛡️ Transition Sync: Inherited 1 refs and marked announced for user 4aef4e1b-ba8e-4d31-8736-bca3b94f402b
2026-01-27 23:10:51.046 RedLemon[39819:565196] 🛡️ Transition Sync: Inherited 1 refs and marked announced for user 96e01cdb-36c0-4228-a6e4-a29a3c66bc8e
2026-01-27 23:10:51.046 RedLemon[39819:565293] 📝 Realtime: Registered observer 'player' (Presence: YES, Sync: NO, Status: NO)
2026-01-27 23:10:51.074 RedLemon[39819:565622] 📝 Realtime: Unregistered observer 'lobby'
2026-01-27 23:10:51.074 RedLemon[39819:565622] 📝 Realtime: Unregistered observer 'lobby'
2026-01-27 23:10:51.076 RedLemon[39819:565293] 📝 [PLAYER] Resumed
2026-01-27 23:10:51.079 RedLemon[39819:565209] 📝 Realtime: Registered observer 'player' (Presence: NO, Sync: YES, Status: NO)
2026-01-27 23:10:51.125 RedLemon[39819:565209] 📝 [PLAYER] Load Video (Smart) ["url": "https://chi9-4.download.real-debrid.com/d/ZBMW7FHFBLSAY44/The%20Beauty%20S01E01%20Beautiful%20Pilot%201080p%20DSNP%20WEB-DL%20DDP5%201%20H%20264-FLUX%5BEZTVx.to%5D.mkv"]
2026-01-27 23:10:51.301 RedLemon[39819:565293] 📝 [PLAYER] Playback State Changed ["state": "Paused"]
2026-01-27 23:10:51.301 RedLemon[39819:565293] 📝 [PLAYER] Buffering Started
2026-01-27 23:10:51.437 RedLemon[39819:565622] 📨 Realtime: Received broadcast message
2026-01-27 23:10:51.437 RedLemon[39819:565622]    Payload keys: isPlaying, timestamp, position, type, senderId
2026-01-27 23:10:51.438 RedLemon[39819:565622] ✅ Realtime: Decoded message type: ready, sender: 4aef4e1b-ba8e-4d31-8736-bca3b94f402b
2026-01-27 23:10:52.064 RedLemon[39819:565207] 📨 Realtime: Received broadcast message
2026-01-27 23:10:52.064 RedLemon[39819:565207]    Payload keys: position, timestamp, isPlaying, senderId, type
2026-01-27 23:10:52.065 RedLemon[39819:565207] ✅ Realtime: Decoded message type: playbackState, sender: 4AEF4E1B-BA8E-4D31-8736-BCA3B94F402B
2026-01-27 23:10:52.084 RedLemon[39819:565208] 🔐 SupabaseClient: Signing Identity Payload: '176957345296e01cdb-36c0-4228-a6e4-a29a3c66bc8e/rpc/room_heartbeat'
2026-01-27 23:10:52.084 RedLemon[39819:565208] 🔐 Signed request to /rpc/room_heartbeat
2026-01-27 23:10:52.310 RedLemon[39819:565196] 📨 Lobby: Received Room UPDATE from Realtime
2026-01-27 23:10:53.199 RedLemon[39819:565208] 🔐 SupabaseClient: Signing Identity Payload: '176957345396e01cdb-36c0-4228-a6e4-a29a3c66bc8e/rpc/room_heartbeat'
2026-01-27 23:10:53.200 RedLemon[39819:565208] 🔐 Signed request to /rpc/room_heartbeat
2026-01-27 23:10:53.415 RedLemon[39819:565204] 📨 Realtime: Received broadcast message
2026-01-27 23:10:53.415 RedLemon[39819:565204]    Payload keys: position, timestamp, isPlaying, type, senderId
2026-01-27 23:10:53.415 RedLemon[39819:565204] ✅ Realtime: Decoded message type: ready, sender: 4aef4e1b-ba8e-4d31-8736-bca3b94f402b
2026-01-27 23:10:53.471 RedLemon[39819:565196] 📨 Lobby: Received Room UPDATE from Realtime
2026-01-27 23:10:53.659 RedLemon[39819:565209] 📝 [PLAYER] File Loaded ["duration": "2687.435"]
2026-01-27 23:10:54.036 RedLemon[39819:565196] [VIDEO_READY] isEvent: false, eventStartTime: nil
2026-01-27 23:10:54.069 RedLemon[39819:565622] 📝 [PLAYER] Playback State Changed ["state": "Playing"]
2026-01-27 23:10:54.082 RedLemon[39819:565622] 📨 Realtime: Received broadcast message
2026-01-27 23:10:54.082 RedLemon[39819:565622]    Payload keys: timestamp, senderId, position, isPlaying, type
2026-01-27 23:10:54.082 RedLemon[39819:565622] ✅ Realtime: Decoded message type: playbackState, sender: 4AEF4E1B-BA8E-4D31-8736-BCA3B94F402B
2026-01-27 23:10:54.140 RedLemon[39819:565293] 📝 [PLAYER] Buffering State ["buffering": "true"]
2026-01-27 23:10:54.159 RedLemon[39819:565293] 📝 [PLAYER] Buffering Started
2026-01-27 23:10:55.412 RedLemon[39819:565622] 📨 Realtime: Received broadcast message
2026-01-27 23:10:55.412 RedLemon[39819:565622]    Payload keys: type, isPlaying, senderId, timestamp, position
2026-01-27 23:10:55.412 RedLemon[39819:565622] ✅ Realtime: Decoded message type: ready, sender: 4aef4e1b-ba8e-4d31-8736-bca3b94f402b
2026-01-27 23:10:55.589 RedLemon[39819:565622] 📝 [PLAYER] Buffering State ["buffering": "false"]
2026-01-27 23:10:56.112 RedLemon[39819:565293] 📨 Realtime: Received broadcast message
2026-01-27 23:10:56.113 RedLemon[39819:565293]    Payload keys: timestamp, position, isPlaying, senderId, type
2026-01-27 23:10:56.113 RedLemon[39819:565293] ✅ Realtime: Decoded message type: playbackState, sender: 4AEF4E1B-BA8E-4D31-8736-BCA3B94F402B
2026-01-27 23:10:56.186 RedLemon[39819:565204] 📤 Realtime: Sending message type: ready, sender: 96e01cdb-36c0-4228-a6e4-a29a3c66bc8e
2026-01-27 23:10:56.186 RedLemon[39819:565204]    Payload keys: senderId, isPlaying, position, timestamp, type
2026-01-27 23:10:56.187 RedLemon[39819:565622] ✅ Realtime: Message broadcast complete
2026-01-27 23:10:56.198 RedLemon[39819:565204] 📝 [PLAYER] Playback State Changed ["state": "Paused"]
2026-01-27 23:10:56.311 RedLemon[39819:565207] 📨 Realtime: Received broadcast message
2026-01-27 23:10:56.311 RedLemon[39819:565207]    Payload keys: type, timestamp, position, senderId, isPlaying
2026-01-27 23:10:56.311 RedLemon[39819:565207] ✅ Realtime: Decoded message type: ready, sender: 96e01cdb-36c0-4228-a6e4-a29a3c66bc8e
2026-01-27 23:10:57.412 RedLemon[39819:565204] 📨 Realtime: Received broadcast message
2026-01-27 23:10:57.412 RedLemon[39819:565204]    Payload keys: senderId, isPlaying, timestamp, position, type
2026-01-27 23:10:57.413 RedLemon[39819:565204] ✅ Realtime: Decoded message type: ready, sender: 4aef4e1b-ba8e-4d31-8736-bca3b94f402b
2026-01-27 23:10:57.470 RedLemon[39819:565209] 📨 Realtime: Received broadcast message
2026-01-27 23:10:57.470 RedLemon[39819:565209]    Payload keys: senderId, isPlaying, position, type, timestamp
2026-01-27 23:10:57.471 RedLemon[39819:565209] ✅ Realtime: Decoded message type: play, sender: 4aef4e1b-ba8e-4d31-8736-bca3b94f402b
2026-01-27 23:10:57.494 RedLemon[39819:565622] 📝 [PLAYER] Playback State Changed ["state": "Playing"]
2026-01-27 23:10:58.241 RedLemon[39819:565204] 📨 Realtime: Received broadcast message
2026-01-27 23:10:58.241 RedLemon[39819:565204]    Payload keys: timestamp, isPlaying, position, senderId, type
2026-01-27 23:10:58.242 RedLemon[39819:565204] ✅ Realtime: Decoded message type: playbackState, sender: 4AEF4E1B-BA8E-4D31-8736-BCA3B94F402B
2026-01-27 23:10:58.386 RedLemon[39819:565196] 📨 Lobby: Received Room UPDATE from Realtime
2026-01-27 23:10:58.594 RedLemon[39819:565207] 📨 Realtime: Received broadcast message
2026-01-27 23:10:58.594 RedLemon[39819:565207]    Payload keys: position, timestamp, isPlaying, senderId, type
2026-01-27 23:10:58.594 RedLemon[39819:565207] ✅ Realtime: Decoded message type: play, sender: 4aef4e1b-ba8e-4d31-8736-bca3b94f402b
2026-01-27 23:11:00.110 RedLemon[39819:565622] 📨 Realtime: Received broadcast message
2026-01-27 23:11:00.110 RedLemon[39819:565622]    Payload keys: position, timestamp, type, senderId, isPlaying
2026-01-27 23:11:00.110 RedLemon[39819:565622] ✅ Realtime: Decoded message type: playbackState, sender: 4AEF4E1B-BA8E-4D31-8736-BCA3B94F402B
2026-01-27 23:11:02.113 RedLemon[39819:565622] 📨 Realtime: Received broadcast message
2026-01-27 23:11:02.113 RedLemon[39819:565622]    Payload keys: position, timestamp, senderId, type, isPlaying
2026-01-27 23:11:02.113 RedLemon[39819:565622] ✅ Realtime: Decoded message type: playbackState, sender: 4AEF4E1B-BA8E-4D31-8736-BCA3B94F402B
2026-01-27 23:11:04.149 RedLemon[39819:565950] 📨 Realtime: Received broadcast message
2026-01-27 23:11:04.149 RedLemon[39819:565950]    Payload keys: senderId, type, timestamp, position, isPlaying
2026-01-27 23:11:04.149 RedLemon[39819:565950] ✅ Realtime: Decoded message type: playbackState, sender: 4AEF4E1B-BA8E-4D31-8736-BCA3B94F402B
2026-01-27 23:11:06.116 RedLemon[39819:565293] 📨 Realtime: Received broadcast message
2026-01-27 23:11:06.116 RedLemon[39819:565293]    Payload keys: type, timestamp, isPlaying, position, senderId
2026-01-27 23:11:06.116 RedLemon[39819:565293] ✅ Realtime: Decoded message type: playbackState, sender: 4AEF4E1B-BA8E-4D31-8736-BCA3B94F402B
2026-01-27 23:11:07.247 RedLemon[39819:565950] 🔐 Signed request to /rpc/user_heartbeat
2026-01-27 23:11:08.112 RedLemon[39819:565204] 📨 Realtime: Received broadcast message
2026-01-27 23:11:08.112 RedLemon[39819:565204]    Payload keys: type, senderId, position, isPlaying, timestamp
2026-01-27 23:11:08.113 RedLemon[39819:565204] ✅ Realtime: Decoded message type: playbackState, sender: 4AEF4E1B-BA8E-4D31-8736-BCA3B94F402B
2026-01-27 23:11:08.216 RedLemon[39819:565196] 📨 Lobby: Received Room UPDATE from Realtime
2026-01-27 23:11:10.161 RedLemon[39819:565204] 📨 Realtime: Received broadcast message
2026-01-27 23:11:10.161 RedLemon[39819:565204]    Payload keys: isPlaying, position, timestamp, senderId, type
2026-01-27 23:11:10.161 RedLemon[39819:565204] ✅ Realtime: Decoded message type: playbackState, sender: 4AEF4E1B-BA8E-4D31-8736-BCA3B94F402B
2026-01-27 23:11:12.809 RedLemon[39819:565622] 📨 Realtime: Received broadcast message
2026-01-27 23:11:12.809 RedLemon[39819:565622]    Payload keys: isPlaying, position, senderId, type, timestamp
2026-01-27 23:11:12.810 RedLemon[39819:565622] ✅ Realtime: Decoded message type: playbackState, sender: 4AEF4E1B-BA8E-4D31-8736-BCA3B94F402B
2026-01-27 23:11:14.403 RedLemon[39819:565204] 📨 Realtime: Received broadcast message
2026-01-27 23:11:14.403 RedLemon[39819:565204]    Payload keys: isPlaying, type, senderId, timestamp, position
2026-01-27 23:11:14.403 RedLemon[39819:565204] ✅ Realtime: Decoded message type: playbackState, sender: 4AEF4E1B-BA8E-4D31-8736-BCA3B94F402B
2026-01-27 23:11:16.199 RedLemon[39819:565208] 📨 Realtime: Received broadcast message
2026-01-27 23:11:16.199 RedLemon[39819:565208]    Payload keys: type, timestamp, senderId, isPlaying, position
2026-01-27 23:11:16.199 RedLemon[39819:565208] ✅ Realtime: Decoded message type: playbackState, sender: 4AEF4E1B-BA8E-4D31-8736-BCA3B94F402B
2026-01-27 23:11:18.129 RedLemon[39819:565204] 📨 Realtime: Received broadcast message
2026-01-27 23:11:18.129 RedLemon[39819:565204]    Payload keys: position, timestamp, type, isPlaying, senderId
2026-01-27 23:11:18.130 RedLemon[39819:565204] ✅ Realtime: Decoded message type: playbackState, sender: 4AEF4E1B-BA8E-4D31-8736-BCA3B94F402B
2026-01-27 23:11:18.263 RedLemon[39819:565196] 📨 Lobby: Received Room UPDATE from Realtime
2026-01-27 23:11:19.630 RedLemon[39819:565196] 📨 Lobby: Received Room UPDATE from Realtime
2026-01-27 23:11:20.256 RedLemon[39819:565951] 📨 Realtime: Received broadcast message
2026-01-27 23:11:20.257 RedLemon[39819:565951]    Payload keys: timestamp, isPlaying, type, position, senderId
2026-01-27 23:11:20.258 RedLemon[39819:565951] ✅ Realtime: Decoded message type: playbackState, sender: 4AEF4E1B-BA8E-4D31-8736-BCA3B94F402B
2026-01-27 23:11:22.176 RedLemon[39819:565622] 📨 Realtime: Received broadcast message
2026-01-27 23:11:22.176 RedLemon[39819:565622]    Payload keys: timestamp, position, type, senderId, isPlaying
2026-01-27 23:11:22.177 RedLemon[39819:565622] ✅ Realtime: Decoded message type: playbackState, sender: 4AEF4E1B-BA8E-4D31-8736-BCA3B94F402B
2026-01-27 23:11:22.258 RedLemon[39819:565622] 🔐 SupabaseClient: Signing Identity Payload: '176957348296e01cdb-36c0-4228-a6e4-a29a3c66bc8e/rpc/room_heartbeat'
2026-01-27 23:11:22.259 RedLemon[39819:565622] 🔐 Signed request to /rpc/room_heartbeat
2026-01-27 23:11:22.486 RedLemon[39819:565196] 📨 Lobby: Received Room UPDATE from Realtime
2026-01-27 23:11:24.129 RedLemon[39819:565293] 📨 Realtime: Received broadcast message
2026-01-27 23:11:24.129 RedLemon[39819:565293]    Payload keys: timestamp, position, type, senderId, isPlaying
2026-01-27 23:11:24.129 RedLemon[39819:565293] ✅ Realtime: Decoded message type: playbackState, sender: 4AEF4E1B-BA8E-4D31-8736-BCA3B94F402B
2026-01-27 23:11:24.189 RedLemon[39819:566152] 🔐 Signed request to /rpc/upsert_watch_history_item
2026-01-27 23:11:26.138 RedLemon[39819:565208] 📨 Realtime: Received broadcast message
2026-01-27 23:11:26.138 RedLemon[39819:565208]    Payload keys: timestamp, type, isPlaying, position, senderId
2026-01-27 23:11:26.138 RedLemon[39819:565208] ✅ Realtime: Decoded message type: playbackState, sender: 4AEF4E1B-BA8E-4D31-8736-BCA3B94F402B
2026-01-27 23:11:28.180 RedLemon[39819:565622] 📨 Realtime: Received broadcast message
2026-01-27 23:11:28.180 RedLemon[39819:565622]    Payload keys: timestamp, type, isPlaying, position, senderId
2026-01-27 23:11:28.181 RedLemon[39819:565622] ✅ Realtime: Decoded message type: playbackState, sender: 4AEF4E1B-BA8E-4D31-8736-BCA3B94F402B
2026-01-27 23:11:28.315 RedLemon[39819:565196] 📨 Lobby: Received Room UPDATE from Realtime
2026-01-27 23:11:28.432 RedLemon[39819:565622] 🔐 SupabaseClient: Signing Identity Payload: '176957348896e01cdb-36c0-4228-a6e4-a29a3c66bc8e/rpc/room_heartbeat'
2026-01-27 23:11:28.433 RedLemon[39819:565622] 🔐 Signed request to /rpc/room_heartbeat
2026-01-27 23:11:28.638 RedLemon[39819:565196] 📨 Lobby: Received Room UPDATE from Realtime
2026-01-27 23:11:30.135 RedLemon[39819:565208] 📨 Realtime: Received broadcast message
2026-01-27 23:11:30.135 RedLemon[39819:565208]    Payload keys: senderId, type, position, timestamp, isPlaying
2026-01-27 23:11:30.136 RedLemon[39819:565208] ✅ Realtime: Decoded message type: playbackState, sender: 4AEF4E1B-BA8E-4D31-8736-BCA3B94F402B
2026-01-27 23:11:32.224 RedLemon[39819:565293] 📨 Realtime: Received broadcast message
2026-01-27 23:11:32.224 RedLemon[39819:565293]    Payload keys: isPlaying, position, timestamp, senderId, type
2026-01-27 23:11:32.224 RedLemon[39819:565293] ✅ Realtime: Decoded message type: playbackState, sender: 4AEF4E1B-BA8E-4D31-8736-BCA3B94F402B
2026-01-27 23:11:32.485 RedLemon[39819:565622] 🔐 Signed request to /rpc/user_heartbeat
2026-01-27 23:11:34.263 RedLemon[39819:566152] 📨 Realtime: Received broadcast message
2026-01-27 23:11:34.263 RedLemon[39819:566152]    Payload keys: senderId, type, isPlaying, position, timestamp
2026-01-27 23:11:34.264 RedLemon[39819:566152] ✅ Realtime: Decoded message type: playbackState, sender: 4AEF4E1B-BA8E-4D31-8736-BCA3B94F402B
2026-01-27 23:11:36.190 RedLemon[39819:565208] 📨 Realtime: Received broadcast message
2026-01-27 23:11:36.190 RedLemon[39819:565208]    Payload keys: position, isPlaying, timestamp, type, senderId
2026-01-27 23:11:36.191 RedLemon[39819:565208] ✅ Realtime: Decoded message type: playbackState, sender: 4AEF4E1B-BA8E-4D31-8736-BCA3B94F402B
2026-01-27 23:11:38.074 RedLemon[39819:565293] 📨 Realtime: Received broadcast message
2026-01-27 23:11:38.074 RedLemon[39819:565293]    Payload keys: senderId, isPlaying, type, position, timestamp
2026-01-27 23:11:38.075 RedLemon[39819:565293] ✅ Realtime: Decoded message type: playbackState, sender: 4AEF4E1B-BA8E-4D31-8736-BCA3B94F402B
2026-01-27 23:11:38.198 RedLemon[39819:565196] 📨 Lobby: Received Room UPDATE from Realtime
2026-01-27 23:11:40.150 RedLemon[39819:565293] 📨 Realtime: Received broadcast message
2026-01-27 23:11:40.150 RedLemon[39819:565293]    Payload keys: isPlaying, type, timestamp, position, senderId
2026-01-27 23:11:40.150 RedLemon[39819:565293] ✅ Realtime: Decoded message type: playbackState, sender: 4AEF4E1B-BA8E-4D31-8736-BCA3B94F402B
2026-01-27 23:11:42.208 RedLemon[39819:565204] 📨 Realtime: Received broadcast message
2026-01-27 23:11:42.208 RedLemon[39819:565204]    Payload keys: timestamp, isPlaying, type, senderId, position
2026-01-27 23:11:42.208 RedLemon[39819:565204] ✅ Realtime: Decoded message type: playbackState, sender: 4AEF4E1B-BA8E-4D31-8736-BCA3B94F402B
2026-01-27 23:11:44.111 RedLemon[39819:565950] 📨 Realtime: Received broadcast message
2026-01-27 23:11:44.112 RedLemon[39819:565950]    Payload keys: position, isPlaying, senderId, timestamp, type
2026-01-27 23:11:44.112 RedLemon[39819:565950] ✅ Realtime: Decoded message type: playbackState, sender: 4AEF4E1B-BA8E-4D31-8736-BCA3B94F402B
2026-01-27 23:11:46.155 RedLemon[39819:565208] 📨 Realtime: Received broadcast message
2026-01-27 23:11:46.156 RedLemon[39819:565208]    Payload keys: timestamp, position, senderId, type, isPlaying
2026-01-27 23:11:46.157 RedLemon[39819:565208] ✅ Realtime: Decoded message type: playbackState, sender: 4AEF4E1B-BA8E-4D31-8736-BCA3B94F402B
2026-01-27 23:11:48.157 RedLemon[39819:565208] 📨 Realtime: Received broadcast message
2026-01-27 23:11:48.157 RedLemon[39819:565208]    Payload keys: type, isPlaying, position, timestamp, senderId
2026-01-27 23:11:48.158 RedLemon[39819:565208] ✅ Realtime: Decoded message type: playbackState, sender: 4AEF4E1B-BA8E-4D31-8736-BCA3B94F402B
2026-01-27 23:11:48.572 RedLemon[39819:565196] 📨 Lobby: Received Room UPDATE from Realtime
2026-01-27 23:11:50.158 RedLemon[39819:565196] 📨 Lobby: Received Room UPDATE from Realtime
2026-01-27 23:11:50.159 RedLemon[39819:565950] 📨 Realtime: Received broadcast message
2026-01-27 23:11:50.159 RedLemon[39819:565950]    Payload keys: isPlaying, position, timestamp, type, senderId
2026-01-27 23:11:50.160 RedLemon[39819:565950] ✅ Realtime: Decoded message type: playbackState, sender: 4AEF4E1B-BA8E-4D31-8736-BCA3B94F402B
2026-01-27 23:11:52.349 RedLemon[39819:565293] 📨 Realtime: Received broadcast message
2026-01-27 23:11:52.349 RedLemon[39819:565293]    Payload keys: type, isPlaying, senderId, timestamp, position
2026-01-27 23:11:52.349 RedLemon[39819:565293] ✅ Realtime: Decoded message type: playbackState, sender: 4AEF4E1B-BA8E-4D31-8736-BCA3B94F402B
2026-01-27 23:11:52.464 RedLemon[39819:565950] 🔐 SupabaseClient: Signing Identity Payload: '176957351296e01cdb-36c0-4228-a6e4-a29a3c66bc8e/rpc/room_heartbeat'
2026-01-27 23:11:52.465 RedLemon[39819:565950] 🔐 Signed request to /rpc/room_heartbeat
2026-01-27 23:11:52.873 RedLemon[39819:565196] 📨 Lobby: Received Room UPDATE from Realtime
2026-01-27 23:11:54.163 RedLemon[39819:565204] 📨 Realtime: Received broadcast message
2026-01-27 23:11:54.163 RedLemon[39819:565204]    Payload keys: type, isPlaying, position, timestamp, senderId
2026-01-27 23:11:54.164 RedLemon[39819:565204] ✅ Realtime: Decoded message type: playbackState, sender: 4AEF4E1B-BA8E-4D31-8736-BCA3B94F402B
2026-01-27 23:11:56.224 RedLemon[39819:565208] 📨 Realtime: Received broadcast message
2026-01-27 23:11:56.224 RedLemon[39819:565208]    Payload keys: type, position, timestamp, isPlaying, senderId
2026-01-27 23:11:56.224 RedLemon[39819:565208] ✅ Realtime: Decoded message type: playbackState, sender: 4AEF4E1B-BA8E-4D31-8736-BCA3B94F402B
2026-01-27 23:11:57.958 RedLemon[39819:565204] 🔐 Signed request to /rpc/user_heartbeat
2026-01-27 23:11:58.084 RedLemon[39819:565950] 📨 Realtime: Received broadcast message
2026-01-27 23:11:58.084 RedLemon[39819:565950]    Payload keys: isPlaying, position, senderId, type, timestamp
2026-01-27 23:11:58.084 RedLemon[39819:565950] ✅ Realtime: Decoded message type: playbackState, sender: 4AEF4E1B-BA8E-4D31-8736-BCA3B94F402B
2026-01-27 23:11:58.217 RedLemon[39819:565196] 📨 Lobby: Received Room UPDATE from Realtime
2026-01-27 23:12:00.130 RedLemon[39819:565293] 📨 Realtime: Received broadcast message
2026-01-27 23:12:00.130 RedLemon[39819:565293]    Payload keys: timestamp, type, isPlaying, position, senderId
2026-01-27 23:12:00.130 RedLemon[39819:565293] ✅ Realtime: Decoded message type: playbackState, sender: 4AEF4E1B-BA8E-4D31-8736-BCA3B94F402B
2026-01-27 23:12:02.178 RedLemon[39819:565208] 📨 Realtime: Received broadcast message
2026-01-27 23:12:02.178 RedLemon[39819:565208]    Payload keys: position, senderId, isPlaying, timestamp, type
2026-01-27 23:12:02.178 RedLemon[39819:565208] ✅ Realtime: Decoded message type: playbackState, sender: 4AEF4E1B-BA8E-4D31-8736-BCA3B94F402B
2026-01-27 23:12:03.797 RedLemon[39819:565208] 🔐 SupabaseClient: Signing Identity Payload: '176957352396e01cdb-36c0-4228-a6e4-a29a3c66bc8e/rpc/room_heartbeat'
2026-01-27 23:12:03.797 RedLemon[39819:565208] 🔐 Signed request to /rpc/room_heartbeat
2026-01-27 23:12:04.004 RedLemon[39819:565196] 📨 Lobby: Received Room UPDATE from Realtime
2026-01-27 23:12:04.174 RedLemon[39819:565950] 📨 Realtime: Received broadcast message
2026-01-27 23:12:04.174 RedLemon[39819:565950]    Payload keys: type, position, isPlaying, senderId, timestamp
2026-01-27 23:12:04.174 RedLemon[39819:565950] ✅ Realtime: Decoded message type: playbackState, sender: 4AEF4E1B-BA8E-4D31-8736-BCA3B94F402B
2026-01-27 23:12:06.132 RedLemon[39819:565293] 📨 Realtime: Received broadcast message
2026-01-27 23:12:06.132 RedLemon[39819:565293]    Payload keys: timestamp, senderId, type, position, isPlaying
2026-01-27 23:12:06.134 RedLemon[39819:565293] ✅ Realtime: Decoded message type: playbackState, sender: 4AEF4E1B-BA8E-4D31-8736-BCA3B94F402B
2026-01-27 23:12:08.093 RedLemon[39819:565950] 📨 Realtime: Received broadcast message
2026-01-27 23:12:08.093 RedLemon[39819:565950]    Payload keys: type, isPlaying, position, timestamp, senderId
2026-01-27 23:12:08.094 RedLemon[39819:565950] ✅ Realtime: Decoded message type: playbackState, sender: 4AEF4E1B-BA8E-4D31-8736-BCA3B94F402B
2026-01-27 23:12:08.228 RedLemon[39819:565196] 📨 Lobby: Received Room UPDATE from Realtime
2026-01-27 23:12:10.138 RedLemon[39819:565950] 📨 Realtime: Received broadcast message
2026-01-27 23:12:10.138 RedLemon[39819:565950]    Payload keys: senderId, isPlaying, type, position, timestamp
2026-01-27 23:12:10.138 RedLemon[39819:565950] ✅ Realtime: Decoded message type: playbackState, sender: 4AEF4E1B-BA8E-4D31-8736-BCA3B94F402B
2026-01-27 23:12:12.145 RedLemon[39819:566152] 📨 Realtime: Received broadcast message
2026-01-27 23:12:12.145 RedLemon[39819:566152]    Payload keys: timestamp, position, type, senderId, isPlaying
2026-01-27 23:12:12.146 RedLemon[39819:566152] ✅ Realtime: Decoded message type: playbackState, sender: 4AEF4E1B-BA8E-4D31-8736-BCA3B94F402B
2026-01-27 23:12:14.112 RedLemon[39819:565293] 📨 Realtime: Received broadcast message
2026-01-27 23:12:14.112 RedLemon[39819:565293]    Payload keys: type, isPlaying, senderId, timestamp, position
2026-01-27 23:12:14.113 RedLemon[39819:565293] ✅ Realtime: Decoded message type: playbackState, sender: 4AEF4E1B-BA8E-4D31-8736-BCA3B94F402B
2026-01-27 23:12:16.142 RedLemon[39819:565950] 📨 Realtime: Received broadcast message
2026-01-27 23:12:16.142 RedLemon[39819:565950]    Payload keys: type, isPlaying, senderId, timestamp, position
2026-01-27 23:12:16.143 RedLemon[39819:565950] ✅ Realtime: Decoded message type: playbackState, sender: 4AEF4E1B-BA8E-4D31-8736-BCA3B94F402B
2026-01-27 23:12:18.141 RedLemon[39819:565293] 📨 Realtime: Received broadcast message
2026-01-27 23:12:18.141 RedLemon[39819:565293]    Payload keys: type, position, isPlaying, timestamp, senderId
2026-01-27 23:12:18.142 RedLemon[39819:565293] ✅ Realtime: Decoded message type: playbackState, sender: 4AEF4E1B-BA8E-4D31-8736-BCA3B94F402B
2026-01-27 23:12:18.238 RedLemon[39819:565196] 📨 Lobby: Received Room UPDATE from Realtime
2026-01-27 23:12:20.152 RedLemon[39819:565293] 📨 Realtime: Received broadcast message
2026-01-27 23:12:20.152 RedLemon[39819:565293]    Payload keys: isPlaying, senderId, type, position, timestamp
2026-01-27 23:12:20.153 RedLemon[39819:565293] ✅ Realtime: Decoded message type: playbackState, sender: 4AEF4E1B-BA8E-4D31-8736-BCA3B94F402B
2026-01-27 23:12:20.323 RedLemon[39819:565196] 📨 Lobby: Received Room UPDATE from Realtime
2026-01-27 23:12:22.153 RedLemon[39819:565204] 📨 Realtime: Received broadcast message
2026-01-27 23:12:22.153 RedLemon[39819:565204]    Payload keys: type, isPlaying, timestamp, position, senderId
2026-01-27 23:12:22.154 RedLemon[39819:565204] ✅ Realtime: Decoded message type: playbackState, sender: 4AEF4E1B-BA8E-4D31-8736-BCA3B94F402B
2026-01-27 23:12:22.691 RedLemon[39819:565950] 🔐 SupabaseClient: Signing Identity Payload: '176957354296e01cdb-36c0-4228-a6e4-a29a3c66bc8e/rpc/room_heartbeat'
2026-01-27 23:12:22.691 RedLemon[39819:565950] 🔐 Signed request to /rpc/room_heartbeat
2026-01-27 23:12:22.940 RedLemon[39819:565196] 📨 Lobby: Received Room UPDATE from Realtime
2026-01-27 23:12:23.233 RedLemon[39819:565208] 🔐 Signed request to /rpc/user_heartbeat
2026-01-27 23:12:24.111 RedLemon[39819:566450] 📨 Realtime: Received broadcast message
2026-01-27 23:12:24.111 RedLemon[39819:566450]    Payload keys: senderId, type, timestamp, position, isPlaying
2026-01-27 23:12:24.112 RedLemon[39819:566450] ✅ Realtime: Decoded message type: playbackState, sender: 4AEF4E1B-BA8E-4D31-8736-BCA3B94F402B
2026-01-27 23:12:24.202 RedLemon[39819:566450] 🔐 Signed request to /rpc/upsert_watch_history_item
2026-01-27 23:12:26.243 RedLemon[39819:566364] 📨 Realtime: Received broadcast message
2026-01-27 23:12:26.243 RedLemon[39819:566364]    Payload keys: position, senderId, isPlaying, type, timestamp
2026-01-27 23:12:26.244 RedLemon[39819:566364] ✅ Realtime: Decoded message type: playbackState, sender: 4AEF4E1B-BA8E-4D31-8736-BCA3B94F402B
2026-01-27 23:12:28.188 RedLemon[39819:565293] 📨 Realtime: Received broadcast message
2026-01-27 23:12:28.188 RedLemon[39819:565293]    Payload keys: type, timestamp, senderId, isPlaying, position
2026-01-27 23:12:28.189 RedLemon[39819:565293] ✅ Realtime: Decoded message type: playbackState, sender: 4AEF4E1B-BA8E-4D31-8736-BCA3B94F402B
2026-01-27 23:12:28.228 RedLemon[39819:565196] 📨 Lobby: Received Room UPDATE from Realtime
2026-01-27 23:12:30.112 RedLemon[39819:565204] 📨 Realtime: Received broadcast message
2026-01-27 23:12:30.113 RedLemon[39819:565204]    Payload keys: senderId, isPlaying, type, timestamp, position
2026-01-27 23:12:30.113 RedLemon[39819:565204] ✅ Realtime: Decoded message type: playbackState, sender: 4AEF4E1B-BA8E-4D31-8736-BCA3B94F402B
2026-01-27 23:12:32.283 RedLemon[39819:565204] 📨 Realtime: Received broadcast message
2026-01-27 23:12:32.284 RedLemon[39819:565204]    Payload keys: isPlaying, timestamp, senderId, position, type
2026-01-27 23:12:32.285 RedLemon[39819:565204] ✅ Realtime: Decoded message type: playbackState, sender: 4AEF4E1B-BA8E-4D31-8736-BCA3B94F402B
2026-01-27 23:12:34.124 RedLemon[39819:565950] 📨 Realtime: Received broadcast message
2026-01-27 23:12:34.124 RedLemon[39819:565950]    Payload keys: type, isPlaying, position, senderId, timestamp
2026-01-27 23:12:34.124 RedLemon[39819:565950] ✅ Realtime: Decoded message type: playbackState, sender: 4AEF4E1B-BA8E-4D31-8736-BCA3B94F402B
2026-01-27 23:12:36.164 RedLemon[39819:565204] 📨 Realtime: Received broadcast message
2026-01-27 23:12:36.164 RedLemon[39819:565204]    Payload keys: position, timestamp, isPlaying, senderId, type
2026-01-27 23:12:36.164 RedLemon[39819:565204] ✅ Realtime: Decoded message type: playbackState, sender: 4AEF4E1B-BA8E-4D31-8736-BCA3B94F402B
2026-01-27 23:12:38.133 RedLemon[39819:565293] 📨 Realtime: Received broadcast message
2026-01-27 23:12:38.133 RedLemon[39819:565293]    Payload keys: position, senderId, timestamp, type, isPlaying
2026-01-27 23:12:38.133 RedLemon[39819:565293] ✅ Realtime: Decoded message type: playbackState, sender: 4AEF4E1B-BA8E-4D31-8736-BCA3B94F402B
2026-01-27 23:12:38.451 RedLemon[39819:565196] 📨 Lobby: Received Room UPDATE from Realtime
2026-01-27 23:12:39.000 RedLemon[39819:565950] 🔐 SupabaseClient: Signing Identity Payload: '176957355896e01cdb-36c0-4228-a6e4-a29a3c66bc8e/rpc/room_heartbeat'
2026-01-27 23:12:39.000 RedLemon[39819:565950] 🔐 Signed request to /rpc/room_heartbeat
2026-01-27 23:12:39.288 RedLemon[39819:565196] 📨 Lobby: Received Room UPDATE from Realtime
2026-01-27 23:12:40.268 RedLemon[39819:566364] 📨 Realtime: Received broadcast message
2026-01-27 23:12:40.268 RedLemon[39819:566364]    Payload keys: timestamp, position, type, senderId, isPlaying
2026-01-27 23:12:40.268 RedLemon[39819:566364] ✅ Realtime: Decoded message type: playbackState, sender: 4AEF4E1B-BA8E-4D31-8736-BCA3B94F402B
2026-01-27 23:12:42.217 RedLemon[39819:565950] 📨 Realtime: Received broadcast message
2026-01-27 23:12:42.217 RedLemon[39819:565950]    Payload keys: timestamp, isPlaying, type, senderId, position
2026-01-27 23:12:42.218 RedLemon[39819:565950] ✅ Realtime: Decoded message type: playbackState, sender: 4AEF4E1B-BA8E-4D31-8736-BCA3B94F402B
2026-01-27 23:12:44.160 RedLemon[39819:566364] 📨 Realtime: Received broadcast message
2026-01-27 23:12:44.160 RedLemon[39819:566364]    Payload keys: position, isPlaying, timestamp, type, senderId
2026-01-27 23:12:44.160 RedLemon[39819:566364] ✅ Realtime: Decoded message type: playbackState, sender: 4AEF4E1B-BA8E-4D31-8736-BCA3B94F402B
2026-01-27 23:12:46.171 RedLemon[39819:566152] 📨 Realtime: Received broadcast message
2026-01-27 23:12:46.171 RedLemon[39819:566152]    Payload keys: type, isPlaying, timestamp, senderId, position
2026-01-27 23:12:46.171 RedLemon[39819:566152] ✅ Realtime: Decoded message type: playbackState, sender: 4AEF4E1B-BA8E-4D31-8736-BCA3B94F402B
2026-01-27 23:12:48.138 RedLemon[39819:566364] 📨 Realtime: Received broadcast message
2026-01-27 23:12:48.139 RedLemon[39819:566364]    Payload keys: senderId, timestamp, isPlaying, position, type
2026-01-27 23:12:48.139 RedLemon[39819:566364] ✅ Realtime: Decoded message type: playbackState, sender: 4AEF4E1B-BA8E-4D31-8736-BCA3B94F402B
2026-01-27 23:12:48.264 RedLemon[39819:565196] 📨 Lobby: Received Room UPDATE from Realtime
2026-01-27 23:12:48.547 RedLemon[39819:566364] 🔐 Signed request to /rpc/user_heartbeat
2026-01-27 23:12:50.144 RedLemon[39819:565950] 📨 Realtime: Received broadcast message
2026-01-27 23:12:50.144 RedLemon[39819:565950]    Payload keys: position, senderId, isPlaying, type, timestamp
2026-01-27 23:12:50.144 RedLemon[39819:565950] ✅ Realtime: Decoded message type: playbackState, sender: 4AEF4E1B-BA8E-4D31-8736-BCA3B94F402B
2026-01-27 23:12:50.549 RedLemon[39819:565196] 📨 Lobby: Received Room UPDATE from Realtime
2026-01-27 23:12:51.466 RedLemon[39819:565196] 💬 PLAYER SYSTEM MESSAGE: witheredrose left
2026-01-27 23:12:52.251 RedLemon[39819:566364] 📨 Realtime: Received broadcast message
2026-01-27 23:12:52.251 RedLemon[39819:566364]    Payload keys: position, timestamp, senderId, isPlaying, type
2026-01-27 23:12:52.251 RedLemon[39819:566364] ✅ Realtime: Decoded message type: playbackState, sender: 4AEF4E1B-BA8E-4D31-8736-BCA3B94F402B
2026-01-27 23:12:53.014 RedLemon[39819:566364] 🔐 SupabaseClient: Signing Identity Payload: '176957357396e01cdb-36c0-4228-a6e4-a29a3c66bc8e/rpc/room_heartbeat'
2026-01-27 23:12:53.014 RedLemon[39819:566364] 🔐 Signed request to /rpc/room_heartbeat
2026-01-27 23:12:53.301 RedLemon[39819:565196] 📨 Lobby: Received Room UPDATE from Realtime
2026-01-27 23:12:54.399 RedLemon[39819:566152] 📨 Realtime: Received broadcast message
2026-01-27 23:12:54.399 RedLemon[39819:566152]    Payload keys: senderId, position, timestamp, type, isPlaying
2026-01-27 23:12:54.400 RedLemon[39819:566152] ✅ Realtime: Decoded message type: playbackState, sender: 4AEF4E1B-BA8E-4D31-8736-BCA3B94F402B
2026-01-27 23:12:56.187 RedLemon[39819:565950] 📨 Realtime: Received broadcast message
2026-01-27 23:12:56.187 RedLemon[39819:565950]    Payload keys: type, isPlaying, timestamp, senderId, position
2026-01-27 23:12:56.187 RedLemon[39819:565950] ✅ Realtime: Decoded message type: playbackState, sender: 4AEF4E1B-BA8E-4D31-8736-BCA3B94F402B
2026-01-27 23:12:58.188 RedLemon[39819:566364] 📨 Realtime: Received broadcast message
2026-01-27 23:12:58.188 RedLemon[39819:566364]    Payload keys: senderId, position, type, isPlaying, timestamp
2026-01-27 23:12:58.189 RedLemon[39819:566364] ✅ Realtime: Decoded message type: playbackState, sender: 4AEF4E1B-BA8E-4D31-8736-BCA3B94F402B
2026-01-27 23:12:58.224 RedLemon[39819:565196] 📨 Lobby: Received Room UPDATE from Realtime
2026-01-27 23:13:00.145 RedLemon[39819:565950] 📨 Realtime: Received broadcast message
2026-01-27 23:13:00.145 RedLemon[39819:565950]    Payload keys: timestamp, type, isPlaying, senderId, position
2026-01-27 23:13:00.145 RedLemon[39819:565950] ✅ Realtime: Decoded message type: playbackState, sender: 4AEF4E1B-BA8E-4D31-8736-BCA3B94F402B
2026-01-27 23:13:02.184 RedLemon[39819:566152] 📨 Realtime: Received broadcast message
2026-01-27 23:13:02.184 RedLemon[39819:566152]    Payload keys: senderId, type, position, timestamp, isPlaying
2026-01-27 23:13:02.184 RedLemon[39819:566152] ✅ Realtime: Decoded message type: playbackState, sender: 4AEF4E1B-BA8E-4D31-8736-BCA3B94F402B
2026-01-27 23:13:04.155 RedLemon[39819:566450] 📨 Realtime: Received broadcast message
2026-01-27 23:13:04.156 RedLemon[39819:566450]    Payload keys: type, isPlaying, senderId, position, timestamp
2026-01-27 23:13:04.156 RedLemon[39819:566450] ✅ Realtime: Decoded message type: playbackState, sender: 4AEF4E1B-BA8E-4D31-8736-BCA3B94F402B
2026-01-27 23:13:06.113 RedLemon[39819:566152] 📨 Realtime: Received broadcast message
2026-01-27 23:13:06.113 RedLemon[39819:566152]    Payload keys: timestamp, senderId, type, isPlaying, position
2026-01-27 23:13:06.113 RedLemon[39819:566152] ✅ Realtime: Decoded message type: playbackState, sender: 4AEF4E1B-BA8E-4D31-8736-BCA3B94F402B
2026-01-27 23:13:08.151 RedLemon[39819:566152] 📨 Realtime: Received broadcast message
2026-01-27 23:13:08.151 RedLemon[39819:566152]    Payload keys: position, senderId, type, timestamp, isPlaying
2026-01-27 23:13:08.151 RedLemon[39819:566152] ✅ Realtime: Decoded message type: playbackState, sender: 4AEF4E1B-BA8E-4D31-8736-BCA3B94F402B
2026-01-27 23:13:08.325 RedLemon[39819:565196] 📨 Lobby: Received Room UPDATE from Realtime
2026-01-27 23:13:10.273 RedLemon[39819:566450] 📨 Realtime: Received broadcast message
2026-01-27 23:13:10.273 RedLemon[39819:566450]    Payload keys: timestamp, type, position, isPlaying, senderId
2026-01-27 23:13:10.275 RedLemon[39819:566450] ✅ Realtime: Decoded message type: playbackState, sender: 4AEF4E1B-BA8E-4D31-8736-BCA3B94F402B
2026-01-27 23:13:12.197 RedLemon[39819:565293] 📨 Realtime: Received broadcast message
2026-01-27 23:13:12.197 RedLemon[39819:565293]    Payload keys: type, isPlaying, position, senderId, timestamp
2026-01-27 23:13:12.198 RedLemon[39819:565293] ✅ Realtime: Decoded message type: playbackState, sender: 4AEF4E1B-BA8E-4D31-8736-BCA3B94F402B
2026-01-27 23:13:13.861 RedLemon[39819:565950] 🔐 Signed request to /rpc/user_heartbeat
2026-01-27 23:13:14.121 RedLemon[39819:566364] 📨 Realtime: Received broadcast message
2026-01-27 23:13:14.121 RedLemon[39819:566364]    Payload keys: senderId, position, type, timestamp, isPlaying
2026-01-27 23:13:14.122 RedLemon[39819:566364] ✅ Realtime: Decoded message type: playbackState, sender: 4AEF4E1B-BA8E-4D31-8736-BCA3B94F402B
2026-01-27 23:13:14.164 RedLemon[39819:566152] 🔐 SupabaseClient: Signing Identity Payload: '176957359496e01cdb-36c0-4228-a6e4-a29a3c66bc8e/rpc/room_heartbeat'
2026-01-27 23:13:14.165 RedLemon[39819:566152] 🔐 Signed request to /rpc/room_heartbeat
2026-01-27 23:13:14.483 RedLemon[39819:565196] 📨 Lobby: Received Room UPDATE from Realtime
2026-01-27 23:13:16.123 RedLemon[39819:565293] 📨 Realtime: Received broadcast message
2026-01-27 23:13:16.123 RedLemon[39819:565293]    Payload keys: senderId, timestamp, position, type, isPlaying
2026-01-27 23:13:16.124 RedLemon[39819:565293] ✅ Realtime: Decoded message type: playbackState, sender: 4AEF4E1B-BA8E-4D31-8736-BCA3B94F402B
2026-01-27 23:13:18.361 RedLemon[39819:566364] 📨 Realtime: Received broadcast message
2026-01-27 23:13:18.363 RedLemon[39819:566364]    Payload keys: position, senderId, isPlaying, timestamp, type
2026-01-27 23:13:18.364 RedLemon[39819:566364] ✅ Realtime: Decoded message type: playbackState, sender: 4AEF4E1B-BA8E-4D31-8736-BCA3B94F402B
2026-01-27 23:13:18.406 RedLemon[39819:565196] 📨 Lobby: Received Room UPDATE from Realtime
2026-01-27 23:13:20.208 RedLemon[39819:566364] 📨 Realtime: Received broadcast message
2026-01-27 23:13:20.208 RedLemon[39819:566364]    Payload keys: position, type, isPlaying, senderId, timestamp
2026-01-27 23:13:20.208 RedLemon[39819:566364] ✅ Realtime: Decoded message type: playbackState, sender: 4AEF4E1B-BA8E-4D31-8736-BCA3B94F402B
2026-01-27 23:13:20.688 RedLemon[39819:565196] 📨 Lobby: Received Room UPDATE from Realtime
2026-01-27 23:13:22.168 RedLemon[39819:566364] 📨 Realtime: Received broadcast message
2026-01-27 23:13:22.168 RedLemon[39819:566364]    Payload keys: isPlaying, senderId, position, timestamp, type
2026-01-27 23:13:22.169 RedLemon[39819:566364] ✅ Realtime: Decoded message type: playbackState, sender: 4AEF4E1B-BA8E-4D31-8736-BCA3B94F402B
2026-01-27 23:13:23.366 RedLemon[39819:566364] 🔐 SupabaseClient: Signing Identity Payload: '176957360396e01cdb-36c0-4228-a6e4-a29a3c66bc8e/rpc/room_heartbeat'
2026-01-27 23:13:23.366 RedLemon[39819:566364] 🔐 Signed request to /rpc/room_heartbeat
2026-01-27 23:13:23.617 RedLemon[39819:565196] 📨 Lobby: Received Room UPDATE from Realtime
2026-01-27 23:13:24.209 RedLemon[39819:565204] 🔐 Signed request to /rpc/upsert_watch_history_item
2026-01-27 23:13:24.259 RedLemon[39819:566364] 📨 Realtime: Received broadcast message
2026-01-27 23:13:24.260 RedLemon[39819:566364]    Payload keys: timestamp, type, position, senderId, isPlaying
2026-01-27 23:13:24.260 RedLemon[39819:566364] ✅ Realtime: Decoded message type: playbackState, sender: 4AEF4E1B-BA8E-4D31-8736-BCA3B94F402B
2026-01-27 23:13:26.246 RedLemon[39819:565950] 📨 Realtime: Received broadcast message
2026-01-27 23:13:26.246 RedLemon[39819:565950]    Payload keys: timestamp, type, position, isPlaying, senderId
2026-01-27 23:13:26.247 RedLemon[39819:565950] ✅ Realtime: Decoded message type: playbackState, sender: 4AEF4E1B-BA8E-4D31-8736-BCA3B94F402B
2026-01-27 23:13:28.097 RedLemon[39819:565204] 📨 Realtime: Received broadcast message
2026-01-27 23:13:28.097 RedLemon[39819:565204]    Payload keys: timestamp, type, isPlaying, position, senderId
2026-01-27 23:13:28.097 RedLemon[39819:565204] ✅ Realtime: Decoded message type: playbackState, sender: 4AEF4E1B-BA8E-4D31-8736-BCA3B94F402B
2026-01-27 23:13:28.337 RedLemon[39819:565196] 📨 Lobby: Received Room UPDATE from Realtime
2026-01-27 23:13:30.139 RedLemon[39819:565950] 📨 Realtime: Received broadcast message
2026-01-27 23:13:30.139 RedLemon[39819:565950]    Payload keys: position, senderId, isPlaying, type, timestamp
2026-01-27 23:13:30.140 RedLemon[39819:565950] ✅ Realtime: Decoded message type: playbackState, sender: 4AEF4E1B-BA8E-4D31-8736-BCA3B94F402B
2026-01-27 23:13:32.186 RedLemon[39819:565293] 📨 Realtime: Received broadcast message
2026-01-27 23:13:32.186 RedLemon[39819:565293]    Payload keys: senderId, isPlaying, timestamp, position, type
2026-01-27 23:13:32.186 RedLemon[39819:565293] ✅ Realtime: Decoded message type: playbackState, sender: 4AEF4E1B-BA8E-4D31-8736-BCA3B94F402B
2026-01-27 23:13:34.336 RedLemon[39819:566451] 📨 Realtime: Received broadcast message
2026-01-27 23:13:34.336 RedLemon[39819:566451]    Payload keys: position, type, senderId, isPlaying, timestamp
2026-01-27 23:13:34.336 RedLemon[39819:566451] ✅ Realtime: Decoded message type: playbackState, sender: 4AEF4E1B-BA8E-4D31-8736-BCA3B94F402B
2026-01-27 23:13:36.147 RedLemon[39819:566451] 📨 Realtime: Received broadcast message
2026-01-27 23:13:36.147 RedLemon[39819:566451]    Payload keys: position, senderId, isPlaying, timestamp, type
2026-01-27 23:13:36.147 RedLemon[39819:566451] ✅ Realtime: Decoded message type: playbackState, sender: 4AEF4E1B-BA8E-4D31-8736-BCA3B94F402B
2026-01-27 23:13:38.456 RedLemon[39819:566364] 📨 Realtime: Received broadcast message
2026-01-27 23:13:38.456 RedLemon[39819:566364]    Payload keys: type, senderId, isPlaying, timestamp, position
2026-01-27 23:13:38.457 RedLemon[39819:566364] ✅ Realtime: Decoded message type: playbackState, sender: 4AEF4E1B-BA8E-4D31-8736-BCA3B94F402B
2026-01-27 23:13:38.596 RedLemon[39819:565196] 📨 Lobby: Received Room UPDATE from Realtime
2026-01-27 23:13:39.214 RedLemon[39819:565204] 🔐 Signed request to /rpc/user_heartbeat
2026-01-27 23:13:40.173 RedLemon[39819:565950] 📨 Realtime: Received broadcast message
2026-01-27 23:13:40.173 RedLemon[39819:565950]    Payload keys: type, isPlaying, position, senderId, timestamp
2026-01-27 23:13:40.173 RedLemon[39819:565950] ✅ Realtime: Decoded message type: playbackState, sender: 4AEF4E1B-BA8E-4D31-8736-BCA3B94F402B
2026-01-27 23:13:42.221 RedLemon[39819:566451] 📨 Realtime: Received broadcast message
2026-01-27 23:13:42.221 RedLemon[39819:566451]    Payload keys: position, senderId, isPlaying, type, timestamp
2026-01-27 23:13:42.222 RedLemon[39819:566451] ✅ Realtime: Decoded message type: playbackState, sender: 4AEF4E1B-BA8E-4D31-8736-BCA3B94F402B
2026-01-27 23:13:44.166 RedLemon[39819:566451] 📨 Realtime: Received broadcast message
2026-01-27 23:13:44.166 RedLemon[39819:566451]    Payload keys: isPlaying, type, senderId, timestamp, position
2026-01-27 23:13:44.166 RedLemon[39819:566451] ✅ Realtime: Decoded message type: playbackState, sender: 4AEF4E1B-BA8E-4D31-8736-BCA3B94F402B
2026-01-27 23:13:46.218 RedLemon[39819:566450] 📨 Realtime: Received broadcast message
2026-01-27 23:13:46.219 RedLemon[39819:566450]    Payload keys: position, type, timestamp, isPlaying, senderId
2026-01-27 23:13:46.219 RedLemon[39819:566450] ✅ Realtime: Decoded message type: playbackState, sender: 4AEF4E1B-BA8E-4D31-8736-BCA3B94F402B
2026-01-27 23:13:48.143 RedLemon[39819:566451] 📨 Realtime: Received broadcast message
2026-01-27 23:13:48.143 RedLemon[39819:566451]    Payload keys: type, position, timestamp, senderId, isPlaying
2026-01-27 23:13:48.144 RedLemon[39819:566451] ✅ Realtime: Decoded message type: playbackState, sender: 4AEF4E1B-BA8E-4D31-8736-BCA3B94F402B
2026-01-27 23:13:49.512 RedLemon[39819:565196] 📨 Lobby: Received Room UPDATE from Realtime
2026-01-27 23:13:49.513 RedLemon[39819:565293] 🔐 SupabaseClient: Signing Identity Payload: '176957362996e01cdb-36c0-4228-a6e4-a29a3c66bc8e/rpc/room_heartbeat'
2026-01-27 23:13:49.513 RedLemon[39819:565293] 🔐 Signed request to /rpc/room_heartbeat
2026-01-27 23:13:49.762 RedLemon[39819:565196] 📨 Lobby: Received Room UPDATE from Realtime
2026-01-27 23:13:50.310 RedLemon[39819:565950] 📨 Realtime: Received broadcast message
2026-01-27 23:13:50.310 RedLemon[39819:565950]    Payload keys: senderId, timestamp, position, type, isPlaying
2026-01-27 23:13:50.310 RedLemon[39819:565950] ✅ Realtime: Decoded message type: playbackState, sender: 4AEF4E1B-BA8E-4D31-8736-BCA3B94F402B
2026-01-27 23:13:51.059 RedLemon[39819:565196] 📨 Lobby: Received Room UPDATE from Realtime
2026-01-27 23:13:52.114 RedLemon[39819:566364] 📨 Realtime: Received broadcast message
2026-01-27 23:13:52.114 RedLemon[39819:566364]    Payload keys: timestamp, type, isPlaying, position, senderId
2026-01-27 23:13:52.114 RedLemon[39819:566364] ✅ Realtime: Decoded message type: playbackState, sender: 4AEF4E1B-BA8E-4D31-8736-BCA3B94F402B
2026-01-27 23:13:53.656 RedLemon[39819:566364] 🔐 SupabaseClient: Signing Identity Payload: '176957363396e01cdb-36c0-4228-a6e4-a29a3c66bc8e/rpc/room_heartbeat'
2026-01-27 23:13:53.657 RedLemon[39819:566364] 🔐 Signed request to /rpc/room_heartbeat
2026-01-27 23:13:53.931 RedLemon[39819:565196] 📨 Lobby: Received Room UPDATE from Realtime
2026-01-27 23:13:54.201 RedLemon[39819:566450] 📨 Realtime: Received broadcast message
2026-01-27 23:13:54.201 RedLemon[39819:566450]    Payload keys: senderId, position, timestamp, type, isPlaying
2026-01-27 23:13:54.201 RedLemon[39819:566450] ✅ Realtime: Decoded message type: playbackState, sender: 4AEF4E1B-BA8E-4D31-8736-BCA3B94F402B
2026-01-27 23:13:56.207 RedLemon[39819:566450] 📨 Realtime: Received broadcast message
2026-01-27 23:13:56.207 RedLemon[39819:566450]    Payload keys: position, senderId, type, timestamp, isPlaying
2026-01-27 23:13:56.208 RedLemon[39819:566450] ✅ Realtime: Decoded message type: playbackState, sender: 4AEF4E1B-BA8E-4D31-8736-BCA3B94F402B
2026-01-27 23:13:58.126 RedLemon[39819:565950] 📨 Realtime: Received broadcast message
2026-01-27 23:13:58.126 RedLemon[39819:565950]    Payload keys: timestamp, senderId, type, position, isPlaying
2026-01-27 23:13:58.126 RedLemon[39819:565950] ✅ Realtime: Decoded message type: playbackState, sender: 4AEF4E1B-BA8E-4D31-8736-BCA3B94F402B
2026-01-27 23:13:58.318 RedLemon[39819:565196] 📨 Lobby: Received Room UPDATE from Realtime
2026-01-27 23:14:00.123 RedLemon[39819:566450] 📨 Realtime: Received broadcast message
2026-01-27 23:14:00.123 RedLemon[39819:566450]    Payload keys: type, senderId, position, isPlaying, timestamp
2026-01-27 23:14:00.124 RedLemon[39819:566450] ✅ Realtime: Decoded message type: playbackState, sender: 4AEF4E1B-BA8E-4D31-8736-BCA3B94F402B
2026-01-27 23:14:02.189 RedLemon[39819:566451] 📨 Realtime: Received broadcast message
2026-01-27 23:14:02.189 RedLemon[39819:566451]    Payload keys: position, isPlaying, senderId, type, timestamp
2026-01-27 23:14:02.190 RedLemon[39819:566451] ✅ Realtime: Decoded message type: playbackState, sender: 4AEF4E1B-BA8E-4D31-8736-BCA3B94F402B
2026-01-27 23:14:04.124 RedLemon[39819:566364] 📨 Realtime: Received broadcast message
2026-01-27 23:14:04.124 RedLemon[39819:566364]    Payload keys: isPlaying, senderId, position, timestamp, type
2026-01-27 23:14:04.124 RedLemon[39819:566364] ✅ Realtime: Decoded message type: playbackState, sender: 4AEF4E1B-BA8E-4D31-8736-BCA3B94F402B
2026-01-27 23:14:04.885 RedLemon[39819:566364] 🔐 Signed request to /rpc/user_heartbeat
2026-01-27 23:14:06.172 RedLemon[39819:566450] 📨 Realtime: Received broadcast message
2026-01-27 23:14:06.172 RedLemon[39819:566450]    Payload keys: type, senderId, isPlaying, position, timestamp
2026-01-27 23:14:06.173 RedLemon[39819:566450] ✅ Realtime: Decoded message type: playbackState, sender: 4AEF4E1B-BA8E-4D31-8736-BCA3B94F402B
2026-01-27 23:14:08.130 RedLemon[39819:565204] 📨 Realtime: Received broadcast message
2026-01-27 23:14:08.130 RedLemon[39819:565204]    Payload keys: timestamp, isPlaying, type, position, senderId
2026-01-27 23:14:08.131 RedLemon[39819:565204] ✅ Realtime: Decoded message type: playbackState, sender: 4AEF4E1B-BA8E-4D31-8736-BCA3B94F402B
2026-01-27 23:14:08.441 RedLemon[39819:565196] 📨 Lobby: Received Room UPDATE from Realtime
2026-01-27 23:14:10.176 RedLemon[39819:566450] 📨 Realtime: Received broadcast message
2026-01-27 23:14:10.176 RedLemon[39819:566450]    Payload keys: senderId, isPlaying, type, timestamp, position
2026-01-27 23:14:10.177 RedLemon[39819:566450] ✅ Realtime: Decoded message type: playbackState, sender: 4AEF4E1B-BA8E-4D31-8736-BCA3B94F402B
2026-01-27 23:14:12.135 RedLemon[39819:566451] 📨 Realtime: Received broadcast message
2026-01-27 23:14:12.135 RedLemon[39819:566451]    Payload keys: senderId, type, timestamp, isPlaying, position
2026-01-27 23:14:12.135 RedLemon[39819:566451] ✅ Realtime: Decoded message type: playbackState, sender: 4AEF4E1B-BA8E-4D31-8736-BCA3B94F402B
2026-01-27 23:14:14.169 RedLemon[39819:565293] 📨 Realtime: Received broadcast message
2026-01-27 23:14:14.170 RedLemon[39819:565293]    Payload keys: isPlaying, position, type, senderId, timestamp
2026-01-27 23:14:14.170 RedLemon[39819:565293] ✅ Realtime: Decoded message type: playbackState, sender: 4AEF4E1B-BA8E-4D31-8736-BCA3B94F402B
2026-01-27 23:14:16.307 RedLemon[39819:566364] 📨 Realtime: Received broadcast message
2026-01-27 23:14:16.307 RedLemon[39819:566364]    Payload keys: position, isPlaying, timestamp, type, senderId
2026-01-27 23:14:16.308 RedLemon[39819:566364] ✅ Realtime: Decoded message type: playbackState, sender: 4AEF4E1B-BA8E-4D31-8736-BCA3B94F402B
2026-01-27 23:14:18.166 RedLemon[39819:566451] 📨 Realtime: Received broadcast message
2026-01-27 23:14:18.166 RedLemon[39819:566451]    Payload keys: type, isPlaying, timestamp, position, senderId
2026-01-27 23:14:18.166 RedLemon[39819:566451] ✅ Realtime: Decoded message type: playbackState, sender: 4AEF4E1B-BA8E-4D31-8736-BCA3B94F402B
2026-01-27 23:14:18.276 RedLemon[39819:565196] 📨 Lobby: Received Room UPDATE from Realtime
2026-01-27 23:14:20.144 RedLemon[39819:565293] 📨 Realtime: Received broadcast message
2026-01-27 23:14:20.144 RedLemon[39819:565293]    Payload keys: isPlaying, timestamp, type, senderId, position
2026-01-27 23:14:20.145 RedLemon[39819:565293] ✅ Realtime: Decoded message type: playbackState, sender: 4AEF4E1B-BA8E-4D31-8736-BCA3B94F402B
2026-01-27 23:14:21.159 RedLemon[39819:565196] 📨 Lobby: Received Room UPDATE from Realtime
2026-01-27 23:14:22.156 RedLemon[39819:566364] 📨 Realtime: Received broadcast message
2026-01-27 23:14:22.156 RedLemon[39819:566364]    Payload keys: position, senderId, timestamp, isPlaying, type
2026-01-27 23:14:22.157 RedLemon[39819:566364] ✅ Realtime: Decoded message type: playbackState, sender: 4AEF4E1B-BA8E-4D31-8736-BCA3B94F402B
2026-01-27 23:14:23.913 RedLemon[39819:565950] 🔐 SupabaseClient: Signing Identity Payload: '176957366396e01cdb-36c0-4228-a6e4-a29a3c66bc8e/rpc/room_heartbeat'
2026-01-27 23:14:23.913 RedLemon[39819:565950] 🔐 Signed request to /rpc/room_heartbeat
2026-01-27 23:14:24.186 RedLemon[39819:565204] 📨 Realtime: Received broadcast message
2026-01-27 23:14:24.186 RedLemon[39819:565204]    Payload keys: senderId, position, timestamp, type, isPlaying
2026-01-27 23:14:24.186 RedLemon[39819:565204] ✅ Realtime: Decoded message type: playbackState, sender: 4AEF4E1B-BA8E-4D31-8736-BCA3B94F402B
2026-01-27 23:14:24.204 RedLemon[39819:565196] 📨 Lobby: Received Room UPDATE from Realtime
2026-01-27 23:14:24.790 RedLemon[39819:566364] 🔐 SupabaseClient: Signing Identity Payload: '176957366496e01cdb-36c0-4228-a6e4-a29a3c66bc8e/rpc/room_heartbeat'
2026-01-27 23:14:24.791 RedLemon[39819:566364] 🔐 Signed request to /rpc/room_heartbeat
2026-01-27 23:14:25.037 RedLemon[39819:565196] 📨 Lobby: Received Room UPDATE from Realtime
2026-01-27 23:14:26.110 RedLemon[39819:566450] 📨 Realtime: Received broadcast message
2026-01-27 23:14:26.110 RedLemon[39819:566450]    Payload keys: senderId, type, isPlaying, timestamp, position
2026-01-27 23:14:26.110 RedLemon[39819:566450] ✅ Realtime: Decoded message type: playbackState, sender: 4AEF4E1B-BA8E-4D31-8736-BCA3B94F402B
2026-01-27 23:14:28.098 RedLemon[39819:566451] 📨 Realtime: Received broadcast message
2026-01-27 23:14:28.098 RedLemon[39819:566451]    Payload keys: position, isPlaying, timestamp, senderId, type
2026-01-27 23:14:28.098 RedLemon[39819:566451] ✅ Realtime: Decoded message type: playbackState, sender: 4AEF4E1B-BA8E-4D31-8736-BCA3B94F402B
2026-01-27 23:14:28.293 RedLemon[39819:565196] 📨 Lobby: Received Room UPDATE from Realtime
2026-01-27 23:14:30.120 RedLemon[39819:566451] 📨 Realtime: Received broadcast message
2026-01-27 23:14:30.120 RedLemon[39819:566451]    Payload keys: senderId, timestamp, type, isPlaying, position
2026-01-27 23:14:30.120 RedLemon[39819:566451] ✅ Realtime: Decoded message type: playbackState, sender: 4AEF4E1B-BA8E-4D31-8736-BCA3B94F402B
2026-01-27 23:14:30.221 RedLemon[39819:566364] 🔐 Signed request to /rpc/user_heartbeat
📄 Subtitle request: L3N1YnRpdGxlLzM1NDQ4... (offset: 0ms)
📥 Downloading subtitle from SubDL CDN: /subtitle/3544880-8466988.zip
ℹ️ RealtimeChannelManager: Already setup for room WCJ2, filtering duplicate setup call.
📡 Connection state: connected
✅ Cache HIT: Metadata[meta_series_tt33517752]
📡 SocialService: Updated status - online: The Beauty - S01E01: Beautiful Pilot
⏰ AppState: Next schedule update set for Event End: 2026-01-28 05:49:34 +0000
⏰ AppState: Scheduling update in 5923 seconds
✅ Download complete: 30875 bytes
📦 Detected ZIP archive, extracting...
🔍 Looking for S%02dE%02d in zip (%d files)... 1 1 2
✅ Found matching file in zip (Strategy 2 - Pattern s01e01): [CoffeePrison] THE BEAUTY S01E01 DSNP WEB ENG.srt
📦 Extracting specific file: \[CoffeePrison\] THE BEAUTY S01E01 DSNP WEB ENG.srt
✅ Extraction successful
✅ Subtitle downloaded and converted to VTT
🔄 Lobby: Fetching fresh room state from Supabase...
✅ Lobby: Synced CLEAN stream info, metadata & playlist to AppState
🔄 Lobby: Fetching fresh room state from Supabase...
✅ Lobby: Synced CLEAN stream info, metadata & playlist to AppState
🔄 Lobby: Fetching fresh room state from Supabase...
✅ Lobby: Synced CLEAN stream info, metadata & playlist to AppState
⏰ AppState: Next schedule update set for Event End: 2026-01-28 05:49:34 +0000
⏰ AppState: Scheduling update in 5913 seconds
🔄 Lobby: Fetching fresh room state from Supabase...
✅ Lobby: Synced CLEAN stream info, metadata & playlist to AppState
📡 [EventsConfig] Checking server for movie_events config version...
✅ [EventsConfig] Fetched movie_events version 1586 with 397 movies
✅ [EventsConfig] Using cached movie_events config (version 1586, 397 movies)
⏰ AppState: Next schedule update set for Event End: 2026-01-28 05:49:34 +0000
⏰ AppState: Scheduling update in 5903 seconds
🔄 Lobby: Fetching fresh room state from Supabase...
✅ Lobby: Synced CLEAN stream info, metadata & playlist to AppState
🔄 Lobby: Fetching fresh room state from Supabase...
✅ Lobby: Synced CLEAN stream info, metadata & playlist to AppState
⏰ AppState: Next schedule update set for Event End: 2026-01-28 05:49:34 +0000
⏰ AppState: Scheduling update in 5893 seconds
🔄 Lobby: Fetching fresh room state from Supabase...
✅ Lobby: Synced CLEAN stream info, metadata & playlist to AppState
🔄 Lobby: Fetching fresh room state from Supabase...
✅ Lobby: Synced CLEAN stream info, metadata & playlist to AppState
🔄 Lobby: Fetching fresh room state from Supabase...
✅ Lobby: Synced CLEAN stream info, metadata & playlist to AppState
⏰ AppState: Next schedule update set for Event End: 2026-01-28 05:49:34 +0000
⏰ AppState: Scheduling update in 5883 seconds
🔄 Lobby: Fetching fresh room state from Supabase...
✅ Lobby: Synced CLEAN stream info, metadata & playlist to AppState
⏰ AppState: Next schedule update set for Event End: 2026-01-28 05:49:34 +0000
⏰ AppState: Scheduling update in 5873 seconds
🔄 Lobby: Fetching fresh room state from Supabase...
✅ Lobby: Synced CLEAN stream info, metadata & playlist to AppState
🔄 Lobby: Fetching fresh room state from Supabase...
✅ Lobby: Synced CLEAN stream info, metadata & playlist to AppState
⏰ AppState: Next schedule update set for Event End: 2026-01-28 05:49:34 +0000
⏰ AppState: Scheduling update in 5863 seconds
🔄 Lobby: Fetching fresh room state from Supabase...
✅ Lobby: Synced CLEAN stream info, metadata & playlist to AppState
🔄 Lobby: Fetching fresh room state from Supabase...
✅ Lobby: Synced CLEAN stream info, metadata & playlist to AppState
⏰ AppState: Next schedule update set for Event End: 2026-01-28 05:49:34 +0000
⏰ AppState: Scheduling update in 5854 seconds
🔄 Lobby: Fetching fresh room state from Supabase...
✅ Lobby: Synced CLEAN stream info, metadata & playlist to AppState
🔄 Lobby: Fetching fresh room state from Supabase...
✅ Lobby: Synced CLEAN stream info, metadata & playlist to AppState
📡 [EventsConfig] Checking server for movie_events config version...
✅ [EventsConfig] Fetched movie_events version 1586 with 397 movies
✅ [EventsConfig] Using cached movie_events config (version 1586, 397 movies)
⏰ AppState: Next schedule update set for Event End: 2026-01-28 05:49:34 +0000
⏰ AppState: Scheduling update in 5843 seconds
🔄 Lobby: Fetching fresh room state from Supabase...
✅ Lobby: Synced CLEAN stream info, metadata & playlist to AppState
🔄 Lobby: Fetching fresh room state from Supabase...
✅ Lobby: Synced CLEAN stream info, metadata & playlist to AppState
⏰ AppState: Next schedule update set for Event End: 2026-01-28 05:49:34 +0000
⏰ AppState: Scheduling update in 5833 seconds
🔄 Lobby: Fetching fresh room state from Supabase...
✅ Lobby: Synced CLEAN stream info, metadata & playlist to AppState
🔄 Lobby: Fetching fresh room state from Supabase...
✅ Lobby: Synced CLEAN stream info, metadata & playlist to AppState
⏰ AppState: Next schedule update set for Event End: 2026-01-28 05:49:34 +0000
⏰ AppState: Scheduling update in 5823 seconds
🔄 Lobby: Fetching fresh room state from Supabase...
✅ Lobby: Synced CLEAN stream info, metadata & playlist to AppState
🔄 Lobby: Fetching fresh room state from Supabase...
✅ Lobby: Synced CLEAN stream info, metadata & playlist to AppState
⏰ AppState: Next schedule update set for Event End: 2026-01-28 05:49:34 +0000
⏰ AppState: Scheduling update in 5814 seconds
🔄 Lobby: Fetching fresh room state from Supabase...
✅ Lobby: Synced CLEAN stream info, metadata & playlist to AppState
🔄 Lobby: Fetching fresh room state from Supabase...
✅ Lobby: Synced CLEAN stream info, metadata & playlist to AppState
⏰ AppState: Next schedule update set for Event End: 2026-01-28 05:49:34 +0000
⏰ AppState: Scheduling update in 5803 seconds
🔄 Lobby: Fetching fresh room state from Supabase...
✅ Lobby: Synced CLEAN stream info, metadata & playlist to AppState
🔄 Lobby: Fetching fresh room state from Supabase...
✅ Lobby: Synced CLEAN stream info, metadata & playlist to AppState
⏰ AppState: Next schedule update set for Event End: 2026-01-28 05:49:34 +0000
⏰ AppState: Scheduling update in 5794 seconds
🔄 Lobby: Fetching fresh room state from Supabase...
✅ Lobby: Synced CLEAN stream info, metadata & playlist to AppState
📡 [EventsConfig] Checking server for movie_events config version...
✅ [EventsConfig] Fetched movie_events version 1586 with 397 movies
✅ [EventsConfig] Using cached movie_events config (version 1586, 397 movies)
⏰ AppState: Next schedule update set for Event End: 2026-01-28 05:49:34 +0000
⏰ AppState: Scheduling update in 5783 seconds
🔄 Lobby: Fetching fresh room state from Supabase...
✅ Lobby: Synced CLEAN stream info, metadata & playlist to AppState
🔄 Lobby: Fetching fresh room state from Supabase...
✅ Lobby: Synced CLEAN stream info, metadata & playlist to AppState
🔄 Lobby: Fetching fresh room state from Supabase...
✅ Lobby: Synced CLEAN stream info, metadata & playlist to AppState
⏰ AppState: Next schedule update set for Event End: 2026-01-28 05:49:34 +0000
⏰ AppState: Scheduling update in 5773 seconds
🔄 Lobby: Fetching fresh room state from Supabase...
✅ Lobby: Synced CLEAN stream info, metadata & playlist to AppState
🔄 Lobby: Fetching fresh room state from Supabase...
✅ Lobby: Synced CLEAN stream info, metadata & playlist to AppState
⏰ AppState: Next schedule update set for Event End: 2026-01-28 05:49:34 +0000
⏰ AppState: Scheduling update in 5763 seconds
🔄 Lobby: Fetching fresh room state from Supabase...
✅ Lobby: Synced CLEAN stream info, metadata & playlist to AppState
⏰ AppState: Next schedule update set for Event End: 2026-01-28 05:49:34 +0000
⏰ AppState: Scheduling update in 5753 seconds
🔄 Lobby: Fetching fresh room state from Supabase...
✅ Lobby: Synced CLEAN stream info, metadata & playlist to AppState
🔄 Lobby: Fetching fresh room state from Supabase...
✅ Lobby: Synced CLEAN stream info, metadata & playlist to AppState
⏰ AppState: Next schedule update set for Event End: 2026-01-28 05:49:34 +0000
⏰ AppState: Scheduling update in 5743 seconds
🔄 Lobby: Fetching fresh room state from Supabase...
✅ Lobby: Synced CLEAN stream info, metadata & playlist to AppState
🔄 Lobby: Fetching fresh room state from Supabase...
✅ Lobby: Synced CLEAN stream info, metadata & playlist to AppState
🔄 Lobby: Fetching fresh room state from Supabase...
✅ Lobby: Synced CLEAN stream info, metadata & playlist to AppState
⏰ AppState: Next schedule update set for Event End: 2026-01-28 05:49:34 +0000
⏰ AppState: Scheduling update in 5733 seconds
🔄 Lobby: Fetching fresh room state from Supabase...
✅ Lobby: Synced CLEAN stream info, metadata & playlist to AppState
📡 [EventsConfig] Checking server for movie_events config version...
✅ [EventsConfig] Fetched movie_events version 1586 with 397 movies
✅ [EventsConfig] Using cached movie_events config (version 1586, 397 movies)
⏰ AppState: Next schedule update set for Event End: 2026-01-28 05:49:34 +0000
⏰ AppState: Scheduling update in 5723 seconds
🔄 Lobby: Fetching fresh room state from Supabase...
✅ Lobby: Synced CLEAN stream info, metadata & playlist to AppState
⏰ AppState: Next schedule update set for Event End: 2026-01-28 05:49:34 +0000
⏰ AppState: Scheduling update in 5713 seconds
🔄 Lobby: Fetching fresh room state from Supabase...
✅ Lobby: Synced CLEAN stream info, metadata & playlist to AppState
🔄 Lobby: Fetching fresh room state from Supabase...
✅ Lobby: Synced CLEAN stream info, metadata & playlist to AppState
🔄 Lobby: Fetching fresh room state from Supabase...
✅ Lobby: Synced CLEAN stream info, metadata & playlist to AppState
🔄 Lobby: Fetching fresh room state from Supabase...
✅ Lobby: Synced CLEAN stream info, metadata & playlist to AppState
⏰ AppState: Next schedule update set for Event End: 2026-01-28 05:49:34 +0000
⏰ AppState: Scheduling update in 5703 seconds
