2026-01-06 01:26:52.476 RedLemon[21943:254301] 🪟 Set initial window to expanded size: (0.0, 150.0, 1366.0, 593.0)
2026-01-06 01:26:52.476 RedLemon[21943:254301] ✅ Cache cleanup timer started (runs every 30 minutes)
2026-01-06 01:26:52.552 RedLemon[21943:254301] 🔄 Resetting playback state to prevent auto-selection...
2026-01-06 01:26:52.552 RedLemon[21943:254400] 🔍 KeychainManager: Retrieved username 'ursinho' from UserDefaults
2026-01-06 01:26:52.612 RedLemon[21943:254301] ✅ Playback state reset complete - starting in browse view
2026-01-06 01:26:52.612 RedLemon[21943:254301] 🔐 APP STARTUP: Loading stored user credentials...
2026-01-06 01:26:52.612 RedLemon[21943:254301] 🧪 Testing Profile: debug
2026-01-06 01:26:52.612 RedLemon[21943:254403] 🔍 KeychainManager: Retrieved username 'ursinho' from UserDefaults
2026-01-06 01:26:52.612 RedLemon[21943:254301] ✅ Keychain: Found stored username: ursinho
2026-01-06 01:26:52.613 RedLemon[21943:254301] 🔍 Supabase: Looking up user 'ursinho' in database...
2026-01-06 01:26:52.613 RedLemon[21943:254403] 🔍 SupabaseClient: Looking up user by username 'ursinho'
2026-01-06 01:26:53.251 RedLemon[21943:254414] 📡 SupabaseClient: User lookup response received (358 bytes)
2026-01-06 01:26:53.260 RedLemon[21943:254414] ✅ SupabaseClient: Decoded 1 users from response
2026-01-06 01:26:53.260 RedLemon[21943:254414] 👤 SupabaseClient: Found user - ursinho (ID: 656DAA91-33B4-4688-9135-C982EA52D7C9)
2026-01-06 01:26:53.283 RedLemon[21943:254301] ✅ AUTH SUCCESS: User authenticated - ursinho (ID: 656DAA91-33B4-4688-9135-C982EA52D7C9)
2026-01-06 01:26:53.283 RedLemon[21943:254301] 🎯 AppState: currentUsername=ursinho, currentUserId=656DAA91-33B4-4688-9135-C982EA52D7C9
2026-01-06 01:26:53.284 RedLemon[21943:254301] 🏁 AUTH COMPLETE: Final state - username=ursinho, userId=656DAA91-33B4-4688-9135-C982EA52D7C9
2026-01-06 01:26:53.284 RedLemon[21943:254301] 🚀 RedLemon: Starting HTTP server...
2026-01-06 01:26:53.284 RedLemon[21943:254301] 📋 RedLemon: Current directory: /Users/danielnoble/Desktop/Redlemon
2026-01-06 01:26:53.303 RedLemon[21943:254301] ✅ RedLemon: HTTPServer instance created
2026-01-06 01:26:53.303 RedLemon[21943:254301] ✅ Loaded user: ursinho (ID: 656DAA91-33B4-4688-9135-C982EA52D7C9)
2026-01-06 01:26:53.303 RedLemon[21943:254403] 📡 RedLemon: Server starting on port 47253...
⏲️ [EventsConfig] Starting polling fallback (every 60s)
🔌 Connecting to Supabase Realtime: wss://151.243.109.243.nip.io/realtime/v1/websocket
✅ Connected to Supabase Realtime
✅ Sparkle configured (manual only, no auto-checks)
   Appcast URL: https://raw.githubusercontent.com/orangeapple1272/Redlemon/main/appcast.xml
   Can check: false
📅 EventsView appeared
🎬 [EventsView] Fetching movie events from centralized config...
📡 [EventsConfig] Checking server for movie_events config version...
🔍 Memory pressure monitoring enabled (safe mode)
🔍 Silent update check (custom implementation)...
🖥️ CacheManager initialized with fixed conservative limits
   Image cache limit: 30 items
📂 Loaded 5 credential(s) from cache
📡 Joined channel: realtime:events_config_updates
✅ [EventsConfig] Subscribed to realtime schedule updates
📨 Received: {"ref":"ABC5C337-43DF-44AE-B87A-9C51BAA50794","event":"phx_reply","payload":{"status":"ok","response":{"postgres_changes":[{"id":53636278,"event":"INSERT","filter":"config_type=eq.movie_events","schema":"public","table":"events_config"}]}},"topic":"realtime:events_config_updates"}
📨 Received: {"ref":null,"event":"system","payload":{"message":"Subscribed to PostgreSQL","status":"ok","extension":"postgres_changes","channel":"events_config_updates"},"topic":"realtime:events_config_updates"}
📨 Received: {"ref":null,"event":"presence_state","payload":{},"topic":"realtime:events_config_updates"}
✅ Token routes registered:
   POST /tokens/save
   POST /tokens/delete
   GET  /tokens/list
✅ Unlock routes registered:
   POST /api/streams/unlock
✅ Stream routes registered:
   POST /api/streams/resolve
   GET  /api/streams/resolveByQuality
   GET  /api/streams/resolveAll
✅ Proxy routes registered:
   GET /play/rd/:infoHash/:fileIdx
   GET /play/rd/:infoHash
✅ Subtitle routes registered:
   GET /subtitles/search?imdbId=&type=
   GET /subtitles/subdl/:encodedPath
✅ All routes registered
✅ HTTP Server configured on http://127.0.0.1:47253
🚀 Starting HTTP server...
✅ Providers initialized: torrentio, comet, zilean, mediafusion, debridsearch
[ NOTICE ] Server started on http://127.0.0.1:47253
2026-01-06 01:26:55.321 RedLemon[21943:254301] ✅ RedLemon: Server marked as ready
2026-01-06 01:26:55.350 RedLemon[21943:254301] ✅ RedLemon: Server should be running on http://127.0.0.1:47253
2026-01-06 01:26:55.350 RedLemon[21943:254301] 🔍 Performing startup checks...
2026-01-06 01:26:55.350 RedLemon[21943:254301] ✅ Username-based authentication ready
2026-01-06 01:26:56.715 RedLemon[21943:254301] 🔍 Performing startup checks...
2026-01-06 01:26:56.715 RedLemon[21943:254301] ✅ Username-based authentication ready
2026-01-06 01:26:57.809 RedLemon[21943:254301] 🔄 Checking for app updates...
2026-01-06 01:26:58.067 RedLemon[21943:254414] 📡 StreamService: Fetching metadata for tt29268110...
✅ HTTP server running on http://127.0.0.1:47253

🔗 Available endpoints:
   http://127.0.0.1:47253/health
   http://127.0.0.1:47253/status
   http://127.0.0.1:47253/api/health

✅ [EventsConfig] Fetched movie_events version 1471 with 424 movies
✅ [EventsConfig] Using cached movie_events config (version 1471, 424 movies)
✅ [EventsView] Loaded 424 movies from config version 1471
🗓 AppState: Updated schedule epoch to 2025-12-29 23:21:12 +0000
⏰ AppState: Next schedule update set for Event End: 2026-01-06 08:05:12 +0000
⏰ AppState: Scheduling update in 5898 seconds
🖼️ [CACHE] Cached image data for key: https://images.metahub.space/background/medium/tt29268110/img (759160 bytes)
❌ Supabase error (404): {"code":"PGRST205","details":null,"hint":"Perhaps you meant the table 'public.users'","message":"Could not find the table 'public.user_blocks' in the schema cache"}
⚠️ Failed to load blocked users: httpError(404, "{\"code\":\"PGRST205\",\"details\":null,\"hint\":\"Perhaps you meant the table \'public.users\'\",\"message\":\"Could not find the table \'public.user_blocks\' in the schema cache\"}")
❌ Supabase error (404): {"code":"PGRST205","details":null,"hint":"Perhaps you meant the table 'public.users'","message":"Could not find the table 'public.user_blocks' in the schema cache"}
⚠️ Failed to load blocked users: httpError(404, "{\"code\":\"PGRST205\",\"details\":null,\"hint\":\"Perhaps you meant the table \'public.users\'\",\"message\":\"Could not find the table \'public.user_blocks\' in the schema cache\"}")
🔌 SocialService: Connecting to global presence...
🔌 Connecting to Supabase Realtime: wss://151.243.109.243.nip.io/realtime/v1/websocket
✅ Connected to Supabase Realtime
✅ SocialService: Presence connected
📡 Joined channel: realtime:global-presence
✅ SocialService: Connected to global presence
🔌 SocialService: Connecting to DM channel...
🔌 Connecting to Supabase Realtime: wss://151.243.109.243.nip.io/realtime/v1/websocket
✅ Connected to Supabase Realtime
✅ SocialService: DM channel connected
📨 Received: {"ref":"C853E83A-20FD-4C39-9454-E9FFE49C90C9","event":"phx_reply","payload":{"status":"ok","response":{"postgres_changes":[]}},"topic":"realtime:global-presence"}
📨 Received: {"ref":null,"event":"presence_state","payload":{"330b5364-eac8-11f0-a31d-9ee62e3b7bba":{"metas":[{"phx_ref":"GIgQUuXE92w6ArdB","phx_ref_prev":"GIgQTj91xiw6Arah","last_seen":"2026-01-06T06:26:41.755Z","started_at":"2026-01-06T06:25:34.584Z","status":"online","user_id":"96e01cdb-36c0-4228-a6e4-a29a3c66bc8e","username":"lemontom","watching_id":"tt21188080","watching_title":"Lisa Frankenstein","watching_type":"movie"}]}},"topic":"realtime:global-presence"}
📨 Received: {"ref":null,"event":"presence_diff","payload":{"joins":{"b20b741e-eac8-11f0-8e64-9ee62e3b7bba":{"metas":[{"phx_ref":"GIgQVe4J4us6An-D","last_seen":"2026-01-06T06:26:54.811Z","status":"online","user_id":"656DAA91-33B4-4688-9135-C982EA52D7C9","username":"ursinho"}]}},"leaves":{}},"topic":"realtime:global-presence"}
📈 SocialService: User 96e01cdb-36c0-4228-a6e4-a29a3c66bc8e came online
📨 Received: {"ref":"1","event":"phx_reply","payload":{"status":"ok","response":{}},"topic":"realtime:global-presence"}
📈 SocialService: User 656daa91-33b4-4688-9135-c982ea52d7c9 came online
💰 LicenseManager: Checking for background crypto payments...
📡 Joined channel: realtime:direct_messages
✅ SocialService: Connected to DM channel
📨 Received: {"ref":"1F9EFC4C-8CF9-4A45-A755-01726F2D972A","event":"phx_reply","payload":{"status":"ok","response":{"postgres_changes":[{"id":44215242,"event":"INSERT","filter":"receiver_id=eq.656daa91-33b4-4688-9135-c982ea52d7c9","schema":"public","table":"direct_messages"},{"id":13418599,"event":"INSERT","filter":"sender_id=eq.656daa91-33b4-4688-9135-c982ea52d7c9","schema":"public","table":"direct_messages"}]}},"topic":"realtime:direct_messages"}
📬 SocialService: Fetched 0 unread messages
🔄 SocialService: Syncing 15 items to cloud...
🔄 SocialService: Syncing 15 items to cloud (serial)...
📨 Received: {"ref":null,"event":"system","payload":{"message":"Subscribed to PostgreSQL","status":"ok","extension":"postgres_changes","channel":"direct_messages"},"topic":"realtime:direct_messages"}
📨 Received: {"ref":null,"event":"presence_state","payload":{},"topic":"realtime:direct_messages"}
💰 Check Payment Response: {"success":false,"message":"No new payments detected","debug":{"checked_count":1,"assets_found":[{"chain":"base","currency":"ETH","amount":66191878437,"amountFloat":6.6191878437e-8}],"prices":{"btc":93659,"eth":3221.645},"logs":[],"rpc_logs":["Scanning evm address: 0xde969b58087D2B2C4C79C2234dE8A9E2A503E1FD","base eth_getBalance: 0xf6957e925","poly eth_getBalance: undefined","eth eth_getBalance: undefined","opt eth_getBalance: undefined","arb eth_getBalance: 0x0"]}}
🚫 Subscription revoked or inactive.
💰 LicenseManager: Checking for background crypto payments...
💰 Check Payment Response: {"success":false,"message":"No new payments detected","debug":{"checked_count":1,"assets_found":[{"chain":"base","currency":"ETH","amount":66191878437,"amountFloat":6.6191878437e-8}],"prices":{"btc":93659,"eth":3221.655},"logs":[],"rpc_logs":["Scanning evm address: 0xde969b58087D2B2C4C79C2234dE8A9E2A503E1FD","eth eth_getBalance: undefined","opt eth_getBalance: undefined","poly eth_getBalance: undefined","base eth_getBalance: 0xf6957e925","arb eth_getBalance: 0x0"]}}
🚫 Subscription revoked or inactive.
🔍 Manual update check requested...
⏰ TimeService: Synchronizing clock with server...
[2026-01-06T06:26:57Z] [INFO] [EventsView.swift:253] 🎟️ Joining event: Smile 2 (Live: true)
   Event start time: 2026-01-06 05:48:12 +0000
   Event duration: 8220.0s
   Current time: 2026-01-06 06:26:57 +0000
   Is Live: true
   Is In Lobby: false
📝 Creating new event room: event_tt29268110
⚡️ Resolving stream for system event creation...
[2026-01-06T06:26:58Z] [INFO] [StreamService.swift:47] 🎬 StreamService: Starting resolution for: Smile 2
✅ TimeService: Synced! Offset: 0.177s (RTT: 259ms)
   Local:  2026-01-06 06:26:58 +0000
   Server: 2026-01-06 06:26:58 +0000
⏰ Time synced with server! AppState should automatically recalculate.
[ INFO ] GET /api/metadata/meta/movie/tt29268110 [request-id: 334A0EF7-B44E-492E-9EE6-BF3A41A7CCD9]
2026-01-06 01:26:58.244 RedLemon[21943:254402] 📦 Decoded CinemetaMeta - videos count: -1
2026-01-06 01:26:58.244 RedLemon[21943:254402] ✅ StreamService: Metadata loaded: Smile 2
2026-01-06 01:26:58.244 RedLemon[21943:254402] ⚡️ StreamService: Resolving streams via StreamResolver (Bypassing HTTP)...
2026-01-06 01:26:58.245 RedLemon[21943:254402] ⚡️ StreamResolver: Resolving streams for tt29268110 (S0E0)
2026-01-06 01:26:58.245 RedLemon[21943:254402]    📅 Filtering by year: 2024
💾 Cache SET: Metadata[meta_movie_tt29268110]
🎬 StreamService: Resolving movie - trusted pack filtering will be applied server-side
⚡️ StreamResolver: Found Community Verified stream with 4 votes!
   ℹ️ Hash: e9c6725c74e4549b7bb4dc722419459814615c5a
   ℹ️ Last Verified: 2026-01-05 00:00:00 +0000
✅ SubDLClient initialized
🔍 Searching SubDL: tt29268110 (movie)
✅ Found 6 subtitles from SubDL (Final)
✅ StreamResolver: Attached best sub for 'Community Verified Stream (108...': Smile.2.2024.1080p.AMZN.WEB-DL...
⚡️ StreamResolver: SHORT CIRCUIT - Returning verified stream immediately.
⚡️ StreamService: Testing verified stream viability...
🔓 StreamService: Unlocking with infoHash: e9c6725c74e4...
[ INFO ] POST /api/streams/unlock [request-id: 37ED9904-4642-4358-A4FF-420851211710]
2026-01-06 01:26:58.802 RedLemon[21943:254400] 🔓 Unlock request: infoHash=e9c6725c74e4..., fileIdx=0
2026-01-06 01:26:58.802 RedLemon[21943:254400] ✅ Token found, attempting unlock...
2026-01-06 01:27:00.604 RedLemon[21943:254403] ✅ Unlocked successfully: Smile.2.2024.1080p.AMZN.WEB-DL.DDP5.1.Atmos.H.264-FLUX.mkv
2026-01-06 01:27:00.608 RedLemon[21943:254414] 📥 StreamService: Pre-downloading 5 (capped from 6) subtitles...
2026-01-06 01:27:00.608 RedLemon[21943:254414] 🐛 StreamService: downloadSubtitlesInParallel called. Season: nil, Episode: nil, Count: 5
2026-01-06 01:27:00.609 RedLemon[21943:254401] 🔍 DEBUG: Processing subtitle URL: /subtitle/3433052-8356778.zip
2026-01-06 01:27:00.609 RedLemon[21943:254414] 🔍 DEBUG: Processing subtitle URL: /subtitle/3419343-8342855.zip
2026-01-06 01:27:00.609 RedLemon[21943:254402] 🔍 DEBUG: Processing subtitle URL: /subtitle/3422522-8346079.zip
2026-01-06 01:27:00.609 RedLemon[21943:254403] 🔍 DEBUG: Processing subtitle URL: /subtitle/3419342-8342854.zip
2026-01-06 01:27:00.610 RedLemon[21943:254401] ✅ DEBUG: Raw SubDL URL detected, converting to proxy URL
2026-01-06 01:27:00.610 RedLemon[21943:254403] ✅ DEBUG: Raw SubDL URL detected, converting to proxy URL
2026-01-06 01:27:00.610 RedLemon[21943:254414] ✅ DEBUG: Raw SubDL URL detected, converting to proxy URL
2026-01-06 01:27:00.610 RedLemon[21943:254402] ✅ DEBUG: Raw SubDL URL detected, converting to proxy URL
2026-01-06 01:27:00.610 RedLemon[21943:254401] 🐛 StreamService: Constructed Proxy URL: http://127.0.0.1:47253/subtitles/subdl/L3N1YnRpdGxlLzM0MzMwNTItODM1Njc3OC56aXA=?token=0116EA94-DBEB-4ACF-85F3-19A2F0B95E6C
2026-01-06 01:27:00.611 RedLemon[21943:254403] 🐛 StreamService: Constructed Proxy URL: http://127.0.0.1:47253/subtitles/subdl/L3N1YnRpdGxlLzM0MTkzNDItODM0Mjg1NC56aXA=?token=0116EA94-DBEB-4ACF-85F3-19A2F0B95E6C
2026-01-06 01:27:00.612 RedLemon[21943:254401] 🔍 DEBUG: Processing subtitle URL: /subtitle/3434589-8358331.zip
2026-01-06 01:27:00.612 RedLemon[21943:254401] ✅ DEBUG: Raw SubDL URL detected, converting to proxy URL
2026-01-06 01:27:00.612 RedLemon[21943:254414] 🐛 StreamService: Constructed Proxy URL: http://127.0.0.1:47253/subtitles/subdl/L3N1YnRpdGxlLzM0MTkzNDMtODM0Mjg1NS56aXA=?token=0116EA94-DBEB-4ACF-85F3-19A2F0B95E6C
2026-01-06 01:27:00.613 RedLemon[21943:254401] 🐛 StreamService: Constructed Proxy URL: http://127.0.0.1:47253/subtitles/subdl/L3N1YnRpdGxlLzM0MzQ1ODktODM1ODMzMS56aXA=?token=0116EA94-DBEB-4ACF-85F3-19A2F0B95E6C
2026-01-06 01:27:00.613 RedLemon[21943:254402] 🐛 StreamService: Constructed Proxy URL: http://127.0.0.1:47253/subtitles/subdl/L3N1YnRpdGxlLzM0MjI1MjItODM0NjA3OS56aXA=?token=0116EA94-DBEB-4ACF-85F3-19A2F0B95E6C
2026-01-06 01:27:00.616 RedLemon[21943:254401] 🎬 SupabaseClient: createRoom called for id: event_tt29268110 - ENTRY
2026-01-06 01:27:00.619 RedLemon[21943:254401] 🎬 SupabaseClient: Creating room 'event_tt29268110' for host 'RedLemon Events'...
2026-01-06 01:27:00.622 RedLemon[21943:254401] 🔐 Signed request to /rooms
2026-01-06 01:27:01.105 RedLemon[21943:254401] ✅ SupabaseClient: Room creation request completed (received response)
2026-01-06 01:27:02.492 RedLemon[21943:254301] 🖼️ Loading background art: https://images.metahub.space/background/medium/tt29268110/img
2026-01-06 01:27:02.493 RedLemon[21943:254301] ⏳ Background art loading...
2026-01-06 01:27:02.494 RedLemon[21943:254301] 🎨 Loading logo: https://images.metahub.space/logo/medium/tt29268110/img
2026-01-06 01:27:02.494 RedLemon[21943:254301] ⏳ Logo loading...
2026-01-06 01:27:02.549 RedLemon[21943:254301] ✅ Background art loaded successfully
2026-01-06 01:27:02.549 RedLemon[21943:254301] ✅ Logo loaded successfully
2026-01-06 01:27:02.607 RedLemon[21943:254301]    Quality: 1080p
2026-01-06 01:27:02.608 RedLemon[21943:254301]    Mode: watchParty
2026-01-06 01:27:02.608 RedLemon[21943:254301] 📡 Fetching metadata for tt29268110...
2026-01-06 01:27:02.649 RedLemon[21943:254402] ✅ StreamService: Using provided metadata: Smile 2
2026-01-06 01:27:02.649 RedLemon[21943:254402] ⚡️ StreamService: Resolving streams via StreamResolver (Bypassing HTTP)...
2026-01-06 01:27:02.649 RedLemon[21943:254402] ⚡️ StreamResolver: Resolving streams for tt29268110 (S0E0)
2026-01-06 01:27:02.649 RedLemon[21943:254402]    📅 Filtering by year: 2024
✅ RD addMagnet: ON6STUCB6GROM
🎬 Movie: Found matching file for title 'Smile 2': /Smile.2.2024.1080p.AMZN.WEB-DL.DDP5.1.Atmos.H.264-FLUX.mkv
📝 RD: Selecting file ID 1 for torrent ON6STUCB6GROM
📊 RD poll 1/2: status=downloaded, links=1
🔗 Unrestricting link: https://real-debrid.com/d/NETLUDXLUFO26978
✅ StreamService: Stream unlocked successfully!
✅ StreamService: Verified stream is VIABLE. Returning immediately.
✅ Selected seed subtitle: http://127.0.0.1:47253/subtitles/subdl/L3N1YnRpdGxlLzM0MzMwNTItODM1Njc3OC56aXA=?token=0116EA94-DBEB-4ACF-85F3-19A2F0B95E6C
✅ Stream resolved for system event: Smile.2.2024.1080p.AMZN.WEB-DL.DDP5.1.Atmos.H.264-FLUX.mkv
   Hash: e9c6725c74e4549b7bb4dc722419459814615c5a
   URL: https://chi6-4.download.real-d...
📨 Received: {"ref":null,"event":"presence_diff","payload":{"joins":{"330b5364-eac8-11f0-a31d-9ee62e3b7bba":{"metas":[{"phx_ref":"GIgQV48gejU6Arlh","phx_ref_prev":"GIgQUuXE92w6ArdB","last_seen":"2026-01-06T06:27:01.776Z","started_at":"2026-01-06T06:25:34.584Z","status":"online","user_id":"96e01cdb-36c0-4228-a6e4-a29a3c66bc8e","username":"lemontom","watching_id":"tt21188080","watching_title":"Lisa Frankenstein","watching_type":"movie"}]}},"leaves":{"330b5364-eac8-11f0-a31d-9ee62e3b7bba":{"metas":[{"phx_ref":"GIgQUuXE92w6ArdB","phx_ref_prev":"GIgQTj91xiw6Arah","last_seen":"2026-01-06T06:26:41.755Z","started_at":"2026-01-06T06:25:34.584Z","status":"online","user_id":"96e01cdb-36c0-4228-a6e4-a29a3c66bc8e","username":"lemontom","watching_id":"tt21188080","watching_title":"Lisa Frankenstein","watching_type":"movie"}]}}},"topic":"realtime:global-presence"}
🎬 Live event - calculating position: 2330.584558367729 seconds
   Event start time: 2026-01-06 05:48:12 +0000
   Current time: 2026-01-06 06:27:02 +0000
   Room createdAt: 2026-01-06 05:48:12 +0000
   Room state: playing
   Setting resumeFromTimestamp to: 2330.584558367729
🎬 Live event - starting playback immediately (no lobby)
🎬 PlayerVM: Starting playback for: Smile 2
✅ Cache HIT: Metadata[meta_movie_tt29268110]


✅ [SYNC VERIFICATION] LOCKING TO SHARED STREAM (HASH ONLY) 🔒
[2026-01-06T06:27:02Z] [INFO] [StreamService.swift:47] 🎬 StreamService: Starting resolution for: Smile 2
🎬 StreamService: Resolving movie - trusted pack filtering will be applied server-side
⚡️ StreamResolver: Found Community Verified stream with 4 votes!
   ℹ️ Hash: e9c6725c74e4549b7bb4dc722419459814615c5a
   ℹ️ Last Verified: 2026-01-05 00:00:00 +0000
🔍 Searching SubDL: tt29268110 (movie)
✅ Found 6 subtitles from SubDL (Final)
✅ StreamResolver: Attached best sub for 'Community Verified Stream (108...': Smile.2.2024.1080p.AMZN.WEB-DL...
⚡️ StreamResolver: SHORT CIRCUIT - Returning verified stream immediately.
⚡️ StreamService: Testing verified stream viability...
🔓 StreamService: Unlocking with infoHash: e9c6725c74e4...
[ INFO ] POST /api/streams/unlock [request-id: CDC72B4A-D436-4BB3-8F4F-C34A7610F932]
2026-01-06 01:27:02.997 RedLemon[21943:254402] 🔓 Unlock request: infoHash=e9c6725c74e4..., fileIdx=0
2026-01-06 01:27:02.997 RedLemon[21943:254402] ✅ Token found, attempting unlock...
2026-01-06 01:27:02.998 RedLemon[21943:254402] ✅ Unlocked successfully: Smile.2.2024.1080p.AMZN.WEB-DL.DDP5.1.Atmos.H.264-FLUX.mkv
2026-01-06 01:27:02.999 RedLemon[21943:254401] 📥 StreamService: Pre-downloading 5 (capped from 6) subtitles...
2026-01-06 01:27:03.000 RedLemon[21943:254401] 🐛 StreamService: downloadSubtitlesInParallel called. Season: nil, Episode: nil, Count: 5
2026-01-06 01:27:03.000 RedLemon[21943:254403] 🔍 DEBUG: Processing subtitle URL: /subtitle/3419343-8342855.zip
2026-01-06 01:27:03.000 RedLemon[21943:254414] 🔍 DEBUG: Processing subtitle URL: /subtitle/3419342-8342854.zip
2026-01-06 01:27:03.000 RedLemon[21943:254401] 🔍 DEBUG: Processing subtitle URL: /subtitle/3433052-8356778.zip
2026-01-06 01:27:03.000 RedLemon[21943:254400] 🔍 DEBUG: Processing subtitle URL: /subtitle/3422522-8346079.zip
2026-01-06 01:27:03.000 RedLemon[21943:254401] ✅ DEBUG: Raw SubDL URL detected, converting to proxy URL
2026-01-06 01:27:03.000 RedLemon[21943:254414] ✅ DEBUG: Raw SubDL URL detected, converting to proxy URL
2026-01-06 01:27:03.000 RedLemon[21943:254400] ✅ DEBUG: Raw SubDL URL detected, converting to proxy URL
2026-01-06 01:27:03.000 RedLemon[21943:254403] ✅ DEBUG: Raw SubDL URL detected, converting to proxy URL
2026-01-06 01:27:03.000 RedLemon[21943:254401] 🐛 StreamService: Constructed Proxy URL: http://127.0.0.1:47253/subtitles/subdl/L3N1YnRpdGxlLzM0MzMwNTItODM1Njc3OC56aXA=?token=0116EA94-DBEB-4ACF-85F3-19A2F0B95E6C
2026-01-06 01:27:03.000 RedLemon[21943:254400] 🐛 StreamService: Constructed Proxy URL: http://127.0.0.1:47253/subtitles/subdl/L3N1YnRpdGxlLzM0MjI1MjItODM0NjA3OS56aXA=?token=0116EA94-DBEB-4ACF-85F3-19A2F0B95E6C
2026-01-06 01:27:03.000 RedLemon[21943:254403] 🐛 StreamService: Constructed Proxy URL: http://127.0.0.1:47253/subtitles/subdl/L3N1YnRpdGxlLzM0MTkzNDMtODM0Mjg1NS56aXA=?token=0116EA94-DBEB-4ACF-85F3-19A2F0B95E6C
2026-01-06 01:27:03.000 RedLemon[21943:254401] 🔍 DEBUG: Processing subtitle URL: /subtitle/3434589-8358331.zip
2026-01-06 01:27:03.000 RedLemon[21943:254401] ✅ DEBUG: Raw SubDL URL detected, converting to proxy URL
2026-01-06 01:27:03.001 RedLemon[21943:254414] 🐛 StreamService: Constructed Proxy URL: http://127.0.0.1:47253/subtitles/subdl/L3N1YnRpdGxlLzM0MTkzNDItODM0Mjg1NC56aXA=?token=0116EA94-DBEB-4ACF-85F3-19A2F0B95E6C
2026-01-06 01:27:03.001 RedLemon[21943:254401] 🐛 StreamService: Constructed Proxy URL: http://127.0.0.1:47253/subtitles/subdl/L3N1YnRpdGxlLzM0MzQ1ODktODM1ODMzMS56aXA=?token=0116EA94-DBEB-4ACF-85F3-19A2F0B95E6C
2026-01-06 01:27:03.011 RedLemon[21943:254301] 🎬🎬🎬 MPVPlayerView INIT called - streamURL: https://chi6-4.download.real-debrid.com/d/NYT4LKGRPXQQI44/Sm, subtitles: 5
2026-01-06 01:27:03.086 RedLemon[21943:254301] ✅ Stream ready, starting playback...
2026-01-06 01:27:03.086 RedLemon[21943:254301] 🖥️ WindowManager: enterFullscreen() called
2026-01-06 01:27:03.086 RedLemon[21943:254301]    Window: <SwiftUI.SwiftUIWindow: 0x7f80d8a51650>
2026-01-06 01:27:03.086 RedLemon[21943:254301]    Is fullscreen: 0
2026-01-06 01:27:03.086 RedLemon[21943:254301]    ✅ WindowManager: Toggling fullscreen ON
2026-01-06 01:27:03.184 RedLemon[21943:254301] 🖼️ Setting up MPV with native macOS video output...
2026-01-06 01:27:03.190 RedLemon[21943:254301] ✅ MPV initialized with native GPU rendering
2026-01-06 01:27:03.198 RedLemon[21943:254301] 🎬🎬🎬 MPVPlayerView .task starting
2026-01-06 01:27:03.198 RedLemon[21943:254301] 🎉 Starting watch party sync - Room: event_tt29268110, Host: NO
2026-01-06 01:27:03.198 RedLemon[21943:254301] 🎉 Watch Party Mode ENABLED. isInWatchParty = YES
2026-01-06 01:27:03.265 RedLemon[21943:254301] 🔄 Starting chat polling for room: event_tt29268110
2026-01-06 01:27:03.266 RedLemon[21943:254301] ✅ Watch party sync started successfully - isInWatchParty is now TRUE
2026-01-06 01:27:03.266 RedLemon[21943:254301] 🎬🎬🎬 About to call loadStream - isInWatchParty: YES
2026-01-06 01:27:03.266 RedLemon[21943:254301] 🎬🎬🎬 Subtitles: 5
2026-01-06 01:27:03.266 RedLemon[21943:254301] 🎬🎬🎬 LOADSTREAM CALLED - streamTitle: Smile 2
2026-01-06 01:27:03.266 RedLemon[21943:254301] 🎬🎬🎬 streamURL: https://chi6-4.download.real-debrid.com/d/NYT4LKGRPXQQI44/Sm
2026-01-06 01:27:03.267 RedLemon[21943:254301] 🎬🎬🎬 subtitles: 5
2026-01-06 01:27:03.268 RedLemon[21943:254301] 🎬🎬🎬 MPVPlayerView .task completed
2026-01-06 01:27:03.277 RedLemon[21943:254402] ℹ️ SubDL subtitles detected - downloading to local files in background...
2026-01-06 01:27:03.277 RedLemon[21943:254402] 🔍 SubtitleService: Downloading http://127.0.0.1:47253/subtitles/subdl/L3N1YnRpdGxlLzM0MzMwNTItODM1Njc3OC56aXA=?token=0116EA94-DBEB-4ACF-85F3-19A2F0B95E6C
2026-01-06 01:27:03.277 RedLemon[21943:254414] 🎬 MPV: Current video filename set to: Smile.2.2024.1080p.AMZN.WEB-DL.DDP5.1.Atmos.H.264-FLUX.mkv
2026-01-06 01:27:03.278 RedLemon[21943:254414] 🎬 MPV loadVideo called with URL: https://chi6-4.download.real-debrid.com/d/NYT4LKGRPXQQI44/Smile.2.2024.1080p.AMZN.WEB-DL.DDP5.1.Atmo, autoplay: false, expectedSubs: 3
2026-01-06 01:27:03.278 RedLemon[21943:254414] 🎬 MPV executing: loadfile "https://chi6-4.download.real-debrid.com/d/NYT4LKGRPXQQI44/Smile.2.2024.1080p.AMZN.WEB-DL.DDP5.1.Atmos.H.264-FLUX.mkv"
2026-01-06 01:27:03.278 RedLemon[21943:254414] ✅ MPV loadfile succeeded (Started Paused, waiting for Smart Load)
✅ RD cache hit: e9c6725c74e4
✅ StreamService: Stream unlocked successfully!
✅ StreamService: Verified stream is VIABLE. Returning immediately.
🎬 RedLemon: Creating MPVPlayerView
   Stream URL: https://chi6-4.download.real-debrid.com/d/NYT4LKGRPXQQI44/Sm
   Display Title: Smile 2
   Subtitle URLs: 5
      [0] Smile.2.2024.720p.WEBRip.x264.AAC5.1-[YTS.MX]
      [1] Smile.2.2024.1080p.WEBRip.x265.10bit.AAC5.1-[YTS.MX]
      [2] Smile.2.2024.1080p.AMZN.WEB-DL.DDP5.1.Atmos.H.264 (SDH)
      [3] Smile.2.2024.1080p.AMZN.WEB-DL.DDP5.1.Atmos.H.264
      [4] Smile 2 - US 4k - English - Hearing Impaired - UPC 191329261934
🎬 MPVWrapper: Creating embedded MPV with render context...
✅ MPV handle created
🎬 MPVLayerHostView initialized
🎬 Event playback detected - starting auto-exit monitor
🧠 StreamService: Marked hash e9c6725c as attempted for tt29268110
🎬 Created CGL pixel format (Core Profile 3.2)
🎬 Created CGL context with vsync enabled
🎬 MPVViewLayer initialized with async rendering
🎬 Video layer assigned to host view
🎬 Creating MPV render context with OpenGL (IINA method)...
🎬 MPV: Frame ready! Calling layer.update() (throttled)
✅ Render context created successfully (IINA method)
🎬 Layer.update() called - forceDraw:false needsFlip:true (throttled)
🎬 CVDisplayLink started
🎉 Starting watch party: roomId=event_tt29268110, isHost=false
🎬 DisplayLink: reportSwap() (throttled)
🔌 Setting up Realtime channel: watch-party:event_tt29268110
   Role: Guest
   User ID: 656DAA91-33B4-4688-9135-C982EA52D7C9
📡 Connection state: connecting
📡 Joined channel: realtime:watch-party:event_tt29268110
📡 Connection state: connected
✅ Realtime channel setup complete
⏯️ MPV: Pause state changed to false -> isPlaying = true
⚡️ PlaybackService: creating sleep assertion (preventing idle sleep)
✅ Watch party sync initialized with Realtime
🎬 Loading stream: Smile 2
   IMDB: tt29268110
   URL: https://chi6-4.download.real-debrid.com/d/NYT4LKGRPXQQI44/Sm...
   Hash: e9c6725c...
   Source: WEB-DL
💬 Added mock chat messages for testing
🎉 EVENT MODE: Loading PAUSED to seek first (preventing flash)
📡 Fetching metadata for tt29268110 as movie...
✅ Cache HIT: Metadata[meta_movie_tt29268110]
📝 Pre-loading external subtitles (Top 3)...
⚡️ PlaybackService: releasing sleep assertion
[ INFO ] GET /subtitles/subdl/L3N1YnRpdGxlLzM0MzMwNTItODM1Njc3OC56aXA= [request-id: 3467D5B5-0E76-4A90-9878-F2B4EBC5FEEE]
2026-01-06 01:27:03.855 RedLemon[21943:254573] ✅ Subtitle 1 downloaded to: /var/folders/3v/s3d75ntd4v90_pg0mb6rmlz40000gn/T/sub_23DD23AE-CEAC-416F-88C8-392420F72AE6.vtt
2026-01-06 01:27:03.855 RedLemon[21943:254573] 📝 Loading subtitle from: /var/folders/3v/s3d75ntd4v90_pg0mb6rmlz40000gn/T/sub_23DD23AE-CEAC-416F-88C8-392
2026-01-06 01:27:03.877 RedLemon[21943:254573] ✅ External subtitle added to track list (not auto-selected)
2026-01-06 01:27:03.877 RedLemon[21943:254573] 🔍 SubtitleService: Downloading http://127.0.0.1:47253/subtitles/subdl/L3N1YnRpdGxlLzM0MjI1MjItODM0NjA3OS56aXA=?token=0116EA94-DBEB-4ACF-85F3-19A2F0B95E6C
📄 Subtitle request: L3N1YnRpdGxlLzM0MzMw... (offset: 0ms)
📥 Downloading subtitle from SubDL CDN: /subtitle/3433052-8356778.zip
👁️ ChatOverlayView appeared - UI UPDATE ROUND 6
⌨️ ChatOverlayView: Triggering input focus (showChat=true)
📨 Received: {"ref":"1DC27137-7021-4D23-A8A5-4D9AD4A8B5CC","event":"phx_reply","payload":{"status":"ok","response":{"postgres_changes":[]}},"topic":"realtime:watch-party:event_tt29268110"}
📨 Received: {"ref":null,"event":"presence_state","payload":{},"topic":"realtime:watch-party:event_tt29268110"}
📨 Received: {"ref":"1","event":"phx_reply","payload":{"status":"ok","response":{}},"topic":"realtime:watch-party:event_tt29268110"}
📨 Received: {"ref":null,"event":"presence_diff","payload":{"joins":{"b71652a8-eac8-11f0-9c50-9ee62e3b7bba":{"metas":[{"phx_ref":"GIgQV-ZEzxSvVrph","is_host":false,"joined_at":1767680823.2628841,"user_id":"656DAA91-33B4-4688-9135-C982EA52D7C9","username":"ursinho"}]}},"leaves":{}},"topic":"realtime:watch-party:event_tt29268110"}
📨 Received: {"ref":"2","event":"phx_reply","payload":{"status":"ok","response":{}},"topic":"realtime:global-presence"}
📨 Received: {"ref":null,"event":"presence_diff","payload":{"joins":{"b20b741e-eac8-11f0-8e64-9ee62e3b7bba":{"metas":[{"phx_ref":"GIgQV-amB4M6AoED","phx_ref_prev":"GIgQVe4J4us6An-D","last_seen":"2026-01-06T06:27:03.276Z","room_id":"event_tt29268110","started_at":"2026-01-06T06:27:03.276Z","status":"online","user_id":"656daa91-33b4-4688-9135-c982ea52d7c9","username":"ursinho","watching_id":"tt29268110","watching_title":"Smile 2","watching_type":"movie"}]}},"leaves":{"b20b741e-eac8-11f0-8e64-9ee62e3b7bba":{"metas":[{"phx_ref":"GIgQVe4J4us6An-D","last_seen":"2026-01-06T06:26:54.811Z","status":"online","user_id":"656DAA91-33B4-4688-9135-C982EA52D7C9","username":"ursinho"}]}}},"topic":"realtime:global-presence"}
✅ Got background: https://images.metahub.space/background/medium/tt29268110/im...
✅ Got poster URL: https://images.metahub.space/poster/small/tt29268110/img...
✅ Got logo: https://images.metahub.space/logo/medium/tt29268110/img...
📡 SocialService: Updated status - online: Smile 2
➕ Added new participant 656daa91-33b4-4688-9135-c982ea52d7c9 (Ref: GIgQV-ZEzxSvVrph)
⏰ AppState: Next schedule update set for Event End: 2026-01-06 08:05:12 +0000
⏰ AppState: Scheduling update in 5889 seconds
⏳ EVENT: Waiting for duration to start playback...
⏳ MPVPlayerViewModel: Enhancing UI - Buffering started (show spinner)
✅ Download complete: 75907 bytes
📦 Detected ZIP archive, extracting...
⚠️ No specific episode match found, using first file: Smile 2 SDH.srt
📦 Extracting specific file: Smile 2 SDH.srt
✅ Extraction successful
✅ Subtitle downloaded and converted to VTT
[ INFO ] GET /subtitles/subdl/L3N1YnRpdGxlLzM0MjI1MjItODM0NjA3OS56aXA= [request-id: A0C2418B-4D1D-4261-9026-D7AEDF8CD7E4]
2026-01-06 01:27:04.463 RedLemon[21943:254402] ✅ Subtitle 2 downloaded to: /var/folders/3v/s3d75ntd4v90_pg0mb6rmlz40000gn/T/sub_92E6A80C-8208-438F-9D46-FC5C0D223F6B.vtt
2026-01-06 01:27:04.463 RedLemon[21943:254402] 📝 Loading subtitle from: /var/folders/3v/s3d75ntd4v90_pg0mb6rmlz40000gn/T/sub_92E6A80C-8208-438F-9D46-FC5
2026-01-06 01:27:04.473 RedLemon[21943:254402] ✅ External subtitle added to track list (not auto-selected)
2026-01-06 01:27:04.473 RedLemon[21943:254402] 🔍 SubtitleService: Downloading http://127.0.0.1:47253/subtitles/subdl/L3N1YnRpdGxlLzM0MTkzNDMtODM0Mjg1NS56aXA=?token=0116EA94-DBEB-4ACF-85F3-19A2F0B95E6C
📄 Subtitle request: L3N1YnRpdGxlLzM0MjI1... (offset: 0ms)
📥 Downloading subtitle from SubDL CDN: /subtitle/3422522-8346079.zip
🎬 DisplayLink: reportSwap() (throttled)
✅ Download complete: 110745 bytes
📦 Detected ZIP archive, extracting...
⚠️ No specific episode match found, using first file: English.srt
📦 Extracting specific file: English.srt
✅ Extraction successful
✅ Subtitle downloaded and converted to VTT
[ INFO ] GET /subtitles/subdl/L3N1YnRpdGxlLzM0MTkzNDMtODM0Mjg1NS56aXA= [request-id: C6F9B2A3-6043-48C9-A7EB-927DA658A5B1]
2026-01-06 01:27:05.043 RedLemon[21943:254418] ✅ Subtitle 3 downloaded to: /var/folders/3v/s3d75ntd4v90_pg0mb6rmlz40000gn/T/sub_945767E6-EFAE-4949-B34B-140869A0EDA1.vtt
2026-01-06 01:27:05.043 RedLemon[21943:254418] 📝 Loading subtitle from: /var/folders/3v/s3d75ntd4v90_pg0mb6rmlz40000gn/T/sub_945767E6-EFAE-4949-B34B-140
2026-01-06 01:27:05.054 RedLemon[21943:254418] ✅ External subtitle added to track list (not auto-selected)
2026-01-06 01:27:05.054 RedLemon[21943:254418] 🔍 MPV track-list/count: 3
2026-01-06 01:27:05.055 RedLemon[21943:254418] 🔍 Track 0 type: sub
2026-01-06 01:27:05.055 RedLemon[21943:254418] ✅ Found subtitle track: ID=1, lang=en, title=Smile.2.2024.720p.WEBRip.x264.AAC5.1-[YTS.MX], external=1
2026-01-06 01:27:05.055 RedLemon[21943:254418] 🔍 Track 1 type: sub
2026-01-06 01:27:05.055 RedLemon[21943:254418] ✅ Found subtitle track: ID=2, lang=en, title=Smile.2.2024.1080p.WEBRip.x265.10bit.AAC5.1-[YTS.MX], external=1
2026-01-06 01:27:05.055 RedLemon[21943:254418] 🔍 Track 2 type: sub
2026-01-06 01:27:05.056 RedLemon[21943:254418] ✅ Found subtitle track: ID=3, lang=en, title=Smile.2.2024.1080p.AMZN.WEB-DL.DDP5.1.Atmos.H.264 (SDH), external=1
2026-01-06 01:27:05.056 RedLemon[21943:254418] 📊 Total subtitle tracks found: 4 (including Off if needed)
2026-01-06 01:27:05.056 RedLemon[21943:254418]    Start[0]: ID=0, Title='Off', Lang='nil', Ext=0
2026-01-06 01:27:05.056 RedLemon[21943:254418]    Start[1]: ID=1, Title='Smile.2.2024.720p.WEBRip.x264.AAC5.1-[YTS.MX]', Lang='en', Ext=1
2026-01-06 01:27:05.056 RedLemon[21943:254418]    Start[2]: ID=2, Title='Smile.2.2024.1080p.WEBRip.x265.10bit.AAC5.1-[YTS.MX]', Lang='en', Ext=1
2026-01-06 01:27:05.056 RedLemon[21943:254418]    Start[3]: ID=3, Title='Smile.2.2024.1080p.AMZN.WEB-DL.DDP5.1.Atmos.H.264 (SDH)', Lang='en', Ext=1
2026-01-06 01:27:05.057 RedLemon[21943:254418] ✅ SubtitleService: Scanned 4 tracks (Attempt 1/5)
2026-01-06 01:27:05.057 RedLemon[21943:254418]    Track: ID=0, Title=Off, External=0
2026-01-06 01:27:05.057 RedLemon[21943:254418]    Track: ID=1, Title=Smile.2.2024.720p.WEBRip.x264.AAC5.1-[YTS.MX], External=1
2026-01-06 01:27:05.057 RedLemon[21943:254418]    Track: ID=2, Title=Smile.2.2024.1080p.WEBRip.x265.10bit.AAC5.1-[YTS.MX], External=1
2026-01-06 01:27:05.057 RedLemon[21943:254418]    Track: ID=3, Title=Smile.2.2024.1080p.AMZN.WEB-DL.DDP5.1.Atmos.H.264 (SDH), External=1
2026-01-06 01:27:06.114 RedLemon[21943:254418] 🔍 MPV track-list/count: 8
2026-01-06 01:27:06.181 RedLemon[21943:254418] 🔍 Track 0 type: sub
2026-01-06 01:27:06.181 RedLemon[21943:254301] ⏩ Watch Party: File loaded (late join), skipping Ready Gate
2026-01-06 01:27:06.413 RedLemon[21943:254418] ✅ Found subtitle track: ID=1, lang=en, title=Smile.2.2024.720p.WEBRip.x264.AAC5.1-[YTS.MX], external=1
2026-01-06 01:27:06.421 RedLemon[21943:254418] 🔍 Track 1 type: sub
2026-01-06 01:27:06.421 RedLemon[21943:254418] ✅ Found subtitle track: ID=2, lang=en, title=Smile.2.2024.1080p.WEBRip.x265.10bit.AAC5.1-[YTS.MX], external=1
2026-01-06 01:27:06.421 RedLemon[21943:254418] 🔍 Track 2 type: sub
2026-01-06 01:27:06.422 RedLemon[21943:254418] ✅ Found subtitle track: ID=3, lang=en, title=Smile.2.2024.1080p.AMZN.WEB-DL.DDP5.1.Atmos.H.264 (SDH), external=1
2026-01-06 01:27:06.422 RedLemon[21943:254418] 🔍 Track 3 type: video
2026-01-06 01:27:06.422 RedLemon[21943:254418] 🔍 Track 4 type: audio
2026-01-06 01:27:06.422 RedLemon[21943:254418] 🔍 Track 5 type: sub
2026-01-06 01:27:06.422 RedLemon[21943:254418] ✅ Found subtitle track: ID=4, lang=en-US, title=nil, external=0
2026-01-06 01:27:06.422 RedLemon[21943:254418] 🔍 Track 6 type: sub
2026-01-06 01:27:06.422 RedLemon[21943:254418] ✅ Found subtitle track: ID=5, lang=en-US, title=SDH, external=0
2026-01-06 01:27:06.423 RedLemon[21943:254418] 🔍 Track 7 type: sub
2026-01-06 01:27:06.423 RedLemon[21943:254418] ✅ Found subtitle track: ID=6, lang=fr-CA, title=Canadian, external=0
2026-01-06 01:27:06.423 RedLemon[21943:254418] 📊 Total subtitle tracks found: 7 (including Off if needed)
2026-01-06 01:27:06.423 RedLemon[21943:254418]    Start[0]: ID=0, Title='Off', Lang='nil', Ext=0
2026-01-06 01:27:06.423 RedLemon[21943:254418]    Start[1]: ID=1, Title='Smile.2.2024.720p.WEBRip.x264.AAC5.1-[YTS.MX]', Lang='en', Ext=1
2026-01-06 01:27:06.424 RedLemon[21943:254418]    Start[2]: ID=2, Title='Smile.2.2024.1080p.WEBRip.x265.10bit.AAC5.1-[YTS.MX]', Lang='en', Ext=1
2026-01-06 01:27:06.424 RedLemon[21943:254418]    Start[3]: ID=3, Title='Smile.2.2024.1080p.AMZN.WEB-DL.DDP5.1.Atmos.H.264 (SDH)', Lang='en', Ext=1
2026-01-06 01:27:06.424 RedLemon[21943:254418]    Start[4]: ID=4, Title='nil', Lang='en-US', Ext=0
2026-01-06 01:27:06.424 RedLemon[21943:254418]    Start[5]: ID=5, Title='SDH', Lang='en-US', Ext=0
2026-01-06 01:27:06.424 RedLemon[21943:254418]    Start[6]: ID=6, Title='Canadian', Lang='fr-CA', Ext=0
2026-01-06 01:27:06.424 RedLemon[21943:254418] ✅ SubtitleService: Scanned 7 tracks (Attempt 2/5)
2026-01-06 01:27:06.424 RedLemon[21943:254418]    Track: ID=0, Title=Off, External=0
2026-01-06 01:27:06.425 RedLemon[21943:254418]    Track: ID=1, Title=Smile.2.2024.720p.WEBRip.x264.AAC5.1-[YTS.MX], External=1
2026-01-06 01:27:06.425 RedLemon[21943:254418]    Track: ID=2, Title=Smile.2.2024.1080p.WEBRip.x265.10bit.AAC5.1-[YTS.MX], External=1
2026-01-06 01:27:06.425 RedLemon[21943:254418]    Track: ID=3, Title=Smile.2.2024.1080p.AMZN.WEB-DL.DDP5.1.Atmos.H.264 (SDH), External=1
2026-01-06 01:27:06.425 RedLemon[21943:254418]    Track: ID=4, Title=Track 4, External=0
2026-01-06 01:27:06.426 RedLemon[21943:254418]    Track: ID=5, Title=SDH, External=0
2026-01-06 01:27:06.426 RedLemon[21943:254418]    Track: ID=6, Title=Canadian, External=0
2026-01-06 01:27:07.501 RedLemon[21943:254402] 🔍 MPV track-list/count: 8
2026-01-06 01:27:07.501 RedLemon[21943:254402] 🔍 Track 0 type: sub
2026-01-06 01:27:07.502 RedLemon[21943:254402] ✅ Found subtitle track: ID=1, lang=en, title=Smile.2.2024.720p.WEBRip.x264.AAC5.1-[YTS.MX], external=1
2026-01-06 01:27:07.503 RedLemon[21943:254402] 🔍 Track 1 type: sub
2026-01-06 01:27:07.503 RedLemon[21943:254402] ✅ Found subtitle track: ID=2, lang=en, title=Smile.2.2024.1080p.WEBRip.x265.10bit.AAC5.1-[YTS.MX], external=1
2026-01-06 01:27:07.503 RedLemon[21943:254402] 🔍 Track 2 type: sub
2026-01-06 01:27:07.504 RedLemon[21943:254402] ✅ Found subtitle track: ID=3, lang=en, title=Smile.2.2024.1080p.AMZN.WEB-DL.DDP5.1.Atmos.H.264 (SDH), external=1
2026-01-06 01:27:07.504 RedLemon[21943:254402] 🔍 Track 3 type: video
2026-01-06 01:27:07.505 RedLemon[21943:254402] 🔍 Track 4 type: audio
2026-01-06 01:27:07.505 RedLemon[21943:254402] 🔍 Track 5 type: sub
2026-01-06 01:27:07.505 RedLemon[21943:254402] ✅ Found subtitle track: ID=4, lang=en-US, title=nil, external=0
2026-01-06 01:27:07.505 RedLemon[21943:254402] 🔍 Track 6 type: sub
2026-01-06 01:27:07.506 RedLemon[21943:254402] ✅ Found subtitle track: ID=5, lang=en-US, title=SDH, external=0
2026-01-06 01:27:07.506 RedLemon[21943:254402] 🔍 Track 7 type: sub
2026-01-06 01:27:07.506 RedLemon[21943:254402] ✅ Found subtitle track: ID=6, lang=fr-CA, title=Canadian, external=0
2026-01-06 01:27:07.506 RedLemon[21943:254402] 📊 Total subtitle tracks found: 7 (including Off if needed)
2026-01-06 01:27:07.506 RedLemon[21943:254402]    Start[0]: ID=0, Title='Off', Lang='nil', Ext=0
2026-01-06 01:27:07.506 RedLemon[21943:254402]    Start[1]: ID=1, Title='Smile.2.2024.720p.WEBRip.x264.AAC5.1-[YTS.MX]', Lang='en', Ext=1
2026-01-06 01:27:07.507 RedLemon[21943:254402]    Start[2]: ID=2, Title='Smile.2.2024.1080p.WEBRip.x265.10bit.AAC5.1-[YTS.MX]', Lang='en', Ext=1
2026-01-06 01:27:07.507 RedLemon[21943:254402]    Start[3]: ID=3, Title='Smile.2.2024.1080p.AMZN.WEB-DL.DDP5.1.Atmos.H.264 (SDH)', Lang='en', Ext=1
2026-01-06 01:27:07.507 RedLemon[21943:254402]    Start[4]: ID=4, Title='nil', Lang='en-US', Ext=0
2026-01-06 01:27:07.507 RedLemon[21943:254402]    Start[5]: ID=5, Title='SDH', Lang='en-US', Ext=0
2026-01-06 01:27:07.507 RedLemon[21943:254402]    Start[6]: ID=6, Title='Canadian', Lang='fr-CA', Ext=0
2026-01-06 01:27:07.508 RedLemon[21943:254402] ✅ SubtitleService: Scanned 7 tracks (Attempt 3/5)
2026-01-06 01:27:07.508 RedLemon[21943:254402]    Track: ID=0, Title=Off, External=0
2026-01-06 01:27:07.509 RedLemon[21943:254402]    Track: ID=1, Title=Smile.2.2024.720p.WEBRip.x264.AAC5.1-[YTS.MX], External=1
2026-01-06 01:27:07.509 RedLemon[21943:254402]    Track: ID=2, Title=Smile.2.2024.1080p.WEBRip.x265.10bit.AAC5.1-[YTS.MX], External=1
2026-01-06 01:27:07.509 RedLemon[21943:254402]    Track: ID=3, Title=Smile.2.2024.1080p.AMZN.WEB-DL.DDP5.1.Atmos.H.264 (SDH), External=1
2026-01-06 01:27:07.509 RedLemon[21943:254402]    Track: ID=4, Title=Track 4, External=0
2026-01-06 01:27:07.509 RedLemon[21943:254402]    Track: ID=5, Title=SDH, External=0
2026-01-06 01:27:07.510 RedLemon[21943:254402]    Track: ID=6, Title=Canadian, External=0
2026-01-06 01:27:08.600 RedLemon[21943:254402] 🔍 MPV track-list/count: 8
2026-01-06 01:27:08.601 RedLemon[21943:254402] 🔍 Track 0 type: sub
2026-01-06 01:27:08.601 RedLemon[21943:254402] ✅ Found subtitle track: ID=1, lang=en, title=Smile.2.2024.720p.WEBRip.x264.AAC5.1-[YTS.MX], external=1
2026-01-06 01:27:08.601 RedLemon[21943:254402] 🔍 Track 1 type: sub
2026-01-06 01:27:08.602 RedLemon[21943:254402] ✅ Found subtitle track: ID=2, lang=en, title=Smile.2.2024.1080p.WEBRip.x265.10bit.AAC5.1-[YTS.MX], external=1
2026-01-06 01:27:08.602 RedLemon[21943:254402] 🔍 Track 2 type: sub
2026-01-06 01:27:08.602 RedLemon[21943:254402] ✅ Found subtitle track: ID=3, lang=en, title=Smile.2.2024.1080p.AMZN.WEB-DL.DDP5.1.Atmos.H.264 (SDH), external=1
2026-01-06 01:27:08.602 RedLemon[21943:254402] 🔍 Track 3 type: video
2026-01-06 01:27:08.602 RedLemon[21943:254402] 🔍 Track 4 type: audio
2026-01-06 01:27:08.602 RedLemon[21943:254402] 🔍 Track 5 type: sub
2026-01-06 01:27:08.603 RedLemon[21943:254402] ✅ Found subtitle track: ID=4, lang=en-US, title=nil, external=0
2026-01-06 01:27:08.603 RedLemon[21943:254402] 🔍 Track 6 type: sub
2026-01-06 01:27:08.603 RedLemon[21943:254402] ✅ Found subtitle track: ID=5, lang=en-US, title=SDH, external=0
2026-01-06 01:27:08.603 RedLemon[21943:254402] 🔍 Track 7 type: sub
2026-01-06 01:27:08.603 RedLemon[21943:254402] ✅ Found subtitle track: ID=6, lang=fr-CA, title=Canadian, external=0
2026-01-06 01:27:08.603 RedLemon[21943:254402] 📊 Total subtitle tracks found: 7 (including Off if needed)
2026-01-06 01:27:08.603 RedLemon[21943:254402]    Start[0]: ID=0, Title='Off', Lang='nil', Ext=0
2026-01-06 01:27:08.603 RedLemon[21943:254402]    Start[1]: ID=1, Title='Smile.2.2024.720p.WEBRip.x264.AAC5.1-[YTS.MX]', Lang='en', Ext=1
2026-01-06 01:27:08.603 RedLemon[21943:254402]    Start[2]: ID=2, Title='Smile.2.2024.1080p.WEBRip.x265.10bit.AAC5.1-[YTS.MX]', Lang='en', Ext=1
2026-01-06 01:27:08.604 RedLemon[21943:254402]    Start[3]: ID=3, Title='Smile.2.2024.1080p.AMZN.WEB-DL.DDP5.1.Atmos.H.264 (SDH)', Lang='en', Ext=1
2026-01-06 01:27:08.604 RedLemon[21943:254402]    Start[4]: ID=4, Title='nil', Lang='en-US', Ext=0
2026-01-06 01:27:08.604 RedLemon[21943:254402]    Start[5]: ID=5, Title='SDH', Lang='en-US', Ext=0
2026-01-06 01:27:08.604 RedLemon[21943:254402]    Start[6]: ID=6, Title='Canadian', Lang='fr-CA', Ext=0
2026-01-06 01:27:08.604 RedLemon[21943:254402] ✅ SubtitleService: Scanned 7 tracks (Attempt 4/5)
2026-01-06 01:27:08.605 RedLemon[21943:254402]    Track: ID=0, Title=Off, External=0
2026-01-06 01:27:08.605 RedLemon[21943:254402]    Track: ID=1, Title=Smile.2.2024.720p.WEBRip.x264.AAC5.1-[YTS.MX], External=1
2026-01-06 01:27:08.605 RedLemon[21943:254402]    Track: ID=2, Title=Smile.2.2024.1080p.WEBRip.x265.10bit.AAC5.1-[YTS.MX], External=1
2026-01-06 01:27:08.606 RedLemon[21943:254402]    Track: ID=3, Title=Smile.2.2024.1080p.AMZN.WEB-DL.DDP5.1.Atmos.H.264 (SDH), External=1
2026-01-06 01:27:08.607 RedLemon[21943:254402]    Track: ID=4, Title=Track 4, External=0
2026-01-06 01:27:08.608 RedLemon[21943:254402]    Track: ID=5, Title=SDH, External=0
2026-01-06 01:27:08.608 RedLemon[21943:254402]    Track: ID=6, Title=Canadian, External=0
2026-01-06 01:27:09.609 RedLemon[21943:254414] 🔍 MPV track-list/count: 8
2026-01-06 01:27:09.609 RedLemon[21943:254414] 🔍 Track 0 type: sub
2026-01-06 01:27:09.609 RedLemon[21943:254414] ✅ Found subtitle track: ID=1, lang=en, title=Smile.2.2024.720p.WEBRip.x264.AAC5.1-[YTS.MX], external=1
2026-01-06 01:27:09.610 RedLemon[21943:254414] 🔍 Track 1 type: sub
2026-01-06 01:27:09.611 RedLemon[21943:254414] ✅ Found subtitle track: ID=2, lang=en, title=Smile.2.2024.1080p.WEBRip.x265.10bit.AAC5.1-[YTS.MX], external=1
2026-01-06 01:27:09.611 RedLemon[21943:254414] 🔍 Track 2 type: sub
2026-01-06 01:27:09.611 RedLemon[21943:254414] ✅ Found subtitle track: ID=3, lang=en, title=Smile.2.2024.1080p.AMZN.WEB-DL.DDP5.1.Atmos.H.264 (SDH), external=1
2026-01-06 01:27:09.612 RedLemon[21943:254414] 🔍 Track 3 type: video
2026-01-06 01:27:09.612 RedLemon[21943:254414] 🔍 Track 4 type: audio
2026-01-06 01:27:09.612 RedLemon[21943:254414] 🔍 Track 5 type: sub
2026-01-06 01:27:09.612 RedLemon[21943:254414] ✅ Found subtitle track: ID=4, lang=en-US, title=nil, external=0
2026-01-06 01:27:09.612 RedLemon[21943:254414] 🔍 Track 6 type: sub
2026-01-06 01:27:09.612 RedLemon[21943:254414] ✅ Found subtitle track: ID=5, lang=en-US, title=SDH, external=0
2026-01-06 01:27:09.612 RedLemon[21943:254414] 🔍 Track 7 type: sub
2026-01-06 01:27:09.613 RedLemon[21943:254414] ✅ Found subtitle track: ID=6, lang=fr-CA, title=Canadian, external=0
2026-01-06 01:27:09.613 RedLemon[21943:254414] 📊 Total subtitle tracks found: 7 (including Off if needed)
2026-01-06 01:27:09.613 RedLemon[21943:254414]    Start[0]: ID=0, Title='Off', Lang='nil', Ext=0
2026-01-06 01:27:09.613 RedLemon[21943:254414]    Start[1]: ID=1, Title='Smile.2.2024.720p.WEBRip.x264.AAC5.1-[YTS.MX]', Lang='en', Ext=1
2026-01-06 01:27:09.613 RedLemon[21943:254414]    Start[2]: ID=2, Title='Smile.2.2024.1080p.WEBRip.x265.10bit.AAC5.1-[YTS.MX]', Lang='en', Ext=1
2026-01-06 01:27:09.613 RedLemon[21943:254414]    Start[3]: ID=3, Title='Smile.2.2024.1080p.AMZN.WEB-DL.DDP5.1.Atmos.H.264 (SDH)', Lang='en', Ext=1
2026-01-06 01:27:09.614 RedLemon[21943:254414]    Start[4]: ID=4, Title='nil', Lang='en-US', Ext=0
2026-01-06 01:27:09.614 RedLemon[21943:254414]    Start[5]: ID=5, Title='SDH', Lang='en-US', Ext=0
2026-01-06 01:27:09.614 RedLemon[21943:254414]    Start[6]: ID=6, Title='Canadian', Lang='fr-CA', Ext=0
2026-01-06 01:27:09.614 RedLemon[21943:254414] ✅ SubtitleService: Scanned 7 tracks (Attempt 5/5)
2026-01-06 01:27:09.615 RedLemon[21943:254414]    Track: ID=0, Title=Off, External=0
2026-01-06 01:27:09.616 RedLemon[21943:254414]    Track: ID=1, Title=Smile.2.2024.720p.WEBRip.x264.AAC5.1-[YTS.MX], External=1
2026-01-06 01:27:09.617 RedLemon[21943:254414]    Track: ID=2, Title=Smile.2.2024.1080p.WEBRip.x265.10bit.AAC5.1-[YTS.MX], External=1
2026-01-06 01:27:09.617 RedLemon[21943:254414]    Track: ID=3, Title=Smile.2.2024.1080p.AMZN.WEB-DL.DDP5.1.Atmos.H.264 (SDH), External=1
2026-01-06 01:27:09.617 RedLemon[21943:254414]    Track: ID=4, Title=Track 4, External=0
2026-01-06 01:27:09.617 RedLemon[21943:254414]    Track: ID=5, Title=SDH, External=0
2026-01-06 01:27:09.618 RedLemon[21943:254414]    Track: ID=6, Title=Canadian, External=0
2026-01-06 01:27:13.816 RedLemon[21943:254301] 👥 MPVPlayer: Merged participants list via polling (Count: 2)
2026-01-06 01:27:19.051 RedLemon[21943:254573] 📨 Realtime: Received broadcast message
2026-01-06 01:27:19.052 RedLemon[21943:254573]    Payload keys: position, senderId, timestamp, type, isPlaying
2026-01-06 01:27:19.053 RedLemon[21943:254573] ✅ Realtime: Decoded message type: ready, sender: 96E01CDB-36C0-4228-A6E4-A29A3C66BC8E
2026-01-06 01:27:19.054 RedLemon[21943:254573] 📞 Realtime: Invoking syncCallback for message type: ready
2026-01-06 01:27:19.054 RedLemon[21943:254573] ✅ Realtime: syncCallback invoked successfully
2026-01-06 01:27:19.074 RedLemon[21943:254301] 🔍 DEBUG: Received sync message - type: ready, sender: 96E01CDB-36C0-4228-A6E4-A29A3C66BC8E
2026-01-06 01:27:19.074 RedLemon[21943:254301] ✅ Received READY signal from 96E01CDB-36C0-4228-A6E4-A29A3C66BC8E (normalized: 96e01cdb-36c0-4228-a6e4-a29a3c66bc8e)
2026-01-06 01:27:19.075 RedLemon[21943:254301] ⚠️ Adding 96e01cdb-36c0-4228-a6e4-a29a3c66bc8e to connectedGuestIds (presence fallback)
📄 Subtitle request: L3N1YnRpdGxlLzM0MTkz... (offset: 0ms)
📥 Downloading subtitle from SubDL CDN: /subtitle/3419343-8342855.zip
✅ Download complete: 41598 bytes
📦 Detected ZIP archive, extracting...
⚠️ No specific episode match found, using first file: Smile.2.2024.1080p.AMZN.WEB-DL.DDP5.1.Atmos.H.264 (SDH).srt
📦 Extracting specific file: Smile.2.2024.1080p.AMZN.WEB-DL.DDP5.1.Atmos.H.264 (SDH).srt
✅ Extraction successful
✅ Subtitle downloaded and converted to VTT
🔍 SubtitleService: Starting embedded track scan (polling 5s)...
📊 Current subtitle track: 3
🎬 DisplayLink: reportSwap() (throttled)
[MPV] (+) Video --vid=1 (*) (h264 1920x960 23.976fps)
[MPV] (+) Audio --aid=1 --alang=en-US (*) (eac3 6ch 48000Hz)
[MPV] Subs  --sid=1 --slang=en 'Smile.2.2024.720p.WEBRip.x264.AAC5.1-[YTS.MX]' (webvtt) (external)
[MPV] Subs  --sid=2 --slang=en 'Smile.2.2024.1080p.WEBRip.x265.10bit.AAC5.1-[YTS.MX]' (webvtt) (external)
[MPV] (+) Subs  --sid=3 --slang=en 'Smile.2.2024.1080p.AMZN.WEB-DL.DDP5.1.Atmos.H.264 (SDH)' (webvtt) (external)
[MPV] Subs  --sid=4 --slang=en-US (subrip)
[MPV] Subs  --sid=5 --slang=en-US 'SDH' (subrip)
[MPV] Subs  --sid=6 --slang=fr-CA 'Canadian' (subrip)
 MPV Event: 18
 MPV Event: 18
⏳ EVENT: Waiting for duration to start playback...
🔍 SMART-LOAD: Starting track polling loop...
🔍 SMART-LOAD: Expecting 3 external subtitles to prevent race condition
🎉 EVENT: File loaded/Duration ready (7758.251s), preparing to seek...
   Seeking to live edge: 2334s
 MPV Event: 18
 MPV Event: 17
 MPV Event: 17
🎬 MPV: Frame ready! Calling layer.update() (throttled)
🎬 Layer.update() called - forceDraw:false needsFlip:true (throttled)
🎬 DisplayLink: reportSwap() (throttled)
🎉 EVENT: File loaded/Duration ready (7758.251s), preparing to seek...
   Seeking to live edge: 2334s
✅ SMART-LOAD: Found 8 tracks including 3/3 external subs.
✅ SMART-LOAD: All tracks ready! Proceeding to selection.
📊 Current subtitle track: 3
🎬 canDraw() = true (forceDraw:false, hasFrame:true) (throttled)
🎬 draw() - Rendering frame! (throttled)
[MPV] Using hardware decoding (videotoolbox).
🔍 AUDIO AUTO-SELECT: Starting smart audio track scan
🔍 Track 1: en-US | 6ch | English: true | Commentary: false -> Score: 1065
🏆 Selected best audio track: en-US (ID: 1, Score: 1065)
🔍 AUDIO AUTO-SELECT: Starting smart audio track scan
🔍 Track 1: en-US | 6ch | English: true | Commentary: false -> Score: 1065
🏆 Selected best audio track: en-US (ID: 1, Score: 1065)
🔍 AUTO-SELECT: Starting subtitle scan & selection refresh
🔍 AUTO-SELECT: Found 8 total tracks
🔍 AUTO-SELECT: Track 0 - ID: 1, lang: 'en', title: 'Smile.2.2024.720p.WEBRip.x264.AAC5.1-[YTS.MX]', forced: false, default: false, HI: false, Ext: true
🔍 AUTO-SELECT: Track 1 - ID: 2, lang: 'en', title: 'Smile.2.2024.1080p.WEBRip.x265.10bit.AAC5.1-[YTS.MX]', forced: false, default: false, HI: false, Ext: true
🔍 AUTO-SELECT: Track 2 - ID: 3, lang: 'en', title: 'Smile.2.2024.1080p.AMZN.WEB-DL.DDP5.1.Atmos.H.264 (SDH)', forced: false, default: false, HI: false, Ext: true
🔍 AUTO-SELECT: Track 5 - ID: 4, lang: 'en-US', title: 'nil', forced: false, default: false, HI: false, Ext: false
🔍 AUTO-SELECT: Track 6 - ID: 5, lang: 'en-US', title: 'SDH', forced: false, default: false, HI: false, Ext: false
✅ Auto-selecting BEST English subtitle: SDH (ID: 5) [External: false, Forced: false, Default: false, HI: false]
   🏆 Final Score: 3850 (Embedded: 3000, Match: 0, Clean: 600, SDH: 250)
 MPV Event: 20
[MPV] AO: [coreaudio] 48000Hz stereo 2ch floatp
⚡️ PlaybackService: creating sleep assertion (preventing idle sleep)
✅ Video ready - hiding poster
🎉 EVENT: Video ready, drift is small (0.35s), skipping redundant seek
📝 Started watch history tracking
[MPV] VO: [libmpv] 1920x960 videotoolbox[nv12]
[MPV] Track switched:
[MPV] (+) Video --vid=1 (*) (h264 [High] 1920x960 23.976fps)
[MPV] (+) Audio --aid=1 --alang=en-US (*) (eac3 [Dolby Digital Plus + Dolby Atmos] 6ch 48000Hz)
[MPV] Subs  --sid=1 --slang=en 'Smile.2.2024.720p.WEBRip.x264.AAC5.1-[YTS.MX]' (webvtt) (external)
[MPV] Subs  --sid=2 --slang=en 'Smile.2.2024.1080p.WEBRip.x265.10bit.AAC5.1-[YTS.MX]' (webvtt) (external)
[MPV] (+) Subs  --sid=3 --slang=en 'Smile.2.2024.1080p.AMZN.WEB-DL.DDP5.1.Atmos.H.264 (SDH)' (webvtt) (external)
[MPV] Subs  --sid=4 --slang=en-US (subrip)
[MPV] Subs  --sid=5 --slang=en-US 'SDH' (subrip)
[MPV] Subs  --sid=6 --slang=fr-CA 'Canadian' (subrip)
[MPV] Track switched:
[MPV] (+) Video --vid=1 (*) (h264 [High] 1920x960 23.976fps)
[MPV] (+) Audio --aid=1 --alang=en-US (*) (eac3 [Dolby Digital Plus + Dolby Atmos] 6ch 48000Hz)
[MPV] Subs  --sid=1 --slang=en 'Smile.2.2024.720p.WEBRip.x264.AAC5.1-[YTS.MX]' (webvtt) (external)
[MPV] Subs  --sid=2 --slang=en 'Smile.2.2024.1080p.WEBRip.x265.10bit.AAC5.1-[YTS.MX]' (webvtt) (external)
[MPV] Subs  --sid=3 --slang=en 'Smile.2.2024.1080p.AMZN.WEB-DL.DDP5.1.Atmos.H.264 (SDH)' (webvtt) (external)
[MPV] Subs  --sid=4 --slang=en-US (subrip)
[MPV] (+) Subs  --sid=5 --slang=en-US 'SDH' (subrip)
[MPV] Subs  --sid=6 --slang=fr-CA 'Canadian' (subrip)
🔓 MPVPlayerViewModel: Time advancing (time: 2334.4145469665527) while buffering - Forcing UI unlock
⏸️ SMART-LOAD: Staying paused (Watch Party / User Request)
 MPV Event: 20
🎬 DisplayLink: reportSwap() (throttled)
📊 Current subtitle track: 5
✅ MPVPlayerViewModel: Enhancing UI - Buffering finished (hide spinner) [File Loaded]
🎬 DisplayLink: reportSwap() (throttled)
🎬 MPV: Frame ready! Calling layer.update() (throttled)
📊 Current subtitle track: 5
🎬 Layer.update() called - forceDraw:false needsFlip:true (throttled)
🎬 DisplayLink: reportSwap() (throttled)
📊 Current subtitle track: 5
🔍 AUTO-SELECT: Starting subtitle scan & selection refresh
🔍 AUTO-SELECT: Found 8 total tracks
🔍 AUTO-SELECT: Track 0 - ID: 1, lang: 'en', title: 'Smile.2.2024.720p.WEBRip.x264.AAC5.1-[YTS.MX]', forced: false, default: false, HI: false, Ext: true
🔍 AUTO-SELECT: Track 1 - ID: 2, lang: 'en', title: 'Smile.2.2024.1080p.WEBRip.x265.10bit.AAC5.1-[YTS.MX]', forced: false, default: false, HI: false, Ext: true
🔍 AUTO-SELECT: Track 2 - ID: 3, lang: 'en', title: 'Smile.2.2024.1080p.AMZN.WEB-DL.DDP5.1.Atmos.H.264 (SDH)', forced: false, default: false, HI: false, Ext: true
🔍 AUTO-SELECT: Track 5 - ID: 4, lang: 'en-US', title: 'nil', forced: false, default: false, HI: false, Ext: false
🔍 AUTO-SELECT: Track 6 - ID: 5, lang: 'en-US', title: 'SDH', forced: false, default: false, HI: false, Ext: false
✅ Auto-selecting BEST English subtitle: SDH (ID: 5) [External: false, Forced: false, Default: false, HI: false]
   🏆 Final Score: 3850 (Embedded: 3000, Match: 0, Clean: 600, SDH: 250)
🎬 DisplayLink: reportSwap() (throttled)
🎬 MPV: Frame ready! Calling layer.update() (throttled)
🎬 DisplayLink: reportSwap() (throttled)
🎬 canDraw() = true (forceDraw:false, hasFrame:true) (throttled)
🎬 draw() - Rendering frame! (throttled)
🎬 Layer.update() called - forceDraw:false needsFlip:true (throttled)
🎬 DisplayLink: reportSwap() (throttled)
🎬 MPV: Frame ready! Calling layer.update() (throttled)
🎬 DisplayLink: reportSwap() (throttled)
📨 Received: {"ref":null,"event":"presence_diff","payload":{"joins":{"330b5364-eac8-11f0-a31d-9ee62e3b7bba":{"metas":[{"phx_ref":"GIgQWlNkafw6ArrB","phx_ref_prev":"GIgQV48gejU6Arlh","last_seen":"2026-01-06T06:27:13.661Z","status":"Browsing","user_id":"96e01cdb-36c0-4228-a6e4-a29a3c66bc8e","username":"lemontom"}]}},"leaves":{"330b5364-eac8-11f0-a31d-9ee62e3b7bba":{"metas":[{"phx_ref":"GIgQV48gejU6Arlh","phx_ref_prev":"GIgQUuXE92w6ArdB","last_seen":"2026-01-06T06:27:01.776Z","started_at":"2026-01-06T06:25:34.584Z","status":"online","user_id":"96e01cdb-36c0-4228-a6e4-a29a3c66bc8e","username":"lemontom","watching_id":"tt21188080","watching_title":"Lisa Frankenstein","watching_type":"movie"}]}}},"topic":"realtime:global-presence"}
🎬 DisplayLink: reportSwap() (throttled)
🎬 MPV: Frame ready! Calling layer.update() (throttled)
📨 Received: {"ref":"3","event":"phx_reply","payload":{"status":"ok","response":{}},"topic":"realtime:global-presence"}
📨 Received: {"ref":null,"event":"presence_diff","payload":{"joins":{"b20b741e-eac8-11f0-8e64-9ee62e3b7bba":{"metas":[{"phx_ref":"GIgQWpiVs1o6AoFj","phx_ref_prev":"GIgQV-amB4M6AoED","last_seen":"2026-01-06T06:27:14.860Z","room_id":"event_tt29268110","started_at":"2026-01-06T06:27:03.276Z","status":"online","user_id":"656daa91-33b4-4688-9135-c982ea52d7c9","username":"ursinho","watching_id":"tt29268110","watching_title":"Smile 2","watching_type":"movie"}]}},"leaves":{"b20b741e-eac8-11f0-8e64-9ee62e3b7bba":{"metas":[{"phx_ref":"GIgQV-amB4M6AoED","phx_ref_prev":"GIgQVe4J4us6An-D","last_seen":"2026-01-06T06:27:03.276Z","room_id":"event_tt29268110","started_at":"2026-01-06T06:27:03.276Z","status":"online","user_id":"656daa91-33b4-4688-9135-c982ea52d7c9","username":"ursinho","watching_id":"tt29268110","watching_title":"Smile 2","watching_type":"movie"}]}}},"topic":"realtime:global-presence"}
🎬 Layer.update() called - forceDraw:false needsFlip:true (throttled)
🎬 DisplayLink: reportSwap() (throttled)
🎬 MPV: Frame ready! Calling layer.update() (throttled)
🎬 DisplayLink: reportSwap() (throttled)
🎬 canDraw() = true (forceDraw:false, hasFrame:true) (throttled)
🎬 draw() - Rendering frame! (throttled)
📨 Received: {"ref":null,"event":"presence_diff","payload":{"joins":{"bf06328a-eac8-11f0-931c-9ee62e3b7bba":{"metas":[{"phx_ref":"GIgQWwAkYKavVrrh","is_host":false,"joined_at":1767680836.567694,"user_id":"96E01CDB-36C0-4228-A6E4-A29A3C66BC8E","username":"lemontom"}]}},"leaves":{}},"topic":"realtime:watch-party:event_tt29268110"}
📨 Received: {"ref":null,"event":"presence_diff","payload":{"joins":{"330b5364-eac8-11f0-a31d-9ee62e3b7bba":{"metas":[{"phx_ref":"GIgQWwE3lMQ6ArsB","phx_ref_prev":"GIgQWlNkafw6ArrB","last_seen":"2026-01-06T06:27:16.576Z","room_id":"event_tt29268110","started_at":"2026-01-06T06:27:16.576Z","status":"online","user_id":"96e01cdb-36c0-4228-a6e4-a29a3c66bc8e","username":"lemontom","watching_id":"tt29268110","watching_title":"Smile 2","watching_type":"movie"}]}},"leaves":{"330b5364-eac8-11f0-a31d-9ee62e3b7bba":{"metas":[{"phx_ref":"GIgQWlNkafw6ArrB","phx_ref_prev":"GIgQV48gejU6Arlh","last_seen":"2026-01-06T06:27:13.661Z","status":"Browsing","user_id":"96e01cdb-36c0-4228-a6e4-a29a3c66bc8e","username":"lemontom"}]}}},"topic":"realtime:global-presence"}
🔄 Updated existing participant 96e01cdb-36c0-4228-a6e4-a29a3c66bc8e with Ref: GIgQWwAkYKavVrrh
🎬 DisplayLink: reportSwap() (throttled)
🎬 Layer.update() called - forceDraw:false needsFlip:true (throttled)
🎬 MPV: Frame ready! Calling layer.update() (throttled)
🎬 DisplayLink: reportSwap() (throttled)
📨 Received: {"ref":null,"event":"broadcast","payload":{"event":"sync","payload":{"isPlaying":false,"position":0,"senderId":"96E01CDB-36C0-4228-A6E4-A29A3C66BC8E","timestamp":1767680838.895184,"type":"ready"},"type":"broadcast"},"topic":"realtime:watch-party:event_tt29268110"}
🎬 DisplayLink: reportSwap() (throttled)
🎬 MPV: Frame ready! Calling layer.update() (throttled)
🎬 DisplayLink: reportSwap() (throttled)
🎬 Layer.update() called - forceDraw:false needsFlip:true (throttled)
🎬 DisplayLink: reportSwap() (throttled)
🎬 canDraw() = true (forceDraw:false, hasFrame:true) (throttled)
🎬 draw() - Rendering frame! (throttled)
💓 Heartbeat sent
📨 Received: {"ref":"2","event":"phx_reply","payload":{"status":"ok","response":{}},"topic":"phoenix"}
🎬 MPV: Frame ready! Calling layer.update() (throttled)
🎬 DisplayLink: reportSwap() (throttled)
📨 Received: {"ref":null,"event":"presence_diff","payload":{"joins":{"330b5364-eac8-11f0-a31d-9ee62e3b7bba":{"metas":[{"phx_ref":"GIgQXD7o6YY6AoID","phx_ref_prev":"GIgQWwE3lMQ6ArsB","last_seen":"2026-01-06T06:27:21.908Z","room_id":"event_tt29268110","started_at":"2026-01-06T06:27:16.576Z","status":"online","user_id":"96e01cdb-36c0-4228-a6e4-a29a3c66bc8e","username":"lemontom","watching_id":"tt29268110","watching_title":"Smile 2","watching_type":"movie"}]}},"leaves":{"330b5364-eac8-11f0-a31d-9ee62e3b7bba":{"metas":[{"phx_ref":"GIgQWwE3lMQ6ArsB","phx_ref_prev":"GIgQWlNkafw6ArrB","last_seen":"2026-01-06T06:27:16.576Z","room_id":"event_tt29268110","started_at":"2026-01-06T06:27:16.576Z","status":"online","user_id":"96e01cdb-36c0-4228-a6e4-a29a3c66bc8e","username":"lemontom","watching_id":"tt29268110","watching_title":"Smile 2","watching_type":"movie"}]}}},"topic":"realtime:global-presence"}
🎬 DisplayLink: reportSwap() (throttled)
🎬 Layer.update() called - forceDraw:false needsFlip:true (throttled)
🎬 MPV: Frame ready! Calling layer.update() (throttled)
🎬 DisplayLink: reportSwap() (throttled)
💓 Heartbeat sent
📨 Received: {"ref":"4","event":"phx_reply","payload":{"status":"ok","response":{}},"topic":"phoenix"}
💓 Heartbeat sent
📨 Received: {"ref":"1","event":"phx_reply","payload":{"status":"ok","response":{}},"topic":"phoenix"}
🎬 DisplayLink: reportSwap() (throttled)
🎬 MPV: Frame ready! Calling layer.update() (throttled)
🎬 DisplayLink: reportSwap() (throttled)
🎬 canDraw() = true (forceDraw:false, hasFrame:true) (throttled)
🎬 draw() - Rendering frame! (throttled)
🎬 Layer.update() called - forceDraw:false needsFlip:true (throttled)
🎬 DisplayLink: reportSwap() (throttled)
🎬 MPV: Frame ready! Calling layer.update() (throttled)
🎬 DisplayLink: reportSwap() (throttled)
🎬 DisplayLink: reportSwap() (throttled)
🎬 Layer.update() called - forceDraw:false needsFlip:true (throttled)
🎬 MPV: Frame ready! Calling layer.update() (throttled)
🎬 DisplayLink: reportSwap() (throttled)
🎬 DisplayLink: reportSwap() (throttled)
🎬 canDraw() = true (forceDraw:false, hasFrame:true) (throttled)
🎬 draw() - Rendering frame! (throttled)
🎬 MPV: Frame ready! Calling layer.update() (throttled)
🎬 DisplayLink: reportSwap() (throttled)
🎬 Layer.update() called - forceDraw:false needsFlip:true (throttled)
🎬 DisplayLink: reportSwap() (throttled)
🎬 MPV: Frame ready! Calling layer.update() (throttled)
🎬 DisplayLink: reportSwap() (throttled)
📨 Received: {"ref":"5","event":"phx_reply","payload":{"status":"ok","response":{}},"topic":"realtime:global-presence"}
📨 Received: {"ref":null,"event":"presence_diff","payload":{"joins":{"b20b741e-eac8-11f0-8e64-9ee62e3b7bba":{"metas":[{"phx_ref":"GIgQX0Hgz7U6AoJj","phx_ref_prev":"GIgQWpiVs1o6AoFj","last_seen":"2026-01-06T06:27:34.879Z","room_id":"event_tt29268110","started_at":"2026-01-06T06:27:03.276Z","status":"online","user_id":"656daa91-33b4-4688-9135-c982ea52d7c9","username":"ursinho","watching_id":"tt29268110","watching_title":"Smile 2","watching_type":"movie"}]}},"leaves":{"b20b741e-eac8-11f0-8e64-9ee62e3b7bba":{"metas":[{"phx_ref":"GIgQWpiVs1o6AoFj","phx_ref_prev":"GIgQV-amB4M6AoED","last_seen":"2026-01-06T06:27:14.860Z","room_id":"event_tt29268110","started_at":"2026-01-06T06:27:03.276Z","status":"online","user_id":"656daa91-33b4-4688-9135-c982ea52d7c9","username":"ursinho","watching_id":"tt29268110","watching_title":"Smile 2","watching_type":"movie"}]}}},"topic":"realtime:global-presence"}
🎬 DisplayLink: reportSwap() (throttled)
🎬 Layer.update() called - forceDraw:false needsFlip:true (throttled)
🎬 MPV: Frame ready! Calling layer.update() (throttled)
🎬 DisplayLink: reportSwap() (throttled)
🎬 canDraw() = true (forceDraw:false, hasFrame:true) (throttled)
🎬 draw() - Rendering frame! (throttled)
💾 Saved to watch history: Smile 2 at 2362s
🎬 DisplayLink: reportSwap() (throttled)
🎬 MPV: Frame ready! Calling layer.update() (throttled)
