2026-01-27 21:56:33.786 RedLemon[25041:503732] 🪟 Set initial window to expanded size: (0.0, 121.0, 1280.0, 654.0)
2026-01-27 21:56:33.787 RedLemon[25041:503732] ✅ Cache cleanup timer started (runs every 30 minutes)
2026-01-27 21:56:33.856 RedLemon[25041:503732] 🔄 Resetting playback state to prevent auto-selection...
2026-01-27 21:56:33.858 RedLemon[25041:503732] ⚠️ PlayerVM: currentWatchPartyRoom set to NIL. Stack Trace unavailable, but check recent logs.
2026-01-27 21:56:33.893 RedLemon[25041:503732] ✅ Playback state reset complete - starting in browse view
2026-01-27 21:56:33.893 RedLemon[25041:503732] 🔐 APP STARTUP: Loading stored user credentials...
2026-01-27 21:56:33.893 RedLemon[25041:503732] 🧪 Testing Profile: debug
2026-01-27 21:56:33.895 RedLemon[25041:503739] 📂 Loaded 5 credential(s) from cache
2026-01-27 21:56:33.897 RedLemon[25041:503732] ✅ Keychain: Found stored username: lemontom
2026-01-27 21:56:33.897 RedLemon[25041:503732] 🔍 Supabase: Looking up user 'lemontom' in database...
2026-01-27 21:56:33.897 RedLemon[25041:503740] 🔍 SupabaseClient: Looking up user by username 'lemontom'
2026-01-27 21:56:34.609 RedLemon[25041:503737] 📡 SupabaseClient: User lookup response received (427 bytes)
2026-01-27 21:56:34.616 RedLemon[25041:503737] ✅ SupabaseClient: Decoded 1 users from response
2026-01-27 21:56:34.616 RedLemon[25041:503737] 👤 SupabaseClient: Found user - lemontom (ID: 96E01CDB-36C0-4228-A6E4-A29A3C66BC8E)
2026-01-27 21:56:34.666 RedLemon[25041:503732] ✅ AUTH SUCCESS: User authenticated - lemontom (ID: 96E01CDB-36C0-4228-A6E4-A29A3C66BC8E)
2026-01-27 21:56:34.666 RedLemon[25041:503732] 🎯 AppState: currentUsername=lemontom, currentUserId=96E01CDB-36C0-4228-A6E4-A29A3C66BC8E
2026-01-27 21:56:34.670 RedLemon[25041:503732] 🛡️ AdminRealtimeService: Starting authenticated listeners...
2026-01-27 21:56:34.676 RedLemon[25041:503732] ✅ AdminRealtimeService: Subscribed to reported_streams, feedback_reports, and broadcast alerts via shared client
2026-01-27 21:56:35.021 RedLemon[25041:503732] 📊 AdminRealtimeService: Initial sync complete. Reports: 0, Feedback: 0
2026-01-27 21:56:35.960 RedLemon[25041:503732] 🏁 AUTH COMPLETE: Final state - username=lemontom, userId=96E01CDB-36C0-4228-A6E4-A29A3C66BC8E
2026-01-27 21:56:35.964 RedLemon[25041:503740] 🔐 Signed request to /rpc/fetch_user_library
2026-01-27 21:56:35.964 RedLemon[25041:503742] 🔐 Signed request to /rpc/fetch_user_library
2026-01-27 21:56:36.172 RedLemon[25041:503739] 🔐 Signed request to /rpc/fetch_user_watch_history
2026-01-27 21:56:36.720 RedLemon[25041:503732] 🚀 RedLemon: Starting HTTP server...
2026-01-27 21:56:36.721 RedLemon[25041:503732] 📋 RedLemon: Current directory: /Users/danielnoble/Desktop/RedLemon-Native
2026-01-27 21:56:36.732 RedLemon[25041:503732] ✅ RedLemon: HTTPServer instance created
2026-01-27 21:56:36.733 RedLemon[25041:503740] 📡 RedLemon: Server starting on port 47253...
2026-01-27 21:56:36.733 RedLemon[25041:503732] ✅ RedLemon: Server marked as ready (Optimistic)
⏲️ [EventsConfig] Starting polling fallback (every 60s)
🔌 Connecting to Supabase Realtime: wss://151.243.109.243.nip.io/realtime/v1/websocket
✅ Connected to Supabase Realtime
📡 Sparkle requesting feed URL: https://151.243.109.243.nip.io/updates/appcast.xml
✅ Sparkle configured (seamless mode)
   Appcast URL: https://151.243.109.243.nip.io/updates/appcast.xml
   Can check: true
📅 EventsView appeared
🎬 [EventsView] Fetching movie events from centralized config...
📡 [EventsConfig] Checking server for movie_events config version...
🔍 Memory pressure monitoring enabled (safe mode)
🔍 Silent update check (custom implementation)...
🖥️ CacheManager initialized with fixed conservative limits
   Image cache limit: 1000 items
📡 Sparkle requesting feed URL: https://151.243.109.243.nip.io/updates/appcast.xml
📡 Joined channel: realtime:events_config_updates (interest count: 1)
✅ [EventsConfig] Subscribed to realtime schedule updates
📡 Joined channel: realtime:reported_streams (interest count: 1)
📡 Joined channel: realtime:feedback_reports (interest count: 1)
📡 Joined channel: realtime:admin:alerts (interest count: 1)
❌ Realtime System Error (realtime:reported_streams): Unable to subscribe to changes with given parameters. Please check Realtime is enabled for the given connect parameters: [schema: public, table: reported_streams, filters: []]
❌ Realtime System Error (realtime:feedback_reports): Unable to subscribe to changes with given parameters. Please check Realtime is enabled for the given connect parameters: [schema: public, table: feedback_reports, filters: []]
✅ [EventsConfig] Fetched movie_events version 1586 with 397 movies
✅ [EventsConfig] Using cached movie_events config (version 1586, 397 movies)
✅ [EventsView] Loaded 397 movies from config version 1586
🗓 AppState: Updated schedule epoch to 2026-01-23 22:49:34 +0000
⏰ AppState: Next schedule update set for Event End: 2026-01-28 03:58:34 +0000
⏰ AppState: Scheduling update in 3719 seconds
🖼️ [CACHE] Cached image data for key: https://images.metahub.space/background/medium/tt3235888/img (731836 bytes)
⏰ AppState: Next schedule update set for Event End: 2026-01-28 03:58:34 +0000
⏰ AppState: Scheduling update in 3719 seconds
⏰ AppState: Next schedule update set for Event End: 2026-01-28 03:58:34 +0000
⏰ AppState: Scheduling update in 3719 seconds
🖼️ [CACHE] Cached image data for key: https://images.metahub.space/background/medium/tt4154796/img (1018934 bytes)
🔌 SocialService: Connecting to global presence via shared client...
📡 Joined channel: realtime:global-presence (interest count: 1)
✅ SocialService: Connected to global presence
🔌 SocialService: Connecting to social realtime channels via shared client...
📡 Joined channel: realtime:direct_messages (interest count: 1)
📡 Joined channel: realtime:friendships (interest count: 1)
✅ SocialService: Connected to social channels
📬 SocialService: Fetched 0 unread messages
📈 SocialService: User 96e01cdb-36c0-4228-a6e4-a29a3c66bc8e came online
✅ Token routes registered:
   POST /tokens/save
   POST /tokens/delete
   GET  /tokens/list
✅ Unlock routes registered:
   POST /api/streams/unlock
✅ Stream routes registered:
   POST /api/streams/resolve
   GET  /api/streams/resolveByQuality
   GET  /api/streams/resolveAll
✅ Proxy routes registered:
   GET /play/rd/:infoHash/:fileIdx
   GET /play/rd/:infoHash
✅ Subtitle routes registered:
   GET /subtitles/search?imdbId=&type=
   GET /subtitles/subdl/:encodedPath
✅ All routes registered
✅ HTTP Server configured on http://127.0.0.1:47253
🚀 Starting HTTP server...
✅ Providers initialized: torrentio, comet, zilean, mediafusion, debridsearch
[ NOTICE ] Server started on http://127.0.0.1:47253
2026-01-27 21:56:36.768 RedLemon[25041:503732] ✅ RedLemon: Server should be running on http://127.0.0.1:47253
2026-01-27 21:56:36.768 RedLemon[25041:503732] 🏥 [AppState] Starting global provider health check...
2026-01-27 21:56:36.768 RedLemon[25041:503732] 🔍 Performing startup checks...
2026-01-27 21:56:36.769 RedLemon[25041:503732] ✅ Username-based authentication ready
2026-01-27 21:56:36.770 RedLemon[25041:503742] 🔐 Signed request to /check-payment
2026-01-27 21:56:37.318 RedLemon[25041:503741] 🎬 Torrentio: Building URL for movie (no season/episode)
2026-01-27 21:56:37.319 RedLemon[25041:503741] 🔗 Torrentio URL (length: 55): https://torrentio.strem.fun/stream/movie/tt0133093.json...
2026-01-27 21:56:38.239 RedLemon[25041:503732] ✅ [AppState] Provider health check complete (found 7 services)
2026-01-27 21:56:41.244 RedLemon[25041:503741] 🔐 Signed request to /rpc/user_heartbeat
2026-01-27 21:56:41.800 RedLemon[25041:503732] 🔄 Checking for app updates...
2026-01-27 21:56:41.801 RedLemon[25041:503742] 🔐 Signed request to /rpc/get_server_time
2026-01-27 21:57:06.408 RedLemon[25041:503979] 🔐 Signed request to /rpc/user_heartbeat
✅ HTTP server running on http://127.0.0.1:47253

🔗 Available endpoints:
   http://127.0.0.1:47253/health
   http://127.0.0.1:47253/status
   http://127.0.0.1:47253/api/health

💰 LicenseManager: Starting hybrid license check...
✅ SubDLClient initialized
👤 LicenseManager: Profile expiry: Optional(2026-04-18 17:23:32 +0000)
🎉 License updated! Expires: 2026-04-18 17:23:32 +0000
🔍 Silent update check (custom implementation)...
⏰ TimeService: Synchronizing clock with server...
✅ TimeService: Synced! Offset: 0.051s (RTT: 200ms)
   Local:  2026-01-28 02:56:42 +0000
   Server: 2026-01-28 02:56:42 +0000
⏰ Time synced with server! AppState should automatically recalculate.
⏰ AppState: Next schedule update set for Event End: 2026-01-28 03:58:34 +0000
⏰ AppState: Scheduling update in 3709 seconds
📈 SocialService: User 4aef4e1b-ba8e-4d31-8736-bca3b94f402b came online
⏰ AppState: Next schedule update set for Event End: 2026-01-28 03:58:34 +0000
⏰ AppState: Scheduling update in 3699 seconds
⏰ AppState: Next schedule update set for Event End: 2026-01-28 03:58:34 +0000
⏰ AppState: Scheduling update in 3689 seconds
⏰ AppState: Next schedule update set for Event End: 2026-01-28 03:58:34 +0000
⏰ AppState: Scheduling update in 3679 seconds
📋 Fetching rooms from Supabase backend (offset: 0, limit: 20, search: '')...
🔌 RoomListView: Setting up realtime subscription for rooms...
📋 Fetching rooms from Supabase backend (offset: 0, limit: 20, search: '')...
📡 Joined channel: realtime:rooms_updates (interest count: 1)
✅ RoomListView: Connected to rooms realtime updates
[ INFO ] GET /api/metadata/meta/series/tt33517752 [request-id: 5672867C-32F4-4FC2-BBFD-62162FEE0B8D]
[ INFO ] GET /api/metadata/meta/series/tt33517752 [request-id: A84895AE-C54F-4C41-ABEC-803C00DCFBCF]
2026-01-27 21:57:22.600 RedLemon[25041:503979] 📦 Decoded CinemetaMeta - videos count: 11
2026-01-27 21:57:22.600 RedLemon[25041:503933] 📦 Decoded CinemetaMeta - videos count: 11
2026-01-27 21:57:23.131 RedLemon[25041:503732] 🚪 Joining room: J6LZ
2026-01-27 21:57:24.646 RedLemon[25041:503732] 🚪 Room is in lobby
2026-01-27 21:57:24.646 RedLemon[25041:503732] ✅ PlayerVM: currentWatchPartyRoom set to J6LZ
2026-01-27 21:57:24.647 RedLemon[25041:503732] ✨ [AppState] Registered new active lobby: J6LZ
2026-01-27 21:57:24.766 RedLemon[25041:503732] 🔑 Lobby: Updated participantId to actual user ID: 96e01cdb-36c0-4228-a6e4-a29a3c66bc8e
2026-01-27 21:57:24.767 RedLemon[25041:503732] [LOBBY_VIEW] onAppear: shouldAutoJoinLobby=false, room=J6LZ, timeUntilStart=0
2026-01-27 21:57:24.849 RedLemon[25041:503891] 🔐 Signed request to /room_participants
💾 Cache SET: Metadata[meta_series_tt33517752]
💾 Cache SET: Metadata[meta_series_tt33517752]
📺 Found episode title for The Beauty S1E1: Beautiful Pilot
📺 Found episode title for The Beauty S1E1: Beautiful Pilot
✅ Loaded 1 rooms (total: 1)
🖼️ [CACHE] Cached image data for key: https://images.metahub.space/background/medium/tt33517752/img (103733 bytes)
✅ Loaded 1 rooms (total: 1)
🚪 Joining room: J6LZ
📡 [EventsConfig] Checking server for movie_events config version...
✅ [EventsConfig] Fetched movie_events version 1586 with 397 movies
✅ [EventsConfig] Using cached movie_events config (version 1586, 397 movies)
🎭 Lobby: Connecting to room J6LZ...
🚦 Lobby State: connecting
🔄 Lobby: Fetching fresh room state from Supabase...
✅ Cache HIT: Metadata[meta_series_tt33517752]
[ INFO ] GET /api/metadata/meta/series/tt33517752 [request-id: 9B88C389-9F8F-46DE-9E9A-0C8938DA5A3C]
2026-01-27 21:57:25.020 RedLemon[25041:503732] ✅ Guest joined room J6LZ in database
2026-01-27 21:57:25.158 RedLemon[25041:503891] 📝 Realtime: Registered observer 'lobby' (Presence: YES, Sync: NO, Status: NO)
2026-01-27 21:57:25.181 RedLemon[25041:503891] 📝 Realtime: Registered observer 'lobby' (Presence: NO, Sync: YES, Status: NO)
2026-01-27 21:57:25.195 RedLemon[25041:503978] 📤 Realtime: Sending message type: chat, sender: 96e01cdb-36c0-4228-a6e4-a29a3c66bc8e
2026-01-27 21:57:25.196 RedLemon[25041:503978]    Payload keys: senderId, chatUsername, chatText, type, timestamp, position
2026-01-27 21:57:25.197 RedLemon[25041:503891] ✅ Realtime: Message broadcast complete
2026-01-27 21:57:25.261 RedLemon[25041:503933] 🔐 SupabaseClient: Signing Identity Payload: '176956904596e01cdb-36c0-4228-a6e4-a29a3c66bc8e/rpc/room_heartbeat'
2026-01-27 21:57:25.261 RedLemon[25041:503933] 🔐 Signed request to /rpc/room_heartbeat
2026-01-27 21:57:25.324 RedLemon[25041:504122] 📨 Realtime: Received broadcast message
2026-01-27 21:57:25.325 RedLemon[25041:504122]    Payload keys: chatText, chatUsername, timestamp, position, senderId, type
2026-01-27 21:57:25.325 RedLemon[25041:504122] ✅ Realtime: Decoded message type: chat, sender: 96e01cdb-36c0-4228-a6e4-a29a3c66bc8e
2026-01-27 21:57:25.326 RedLemon[25041:503732] 👋 Received: Guest 'lemontom' joined room J6LZ
2026-01-27 21:57:25.692 RedLemon[25041:503732] 📨 Lobby: Received Room UPDATE from Realtime
2026-01-27 21:57:25.694 RedLemon[25041:503732] 👋 lemontom synced from database
2026-01-27 21:57:26.792 RedLemon[25041:503980] 📨 Realtime: Received broadcast message
2026-01-27 21:57:26.792 RedLemon[25041:503980]    Payload keys: chatUsername, timestamp, position, chatText, type, senderId
2026-01-27 21:57:26.793 RedLemon[25041:503980] ✅ Realtime: Decoded message type: chat, sender: 4aef4e1b-ba8e-4d31-8736-bca3b94f402b
2026-01-27 21:57:26.793 RedLemon[25041:503732] 🎬 Guest: Received RESOLVING signal
2026-01-27 21:57:31.665 RedLemon[25041:503979] 🔐 Signed request to /rpc/user_heartbeat
2026-01-27 21:57:38.322 RedLemon[25041:503933] 📨 Realtime: Received broadcast message
2026-01-27 21:57:38.322 RedLemon[25041:503933]    Payload keys: chatUsername, chatText, type, timestamp, senderId, position
2026-01-27 21:57:38.322 RedLemon[25041:503933] ✅ Realtime: Decoded message type: chat, sender: 4aef4e1b-ba8e-4d31-8736-bca3b94f402b
2026-01-27 21:57:38.323 RedLemon[25041:503732] 📨 Lobby: Received Room UPDATE from Realtime
2026-01-27 21:57:38.323 RedLemon[25041:503732] 🎬 Guest: Received PREPARE signal: LOBBY_PREPARE_PLAYBACK|2042bad4a88443d4402e7b5922f33f6359b56f5e|0
2026-01-27 21:57:38.323 RedLemon[25041:503732] ✅ Guest: Extracted Hash from Payload: 2042bad4a88443d4402e7b5922f33f6359b56f5e
2026-01-27 21:57:38.571 RedLemon[25041:503933] ✅ StreamService: Using provided metadata: The Beauty
2026-01-27 21:57:38.571 RedLemon[25041:503933] ⚡️ StreamService: Resolving streams via StreamResolver (Bypassing HTTP)...
2026-01-27 21:57:38.572 RedLemon[25041:503891] 📝 [APP] 🎬 StreamService: Starting resolution for: The Beauty ["file": "StreamService.swift", "level": "INFO", "line": "199"]
2026-01-27 21:57:38.572 RedLemon[25041:503891] 📝 [APP] SessionRecorder initialized
2026-01-27 21:57:38.572 RedLemon[25041:503891] 📝 [APP] New Session Started ["app_version": "1.0.163", "build": "163", "session_id": "1C6ED77A-F7FE-4737-BB21-4842CCAA5B8F", "trigger_source": "preload", "user_id": "96E01CDB-36C0-4228-A6E4-A29A3C66BC8E"]
2026-01-27 21:57:38.572 RedLemon[25041:503891] 📝 [APP] Target Content Set ["imdb_id": "tt33517752"]
2026-01-27 21:57:38.573 RedLemon[25041:503891] 📝 [RESOLVER] Started Resolution ["episode": "1", "season": "1", "type": "series"]
2026-01-27 21:57:38.733 RedLemon[25041:503978]    📅 Filtering by year: 2025–
2026-01-27 21:57:38.935 RedLemon[25041:503978] 📦 StreamResolver: Fetching streams from ProviderManager...
2026-01-27 21:57:38.935 RedLemon[25041:503978] 🔍 ProviderManager: Fetching streams for tt33517752...
2026-01-27 21:57:38.936 RedLemon[25041:503979] ✨ Torrentio: Using Auto-Generated Config (RealDebrid)
2026-01-27 21:57:38.937 RedLemon[25041:503979] 📺 Torrentio: Building URL for S01E01
2026-01-27 21:57:38.937 RedLemon[25041:503933] 🔍 Zilean: Searching via IMDB ID: tt33517752
2026-01-27 21:57:38.937 RedLemon[25041:503979] 🔗 Torrentio URL (length: 125): https://torrentio.strem.fun/realdebrid=K67JV2V4FTUA7RYN6T34BFIUBRUZERBO45A6UL3O7TE5ZHFDQQSA/stream/series/tt33517752:1:1.json...
2026-01-27 21:57:38.937 RedLemon[25041:503979] 🔍 Torrentio: Fetching https://torrentio.strem.fun/realdebrid=K67JV2V4FTUA7RYN6T34BFIUBRUZERBO45A6UL3O7TE5ZHFDQQSA/stream/series/tt33517752:1:1.json
2026-01-27 21:57:38.938 RedLemon[25041:503933] 📺 DebridSearch: Building URL for S01E01
2026-01-27 21:57:38.938 RedLemon[25041:503933] 🔗 DebridSearch URL: https://68d69db7dc40-debrid-search.baby-beamup.club/%7B%22DebridApiKey%22%3A%22***%22,%22DebridProvider%22%3A%22RealDebrid%22%7D/stream/series/tt33517752:1:1.json
2026-01-27 21:57:38.938 RedLemon[25041:503933] 🔍 DebridSearch: Fetching https://68d69db7dc40-debrid-search.baby-beamup.club/%7B%22DebridApiKey%22%3A%22K67JV2V4FTUA7RYN6T34BFIUBRUZERBO45A6UL3O7TE5ZHFDQQSA%22,%22DebridProvider%22%3A%22RealDebrid%22%7D/stream/series/tt33517752:1:1.json
2026-01-27 21:57:38.944 RedLemon[25041:503933] 📡 Torrentio: HTTP 200, received 30840 bytes
2026-01-27 21:57:38.964 RedLemon[25041:503933] ✅ Torrentio: Parsed 60 streams from 60 raw
2026-01-27 21:57:39.449 RedLemon[25041:503978] ✅ Zilean: Got 0 results
2026-01-27 21:57:46.167 RedLemon[25041:503978] ✅ DebridSearch: Parsed 23 streams
2026-01-27 21:57:46.168 RedLemon[25041:503933] ✅ ProviderManager: Fetched 83 raw, returning 83 unique streams
2026-01-27 21:57:46.168 RedLemon[25041:503933] 📦 StreamResolver: Received 1 raw streams, bucketing...
2026-01-27 21:57:46.168 RedLemon[25041:503933] 📝 [RESOLVER] Providers Fetched ["torrentio": "1"]
2026-01-27 21:57:46.822 RedLemon[25041:503891] 📝 [RESOLVER] Resolution Complete ["1080p": "1", "2160p": "0", "720p": "0", "selected_provider": "torrentio", "selected_title": "The Beauty S01E01 Beautiful Pilot 1080p DSNP WEB-DL DDP5 1 H 264-FLUX
👤 613 💾 1.64 GB ⚙️ EZTV"]
2026-01-27 21:57:46.823 RedLemon[25041:503891] 📝 [RESOLVER] Host Stream Match ["hash": "2042bad4a88443d4402e7b5922f33f6359b56f5e"]
2026-01-27 21:57:46.824 RedLemon[25041:503933] 📝 [APP] 📦 StreamService: Found 1 total streams to try (across all qualities) ["file": "StreamService.swift", "level": "INFO", "line": "406"]
📡 SocialService: Updated status - In Lobby: The Beauty: The Beauty
📡 Left channel: realtime:rooms_updates
✅ Lobby: Loaded metadata for The Beauty
✅ Lobby: Synced CLEAN stream info, metadata & playlist to AppState
📨 Unknown event: phx_close on realtime:rooms_updates
✅ Lobby: Refreshed room state. isPlaying: false
🛡️ Lobby: Ensuring local media state is fresh before auto-start check...
📺 Lobby: Synced season/episode: S1E1
🔌 Setting up Realtime channel: watch-party:J6LZ
   Role: Guest
   User ID: 96e01cdb-36c0-4228-a6e4-a29a3c66bc8e
📡 Connection state: connected
📡 Connection state: connecting
📡 Joined channel: realtime:watch-party:J6LZ (interest count: 1)
📡 Connection state: connected
✅ Realtime channel setup complete
✅ Lobby: Connected to Realtime
🚦 Lobby State: connected
🔄 Lobby: Starting database polling for participants and room state...
💓 Lobby: Starting heartbeat loop...
🔄 LobbyDatabase: Starting room state polling for guests...
⏰ AppState: Next schedule update set for Event End: 2026-01-28 03:58:34 +0000
⏰ AppState: Scheduling update in 3669 seconds
🔄 Lobby: Fetching fresh room state from Supabase...
✅ Lobby: Synced CLEAN stream info, metadata & playlist to AppState
🛡️ Lobby: Auto-Join safety delay passed (8s). Enabled for late joiners.
📡 [EventsConfig] Checking server for movie_events config version...
✅ [EventsConfig] Fetched movie_events version 1586 with 397 movies
✅ [EventsConfig] Using cached movie_events config (version 1586, 397 movies)
⏰ AppState: Next schedule update set for Event End: 2026-01-28 03:58:34 +0000
⏰ AppState: Scheduling update in 3659 seconds
🔄 Lobby: Fetching fresh room state from Supabase...
✅ Lobby: Synced CLEAN stream info, metadata & playlist to AppState
✅ Cache HIT: Metadata[meta_series_tt33517752]
[2026-01-28T02:57:38Z] [INFO] [StreamService.swift:199] 🎬 StreamService: Starting resolution for: The Beauty
🎬 StreamService: Resolving series - trusted pack filtering will be applied server-side
✅ MetadataService initialized
📡 Fetching metadata from TVMaze: https://api.tvmaze.com/lookup/shows?imdb=tt33517752
✅ Metadata fetched from TVMaze for tt33517752: The Beauty (2026)
🎯 Target title for matching: The Beauty
🛡️ StreamResolver: Loaded 8 blocked streams from blacklist
🔍 MediaFusion: Fetching https://mediafusion.elfhosted.com/stream/series/tt33517752:1:1.json
🔍 Comet: Fetching https://comet.elfhosted.com/eyJkZWJyaWRTZXJ2aWNlIjoicmVhbGRlYnJpZCIsInJlbW92ZVRyYXNoIjpmYWxzZSwiZGVi...
⚠️ MediaFusion: HTTP 418
✅ Comet: Got 1 streams
🔍 Comet: Parsing 1 streams...
⚠️ Comet: Skipping invalid redirect URL: https://comet.elfhosted.com/playback/pfFSVeEG4HLgmuKLPq9xWxb...
✅ Comet: Parsed 0 valid streams
⏰ AppState: Next schedule update set for Event End: 2026-01-28 03:58:34 +0000
⏰ AppState: Scheduling update in 3649 seconds
⚡️ StreamResolver: Optimizing for preferred hash: 2042bad4a88443d4402e7b5922f33f6359b56f5e
   ✅ Found target stream immediately. Discarding everything else.
📊 StreamResolver: Provider Stats: [torrentio:1]
   📺 Episode filter: 1 → 1 streams
🔍 Searching SubDL: tt33517752 (tv) S01E01
   ℹ️ Fallback Name: The Beauty (2025)
✅ Found 3 subtitles from SubDL (Primary)
   ⛔️ Dropped '[𝐂𝐨𝐟𝐟𝐞𝐞𝐏𝐫𝐢𝐬𝐨𝐧] 𝐓𝐇𝐄 𝐁𝐄𝐀𝐔𝐓𝐘 𝐒𝟎𝟏𝐄𝟎𝟐 𝐃𝐒𝐍𝐏 𝐖𝐄𝐁': Metadata mismatch (S1E2)
   ⛔️ Dropped '[𝐂𝐨𝐟𝐟𝐞𝐞𝐏𝐫𝐢𝐬𝐨𝐧] 𝐓𝐇𝐄 𝐁𝐄𝐀𝐔𝐓𝐘 𝐒𝟎𝟏𝐄𝟎𝟑 𝐃𝐒𝐍𝐏 𝐖𝐄𝐁': Metadata mismatch (S1E3)
⚠️ Low subtitle count (1). Attempting supplemental Name Search for 'The Beauty'...
🔍 Attempting API Name Search: The Beauty 2025
⚠️ Supplemental Name Search returned no match.
✅ StreamResolver: Processed subtitles for 1 streams (Attached to 1)
   --- Processing Bucket: 2160p (Input: 0) ---
   ✅ Bucket 2160p Final Count: 0
   --- Processing Bucket: 1080p (Input: 1) ---
   ✅ Bucket 1080p Final Count: 1
   --- Processing Bucket: 720p (Input: 0) ---
   ✅ Bucket 720p Final Count: 0
   --- Processing Bucket: 480p (Input: 0) ---
   ✅ Bucket 480p Final Count: 0
📦 1080p Primary: The Beauty S01E01 Beautiful Pilot 1080p DSNP WEB-DL DDP5 1 H 264-FLUX
👤 613 💾 1.64 GB ⚙️ EZTV
✅ StreamResolver: Quality buckets ready
🔗 StreamService: Attempting to resolve specific stream hash: 2042bad4a88443d4402e7b5922f33f6359b56f5e
✅ StreamService: Found requested stream hash! Locking selection.
[2026-01-28T02:57:46Z] [INFO] [StreamService.swift:406] 📦 StreamService: Found 1 total streams to try (across all qualities)
✅ StreamService: Found 1 H.264 streams (Tier 1)
✅ StreamService: Found 1 'Clean' English streams. Deprioritizing 0 localized/dual streams.
🔒 StreamService: Bypassing filters for enforced stream
🔄 StreamService: Trying stream 1/1: The Beauty S01E01 Beautiful Pilot 1080p DSNP WEB-DL DDP5 1 H 264-FLUX
👤 613 💾 1.64 GB ⚙️ EZTV
🔒 StreamService: Has infoHash - forcing proper unlock flow (bypass redirect)
🔓 StreamService: Unlocking with infoHash: 2042bad4a884...
[ INFO ] POST /api/streams/unlock [request-id: 3E90410B-54FE-4B18-8CED-4E10B02DBB7C]
2026-01-27 21:57:46.832 RedLemon[25041:503891] 🔓 Unlock request: infoHash=2042bad4a884..., fileIdx=0
2026-01-27 21:57:46.832 RedLemon[25041:503891]    📺 TV Show: S1E1
2026-01-27 21:57:46.832 RedLemon[25041:503891] ✅ Token found, attempting unlock...
2026-01-27 21:57:47.947 RedLemon[25041:503933] 🔍 Searching for episode patterns: s01e01, s1e1, s01.e01, s01 e01, s1 e1, e01, 1x01
2026-01-27 21:57:47.947 RedLemon[25041:503933] 📁 Torrent has 1 files:
2026-01-27 21:57:47.954 RedLemon[25041:503933] ✅ MATCH FOUND: /The Beauty S01E01 Beautiful Pilot 1080p DSNP WEB-DL DDP5 1 H 264-FLUX[EZTVx.to].mkv → file ID: 1 (1.76 GB)
2026-01-27 21:57:48.665 RedLemon[25041:503978] ✅ Unlocked successfully: The Beauty S01E01 Beautiful Pilot 1080p DSNP WEB-DL DDP5 1 H 264-FLUX[EZTVx.to].mkv
2026-01-27 21:57:48.668 RedLemon[25041:503979] 📝 [RESOLVER] Stream Unlocked ["filename": "The Beauty S01E01 Beautiful Pilot 1080p DSNP WEB-DL DDP5 1 H 264-FLUX[EZTVx.to].mkv", "is_generic": "false", "original_title": "The Beauty S01E01 Beautiful Pilot 1080p DSNP WEB-DL DDP5 1 H 264-FLUX
👤 613 💾 1.64 GB ⚙️ EZTV", "url_host": "chi4-4.download.real-debrid.com"]
2026-01-27 21:57:48.668 RedLemon[25041:503979] 📥 StreamService: Pre-downloading 1 (capped from 1) subtitles...
2026-01-27 21:57:48.668 RedLemon[25041:503979] 🐛 StreamService: downloadSubtitlesInParallel called. Season: Optional(1), Episode: Optional(1), Count: 1
2026-01-27 21:57:48.668 RedLemon[25041:503978] 🔍 DEBUG: Processing subtitle URL: /subtitle/3544880-8466988.zip
2026-01-27 21:57:48.668 RedLemon[25041:503978] ✅ DEBUG: Raw SubDL URL detected, converting to proxy URL
2026-01-27 21:57:48.669 RedLemon[25041:503732] ✅ Guest: Stream preloaded with URL: https://chi4-4.download.real-debrid.com/d/4VLJ4DABT2CTE42/The%20Beauty%20S01E01%
2026-01-27 21:57:48.669 RedLemon[25041:503732] ✅ Guest: Stream preloaded. Sending READY signal.
2026-01-27 21:57:48.669 RedLemon[25041:503978] 📤 Realtime: Sending message type: chat, sender: 96e01cdb-36c0-4228-a6e4-a29a3c66bc8e
2026-01-27 21:57:48.670 RedLemon[25041:503978]    Payload keys: chatUsername, timestamp, chatText, type, senderId, position
2026-01-27 21:57:48.670 RedLemon[25041:504245] ✅ Realtime: Message broadcast complete
2026-01-27 21:57:48.869 RedLemon[25041:503933] 📨 Realtime: Received broadcast message
2026-01-27 21:57:48.869 RedLemon[25041:503933]    Payload keys: chatUsername, timestamp, senderId, chatText, type, position
2026-01-27 21:57:48.869 RedLemon[25041:503933] ✅ Realtime: Decoded message type: chat, sender: 96e01cdb-36c0-4228-a6e4-a29a3c66bc8e
2026-01-27 21:57:49.039 RedLemon[25041:503933] 📨 Realtime: Received broadcast message
2026-01-27 21:57:49.039 RedLemon[25041:503933]    Payload keys: timestamp, chatUsername, senderId, chatText, position, type
2026-01-27 21:57:49.040 RedLemon[25041:503933] ✅ Realtime: Decoded message type: chat, sender: 4aef4e1b-ba8e-4d31-8736-bca3b94f402b
2026-01-27 21:57:49.040 RedLemon[25041:503732] 🎬 Guest: Received LOBBY_START_COUNTDOWN signal
2026-01-27 21:57:49.040 RedLemon[25041:503732] 🎬 Guest: Received LOBBY_START_COUNTDOWN signal processing
2026-01-27 21:57:49.180 RedLemon[25041:503732] ✅ Guest: Synced stream info from Host (Hash: 2042bad4) - URL cleared for fresh unlock
2026-01-27 21:57:49.180 RedLemon[25041:503732] 🛡️ Guest: preResolvedStream cleared to force fresh RD link
2026-01-27 21:57:49.250 RedLemon[25041:503732] 🗑️ Guest: RD cache cleared for hash: 2042bad4...
2026-01-27 21:57:49.250 RedLemon[25041:503732] 📨 Lobby: Received Room UPDATE from Realtime
2026-01-27 21:57:49.299 RedLemon[25041:503732] 📺 Guest: Set season/episode from DB (Realtime path): S1E1
2026-01-27 21:57:49.299 RedLemon[25041:503732] ⏱️ Step 3: Artificial Delay - Waiting additional 2.99s to ensure Host buffer...
2026-01-27 21:57:52.348 RedLemon[25041:503732] 🎬 Guest: Fetch took 0.259s, finished countdown loop
2026-01-27 21:57:52.360 RedLemon[25041:503979] 📨 Realtime: Received broadcast message
2026-01-27 21:57:52.360 RedLemon[25041:503979]    Payload keys: chatText, senderId, position, chatUsername, timestamp, type
2026-01-27 21:57:52.360 RedLemon[25041:503979] ✅ Realtime: Decoded message type: chat, sender: 4aef4e1b-ba8e-4d31-8736-bca3b94f402b
2026-01-27 21:57:52.361 RedLemon[25041:503732] 🎬 Guest: Launching player for The Beauty (Synced Start)
2026-01-27 21:57:52.361 RedLemon[25041:503732] 🤝 PlayerVM: Watch Party playback started. Preserving lobby session for handoff: J6LZ
2026-01-27 21:57:52.447 RedLemon[25041:503732] 📡 Fetching metadata for tt33517752...
2026-01-27 21:57:52.619 RedLemon[25041:503732] 🎬 Guest: Countdown finished. Waiting for Host PLAYBACK_STARTED signal...
2026-01-27 21:57:52.706 RedLemon[25041:503732] 🎬 PlayerVM: Using Playlist Metadata: S1E1
2026-01-27 21:57:52.706 RedLemon[25041:503732] 🚀 PlayerVM: Using DIRECT UNLOCK path (Guest Optimization)
2026-01-27 21:57:52.706 RedLemon[25041:503732]    Hash: 2042bad4a884...
2026-01-27 21:57:52.750 RedLemon[25041:503732] 🗑️ PlayerVM: RD cache cleared for direct unlock
✅ RD addMagnet: MVTECQINVJ7SI
   [1] /The Beauty S01E01 Beautiful Pilot 1080p DSNP WEB-DL DDP5 1 H 264-FLUX[EZTVx.to].mkv (1.76 GB)
📺 TV Show: Selected episode S01E01 → file ID: 1, path: /The Beauty S01E01 Beautiful Pilot 1080p DSNP WEB-DL DDP5 1 H 264-FLUX[EZTVx.to].mkv
📝 RD: Selecting file ID 1 for torrent MVTECQINVJ7SI
📊 RD poll 1/2: status=downloaded, links=1
🔗 Unrestricting link: https://real-debrid.com/d/2SF35E7WSIIQ2B09
✅ StreamService: Stream unlocked successfully!
✅ StreamService: Selected stream: The Beauty S01E01 Beautiful Pilot 1080p DSNP WEB-DL DDP5 1 H 264-FLUX
👤 613 💾 1.64 GB ⚙️ EZTV
📊 Stream Size: 1.64 GB
📦 StreamService: Returning 0 candidate streams for fallback
📝 Guest: Marked session as started (Idempotency Lock): 2042bad4
🗑️ RD cache cleared for hash: 2042bad4a884... (1 entries)
🔄 Lobby: Fetching fresh room state from Supabase...
✅ Lobby: Synced CLEAN stream info, metadata & playlist to AppState
✅ Cache HIT: Metadata[meta_series_tt33517752]
🔓 StreamService: Unlocking with infoHash: 2042bad4a884...
[ INFO ] POST /api/streams/unlock [request-id: 694615EE-7D2F-48F7-BD3B-110F4C9EF4ED]
2026-01-27 21:57:52.775 RedLemon[25041:503933] 🔓 Unlock request: infoHash=2042bad4a884..., fileIdx=0
2026-01-27 21:57:52.775 RedLemon[25041:503933]    📺 TV Show: S1E1
2026-01-27 21:57:52.775 RedLemon[25041:503933] ✅ Token found, attempting unlock...
2026-01-27 21:57:53.271 RedLemon[25041:503933] 🔍 Searching for episode patterns: s01e01, s1e1, s01.e01, s01 e01, s1 e1, e01, 1x01
2026-01-27 21:57:53.271 RedLemon[25041:503933] 📁 Torrent has 1 files:
2026-01-27 21:57:53.272 RedLemon[25041:503933] ✅ MATCH FOUND: /The Beauty S01E01 Beautiful Pilot 1080p DSNP WEB-DL DDP5 1 H 264-FLUX[EZTVx.to].mkv → file ID: 1 (1.76 GB)
2026-01-27 21:57:54.091 RedLemon[25041:503891] ✅ Unlocked successfully: The Beauty S01E01 Beautiful Pilot 1080p DSNP WEB-DL DDP5 1 H 264-FLUX[EZTVx.to].mkv
2026-01-27 21:57:54.093 RedLemon[25041:503978] 📝 [RESOLVER] Stream Unlocked ["filename": "The Beauty S01E01 Beautiful Pilot 1080p DSNP WEB-DL DDP5 1 H 264-FLUX[EZTVx.to].mkv", "is_generic": "false", "original_title": "Shared Stream (Direct)", "url_host": "chi4-4.download.real-debrid.com"]
2026-01-27 21:57:54.093 RedLemon[25041:503732] ✅ PlayerVM: Direct unlock succeeded! URL: https://chi4-4.download.real-debrid.com/d/4VLJ4DABT2CTE42/Th
✅ RD addMagnet: TJUXAJR3MBR3E
   [1] /The Beauty S01E01 Beautiful Pilot 1080p DSNP WEB-DL DDP5 1 H 264-FLUX[EZTVx.to].mkv (1.76 GB)
📺 TV Show: Selected episode S01E01 → file ID: 1, path: /The Beauty S01E01 Beautiful Pilot 1080p DSNP WEB-DL DDP5 1 H 264-FLUX[EZTVx.to].mkv
📝 RD: Selecting file ID 1 for torrent TJUXAJR3MBR3E
📊 RD poll 1/2: status=downloaded, links=1
🔗 Unrestricting link: https://real-debrid.com/d/2SF35E7WSIIQ2B09
✅ StreamService: Stream unlocked successfully!
[ INFO ] GET /subtitles/search [request-id: 91FCC4B9-D7A3-490C-9159-67283C86B06F]
2026-01-27 21:57:54.495 RedLemon[25041:503978] 📨 Realtime: Received broadcast message
2026-01-27 21:57:54.495 RedLemon[25041:503978]    Payload keys: position, timestamp, isPlaying, senderId, type
2026-01-27 21:57:54.495 RedLemon[25041:503978] ✅ Realtime: Decoded message type: playbackState, sender: 4AEF4E1B-BA8E-4D31-8736-BCA3B94F402B
2026-01-27 21:57:54.496 RedLemon[25041:503732] ⚠️ Received Realtime message with no chat text (Type: playbackState)
2026-01-27 21:57:55.022 RedLemon[25041:503732] ✅ Direct Unlock: Found 1 SubDL subtitles
2026-01-27 21:57:55.023 RedLemon[25041:503732] ✅ Direct Unlock: Attached 1 SubDL subtitles to stream
2026-01-27 21:57:55.101 RedLemon[25041:503732] ✅ Stream ready, starting playback...
🔍 Searching SubDL: tt33517752 (tv) S01E01
   ℹ️ Fallback Name: The Beauty (No Year)
✅ Found 3 subtitles from SubDL (Primary)
   ⛔️ Dropped '[𝐂𝐨𝐟𝐟𝐞𝐞𝐏𝐫𝐢𝐬𝐨𝐧] 𝐓𝐇𝐄 𝐁𝐄𝐀𝐔𝐓𝐘 𝐒𝟎𝟏𝐄𝟎𝟐 𝐃𝐒𝐍𝐏 𝐖𝐄𝐁': Metadata mismatch (S1E2)
   ⛔️ Dropped '[𝐂𝐨𝐟𝐟𝐞𝐞𝐏𝐫𝐢𝐬𝐨𝐧] 𝐓𝐇𝐄 𝐁𝐄𝐀𝐔𝐓𝐘 𝐒𝟎𝟏𝐄𝟎𝟑 𝐃𝐒𝐍𝐏 𝐖𝐄𝐁': Metadata mismatch (S1E3)
⚠️ Low subtitle count (1). Attempting supplemental Name Search for 'The Beauty'...
🔍 Attempting API Name Search: The Beauty
   ✅ Exact match found: 'The Beauty'
✅ Supplemental Search found ID: 12684201. Fetching additional subtitles...
📦 Supplemental Fetch returned 3 raw subtitles
   ⛔️ Dropped '[𝐂𝐨𝐟𝐟𝐞𝐞𝐏𝐫𝐢𝐬𝐨𝐧] 𝐓𝐇𝐄 𝐁𝐄𝐀𝐔𝐓𝐘 𝐒𝟎𝟏𝐄𝟎𝟐 𝐃𝐒𝐍𝐏 𝐖𝐄𝐁': Metadata mismatch (S1E2)
   ⛔️ Dropped '[𝐂𝐨𝐟𝐟𝐞𝐞𝐏𝐫𝐢𝐬𝐨𝐧] 𝐓𝐇𝐄 𝐁𝐄𝐀𝐔𝐓𝐘 𝐒𝟎𝟏𝐄𝟎𝟑 𝐃𝐒𝐍𝐏 𝐖𝐄𝐁': Metadata mismatch (S1E3)
🧹 SubDL: Deduplicated 1 supplemental mirrors
🔗 Merged unique subtitles from supplemental search.
!!! MPVWrapper initialized - Build Version: 2026-01-19-GUEST-CACHE-BYPASS-v1 !!!
[ INFO ] GET /subtitles/subdl/L3N1YnRpdGxlLzM1NDQ4ODAtODQ2Njk4OC56aXA= [request-id: CA379F0C-FE29-42D8-8315-3A5BE2C487E1]
2026-01-27 21:57:55.145 RedLemon[25041:504123] 📝 Realtime: Registered observer 'player' (Presence: YES, Sync: NO, Status: NO)
2026-01-27 21:57:55.145 RedLemon[25041:503891] 📝 Realtime: Unregistered observer 'lobby'
2026-01-27 21:57:55.147 RedLemon[25041:503979] 📝 Realtime: Unregistered observer 'lobby'
2026-01-27 21:57:55.147 RedLemon[25041:503979] 📝 [PLAYER] Resumed
2026-01-27 21:57:55.151 RedLemon[25041:503978] 📝 Realtime: Registered observer 'player' (Presence: NO, Sync: YES, Status: NO)
2026-01-27 21:57:55.209 RedLemon[25041:503979] 📝 [PLAYER] Load Video (Smart) ["url": "https://chi4-4.download.real-debrid.com/d/4VLJ4DABT2CTE42/The%20Beauty%20S01E01%20Beautiful%20Pilot%201080p%20DSNP%20WEB-DL%20DDP5%201%20H%20264-FLUX%5BEZTVx.to%5D.mkv"]
2026-01-27 21:57:55.381 RedLemon[25041:503933] 📝 [PLAYER] Playback State Changed ["state": "Paused"]
2026-01-27 21:57:55.381 RedLemon[25041:503933] 📝 [PLAYER] Buffering Started
2026-01-27 21:57:55.654 RedLemon[25041:504245] 📨 Realtime: Received broadcast message
2026-01-27 21:57:55.654 RedLemon[25041:504245]    Payload keys: type, senderId, isPlaying, position, timestamp
2026-01-27 21:57:55.654 RedLemon[25041:504245] ✅ Realtime: Decoded message type: ready, sender: 4aef4e1b-ba8e-4d31-8736-bca3b94f402b
2026-01-27 21:57:56.493 RedLemon[25041:503891] 📨 Realtime: Received broadcast message
2026-01-27 21:57:56.493 RedLemon[25041:503891]    Payload keys: isPlaying, position, type, timestamp, senderId
2026-01-27 21:57:56.494 RedLemon[25041:503891] ✅ Realtime: Decoded message type: playbackState, sender: 4AEF4E1B-BA8E-4D31-8736-BCA3B94F402B
2026-01-27 21:57:57.663 RedLemon[25041:503979] 📨 Realtime: Received broadcast message
2026-01-27 21:57:57.663 RedLemon[25041:503979]    Payload keys: timestamp, position, isPlaying, senderId, type
2026-01-27 21:57:57.663 RedLemon[25041:503979] ✅ Realtime: Decoded message type: ready, sender: 4aef4e1b-ba8e-4d31-8736-bca3b94f402b
2026-01-27 21:57:57.694 RedLemon[25041:504246] 📝 [PLAYER] File Loaded ["duration": "2687.435"]
2026-01-27 21:57:57.921 RedLemon[25041:504123] 🔐 Signed request to /rpc/user_heartbeat
2026-01-27 21:57:58.070 RedLemon[25041:503732] [VIDEO_READY] isEvent: false, eventStartTime: nil
2026-01-27 21:57:58.093 RedLemon[25041:504123] 📝 [PLAYER] Playback State Changed ["state": "Playing"]
2026-01-27 21:57:58.185 RedLemon[25041:503979] 📝 [PLAYER] Buffering State ["buffering": "true"]
2026-01-27 21:57:58.210 RedLemon[25041:504123] 📝 [PLAYER] Buffering Started
2026-01-27 21:57:58.499 RedLemon[25041:503891] 📨 Realtime: Received broadcast message
2026-01-27 21:57:58.499 RedLemon[25041:503891]    Payload keys: timestamp, position, senderId, isPlaying, type
2026-01-27 21:57:58.500 RedLemon[25041:503891] ✅ Realtime: Decoded message type: playbackState, sender: 4AEF4E1B-BA8E-4D31-8736-BCA3B94F402B
2026-01-27 21:57:59.426 RedLemon[25041:503891] 📝 [PLAYER] Buffering State ["buffering": "false"]
2026-01-27 21:57:59.668 RedLemon[25041:503891] 📨 Realtime: Received broadcast message
2026-01-27 21:57:59.668 RedLemon[25041:503891]    Payload keys: isPlaying, position, senderId, type, timestamp
2026-01-27 21:57:59.668 RedLemon[25041:503891] ✅ Realtime: Decoded message type: ready, sender: 4aef4e1b-ba8e-4d31-8736-bca3b94f402b
2026-01-27 21:58:00.206 RedLemon[25041:503979] 📤 Realtime: Sending message type: ready, sender: 96e01cdb-36c0-4228-a6e4-a29a3c66bc8e
2026-01-27 21:58:00.206 RedLemon[25041:503979]    Payload keys: position, type, senderId, timestamp, isPlaying
2026-01-27 21:58:00.207 RedLemon[25041:504123] ✅ Realtime: Message broadcast complete
2026-01-27 21:58:00.221 RedLemon[25041:504123] 📝 [PLAYER] Playback State Changed ["state": "Paused"]
2026-01-27 21:58:00.328 RedLemon[25041:503979] 📨 Realtime: Received broadcast message
2026-01-27 21:58:00.328 RedLemon[25041:503979]    Payload keys: senderId, type, timestamp, isPlaying, position
2026-01-27 21:58:00.329 RedLemon[25041:503979] ✅ Realtime: Decoded message type: ready, sender: 96e01cdb-36c0-4228-a6e4-a29a3c66bc8e
2026-01-27 21:58:00.407 RedLemon[25041:503979] 🔐 SupabaseClient: Signing Identity Payload: '176956908096e01cdb-36c0-4228-a6e4-a29a3c66bc8e/rpc/room_heartbeat'
2026-01-27 21:58:00.408 RedLemon[25041:503979] 🔐 Signed request to /rpc/room_heartbeat
2026-01-27 21:58:00.494 RedLemon[25041:503979] 📨 Realtime: Received broadcast message
2026-01-27 21:58:00.494 RedLemon[25041:503979]    Payload keys: senderId, isPlaying, type, timestamp, position
2026-01-27 21:58:00.494 RedLemon[25041:503979] ✅ Realtime: Decoded message type: playbackState, sender: 4AEF4E1B-BA8E-4D31-8736-BCA3B94F402B
2026-01-27 21:58:00.636 RedLemon[25041:503732] 📨 Lobby: Received Room UPDATE from Realtime
2026-01-27 21:58:01.586 RedLemon[25041:503933] 📨 Realtime: Received broadcast message
2026-01-27 21:58:01.586 RedLemon[25041:503933]    Payload keys: timestamp, type, isPlaying, position, senderId
2026-01-27 21:58:01.587 RedLemon[25041:503933] ✅ Realtime: Decoded message type: play, sender: 4aef4e1b-ba8e-4d31-8736-bca3b94f402b
2026-01-27 21:58:01.605 RedLemon[25041:503891] 📝 [PLAYER] Playback State Changed ["state": "Playing"]
2026-01-27 21:58:02.526 RedLemon[25041:504123] 📨 Realtime: Received broadcast message
2026-01-27 21:58:02.526 RedLemon[25041:504123]    Payload keys: type, timestamp, position, senderId, isPlaying
2026-01-27 21:58:02.526 RedLemon[25041:504123] ✅ Realtime: Decoded message type: playbackState, sender: 4AEF4E1B-BA8E-4D31-8736-BCA3B94F402B
2026-01-27 21:58:02.632 RedLemon[25041:503732] 📨 Lobby: Received Room UPDATE from Realtime
2026-01-27 21:58:02.632 RedLemon[25041:503732] 📨 Lobby: Received Room UPDATE from Realtime
2026-01-27 21:58:04.637 RedLemon[25041:504123] 📨 Realtime: Received broadcast message
2026-01-27 21:58:04.637 RedLemon[25041:504123]    Payload keys: senderId, position, timestamp, type, isPlaying
2026-01-27 21:58:04.637 RedLemon[25041:504123] ✅ Realtime: Decoded message type: playbackState, sender: 4AEF4E1B-BA8E-4D31-8736-BCA3B94F402B
2026-01-27 21:58:05.262 RedLemon[25041:504245] 🔐 SupabaseClient: Signing Identity Payload: '176956908596e01cdb-36c0-4228-a6e4-a29a3c66bc8e/rpc/room_heartbeat'
2026-01-27 21:58:05.262 RedLemon[25041:504245] 🔐 Signed request to /rpc/room_heartbeat
2026-01-27 21:58:05.595 RedLemon[25041:503732] 📨 Lobby: Received Room UPDATE from Realtime
2026-01-27 21:58:06.582 RedLemon[25041:503978] 📨 Realtime: Received broadcast message
2026-01-27 21:58:06.582 RedLemon[25041:503978]    Payload keys: isPlaying, timestamp, senderId, type, position
2026-01-27 21:58:06.582 RedLemon[25041:503978] ✅ Realtime: Decoded message type: playbackState, sender: 4AEF4E1B-BA8E-4D31-8736-BCA3B94F402B
2026-01-27 21:58:08.511 RedLemon[25041:504123] 📨 Realtime: Received broadcast message
2026-01-27 21:58:08.512 RedLemon[25041:504123]    Payload keys: position, timestamp, senderId, isPlaying, type
2026-01-27 21:58:08.514 RedLemon[25041:504123] ✅ Realtime: Decoded message type: playbackState, sender: 4AEF4E1B-BA8E-4D31-8736-BCA3B94F402B
2026-01-27 21:58:10.626 RedLemon[25041:504245] 📨 Realtime: Received broadcast message
2026-01-27 21:58:10.626 RedLemon[25041:504245]    Payload keys: position, isPlaying, senderId, timestamp, type
2026-01-27 21:58:10.626 RedLemon[25041:504245] ✅ Realtime: Decoded message type: playbackState, sender: 4AEF4E1B-BA8E-4D31-8736-BCA3B94F402B
2026-01-27 21:58:12.548 RedLemon[25041:503978] 📨 Realtime: Received broadcast message
2026-01-27 21:58:12.548 RedLemon[25041:503978]    Payload keys: type, timestamp, senderId, isPlaying, position
2026-01-27 21:58:12.548 RedLemon[25041:503978] ✅ Realtime: Decoded message type: playbackState, sender: 4AEF4E1B-BA8E-4D31-8736-BCA3B94F402B
2026-01-27 21:58:12.807 RedLemon[25041:503732] 📨 Lobby: Received Room UPDATE from Realtime
2026-01-27 21:58:14.548 RedLemon[25041:504246] 📨 Realtime: Received broadcast message
2026-01-27 21:58:14.548 RedLemon[25041:504246]    Payload keys: senderId, type, position, timestamp, isPlaying
2026-01-27 21:58:14.548 RedLemon[25041:504246] ✅ Realtime: Decoded message type: playbackState, sender: 4AEF4E1B-BA8E-4D31-8736-BCA3B94F402B
2026-01-27 21:58:16.612 RedLemon[25041:503891] 📨 Realtime: Received broadcast message
2026-01-27 21:58:16.613 RedLemon[25041:503891]    Payload keys: type, senderId, timestamp, position, isPlaying
2026-01-27 21:58:16.614 RedLemon[25041:503891] ✅ Realtime: Decoded message type: playbackState, sender: 4AEF4E1B-BA8E-4D31-8736-BCA3B94F402B
2026-01-27 21:58:18.558 RedLemon[25041:504245] 📨 Realtime: Received broadcast message
2026-01-27 21:58:18.558 RedLemon[25041:504245]    Payload keys: senderId, timestamp, isPlaying, type, position
2026-01-27 21:58:18.558 RedLemon[25041:504245] ✅ Realtime: Decoded message type: playbackState, sender: 4AEF4E1B-BA8E-4D31-8736-BCA3B94F402B
2026-01-27 21:58:20.611 RedLemon[25041:504246] 📨 Realtime: Received broadcast message
2026-01-27 21:58:20.611 RedLemon[25041:504246]    Payload keys: position, senderId, isPlaying, timestamp, type
2026-01-27 21:58:20.611 RedLemon[25041:504246] ✅ Realtime: Decoded message type: playbackState, sender: 4AEF4E1B-BA8E-4D31-8736-BCA3B94F402B
2026-01-27 21:58:22.582 RedLemon[25041:504246] 📨 Realtime: Received broadcast message
2026-01-27 21:58:22.582 RedLemon[25041:504246]    Payload keys: senderId, isPlaying, position, type, timestamp
2026-01-27 21:58:22.582 RedLemon[25041:504246] ✅ Realtime: Decoded message type: playbackState, sender: 4AEF4E1B-BA8E-4D31-8736-BCA3B94F402B
2026-01-27 21:58:22.733 RedLemon[25041:503732] 📨 Lobby: Received Room UPDATE from Realtime
2026-01-27 21:58:23.404 RedLemon[25041:503978] 🔐 Signed request to /rpc/user_heartbeat
2026-01-27 21:58:24.606 RedLemon[25041:504246] 📨 Realtime: Received broadcast message
2026-01-27 21:58:24.606 RedLemon[25041:504246]    Payload keys: timestamp, position, type, senderId, isPlaying
2026-01-27 21:58:24.606 RedLemon[25041:504246] ✅ Realtime: Decoded message type: playbackState, sender: 4AEF4E1B-BA8E-4D31-8736-BCA3B94F402B
2026-01-27 21:58:26.569 RedLemon[25041:504246] 📨 Realtime: Received broadcast message
2026-01-27 21:58:26.569 RedLemon[25041:504246]    Payload keys: type, position, isPlaying, timestamp, senderId
2026-01-27 21:58:26.569 RedLemon[25041:504246] ✅ Realtime: Decoded message type: playbackState, sender: 4AEF4E1B-BA8E-4D31-8736-BCA3B94F402B
2026-01-27 21:58:28.213 RedLemon[25041:503891] 🔐 Signed request to /rpc/upsert_watch_history_item
2026-01-27 21:58:28.598 RedLemon[25041:504123] 📨 Realtime: Received broadcast message
2026-01-27 21:58:28.598 RedLemon[25041:504123]    Payload keys: senderId, isPlaying, type, timestamp, position
2026-01-27 21:58:28.598 RedLemon[25041:504123] ✅ Realtime: Decoded message type: playbackState, sender: 4AEF4E1B-BA8E-4D31-8736-BCA3B94F402B
2026-01-27 21:58:30.646 RedLemon[25041:503891] 📨 Realtime: Received broadcast message
2026-01-27 21:58:30.646 RedLemon[25041:503891]    Payload keys: timestamp, position, type, isPlaying, senderId
2026-01-27 21:58:30.647 RedLemon[25041:503891] ✅ Realtime: Decoded message type: playbackState, sender: 4AEF4E1B-BA8E-4D31-8736-BCA3B94F402B
📄 Subtitle request: L3N1YnRpdGxlLzM1NDQ4... (offset: 0ms)
📥 Downloading subtitle from SubDL CDN: /subtitle/3544880-8466988.zip
ℹ️ RealtimeChannelManager: Already setup for room J6LZ, filtering duplicate setup call.
📡 Connection state: connected
✅ Cache HIT: Metadata[meta_series_tt33517752]
📡 SocialService: Updated status - online: The Beauty - S01E01: Beautiful Pilot
⏰ AppState: Next schedule update set for Event End: 2026-01-28 03:58:34 +0000
⏰ AppState: Scheduling update in 3639 seconds
⏰ AppState: Next schedule update set for Event End: 2026-01-28 03:58:34 +0000
⏰ AppState: Scheduling update in 3639 seconds
✅ Download complete: 30875 bytes
📦 Detected ZIP archive, extracting...
🔍 Looking for S%02dE%02d in zip (%d files)... 1 1 2
✅ Found matching file in zip (Strategy 2 - Pattern s01e01): [CoffeePrison] THE BEAUTY S01E01 DSNP WEB ENG.srt
📦 Extracting specific file: \[CoffeePrison\] THE BEAUTY S01E01 DSNP WEB ENG.srt
✅ Extraction successful
✅ Subtitle downloaded and converted to VTT
🔄 Lobby: Fetching fresh room state from Supabase...
✅ Lobby: Synced CLEAN stream info, metadata & playlist to AppState
🔄 Lobby: Fetching fresh room state from Supabase...
🔄 Lobby: Fetching fresh room state from Supabase...
✅ Lobby: Synced CLEAN stream info, metadata & playlist to AppState
✅ Lobby: Synced CLEAN stream info, metadata & playlist to AppState
⏰ AppState: Next schedule update set for Event End: 2026-01-28 03:58:34 +0000
⏰ AppState: Scheduling update in 3629 seconds
🔄 Lobby: Fetching fresh room state from Supabase...
✅ Lobby: Synced CLEAN stream info, metadata & playlist to AppState
🔄 Lobby: Fetching fresh room state from Supabase...
✅ Lobby: Synced CLEAN stream info, metadata & playlist to AppState
⏰ AppState: Next schedule update set for Event End: 2026-01-28 03:58:34 +0000
⏰ AppState: Scheduling update in 3619 seconds
🔄 Lobby: Fetching fresh room state from Supabase...
✅ Lobby: Synced CLEAN stream info, metadata & playlist to AppState
⏰ AppState: Next schedule update set for Event End: 2026-01-28 03:58:34 +0000
⏰ AppState: Scheduling update in 3609 seconds
📉 SocialService: User 4aef4e1b-ba8e-4d31-8736-bca3b94f402b went offline (No active refs)
