2026-01-09 14:08:04.587 RedLemon[34658:193085] 🪟 Set initial window to expanded size: (0.0, 141.0, 1280.0, 634.0)
2026-01-09 14:08:04.588 RedLemon[34658:193085] ✅ Cache cleanup timer started (runs every 30 minutes)
2026-01-09 14:08:04.639 RedLemon[34658:193091] 🔍 KeychainManager: No username found in UserDefaults
2026-01-09 14:08:04.639 RedLemon[34658:193085] 🔄 Resetting playback state to prevent auto-selection...
2026-01-09 14:08:05.108 RedLemon[34658:193085] ✅ Playback state reset complete - starting in browse view
2026-01-09 14:08:05.108 RedLemon[34658:193085] 🔐 APP STARTUP: Loading stored user credentials...
2026-01-09 14:08:05.108 RedLemon[34658:193085] 🧪 Testing Profile: debug
2026-01-09 14:08:05.109 RedLemon[34658:193092] 🔍 KeychainManager: No username found in UserDefaults
2026-01-09 14:08:05.109 RedLemon[34658:193085] ℹ️  KEYCHAIN: No stored username found
2026-01-09 14:08:05.109 RedLemon[34658:193085] ❌ NO FALLBACK: No UUID found in UserDefaults either
2026-01-09 14:08:05.109 RedLemon[34658:193085]    User will need to create a new username
2026-01-09 14:08:05.109 RedLemon[34658:193085] 🏁 AUTH COMPLETE: Final state - username=, userId=nil
2026-01-09 14:08:05.109 RedLemon[34658:193085] 🚀 RedLemon: Starting HTTP server...
2026-01-09 14:08:05.110 RedLemon[34658:193085] 📋 RedLemon: Current directory: /Users/danielnoble/Desktop/RedLemon-Native
2026-01-09 14:08:05.128 RedLemon[34658:193085] ✅ RedLemon: HTTPServer instance created
2026-01-09 14:08:05.129 RedLemon[34658:193092] 📡 RedLemon: Server starting on port 47253...
⏲️ [EventsConfig] Starting polling fallback (every 60s)
🔌 Connecting to Supabase Realtime: wss://151.243.109.243.nip.io/realtime/v1/websocket
✅ Connected to Supabase Realtime
✅ Sparkle configured (manual only, no auto-checks)
   Appcast URL: https://raw.githubusercontent.com/orangeapple1272/Redlemon/main/appcast.xml
   Can check: false
📅 EventsView appeared
🎬 [EventsView] Fetching movie events from centralized config...
📡 [EventsConfig] Checking server for movie_events config version...
🔍 Memory pressure monitoring enabled (safe mode)
🔍 Silent update check (custom implementation)...
📂 Loaded 3 credential(s) from cache
📡 Joined channel: realtime:events_config_updates
✅ [EventsConfig] Subscribed to realtime schedule updates
📨 Received: {"ref":"19358D67-B34A-46C3-A1E5-4C56BCF85170","event":"phx_reply","payload":{"status":"ok","response":{"postgres_changes":[{"id":53636278,"event":"INSERT","filter":"config_type=eq.movie_events","schema":"public","table":"events_config"}]}},"topic":"realtime:events_config_updates"}
📨 Received: {"ref":null,"event":"system","payload":{"message":"Subscribed to PostgreSQL","status":"ok","extension":"postgres_changes","channel":"events_config_updates"},"topic":"realtime:events_config_updates"}
📨 Received: {"ref":null,"event":"presence_state","payload":{},"topic":"realtime:events_config_updates"}
🖥️ CacheManager initialized with fixed conservative limits
   Image cache limit: 30 items
✅ Token routes registered:
   POST /tokens/save
   POST /tokens/delete
   GET  /tokens/list
✅ Unlock routes registered:
   POST /api/streams/unlock
✅ Stream routes registered:
   POST /api/streams/resolve
   GET  /api/streams/resolveByQuality
   GET  /api/streams/resolveAll
✅ Proxy routes registered:
   GET /play/rd/:infoHash/:fileIdx
   GET /play/rd/:infoHash
✅ Subtitle routes registered:
   GET /subtitles/search?imdbId=&type=
   GET /subtitles/subdl/:encodedPath
✅ All routes registered
✅ HTTP Server configured on http://127.0.0.1:47253
🚀 Starting HTTP server...
✅ Providers initialized: torrentio, comet, zilean, mediafusion, debridsearch
[ NOTICE ] Server started on http://127.0.0.1:47253
2026-01-09 14:08:07.158 RedLemon[34658:193085] ✅ RedLemon: Server marked as ready
2026-01-09 14:08:07.212 RedLemon[34658:193085] ✅ RedLemon: Server should be running on http://127.0.0.1:47253
2026-01-09 14:08:07.212 RedLemon[34658:193085] 🔍 Performing startup checks...
2026-01-09 14:08:07.212 RedLemon[34658:193085] ✅ Username-based authentication ready
2026-01-09 14:08:08.115 RedLemon[34658:193085] 🔍 Performing startup checks...
2026-01-09 14:08:08.115 RedLemon[34658:193085] ✅ Username-based authentication ready
2026-01-09 14:08:08.527 RedLemon[34658:193085] 🔄 Checking for app updates...
2026-01-09 14:09:06.877 RedLemon[34658:193588] 💾 KeychainManager: Saving username 'lemontom' to UserDefaults
2026-01-09 14:09:06.877 RedLemon[34658:193588] ✅ KeychainManager: Username saved successfully
2026-01-09 14:09:10.116 RedLemon[34658:193631] 📡 StreamService: Fetching metadata for tt1396484...
✅ HTTP server running on http://127.0.0.1:47253

🔗 Available endpoints:
   http://127.0.0.1:47253/health
   http://127.0.0.1:47253/status
   http://127.0.0.1:47253/api/health

✅ [EventsConfig] Fetched movie_events version 1490 with 412 movies
✅ [EventsConfig] Using cached movie_events config (version 1490, 412 movies)
✅ [EventsView] Loaded 412 movies from config version 1490
🗓 AppState: Updated schedule epoch to 2026-01-09 03:41:37 +0000
⏰ AppState: Next schedule update set for Event End: 2026-01-09 19:30:37 +0000
⏰ AppState: Scheduling update in 1351 seconds
🖼️ [CACHE] Cached image data for key: https://images.metahub.space/background/medium/tt1396484/img (1023800 bytes)
💰 LicenseManager: Starting hybrid subscription check...
📊 AppState: Polled participant counts - Active: ["tt1396484": 1]
⏰ AppState: Next schedule update set for Event End: 2026-01-09 19:30:37 +0000
⏰ AppState: Scheduling update in 1350 seconds
📊 AppState: Polled participant counts - Active: ["tt1396484": 1]
⏰ AppState: Next schedule update set for Event End: 2026-01-09 19:30:37 +0000
⏰ AppState: Scheduling update in 1350 seconds
⚠️ LicenseManager: Payment sweep failed (non-fatal): httpError(400, "{\"error\":\"Unauthorized: No Token or User ID provided\"}")
🚫 Subscription revoked or inactive.
💰 LicenseManager: Starting hybrid subscription check...
⚠️ LicenseManager: Payment sweep failed (non-fatal): httpError(400, "{\"error\":\"Unauthorized: No Token or User ID provided\"}")
🚫 Subscription revoked or inactive.
🔍 Manual update check requested...
⏰ TimeService: Synchronizing clock with server...
✅ TimeService: Synced! Offset: 0.035s (RTT: 206ms)
   Local:  2026-01-09 19:08:08 +0000
   Server: 2026-01-09 19:08:08 +0000
⏰ Time synced with server! AppState should automatically recalculate.
📊 AppState: Polled participant counts - Active: ["tt1396484": 1]
⏰ AppState: Next schedule update set for Event End: 2026-01-09 19:30:37 +0000
⏰ AppState: Scheduling update in 1340 seconds
📊 AppState: Polled participant counts - Active: ["tt1396484": 1]
⏰ AppState: Next schedule update set for Event End: 2026-01-09 19:30:37 +0000
⏰ AppState: Scheduling update in 1330 seconds
💓 Heartbeat sent
📨 Received: {"ref":"1","event":"phx_reply","payload":{"status":"ok","response":{}},"topic":"phoenix"}
📊 AppState: Polled participant counts - Active: ["tt1396484": 1]
⏰ AppState: Next schedule update set for Event End: 2026-01-09 19:30:37 +0000
⏰ AppState: Scheduling update in 1320 seconds
📊 AppState: Polled participant counts - Active: ["tt1396484": 1]
⏰ AppState: Next schedule update set for Event End: 2026-01-09 19:30:37 +0000
⏰ AppState: Scheduling update in 1310 seconds
📊 AppState: Polled participant counts - Active: ["tt1396484": 1]
⏰ AppState: Next schedule update set for Event End: 2026-01-09 19:30:37 +0000
⏰ AppState: Scheduling update in 1300 seconds
📡 [EventsConfig] Checking server for movie_events config version...
💓 Heartbeat sent
📨 Received: {"ref":"2","event":"phx_reply","payload":{"status":"ok","response":{}},"topic":"phoenix"}
✅ [EventsConfig] Fetched movie_events version 1490 with 412 movies
✅ [EventsConfig] Using cached movie_events config (version 1490, 412 movies)
⚠️ iCloud Keychain save failed, trying local: saveFailed(status: -34018)
✅ Saved user_id credential to cache
⚠️ iCloud Keychain save failed, trying local: saveFailed(status: -34018)
✅ Saved realdebrid credential to cache
⚠️ iCloud Keychain save failed, trying local: saveFailed(status: -34018)
✅ Saved subdl credential to cache
📊 AppState: Polled participant counts - Active: ["tt1396484": 1]
⏰ AppState: Next schedule update set for Event End: 2026-01-09 19:30:37 +0000
⏰ AppState: Scheduling update in 1290 seconds
🔌 SocialService: Connecting to global presence...
🔌 Connecting to Supabase Realtime: wss://151.243.109.243.nip.io/realtime/v1/websocket
✅ Connected to Supabase Realtime
✅ SocialService: Presence connected
📡 Joined channel: realtime:global-presence
✅ SocialService: Connected to global presence
🔌 SocialService: Connecting to DM channel...
🔌 Connecting to Supabase Realtime: wss://151.243.109.243.nip.io/realtime/v1/websocket
✅ Connected to Supabase Realtime
✅ SocialService: DM channel connected
📨 Received: {"ref":"B2E428EC-AC98-46FD-B8B9-6A4E1EE66DA4","event":"phx_reply","payload":{"status":"ok","response":{"postgres_changes":[]}},"topic":"realtime:global-presence"}
📨 Received: {"ref":null,"event":"presence_state","payload":{"a3881618-ed8e-11f0-bdf8-9ee62e3b7bba":{"metas":[{"phx_ref":"GIklqhVAVO06AgWC","phx_ref_prev":"GIklqELqYkI6AgNC","last_seen":"2026-01-09T19:09:01.034Z","room_id":"event_tt1396484","started_at":"2026-01-09T19:09:01.034Z","status":"online","user_id":"656daa91-33b4-4688-9135-c982ea52d7c9","username":"ursinho","watching_id":"tt1396484","watching_title":"It","watching_type":"movie"}]}},"topic":"realtime:global-presence"}
📈 SocialService: User 656daa91-33b4-4688-9135-c982ea52d7c9 came online
📨 Received: {"ref":"1","event":"phx_reply","payload":{"status":"ok","response":{}},"topic":"realtime:global-presence"}
📨 Received: {"ref":null,"event":"presence_diff","payload":{"joins":{"acb42222-ed8e-11f0-a28e-9ee62e3b7bba":{"metas":[{"phx_ref":"GIklq9fw9fo6Ah7h","last_seen":"2026-01-09T19:09:08.569Z","status":"online","user_id":"96E01CDB-36C0-4228-A6E4-A29A3C66BC8E","username":"lemontom"}]}},"leaves":{}},"topic":"realtime:global-presence"}
📈 SocialService: User 96e01cdb-36c0-4228-a6e4-a29a3c66bc8e came online
📡 Joined channel: realtime:direct_messages
✅ SocialService: Connected to DM channel
📨 Received: {"ref":"315C48EF-4620-42F8-B04B-86625F6896FB","event":"phx_reply","payload":{"status":"ok","response":{"postgres_changes":[{"id":6798732,"event":"INSERT","filter":"receiver_id=eq.96e01cdb-36c0-4228-a6e4-a29a3c66bc8e","schema":"public","table":"direct_messages"},{"id":83853945,"event":"INSERT","filter":"sender_id=eq.96e01cdb-36c0-4228-a6e4-a29a3c66bc8e","schema":"public","table":"direct_messages"}]}},"topic":"realtime:direct_messages"}
📨 Received: {"ref":null,"event":"system","payload":{"message":"Subscribed to PostgreSQL","status":"ok","extension":"postgres_changes","channel":"direct_messages"},"topic":"realtime:direct_messages"}
📨 Received: {"ref":null,"event":"presence_state","payload":{},"topic":"realtime:direct_messages"}
📬 SocialService: Fetched 0 unread messages
🔄 SocialService: Syncing 50 items to cloud...
🔄 SocialService: Syncing 50 items to cloud (serial)...
[2026-01-09T19:09:09Z] [INFO] [EventsView.swift:253] 🎟️ Joining event: It (Live: true)
   Event start time: 2026-01-09 17:05:37 +0000
   Event duration: 8700.0s
   Current time: 2026-01-09 19:09:09 +0000
   Is Live: true
   Is In Lobby: false
✅ Event room already exists: event_tt1396484

✅ [SYNC VERIFICATION] FOUND SERVER KEY - Re-unlocking for fresh URL 🔑
   Stored Hash: ad1ba686c1b2028858b0aefd835e995d76707d44
   Cached URL: https://chi9-4.download.real-d...
[2026-01-09T19:09:10Z] [INFO] [StreamService.swift:90] 🎬 StreamService: Starting resolution for: It
[ INFO ] GET /api/metadata/meta/movie/tt1396484 [request-id: F20E7BED-E021-4E60-BA73-55ECC9055DE6]
2026-01-09 14:09:10.342 RedLemon[34658:193588] 📦 Decoded CinemetaMeta - videos count: -1
2026-01-09 14:09:10.342 RedLemon[34658:193588] ✅ StreamService: Metadata loaded: It
2026-01-09 14:09:10.342 RedLemon[34658:193588] ⚡️ StreamService: Resolving streams via StreamResolver (Bypassing HTTP)...
2026-01-09 14:09:10.343 RedLemon[34658:193588] ⚡️ StreamResolver: Resolving streams for tt1396484 (S0E0)
2026-01-09 14:09:10.581 RedLemon[34658:193631]    📅 Filtering by year: 2017
💾 Cache SET: Metadata[meta_movie_tt1396484]
🎬 StreamService: Resolving movie - trusted pack filtering will be applied server-side
🛡️ StreamResolver: Loaded 0 blocked streams from blacklist
⚡️ StreamResolver: Found Community Verified stream with 4 votes!
   ℹ️ Hash: ad1ba686c1b2028858b0aefd835e995d76707d44
   ℹ️ Last Verified: 2026-01-09 18:42:00 +0000
✅ SubDLClient initialized
🔍 Searching SubDL: tt1396484 (movie)
✅ Found 10 subtitles from SubDL (Primary)
   📉 Penalizing niche subtitle: it 2017 720p new hd-ts 60fps x264 hq-mkv (02:08:39) (Stream is standard)
✅ StreamResolver: Attached best sub for 'Community Verified Stream (108...': It(2017)720pBluRay-[LRXSTORE]...
⚡️ StreamResolver: SHORT CIRCUIT - Returning verified stream immediately.
⚡️ StreamService: Testing verified stream viability...
🔓 StreamService: Unlocking with infoHash: ad1ba686c1b2...
[ INFO ] POST /api/streams/unlock [request-id: 1FED976E-12BC-4A20-ACF5-E2B5D16B6B5C]
2026-01-09 14:09:11.123 RedLemon[34658:193588] 🔓 Unlock request: infoHash=ad1ba686c1b2..., fileIdx=0
2026-01-09 14:09:11.123 RedLemon[34658:193588] ✅ Token found, attempting unlock...
2026-01-09 14:09:13.039 RedLemon[34658:193459] ✅ Unlocked successfully: It.2017.1080p.BluRay.x264-[YTS.AG].mp4
2026-01-09 14:09:13.041 RedLemon[34658:193631] 📥 StreamService: Pre-downloading 5 (capped from 10) subtitles...
2026-01-09 14:09:13.041 RedLemon[34658:193631] 🐛 StreamService: downloadSubtitlesInParallel called. Season: nil, Episode: nil, Count: 5
2026-01-09 14:09:13.042 RedLemon[34658:193631] 🔍 DEBUG: Processing subtitle URL: /subtitle/3028915-3033435.zip
2026-01-09 14:09:13.042 RedLemon[34658:193588] 🔍 DEBUG: Processing subtitle URL: /subtitle/3381778-2862933.zip
2026-01-09 14:09:13.042 RedLemon[34658:193459] 🔍 DEBUG: Processing subtitle URL: /subtitle/3028916-3033434.zip
2026-01-09 14:09:13.042 RedLemon[34658:193632] 🔍 DEBUG: Processing subtitle URL: /subtitle/2973429-2967372.zip
2026-01-09 14:09:13.042 RedLemon[34658:193588] ✅ DEBUG: Raw SubDL URL detected, converting to proxy URL
2026-01-09 14:09:13.042 RedLemon[34658:193631] ✅ DEBUG: Raw SubDL URL detected, converting to proxy URL
2026-01-09 14:09:13.042 RedLemon[34658:193459] ✅ DEBUG: Raw SubDL URL detected, converting to proxy URL
2026-01-09 14:09:13.042 RedLemon[34658:193632] ✅ DEBUG: Raw SubDL URL detected, converting to proxy URL
2026-01-09 14:09:13.042 RedLemon[34658:193459] 🐛 StreamService: Constructed Proxy URL: http://127.0.0.1:47253/subtitles/subdl/L3N1YnRpdGxlLzMwMjg5MTYtMzAzMzQzNC56aXA=?token=A7A39FE4-5893-4E75-A745-B9E711159220
2026-01-09 14:09:13.042 RedLemon[34658:193631] 🐛 StreamService: Constructed Proxy URL: http://127.0.0.1:47253/subtitles/subdl/L3N1YnRpdGxlLzMwMjg5MTUtMzAzMzQzNS56aXA=?token=A7A39FE4-5893-4E75-A745-B9E711159220
2026-01-09 14:09:13.042 RedLemon[34658:193632] 🐛 StreamService: Constructed Proxy URL: http://127.0.0.1:47253/subtitles/subdl/L3N1YnRpdGxlLzI5NzM0MjktMjk2NzM3Mi56aXA=?token=A7A39FE4-5893-4E75-A745-B9E711159220
2026-01-09 14:09:13.042 RedLemon[34658:193588] 🐛 StreamService: Constructed Proxy URL: http://127.0.0.1:47253/subtitles/subdl/L3N1YnRpdGxlLzMzODE3NzgtMjg2MjkzMy56aXA=?token=A7A39FE4-5893-4E75-A745-B9E711159220
2026-01-09 14:09:13.042 RedLemon[34658:193632] 🔍 DEBUG: Processing subtitle URL: /subtitle/3204249-3220719.zip
2026-01-09 14:09:13.042 RedLemon[34658:193632] ✅ DEBUG: Raw SubDL URL detected, converting to proxy URL
2026-01-09 14:09:13.043 RedLemon[34658:193632] 🐛 StreamService: Constructed Proxy URL: http://127.0.0.1:47253/subtitles/subdl/L3N1YnRpdGxlLzMyMDQyNDktMzIyMDcxOS56aXA=?token=A7A39FE4-5893-4E75-A745-B9E711159220
2026-01-09 14:09:13.371 RedLemon[34658:193632] ✅ Persisted stream selection to room event_tt1396484
2026-01-09 14:09:14.280 RedLemon[34658:193085] 🖼️ Loading background art: https://images.metahub.space/background/medium/tt1396484/img
2026-01-09 14:09:14.282 RedLemon[34658:193085] ⏳ Background art loading...
2026-01-09 14:09:14.283 RedLemon[34658:193085] 🎨 Loading logo: https://images.metahub.space/logo/medium/tt1396484/img
2026-01-09 14:09:14.285 RedLemon[34658:193085] ⏳ Logo loading...
2026-01-09 14:09:14.334 RedLemon[34658:193085]    Quality: 1080p
2026-01-09 14:09:14.334 RedLemon[34658:193085]    Mode: watchParty
2026-01-09 14:09:14.334 RedLemon[34658:193085] 📡 Fetching metadata for tt1396484...
2026-01-09 14:09:14.371 RedLemon[34658:193085] 🎬 GUEST: Using host's stream selection (skipping resolution)
2026-01-09 14:09:14.371 RedLemon[34658:193085] 📝 GUEST: Extracted filename='It.2017.1080p.BluRay.x264-[YTS.AG].mp4' (len=38), sourceQuality=nil, selectedQuality=1080p
✅ RD addMagnet: 2RXWQNPBXLM4M
🎬 Movie: Found matching file for title 'It': /It.2017.1080p.BluRay.x264-[YTS.AG].mp4
📝 RD: Selecting file ID 2 for torrent 2RXWQNPBXLM4M
📊 RD poll 1/2: status=downloaded, links=1
🔗 Unrestricting link: https://real-debrid.com/d/4XVIWI2COYKF6A9D
✅ StreamService: Stream unlocked successfully!
✅ StreamService: Verified stream is VIABLE. Returning immediately.
   ✅ Fresh URL obtained: https://chi2-4.download.real-debrid.com/...
   ✅ Database updated with fresh URL

📨 Received: {"ref":null,"event":"presence_diff","payload":{"joins":{"a3881618-ed8e-11f0-bdf8-9ee62e3b7bba":{"metas":[{"phx_ref":"GIklrO8lxN06Agdi","phx_ref_prev":"GIklqhVAVO06AgWC","last_seen":"2026-01-09T19:09:13.281Z","room_id":"event_tt1396484","started_at":"2026-01-09T19:09:01.034Z","status":"online","user_id":"656daa91-33b4-4688-9135-c982ea52d7c9","username":"ursinho","watching_id":"tt1396484","watching_title":"It","watching_type":"movie"}]}},"leaves":{"a3881618-ed8e-11f0-bdf8-9ee62e3b7bba":{"metas":[{"phx_ref":"GIklqhVAVO06AgWC","phx_ref_prev":"GIklqELqYkI6AgNC","last_seen":"2026-01-09T19:09:01.034Z","room_id":"event_tt1396484","started_at":"2026-01-09T19:09:01.034Z","status":"online","user_id":"656daa91-33b4-4688-9135-c982ea52d7c9","username":"ursinho","watching_id":"tt1396484","watching_title":"It","watching_type":"movie"}]}}},"topic":"realtime:global-presence"}
🎬 Live event - calculating position: 7417.198595404625 seconds
   Event start time: 2026-01-09 17:05:37 +0000
   Current time: 2026-01-09 19:09:14 +0000
   Room createdAt: 2026-01-09 17:05:37 +0000
   Room state: playing
   Setting resumeFromTimestamp to: 7417.198595404625
🎬 Live event - starting playback immediately (no lobby)
🎬 PlayerVM: Starting playback for: It
✅ Cache HIT: Metadata[meta_movie_tt1396484]


✅ [SYNC VERIFICATION] LOCKING TO SHARED STREAM (SYSTEM/HOST) 🔒
[ INFO ] GET /subtitles/search [request-id: 4DC3EFA1-2742-4784-AC93-2EF2ECC7FB89]
2026-01-09 14:09:14.662 RedLemon[34658:193085] ✅ Logo loaded successfully
2026-01-09 14:09:14.682 RedLemon[34658:193085] ✅ Background art loaded successfully
2026-01-09 14:09:14.776 RedLemon[34658:193085] ✅ GUEST: Found 10 subtitles
2026-01-09 14:09:14.784 RedLemon[34658:193085] 🎬🎬🎬 MPVPlayerView INIT called - streamURL: https://chi2-4.download.real-debrid.com/d/IL32Q4EJLYENY117/I, subtitles: 10
2026-01-09 14:09:14.855 RedLemon[34658:193085] ✅ Stream ready, starting playback...
2026-01-09 14:09:14.855 RedLemon[34658:193085] 🖥️ WindowManager: enterFullscreen() called
2026-01-09 14:09:14.855 RedLemon[34658:193085]    Window: <SwiftUI.SwiftUIWindow: 0x7fec62099b80>
2026-01-09 14:09:14.855 RedLemon[34658:193085]    Is fullscreen: 0
2026-01-09 14:09:14.855 RedLemon[34658:193085]    ✅ WindowManager: Toggling fullscreen ON
2026-01-09 14:09:14.929 RedLemon[34658:193085] 🖼️ Setting up MPV with native macOS video output...
2026-01-09 14:09:14.933 RedLemon[34658:193085] ✅ MPV initialized with native GPU rendering
2026-01-09 14:09:14.941 RedLemon[34658:193085] 🎬🎬🎬 MPVPlayerView .task starting
2026-01-09 14:09:14.941 RedLemon[34658:193085] 🎉 Starting watch party sync - Room: event_tt1396484, Host: NO
2026-01-09 14:09:14.941 RedLemon[34658:193085] 🎉 Watch Party Mode ENABLED. isInWatchParty = YES
2026-01-09 14:09:15.007 RedLemon[34658:193085] 🔄 Starting chat polling for room: event_tt1396484
2026-01-09 14:09:15.007 RedLemon[34658:193085] 💓 Started playback heartbeat loop
2026-01-09 14:09:15.008 RedLemon[34658:193085] ✅ Watch party sync started successfully - isInWatchParty is now TRUE
2026-01-09 14:09:15.008 RedLemon[34658:193085] 🎬🎬🎬 About to call loadStream - isInWatchParty: YES
2026-01-09 14:09:15.008 RedLemon[34658:193085] 🎬🎬🎬 Subtitles: 10
2026-01-09 14:09:15.008 RedLemon[34658:193085] 🎬🎬🎬 LOADSTREAM CALLED - streamTitle: It
2026-01-09 14:09:15.008 RedLemon[34658:193085] 🎬🎬🎬 streamURL: https://chi2-4.download.real-debrid.com/d/IL32Q4EJLYENY117/I
2026-01-09 14:09:15.008 RedLemon[34658:193085] 🎬🎬🎬 subtitles: 10
2026-01-09 14:09:15.009 RedLemon[34658:193085] 🎬🎬🎬 MPVPlayerView .task completed
2026-01-09 14:09:15.021 RedLemon[34658:193630] ℹ️ SubDL subtitles detected - downloading to local files in background...
2026-01-09 14:09:15.021 RedLemon[34658:193459] 🎬 MPV: Current video filename set to: 
2026-01-09 14:09:15.021 RedLemon[34658:193630] 🔍 SubtitleService: Downloading http://127.0.0.1:47253/subtitles/subdl/L3N1YnRpdGxlLzMwMjg5MTYtMzAzMzQzNC56aXA=?token=A7A39FE4-5893-4E75-A745-B9E711159220
2026-01-09 14:09:15.021 RedLemon[34658:193459] 🎬 MPV loadVideo called with URL: https://chi2-4.download.real-debrid.com/d/IL32Q4EJ (Encoded: https://chi2-4.download.real-debrid.com/d/IL32Q4EJ), autoplay: false, expectedSubs: 3
2026-01-09 14:09:15.022 RedLemon[34658:193459] 🎬 MPV executing: loadfile "https://chi2-4.download.real-debrid.com/d/IL32Q4EJLYENY117/It.2017.1080p.BluRay.x264-%5BYTS.AG%5D.mp4"
2026-01-09 14:09:15.022 RedLemon[34658:193459] ✅ MPV loadfile succeeded (Started Paused, waiting for Smart Load)
🔍 Searching SubDL: tt1396484 (movie)
   ℹ️ Fallback Name: It (2017)
✅ Found 10 subtitles from SubDL (Primary)
🎬 RedLemon: Creating MPVPlayerView
   Stream URL: https://chi2-4.download.real-debrid.com/d/IL32Q4EJLYENY117/I
   Display Title: It
   Subtitle URLs: 10
      [0] It(2017)720pBluRay-[LRXSTORE]
      [1] It(2017)720pBluRay-[LRXSTORE]
      [2] It.2017.PROPER.2160p.BluRay.REMUX.HEVC.DTS-HD.MA.TrueHD.7.1.Atmos-FGT_eng
      [3] It.2017.720p.BrRip.x264.YIFY
      [4] It.2017.WEB-DL.TUBI
      [5] It.2017.Blueray.720p.x264-ontop
      [6] It.2017.BRRip.XviD.MP3-RARBG
      [7] IT 2017 720p new hd-ts 60fps x264 hq-mkv (02:08:39)
      [8] It.2017.BRRip.XviD.MP3-RARBG
      [9] IT2017.WEBRip.XviD.MP3-SHITBOX
🎬 MPVWrapper: Creating embedded MPV with render context...
✅ MPV handle created
🎬 MPVLayerHostView initialized
🎬 Event playback detected - starting auto-exit monitor
🧠 StreamService: Marked hash ad1ba686 as attempted for tt1396484
🎬 Created CGL pixel format (Core Profile 3.2)
🎬 Created CGL context with vsync enabled
🎬 MPVViewLayer initialized with async rendering
🎬 Video layer assigned to host view
🎬 Creating MPV render context with OpenGL (IINA method)...
🎬 MPV: Frame ready! Calling layer.update() (throttled)
✅ Render context created successfully (IINA method)
🎬 Layer.update() called - forceDraw:false needsFlip:true (throttled)
🎬 CVDisplayLink started
🎉 Starting watch party: roomId=event_tt1396484, isHost=false
🎬 DisplayLink: reportSwap() (throttled)
🔌 Setting up Realtime channel: watch-party:event_tt1396484
   Role: Guest
   User ID: 96E01CDB-36C0-4228-A6E4-A29A3C66BC8E
📡 Connection state: connecting
📡 Joined channel: realtime:watch-party:event_tt1396484
📡 Connection state: connected
✅ Realtime channel setup complete
✅ Watch party sync initialized with Realtime
🎬 Loading stream: It
   IMDB: tt1396484
   URL: https://chi2-4.download.real-debrid.com/d/IL32Q4EJLYENY117/I...
   Hash: ad1ba686...
   Source: BluRay
💬 Added mock chat messages for testing
🎉 EVENT MODE: Loading PAUSED to seek first (preventing flash)
⏯️ MPV: Pause state changed to false -> isPlaying = true
⚡️ PlaybackService: creating sleep assertion (preventing idle sleep)
📡 Fetching metadata for tt1396484 as movie...
📝 Pre-loading external subtitles (Top 3)...
✅ Cache HIT: Metadata[meta_movie_tt1396484]
⚡️ PlaybackService: releasing sleep assertion
[ INFO ] GET /subtitles/subdl/L3N1YnRpdGxlLzMwMjg5MTYtMzAzMzQzNC56aXA= [request-id: F43A2292-B1CB-46BA-BA50-30983E1018E5]
2026-01-09 14:09:15.048 RedLemon[34658:193629] ⚠️ Request requested signing but no keys found in Keychain
2026-01-09 14:09:15.329 RedLemon[34658:193085] ⚠️ Playback heartbeat failed: userMessage("Missing signature headers (x-identity-signature, x-timestamp)")
2026-01-09 14:09:15.568 RedLemon[34658:193592] ✅ Subtitle 1 downloaded to: /var/folders/jc/l80q3kbs1sd9bjsvc347d22r0000gn/T/sub_A237E12A-4C05-4E13-96E9-1CF55C9DB3D6.vtt
2026-01-09 14:09:15.568 RedLemon[34658:193592] 📝 Loading subtitle from: /var/folders/jc/l80q3kbs1sd9bjsvc347d22r0000gn/T/sub_A237E12A-4C05-4E13-96E9-1CF
2026-01-09 14:09:15.584 RedLemon[34658:193592] ✅ External subtitle added to track list (not auto-selected)
2026-01-09 14:09:15.584 RedLemon[34658:193592] 🔍 SubtitleService: Downloading http://127.0.0.1:47253/subtitles/subdl/L3N1YnRpdGxlLzMwMjg5MTUtMzAzMzQzNS56aXA=?token=A7A39FE4-5893-4E75-A745-B9E711159220
📄 Subtitle request: L3N1YnRpdGxlLzMwMjg5... (offset: 0ms)
📥 Downloading subtitle from SubDL CDN: /subtitle/3028916-3033434.zip
👁️ ChatOverlayView appeared - UI UPDATE ROUND 6
⌨️ ChatOverlayView: Triggering input focus (showChat=true)
📨 Received: {"ref":"C4AB7DCA-7FD4-45C4-802D-FAF2F907C099","event":"phx_reply","payload":{"status":"ok","response":{"postgres_changes":[]}},"topic":"realtime:watch-party:event_tt1396484"}
📨 Received: {"ref":null,"event":"presence_state","payload":{"a82f3dc2-ed8e-11f0-9617-9ee62e3b7bba":{"metas":[{"phx_ref":"GIklqhRLOjqQMAVi","is_host":false,"joined_at":1767985741.017633,"user_id":"656DAA91-33B4-4688-9135-C982EA52D7C9","username":"ursinho"}]}},"topic":"realtime:watch-party:event_tt1396484"}
📨 Received: {"ref":"3","event":"phx_reply","payload":{"status":"ok","response":{}},"topic":"realtime:watch-party:event_tt1396484"}
📨 Received: {"ref":null,"event":"presence_diff","payload":{"joins":{"b08a2c8e-ed8e-11f0-8e83-9ee62e3b7bba":{"metas":[{"phx_ref":"GIklrVeFThuQMAfi","is_host":false,"joined_at":1767985755.005571,"user_id":"96E01CDB-36C0-4228-A6E4-A29A3C66BC8E","username":"lemontom"}]}},"leaves":{}},"topic":"realtime:watch-party:event_tt1396484"}
✅ Got background: https://images.metahub.space/background/medium/tt1396484/img...
✅ Got poster URL: https://images.metahub.space/poster/small/tt1396484/img...
✅ Got logo: https://images.metahub.space/logo/medium/tt1396484/img...
📡 SocialService: Updated status - online: It
➕ Added new participant 656daa91-33b4-4688-9135-c982ea52d7c9 (Ref: GIklqhRLOjqQMAVi)
⚠️ Self (96e01cdb-36c0-4228-a6e4-a29a3c66bc8e) was missing from list - restoring.
🔄 Updated existing participant 96e01cdb-36c0-4228-a6e4-a29a3c66bc8e with Ref: GIklrVeFThuQMAfi
📨 Received: {"ref":"2","event":"phx_reply","payload":{"status":"ok","response":{}},"topic":"realtime:global-presence"}
📨 Received: {"ref":null,"event":"presence_diff","payload":{"joins":{"acb42222-ed8e-11f0-a28e-9ee62e3b7bba":{"metas":[{"phx_ref":"GIklrVhrCSA6AggC","phx_ref_prev":"GIklq9fw9fo6Ah7h","last_seen":"2026-01-09T19:09:15.020Z","room_id":"event_tt1396484","started_at":"2026-01-09T19:09:15.021Z","status":"online","user_id":"96e01cdb-36c0-4228-a6e4-a29a3c66bc8e","username":"lemontom","watching_id":"tt1396484","watching_title":"It","watching_type":"movie"}]}},"leaves":{"acb42222-ed8e-11f0-a28e-9ee62e3b7bba":{"metas":[{"phx_ref":"GIklq9fw9fo6Ah7h","last_seen":"2026-01-09T19:09:08.569Z","status":"online","user_id":"96E01CDB-36C0-4228-A6E4-A29A3C66BC8E","username":"lemontom"}]}}},"topic":"realtime:global-presence"}
⏰ AppState: Next schedule update set for Event End: 2026-01-09 19:30:37 +0000
⏰ AppState: Scheduling update in 1282 seconds
⏳ EVENT: Waiting for duration to start playback...
⏳ MPVPlayerViewModel: Enhancing UI - Buffering started (show spinner)
❌ Supabase API Error: Missing signature headers (x-identity-signature, x-timestamp)
✅ Download complete: 47066 bytes
📦 Detected ZIP archive, extracting...
⚠️ No specific episode match found, using first file: It_English-HI-[LRXSTORE].srt
📦 Extracting specific file: It_English-HI-\[LRXSTORE\].srt
✅ Extraction successful
✅ Subtitle downloaded and converted to VTT
[ INFO ] GET /subtitles/subdl/L3N1YnRpdGxlLzMwMjg5MTUtMzAzMzQzNS56aXA= [request-id: 28CB2D4D-07D3-4CD7-B46E-2A99EF15A514]
2026-01-09 14:09:16.058 RedLemon[34658:193629] ✅ Subtitle 2 downloaded to: /var/folders/jc/l80q3kbs1sd9bjsvc347d22r0000gn/T/sub_47E20984-7F95-4CA2-9463-99A6E187AFD2.vtt
2026-01-09 14:09:16.058 RedLemon[34658:193629] 📝 Loading subtitle from: /var/folders/jc/l80q3kbs1sd9bjsvc347d22r0000gn/T/sub_47E20984-7F95-4CA2-9463-99A
2026-01-09 14:09:16.066 RedLemon[34658:193629] ✅ External subtitle added to track list (not auto-selected)
2026-01-09 14:09:16.066 RedLemon[34658:193629] 🔍 SubtitleService: Downloading http://127.0.0.1:47253/subtitles/subdl/L3N1YnRpdGxlLzMyMDQyNDktMzIyMDcxOS56aXA=?token=A7A39FE4-5893-4E75-A745-B9E711159220
📄 Subtitle request: L3N1YnRpdGxlLzMwMjg5... (offset: 0ms)
📥 Downloading subtitle from SubDL CDN: /subtitle/3028915-3033435.zip
✅ Download complete: 36124 bytes
📦 Detected ZIP archive, extracting...
⚠️ No specific episode match found, using first file: It_English-[LRXSTORE].srt
📦 Extracting specific file: It_English-\[LRXSTORE\].srt
🎬 DisplayLink: reportSwap() (throttled)
✅ Extraction successful
✅ Subtitle downloaded and converted to VTT
[ INFO ] GET /subtitles/subdl/L3N1YnRpdGxlLzMyMDQyNDktMzIyMDcxOS56aXA= [request-id: E7C06284-B573-424C-BF9C-B31B2EE4FC4C]
2026-01-09 14:09:16.585 RedLemon[34658:193630] ✅ Subtitle 3 downloaded to: /var/folders/jc/l80q3kbs1sd9bjsvc347d22r0000gn/T/sub_D9E7F646-7C73-4F17-98E2-3BD6F4774A6C.vtt
2026-01-09 14:09:16.585 RedLemon[34658:193630] 📝 Loading subtitle from: /var/folders/jc/l80q3kbs1sd9bjsvc347d22r0000gn/T/sub_D9E7F646-7C73-4F17-98E2-3BD
2026-01-09 14:09:16.597 RedLemon[34658:193630] ✅ External subtitle added to track list (not auto-selected)
2026-01-09 14:09:16.597 RedLemon[34658:193630] 🔍 MPV track-list/count: 3
2026-01-09 14:09:16.598 RedLemon[34658:193630] 🔍 Track 0 type: sub
2026-01-09 14:09:16.598 RedLemon[34658:193630] ✅ Found subtitle track: ID=1, lang=en, title=It(2017)720pBluRay-[LRXSTORE], external=1
2026-01-09 14:09:16.598 RedLemon[34658:193630] 🔍 Track 1 type: sub
2026-01-09 14:09:16.598 RedLemon[34658:193630] ✅ Found subtitle track: ID=2, lang=en, title=It(2017)720pBluRay-[LRXSTORE], external=1
2026-01-09 14:09:16.598 RedLemon[34658:193630] 🔍 Track 2 type: sub
2026-01-09 14:09:16.598 RedLemon[34658:193630] ✅ Found subtitle track: ID=3, lang=en, title=It.2017.PROPER.2160p.BluRay.REMUX.HEVC.DTS-HD.MA.TrueHD.7.1.Atmos-FGT_eng, external=1
2026-01-09 14:09:16.598 RedLemon[34658:193630] 📊 Total subtitle tracks found: 4 (including Off if needed)
2026-01-09 14:09:16.599 RedLemon[34658:193630]    Start[0]: ID=0, Title='Off', Lang='nil', Ext=0
2026-01-09 14:09:16.599 RedLemon[34658:193630]    Start[1]: ID=1, Title='It(2017)720pBluRay-[LRXSTORE]', Lang='en', Ext=1
2026-01-09 14:09:16.599 RedLemon[34658:193630]    Start[2]: ID=2, Title='It(2017)720pBluRay-[LRXSTORE]', Lang='en', Ext=1
2026-01-09 14:09:16.599 RedLemon[34658:193630]    Start[3]: ID=3, Title='It.2017.PROPER.2160p.BluRay.REMUX.HEVC.DTS-HD.MA.TrueHD.7.1.Atmos-FGT_eng', Lang='en', Ext=1
2026-01-09 14:09:16.599 RedLemon[34658:193630] ✅ SubtitleService: Scanned 4 tracks (Attempt 1/5)
2026-01-09 14:09:16.600 RedLemon[34658:193630]    Track: ID=0, Title=Off, External=0
2026-01-09 14:09:16.600 RedLemon[34658:193630]    Track: ID=1, Title=It(2017)720pBluRay-[LRXSTORE], External=1
2026-01-09 14:09:16.600 RedLemon[34658:193630]    Track: ID=2, Title=It(2017)720pBluRay-[LRXSTORE], External=1
2026-01-09 14:09:16.601 RedLemon[34658:193630]    Track: ID=3, Title=It.2017.PROPER.2160p.BluRay.REMUX.HEVC.DTS-HD.MA.TrueHD.7.1.Atmos-FGT_eng, External=1
2026-01-09 14:09:16.848 RedLemon[34658:193085] ⏩ Watch Party: Room already playing, skipping Ready Gate (Late Join)
2026-01-09 14:09:16.935 RedLemon[34658:193631] 🔍 MPV track-list/count: 5
2026-01-09 14:09:16.937 RedLemon[34658:193631] 🔍 Track 0 type: sub
2026-01-09 14:09:16.937 RedLemon[34658:193631] ✅ Found subtitle track: ID=1, lang=en, title=It(2017)720pBluRay-[LRXSTORE], external=1
2026-01-09 14:09:16.937 RedLemon[34658:193631] 🔍 Track 1 type: sub
2026-01-09 14:09:16.937 RedLemon[34658:193631] ✅ Found subtitle track: ID=2, lang=en, title=It(2017)720pBluRay-[LRXSTORE], external=1
2026-01-09 14:09:16.937 RedLemon[34658:193631] 🔍 Track 2 type: sub
2026-01-09 14:09:16.937 RedLemon[34658:193631] ✅ Found subtitle track: ID=3, lang=en, title=It.2017.PROPER.2160p.BluRay.REMUX.HEVC.DTS-HD.MA.TrueHD.7.1.Atmos-FGT_eng, external=1
2026-01-09 14:09:16.937 RedLemon[34658:193631] 🔍 Track 3 type: video
2026-01-09 14:09:16.937 RedLemon[34658:193631] 🔍 Track 4 type: audio
2026-01-09 14:09:16.938 RedLemon[34658:193631] 📊 Total subtitle tracks found: 4 (including Off if needed)
2026-01-09 14:09:16.938 RedLemon[34658:193631]    Start[0]: ID=0, Title='Off', Lang='nil', Ext=0
2026-01-09 14:09:16.938 RedLemon[34658:193631]    Start[1]: ID=1, Title='It(2017)720pBluRay-[LRXSTORE]', Lang='en', Ext=1
2026-01-09 14:09:16.938 RedLemon[34658:193631]    Start[2]: ID=2, Title='It(2017)720pBluRay-[LRXSTORE]', Lang='en', Ext=1
2026-01-09 14:09:16.938 RedLemon[34658:193631]    Start[3]: ID=3, Title='It.2017.PROPER.2160p.BluRay.REMUX.HEVC.DTS-HD.MA.TrueHD.7.1.Atmos-FGT_eng', Lang='en', Ext=1
2026-01-09 14:09:16.938 RedLemon[34658:193631] ✅ SubtitleService: Scanned 4 tracks (Attempt 1/5)
2026-01-09 14:09:16.938 RedLemon[34658:193631]    Track: ID=0, Title=Off, External=0
2026-01-09 14:09:16.938 RedLemon[34658:193631]    Track: ID=1, Title=It(2017)720pBluRay-[LRXSTORE], External=1
2026-01-09 14:09:16.939 RedLemon[34658:193631]    Track: ID=2, Title=It(2017)720pBluRay-[LRXSTORE], External=1
2026-01-09 14:09:16.939 RedLemon[34658:193631]    Track: ID=3, Title=It.2017.PROPER.2160p.BluRay.REMUX.HEVC.DTS-HD.MA.TrueHD.7.1.Atmos-FGT_eng, External=1
2026-01-09 14:09:17.636 RedLemon[34658:193631] 🔍 MPV track-list/count: 5
2026-01-09 14:09:17.636 RedLemon[34658:193631] 🔍 Track 0 type: sub
2026-01-09 14:09:17.636 RedLemon[34658:193631] ✅ Found subtitle track: ID=1, lang=en, title=It(2017)720pBluRay-[LRXSTORE], external=1
2026-01-09 14:09:17.637 RedLemon[34658:193631] 🔍 Track 1 type: sub
2026-01-09 14:09:17.637 RedLemon[34658:193631] ✅ Found subtitle track: ID=2, lang=en, title=It(2017)720pBluRay-[LRXSTORE], external=1
2026-01-09 14:09:17.637 RedLemon[34658:193631] 🔍 Track 2 type: sub
2026-01-09 14:09:17.637 RedLemon[34658:193631] ✅ Found subtitle track: ID=3, lang=en, title=It.2017.PROPER.2160p.BluRay.REMUX.HEVC.DTS-HD.MA.TrueHD.7.1.Atmos-FGT_eng, external=1
2026-01-09 14:09:17.637 RedLemon[34658:193631] 🔍 Track 3 type: video
2026-01-09 14:09:17.637 RedLemon[34658:193631] 🔍 Track 4 type: audio
2026-01-09 14:09:17.637 RedLemon[34658:193631] 📊 Total subtitle tracks found: 4 (including Off if needed)
2026-01-09 14:09:17.638 RedLemon[34658:193631]    Start[0]: ID=0, Title='Off', Lang='nil', Ext=0
2026-01-09 14:09:17.638 RedLemon[34658:193631]    Start[1]: ID=1, Title='It(2017)720pBluRay-[LRXSTORE]', Lang='en', Ext=1
2026-01-09 14:09:17.638 RedLemon[34658:193631]    Start[2]: ID=2, Title='It(2017)720pBluRay-[LRXSTORE]', Lang='en', Ext=1
2026-01-09 14:09:17.638 RedLemon[34658:193631]    Start[3]: ID=3, Title='It.2017.PROPER.2160p.BluRay.REMUX.HEVC.DTS-HD.MA.TrueHD.7.1.Atmos-FGT_eng', Lang='en', Ext=1
2026-01-09 14:09:17.638 RedLemon[34658:193631] ✅ SubtitleService: Scanned 4 tracks (Attempt 2/5)
2026-01-09 14:09:17.638 RedLemon[34658:193631]    Track: ID=0, Title=Off, External=0
2026-01-09 14:09:17.638 RedLemon[34658:193631]    Track: ID=1, Title=It(2017)720pBluRay-[LRXSTORE], External=1
2026-01-09 14:09:17.639 RedLemon[34658:193631]    Track: ID=2, Title=It(2017)720pBluRay-[LRXSTORE], External=1
2026-01-09 14:09:17.639 RedLemon[34658:193631]    Track: ID=3, Title=It.2017.PROPER.2160p.BluRay.REMUX.HEVC.DTS-HD.MA.TrueHD.7.1.Atmos-FGT_eng, External=1
2026-01-09 14:09:18.050 RedLemon[34658:193592] 🔍 MPV track-list/count: 5
2026-01-09 14:09:18.054 RedLemon[34658:193592] 🔍 Track 0 type: sub
2026-01-09 14:09:18.067 RedLemon[34658:193592] ✅ Found subtitle track: ID=1, lang=en, title=It(2017)720pBluRay-[LRXSTORE], external=1
2026-01-09 14:09:18.067 RedLemon[34658:193592] 🔍 Track 1 type: sub
2026-01-09 14:09:18.068 RedLemon[34658:193592] ✅ Found subtitle track: ID=2, lang=en, title=It(2017)720pBluRay-[LRXSTORE], external=1
2026-01-09 14:09:18.068 RedLemon[34658:193592] 🔍 Track 2 type: sub
2026-01-09 14:09:18.068 RedLemon[34658:193592] ✅ Found subtitle track: ID=3, lang=en, title=It.2017.PROPER.2160p.BluRay.REMUX.HEVC.DTS-HD.MA.TrueHD.7.1.Atmos-FGT_eng, external=1
2026-01-09 14:09:18.068 RedLemon[34658:193592] 🔍 Track 3 type: video
2026-01-09 14:09:18.068 RedLemon[34658:193592] 🔍 Track 4 type: audio
2026-01-09 14:09:18.068 RedLemon[34658:193592] 📊 Total subtitle tracks found: 4 (including Off if needed)
2026-01-09 14:09:18.068 RedLemon[34658:193592]    Start[0]: ID=0, Title='Off', Lang='nil', Ext=0
2026-01-09 14:09:18.068 RedLemon[34658:193592]    Start[1]: ID=1, Title='It(2017)720pBluRay-[LRXSTORE]', Lang='en', Ext=1
2026-01-09 14:09:18.068 RedLemon[34658:193592]    Start[2]: ID=2, Title='It(2017)720pBluRay-[LRXSTORE]', Lang='en', Ext=1
2026-01-09 14:09:18.068 RedLemon[34658:193592]    Start[3]: ID=3, Title='It.2017.PROPER.2160p.BluRay.REMUX.HEVC.DTS-HD.MA.TrueHD.7.1.Atmos-FGT_eng', Lang='en', Ext=1
2026-01-09 14:09:18.068 RedLemon[34658:193592] ✅ SubtitleService: Scanned 4 tracks (Attempt 2/5)
2026-01-09 14:09:18.069 RedLemon[34658:193592]    Track: ID=0, Title=Off, External=0
2026-01-09 14:09:18.069 RedLemon[34658:193592]    Track: ID=1, Title=It(2017)720pBluRay-[LRXSTORE], External=1
2026-01-09 14:09:18.069 RedLemon[34658:193592]    Track: ID=2, Title=It(2017)720pBluRay-[LRXSTORE], External=1
2026-01-09 14:09:18.069 RedLemon[34658:193592]    Track: ID=3, Title=It.2017.PROPER.2160p.BluRay.REMUX.HEVC.DTS-HD.MA.TrueHD.7.1.Atmos-FGT_eng, External=1
2026-01-09 14:09:18.728 RedLemon[34658:193928] 🔍 MPV track-list/count: 5
2026-01-09 14:09:18.728 RedLemon[34658:193928] 🔍 Track 0 type: sub
2026-01-09 14:09:18.729 RedLemon[34658:193928] ✅ Found subtitle track: ID=1, lang=en, title=It(2017)720pBluRay-[LRXSTORE], external=1
2026-01-09 14:09:18.729 RedLemon[34658:193928] 🔍 Track 1 type: sub
2026-01-09 14:09:18.729 RedLemon[34658:193928] ✅ Found subtitle track: ID=2, lang=en, title=It(2017)720pBluRay-[LRXSTORE], external=1
2026-01-09 14:09:18.729 RedLemon[34658:193928] 🔍 Track 2 type: sub
2026-01-09 14:09:18.729 RedLemon[34658:193928] ✅ Found subtitle track: ID=3, lang=en, title=It.2017.PROPER.2160p.BluRay.REMUX.HEVC.DTS-HD.MA.TrueHD.7.1.Atmos-FGT_eng, external=1
2026-01-09 14:09:18.730 RedLemon[34658:193928] 🔍 Track 3 type: video
2026-01-09 14:09:18.730 RedLemon[34658:193928] 🔍 Track 4 type: audio
2026-01-09 14:09:18.730 RedLemon[34658:193928] 📊 Total subtitle tracks found: 4 (including Off if needed)
2026-01-09 14:09:18.730 RedLemon[34658:193928]    Start[0]: ID=0, Title='Off', Lang='nil', Ext=0
2026-01-09 14:09:18.730 RedLemon[34658:193928]    Start[1]: ID=1, Title='It(2017)720pBluRay-[LRXSTORE]', Lang='en', Ext=1
2026-01-09 14:09:18.730 RedLemon[34658:193928]    Start[2]: ID=2, Title='It(2017)720pBluRay-[LRXSTORE]', Lang='en', Ext=1
2026-01-09 14:09:18.730 RedLemon[34658:193928]    Start[3]: ID=3, Title='It.2017.PROPER.2160p.BluRay.REMUX.HEVC.DTS-HD.MA.TrueHD.7.1.Atmos-FGT_eng', Lang='en', Ext=1
2026-01-09 14:09:18.731 RedLemon[34658:193928] ✅ SubtitleService: Scanned 4 tracks (Attempt 3/5)
2026-01-09 14:09:18.731 RedLemon[34658:193928]    Track: ID=0, Title=Off, External=0
2026-01-09 14:09:18.731 RedLemon[34658:193928]    Track: ID=1, Title=It(2017)720pBluRay-[LRXSTORE], External=1
2026-01-09 14:09:18.731 RedLemon[34658:193928]    Track: ID=2, Title=It(2017)720pBluRay-[LRXSTORE], External=1
2026-01-09 14:09:18.731 RedLemon[34658:193928]    Track: ID=3, Title=It.2017.PROPER.2160p.BluRay.REMUX.HEVC.DTS-HD.MA.TrueHD.7.1.Atmos-FGT_eng, External=1
2026-01-09 14:09:19.078 RedLemon[34658:193928] 🔍 MPV track-list/count: 5
2026-01-09 14:09:19.078 RedLemon[34658:193928] 🔍 Track 0 type: sub
2026-01-09 14:09:19.079 RedLemon[34658:193928] ✅ Found subtitle track: ID=1, lang=en, title=It(2017)720pBluRay-[LRXSTORE], external=1
2026-01-09 14:09:19.079 RedLemon[34658:193928] 🔍 Track 1 type: sub
2026-01-09 14:09:19.079 RedLemon[34658:193928] ✅ Found subtitle track: ID=2, lang=en, title=It(2017)720pBluRay-[LRXSTORE], external=1
2026-01-09 14:09:19.079 RedLemon[34658:193928] 🔍 Track 2 type: sub
2026-01-09 14:09:19.079 RedLemon[34658:193928] ✅ Found subtitle track: ID=3, lang=en, title=It.2017.PROPER.2160p.BluRay.REMUX.HEVC.DTS-HD.MA.TrueHD.7.1.Atmos-FGT_eng, external=1
2026-01-09 14:09:19.079 RedLemon[34658:193928] 🔍 Track 3 type: video
2026-01-09 14:09:19.080 RedLemon[34658:193928] 🔍 Track 4 type: audio
2026-01-09 14:09:19.080 RedLemon[34658:193928] 📊 Total subtitle tracks found: 4 (including Off if needed)
2026-01-09 14:09:19.080 RedLemon[34658:193928]    Start[0]: ID=0, Title='Off', Lang='nil', Ext=0
2026-01-09 14:09:19.080 RedLemon[34658:193928]    Start[1]: ID=1, Title='It(2017)720pBluRay-[LRXSTORE]', Lang='en', Ext=1
2026-01-09 14:09:19.080 RedLemon[34658:193928]    Start[2]: ID=2, Title='It(2017)720pBluRay-[LRXSTORE]', Lang='en', Ext=1
2026-01-09 14:09:19.080 RedLemon[34658:193928]    Start[3]: ID=3, Title='It.2017.PROPER.2160p.BluRay.REMUX.HEVC.DTS-HD.MA.TrueHD.7.1.Atmos-FGT_eng', Lang='en', Ext=1
2026-01-09 14:09:19.080 RedLemon[34658:193928] ✅ SubtitleService: Scanned 4 tracks (Attempt 3/5)
2026-01-09 14:09:19.081 RedLemon[34658:193928]    Track: ID=0, Title=Off, External=0
2026-01-09 14:09:19.081 RedLemon[34658:193928]    Track: ID=1, Title=It(2017)720pBluRay-[LRXSTORE], External=1
2026-01-09 14:09:19.081 RedLemon[34658:193928]    Track: ID=2, Title=It(2017)720pBluRay-[LRXSTORE], External=1
2026-01-09 14:09:19.081 RedLemon[34658:193928]    Track: ID=3, Title=It.2017.PROPER.2160p.BluRay.REMUX.HEVC.DTS-HD.MA.TrueHD.7.1.Atmos-FGT_eng, External=1
2026-01-09 14:09:19.776 RedLemon[34658:193518] 🔍 MPV track-list/count: 5
2026-01-09 14:09:19.776 RedLemon[34658:193518] 🔍 Track 0 type: sub
2026-01-09 14:09:19.776 RedLemon[34658:193518] ✅ Found subtitle track: ID=1, lang=en, title=It(2017)720pBluRay-[LRXSTORE], external=1
2026-01-09 14:09:19.776 RedLemon[34658:193518] 🔍 Track 1 type: sub
2026-01-09 14:09:19.776 RedLemon[34658:193518] ✅ Found subtitle track: ID=2, lang=en, title=It(2017)720pBluRay-[LRXSTORE], external=1
2026-01-09 14:09:19.776 RedLemon[34658:193518] 🔍 Track 2 type: sub
2026-01-09 14:09:19.776 RedLemon[34658:193518] ✅ Found subtitle track: ID=3, lang=en, title=It.2017.PROPER.2160p.BluRay.REMUX.HEVC.DTS-HD.MA.TrueHD.7.1.Atmos-FGT_eng, external=1
2026-01-09 14:09:19.777 RedLemon[34658:193518] 🔍 Track 3 type: video
2026-01-09 14:09:19.777 RedLemon[34658:193518] 🔍 Track 4 type: audio
2026-01-09 14:09:19.777 RedLemon[34658:193518] 📊 Total subtitle tracks found: 4 (including Off if needed)
2026-01-09 14:09:19.777 RedLemon[34658:193518]    Start[0]: ID=0, Title='Off', Lang='nil', Ext=0
2026-01-09 14:09:19.777 RedLemon[34658:193518]    Start[1]: ID=1, Title='It(2017)720pBluRay-[LRXSTORE]', Lang='en', Ext=1
2026-01-09 14:09:19.777 RedLemon[34658:193518]    Start[2]: ID=2, Title='It(2017)720pBluRay-[LRXSTORE]', Lang='en', Ext=1
2026-01-09 14:09:19.777 RedLemon[34658:193518]    Start[3]: ID=3, Title='It.2017.PROPER.2160p.BluRay.REMUX.HEVC.DTS-HD.MA.TrueHD.7.1.Atmos-FGT_eng', Lang='en', Ext=1
2026-01-09 14:09:19.777 RedLemon[34658:193518] ✅ SubtitleService: Scanned 4 tracks (Attempt 4/5)
2026-01-09 14:09:19.777 RedLemon[34658:193518]    Track: ID=0, Title=Off, External=0
2026-01-09 14:09:19.778 RedLemon[34658:193518]    Track: ID=1, Title=It(2017)720pBluRay-[LRXSTORE], External=1
2026-01-09 14:09:19.778 RedLemon[34658:193518]    Track: ID=2, Title=It(2017)720pBluRay-[LRXSTORE], External=1
2026-01-09 14:09:19.778 RedLemon[34658:193518]    Track: ID=3, Title=It.2017.PROPER.2160p.BluRay.REMUX.HEVC.DTS-HD.MA.TrueHD.7.1.Atmos-FGT_eng, External=1
2026-01-09 14:09:20.173 RedLemon[34658:193518] 🔍 MPV track-list/count: 5
2026-01-09 14:09:20.173 RedLemon[34658:193518] 🔍 Track 0 type: sub
2026-01-09 14:09:20.174 RedLemon[34658:193518] ✅ Found subtitle track: ID=1, lang=en, title=It(2017)720pBluRay-[LRXSTORE], external=1
2026-01-09 14:09:20.174 RedLemon[34658:193518] 🔍 Track 1 type: sub
2026-01-09 14:09:20.174 RedLemon[34658:193518] ✅ Found subtitle track: ID=2, lang=en, title=It(2017)720pBluRay-[LRXSTORE], external=1
2026-01-09 14:09:20.175 RedLemon[34658:193518] 🔍 Track 2 type: sub
2026-01-09 14:09:20.179 RedLemon[34658:193518] ✅ Found subtitle track: ID=3, lang=en, title=It.2017.PROPER.2160p.BluRay.REMUX.HEVC.DTS-HD.MA.TrueHD.7.1.Atmos-FGT_eng, external=1
2026-01-09 14:09:20.181 RedLemon[34658:193518] 🔍 Track 3 type: video
2026-01-09 14:09:20.182 RedLemon[34658:193518] 🔍 Track 4 type: audio
2026-01-09 14:09:20.182 RedLemon[34658:193518] 📊 Total subtitle tracks found: 4 (including Off if needed)
2026-01-09 14:09:20.182 RedLemon[34658:193518]    Start[0]: ID=0, Title='Off', Lang='nil', Ext=0
2026-01-09 14:09:20.184 RedLemon[34658:193518]    Start[1]: ID=1, Title='It(2017)720pBluRay-[LRXSTORE]', Lang='en', Ext=1
2026-01-09 14:09:20.184 RedLemon[34658:193518]    Start[2]: ID=2, Title='It(2017)720pBluRay-[LRXSTORE]', Lang='en', Ext=1
2026-01-09 14:09:20.185 RedLemon[34658:193518]    Start[3]: ID=3, Title='It.2017.PROPER.2160p.BluRay.REMUX.HEVC.DTS-HD.MA.TrueHD.7.1.Atmos-FGT_eng', Lang='en', Ext=1
2026-01-09 14:09:20.185 RedLemon[34658:193518] ✅ SubtitleService: Scanned 4 tracks (Attempt 4/5)
2026-01-09 14:09:20.185 RedLemon[34658:193518]    Track: ID=0, Title=Off, External=0
2026-01-09 14:09:20.185 RedLemon[34658:193518]    Track: ID=1, Title=It(2017)720pBluRay-[LRXSTORE], External=1
2026-01-09 14:09:20.186 RedLemon[34658:193518]    Track: ID=2, Title=It(2017)720pBluRay-[LRXSTORE], External=1
2026-01-09 14:09:20.187 RedLemon[34658:193518]    Track: ID=3, Title=It.2017.PROPER.2160p.BluRay.REMUX.HEVC.DTS-HD.MA.TrueHD.7.1.Atmos-FGT_eng, External=1
2026-01-09 14:09:20.778 RedLemon[34658:193459] 🔍 MPV track-list/count: 5
2026-01-09 14:09:20.778 RedLemon[34658:193459] 🔍 Track 0 type: sub
2026-01-09 14:09:20.779 RedLemon[34658:193459] ✅ Found subtitle track: ID=1, lang=en, title=It(2017)720pBluRay-[LRXSTORE], external=1
2026-01-09 14:09:20.779 RedLemon[34658:193459] 🔍 Track 1 type: sub
2026-01-09 14:09:20.779 RedLemon[34658:193459] ✅ Found subtitle track: ID=2, lang=en, title=It(2017)720pBluRay-[LRXSTORE], external=1
2026-01-09 14:09:20.779 RedLemon[34658:193459] 🔍 Track 2 type: sub
2026-01-09 14:09:20.779 RedLemon[34658:193459] ✅ Found subtitle track: ID=3, lang=en, title=It.2017.PROPER.2160p.BluRay.REMUX.HEVC.DTS-HD.MA.TrueHD.7.1.Atmos-FGT_eng, external=1
2026-01-09 14:09:20.779 RedLemon[34658:193459] 🔍 Track 3 type: video
2026-01-09 14:09:20.779 RedLemon[34658:193459] 🔍 Track 4 type: audio
2026-01-09 14:09:20.779 RedLemon[34658:193459] 📊 Total subtitle tracks found: 4 (including Off if needed)
2026-01-09 14:09:20.779 RedLemon[34658:193459]    Start[0]: ID=0, Title='Off', Lang='nil', Ext=0
2026-01-09 14:09:20.779 RedLemon[34658:193459]    Start[1]: ID=1, Title='It(2017)720pBluRay-[LRXSTORE]', Lang='en', Ext=1
2026-01-09 14:09:20.779 RedLemon[34658:193459]    Start[2]: ID=2, Title='It(2017)720pBluRay-[LRXSTORE]', Lang='en', Ext=1
2026-01-09 14:09:20.779 RedLemon[34658:193459]    Start[3]: ID=3, Title='It.2017.PROPER.2160p.BluRay.REMUX.HEVC.DTS-HD.MA.TrueHD.7.1.Atmos-FGT_eng', Lang='en', Ext=1
2026-01-09 14:09:20.780 RedLemon[34658:193459] ✅ SubtitleService: Scanned 4 tracks (Attempt 5/5)
2026-01-09 14:09:20.780 RedLemon[34658:193459]    Track: ID=0, Title=Off, External=0
2026-01-09 14:09:20.780 RedLemon[34658:193459]    Track: ID=1, Title=It(2017)720pBluRay-[LRXSTORE], External=1
2026-01-09 14:09:20.781 RedLemon[34658:193459]    Track: ID=2, Title=It(2017)720pBluRay-[LRXSTORE], External=1
2026-01-09 14:09:20.781 RedLemon[34658:193459]    Track: ID=3, Title=It.2017.PROPER.2160p.BluRay.REMUX.HEVC.DTS-HD.MA.TrueHD.7.1.Atmos-FGT_eng, External=1
2026-01-09 14:09:20.891 RedLemon[34658:193592] 📤 Realtime: Sending message type: chat, sender: 96E01CDB-36C0-4228-A6E4-A29A3C66BC8E
2026-01-09 14:09:20.892 RedLemon[34658:193592]    Payload keys: chatText, timestamp, chatUsername, position, isPremium, type, senderId
2026-01-09 14:09:20.892 RedLemon[34658:193592] ✅ Realtime: Message broadcast complete
2026-01-09 14:09:21.011 RedLemon[34658:193928] 📨 Realtime: Received broadcast message
2026-01-09 14:09:21.012 RedLemon[34658:193928]    Payload keys: isPremium, position, timestamp, senderId, type, chatText, chatUsername
2026-01-09 14:09:21.012 RedLemon[34658:193928] ✅ Realtime: Decoded message type: chat, sender: 96E01CDB-36C0-4228-A6E4-A29A3C66BC8E
2026-01-09 14:09:21.013 RedLemon[34658:193928] 📞 Realtime: Invoking syncCallback for message type: chat
2026-01-09 14:09:21.013 RedLemon[34658:193928] ✅ Realtime: syncCallback invoked successfully
2026-01-09 14:09:21.015 RedLemon[34658:193085] 🔍 DEBUG: Received sync message - type: chat, sender: 96E01CDB-36C0-4228-A6E4-A29A3C66BC8E
2026-01-09 14:09:21.286 RedLemon[34658:193928] 🔍 MPV track-list/count: 5
2026-01-09 14:09:21.286 RedLemon[34658:193928] 🔍 Track 0 type: sub
2026-01-09 14:09:21.287 RedLemon[34658:193928] ✅ Found subtitle track: ID=1, lang=en, title=It(2017)720pBluRay-[LRXSTORE], external=1
2026-01-09 14:09:21.287 RedLemon[34658:193928] 🔍 Track 1 type: sub
2026-01-09 14:09:21.287 RedLemon[34658:193928] ✅ Found subtitle track: ID=2, lang=en, title=It(2017)720pBluRay-[LRXSTORE], external=1
2026-01-09 14:09:21.287 RedLemon[34658:193928] 🔍 Track 2 type: sub
2026-01-09 14:09:21.287 RedLemon[34658:193928] ✅ Found subtitle track: ID=3, lang=en, title=It.2017.PROPER.2160p.BluRay.REMUX.HEVC.DTS-HD.MA.TrueHD.7.1.Atmos-FGT_eng, external=1
2026-01-09 14:09:21.288 RedLemon[34658:193928] 🔍 Track 3 type: video
2026-01-09 14:09:21.288 RedLemon[34658:193928] 🔍 Track 4 type: audio
2026-01-09 14:09:21.288 RedLemon[34658:193928] 📊 Total subtitle tracks found: 4 (including Off if needed)
2026-01-09 14:09:21.288 RedLemon[34658:193928]    Start[0]: ID=0, Title='Off', Lang='nil', Ext=0
2026-01-09 14:09:21.288 RedLemon[34658:193928]    Start[1]: ID=1, Title='It(2017)720pBluRay-[LRXSTORE]', Lang='en', Ext=1
2026-01-09 14:09:21.288 RedLemon[34658:193928]    Start[2]: ID=2, Title='It(2017)720pBluRay-[LRXSTORE]', Lang='en', Ext=1
2026-01-09 14:09:21.288 RedLemon[34658:193928]    Start[3]: ID=3, Title='It.2017.PROPER.2160p.BluRay.REMUX.HEVC.DTS-HD.MA.TrueHD.7.1.Atmos-FGT_eng', Lang='en', Ext=1
2026-01-09 14:09:21.288 RedLemon[34658:193928] ✅ SubtitleService: Scanned 4 tracks (Attempt 5/5)
2026-01-09 14:09:21.289 RedLemon[34658:193928]    Track: ID=0, Title=Off, External=0
2026-01-09 14:09:21.289 RedLemon[34658:193928]    Track: ID=1, Title=It(2017)720pBluRay-[LRXSTORE], External=1
2026-01-09 14:09:21.289 RedLemon[34658:193928]    Track: ID=2, Title=It(2017)720pBluRay-[LRXSTORE], External=1
2026-01-09 14:09:21.289 RedLemon[34658:193928]    Track: ID=3, Title=It.2017.PROPER.2160p.BluRay.REMUX.HEVC.DTS-HD.MA.TrueHD.7.1.Atmos-FGT_eng, External=1
2026-01-09 14:09:26.836 RedLemon[34658:193459] 📨 Realtime: Received broadcast message
2026-01-09 14:09:26.836 RedLemon[34658:193459]    Payload keys: type, senderId, isPremium, position, chatUsername, timestamp, chatText
2026-01-09 14:09:26.836 RedLemon[34658:193459] ✅ Realtime: Decoded message type: chat, sender: 656DAA91-33B4-4688-9135-C982EA52D7C9
2026-01-09 14:09:26.837 RedLemon[34658:193459] 📞 Realtime: Invoking syncCallback for message type: chat
2026-01-09 14:09:26.837 RedLemon[34658:193459] ✅ Realtime: syncCallback invoked successfully
2026-01-09 14:09:26.855 RedLemon[34658:193085] 🔍 DEBUG: Received sync message - type: chat, sender: 656DAA91-33B4-4688-9135-C982EA52D7C9
📄 Subtitle request: L3N1YnRpdGxlLzMyMDQy... (offset: 0ms)
📥 Downloading subtitle from SubDL CDN: /subtitle/3204249-3220719.zip
✅ Download complete: 34652 bytes
📦 Detected ZIP archive, extracting...
⚠️ No specific episode match found, using first file: It.2017.PROPER.2160p.BluRay.REMUX.HEVC.DTS-HD.MA.TrueHD.7.1.Atmos-FGT_eng.srt
📦 Extracting specific file: It.2017.PROPER.2160p.BluRay.REMUX.HEVC.DTS-HD.MA.TrueHD.7.1.Atmos-FGT_eng.srt
✅ Extraction successful
✅ Subtitle downloaded and converted to VTT
🔍 SubtitleService: Starting embedded track scan (polling 5s)...
📊 Current subtitle track: 3
[MPV] (+) Video --vid=1 (*) (h264 1920x800 23.976fps)
[MPV] (+) Audio --aid=1 (*) (aac 2ch 48000Hz)
[MPV] Subs  --sid=1 --slang=en 'It(2017)720pBluRay-[LRXSTORE]' (webvtt) (external)
[MPV] Subs  --sid=2 --slang=en 'It(2017)720pBluRay-[LRXSTORE]' (webvtt) (external)
[MPV] (+) Subs  --sid=3 --slang=en 'It.2017.PROPER.2160p.BluRay.REMUX.HEVC.DTS-HD.MA.TrueHD.7.1.Atmos-FGT_eng' (webvtt) (external)
 MPV Event: 18
 MPV Event: 18
🔍 SMART-LOAD: Starting track polling loop...
🔍 SMART-LOAD: Expecting 3 external subtitles to prevent race condition
🎉 EVENT: File loaded/Duration ready (8082.411s), preparing to seek...
   Seeking to live edge: 7419s
🎉 EVENT: File loaded/Duration ready (8082.411s), preparing to seek...
   Seeking to live edge: 7419s
📂 MPVPlayerViewModel: File Loaded - Re-scanning embedded tracks...
🔍 SubtitleService: Starting embedded track scan (polling 5s)...
 MPV Event: 18
🎉 EVENT: File loaded/Duration ready (8082.411s), preparing to seek...
   Seeking to live edge: 7419s
 MPV Event: 17
 MPV Event: 17
[MPV] Using hardware decoding (videotoolbox).
[MPV] AO: [coreaudio] 48000Hz stereo 2ch floatp
[MPV] VO: [libmpv] 1920x800 videotoolbox[nv12]
🎬 canDraw() = true (forceDraw:false, hasFrame:true) (throttled)
🎬 draw() - Rendering frame! (throttled)
✅ SMART-LOAD: Found 5 tracks including 3/3 external subs.
✅ SMART-LOAD: All tracks ready! Proceeding to selection.
📊 Current subtitle track: 3
🎬 DisplayLink: reportSwap() (throttled)
 MPV Event: 20
🔍 AUDIO AUTO-SELECT: Starting smart audio track scan
🔍 Track 1: Track 1 | 2ch | English: false | Commentary: false -> Score: 25
🏆 Selected best audio track: Track 1 (ID: 1, Score: 25)
🔍 AUDIO AUTO-SELECT: Starting smart audio track scan
🔍 Track 1: Track 1 | 2ch | English: false | Commentary: false -> Score: 25
🏆 Selected best audio track: Track 1 (ID: 1, Score: 25)
🔍 AUTO-SELECT: Starting subtitle scan & selection refresh
🔍 AUTO-SELECT: Found 5 total tracks
🔍 AUTO-SELECT: Track 0 - ID: 1, lang: 'en', title: 'It(2017)720pBluRay-[LRXSTORE]', forced: false, default: false, HI: false, Ext: true
🔍 AUTO-SELECT: Track 1 - ID: 2, lang: 'en', title: 'It(2017)720pBluRay-[LRXSTORE]', forced: false, default: false, HI: false, Ext: true
🔍 AUTO-SELECT: Track 2 - ID: 3, lang: 'en', title: 'It.2017.PROPER.2160p.BluRay.REMUX.HEVC.DTS-HD.MA.TrueHD.7.1.Atmos-FGT_eng', forced: false, default: false, HI: false, Ext: true
✅ Auto-selecting BEST English subtitle: It.2017.PROPER.2160p.BluRay.REMUX.HEVC.DTS-HD.MA.TrueHD.7.1.Atmos-FGT_eng (ID: 3) [External: true, Forced: false, Default: false, HI: false]
   🏆 Final Score: 0 (Embedded: 0, Match: 0, Clean: 0, SDH: 0)
[MPV] Track switched:
[MPV] (+) Video --vid=1 (*) (h264 [High] 1920x800 23.976fps)
[MPV] (+) Audio --aid=1 (*) (aac [LC] 2ch 48000Hz)
[MPV] Subs  --sid=1 --slang=en 'It(2017)720pBluRay-[LRXSTORE]' (webvtt) (external)
[MPV] Subs  --sid=2 --slang=en 'It(2017)720pBluRay-[LRXSTORE]' (webvtt) (external)
[MPV] (+) Subs  --sid=3 --slang=en 'It.2017.PROPER.2160p.BluRay.REMUX.HEVC.DTS-HD.MA.TrueHD.7.1.Atmos-FGT_eng' (webvtt) (external)
🎬 MPV: Frame ready! Calling layer.update() (throttled)
⏸️ SMART-LOAD: Staying paused (Watch Party / User Request)
📊 AppState: Polled participant counts - Active: ["tt1396484": 2]
⏰ AppState: Next schedule update set for Event End: 2026-01-09 19:30:37 +0000
⏰ AppState: Scheduling update in 1280 seconds
 MPV Event: 20
⚡️ PlaybackService: creating sleep assertion (preventing idle sleep)
📊 Current subtitle track: 3
✅ Video ready - hiding poster
🎉 EVENT: Video ready, drift is small (0.74s), skipping redundant seek
📝 Started watch history tracking
⚠️ onVideoReady called again - ignoring to prevent loops
🎬 DisplayLink: reportSwap() (throttled)
⏳ MPVPlayerViewModel: Buffering finished during Event Seek - Starting 500ms Render Stabilization Timer...
🎬 Layer.update() called - forceDraw:false needsFlip:true (throttled)
📊 Current subtitle track: 3
✅ MPVPlayerViewModel: Render Stabilization Complete - Releasing UI
📊 Current subtitle track: 3
🎬 DisplayLink: reportSwap() (throttled)
🎬 MPV: Frame ready! Calling layer.update() (throttled)
📊 Current subtitle track: 3
📊 Current subtitle track: 3
🎬 DisplayLink: reportSwap() (throttled)
📊 Current subtitle track: 3
📊 Current subtitle track: 3
🔍 AUTO-SELECT: Starting subtitle scan & selection refresh
🔍 AUTO-SELECT: Found 5 total tracks
🔍 AUTO-SELECT: Track 0 - ID: 1, lang: 'en', title: 'It(2017)720pBluRay-[LRXSTORE]', forced: false, default: false, HI: false, Ext: true
🔍 AUTO-SELECT: Track 1 - ID: 2, lang: 'en', title: 'It(2017)720pBluRay-[LRXSTORE]', forced: false, default: false, HI: false, Ext: true
🔍 AUTO-SELECT: Track 2 - ID: 3, lang: 'en', title: 'It.2017.PROPER.2160p.BluRay.REMUX.HEVC.DTS-HD.MA.TrueHD.7.1.Atmos-FGT_eng', forced: false, default: false, HI: false, Ext: true
✅ Auto-selecting BEST English subtitle: It.2017.PROPER.2160p.BluRay.REMUX.HEVC.DTS-HD.MA.TrueHD.7.1.Atmos-FGT_eng (ID: 3) [External: true, Forced: false, Default: false, HI: false]
   🏆 Final Score: 0 (Embedded: 0, Match: 0, Clean: 0, SDH: 0)
💬 Sent: hey
✅ Chat message sent via Realtime
🎬 DisplayLink: reportSwap() (throttled)
📨 Received: {"ref":null,"event":"broadcast","payload":{"event":"sync","payload":{"chatText":"hey","chatUsername":"lemontom","isPremium":false,"position":0,"senderId":"96E01CDB-36C0-4228-A6E4-A29A3C66BC8E","timestamp":1767985760.8915548,"type":"chat"},"type":"broadcast"},"topic":"realtime:watch-party:event_tt1396484"}
💬 Skipping own message (already displayed locally)
🎬 MPV: Frame ready! Calling layer.update() (throttled)
🎬 Layer.update() called - forceDraw:false needsFlip:true (throttled)
📊 Current subtitle track: 3
🎬 canDraw() = true (forceDraw:false, hasFrame:true) (throttled)
🎬 draw() - Rendering frame! (throttled)
🎬 DisplayLink: reportSwap() (throttled)
🎬 DisplayLink: reportSwap() (throttled)
🎬 MPV: Frame ready! Calling layer.update() (throttled)
🎬 DisplayLink: reportSwap() (throttled)
🎬 Layer.update() called - forceDraw:false needsFlip:true (throttled)
🎬 DisplayLink: reportSwap() (throttled)
🎬 MPV: Frame ready! Calling layer.update() (throttled)
🎬 DisplayLink: reportSwap() (throttled)
📨 Received: {"ref":null,"event":"broadcast","payload":{"event":"sync","payload":{"chatText":"hi","chatUsername":"ursinho","isPremium":true,"position":0,"senderId":"656DAA91-33B4-4688-9135-C982EA52D7C9","timestamp":1767985766.7327561,"type":"chat"},"type":"broadcast"},"topic":"realtime:watch-party:event_tt1396484"}
💬 Received chat from ursinho: hi
🎬 canDraw() = true (forceDraw:false, hasFrame:true) (throttled)
🎬 draw() - Rendering frame! (throttled)
🎬 DisplayLink: reportSwap() (throttled)
🎬 Layer.update() called - forceDraw:false needsFlip:true (throttled)
🎬 MPV: Frame ready! Calling layer.update() (throttled)
📊 AppState: Polled participant counts - Active: ["tt1396484": 2]
⏰ AppState: Next schedule update set for Event End: 2026-01-09 19:30:37 +0000
⏰ AppState: Scheduling update in 1270 seconds
🎬 DisplayLink: reportSwap() (throttled)
📨 Received: {"ref":"3","event":"phx_reply","payload":{"status":"ok","response":{}},"topic":"realtime:global-presence"}
📨 Received: {"ref":null,"event":"presence_diff","payload":{"joins":{"acb42222-ed8e-11f0-a28e-9ee62e3b7bba":{"metas":[{"phx_ref":"GIklsIR7Y5U6AgiC","phx_ref_prev":"GIklrVhrCSA6AggC","last_seen":"2026-01-09T19:09:28.649Z","room_id":"event_tt1396484","started_at":"2026-01-09T19:09:15.021Z","status":"online","user_id":"96e01cdb-36c0-4228-a6e4-a29a3c66bc8e","username":"lemontom","watching_id":"tt1396484","watching_title":"It","watching_type":"movie"}]}},"leaves":{"acb42222-ed8e-11f0-a28e-9ee62e3b7bba":{"metas":[{"phx_ref":"GIklrVhrCSA6AggC","phx_ref_prev":"GIklq9fw9fo6Ah7h","last_seen":"2026-01-09T19:09:15.020Z","room_id":"event_tt1396484","started_at":"2026-01-09T19:09:15.021Z","status":"online","user_id":"96e01cdb-36c0-4228-a6e4-a29a3c66bc8e","username":"lemontom","watching_id":"tt1396484","watching_title":"It","watching_type":"movie"}]}}},"topic":"realtime:global-presence"}
🎬 DisplayLink: reportSwap() (throttled)
🎬 MPV: Frame ready! Calling layer.update() (throttled)
🎬 DisplayLink: reportSwap() (throttled)
🎬 Layer.update() called - forceDraw:false needsFlip:true (throttled)
🎬 DisplayLink: reportSwap() (throttled)
🎬 MPV: Frame ready! Calling layer.update() (throttled)
🎬 canDraw() = true (forceDraw:false, hasFrame:true) (throttled)
🎬 draw() - Rendering frame! (throttled)
🎬 DisplayLink: reportSwap() (throttled)
🎬 DisplayLink: reportSwap() (throttled)
🎬 Layer.update() called - forceDraw:false needsFlip:true (throttled)
🎬 MPV: Frame ready! Calling layer.update() (throttled)
📨 Received: {"ref":null,"event":"presence_diff","payload":{"joins":{"a3881618-ed8e-11f0-bdf8-9ee62e3b7bba":{"metas":[{"phx_ref":"GIklsZXnJKU6Agii","phx_ref_prev":"GIklrO8lxN06Agdi","last_seen":"2026-01-09T19:09:33.262Z","room_id":"event_tt1396484","started_at":"2026-01-09T19:09:01.034Z","status":"online","user_id":"656daa91-33b4-4688-9135-c982ea52d7c9","username":"ursinho","watching_id":"tt1396484","watching_title":"It","watching_type":"movie"}]}},"leaves":{"a3881618-ed8e-11f0-bdf8-9ee62e3b7bba":{"metas":[{"phx_ref":"GIklrO8lxN06Agdi","phx_ref_prev":"GIklqhVAVO06AgWC","last_seen":"2026-01-09T19:09:13.281Z","room_id":"event_tt1396484","started_at":"2026-01-09T19:09:01.034Z","status":"online","user_id":"656daa91-33b4-4688-9135-c982ea52d7c9","username":"ursinho","watching_id":"tt1396484","watching_title":"It","watching_type":"movie"}]}}},"topic":"realtime:global-presence"}
🎬 DisplayLink: reportSwap() (throttled)
💓 Heartbeat sent
📨 Received: {"ref":"5","event":"phx_reply","payload":{"status":"ok","response":{}},"topic":"phoenix"}
🎬 DisplayLink: reportSwap() (throttled)
🎬 MPV: Frame ready! Calling layer.update() (throttled)
