2026-01-13 16:32:10.137 RedLemon[9193:92495] 🪟 Set initial window to expanded size: (0.0, 148.0, 1366.0, 595.0)
2026-01-13 16:32:10.137 RedLemon[9193:92495] ✅ Cache cleanup timer started (runs every 30 minutes)
2026-01-13 16:32:10.213 RedLemon[9193:92495] 🔄 Resetting playback state to prevent auto-selection...
2026-01-13 16:32:10.218 RedLemon[9193:92495] ⚠️ PlayerVM: currentWatchPartyRoom set to NIL. Stack Trace unavailable, but check recent logs.
2026-01-13 16:32:10.248 RedLemon[9193:92495] ✅ Playback state reset complete - starting in browse view
2026-01-13 16:32:10.248 RedLemon[9193:92495] 🔐 APP STARTUP: Loading stored user credentials...
2026-01-13 16:32:10.248 RedLemon[9193:92495] 🧪 Testing Profile: debug
2026-01-13 16:32:10.255 RedLemon[9193:92649] 📂 Loaded 5 credential(s) from cache
2026-01-13 16:32:10.257 RedLemon[9193:92495] ✅ Keychain: Found stored username: ursinho
2026-01-13 16:32:10.257 RedLemon[9193:92495] 🔍 Supabase: Looking up user 'ursinho' in database...
2026-01-13 16:32:10.257 RedLemon[9193:92649] 🔍 SupabaseClient: Looking up user by username 'ursinho'
2026-01-13 16:32:10.623 RedLemon[9193:92647] 📡 SupabaseClient: User lookup response received (399 bytes)
2026-01-13 16:32:10.630 RedLemon[9193:92647] ✅ SupabaseClient: Decoded 1 users from response
2026-01-13 16:32:10.631 RedLemon[9193:92647] 👤 SupabaseClient: Found user - ursinho (ID: 656DAA91-33B4-4688-9135-C982EA52D7C9)
2026-01-13 16:32:10.672 RedLemon[9193:92495] ✅ AUTH SUCCESS: User authenticated - ursinho (ID: 656DAA91-33B4-4688-9135-C982EA52D7C9)
2026-01-13 16:32:10.672 RedLemon[9193:92495] 🎯 AppState: currentUsername=ursinho, currentUserId=656DAA91-33B4-4688-9135-C982EA52D7C9
2026-01-13 16:32:12.557 RedLemon[9193:92495] 🏁 AUTH COMPLETE: Final state - username=ursinho, userId=656DAA91-33B4-4688-9135-C982EA52D7C9
2026-01-13 16:32:12.562 RedLemon[9193:92495] 🚀 RedLemon: Starting HTTP server...
2026-01-13 16:32:12.563 RedLemon[9193:92495] 📋 RedLemon: Current directory: /Users/danielnoble/Desktop/Redlemon
2026-01-13 16:32:12.585 RedLemon[9193:92495] ✅ RedLemon: HTTPServer instance created
2026-01-13 16:32:12.585 RedLemon[9193:92660] 📡 RedLemon: Server starting on port 47253...
2026-01-13 16:32:12.585 RedLemon[9193:92495] ✅ RedLemon: Server marked as ready (Optimistic)
⏲️ [EventsConfig] Starting polling fallback (every 60s)
🔌 Connecting to Supabase Realtime: wss://151.243.109.243.nip.io/realtime/v1/websocket
✅ Connected to Supabase Realtime
📡 Sparkle requesting feed URL: https://151.243.109.243.nip.io/updates/appcast.xml
✅ Sparkle configured (seamless mode)
   Appcast URL: https://151.243.109.243.nip.io/updates/appcast.xml
   Can check: true
📅 EventsView appeared
🎬 [EventsView] Fetching movie events from centralized config...
📡 [EventsConfig] Checking server for movie_events config version...
🔍 Silent update check (custom implementation)...
🔍 Memory pressure monitoring enabled (safe mode)
🖥️ CacheManager initialized with fixed conservative limits
   Image cache limit: 30 items
📡 Joined channel: realtime:events_config_updates
✅ [EventsConfig] Subscribed to realtime schedule updates
📨 Received: {"ref":"6872E940-076C-40D3-8CB0-1DF767F188EA","event":"phx_reply","payload":{"status":"ok","response":{"postgres_changes":[{"id":53636278,"event":"INSERT","filter":"config_type=eq.movie_events","schema":"public","table":"events_config"}]}},"topic":"realtime:events_config_updates"}
📨 Received: {"ref":null,"event":"system","payload":{"message":"Subscribed to PostgreSQL","status":"ok","extension":"postgres_changes","channel":"events_config_updates"},"topic":"realtime:events_config_updates"}
📨 Received: {"ref":null,"event":"presence_state","payload":{},"topic":"realtime:events_config_updates"}
📦 Current build: 76, Latest build: 76
✅ App is up to date (current: 76, latest: 76)
📡 Sparkle requesting feed URL: https://151.243.109.243.nip.io/updates/appcast.xml
✅ [EventsConfig] Fetched movie_events version 1526 with 412 movies
✅ [EventsConfig] Using cached movie_events config (version 1526, 412 movies)
✅ [EventsView] Loaded 412 movies from config version 1526
🗓 AppState: Updated schedule epoch to 2025-12-25 18:10:25 +0000
⏰ AppState: Next schedule update set for Event End: 2026-01-13 23:25:25 +0000
⏰ AppState: Scheduling update in 6794 seconds
🖼️ [CACHE] Cached image data for key: https://images.metahub.space/background/medium/tt0770828/img (534025 bytes)
🔌 SocialService: Connecting to global presence...
🔌 Connecting to Supabase Realtime: wss://151.243.109.243.nip.io/realtime/v1/websocket
✅ Connected to Supabase Realtime
✅ SocialService: Presence connected
📊 AppState: Polled participant counts - Active: ["tt0770828": 1]
⏰ AppState: Next schedule update set for Event End: 2026-01-13 23:25:25 +0000
⏰ AppState: Scheduling update in 6794 seconds
📡 Joined channel: realtime:global-presence
📊 AppState: Polled participant counts - Active: ["tt0770828": 1]
⏰ AppState: Next schedule update set for Event End: 2026-01-13 23:25:25 +0000
⏰ AppState: Scheduling update in 6793 seconds
✅ SocialService: Connected to global presence
🔌 SocialService: Connecting to DM channel...
🔌 Connecting to Supabase Realtime: wss://151.243.109.243.nip.io/realtime/v1/websocket
✅ Connected to Supabase Realtime
✅ SocialService: DM channel connected
📨 Received: {"ref":"45E28AEC-D31F-4110-BF92-1CE15A55BE2A","event":"phx_reply","payload":{"status":"ok","response":{"postgres_changes":[]}},"topic":"realtime:global-presence"}
📨 Received: {"ref":null,"event":"presence_state","payload":{"4d1d6bde-f0c7-11f0-8968-ee9e47993347":{"metas":[{"phx_ref":"GIpnzAijHvY6AvPi","phx_ref_prev":"GIpny7m0EfM6AvPC","is_premium":true,"last_seen":"2026-01-13T21:32:09.550Z","status":"Browsing","user_id":"96e01cdb-36c0-4228-a6e4-a29a3c66bc8e","username":"lemontom"}]}},"topic":"realtime:global-presence"}
📈 SocialService: User 96e01cdb-36c0-4228-a6e4-a29a3c66bc8e came online
📨 Received: {"ref":"1","event":"phx_reply","payload":{"status":"ok","response":{}},"topic":"realtime:global-presence"}
📨 Received: {"ref":null,"event":"presence_diff","payload":{"joins":{"527a568c-f0c7-11f0-92cb-ee9e47993347":{"metas":[{"phx_ref":"GIpnzJtbnHM6AoeB","is_premium":true,"last_seen":"2026-01-13T21:32:12.015Z","status":"online","user_id":"656DAA91-33B4-4688-9135-C982EA52D7C9","username":"ursinho"}]}},"leaves":{}},"topic":"realtime:global-presence"}
📈 SocialService: User 656daa91-33b4-4688-9135-c982ea52d7c9 came online
📡 Joined channel: realtime:direct_messages
✅ SocialService: Connected to DM channel
📨 Received: {"ref":"CF4C8702-1201-4510-BA99-3074B22B7795","event":"phx_reply","payload":{"status":"ok","response":{"postgres_changes":[{"id":44215242,"event":"INSERT","filter":"receiver_id=eq.656daa91-33b4-4688-9135-c982ea52d7c9","schema":"public","table":"direct_messages"},{"id":13418599,"event":"INSERT","filter":"sender_id=eq.656daa91-33b4-4688-9135-c982ea52d7c9","schema":"public","table":"direct_messages"}]}},"topic":"realtime:direct_messages"}
📬 SocialService: Fetched 0 unread messages
🔄 SocialService: Syncing 50 items to cloud...
🔄 SocialService: Syncing 50 items to cloud (serial)...
📨 Received: {"ref":null,"event":"system","payload":{"message":"Subscribed to PostgreSQL","status":"ok","extension":"postgres_changes","channel":"direct_messages"},"topic":"realtime:direct_messages"}
📨 Received: {"ref":null,"event":"presence_state","payload":{},"topic":"realtime:direct_messages"}
✅ Token routes registered:
   POST /tokens/save
   POST /tokens/delete
   GET  /tokens/list
✅ Unlock routes registered:
   POST /api/streams/unlock
✅ Stream routes registered:
   POST /api/streams/resolve
   GET  /api/streams/resolveByQuality
   GET  /api/streams/resolveAll
✅ Proxy routes registered:
   GET /play/rd/:infoHash/:fileIdx
   GET /play/rd/:infoHash
✅ Subtitle routes registered:
   GET /subtitles/search?imdbId=&type=
   GET /subtitles/subdl/:encodedPath
✅ All routes registered
✅ HTTP Server configured on http://127.0.0.1:47253
🚀 Starting HTTP server...
✅ Providers initialized: torrentio, comet, zilean, mediafusion, debridsearch
[ NOTICE ] Server started on http://127.0.0.1:47253
2026-01-13 16:32:12.630 RedLemon[9193:92495] ✅ RedLemon: Server should be running on http://127.0.0.1:47253
2026-01-13 16:32:12.630 RedLemon[9193:92495] 🏥 [AppState] Starting global provider health check...
2026-01-13 16:32:12.631 RedLemon[9193:92495] 🔍 Performing startup checks...
2026-01-13 16:32:12.631 RedLemon[9193:92495] ✅ Username-based authentication ready
2026-01-13 16:32:12.632 RedLemon[9193:92660] 🔐 Signed request to /check-payment
2026-01-13 16:32:13.175 RedLemon[9193:92646] 🎬 Torrentio: Building URL for movie (no season/episode)
2026-01-13 16:32:13.175 RedLemon[9193:92646] 🔗 Torrentio URL (length: 55): https://torrentio.strem.fun/stream/movie/tt0133093.json...
2026-01-13 16:32:13.325 RedLemon[9193:92495] 🔄 Checking for app updates...
2026-01-13 16:32:13.989 RedLemon[9193:92495] ✅ [AppState] Provider health check complete (found 7 services)
✅ HTTP server running on http://127.0.0.1:47253

🔗 Available endpoints:
   http://127.0.0.1:47253/health
   http://127.0.0.1:47253/status
   http://127.0.0.1:47253/api/health

💰 LicenseManager: Starting hybrid license check...
👤 LicenseManager: Profile expiry: Optional(2026-02-11 06:00:30 +0000)
🔍 Silent update check (custom implementation)...
⏰ TimeService: Synchronizing clock with server...
🎉 License updated! Expires: 2026-02-11 06:00:30 +0000
📦 Current build: 76, Latest build: 76
✅ App is up to date (current: 76, latest: 76)
✅ TimeService: Synced! Offset: 0.092s (RTT: 133ms)
   Local:  2026-01-13 21:32:13 +0000
   Server: 2026-01-13 21:32:13 +0000
⏰ Time synced with server! AppState should automatically recalculate.
✅ SubDLClient initialized
📨 Received: {"ref":null,"event":"presence_diff","payload":{"joins":{"4d1d6bde-f0c7-11f0-8968-ee9e47993347":{"metas":[{"phx_ref":"GIpnzU947f06AvXC","phx_ref_prev":"GIpnzAijHvY6AvPi","is_premium":true,"last_seen":"2026-01-13T21:32:15.028Z","room_id":"3C4X","started_at":"2026-01-13T21:32:15.028Z","status":"In Lobby: Spirited Away","user_id":"96e01cdb-36c0-4228-a6e4-a29a3c66bc8e","username":"lemontom","watching_id":"tt0245429","watching_title":"Spirited Away","watching_type":"movie"}]}},"leaves":{"4d1d6bde-f0c7-11f0-8968-ee9e47993347":{"metas":[{"phx_ref":"GIpnzAijHvY6AvPi","phx_ref_prev":"GIpny7m0EfM6AvPC","is_premium":true,"last_seen":"2026-01-13T21:32:09.550Z","status":"Browsing","user_id":"96e01cdb-36c0-4228-a6e4-a29a3c66bc8e","username":"lemontom"}]}}},"topic":"realtime:global-presence"}
📨 Received: {"ref":"2","event":"phx_reply","payload":{"status":"ok","response":{}},"topic":"realtime:global-presence"}
📨 Received: {"ref":null,"event":"presence_diff","payload":{"joins":{"527a568c-f0c7-11f0-92cb-ee9e47993347":{"metas":[{"phx_ref":"GIpnzcmrFwk6AoiB","phx_ref_prev":"GIpnzJtbnHM6AoeB","is_premium":true,"last_seen":"2026-01-13T21:32:17.083Z","status":"online","user_id":"656daa91-33b4-4688-9135-c982ea52d7c9","username":"ursinho"}]}},"leaves":{"527a568c-f0c7-11f0-92cb-ee9e47993347":{"metas":[{"phx_ref":"GIpnzJtbnHM6AoeB","is_premium":true,"last_seen":"2026-01-13T21:32:12.015Z","status":"online","user_id":"656DAA91-33B4-4688-9135-C982EA52D7C9","username":"ursinho"}]}}},"topic":"realtime:global-presence"}
📋 Fetching rooms from Supabase backend (offset: 0, limit: 20, search: '')...
🔌 RoomListView: Setting up realtime subscription for rooms...
📋 Fetching rooms from Supabase backend (offset: 0, limit: 20, search: '')...
🔌 Connecting to Supabase Realtime: wss://151.243.109.243.nip.io/realtime/v1/websocket
✅ Connected to Supabase Realtime
[ INFO ] GET /api/metadata/meta/movie/tt0245429 [request-id: 1991B3EF-6C7A-4CA2-A837-E9107CB77C7D]
[ INFO ] GET /api/metadata/meta/movie/tt0245429 [request-id: E4FEE3B5-B180-413B-9999-F2DFE8EBE00A]
2026-01-13 16:32:18.307 RedLemon[9193:92660] 📦 Decoded CinemetaMeta - videos count: 0
2026-01-13 16:32:18.307 RedLemon[9193:92649] 📦 Decoded CinemetaMeta - videos count: 0
2026-01-13 16:32:19.051 RedLemon[9193:92495] 🚪 Joining room: 3C4X
2026-01-13 16:32:19.715 RedLemon[9193:92495] 🚪 Room is in lobby
2026-01-13 16:32:19.715 RedLemon[9193:92495] ✅ PlayerVM: currentWatchPartyRoom set to 3C4X
📡 Joined channel: realtime:rooms_updates
✅ RoomListView: Connected to rooms realtime updates
💾 Cache SET: Metadata[meta_movie_tt0245429]
💾 Cache SET: Metadata[meta_movie_tt0245429]
✅ Loaded 1 rooms (total: 1)
✅ Loaded 1 rooms (total: 1)
🖼️ [CACHE] Cached image data for key: https://images.metahub.space/background/medium/tt0245429/img (368050 bytes)
📨 Received: {"ref":"39150DE9-3088-41D9-9B1D-819B0F7828AD","event":"phx_reply","payload":{"status":"ok","response":{"postgres_changes":[{"id":60402389,"event":"*","schema":"public","table":"rooms"}]}},"topic":"realtime:rooms_updates"}
📨 Received: {"ref":null,"event":"system","payload":{"message":"Subscribed to PostgreSQL","status":"ok","extension":"postgres_changes","channel":"rooms_updates"},"topic":"realtime:rooms_updates"}
📨 Received: {"ref":null,"event":"presence_state","payload":{},"topic":"realtime:rooms_updates"}
🚪 Joining room: 3C4X
📡 [EventsConfig] Checking server for movie_events config version...
✅ [EventsConfig] Fetched movie_events version 1526 with 412 movies
✅ [EventsConfig] Using cached movie_events config (version 1526, 412 movies)
🎭 Lobby: Connecting to room 3C4X...
🚦 Lobby State: connecting
🔄 Lobby: Fetching fresh room state from Supabase...
✅ Cache HIT: Metadata[meta_movie_tt0245429]
🔌 Disconnecting from Supabase Realtime
✅ Disconnected from Supabase Realtime
❌ Heartbeat failed: CancellationError()
[ INFO ] GET /api/metadata/meta/movie/tt0245429 [request-id: 30C8630B-D823-4FF3-B133-041743225798]
2026-01-13 16:32:20.064 RedLemon[9193:92495] ✅ Guest joined room 3C4X in database
2026-01-13 16:32:20.170 RedLemon[9193:92495] 📨 Lobby: Received Room UPDATE from Realtime
2026-01-13 16:32:20.170 RedLemon[9193:92495] 📨 Lobby: Received Room UPDATE from Realtime
2026-01-13 16:32:20.236 RedLemon[9193:92646] 📤 Realtime: Sending message type: chat, sender: 656daa91-33b4-4688-9135-c982ea52d7c9
2026-01-13 16:32:20.236 RedLemon[9193:92646]    Payload keys: chatText, type, position, timestamp, senderId, chatUsername
2026-01-13 16:32:20.237 RedLemon[9193:92648] ✅ Realtime: Message broadcast complete
2026-01-13 16:32:20.238 RedLemon[9193:92647] 🔐 SupabaseClient: Signing Identity Payload: '1768339940656daa91-33b4-4688-9135-c982ea52d7c9/rpc/room_heartbeat'
2026-01-13 16:32:20.238 RedLemon[9193:92647] 🔐 Signed request to /rpc/room_heartbeat
2026-01-13 16:32:20.358 RedLemon[9193:92648] 📨 Realtime: Received broadcast message
2026-01-13 16:32:20.358 RedLemon[9193:92648]    Payload keys: type, chatText, position, senderId, timestamp, chatUsername
2026-01-13 16:32:20.359 RedLemon[9193:92648] ✅ Realtime: Decoded message type: chat, sender: 656daa91-33b4-4688-9135-c982ea52d7c9
2026-01-13 16:32:20.359 RedLemon[9193:92648] 📞 Realtime: Invoking syncCallback for message type: chat
2026-01-13 16:32:20.359 RedLemon[9193:92648] ✅ Realtime: syncCallback invoked successfully
2026-01-13 16:32:20.375 RedLemon[9193:92495] 👋 Received: Guest 'ursinho' joined room 3C4X
2026-01-13 16:32:20.448 RedLemon[9193:92495] 🛡️ Ignoring stale LEAVE for ursinho (Ref mismatch: Old=656daa91-33b4-4688-9135-c982ea52d7c9, New=GIpnzoN_USeQMImh)
2026-01-13 16:32:20.449 RedLemon[9193:92495] 🛡️ Ignoring stale LEAVE for ursinho (Ref mismatch: Old=656daa91-33b4-4688-9135-c982ea52d7c9, New=GIpnzoN_USeQMImh)
2026-01-13 16:32:20.472 RedLemon[9193:92495] 📨 Lobby: Received Room UPDATE from Realtime
2026-01-13 16:32:20.472 RedLemon[9193:92495] 📨 Lobby: Received Room UPDATE from Realtime
2026-01-13 16:32:33.417 RedLemon[9193:92646] 📨 Realtime: Received broadcast message
2026-01-13 16:32:33.418 RedLemon[9193:92646]    Payload keys: senderId, timestamp, position, chatUsername, chatText, type
2026-01-13 16:32:33.418 RedLemon[9193:92646] ✅ Realtime: Decoded message type: chat, sender: 96e01cdb-36c0-4228-a6e4-a29a3c66bc8e
2026-01-13 16:32:33.418 RedLemon[9193:92646] 📞 Realtime: Invoking syncCallback for message type: chat
2026-01-13 16:32:33.418 RedLemon[9193:92646] ✅ Realtime: syncCallback invoked successfully
2026-01-13 16:32:33.431 RedLemon[9193:92495] 🎬 Guest: Received LOBBY_START_COUNTDOWN signal
2026-01-13 16:32:33.431 RedLemon[9193:92495] 🎬 Guest: Received LOBBY_START_COUNTDOWN signal processing
2026-01-13 16:32:33.431 RedLemon[9193:92495] 📨 Lobby: Received Room UPDATE from Realtime
2026-01-13 16:32:33.431 RedLemon[9193:92495] 📨 Lobby: Received Room UPDATE from Realtime
2026-01-13 16:32:33.610 RedLemon[9193:92495] ✅ Guest: Forced stream sync from Host (Hash: bb0de557)
📡 SocialService: Updated status - In Lobby: Spirited Away: Spirited Away
🔌 Setting up Realtime channel: watch-party:3C4X
   Role: Guest
   User ID: 656daa91-33b4-4688-9135-c982ea52d7c9
📡 Connection state: connecting
📡 Joined channel: realtime:watch-party:3C4X
📡 Connection state: connected
✅ Realtime channel setup complete
✅ Lobby: Connected to Realtime
✅ Lobby: Loaded metadata for Spirited Away
📨 Received: {"ref":"3","event":"phx_reply","payload":{"status":"ok","response":{}},"topic":"realtime:global-presence"}
📨 Received: {"ref":null,"event":"presence_diff","payload":{"joins":{"527a568c-f0c7-11f0-92cb-ee9e47993347":{"metas":[{"phx_ref":"GIpnzm_X3IU6Aoih","phx_ref_prev":"GIpnzcmrFwk6AoiB","is_premium":true,"last_seen":"2026-01-13T21:32:19.871Z","room_id":"3C4X","started_at":"2026-01-13T21:32:19.871Z","status":"In Lobby: Spirited Away","user_id":"656daa91-33b4-4688-9135-c982ea52d7c9","username":"ursinho","watching_id":"tt0245429","watching_title":"Spirited Away","watching_type":"movie"}]}},"leaves":{"527a568c-f0c7-11f0-92cb-ee9e47993347":{"metas":[{"phx_ref":"GIpnzcmrFwk6AoiB","phx_ref_prev":"GIpnzJtbnHM6AoeB","is_premium":true,"last_seen":"2026-01-13T21:32:17.083Z","status":"online","user_id":"656daa91-33b4-4688-9135-c982ea52d7c9","username":"ursinho"}]}}},"topic":"realtime:global-presence"}
✅ Lobby: Synced CLEAN stream info, metadata & playlist to AppState
📨 Received: {"ref":"93F963A6-137F-4A34-8356-8AC25A87BEDA","event":"phx_reply","payload":{"status":"ok","response":{"postgres_changes":[{"id":2271466,"event":"*","filter":"id=eq.3C4X","schema":"public","table":"rooms"}]}},"topic":"realtime:watch-party:3C4X"}
📨 Received: {"ref":null,"event":"system","payload":{"message":"Subscribed to PostgreSQL","status":"ok","extension":"postgres_changes","channel":"watch-party:3C4X"},"topic":"realtime:watch-party:3C4X"}
📨 Received: {"ref":null,"event":"presence_state","payload":{"545490f8-f0c7-11f0-aa38-ee9e47993347":{"metas":[{"phx_ref":"GIpnzWFYDaOQMPYC","phx_ref_prev":"GIpnzVNlgLSQMPXi","is_host":true,"joined_at":1768339935.3268728,"user_id":"96e01cdb-36c0-4228-a6e4-a29a3c66bc8e","username":"lemontom"}]}},"topic":"realtime:watch-party:3C4X"}
📨 Received: {"ref":"1","event":"phx_reply","payload":{"status":"ok","response":{}},"topic":"realtime:watch-party:3C4X"}
📨 Received: {"ref":null,"event":"presence_diff","payload":{"joins":{"5738e9a4-f0c7-11f0-bbb7-ee9e47993347":{"metas":[{"phx_ref":"GIpnznd3ayCQMImB","is_host":false,"joined_at":1768339939.9243078,"user_id":"656daa91-33b4-4688-9135-c982ea52d7c9","username":"ursinho"}]}},"leaves":{}},"topic":"realtime:watch-party:3C4X"}
📨 Received: {"ref":null,"event":"postgres_changes","payload":{"data":{"table":"rooms","type":"UPDATE","record":{"id": "3C4X", "name": "Spirited Away", "season": null, "episode": null, "imdb_id": "tt0245429", "playlist": [{"id": "3B63ED15-56B1-4A6C-BCB5-37BA8B388CD8", "mediaItem": {"id": "tt0245429", "name": "Spirited Away", "type": "movie", "poster": "https://m.media-amazon.com/images/M/MV5BNTEyNmEwOWUtYzkyOC00ZTQ4LTllZmUtMjk0Y2YwOGUzYjRiXkEyXkFqcGc@._V1_SX250.jpg"}}], "is_public": true, "created_at": "2026-01-13T21:32:14.669391", "is_playing": false, "poster_url": "https://m.media-amazon.com/images/M/MV5BNTEyNmEwOWUtYzkyOC00ZTQ4LTllZmUtMjk0Y2YwOGUzYjRiXkEyXkFqcGc@._V1_SX250.jpg", "description": null, "stream_hash": null, "backdrop_url": null, "host_user_id": "96e01cdb-36c0-4228-a6e4-a29a3c66bc8e", "subtitle_url": null, "host_username": "lemontom", "last_activity": "2026-01-13T21:32:15.601993", "max_participants": 50, "selected_quality": null, "playback_position": 0, "selected_file_idx": null, "participants_count": 2, "unlocked_stream_url": null, "current_playlist_index": 0},"columns":[{"name": "id", "type": "text"}, {"name": "name", "type": "text"}, {"name": "host_user_id", "type": "uuid"}, {"name": "host_username", "type": "text"}, {"name": "stream_hash", "type": "text"}, {"name": "imdb_id", "type": "text"}, {"name": "poster_url", "type": "text"}, {"name": "backdrop_url", "type": "text"}, {"name": "playback_position", "type": "int4"}, {"name": "is_playing", "type": "bool"}, {"name": "participants_count", "type": "int4"}, {"name": "max_participants", "type": "int4"}, {"name": "is_public", "type": "bool"}, {"name": "created_at", "type": "timestamp"}, {"name": "last_activity", "type": "timestamp"}, {"name": "season", "type": "int4"}, {"name": "episode", "type": "int4"}, {"name": "selected_quality", "type": "text"}, {"name": "selected_file_idx", "type": "int4"}, {"name": "unlocked_stream_url", "type": "text"}, {"name": "description", "type": "text"}, {"name": "current_playlist_index", "type": "int4"}, {"name": "playlist", "type": "jsonb"}, {"name": "subtitle_url", "type": "text"}],"errors":null,"schema":"public","commit_timestamp":"2026-01-13T21:32:20.056Z","old_record":{"id": "3C4X"}},"ids":[2271466]},"topic":"realtime:watch-party:3C4X"}
📨 Received: {"ref":null,"event":"postgres_changes","payload":{"data":{"table":"rooms","type":"UPDATE","record":{"id": "3C4X", "name": "Spirited Away", "season": null, "episode": null, "imdb_id": "tt0245429", "playlist": [{"id": "3B63ED15-56B1-4A6C-BCB5-37BA8B388CD8", "mediaItem": {"id": "tt0245429", "name": "Spirited Away", "type": "movie", "poster": "https://m.media-amazon.com/images/M/MV5BNTEyNmEwOWUtYzkyOC00ZTQ4LTllZmUtMjk0Y2YwOGUzYjRiXkEyXkFqcGc@._V1_SX250.jpg"}}], "is_public": true, "created_at": "2026-01-13T21:32:14.669391", "is_playing": false, "poster_url": "https://m.media-amazon.com/images/M/MV5BNTEyNmEwOWUtYzkyOC00ZTQ4LTllZmUtMjk0Y2YwOGUzYjRiXkEyXkFqcGc@._V1_SX250.jpg", "description": null, "stream_hash": null, "backdrop_url": null, "host_user_id": "96e01cdb-36c0-4228-a6e4-a29a3c66bc8e", "subtitle_url": null, "host_username": "lemontom", "last_activity": "2026-01-13T21:32:15.601993", "max_participants": 50, "selected_quality": null, "playback_position": 0, "selected_file_idx": null, "participants_count": 2, "unlocked_stream_url": null, "current_playlist_index": 0},"columns":[{"name": "id", "type": "text"}, {"name": "name", "type": "text"}, {"name": "host_user_id", "type": "uuid"}, {"name": "host_username", "type": "text"}, {"name": "stream_hash", "type": "text"}, {"name": "imdb_id", "type": "text"}, {"name": "poster_url", "type": "text"}, {"name": "backdrop_url", "type": "text"}, {"name": "playback_position", "type": "int4"}, {"name": "is_playing", "type": "bool"}, {"name": "participants_count", "type": "int4"}, {"name": "max_participants", "type": "int4"}, {"name": "is_public", "type": "bool"}, {"name": "created_at", "type": "timestamp"}, {"name": "last_activity", "type": "timestamp"}, {"name": "season", "type": "int4"}, {"name": "episode", "type": "int4"}, {"name": "selected_quality", "type": "text"}, {"name": "selected_file_idx", "type": "int4"}, {"name": "unlocked_stream_url", "type": "text"}, {"name": "description", "type": "text"}, {"name": "current_playlist_index", "type": "int4"}, {"name": "playlist", "type": "jsonb"}, {"name": "subtitle_url", "type": "text"}],"errors":null,"schema":"public","commit_timestamp":"2026-01-13T21:32:20.056Z","old_record":{"id": "3C4X"}},"ids":[2271466]},"topic":"realtime:watch-party:3C4X"}
🔄 Lobby: Fetching fresh room state from Supabase...
🔄 Lobby: Fetching fresh room state from Supabase...
✅ Lobby: Refreshed room state. isPlaying: false
🛡️ Lobby: Ensuring local media state is fresh before auto-start check...
🔌 Setting up Realtime channel: watch-party:3C4X
   Role: Guest
   User ID: 656daa91-33b4-4688-9135-c982ea52d7c9
📡 Connection state: connecting
ℹ️ Already joined channel watch-party:3C4X, skipping join
📡 Connection state: connected
✅ Realtime channel setup complete
✅ Lobby: Connected to Realtime
🚦 Lobby State: connected
🔄 Lobby: Starting database polling for participants and room state...
💓 Lobby: Starting heartbeat loop...
🔄 LobbyDatabase: Starting room state polling for guests...
✅ Lobby: Synced CLEAN stream info, metadata & playlist to AppState
📨 Received: {"ref":"2","event":"phx_reply","payload":{"status":"ok","response":{}},"topic":"realtime:watch-party:3C4X"}
📨 Received: {"ref":null,"event":"presence_diff","payload":{"joins":{"5738e9a4-f0c7-11f0-bbb7-ee9e47993347":{"metas":[{"phx_ref":"GIpnzoN_USeQMImh","phx_ref_prev":"GIpnznd3ayCQMImB","is_host":false,"joined_at":1768339940.2082,"user_id":"656daa91-33b4-4688-9135-c982ea52d7c9","username":"ursinho"}]}},"leaves":{"5738e9a4-f0c7-11f0-bbb7-ee9e47993347":{"metas":[{"phx_ref":"GIpnznd3ayCQMImB","is_host":false,"joined_at":1768339939.9243078,"user_id":"656daa91-33b4-4688-9135-c982ea52d7c9","username":"ursinho"}]}}},"topic":"realtime:watch-party:3C4X"}
✅ Lobby: Synced CLEAN stream info, metadata & playlist to AppState
📨 Received: {"ref":null,"event":"broadcast","payload":{"event":"sync","payload":{"chatText":"LOBBY_JOIN","chatUsername":"ursinho","position":0,"senderId":"656daa91-33b4-4688-9135-c982ea52d7c9","timestamp":0,"type":"chat"},"type":"broadcast"},"topic":"realtime:watch-party:3C4X"}
📨 Received: {"ref":null,"event":"postgres_changes","payload":{"data":{"table":"rooms","type":"UPDATE","record":{"id": "3C4X", "name": "Spirited Away", "season": null, "episode": null, "imdb_id": "tt0245429", "playlist": [{"id": "3B63ED15-56B1-4A6C-BCB5-37BA8B388CD8", "mediaItem": {"id": "tt0245429", "name": "Spirited Away", "type": "movie", "poster": "https://m.media-amazon.com/images/M/MV5BNTEyNmEwOWUtYzkyOC00ZTQ4LTllZmUtMjk0Y2YwOGUzYjRiXkEyXkFqcGc@._V1_SX250.jpg"}}], "is_public": true, "created_at": "2026-01-13T21:32:14.669391", "is_playing": false, "poster_url": "https://m.media-amazon.com/images/M/MV5BNTEyNmEwOWUtYzkyOC00ZTQ4LTllZmUtMjk0Y2YwOGUzYjRiXkEyXkFqcGc@._V1_SX250.jpg", "description": null, "stream_hash": null, "backdrop_url": null, "host_user_id": "96e01cdb-36c0-4228-a6e4-a29a3c66bc8e", "subtitle_url": null, "host_username": "lemontom", "last_activity": "2026-01-13T21:32:20.40293", "max_participants": 50, "selected_quality": null, "playback_position": 0, "selected_file_idx": null, "participants_count": 2, "unlocked_stream_url": null, "current_playlist_index": 0},"columns":[{"name": "id", "type": "text"}, {"name": "name", "type": "text"}, {"name": "host_user_id", "type": "uuid"}, {"name": "host_username", "type": "text"}, {"name": "stream_hash", "type": "text"}, {"name": "imdb_id", "type": "text"}, {"name": "poster_url", "type": "text"}, {"name": "backdrop_url", "type": "text"}, {"name": "playback_position", "type": "int4"}, {"name": "is_playing", "type": "bool"}, {"name": "participants_count", "type": "int4"}, {"name": "max_participants", "type": "int4"}, {"name": "is_public", "type": "bool"}, {"name": "created_at", "type": "timestamp"}, {"name": "last_activity", "type": "timestamp"}, {"name": "season", "type": "int4"}, {"name": "episode", "type": "int4"}, {"name": "selected_quality", "type": "text"}, {"name": "selected_file_idx", "type": "int4"}, {"name": "unlocked_stream_url", "type": "text"}, {"name": "description", "type": "text"}, {"name": "current_playlist_index", "type": "int4"}, {"name": "playlist", "type": "jsonb"}, {"name": "subtitle_url", "type": "text"}],"errors":null,"schema":"public","commit_timestamp":"2026-01-13T21:32:20.414Z","old_record":{"id": "3C4X"}},"ids":[2271466]},"topic":"realtime:watch-party:3C4X"}
🔄 Lobby: Fetching fresh room state from Supabase...
🔄 Lobby: Fetching fresh room state from Supabase...
✅ Lobby: Synced CLEAN stream info, metadata & playlist to AppState
✅ Lobby: Synced CLEAN stream info, metadata & playlist to AppState
📊 AppState: Polled participant counts - Active: ["tt0770828": 1]
⏰ AppState: Next schedule update set for Event End: 2026-01-13 23:25:25 +0000
⏰ AppState: Scheduling update in 6784 seconds
🛡️ Lobby: Auto-Join safety delay passed (8s). Enabled for late joiners.
📊 AppState: Polled participant counts - Active: ["tt0770828": 1]
⏰ AppState: Next schedule update set for Event End: 2026-01-13 23:25:25 +0000
⏰ AppState: Scheduling update in 6774 seconds
📨 Received: {"ref":null,"event":"broadcast","payload":{"event":"sync","payload":{"chatText":"LOBBY_START_COUNTDOWN","chatUsername":"Host","position":0,"senderId":"96e01cdb-36c0-4228-a6e4-a29a3c66bc8e","timestamp":3,"type":"chat"},"type":"broadcast"},"topic":"realtime:watch-party:3C4X"}
📨 Received: {"ref":null,"event":"presence_diff","payload":{"joins":{"4d1d6bde-f0c7-11f0-8968-ee9e47993347":{"metas":[{"phx_ref":"GIpn0Y7KhTM6AvfC","phx_ref_prev":"GIpnzU947f06AvXC","is_premium":true,"last_seen":"2026-01-13T21:32:33.277Z","room_id":"3C4X","started_at":"2026-01-13T21:32:15.028Z","status":"In Lobby: Spirited Away","user_id":"96e01cdb-36c0-4228-a6e4-a29a3c66bc8e","username":"lemontom","watching_id":"tt0245429","watching_title":"Spirited Away","watching_type":"movie"}]}},"leaves":{"4d1d6bde-f0c7-11f0-8968-ee9e47993347":{"metas":[{"phx_ref":"GIpnzU947f06AvXC","phx_ref_prev":"GIpnzAijHvY6AvPi","is_premium":true,"last_seen":"2026-01-13T21:32:15.028Z","room_id":"3C4X","started_at":"2026-01-13T21:32:15.028Z","status":"In Lobby: Spirited Away","user_id":"96e01cdb-36c0-4228-a6e4-a29a3c66bc8e","username":"lemontom","watching_id":"tt0245429","watching_title":"Spirited Away","watching_type":"movie"}]}}},"topic":"realtime:global-presence"}
📨 Received: {"ref":null,"event":"postgres_changes","payload":{"data":{"table":"rooms","type":"UPDATE","record":{"id": "3C4X", "name": "Spirited Away", "season": null, "episode": null, "imdb_id": "tt0245429", "playlist": [{"id": "3B63ED15-56B1-4A6C-BCB5-37BA8B388CD8", "mediaItem": {"id": "tt0245429", "name": "Spirited Away", "type": "movie", "poster": "https://m.media-amazon.com/images/M/MV5BNTEyNmEwOWUtYzkyOC00ZTQ4LTllZmUtMjk0Y2YwOGUzYjRiXkEyXkFqcGc@._V1_SX250.jpg"}}], "is_public": true, "created_at": "2026-01-13T21:32:14.669391", "is_playing": false, "poster_url": "https://m.media-amazon.com/images/M/MV5BNTEyNmEwOWUtYzkyOC00ZTQ4LTllZmUtMjk0Y2YwOGUzYjRiXkEyXkFqcGc@._V1_SX250.jpg", "description": null, "stream_hash": "bb0de557069aa24337476989bab74715890dbd3c", "backdrop_url": null, "host_user_id": "96e01cdb-36c0-4228-a6e4-a29a3c66bc8e", "subtitle_url": null, "host_username": "lemontom", "last_activity": "2026-01-13T21:32:32", "max_participants": 50, "selected_quality": "1080p", "playback_position": 0, "selected_file_idx": null, "participants_count": 2, "unlocked_stream_url": "https://chi8-4.download.real-debrid.com/d/3UQJ52SIYQTNG40/Spirited.Away.2001.1080p.BluRay.x264.DTS-ES-FGT.mkv", "current_playlist_index": 0},"columns":[{"name": "id", "type": "text"}, {"name": "name", "type": "text"}, {"name": "host_user_id", "type": "uuid"}, {"name": "host_username", "type": "text"}, {"name": "stream_hash", "type": "text"}, {"name": "imdb_id", "type": "text"}, {"name": "poster_url", "type": "text"}, {"name": "backdrop_url", "type": "text"}, {"name": "playback_position", "type": "int4"}, {"name": "is_playing", "type": "bool"}, {"name": "participants_count", "type": "int4"}, {"name": "max_participants", "type": "int4"}, {"name": "is_public", "type": "bool"}, {"name": "created_at", "type": "timestamp"}, {"name": "last_activity", "type": "timestamp"}, {"name": "season", "type": "int4"}, {"name": "episode", "type": "int4"}, {"name": "selected_quality", "type": "text"}, {"name": "selected_file_idx", "type": "int4"}, {"name": "unlocked_stream_url", "type": "text"}, {"name": "description", "type": "text"}, {"name": "current_playlist_index", "type": "int4"}, {"name": "playlist", "type": "jsonb"}, {"name": "subtitle_url", "type": "text"}],"errors":null,"schema":"public","commit_timestamp":"2026-01-13T21:32:33.239Z","old_record":{"id": "3C4X"}},"ids":[2271466]},"topic":"realtime:watch-party:3C4X"}
🔄 Lobby: Fetching fresh room state from Supabase...
🔄 Lobby: Fetching fresh room state from Supabase...
✅ Lobby: Synced CLEAN stream info, metadata & playlist to AppState
📝 Guest: Marked session as started (Idempotency Lock): bb0de557069aa24337476989bab74715890dbd3c_1768339953.0
✅ Lobby: Synced CLEAN stream info, metadata & playlist to AppState
📨 Received: {"ref":null,"event":"postgres_changes","payload":{"data":{"table":"rooms","type":"UPDATE","record":{"id": "3C4X", "name": "Spirited Away", "season": null, "episode": null, "imdb_id": "tt0245429", "playlist": [{"id": "3B63ED15-56B1-4A6C-BCB5-37BA8B388CD8", "mediaItem": {"id": "tt02454292026-01-13 16:32:33.738 RedLemon[9193:92495] 📨 Lobby: Received Room UPDATE from Realtime
2026-01-13 16:32:33.738 RedLemon[9193:92495] 📨 Lobby: Received Room UPDATE from Realtime
2026-01-13 16:32:36.810 RedLemon[9193:92495] 🛡️ Ignoring stale LEAVE for lemontom (Ref mismatch: Old=96e01cdb-36c0-4228-a6e4-a29a3c66bc8e, New=GIpn0lAIY5uQMPfi)
2026-01-13 16:32:36.810 RedLemon[9193:92495] 🛡️ Ignoring stale LEAVE for lemontom (Ref mismatch: Old=96e01cdb-36c0-4228-a6e4-a29a3c66bc8e, New=GIpn0lAIY5uQMPfi)
2026-01-13 16:32:36.858 RedLemon[9193:92495] 🎬 Guest: Fetch took 0.248s, finished countdown loop
2026-01-13 16:32:36.991 RedLemon[9193:92495] 🎬 Guest: Starting playback after countdown
2026-01-13 16:32:36.992 RedLemon[9193:92495] 🎬 Guest: Launching player for Spirited Away
2026-01-13 16:32:37.091 RedLemon[9193:92495] 📡 Fetching metadata for tt0245429...
2026-01-13 16:32:37.135 RedLemon[9193:92495] 🎬 PlayerVM: Using Playlist Metadata: S0E0
2026-01-13 16:32:37.138 RedLemon[9193:92719] ✅ StreamService: Using provided metadata: Spirited Away
2026-01-13 16:32:37.139 RedLemon[9193:92719] ⚡️ StreamService: Resolving streams via StreamResolver (Bypassing HTTP)...
2026-01-13 16:32:37.139 RedLemon[9193:92647] 📝 [APP] 🎬 StreamService: Starting resolution for: Spirited Away ["file": "StreamService.swift", "level": "INFO", "line": "104"]
2026-01-13 16:32:37.139 RedLemon[9193:92719] ⚡️ StreamResolver: Resolving streams for tt0245429 (S0E0)
2026-01-13 16:32:37.139 RedLemon[9193:92647] 📝 [APP] SessionRecorder initialized
2026-01-13 16:32:37.139 RedLemon[9193:92719] 📝 [APP] New Session Started ["app_version": "1.0.76", "build": "76", "session_id": "D1231B7D-A51C-4E57-BA6E-55C60CDE5837", "trigger_source": "watch_party_sync", "user_id": "656DAA91-33B4-4688-9135-C982EA52D7C9"]
2026-01-13 16:32:37.140 RedLemon[9193:92719] 📝 [APP] Target Content Set ["imdb_id": "tt0245429"]
2026-01-13 16:32:37.140 RedLemon[9193:92719] 📝 [RESOLVER] Started Resolution ["episode": "0", "season": "0", "type": "movie"]
2026-01-13 16:32:37.272 RedLemon[9193:92647]    📅 Filtering by year: 2001
2026-01-13 16:32:37.400 RedLemon[9193:92719] 📦 StreamResolver: Fetching streams from ProviderManager...
2026-01-13 16:32:37.400 RedLemon[9193:92719] 🔍 ProviderManager: Fetching streams for tt0245429...
2026-01-13 16:32:37.401 RedLemon[9193:92646] 🔍 Zilean: Searching via IMDB ID: tt0245429
2026-01-13 16:32:37.401 RedLemon[9193:92647] 🎬 DebridSearch: Building URL for movie (no season/episode)
2026-01-13 16:32:37.402 RedLemon[9193:92647] 🔗 DebridSearch URL: https://68d69db7dc40-debrid-search.baby-beamup.club/%7B%22DebridApiKey%22%3A%22***%22,%22DebridProvider%22%3A%22RealDebrid%22%7D/stream/movie/tt0245429.json
2026-01-13 16:32:37.402 RedLemon[9193:92647] 🔍 DebridSearch: Fetching https://68d69db7dc40-debrid-search.baby-beamup.club/%7B%22DebridApiKey%22%3A%22K67JV2V4FTUA7RYN6T34BFIUBRUZERBO45A6UL3O7TE5ZHFDQQSA%22,%22DebridProvider%22%3A%22RealDebrid%22%7D/stream/movie/tt0245429.json
2026-01-13 16:32:37.402 RedLemon[9193:92718] ✨ Torrentio: Using Auto-Generated Config (RealDebrid)
2026-01-13 16:32:37.403 RedLemon[9193:92718] 🎬 Torrentio: Building URL for movie (no season/episode)
2026-01-13 16:32:37.403 RedLemon[9193:92718] 🔗 Torrentio URL (length: 119): https://torrentio.strem.fun/realdebrid=K67JV2V4FTUA7RYN6T34BFIUBRUZERBO45A6UL3O7TE5ZHFDQQSA/stream/movie/tt0245429.json...
2026-01-13 16:32:37.403 RedLemon[9193:92718] 🔍 Torrentio: Fetching https://torrentio.strem.fun/realdebrid=K67JV2V4FTUA7RYN6T34BFIUBRUZERBO45A6UL3O7TE5ZHFDQQSA/stream/movie/tt0245429.json
2026-01-13 16:32:37.524 RedLemon[9193:92646] 📡 Torrentio: HTTP 200, received 42291 bytes
2026-01-13 16:32:37.549 RedLemon[9193:92646] ✅ Torrentio: Parsed 74 streams from 74 raw
2026-01-13 16:32:38.002 RedLemon[9193:92647] 📨 Realtime: Received broadcast message
2026-01-13 16:32:38.003 RedLemon[9193:92647]    Payload keys: type, senderId, timestamp, position, isPlaying
2026-01-13 16:32:38.003 RedLemon[9193:92647] ✅ Realtime: Decoded message type: ready, sender: 96E01CDB-36C0-4228-A6E4-A29A3C66BC8E
2026-01-13 16:32:38.003 RedLemon[9193:92647] 📞 Realtime: Invoking syncCallback for message type: ready
2026-01-13 16:32:38.003 RedLemon[9193:92647] ✅ Realtime: syncCallback invoked successfully
2026-01-13 16:32:38.004 RedLemon[9193:92495] ⚠️ Received Realtime message with no chat text
2026-01-13 16:32:38.131 RedLemon[9193:92646] ✅ Zilean: Got 62 results
2026-01-13 16:32:38.742 RedLemon[9193:92647] 📨 Realtime: Received broadcast message
2026-01-13 16:32:38.742 RedLemon[9193:92647]    Payload keys: timestamp, position, senderId, isPlaying, type
2026-01-13 16:32:38.743 RedLemon[9193:92647] ✅ Realtime: Decoded message type: playbackState, sender: 3C4X
2026-01-13 16:32:38.743 RedLemon[9193:92647] 📞 Realtime: Invoking syncCallback for message type: playbackState
2026-01-13 16:32:38.743 RedLemon[9193:92495] ⚠️ Received Realtime message with no chat text
2026-01-13 16:32:38.743 RedLemon[9193:92647] ✅ Realtime: syncCallback invoked successfully
2026-01-13 16:32:39.358 RedLemon[9193:92720] 📨 Realtime: Received broadcast message
2026-01-13 16:32:39.358 RedLemon[9193:92720]    Payload keys: isPlaying, position, type, timestamp, senderId
2026-01-13 16:32:39.358 RedLemon[9193:92720] ✅ Realtime: Decoded message type: play, sender: 96E01CDB-36C0-4228-A6E4-A29A3C66BC8E
2026-01-13 16:32:39.359 RedLemon[9193:92720] 📞 Realtime: Invoking syncCallback for message type: play
2026-01-13 16:32:39.359 RedLemon[9193:92720] ✅ Realtime: syncCallback invoked successfully
2026-01-13 16:32:39.359 RedLemon[9193:92495] ⚠️ Received Realtime message with no chat text
2026-01-13 16:32:40.696 RedLemon[9193:92646] 📨 Realtime: Received broadcast message
2026-01-13 16:32:40.696 RedLemon[9193:92646]    Payload keys: timestamp, senderId, position, isPlaying, type
2026-01-13 16:32:40.696 RedLemon[9193:92646] ✅ Realtime: Decoded message type: playbackState, sender: 3C4X
2026-01-13 16:32:40.697 RedLemon[9193:92646] 📞 Realtime: Invoking syncCallback for message type: playbackState
2026-01-13 16:32:40.697 RedLemon[9193:92646] ✅ Realtime: syncCallback invoked successfully
2026-01-13 16:32:40.697 RedLemon[9193:92495] ⚠️ Received Realtime message with no chat text
2026-01-13 16:32:41.889 RedLemon[9193:92647] ✅ DebridSearch: Parsed 2 streams
2026-01-13 16:32:41.890 RedLemon[9193:92647] ✅ ProviderManager: Fetched 139 raw, returning 109 unique streams
2026-01-13 16:32:41.890 RedLemon[9193:92647] 📦 StreamResolver: Received 1 raw streams, bucketing...
2026-01-13 16:32:41.891 RedLemon[9193:92647] 📝 [RESOLVER] Providers Fetched ["torrentio": "1"]
2026-01-13 16:32:42.226 RedLemon[9193:92647] 📝 [RESOLVER] Resolution Complete ["1080p": "1", "2160p": "0", "720p": "0", "selected_provider": "torrentio", "selected_title": "Spirited.Away.2001.1080p.BluRay.x264.DTS-ES-FGT
👤 11 💾 10.27 GB ⚙️ RARBG"]
2026-01-13 16:32:42.226 RedLemon[9193:92647] 📝 [RESOLVER] Host Stream Match ["hash": "bb0de557069aa24337476989bab74715890dbd3c"]
2026-01-13 16:32:42.227 RedLemon[9193:92646] 📝 [APP] 📦 StreamService: Found 1 total streams to try (across all qualities) ["file": "StreamService.swift", "level": "INFO", "line": "279"]
2026-01-13 16:32:42.910 RedLemon[9193:92647] 📨 Realtime: Received broadcast message
2026-01-13 16:32:42.910 RedLemon[9193:92647]    Payload keys: senderId, position, timestamp, type, isPlaying
2026-01-13 16:32:42.910 RedLemon[9193:92647] ✅ Realtime: Decoded message type: playbackState, sender: 3C4X
2026-01-13 16:32:42.910 RedLemon[9193:92647] 📞 Realtime: Invoking syncCallback for message type: playbackState
2026-01-13 16:32:42.911 RedLemon[9193:92647] ✅ Realtime: syncCallback invoked successfully
2026-01-13 16:32:42.911 RedLemon[9193:92495] ⚠️ Received Realtime message with no chat text
2026-01-13 16:32:43.761 RedLemon[9193:92646] 📥 StreamService: Pre-downloading 5 (capped from 10) subtitles for direct stream...
2026-01-13 16:32:43.762 RedLemon[9193:92646] 🐛 StreamService: downloadSubtitlesInParallel called. Season: nil, Episode: nil, Count: 5
2026-01-13 16:32:43.762 RedLemon[9193:92720] 🔍 DEBUG: Processing subtitle URL: /subtitle/1967005-2450326.zip
2026-01-13 16:32:43.762 RedLemon[9193:92719] 🔍 DEBUG: Processing subtitle URL: /subtitle/1967006-2450322.zip
2026-01-13 16:32:43.762 RedLemon[9193:92646] 🔍 DEBUG: Processing subtitle URL: /subtitle/3120390-3132798.zip
2026-01-13 16:32:43.762 RedLemon[9193:92647] 🔍 DEBUG: Processing subtitle URL: /subtitle/3423776-8347341.zip
2026-01-13 16:32:43.762 RedLemon[9193:92720] ✅ DEBUG: Raw SubDL URL detected, converting to proxy URL
2026-01-13 16:32:43.762 RedLemon[9193:92719] ✅ DEBUG: Raw SubDL URL detected, converting to proxy URL
2026-01-13 16:32:43.762 RedLemon[9193:92646] ✅ DEBUG: Raw SubDL URL detected, converting to proxy URL
2026-01-13 16:32:43.762 RedLemon[9193:92647] ✅ DEBUG: Raw SubDL URL detected, converting to proxy URL
2026-01-13 16:32:43.763 RedLemon[9193:92647] 🔍 DEBUG: Processing subtitle URL: /subtitle/779699-949579.zip
2026-01-13 16:32:43.763 RedLemon[9193:92647] ✅ DEBUG: Raw SubDL URL detected, converting to proxy URL
2026-01-13 16:32:43.867 RedLemon[9193:92495] ✅ Stream ready, starting playback...
2026-01-13 16:32:44.077 RedLemon[9193:92720] 📝 [PLAYER] Resumed
2026-01-13 16:32:44.082 RedLemon[9193:92719] 📝 [PLAYER] Load Video (Smart) ["url": "https://chi6-4.download.real-debrid.com/d/NLW2MC3B7ULO223/Spirited.Away.2001.1080p.BluRay.x264.DTS-ES-FGT.mkv"]
", "name": "Spirited Away", "type": "movie", "poster": "https://m.media-amazon.com/images/M/MV5BNTEyNmEwOWUtYzkyOC00ZTQ4LTllZmUtMjk0Y2YwOGUzYjRiXkEyXkFqcGc@._V1_SX250.jpg"}}], "is_public": true, "created_at": "2026-01-13T21:32:14.669391", "is_playing": true, "poster_url": "https://m.media-amazon.com/images/M/MV5BNTEyNmEwOWUtYzkyOC00ZTQ4LTllZmUtMjk0Y2YwOGUzYjRiXkEyXkFqcGc@._V1_SX250.jpg", "description": null, "stream_hash": "bb0de557069aa24337476989bab74715890dbd3c", "backdrop_url": null, "host_user_id": "96e01cdb-36c0-4228-a6e4-a29a3c66bc8e", "subtitle_url": null, "host_username": "lemontom", "last_activity": "2026-01-13T21:32:33", "max_participants": 50, "selected_quality": "1080p", "playback_position": 0, "selected_file_idx": null, "participants_count": 2, "unlocked_stream_url": "https://chi8-4.download.real-debrid.com/d/3UQJ52SIYQTNG40/Spirited.Away.2001.1080p.BluRay.x264.DTS-ES-FGT.mkv", "current_playlist_index": 0},"columns":[{"name": "id", "type": "text"}, {"name": "name", "type": "text"}, {"name": "host_user_id", "type": "uuid"}, {"name": "host_username", "type": "text"}, {"name": "stream_hash", "type": "text"}, {"name": "imdb_id", "type": "text"}, {"name": "poster_url", "type": "text"}, {"name": "backdrop_url", "type": "text"}, {"name": "playback_position", "type": "int4"}, {"name": "is_playing", "type": "bool"}, {"name": "participants_count", "type": "int4"}, {"name": "max_participants", "type": "int4"}, {"name": "is_public", "type": "bool"}, {"name": "created_at", "type": "timestamp"}, {"name": "last_activity", "type": "timestamp"}, {"name": "season", "type": "int4"}, {"name": "episode", "type": "int4"}, {"name": "selected_quality", "type": "text"}, {"name": "selected_file_idx", "type": "int4"}, {"name": "unlocked_stream_url", "type": "text"}, {"name": "description", "type": "text"}, {"name": "current_playlist_index", "type": "int4"}, {"name": "playlist", "type": "jsonb"}, {"name": "subtitle_url", "type": "text"}],"errors":null,"schema":"public","commit_timestamp":"2026-01-13T21:32:33.510Z","old_record":{"id": "3C4X"}},"ids":[2271466]},"topic":"realtime:watch-party:3C4X"}
🔄 Lobby: Fetching fresh room state from Supabase...
🔄 Lobby: Fetching fresh room state from Supabase...
✅ Lobby: Synced CLEAN stream info, metadata & playlist to AppState
✅ Lobby: Synced CLEAN stream info, metadata & playlist to AppState
📨 Received: {"ref":null,"event":"presence_diff","payload":{"joins":{"545490f8-f0c7-11f0-aa38-ee9e47993347":{"metas":[{"phx_ref":"GIpn0lAIY5uQMPfi","phx_ref_prev":"GIpnzWFYDaOQMPYC","is_host":true,"joined_at":1768339956.5176659,"user_id":"96E01CDB-36C0-4228-A6E4-A29A3C66BC8E","username":"lemontom"}]}},"leaves":{"545490f8-f0c7-11f0-aa38-ee9e47993347":{"metas":[{"phx_ref":"GIpnzWFYDaOQMPYC","phx_ref_prev":"GIpnzVNlgLSQMPXi","is_host":true,"joined_at":1768339935.3268728,"user_id":"96e01cdb-36c0-4228-a6e4-a29a3c66bc8e","username":"lemontom"}]}}},"topic":"realtime:watch-party:3C4X"}
📨 Received: {"ref":null,"event":"presence_diff","payload":{"joins":{"4d1d6bde-f0c7-11f0-8968-ee9e47993347":{"metas":[{"phx_ref":"GIpn0lRRGWo6AvgC","phx_ref_prev":"GIpn0Y7KhTM6AvfC","is_premium":true,"last_seen":"2026-01-13T21:32:36.568Z","room_id":"3C4X","started_at":"2026-01-13T21:32:36.568Z","status":"online","user_id":"96e01cdb-36c0-4228-a6e4-a29a3c66bc8e","username":"lemontom","watching_id":"tt0245429","watching_title":"Spirited Away","watching_type":"movie"}]}},"leaves":{"4d1d6bde-f0c7-11f0-8968-ee9e47993347":{"metas":[{"phx_ref":"GIpn0Y7KhTM6AvfC","phx_ref_prev":"GIpnzU947f06AvXC","is_premium":true,"last_seen":"2026-01-13T21:32:33.277Z","room_id":"3C4X","started_at":"2026-01-13T21:32:15.028Z","status":"In Lobby: Spirited Away","user_id":"96e01cdb-36c0-4228-a6e4-a29a3c66bc8e","username":"lemontom","watching_id":"tt0245429","watching_title":"Spirited Away","watching_type":"movie"}]}}},"topic":"realtime:global-presence"}
📉 SocialService: User 96e01cdb-36c0-4228-a6e4-a29a3c66bc8e went offline (No active refs)
📈 SocialService: User 96e01cdb-36c0-4228-a6e4-a29a3c66bc8e came online
✅ Cache HIT: Metadata[meta_movie_tt0245429]
[2026-01-13T21:32:37Z] [INFO] [StreamService.swift:104] 🎬 StreamService: Starting resolution for: Spirited Away
🎬 StreamService: Resolving movie - trusted pack filtering will be applied server-side
🛡️ StreamResolver: Loaded 3 blocked streams from blacklist
🔍 MediaFusion: Fetching https://mediafusion.elfhosted.com/stream/movie/tt0245429.json
🔍 Comet: Fetching https://comet.elfhosted.com/eyJkZWJyaWRTZXJ2aWNlIjoicmVhbGRlYnJpZCIsInJlbW92ZVRyYXNoIjpmYWxzZSwiZGVi...
✅ Comet: Got 1 streams
🔍 Comet: Parsing 1 streams...
✅ Comet: Parsed 1 valid streams
⚠️ MediaFusion: HTTP 418
📨 Received: {"ref":null,"event":"broadcast","payload":{"event":"sync","payload":{"isPlaying":false,"position":0,"senderId":"96E01CDB-36C0-4228-A6E4-A29A3C66BC8E","timestamp":1768339957.860848,"type":"ready"},"type":"broadcast"},"topic":"realtime:watch-party:3C4X"}
📨 Received: {"ref":null,"event":"broadcast","payload":{"event":"sync","payload":{"isPlaying":true,"position":0,"senderId":"3C4X","timestamp":0,"type":"playbackState"},"type":"broadcast"},"topic":"realtime:watch-party:3C4X"}
📨 Received: {"ref":null,"event":"broadcast","payload":{"event":"sync","payload":{"isPlaying":true,"position":0,"senderId":"96E01CDB-36C0-4228-A6E4-A29A3C66BC8E","timestamp":1768339959.156496,"type":"play"},"type":"broadcast"},"topic":"realtime:watch-party:3C4X"}
💓 Heartbeat sent
📨 Received: {"ref":"4","event":"phx_reply","payload":{"status":"ok","response":{}},"topic":"phoenix"}
📨 Received: {"ref":null,"event":"broadcast","payload":{"event":"sync","payload":{"isPlaying":true,"position":0,"senderId":"3C4X","timestamp":0,"type":"playbackState"},"type":"broadcast"},"topic":"realtime:watch-party:3C4X"}
💓 Heartbeat sent
📨 Received: {"ref":"4","event":"phx_reply","payload":{"status":"ok","response":{}},"topic":"phoenix"}
⚡️ StreamResolver: Optimizing for preferred hash: bb0de557069aa24337476989bab74715890dbd3c
   ✅ Found target stream immediately. Discarding everything else.
📊 StreamResolver: Provider Stats: [torrentio:1]
✅ MetadataService initialized
📡 Fetching metadata from Cinemeta: https://v3-cinemeta.strem.io/meta/movie/tt0245429.json
✅ Metadata fetched from Cinemeta for tt0245429: Spirited Away (2001)
🎯 Target title for matching: Spirited Away
   📅 Year filter (2001): 1 → 1 streams
🔍 Searching SubDL: tt0245429 (movie)
   ℹ️ Fallback Name: Spirited Away (2001)
📊 AppState: Polled participant counts - Active: ["tt0770828": 1]
⏰ AppState: Next schedule update set for Event End: 2026-01-13 23:25:25 +0000
⏰ AppState: Scheduling update in 6763 seconds
💓 Heartbeat sent
📨 Received: {"ref":"1","event":"phx_reply","payload":{"status":"ok","response":{}},"topic":"phoenix"}
✅ Found 10 subtitles from SubDL (Primary)
✅ StreamResolver: Processed subtitles for 1 streams (Attached to 1)
   --- Processing Bucket: 2160p (Input: 0) ---
   ✅ Bucket 2160p Final Count: 0
   --- Processing Bucket: 1080p (Input: 1) ---
   ✅ Bucket 1080p Final Count: 1
   --- Processing Bucket: 720p (Input: 0) ---
   ✅ Bucket 720p Final Count: 0
   --- Processing Bucket: 480p (Input: 0) ---
   ✅ Bucket 480p Final Count: 0
📦 1080p Primary: Spirited.Away.2001.1080p.BluRay.x264.DTS-ES-FGT
👤 11 💾 10.27 GB ⚙️ RARBG
✅ StreamResolver: Quality buckets ready
🔗 StreamService: Attempting to resolve specific stream hash: bb0de557069aa24337476989bab74715890dbd3c
✅ StreamService: Found requested stream hash! Locking selection.
[2026-01-13T21:32:42Z] [INFO] [StreamService.swift:279] 📦 StreamService: Found 1 total streams to try (across all qualities)
✅ StreamService: Found 1 H.264 streams (Tier 1)
✅ StreamService: Found 1 'Clean' English streams. Deprioritizing 0 localized/dual streams.
🔒 StreamService: Bypassing filters for enforced stream
🔄 StreamService: Trying stream 1/1: Spirited.Away.2001.1080p.BluRay.x264.DTS-ES-FGT
👤 11 💾 10.27 GB ⚙️ RARBG
🔍 StreamService: Resolving redirect URL: https://torrentio.strem.fun/resolve/realdebrid/K67JV2V4FTUA7RYN6T34BFIUBRUZERBO45A6UL3O7TE5ZHFDQQSA/bb0de557069aa24337476989bab74715890dbd3c/null/1/Spirited.Away.2001.1080p.BluRay.x264.DTS-ES-FGT.mkv
📨 Received: {"ref":"5","event":"phx_reply","payload":{"status":"ok","response":{}},"topic":"realtime:global-presence"}
📨 Received: {"ref":null,"event":"presence_diff","payload":{"joins":{"527a568c-f0c7-11f0-92cb-ee9e47993347":{"metas":[{"phx_ref":"GIpn06NuFJA6AoqB","phx_ref_prev":"GIpnzm_X3IU6Aoih","is_premium":true,"last_seen":"2026-01-13T21:32:42.212Z","room_id":"3C4X","started_at":"2026-01-13T21:32:19.871Z","status":"In Lobby: Spirited Away","user_id":"656daa91-33b4-4688-9135-c982ea52d7c9","username":"ursinho","watching_id":"tt0245429","watching_title":"Spirited Away","watching_type":"movie"}]}},"leaves":{"527a568c-f0c7-11f0-92cb-ee9e47993347":{"metas":[{"phx_ref":"GIpnzm_X3IU6Aoih","phx_ref_prev":"GIpnzcmrFwk6AoiB","is_premium":true,"last_seen":"2026-01-13T21:32:19.871Z","room_id":"3C4X","started_at":"2026-01-13T21:32:19.871Z","status":"In Lobby: Spirited Away","user_id":"656daa91-33b4-4688-9135-c982ea52d7c9","username":"ursinho","watching_id":"tt0245429","watching_title":"Spirited Away","watching_type":"movie"}]}}},"topic":"realtime:global-presence"}
📨 Received: {"ref":null,"event":"broadcast","payload":{"event":"sync","payload":{"isPlaying":true,"position":0,"senderId":"3C4X","timestamp":1.627,"type":"playbackState"},"type":"broadcast"},"topic":"realtime:watch-party:3C4X"}
✅ StreamService: Resolved to: https://chi6-4.download.real-debrid.com/d/NLW2MC3B7ULO223/Spirited.Away.2001.1080p.BluRay.x264.DTS-ES-FGT.mkv
⚡️ StreamService: Stream is already a direct URL. Skipping backend unlock.
✅ StreamService: Selected stream: Spirited.Away.2001.1080p.BluRay.x264.DTS-ES-FGT
👤 11 💾 10.27 GB ⚙️ RARBG
📊 Stream Size: 10.27 GB
📦 StreamService: Returning 0 candidate streams for fallback
🔌 Setting up Realtime channel: watch-party:3C4X
   Role: Guest
   User ID: 656DAA91-33B4-4688-9135-C982EA52D7C9
📡 Connection state: connecting
ℹ️ Already joined channel watch-party:3C4X, skipping join
📡 Connection state: connected
✅ Realtime channel setup complete
✅ Cache HIT: Metadata[meta_movie_tt0245429]
[ INFO ] GET /subtitles/subdl/L3N1YnRpdGxlLzM0MjM3NzYtODM0NzM0MS56aXA= [request-id: D42C5762-0BD4-4559-9157-19E7B87CAF91]
2026-01-13 16:32:44.338 RedLemon[9193:92495] 🛡️ Ignoring stale LEAVE for ursinho (Ref mismatch: Old=656daa91-33b4-4688-9135-c982ea52d7c9, New=GIpn1A7Nf5eQMIrB)
2026-01-13 16:32:44.338 RedLemon[9193:92495] 🛡️ Ignoring stale LEAVE for ursinho (Ref mismatch: Old=656daa91-33b4-4688-9135-c982ea52d7c9, New=GIpn1A7Nf5eQMIrB)
2026-01-13 16:32:44.350 RedLemon[9193:92720] 📝 [PLAYER] Playback State Changed ["state": "Paused"]
2026-01-13 16:32:44.350 RedLemon[9193:92720] 📝 [PLAYER] Buffering Started
📄 Subtitle request: L3N1YnRpdGxlLzM0MjM3... (offset: 0ms)
📥 Downloading subtitle from SubDL CDN: /subtitle/3423776-8347341.zip
📨 Received: {"ref":"5","event":"phx_reply","payload":{"status":"ok","response":{}},"topic":"realtime:watch-party:3C4X"}
📨 Received: {"ref":null,"event":"presence_diff","payload":{"joins":{"5738e9a4-f0c7-11f0-bbb7-ee9e47993347":{"metas":[{"phx_ref":"GIpn1A7Nf5eQMIrB","phx_ref_prev":"GIpnzoN_USeQMImh","is_host":false,"joined_at":1768339964.014999,"user_id":"656DAA91-33B4-4688-9135-C982EA52D7C9","username":"ursinho"}]}},"leaves":{"5738e9a4-f0c7-11f0-bbb7-ee9e47993347":{"metas":[{"phx_ref":"GIpnzoN_USeQMImh","phx_ref_prev":"GIpnznd3ayCQMImB","is_host":false,"joined_at":1768339940.2082,"user_id":"656daa91-33b4-4688-9135-c982ea52d7c9","username":"ursinho"}]}}},"topic":"realtime:watch-party:3C4X"}
📨 Received: {"ref":"6","event":"phx_reply","payload":{"status":"ok","response":{}},"topic":"realtime:global-presence"}
📨 Received: {"ref":null,"event":"presence_diff","payload":{"joins":{"527a568c-f0c7-11f0-92cb-ee9e47993347":{"metas":[{"phx_ref":"GIpn1BJafGM6Avii","phx_ref_prev":"GIpn06NuFJA6AoqB","is_premium":true,"last_seen":"2026-01-13T21:32:44.077Z","room_id":"3C4X","started_at":"2026-01-13T21:32:44.078Z","status":"online","user_id":"656daa91-33b4-4688-9135-c982ea52d7c9","username":"ursinho","watching_id":"tt0245429","watching_title":"Spirited Away","watching_type":"movie"}]}},"leaves":{"527a568c-f0c7-11f0-92cb-ee9e47993347":{"metas":[{"phx_ref":"GIpn06NuFJA6AoqB","phx_ref_prev":"GIpnzm_X3IU6Aoih","is_premium":true,"last_seen":"2026-01-13T21:32:42.212Z","room_id":"3C4X","started_at":"2026-01-13T21:32:19.871Z","status":"In Lobby: Spirited Away","user_id":"656daa91-33b4-4688-9135-c982ea52d7c9","username":"ursinho","watching_id":"tt0245429","watching_title":"Spirited Away","watching_type":"movie"}]}}},"topic":"realtime:global-presence"}
📡 SocialService: Updated status - online: Spirited Away
⏰ AppState: Next schedule update set for Event End: 2026-01-13 23:25:25 +0000
⏰ AppState: Scheduling update in 6761 seconds
✅ Download complete: 27086 bytes
📦 Detected ZIP archive, extracting...
🔍 Calculating compatibility scores for 1 files...
✅ Selected best match by compatibility score (20): Spirited.Away.2001.1080p.BluRay.srt
📦 Extracting specific file: Spirited.Away.2001.1080p.BluRay.srt
✅ Extraction successful
✅ Subtitle downloaded and converted to VTT
[ INFO ] GET /subtitles/subdl/L3N1YnRpdGxlLzE5NjcwMDYtMjQ1MDMyMi56aXA= [request-id: 094F3064-C329-4111-A668-80E52EB262F4]
2026-01-13 16:32:44.746 RedLemon[9193:92649] 📨 Realtime: Received broadcast message
2026-01-13 16:32:44.746 RedLemon[9193:92649]    Payload keys: senderId, position, isPlaying, timestamp, type
2026-01-13 16:32:44.746 RedLemon[9193:92649] ✅ Realtime: Decoded message type: playbackState, sender: 3C4X
2026-01-13 16:32:44.746 RedLemon[9193:92649] 📞 Realtime: Invoking syncCallback for message type: playbackState
2026-01-13 16:32:44.746 RedLemon[9193:92649] ✅ Realtime: syncCallback invoked successfully
2026-01-13 16:32:45.363 RedLemon[9193:92718] 📝 [PLAYER] File Loaded ["duration": "7472.288"]
📄 Subtitle request: L3N1YnRpdGxlLzE5Njcw... (offset: 0ms)
📥 Downloading subtitle from SubDL CDN: /subtitle/1967006-2450322.zip
📨 Received: {"ref":null,"event":"broadcast","payload":{"event":"sync","payload":{"isPlaying":true,"position":0,"senderId":"3C4X","timestamp":3.67,"type":"playbackState"},"type":"broadcast"},"topic":"realtime:watch-party:3C4X"}
✅ Download complete: 27839 bytes
📦 Detected ZIP archive, extracting...
🔍 Calculating compatibility scores for 1 files...
✅ Selected best match by compatibility score (20): Spirited.Away.2001.1080p.BluRay.x264.anoXmous.eng jap soundtrack-English.srt
📦 Extracting specific file: Spirited.Away.2001.1080p.BluRay.x264.anoXmous.eng jap soundtrack-English.srt
✅ Extraction successful
✅ Subtitle downloaded and converted to VTT
[ INFO ] GET /subtitles/subdl/L3N1YnRpdGxlLzE5NjcwMDUtMjQ1MDMyNi56aXA= [request-id: EFAB3FAC-4447-4DF3-8CCF-3EE711EC5F47]
2026-01-13 16:32:45.709 RedLemon[9193:92719] 📤 Realtime: Sending message type: ready, sender: 656DAA91-33B4-4688-9135-C982EA52D7C9
2026-01-13 16:32:45.710 RedLemon[9193:92719]    Payload keys: isPlaying, senderId, type, position, timestamp
2026-01-13 16:32:45.714 RedLemon[9193:92720] ✅ Realtime: Message broadcast complete
2026-01-13 16:32:45.830 RedLemon[9193:92719] 📨 Realtime: Received broadcast message
2026-01-13 16:32:45.831 RedLemon[9193:92719]    Payload keys: position, timestamp, isPlaying, type, senderId
2026-01-13 16:32:45.831 RedLemon[9193:92719] ✅ Realtime: Decoded message type: ready, sender: 656DAA91-33B4-4688-9135-C982EA52D7C9
2026-01-13 16:32:45.832 RedLemon[9193:92719] 📞 Realtime: Invoking syncCallback for message type: ready
2026-01-13 16:32:45.832 RedLemon[9193:92719] ✅ Realtime: syncCallback invoked successfully
2026-01-13 16:32:46.712 RedLemon[9193:92718] 📨 Realtime: Received broadcast message
2026-01-13 16:32:46.712 RedLemon[9193:92718]    Payload keys: type, senderId, isPlaying, position, timestamp
2026-01-13 16:32:46.713 RedLemon[9193:92718] ✅ Realtime: Decoded message type: playbackState, sender: 3C4X
2026-01-13 16:32:46.713 RedLemon[9193:92718] 📞 Realtime: Invoking syncCallback for message type: playbackState
2026-01-13 16:32:46.713 RedLemon[9193:92718] ✅ Realtime: syncCallback invoked successfully
2026-01-13 16:32:47.040 RedLemon[9193:92495] 📨 Lobby: Received Room UPDATE from Realtime
2026-01-13 16:32:47.040 RedLemon[9193:92495] 📨 Lobby: Received Room UPDATE from Realtime
2026-01-13 16:32:47.041 RedLemon[9193:92495] 📨 Lobby: Received Room UPDATE from Realtime
2026-01-13 16:32:47.041 RedLemon[9193:92495] 📨 Lobby: Received Room UPDATE from Realtime
2026-01-13 16:32:47.083 RedLemon[9193:92720] 📨 Realtime: Received broadcast message
2026-01-13 16:32:47.083 RedLemon[9193:92720]    Payload keys: isPlaying, senderId, timestamp, position, type
2026-01-13 16:32:47.084 RedLemon[9193:92720] ✅ Realtime: Decoded message type: play, sender: 96E01CDB-36C0-4228-A6E4-A29A3C66BC8E
2026-01-13 16:32:47.084 RedLemon[9193:92720] 📞 Realtime: Invoking syncCallback for message type: play
2026-01-13 16:32:47.084 RedLemon[9193:92720] ✅ Realtime: syncCallback invoked successfully
2026-01-13 16:32:47.143 RedLemon[9193:92649] 📝 [PLAYER] Playback State Changed ["state": "Playing"]
2026-01-13 16:32:48.666 RedLemon[9193:92893] 📨 Realtime: Received broadcast message
2026-01-13 16:32:48.666 RedLemon[9193:92893]    Payload keys: senderId, position, isPlaying, timestamp, type
2026-01-13 16:32:48.667 RedLemon[9193:92893] ✅ Realtime: Decoded message type: playbackState, sender: 3C4X
2026-01-13 16:32:48.667 RedLemon[9193:92893] 📞 Realtime: Invoking syncCallback for message type: playbackState
2026-01-13 16:32:48.667 RedLemon[9193:92893] ✅ Realtime: syncCallback invoked successfully
📄 Subtitle request: L3N1YnRpdGxlLzE5Njcw... (offset: 0ms)
📥 Downloading subtitle from SubDL CDN: /subtitle/1967005-2450326.zip
📨 Received: {"ref":null,"event":"broadcast","payload":{"event":"sync","payload":{"isPlaying":false,"position":0,"senderId":"656DAA91-33B4-4688-9135-C982EA52D7C9","timestamp":1768339965.365447,"type":"ready"},"type":"broadcast"},"topic":"realtime:watch-party:3C4X"}
✅ Download complete: 27839 bytes
📦 Detected ZIP archive, extracting...
🔍 Calculating compatibility scores for 1 files...
✅ Selected best match by compatibility score (20): Spirited.Away.2001.1080p.BluRay.x264.anoXmous.eng jap soundtrack-English.srt
📦 Extracting specific file: Spirited.Away.2001.1080p.BluRay.x264.anoXmous.eng jap soundtrack-English.srt
✅ Extraction successful
✅ Subtitle downloaded and converted to VTT
📨 Received: {"ref":null,"event":"broadcast","payload":{"event":"sync","payload":{"isPlaying":true,"position":0,"senderId":"3C4X","timestamp":5.7139999999999995,"type":"playbackState"},"type":"broadcast"},"topic":"realtime:watch-party:3C4X"}
📨 Received: {"ref":null,"event":"postgres_changes","payload":{"data":{"table":"rooms","type":"UPDATE","record":{"id": "3C4X", "name": "Spirited Away", "season": null, "episode": null, "imdb_id": "tt0245429", "playlist": [{"id": "3B63ED15-56B1-4A6C-BCB5-37BA8B388CD8", "mediaItem": {"id": "tt0245429", "name": "Spirited Away", "type": "movie", "poster": "https://m.media-amazon.com/images/M/MV5BNTEyNmEwOWUtYzkyOC00ZTQ4LTllZmUtMjk0Y2YwOGUzYjRiXkEyXkFqcGc@._V1_SX250.jpg"}}], "is_public": true, "created_at": "2026-01-13T21:32:14.669391", "is_playing": true, "poster_url": "https://m.media-amazon.com/images/M/MV5BNTEyNmEwOWUtYzkyOC00ZTQ4LTllZmUtMjk0Y2YwOGUzYjRiXkEyXkFqcGc@._V1_SX250.jpg", "description": null, "stream_hash": "bb0de557069aa24337476989bab74715890dbd3c", "backdrop_url": null, "host_user_id": "96e01cdb-36c0-4228-a6e4-a29a3c66bc8e", "subtitle_url": null, "host_username": "lemontom", "last_activity": "2026-01-13T21:32:46", "max_participants": 50, "selected_quality": "1080p", "playback_position": 5, "selected_file_idx": null, "participants_count": 2, "unlocked_stream_url": "https://chi8-4.download.real-debrid.com/d/3UQJ52SIYQTNG40/Spirited.Away.2001.1080p.BluRay.x264.DTS-ES-FGT.mkv", "current_playlist_index": 0},"columns":[{"name": "id", "type": "text"}, {"name": "name", "type": "text"}, {"name": "host_user_id", "type": "uuid"}, {"name": "host_username", "type": "text"}, {"name": "stream_hash", "type": "text"}, {"name": "imdb_id", "type": "text"}, {"name": "poster_url", "type": "text"}, {"name": "backdrop_url", "type": "text"}, {"name": "playback_position", "type": "int4"}, {"name": "is_playing", "type": "bool"}, {"name": "participants_count", "type": "int4"}, {"name": "max_participants", "type": "int4"}, {"name": "is_public", "type": "bool"}, {"name": "created_at", "type": "timestamp"}, {"name": "last_activity", "type": "timestamp"}, {"name": "season", "type": "int4"}, {"name": "episode", "type": "int4"}, {"name": "selected_quality", "type": "text"}, {"name": "selected_file_idx", "type": "int4"}, {"name": "unlocked_stream_url", "type": "text"}, {"name": "description", "type": "text"}, {"name": "current_playlist_index", "type": "int4"}, {"name": "playlist", "type": "jsonb"}, {"name": "subtitle_url", "type": "text"}],"errors":null,"schema":"public","commit_timestamp":"2026-01-13T21:32:46.924Z","old_record":{"id": "3C4X"}},"ids":[2271466]},"topic":"realtime:watch-party:3C4X"}
📨 Received: {"ref":null,"event":"postgres_changes","payload":{"data":{"table":"rooms","type":"UPDATE","record":{"id": "3C4X", "name": "Spirited Away", "season": null, "episode": null, "imdb_id": "tt0245429", "playlist": [{"id": "3B63ED15-56B1-4A6C-BCB5-37BA8B388CD8", "mediaItem": {"id": "tt0245429", "name": "Spirited Away", "type": "movie", "poster": "https://m.media-amazon.com/images/M/MV5BNTEyNmEwOWUtYzkyOC00ZTQ4LTllZmUtMjk0Y2YwOGUzYjRiXkEyXkFqcGc@._V1_SX250.jpg"}}], "is_public": true, "created_at": "2026-01-13T21:32:14.669391", "is_playing": true, "poster_url": "https://m.media-amazon.com/images/M/MV5BNTEyNmEwOWUtYzkyOC00ZTQ4LTllZmUtMjk0Y2YwOGUzYjRiXkEyXkFqcGc@._V1_SX250.jpg", "description": null, "stream_hash": "bb0de557069aa24337476989bab74715890dbd3c", "backdrop_url": null, "host_user_id": "96e01cdb-36c0-4228-a6e4-a29a3c66bc8e", "subtitle_url": null, "host_username": "lemontom", "last_activity": "2026-01-13T21:32:46.919864", "max_participants": 50, "selected_quality": "1080p", "playback_position": 5, "selected_file_idx": null, "participants_count": 2, "unlocked_stream_url": "https://chi8-4.download.real-debrid.com/d/3UQJ52SIYQTNG40/Spirited.Away.2001.1080p.BluRay.x264.DTS-ES-FGT.mkv", "current_playlist_index": 0},"columns":[{"name": "id", "type": "text"}, {"name": "name", "type": "text"}, {"name": "host_user_id", "type": "uuid"}, {"name": "host_username", "type": "text"}, {"name": "stream_hash", "type": "text"}, {"name": "imdb_id", "type": "text"}, {"name": "poster_url", "type": "text"}, {"name": "backdrop_url", "type": "text"}, {"name": "playback_position", "type": "int4"}, {"name": "is_playing", "type": "bool"}, {"name": "participants_count", "type": "int4"}, {"name": "max_participants", "type": "int4"}, {"name": "is_public", "type": "bool"}, {"name": "created_at", "type": "timestamp"}, {"name": "last_activity", "type": "timestamp"}, {"name": "season", "type": "int4"}, {"name": "episode", "type": "int4"}, {"name": "selected_quality", "type": "text"}, {"name": "selected_file_idx", "type": "int4"}, {"name": "unlocked_stream_url", "type": "text"}, {"name": "description", "type": "text"}, {"name": "current_playlist_index", "type": "int4"}, {"name": "playlist", "type": "jsonb"}, {"name": "subtitle_url", "type": "text"}],"errors":null,"schema":"public","commit_timestamp":"2026-01-13T21:32:46.930Z","old_record":{"id": "3C4X"}},"ids":[2271466]},"topic":"realtime:watch-party:3C4X"}
🔄 Lobby: Fetching fresh room state from Supabase...
🔄 Lobby: Fetching fresh room state from Supabase...
🔄 Lobby: Fetching fresh room state from Supabase...
🔄 Lobby: Fetching fresh room state from Supabase...
📨 Received: {"ref":null,"event":"broadcast","payload":{"event":"sync","payload":{"isPlaying":true,"position":6.005999999999999,"senderId":"96E01CDB-36C0-4228-A6E4-A29A3C66BC8E","timestamp":1768339966.9120688,"type":"play"},"type":"broadcast"},"topic":"realtime:watch-party:3C4X"}
✅ Lobby: Synced CLEAN stream info, metadata & playlist to AppState
✅ Lobby: Synced CLEAN stream info, metadata & playlist to AppState
✅ Lobby: Synced CLEAN stream info, metadata & playlist to AppState
✅ Lobby: Synced CLEAN stream info, metadata & playlist to AppState
📨 Received: {"ref":null,"event":"broadcast","payload":{"event":"sync","payload":{"isPlaying":true,"position":0,"senderId":"3C4X","timestamp":7.4239999999999995,"type":"playbackState"},"type":"broadcast"},"topic":"realtime:watch-party:3C4X"}
