2026-01-27 22:06:20.577 RedLemon[27213:512926] 🪟 Set initial window to expanded size: (0.0, 121.0, 1280.0, 654.0)
2026-01-27 22:06:20.577 RedLemon[27213:512926] ✅ Cache cleanup timer started (runs every 30 minutes)
2026-01-27 22:06:20.648 RedLemon[27213:512926] 🔄 Resetting playback state to prevent auto-selection...
2026-01-27 22:06:20.649 RedLemon[27213:512926] ⚠️ PlayerVM: currentWatchPartyRoom set to NIL. Stack Trace unavailable, but check recent logs.
2026-01-27 22:06:20.689 RedLemon[27213:512926] ✅ Playback state reset complete - starting in browse view
2026-01-27 22:06:20.689 RedLemon[27213:512926] 🔐 APP STARTUP: Loading stored user credentials...
2026-01-27 22:06:20.689 RedLemon[27213:512926] 🧪 Testing Profile: debug
2026-01-27 22:06:20.690 RedLemon[27213:512931] 📂 Loaded 5 credential(s) from cache
2026-01-27 22:06:20.716 RedLemon[27213:512926] ✅ Keychain: Found stored username: lemontom
2026-01-27 22:06:20.717 RedLemon[27213:512926] 🔍 Supabase: Looking up user 'lemontom' in database...
2026-01-27 22:06:20.717 RedLemon[27213:512930] 🔍 SupabaseClient: Looking up user by username 'lemontom'
2026-01-27 22:06:21.050 RedLemon[27213:512949] 📡 SupabaseClient: User lookup response received (427 bytes)
2026-01-27 22:06:21.056 RedLemon[27213:512949] ✅ SupabaseClient: Decoded 1 users from response
2026-01-27 22:06:21.056 RedLemon[27213:512949] 👤 SupabaseClient: Found user - lemontom (ID: 96E01CDB-36C0-4228-A6E4-A29A3C66BC8E)
2026-01-27 22:06:21.103 RedLemon[27213:512926] ✅ AUTH SUCCESS: User authenticated - lemontom (ID: 96E01CDB-36C0-4228-A6E4-A29A3C66BC8E)
2026-01-27 22:06:21.103 RedLemon[27213:512926] 🎯 AppState: currentUsername=lemontom, currentUserId=96E01CDB-36C0-4228-A6E4-A29A3C66BC8E
2026-01-27 22:06:21.106 RedLemon[27213:512926] 🛡️ AdminRealtimeService: Starting authenticated listeners...
2026-01-27 22:06:21.108 RedLemon[27213:512926] ✅ AdminRealtimeService: Subscribed to reported_streams, feedback_reports, and broadcast alerts via shared client
2026-01-27 22:06:21.388 RedLemon[27213:512926] 📊 AdminRealtimeService: Initial sync complete. Reports: 0, Feedback: 0
2026-01-27 22:06:22.142 RedLemon[27213:512926] 🏁 AUTH COMPLETE: Final state - username=lemontom, userId=96E01CDB-36C0-4228-A6E4-A29A3C66BC8E
2026-01-27 22:06:22.145 RedLemon[27213:512949] 🔐 Signed request to /rpc/fetch_user_library
2026-01-27 22:06:22.145 RedLemon[27213:512930] 🔐 Signed request to /rpc/fetch_user_library
2026-01-27 22:06:22.289 RedLemon[27213:512953] 🔐 Signed request to /rpc/fetch_user_watch_history
2026-01-27 22:06:22.587 RedLemon[27213:512926] 🚀 RedLemon: Starting HTTP server...
2026-01-27 22:06:22.588 RedLemon[27213:512926] 📋 RedLemon: Current directory: /Users/danielnoble/Desktop/RedLemon-Native
2026-01-27 22:06:22.599 RedLemon[27213:512926] ✅ RedLemon: HTTPServer instance created
2026-01-27 22:06:22.599 RedLemon[27213:512953] 📡 RedLemon: Server starting on port 47253...
2026-01-27 22:06:22.599 RedLemon[27213:512926] ✅ RedLemon: Server marked as ready (Optimistic)
⏲️ [EventsConfig] Starting polling fallback (every 60s)
🔌 Connecting to Supabase Realtime: wss://151.243.109.243.nip.io/realtime/v1/websocket
✅ Connected to Supabase Realtime
📡 Sparkle requesting feed URL: https://151.243.109.243.nip.io/updates/appcast.xml
✅ Sparkle configured (seamless mode)
   Appcast URL: https://151.243.109.243.nip.io/updates/appcast.xml
   Can check: true
📅 EventsView appeared
🎬 [EventsView] Fetching movie events from centralized config...
📡 [EventsConfig] Checking server for movie_events config version...
🔍 Memory pressure monitoring enabled (safe mode)
🔍 Silent update check (custom implementation)...
🖥️ CacheManager initialized with fixed conservative limits
   Image cache limit: 1000 items
📡 Joined channel: realtime:events_config_updates (interest count: 1)
✅ [EventsConfig] Subscribed to realtime schedule updates
📡 Joined channel: realtime:reported_streams (interest count: 1)
📡 Joined channel: realtime:feedback_reports (interest count: 1)
📡 Joined channel: realtime:admin:alerts (interest count: 1)
❌ Realtime System Error (realtime:reported_streams): Unable to subscribe to changes with given parameters. Please check Realtime is enabled for the given connect parameters: [schema: public, table: reported_streams, filters: []]
❌ Realtime System Error (realtime:feedback_reports): Unable to subscribe to changes with given parameters. Please check Realtime is enabled for the given connect parameters: [schema: public, table: feedback_reports, filters: []]
📡 Sparkle requesting feed URL: https://151.243.109.243.nip.io/updates/appcast.xml
✅ [EventsConfig] Fetched movie_events version 1586 with 397 movies
✅ [EventsConfig] Using cached movie_events config (version 1586, 397 movies)
✅ [EventsView] Loaded 397 movies from config version 1586
🗓 AppState: Updated schedule epoch to 2026-01-23 22:49:34 +0000
⏰ AppState: Next schedule update set for Event End: 2026-01-28 03:58:34 +0000
⏰ AppState: Scheduling update in 3133 seconds
🖼️ [CACHE] Cached image data for key: https://images.metahub.space/background/medium/tt3235888/img (731836 bytes)
⏰ AppState: Next schedule update set for Event End: 2026-01-28 03:58:34 +0000
⏰ AppState: Scheduling update in 3133 seconds
⏰ AppState: Next schedule update set for Event End: 2026-01-28 03:58:34 +0000
⏰ AppState: Scheduling update in 3133 seconds
🖼️ [CACHE] Cached image data for key: https://images.metahub.space/background/medium/tt4154796/img (1018934 bytes)
🔌 SocialService: Connecting to global presence via shared client...
📡 Joined channel: realtime:global-presence (interest count: 1)
✅ SocialService: Connected to global presence
🔌 SocialService: Connecting to social realtime channels via shared client...
📡 Joined channel: realtime:direct_messages (interest count: 1)
📡 Joined channel: realtime:friendships (interest count: 1)
✅ SocialService: Connected to social channels
📈 SocialService: User 4aef4e1b-ba8e-4d31-8736-bca3b94f402b came online
📈 SocialService: User 96e01cdb-36c0-4228-a6e4-a29a3c66bc8e came online
📬 SocialService: Fetched 0 unread messages
✅ Token routes registered:
   POST /tokens/save
   POST /tokens/delete
   GET  /tokens/list
✅ Unlock routes registered:
   POST /api/streams/unlock
✅ Stream routes registered:
   POST /api/streams/resolve
   GET  /api/streams/resolveByQuality
   GET  /api/streams/resolveAll
✅ Proxy routes registered:
   GET /play/rd/:infoHash/:fileIdx
   GET /play/rd/:infoHash
✅ Subtitle routes registered:
   GET /subtitles/search?imdbId=&type=
   GET /subtitles/subdl/:encodedPath
✅ All routes registered
✅ HTTP Server configured on http://127.0.0.1:47253
🚀 Starting HTTP server...
✅ Providers initialized: torrentio, comet, zilean, mediafusion, debridsearch
[ NOTICE ] Server started on http://127.0.0.1:47253
2026-01-27 22:06:22.631 RedLemon[27213:512926] ✅ RedLemon: Server should be running on http://127.0.0.1:47253
2026-01-27 22:06:22.631 RedLemon[27213:512926] 🏥 [AppState] Starting global provider health check...
2026-01-27 22:06:22.631 RedLemon[27213:512926] 🔍 Performing startup checks...
2026-01-27 22:06:22.631 RedLemon[27213:512926] ✅ Username-based authentication ready
2026-01-27 22:06:22.632 RedLemon[27213:512953] 🔐 Signed request to /check-payment
2026-01-27 22:06:23.163 RedLemon[27213:512932] 🎬 Torrentio: Building URL for movie (no season/episode)
2026-01-27 22:06:23.163 RedLemon[27213:512932] 🔗 Torrentio URL (length: 55): https://torrentio.strem.fun/stream/movie/tt0133093.json...
2026-01-27 22:06:24.474 RedLemon[27213:512926] ✅ [AppState] Provider health check complete (found 7 services)
2026-01-27 22:06:24.859 RedLemon[27213:512926] 🔄 Checking for app updates...
2026-01-27 22:06:24.860 RedLemon[27213:512931] 🔐 Signed request to /rpc/get_server_time
2026-01-27 22:06:27.150 RedLemon[27213:512953] 🔐 Signed request to /rpc/user_heartbeat
✅ HTTP server running on http://127.0.0.1:47253

🔗 Available endpoints:
   http://127.0.0.1:47253/health
   http://127.0.0.1:47253/status
   http://127.0.0.1:47253/api/health

💰 LicenseManager: Starting hybrid license check...
✅ SubDLClient initialized
👤 LicenseManager: Profile expiry: Optional(2026-04-18 17:23:32 +0000)
🎉 License updated! Expires: 2026-04-18 17:23:32 +0000
🔍 Silent update check (custom implementation)...
⏰ TimeService: Synchronizing clock with server...
✅ TimeService: Synced! Offset: 0.078s (RTT: 202ms)
   Local:  2026-01-28 03:06:25 +0000
   Server: 2026-01-28 03:06:25 +0000
⏰ Time synced with server! AppState should automatically recalculate.
📋 Fetching rooms from Supabase backend (offset: 0, limit: 20, search: '')...
🔌 RoomListView: Setting up realtime subscription for rooms...
📋 Fetching rooms from Supabase backend (offset: 0, limit: 20, search: '')...
📡 Joined channel: realtime:rooms_updates (interest count: 1)
✅ RoomListView: Connected to rooms realtime updates
[ INFO ] GET /api/metadata/meta/series/tt33517752 [request-id: EAA288DD-E441-49A3-ABBC-58AEFBC5EC46]
[ INFO ] GET /api/metadata/meta/series/tt33517752 [request-id: DD3E3205-B0CF-4777-8891-E7BAC5FA0657]
2026-01-27 22:06:27.779 RedLemon[27213:512930] 📦 Decoded CinemetaMeta - videos count: 11
2026-01-27 22:06:27.781 RedLemon[27213:512953] 📦 Decoded CinemetaMeta - videos count: 11
2026-01-27 22:06:28.373 RedLemon[27213:512926] 🚪 Joining room: U9P3
2026-01-27 22:06:29.635 RedLemon[27213:512926] 🚪 Room is in lobby
2026-01-27 22:06:29.635 RedLemon[27213:512926] ✅ PlayerVM: currentWatchPartyRoom set to U9P3
2026-01-27 22:06:29.636 RedLemon[27213:512926] ✨ [AppState] Registered new active lobby: U9P3
2026-01-27 22:06:29.749 RedLemon[27213:512926] 🔑 Lobby: Updated participantId to actual user ID: 96e01cdb-36c0-4228-a6e4-a29a3c66bc8e
2026-01-27 22:06:29.749 RedLemon[27213:512926] [LOBBY_VIEW] onAppear: shouldAutoJoinLobby=false, room=U9P3, timeUntilStart=0
💾 Cache SET: Metadata[meta_series_tt33517752]
📺 Found episode title for The Beauty S1E1: Beautiful Pilot
✅ Loaded 1 rooms (total: 1)
💾 Cache SET: Metadata[meta_series_tt33517752]
🖼️ [CACHE] Cached image data for key: https://images.metahub.space/background/medium/tt33517752/img (103733 bytes)
📺 Found episode title for The Beauty S1E1: Beautiful Pilot
✅ Loaded 1 rooms (total: 1)
🚪 Joining room: U9P3
📡 [EventsConfig] Checking server for movie_events config version...
✅ [EventsConfig] Fetched movie_events version 1586 with 397 movies
✅ [EventsConfig] Using cached movie_events config (version 1586, 397 movies)
🎭 Lobby: Connecting to room U9P3...
🚦 Lobby State: connecting
✅ Cache HIT: Metadata[meta_series_tt33517752]
🔄 Lobby: Fetching fresh room state from Supabase...
[ INFO ] GET /api/metadata/meta/series/tt33517752 [request-id: FA9708D7-475C-4508-B189-32A831891710]
2026-01-27 22:06:29.835 RedLemon[27213:512949] 🔐 Signed request to /room_participants
2026-01-27 22:06:29.998 RedLemon[27213:512926] ✅ Guest joined room U9P3 in database
2026-01-27 22:06:30.149 RedLemon[27213:512931] 📝 Realtime: Registered observer 'lobby' (Presence: YES, Sync: NO, Status: NO)
2026-01-27 22:06:30.177 RedLemon[27213:512953] 📝 Realtime: Registered observer 'lobby' (Presence: NO, Sync: YES, Status: NO)
2026-01-27 22:06:30.186 RedLemon[27213:512931] 📤 Realtime: Sending message type: chat, sender: 96e01cdb-36c0-4228-a6e4-a29a3c66bc8e
2026-01-27 22:06:30.188 RedLemon[27213:512931]    Payload keys: senderId, type, chatText, chatUsername, timestamp, position
2026-01-27 22:06:30.189 RedLemon[27213:512953] ✅ Realtime: Message broadcast complete
2026-01-27 22:06:30.233 RedLemon[27213:512953] 🔐 SupabaseClient: Signing Identity Payload: '176956959096e01cdb-36c0-4228-a6e4-a29a3c66bc8e/rpc/room_heartbeat'
2026-01-27 22:06:30.233 RedLemon[27213:512953] 🔐 Signed request to /rpc/room_heartbeat
2026-01-27 22:06:30.303 RedLemon[27213:512931] 📨 Realtime: Received broadcast message
2026-01-27 22:06:30.303 RedLemon[27213:512931]    Payload keys: chatUsername, position, type, chatText, timestamp, senderId
2026-01-27 22:06:30.304 RedLemon[27213:512931] ✅ Realtime: Decoded message type: chat, sender: 96e01cdb-36c0-4228-a6e4-a29a3c66bc8e
2026-01-27 22:06:30.304 RedLemon[27213:512926] 👋 Received: Guest 'lemontom' joined room U9P3
2026-01-27 22:06:30.405 RedLemon[27213:512926] 📨 Lobby: Received Room UPDATE from Realtime
2026-01-27 22:06:30.610 RedLemon[27213:512926] 👋 lemontom synced from database
2026-01-27 22:06:32.730 RedLemon[27213:512930] 📨 Realtime: Received broadcast message
2026-01-27 22:06:32.730 RedLemon[27213:512930]    Payload keys: type, senderId, chatText, position, chatUsername, timestamp
2026-01-27 22:06:32.731 RedLemon[27213:512930] ✅ Realtime: Decoded message type: chat, sender: 4aef4e1b-ba8e-4d31-8736-bca3b94f402b
2026-01-27 22:06:32.731 RedLemon[27213:512926] 🎬 Guest: Received RESOLVING signal
2026-01-27 22:06:41.594 RedLemon[27213:512926] 📨 Lobby: Received Room UPDATE from Realtime
2026-01-27 22:06:41.595 RedLemon[27213:512926] 📨 Lobby: Received Room UPDATE from Realtime
2026-01-27 22:06:41.759 RedLemon[27213:512953] 📨 Realtime: Received broadcast message
2026-01-27 22:06:41.759 RedLemon[27213:512953]    Payload keys: position, type, chatText, timestamp, senderId, chatUsername
2026-01-27 22:06:41.759 RedLemon[27213:512953] ✅ Realtime: Decoded message type: chat, sender: 4aef4e1b-ba8e-4d31-8736-bca3b94f402b
2026-01-27 22:06:41.759 RedLemon[27213:512926] 🎬 Guest: Received PREPARE signal: LOBBY_PREPARE_PLAYBACK||0
2026-01-27 22:06:41.760 RedLemon[27213:512926] ✅ Guest: Extracted Hash from Payload: nil
2026-01-27 22:06:41.926 RedLemon[27213:512926] ⚠️ Guest: No stream hash available. Guests cannot use host's URL (IP-locked). Will attempt fresh resolution.
2026-01-27 22:06:42.028 RedLemon[27213:513139] ✅ StreamService: Using provided metadata: The Beauty
2026-01-27 22:06:42.028 RedLemon[27213:513139] ⚡️ StreamService: Resolving streams via StreamResolver (Bypassing HTTP)...
2026-01-27 22:06:42.029 RedLemon[27213:512953] 📝 [APP] 🎬 StreamService: Starting resolution for: The Beauty ["file": "StreamService.swift", "level": "INFO", "line": "199"]
2026-01-27 22:06:42.029 RedLemon[27213:512953] 📝 [APP] SessionRecorder initialized
2026-01-27 22:06:42.029 RedLemon[27213:512953] 📝 [APP] New Session Started ["app_version": "1.0.163", "build": "163", "session_id": "403688AF-89D0-4605-B767-CE97DE5B2E27", "trigger_source": "preload", "user_id": "96E01CDB-36C0-4228-A6E4-A29A3C66BC8E"]
2026-01-27 22:06:42.029 RedLemon[27213:512953] 📝 [APP] Target Content Set ["imdb_id": "tt33517752"]
2026-01-27 22:06:42.030 RedLemon[27213:512953] 📝 [RESOLVER] Started Resolution ["episode": "1", "season": "1", "type": "series"]
2026-01-27 22:06:42.173 RedLemon[27213:512953]    📅 Filtering by year: 2025–
2026-01-27 22:06:42.366 RedLemon[27213:512953] 📦 StreamResolver: Fetching streams from ProviderManager...
2026-01-27 22:06:42.366 RedLemon[27213:512953] 🔍 ProviderManager: Fetching streams for tt33517752...
2026-01-27 22:06:42.367 RedLemon[27213:512953] 🔍 Zilean: Searching via IMDB ID: tt33517752
2026-01-27 22:06:42.368 RedLemon[27213:513140] 📺 DebridSearch: Building URL for S01E01
2026-01-27 22:06:42.368 RedLemon[27213:513140] 🔗 DebridSearch URL: https://68d69db7dc40-debrid-search.baby-beamup.club/%7B%22DebridProvider%22%3A%22RealDebrid%22,%22DebridApiKey%22%3A%22***%22%7D/stream/series/tt33517752:1:1.json
2026-01-27 22:06:42.368 RedLemon[27213:512930] ✨ Torrentio: Using Auto-Generated Config (RealDebrid)
2026-01-27 22:06:42.368 RedLemon[27213:513140] 🔍 DebridSearch: Fetching https://68d69db7dc40-debrid-search.baby-beamup.club/%7B%22DebridProvider%22%3A%22RealDebrid%22,%22DebridApiKey%22%3A%22K67JV2V4FTUA7RYN6T34BFIUBRUZERBO45A6UL3O7TE5ZHFDQQSA%22%7D/stream/series/tt33517752:1:1.json
2026-01-27 22:06:42.368 RedLemon[27213:512930] 📺 Torrentio: Building URL for S01E01
2026-01-27 22:06:42.369 RedLemon[27213:512930] 🔗 Torrentio URL (length: 125): https://torrentio.strem.fun/realdebrid=K67JV2V4FTUA7RYN6T34BFIUBRUZERBO45A6UL3O7TE5ZHFDQQSA/stream/series/tt33517752:1:1.json...
2026-01-27 22:06:42.369 RedLemon[27213:512930] 🔍 Torrentio: Fetching https://torrentio.strem.fun/realdebrid=K67JV2V4FTUA7RYN6T34BFIUBRUZERBO45A6UL3O7TE5ZHFDQQSA/stream/series/tt33517752:1:1.json
2026-01-27 22:06:42.375 RedLemon[27213:513140] 📡 Torrentio: HTTP 200, received 30840 bytes
2026-01-27 22:06:42.395 RedLemon[27213:513140] ✅ Torrentio: Parsed 60 streams from 60 raw
2026-01-27 22:06:42.776 RedLemon[27213:512929] ✅ Zilean: Got 0 results
2026-01-27 22:06:47.389 RedLemon[27213:512929] ✅ DebridSearch: Parsed 25 streams
2026-01-27 22:06:47.390 RedLemon[27213:513141] ✅ ProviderManager: Fetched 85 raw, returning 85 unique streams
2026-01-27 22:06:47.390 RedLemon[27213:513141] 📦 StreamResolver: Received 85 raw streams, bucketing...
2026-01-27 22:06:47.390 RedLemon[27213:513141] 📝 [RESOLVER] Providers Fetched ["debridsearch": "25", "torrentio": "60"]
2026-01-27 22:06:48.736 RedLemon[27213:513141] 📝 [RESOLVER] Resolution Complete ["1080p": "1", "2160p": "1", "720p": "1", "selected_provider": "debridsearch", "selected_title": "The Beauty S01E01 Beautiful Pilot 1080p DSNP WEB-DL DDP5 1 H 264-FLUX[EZTVx.to].mkv
/The Beauty S01E01 Beautiful Pilot 1080p DSNP WEB-DL DDP5 1 H 264-FLUX[EZTVx.to].mkv
💾 1.64 GB"]
2026-01-27 22:06:48.737 RedLemon[27213:512932] 📝 [APP] 📦 StreamService: Found 29 total streams to try (across all qualities) ["file": "StreamService.swift", "level": "INFO", "line": "406"]
2026-01-27 22:06:49.842 RedLemon[27213:513141] 📥 StreamService: Pre-downloading 1 (capped from 1) subtitles for direct stream...
2026-01-27 22:06:49.842 RedLemon[27213:513141] 🐛 StreamService: downloadSubtitlesInParallel called. Season: Optional(1), Episode: Optional(1), Count: 1
2026-01-27 22:06:49.842 RedLemon[27213:512932] 🔍 DEBUG: Processing subtitle URL: /subtitle/3544880-8466988.zip
2026-01-27 22:06:49.842 RedLemon[27213:512932] ✅ DEBUG: Raw SubDL URL detected, converting to proxy URL
2026-01-27 22:06:49.844 RedLemon[27213:512926] ✅ Guest: Stream preloaded with URL: https://chi7-4.download.real-debrid.com/d/IYRQIVTBT5FLU43/The%20Beauty%20S01E01%
2026-01-27 22:06:49.844 RedLemon[27213:512926] ✅ Guest: Stream preloaded. Sending READY signal.
2026-01-27 22:06:49.844 RedLemon[27213:513141] 📤 Realtime: Sending message type: chat, sender: 96e01cdb-36c0-4228-a6e4-a29a3c66bc8e
2026-01-27 22:06:49.845 RedLemon[27213:513141]    Payload keys: type, chatUsername, senderId, timestamp, chatText, position
2026-01-27 22:06:49.845 RedLemon[27213:512932] ✅ Realtime: Message broadcast complete
2026-01-27 22:06:49.966 RedLemon[27213:513141] 📨 Realtime: Received broadcast message
2026-01-27 22:06:49.966 RedLemon[27213:513141]    Payload keys: position, senderId, timestamp, chatUsername, type, chatText
2026-01-27 22:06:49.966 RedLemon[27213:513141] ✅ Realtime: Decoded message type: chat, sender: 96e01cdb-36c0-4228-a6e4-a29a3c66bc8e
2026-01-27 22:06:51.274 RedLemon[27213:512930] 📨 Realtime: Received broadcast message
2026-01-27 22:06:51.275 RedLemon[27213:512930]    Payload keys: type, senderId, position, timestamp, chatText, chatUsername
2026-01-27 22:06:51.279 RedLemon[27213:512930] ✅ Realtime: Decoded message type: chat, sender: 4aef4e1b-ba8e-4d31-8736-bca3b94f402b
2026-01-27 22:06:51.280 RedLemon[27213:512926] 🎬 Guest: Received LOBBY_START_COUNTDOWN signal
2026-01-27 22:06:51.281 RedLemon[27213:512926] 🎬 Guest: Received LOBBY_START_COUNTDOWN signal processing
2026-01-27 22:06:51.483 RedLemon[27213:512926] ✅ Guest: Synced stream info from Host (Hash: nil) - URL cleared for fresh unlock
2026-01-27 22:06:51.483 RedLemon[27213:512926] 🛡️ Guest: preResolvedStream cleared to force fresh RD link
2026-01-27 22:06:51.561 RedLemon[27213:512926] 📺 Guest: Set season/episode from DB (Realtime path): S1E1
2026-01-27 22:06:51.561 RedLemon[27213:512926] ⏱️ Step 3: Artificial Delay - Waiting additional 2.97s to ensure Host buffer...
2026-01-27 22:06:51.570 RedLemon[27213:512926] 📨 Lobby: Received Room UPDATE from Realtime
2026-01-27 22:06:52.543 RedLemon[27213:512930] 🔐 Signed request to /rpc/user_heartbeat
2026-01-27 22:06:54.551 RedLemon[27213:512930] 📨 Realtime: Received broadcast message
2026-01-27 22:06:54.551 RedLemon[27213:512930]    Payload keys: timestamp, chatUsername, chatText, type, position, senderId
2026-01-27 22:06:54.551 RedLemon[27213:512930] ✅ Realtime: Decoded message type: chat, sender: 4aef4e1b-ba8e-4d31-8736-bca3b94f402b
2026-01-27 22:06:54.552 RedLemon[27213:512926] 🎬 Guest: Launching player for The Beauty (Synced Start)
2026-01-27 22:06:54.552 RedLemon[27213:512926] 🤝 PlayerVM: Watch Party playback started. Preserving lobby session for handoff: U9P3
2026-01-27 22:06:54.634 RedLemon[27213:512926] 📡 Fetching metadata for tt33517752...
2026-01-27 22:06:54.755 RedLemon[27213:512926] 🎬 Guest: Fetch took 0.280s, finished countdown loop
2026-01-27 22:06:54.836 RedLemon[27213:512926] 🎬 PlayerVM: Using Playlist Metadata: S1E1
2026-01-27 22:06:54.837 RedLemon[27213:512926] 🔗 GUEST: Using title fallback for stream matching: The Beauty S01E01 Beautiful Pilot 1080p DSNP WEB-D
2026-01-27 22:06:54.842 RedLemon[27213:512932] 📝 [APP] 🧠 StreamService: Cache HIT for The Beauty (1080p). Skipping redundant resolution. ["file": "StreamService.swift", "level": "INFO", "line": "195"]
2026-01-27 22:06:54.962 RedLemon[27213:512926] 🛡️ MPVWrapper: Build Version: 2026-01-28-PRESENCE-FIX-v1
2026-01-27 22:06:55.120 RedLemon[27213:512926] ✅ Stream ready, starting playback...
2026-01-27 22:06:55.125 RedLemon[27213:512926] 🎬 Guest: Countdown finished. Waiting for Host PLAYBACK_STARTED signal...
2026-01-27 22:06:55.162 RedLemon[27213:512926] 🎬 MPVPlayerViewModel: Starting watch party: roomId=U9P3, isHost=false
📡 SocialService: Updated status - In Lobby: The Beauty: The Beauty
📡 Left channel: realtime:rooms_updates
✅ Lobby: Loaded metadata for The Beauty
✅ Lobby: Synced CLEAN stream info, metadata & playlist to AppState
📨 Unknown event: phx_close on realtime:rooms_updates
✅ Lobby: Refreshed room state. isPlaying: false
🛡️ Lobby: Ensuring local media state is fresh before auto-start check...
📺 Lobby: Synced season/episode: S1E1
🔌 Setting up Realtime channel: watch-party:U9P3
   Role: Guest
   User ID: 96e01cdb-36c0-4228-a6e4-a29a3c66bc8e
📡 Connection state: connected
📡 Connection state: connecting
📡 Joined channel: realtime:watch-party:U9P3 (interest count: 1)
📡 Connection state: connected
✅ Realtime channel setup complete
✅ Lobby: Connected to Realtime
🚦 Lobby State: connected
🔄 Lobby: Starting database polling for participants and room state...
💓 Lobby: Starting heartbeat loop...
🔄 LobbyDatabase: Starting room state polling for guests...
🔄 Lobby: Fetching fresh room state from Supabase...
✅ Lobby: Synced CLEAN stream info, metadata & playlist to AppState
⏰ AppState: Next schedule update set for Event End: 2026-01-28 03:58:34 +0000
⏰ AppState: Scheduling update in 3123 seconds
🛡️ Lobby: Auto-Join safety delay passed (8s). Enabled for late joiners.
🔄 Lobby: Fetching fresh room state from Supabase...
🔄 Lobby: Fetching fresh room state from Supabase...
⏰ AppState: Next schedule update set for Event End: 2026-01-28 03:58:34 +0000
⏰ AppState: Scheduling update in 3113 seconds
✅ Lobby: Synced CLEAN stream info, metadata & playlist to AppState
✅ Lobby: Synced CLEAN stream info, metadata & playlist to AppState
✅ Cache HIT: Metadata[meta_series_tt33517752]
[2026-01-28T03:06:42Z] [INFO] [StreamService.swift:199] 🎬 StreamService: Starting resolution for: The Beauty
🎬 StreamService: Resolving series - trusted pack filtering will be applied server-side
✅ MetadataService initialized
📡 Fetching metadata from TVMaze: https://api.tvmaze.com/lookup/shows?imdb=tt33517752
✅ Metadata fetched from TVMaze for tt33517752: The Beauty (2026)
🎯 Target title for matching: The Beauty
🛡️ StreamResolver: Loaded 8 blocked streams from blacklist
🔍 MediaFusion: Fetching https://mediafusion.elfhosted.com/stream/series/tt33517752:1:1.json
🔍 Comet: Fetching https://comet.elfhosted.com/eyJkZWJyaWRTZXJ2aWNlIjoicmVhbGRlYnJpZCIsInJlbW92ZVRyYXNoIjpmYWxzZSwiZGVi...
⚠️ MediaFusion: HTTP 418
✅ Comet: Got 1 streams
🔍 Comet: Parsing 1 streams...
⚠️ Comet: Skipping invalid redirect URL: https://comet.elfhosted.com/playback/2VJ9YDE9zl8ZLqiPD8tC9R6...
✅ Comet: Parsed 0 valid streams
📊 StreamResolver: Provider Stats: [debridsearch:25, torrentio:60]
   ✅ RESOLVER KEEPING correct-year series stream: The Beauty S01E01 2026 1080p DSNP WEB-DL DDP5 1 H 264-HHWEB
👤 63 💾 1.64 GB ⚙️ EZTV
   ✅ RESOLVER KEEPING correct-year series stream: Belleza.perfecta.S01E01.2026.WEB-DL.1080p-Dual-Lat
👤 9 💾 1.72 GB ⚙️ Cinecalidad
Dual Audio / 🇲🇽
   ✅ RESOLVER KEEPING correct-year series stream: The Beauty S01E01 2026 1080p DSNP WEB-DL DDP5 1 H 264-HHWEB
👤 2 💾 1.64 GB ⚙️ ThePirateBay
   ✅ RESOLVER KEEPING correct-year series stream: The Beauty S01E01-E03 720p FX - Primewire
The Beauty (2026) Season 1 Episode 1- Beautiful Pilot - PrimeWire.mp4
👤 51 💾 442.59 MB ⚙️ 1337x
   ✅ RESOLVER KEEPING correct-year series stream: The Beauty S01E01 FRENCH HDTV 2026
👤 1485 💾 271.11 MB ⚙️ Torrent9
🇫🇷
   ✅ RESOLVER KEEPING correct-year series stream: Красота / The Beauty / Сезон: 1 / Серии: 1-3 из 11 [2026 WEB-DLRip] MVO (HDrezka Studio) + Original
The.Beauty.S01.E01.Rus.Eng.RG.Anonymous.avi
👤 75 💾 641.32 MB ⚙️ Rutracker
🇬🇧 / 🇷🇺
   ✅ RESOLVER KEEPING correct-year series stream: The Beauty - Stagione 1 (2026) Ep.1 SD H264 Ita Aac 2.0 WEB-DLRip UBi
👤 7 💾 516.43 MB ⚙️ ilCorSaRoNeRo
🇮🇹
   ✅ RESOLVER KEEPING correct-year series stream: Красота / The Beauty / Сезон: 1 / Серии: 1-3 из 11 [2026 WEB-DL 1080p] 3x MVO + Original + Sub (Rus Eng)
The.Beauty.S01E01.1080p.DSNP.WEB-DL.H264.mkv
👤 189 💾 1.89 GB ⚙️ Rutracker
🇬🇧 / 🇷🇺
   ✅ RESOLVER KEEPING correct-year series stream: Красота / The Beauty / Сезон: 1 / Серии: 1-3 из 11 [2026 WEB-DL 1080p] 3x MVO + Original + Sub (Rus Eng)
The.Beauty.E01.WEB-DL.1080p.mkv
👤 1 💾 1.89 GB ⚙️ Rutracker
🇬🇧 / 🇷🇺
   ✅ RESOLVER KEEPING correct-year series stream: The Beauty S01E01 VOSTFR HDTV 2026
👤 145 💾 272.93 MB ⚙️ Torrent9
🇫🇷
   ✅ RESOLVER KEEPING correct-year series stream: The Beauty S01E01 2026 1080p DSNP WEB-DL DDP5 1 H 264-HHWEB[EZTVx.to].mkv
/The Beauty S01E01 2026 1080p DSNP WEB-DL DDP5 1 H 264-HHWEB[EZTVx.to].mkv
💾 1.64 GB
   🚫 RESOLVER BLOCKING AV1: The.Beauty.S01E01.1080p.AV1.10bit-MeGusta
👤 1 💾 286.81 MB ⚙️ ThePirateBay
   🚫 RESOLVER FILTERED AV1: 85 → 84 streams
   🚫 RESOLVER BLOCKING non-English audio: The Beauty [S01E01-E03] [MULTi] [2160p] [DSNP] [WEB-DL] [DV] [HDR] [H265] [DDP5.1-K83] [Lektor PL i Napisy PL]
The.Beauty.S01E01.MULTi.2160p.DSNP.WEB-DL.DV.HDR.H265.DDP5.1-K83.mkv
👤 14 💾 4.63 GB ⚙️ BestTorrents
Multi Audio / 🇬🇧 / 🇵🇱 (Audio)
   🚫 RESOLVER BLOCKING non-English audio: The Beauty [S01E01-E03] [MULTi] [1080p] [DSNP] [WEB-DL] [H264] [DDP5.1-K83] [Lektor PL i Napisy PL]
The.Beauty.S01E01.MULTi.1080p.DSNP.WEB-DL.H264.DDP5.1-K83.mkv
👤 28 💾 1.72 GB ⚙️ BestTorrents
Multi Audio / 🇬🇧 / 🇵🇱 (Audio)
   🚫 RESOLVER BLOCKING non-English audio: The Beauty [S01E01-E03] [MULTi] [720p] [DSNP] [WEB-DL] [H264] [DDP5.1-K83] [Lektor PL i Napisy PL]
The.Beauty.S01E01.MULTi.720p.DSNP.WEB-DL.H264.DDP5.1-K83.mkv
👤 7 💾 931.86 MB ⚙️ BestTorrents
Multi Audio / 🇬🇧 / 🇵🇱 (Audio)
   🚫 RESOLVER BLOCKING non-English audio: The Beauty S01E01 FRENCH HDTV 2026
👤 1485 💾 271.11 MB ⚙️ Torrent9
🇫🇷 (Audio)
   🚫 RESOLVER BLOCKING non-English audio: The Beauty [S01E01-E03] [MULTi] [2160p] [DSNP] [WEB-DL] [DV] [HDR] [H265] [DDP5.1-K83] [Lektor PL i Napisy PL]
The.Beauty.S01E01.MULTi.2160p.DSNP.WEB-DL.DV.HDR.H265.DDP5.1-K83.mkv
👤 3 💾 4.63 GB ⚙️ BestTorrents
Multi Audio / 🇬🇧 / 🇵🇱 (Audio)
   🚫 RESOLVER BLOCKING non-English audio: The Beauty [S01E01-E03] [MULTi] [1080p] [DSNP] [WEB-DL] [H264] [DDP5.1-K83] [Lektor PL i Napisy PL]
The.Beauty.S01E01.MULTi.1080p.DSNP.WEB-DL.H264.DDP5.1-K83.mkv
👤 3 💾 1.72 GB ⚙️ BestTorrents
Multi Audio / 🇬🇧 / 🇵🇱 (Audio)
   🚫 RESOLVER BLOCKING non-English audio: The Beauty [S01E01-E03] [MULTi] [720p] [DSNP] [WEB-DL] [H264] [DDP5.1-K83] [Lektor PL i Napisy PL]
The.Beauty.S01E01.MULTi.720p.DSNP.WEB-DL.H264.DDP5.1-K83.mkv
👤 2 💾 931.86 MB ⚙️ BestTorrents
Multi Audio / 🇬🇧 / 🇵🇱 (Audio)
   🚫 RESOLVER BLOCKING non-English audio: The Beauty S01E01 VOSTFR HDTV 2026
👤 145 💾 272.93 MB ⚙️ Torrent9
🇫🇷 (Audio)
   🎵 RESOLVER FILTERED audio language: 84 → 76 streams
   📺 Episode filter: 76 → 70 streams
🔍 Searching SubDL: tt33517752 (tv) S01E01
   ℹ️ Fallback Name: The Beauty (2025)
✅ Found 3 subtitles from SubDL (Primary)
   ⛔️ Dropped '[𝐂𝐨𝐟𝐟𝐞𝐞𝐏𝐫𝐢𝐬𝐨𝐧] 𝐓𝐇𝐄 𝐁𝐄𝐀𝐔𝐓𝐘 𝐒𝟎𝟏𝐄𝟎𝟐 𝐃𝐒𝐍𝐏 𝐖𝐄𝐁': Metadata mismatch (S1E2)
   ⛔️ Dropped '[𝐂𝐨𝐟𝐟𝐞𝐞𝐏𝐫𝐢𝐬𝐨𝐧] 𝐓𝐇𝐄 𝐁𝐄𝐀𝐔𝐓𝐘 𝐒𝟎𝟏𝐄𝟎𝟑 𝐃𝐒𝐍𝐏 𝐖𝐄𝐁': Metadata mismatch (S1E3)
⚠️ Low subtitle count (1). Attempting supplemental Name Search for 'The Beauty'...
🔍 Attempting API Name Search: The Beauty 2025
⚠️ Supplemental Name Search returned no match.
✅ StreamResolver: Processed subtitles for 70 streams (Attached to 70)
👑 Auto-promoting season pack: Красота / The Beauty / Сезон: 1 / Серии: 1-3 из 11 [2026 WEB-DLRip] MVO (HDrezka Studio) + Original
The.Beauty.S01.E01.Rus.Eng.RG.Anonymous.avi
👤 75 💾 641.32 MB ⚙️ Rutracker
🇬🇧 / 🇷🇺
   --- Processing Bucket: 2160p (Input: 4) ---
   ✅ Bucket 2160p Final Count: 4
   --- Processing Bucket: 1080p (Input: 44) ---
   ✅ Bucket 1080p Final Count: 44
   --- Processing Bucket: 720p (Input: 15) ---
   ✅ Bucket 720p Final Count: 15
   --- Processing Bucket: 480p (Input: 7) ---
   ✅ Bucket 480p Final Count: 7
📦 2160p Primary: The Beauty S01E01 Beautiful Pilot 2160p DSNP WEB-DL DDP5 1 DV H 265-FLUX
👤 5 💾 5.1 GB ⚙️ ThePirateBay
📦 1080p Primary: The Beauty S01E01 Beautiful Pilot 1080p DSNP WEB-DL DDP5 1 H 264-FLUX[EZTVx.to].mkv
/The Beauty S01E01 Beautiful Pilot 1080p DSNP WEB-DL DDP5 1 H 264-FLUX[EZTVx.to].mkv
💾 1.64 GB
📦 720p Primary: The Beauty S01E01 Beautiful Pilot 720p DSNP WEB-DL DDP5 1 H 264-FLUX
👤 110 💾 850.42 MB ⚙️ EZTV
✅ StreamResolver: Quality buckets ready
   ➕ Added 11 720p streams as backup
   ➕ Added 7 480p streams as backup
[2026-01-28T03:06:48Z] [INFO] [StreamService.swift:406] 📦 StreamService: Found 29 total streams to try (across all qualities)
✅ StreamService: Found 27 H.264 streams (Tier 1)
✅ StreamService: Found 24 'Clean' English streams. Deprioritizing 3 localized/dual streams.
📦 StreamService: 24 streams remain after size filter
🔄 StreamService: Trying stream 1/24: The Beauty S01E01 Beautiful Pilot 1080p DSNP WEB-DL DDP5 1 H 264-FLUX[EZTVx.to].mkv
/The Beauty S01E01 Beautiful Pilot 1080p DSNP WEB-DL DDP5 1 H 264-FLUX[EZTVx.to].mkv
💾 1.64 GB
🔍 StreamService: Resolving redirect URL: https://68d69db7dc40-debrid-search.baby-beamup.club/resolve/RealDebrid/K67JV2V4FTUA7RYN6T34BFIUBRUZERBO45A6UL3O7TE5ZHFDQQSA/TJUXAJR3MBR3E/https%3A%2F%2Freal-debrid.com%2Fd%2F2SF35E7WSIIQ2B09
✅ StreamService: Resolved to: https://chi7-4.download.real-debrid.com/d/IYRQIVTBT5FLU43/The%20Beauty%20S01E01%20Beautiful%20Pilot%201080p%20DSNP%20WEB-DL%20DDP5%201%20H%20264-FLUX%5BEZTVx.to%5D.mkv
⚡️ StreamService: Stream is already a direct URL. Skipping backend unlock.
✅ StreamService: Selected stream: The Beauty S01E01 Beautiful Pilot 1080p DSNP WEB-DL DDP5 1 H 264-FLUX[EZTVx.to].mkv
/The Beauty S01E01 Beautiful Pilot 1080p DSNP WEB-DL DDP5 1 H 264-FLUX[EZTVx.to].mkv
💾 1.64 GB
📊 Stream Size: 1.64 GB
📦 StreamService: Appending 5 fallback streams (alternate codecs)
📦 StreamService: Returning 28 candidate streams for fallback
🔄 Lobby: Fetching fresh room state from Supabase...
✅ Lobby: Synced CLEAN stream info, metadata & playlist to AppState
⏰ AppState: Next schedule update set for Event End: 2026-01-28 03:58:34 +0000
⏰ AppState: Scheduling update in 3103 seconds
✅ Cache HIT: Metadata[meta_series_tt33517752]
[2026-01-28T03:06:54Z] [INFO] [StreamService.swift:195] 🧠 StreamService: Cache HIT for The Beauty (1080p). Skipping redundant resolution.
!!! MPVWrapper initialized - Build Version: 2026-01-28-PRESENCE-FIX-v1 !!!
[ INFO ] GET /subtitles/subdl/L3N1YnRpdGxlLzM1NDQ4ODAtODQ2Njk4OC56aXA= [request-id: 49D5D397-86B1-4BF4-963B-1C4CC85B5432]
2026-01-27 22:06:55.209 RedLemon[27213:512926] 🛡️ Transition Sync: Processing 2 participants from AppState
2026-01-27 22:06:55.210 RedLemon[27213:512926] 🛡️ Transition Sync: Marked 2 users as transitioning
2026-01-27 22:06:55.210 RedLemon[27213:512926] 🛡️ Transition Sync: Inherited 1 refs for user 96e01cdb-36c0-4228-a6e4-a29a3c66bc8e
2026-01-27 22:06:55.210 RedLemon[27213:512926] 🛡️ Transition Sync: Inherited 1 refs for user 4aef4e1b-ba8e-4d31-8736-bca3b94f402b
2026-01-27 22:06:55.210 RedLemon[27213:512953] 📝 Realtime: Registered observer 'player' (Presence: YES, Sync: NO, Status: NO)
2026-01-27 22:06:55.212 RedLemon[27213:512932] 📝 Realtime: Unregistered observer 'lobby'
2026-01-27 22:06:55.212 RedLemon[27213:513229] 📝 Realtime: Unregistered observer 'lobby'
2026-01-27 22:06:55.218 RedLemon[27213:512929] 📝 [PLAYER] Resumed
2026-01-27 22:06:55.218 RedLemon[27213:513229] 📝 Realtime: Registered observer 'player' (Presence: NO, Sync: YES, Status: NO)
2026-01-27 22:06:55.275 RedLemon[27213:512929] 📝 [PLAYER] Load Video (Smart) ["url": "https://chi7-4.download.real-debrid.com/d/IYRQIVTBT5FLU43/The%20Beauty%20S01E01%20Beautiful%20Pilot%201080p%20DSNP%20WEB-DL%20DDP5%201%20H%20264-FLUX%5BEZTVx.to%5D.mkv"]
2026-01-27 22:06:55.447 RedLemon[27213:512953] 📝 [PLAYER] Playback State Changed ["state": "Paused"]
2026-01-27 22:06:55.447 RedLemon[27213:512953] 📝 [PLAYER] Buffering Started
2026-01-27 22:06:56.811 RedLemon[27213:512930] 📨 Realtime: Received broadcast message
2026-01-27 22:06:56.811 RedLemon[27213:512930]    Payload keys: timestamp, isPlaying, senderId, position, type
2026-01-27 22:06:56.812 RedLemon[27213:512930] ✅ Realtime: Decoded message type: playbackState, sender: 4AEF4E1B-BA8E-4D31-8736-BCA3B94F402B
2026-01-27 22:06:57.343 RedLemon[27213:512930] 📨 Realtime: Received broadcast message
2026-01-27 22:06:57.343 RedLemon[27213:512930]    Payload keys: timestamp, senderId, isPlaying, position, type
2026-01-27 22:06:57.344 RedLemon[27213:512930] ✅ Realtime: Decoded message type: ready, sender: 4aef4e1b-ba8e-4d31-8736-bca3b94f402b
2026-01-27 22:06:57.677 RedLemon[27213:512953] 📝 [PLAYER] File Loaded ["duration": "2687.435"]
2026-01-27 22:06:58.050 RedLemon[27213:512926] [VIDEO_READY] isEvent: false, eventStartTime: nil
2026-01-27 22:06:58.082 RedLemon[27213:512932] 📝 [PLAYER] Playback State Changed ["state": "Playing"]
2026-01-27 22:06:58.167 RedLemon[27213:513229] 📝 [PLAYER] Buffering State ["buffering": "true"]
2026-01-27 22:06:58.183 RedLemon[27213:513229] 📝 [PLAYER] Buffering Started
2026-01-27 22:06:58.808 RedLemon[27213:512953] 📨 Realtime: Received broadcast message
2026-01-27 22:06:58.808 RedLemon[27213:512953]    Payload keys: type, isPlaying, senderId, timestamp, position
2026-01-27 22:06:58.809 RedLemon[27213:512953] ✅ Realtime: Decoded message type: playbackState, sender: 4AEF4E1B-BA8E-4D31-8736-BCA3B94F402B
2026-01-27 22:06:59.371 RedLemon[27213:512932] 📨 Realtime: Received broadcast message
2026-01-27 22:06:59.371 RedLemon[27213:512932]    Payload keys: senderId, position, timestamp, isPlaying, type
2026-01-27 22:06:59.372 RedLemon[27213:512932] ✅ Realtime: Decoded message type: ready, sender: 4aef4e1b-ba8e-4d31-8736-bca3b94f402b
2026-01-27 22:06:59.404 RedLemon[27213:512953] 📝 [PLAYER] Buffering State ["buffering": "false"]
2026-01-27 22:07:00.227 RedLemon[27213:512932] 📤 Realtime: Sending message type: ready, sender: 96e01cdb-36c0-4228-a6e4-a29a3c66bc8e
2026-01-27 22:07:00.228 RedLemon[27213:512932]    Payload keys: senderId, position, timestamp, isPlaying, type
2026-01-27 22:07:00.229 RedLemon[27213:512932] ✅ Realtime: Message broadcast complete
2026-01-27 22:07:00.239 RedLemon[27213:512932] 📝 [PLAYER] Playback State Changed ["state": "Paused"]
2026-01-27 22:07:00.368 RedLemon[27213:512932] 📨 Realtime: Received broadcast message
2026-01-27 22:07:00.368 RedLemon[27213:512932]    Payload keys: senderId, isPlaying, position, type, timestamp
2026-01-27 22:07:00.368 RedLemon[27213:512932] ✅ Realtime: Decoded message type: ready, sender: 96e01cdb-36c0-4228-a6e4-a29a3c66bc8e
2026-01-27 22:07:00.804 RedLemon[27213:513140] 📨 Realtime: Received broadcast message
2026-01-27 22:07:00.804 RedLemon[27213:513140]    Payload keys: senderId, type, timestamp, position, isPlaying
2026-01-27 22:07:00.805 RedLemon[27213:513140] ✅ Realtime: Decoded message type: playbackState, sender: 4AEF4E1B-BA8E-4D31-8736-BCA3B94F402B
2026-01-27 22:07:01.334 RedLemon[27213:512930] 📨 Realtime: Received broadcast message
2026-01-27 22:07:01.334 RedLemon[27213:512930]    Payload keys: position, type, timestamp, isPlaying, senderId
2026-01-27 22:07:01.335 RedLemon[27213:512930] ✅ Realtime: Decoded message type: ready, sender: 4aef4e1b-ba8e-4d31-8736-bca3b94f402b
2026-01-27 22:07:01.542 RedLemon[27213:513140] 📨 Realtime: Received broadcast message
2026-01-27 22:07:01.543 RedLemon[27213:513140]    Payload keys: position, timestamp, type, isPlaying, senderId
2026-01-27 22:07:01.543 RedLemon[27213:513140] ✅ Realtime: Decoded message type: play, sender: 4aef4e1b-ba8e-4d31-8736-bca3b94f402b
2026-01-27 22:07:01.563 RedLemon[27213:513140] 📝 [PLAYER] Playback State Changed ["state": "Playing"]
2026-01-27 22:07:02.630 RedLemon[27213:513229] 📨 Realtime: Received broadcast message
2026-01-27 22:07:02.630 RedLemon[27213:513229]    Payload keys: timestamp, position, isPlaying, senderId, type
2026-01-27 22:07:02.631 RedLemon[27213:513229] ✅ Realtime: Decoded message type: play, sender: 4aef4e1b-ba8e-4d31-8736-bca3b94f402b
2026-01-27 22:07:02.930 RedLemon[27213:512953] 📨 Realtime: Received broadcast message
2026-01-27 22:07:02.930 RedLemon[27213:512953]    Payload keys: position, senderId, isPlaying, timestamp, type
2026-01-27 22:07:02.930 RedLemon[27213:512953] ✅ Realtime: Decoded message type: playbackState, sender: 4AEF4E1B-BA8E-4D31-8736-BCA3B94F402B
2026-01-27 22:07:04.893 RedLemon[27213:512953] 📨 Realtime: Received broadcast message
2026-01-27 22:07:04.893 RedLemon[27213:512953]    Payload keys: isPlaying, timestamp, type, position, senderId
2026-01-27 22:07:04.894 RedLemon[27213:512953] ✅ Realtime: Decoded message type: playbackState, sender: 4AEF4E1B-BA8E-4D31-8736-BCA3B94F402B
2026-01-27 22:07:04.921 RedLemon[27213:512926] 📨 Lobby: Received Room UPDATE from Realtime
2026-01-27 22:07:04.966 RedLemon[27213:512926] 📨 Lobby: Received Room UPDATE from Realtime
2026-01-27 22:07:05.257 RedLemon[27213:513140] 🔐 SupabaseClient: Signing Identity Payload: '176956962596e01cdb-36c0-4228-a6e4-a29a3c66bc8e/rpc/room_heartbeat'
2026-01-27 22:07:05.258 RedLemon[27213:513140] 🔐 Signed request to /rpc/room_heartbeat
2026-01-27 22:07:05.384 RedLemon[27213:512930] 🔐 SupabaseClient: Signing Identity Payload: '176956962596e01cdb-36c0-4228-a6e4-a29a3c66bc8e/rpc/room_heartbeat'
2026-01-27 22:07:05.385 RedLemon[27213:512930] 🔐 Signed request to /rpc/room_heartbeat
2026-01-27 22:07:05.465 RedLemon[27213:512926] 📨 Lobby: Received Room UPDATE from Realtime
2026-01-27 22:07:05.588 RedLemon[27213:512926] 📨 Lobby: Received Room UPDATE from Realtime
2026-01-27 22:07:06.856 RedLemon[27213:512953] 📨 Realtime: Received broadcast message
2026-01-27 22:07:06.856 RedLemon[27213:512953]    Payload keys: position, isPlaying, senderId, timestamp, type
2026-01-27 22:07:06.856 RedLemon[27213:512953] ✅ Realtime: Decoded message type: playbackState, sender: 4AEF4E1B-BA8E-4D31-8736-BCA3B94F402B
2026-01-27 22:07:08.897 RedLemon[27213:512930] 📨 Realtime: Received broadcast message
2026-01-27 22:07:08.897 RedLemon[27213:512930]    Payload keys: isPlaying, senderId, timestamp, position, type
2026-01-27 22:07:08.898 RedLemon[27213:512930] ✅ Realtime: Decoded message type: playbackState, sender: 4AEF4E1B-BA8E-4D31-8736-BCA3B94F402B
2026-01-27 22:07:10.904 RedLemon[27213:513141] 📨 Realtime: Received broadcast message
2026-01-27 22:07:10.904 RedLemon[27213:513141]    Payload keys: isPlaying, type, position, senderId, timestamp
2026-01-27 22:07:10.905 RedLemon[27213:513141] ✅ Realtime: Decoded message type: playbackState, sender: 4AEF4E1B-BA8E-4D31-8736-BCA3B94F402B
2026-01-27 22:07:12.907 RedLemon[27213:512929] 📨 Realtime: Received broadcast message
2026-01-27 22:07:12.907 RedLemon[27213:512929]    Payload keys: isPlaying, timestamp, senderId, position, type
2026-01-27 22:07:12.907 RedLemon[27213:512929] ✅ Realtime: Decoded message type: playbackState, sender: 4AEF4E1B-BA8E-4D31-8736-BCA3B94F402B
2026-01-27 22:07:14.951 RedLemon[27213:512929] 📨 Realtime: Received broadcast message
2026-01-27 22:07:14.951 RedLemon[27213:512929]    Payload keys: senderId, type, position, timestamp, isPlaying
2026-01-27 22:07:14.952 RedLemon[27213:512929] ✅ Realtime: Decoded message type: playbackState, sender: 4AEF4E1B-BA8E-4D31-8736-BCA3B94F402B
2026-01-27 22:07:15.055 RedLemon[27213:512926] 📨 Lobby: Received Room UPDATE from Realtime
2026-01-27 22:07:16.976 RedLemon[27213:513141] 📨 Realtime: Received broadcast message
2026-01-27 22:07:16.976 RedLemon[27213:513141]    Payload keys: position, isPlaying, timestamp, type, senderId
2026-01-27 22:07:16.976 RedLemon[27213:513141] ✅ Realtime: Decoded message type: playbackState, sender: 4AEF4E1B-BA8E-4D31-8736-BCA3B94F402B
2026-01-27 22:07:17.854 RedLemon[27213:513141] 🔐 Signed request to /rpc/user_heartbeat
2026-01-27 22:07:18.922 RedLemon[27213:513140] 📨 Realtime: Received broadcast message
2026-01-27 22:07:18.922 RedLemon[27213:513140]    Payload keys: type, position, isPlaying, senderId, timestamp
2026-01-27 22:07:18.922 RedLemon[27213:513140] ✅ Realtime: Decoded message type: playbackState, sender: 4AEF4E1B-BA8E-4D31-8736-BCA3B94F402B
2026-01-27 22:07:20.874 RedLemon[27213:512929] 📨 Realtime: Received broadcast message
2026-01-27 22:07:20.874 RedLemon[27213:512929]    Payload keys: position, senderId, timestamp, type, isPlaying
2026-01-27 22:07:20.874 RedLemon[27213:512929] ✅ Realtime: Decoded message type: playbackState, sender: 4AEF4E1B-BA8E-4D31-8736-BCA3B94F402B
2026-01-27 22:07:22.915 RedLemon[27213:512929] 📨 Realtime: Received broadcast message
2026-01-27 22:07:22.915 RedLemon[27213:512929]    Payload keys: type, timestamp, senderId, position, isPlaying
2026-01-27 22:07:22.916 RedLemon[27213:512929] ✅ Realtime: Decoded message type: playbackState, sender: 4AEF4E1B-BA8E-4D31-8736-BCA3B94F402B
2026-01-27 22:07:24.964 RedLemon[27213:513140] 📨 Realtime: Received broadcast message
2026-01-27 22:07:24.964 RedLemon[27213:513140]    Payload keys: type, senderId, timestamp, position, isPlaying
2026-01-27 22:07:24.965 RedLemon[27213:513140] ✅ Realtime: Decoded message type: playbackState, sender: 4AEF4E1B-BA8E-4D31-8736-BCA3B94F402B
2026-01-27 22:07:25.026 RedLemon[27213:512926] 📨 Lobby: Received Room UPDATE from Realtime
2026-01-27 22:07:26.910 RedLemon[27213:512930] 📨 Realtime: Received broadcast message
2026-01-27 22:07:26.910 RedLemon[27213:512930]    Payload keys: isPlaying, timestamp, position, type, senderId
2026-01-27 22:07:26.910 RedLemon[27213:512930] ✅ Realtime: Decoded message type: playbackState, sender: 4AEF4E1B-BA8E-4D31-8736-BCA3B94F402B
2026-01-27 22:07:28.278 RedLemon[27213:512930] 🔐 Signed request to /rpc/upsert_watch_history_item
2026-01-27 22:07:28.957 RedLemon[27213:513229] 📨 Realtime: Received broadcast message
2026-01-27 22:07:28.957 RedLemon[27213:513229]    Payload keys: senderId, type, isPlaying, timestamp, position
2026-01-27 22:07:28.958 RedLemon[27213:513229] ✅ Realtime: Decoded message type: playbackState, sender: 4AEF4E1B-BA8E-4D31-8736-BCA3B94F402B
2026-01-27 22:07:31.008 RedLemon[27213:513140] 📨 Realtime: Received broadcast message
2026-01-27 22:07:31.008 RedLemon[27213:513140]    Payload keys: senderId, isPlaying, timestamp, position, type
2026-01-27 22:07:31.008 RedLemon[27213:513140] ✅ Realtime: Decoded message type: playbackState, sender: 4AEF4E1B-BA8E-4D31-8736-BCA3B94F402B
2026-01-27 22:07:32.951 RedLemon[27213:513140] 📨 Realtime: Received broadcast message
2026-01-27 22:07:32.951 RedLemon[27213:513140]    Payload keys: type, timestamp, position, senderId, isPlaying
2026-01-27 22:07:32.952 RedLemon[27213:513140] ✅ Realtime: Decoded message type: playbackState, sender: 4AEF4E1B-BA8E-4D31-8736-BCA3B94F402B
2026-01-27 22:07:34.889 RedLemon[27213:513140] 📨 Realtime: Received broadcast message
2026-01-27 22:07:34.889 RedLemon[27213:513140]    Payload keys: position, timestamp, isPlaying, senderId, type
2026-01-27 22:07:34.889 RedLemon[27213:513140] ✅ Realtime: Decoded message type: playbackState, sender: 4AEF4E1B-BA8E-4D31-8736-BCA3B94F402B
2026-01-27 22:07:34.993 RedLemon[27213:512926] 📨 Lobby: Received Room UPDATE from Realtime
2026-01-27 22:07:35.243 RedLemon[27213:512926] 📨 Lobby: Received Room UPDATE from Realtime
2026-01-27 22:07:35.454 RedLemon[27213:513141] 🔐 SupabaseClient: Signing Identity Payload: '176956965596e01cdb-36c0-4228-a6e4-a29a3c66bc8e/rpc/room_heartbeat'
2026-01-27 22:07:35.456 RedLemon[27213:513141] 🔐 Signed request to /rpc/room_heartbeat
📄 Subtitle request: L3N1YnRpdGxlLzM1NDQ4... (offset: 0ms)
📥 Downloading subtitle from SubDL CDN: /subtitle/3544880-8466988.zip
ℹ️ RealtimeChannelManager: Already setup for room U9P3, filtering duplicate setup call.
📡 Connection state: connected
✅ Cache HIT: Metadata[meta_series_tt33517752]
📡 SocialService: Updated status - online: The Beauty - S01E01: Beautiful Pilot
⏰ AppState: Next schedule update set for Event End: 2026-01-28 03:58:34 +0000
⏰ AppState: Scheduling update in 3099 seconds
✅ Download complete: 30875 bytes
📦 Detected ZIP archive, extracting...
🔍 Looking for S%02dE%02d in zip (%d files)... 1 1 2
✅ Found matching file in zip (Strategy 2 - Pattern s01e01): [CoffeePrison] THE BEAUTY S01E01 DSNP WEB ENG.srt
📦 Extracting specific file: \[CoffeePrison\] THE BEAUTY S01E01 DSNP WEB ENG.srt
✅ Extraction successful
✅ Subtitle downloaded and converted to VTT
⏰ AppState: Next schedule update set for Event End: 2026-01-28 03:58:34 +0000
⏰ AppState: Scheduling update in 3093 seconds
🔄 Lobby: Fetching fresh room state from Supabase...
🔄 Lobby: Fetching fresh room state from Supabase...
✅ Lobby: Synced CLEAN stream info, metadata & playlist to AppState
✅ Lobby: Synced CLEAN stream info, metadata & playlist to AppState
🔄 Lobby: Fetching fresh room state from Supabase...
🔄 Lobby: Fetching fresh room state from Supabase...
✅ Lobby: Synced CLEAN stream info, metadata & playlist to AppState
✅ Lobby: Synced CLEAN stream info, metadata & playlist to AppState
⏰ AppState: Next schedule update set for Event End: 2026-01-28 03:58:34 +0000
⏰ AppState: Scheduling update in 3083 seconds
🔄 Lobby: Fetching fresh room state from Supabase...
✅ Lobby: Synced CLEAN stream info, metadata & playlist to AppState
📡 [EventsConfig] Checking server for movie_events config version...
✅ [EventsConfig] Fetched movie_events version 1586 with 397 movies
✅ [EventsConfig] Using cached movie_events config (version 1586, 397 movies)
⏰ AppState: Next schedule update set for Event End: 2026-01-28 03:58:34 +0000
⏰ AppState: Scheduling update in 3073 seconds
🔄 Lobby: Fetching fresh room state from Supabase...
✅ Lobby: Synced CLEAN stream info, metadata & playlist to AppState
⏰ AppState: Next schedule update set for Event End: 2026-01-28 03:58:34 +0000
⏰ AppState: Scheduling update in 3063 seconds
🔄 Lobby: Fetching fresh room state from Supabase...
✅ Lobby: Synced CLEAN stream info, metadata & playlist to AppState
🔄 Lobby: Fetching fresh room state from Supabase...
